[2025-08-08T15:20:46.327+0000][7][gc,init] CardTable entry size: 512
[2025-08-08T15:20:46.328+0000][7][gc     ] Using G1
[2025-08-08T15:20:46.464+0000][7][gc,init] Version: 22.0.2+9-70 (release)
[2025-08-08T15:20:46.464+0000][7][gc,init] CPUs: 8 total, 8 available
[2025-08-08T15:20:46.464+0000][7][gc,init] Memory: 2048M
[2025-08-08T15:20:46.464+0000][7][gc,init] Large Page Support: Disabled
[2025-08-08T15:20:46.464+0000][7][gc,init] NUMA Support: Disabled
[2025-08-08T15:20:46.464+0000][7][gc,init] Compressed Oops: Enabled (32-bit)
[2025-08-08T15:20:46.464+0000][7][gc,init] Heap Region Size: 4M
[2025-08-08T15:20:46.464+0000][7][gc,init] Heap Min Capacity: 1G
[2025-08-08T15:20:46.464+0000][7][gc,init] Heap Initial Capacity: 1G
[2025-08-08T15:20:46.464+0000][7][gc,init] Heap Max Capacity: 1G
[2025-08-08T15:20:46.464+0000][7][gc,init] Pre-touch: Enabled
[2025-08-08T15:20:46.464+0000][7][gc,init] Parallel Workers: 8
[2025-08-08T15:20:46.464+0000][7][gc,init] Concurrent Workers: 2
[2025-08-08T15:20:46.464+0000][7][gc,init] Concurrent Refinement Workers: 8
[2025-08-08T15:20:46.464+0000][7][gc,init] Periodic GC: Disabled
[2025-08-08T15:20:46.480+0000][7][gc,metaspace] CDS archive(s) mapped at: [0x0000752ee2000000-0x0000752ee2c78000-0x0000752ee2c78000), size 13074432, SharedBaseAddress: 0x0000752ee2000000, ArchiveRelocationMode: 1.
[2025-08-08T15:20:46.480+0000][7][gc,metaspace] Compressed class space mapped at: 0x0000752ee3000000-0x0000752f23000000, reserved size: 1073741824
[2025-08-08T15:20:46.480+0000][7][gc,metaspace] Narrow klass base: 0x0000752ee2000000, Narrow klass shift: 0, Narrow klass range: 0x100000000
[2025-08-08T15:20:47.018+0000][7][safepoint   ] Safepoint "ICBufferFull", Time since last: 533147646 ns, Reaching safepoint: 5139 ns, Cleanup: 211888 ns, At safepoint: 45136 ns, Total: 262163 ns
[2025-08-08T15:20:47.711+0000][7][safepoint   ] Safepoint "ICBufferFull", Time since last: 691189854 ns, Reaching safepoint: 1093965 ns, Cleanup: 119815 ns, At safepoint: 52405 ns, Total: 1266185 ns
[2025-08-08T15:20:47.907+0000][7][gc,start    ] GC(0) Pause Young (Normal) (G1 Evacuation Pause)
[2025-08-08T15:20:47.907+0000][7][gc,task     ] GC(0) Using 8 workers of 8 for evacuation
[2025-08-08T15:20:47.907+0000][7][gc,age      ] GC(0) Desired survivor size 4194304 bytes, new threshold 15 (max threshold 15)
[2025-08-08T15:20:47.913+0000][7][gc,phases   ] GC(0)   Pre Evacuate Collection Set: 0.41ms
[2025-08-08T15:20:47.913+0000][7][gc,phases   ] GC(0)   Merge Heap Roots: 0.15ms
[2025-08-08T15:20:47.913+0000][7][gc,phases   ] GC(0)   Evacuate Collection Set: 3.68ms
[2025-08-08T15:20:47.913+0000][7][gc,phases   ] GC(0)   Post Evacuate Collection Set: 1.62ms
[2025-08-08T15:20:47.913+0000][7][gc,phases   ] GC(0)   Other: 0.15ms
[2025-08-08T15:20:47.913+0000][7][gc,age      ] GC(0) Age table with threshold 15 (max threshold 15)
[2025-08-08T15:20:47.913+0000][7][gc,age      ] GC(0) - age   1:    6419936 bytes,    6419936 total
[2025-08-08T15:20:47.913+0000][7][gc,heap     ] GC(0) Eden regions: 12->0(11)
[2025-08-08T15:20:47.913+0000][7][gc,heap     ] GC(0) Survivor regions: 0->2(2)
[2025-08-08T15:20:47.913+0000][7][gc,heap     ] GC(0) Old regions: 1->1
[2025-08-08T15:20:47.913+0000][7][gc,heap     ] GC(0) Humongous regions: 0->0
[2025-08-08T15:20:47.913+0000][7][gc,metaspace] GC(0) Metaspace: 12543K(12864K)->12543K(12864K) NonClass: 11019K(11200K)->11019K(11200K) Class: 1523K(1664K)->1523K(1664K)
[2025-08-08T15:20:47.913+0000][7][gc          ] GC(0) Pause Young (Normal) (G1 Evacuation Pause) 49M->7M(1024M) 6.313ms
[2025-08-08T15:20:47.913+0000][7][gc,cpu      ] GC(0) User=0.02s Sys=0.01s Real=0.00s
[2025-08-08T15:20:47.913+0000][7][safepoint   ] Safepoint "G1CollectForAllocation", Time since last: 195207490 ns, Reaching safepoint: 859002 ns, Cleanup: 58199 ns, At safepoint: 6401820 ns, Total: 7319021 ns
[2025-08-08T15:20:48.581+0000][7][safepoint   ] Safepoint "ICBufferFull", Time since last: 667287313 ns, Reaching safepoint: 497208 ns, Cleanup: 189861 ns, At safepoint: 72227 ns, Total: 759296 ns
[2025-08-08T15:20:48.747+0000][7][gc,start    ] GC(1) Pause Young (Normal) (G1 Evacuation Pause)
[2025-08-08T15:20:48.747+0000][7][gc,task     ] GC(1) Using 8 workers of 8 for evacuation
[2025-08-08T15:20:48.747+0000][7][gc,age      ] GC(1) Desired survivor size 4194304 bytes, new threshold 1 (max threshold 15)
[2025-08-08T15:20:48.754+0000][7][gc,phases   ] GC(1)   Pre Evacuate Collection Set: 0.32ms
[2025-08-08T15:20:48.754+0000][7][gc,phases   ] GC(1)   Merge Heap Roots: 0.18ms
[2025-08-08T15:20:48.754+0000][7][gc,phases   ] GC(1)   Evacuate Collection Set: 4.86ms
[2025-08-08T15:20:48.754+0000][7][gc,phases   ] GC(1)   Post Evacuate Collection Set: 1.58ms
[2025-08-08T15:20:48.754+0000][7][gc,phases   ] GC(1)   Other: 0.11ms
[2025-08-08T15:20:48.754+0000][7][gc,age      ] GC(1) Age table with threshold 1 (max threshold 15)
[2025-08-08T15:20:48.754+0000][7][gc,age      ] GC(1) - age   1:    1391888 bytes,    1391888 total
[2025-08-08T15:20:48.754+0000][7][gc,heap     ] GC(1) Eden regions: 11->0(24)
[2025-08-08T15:20:48.754+0000][7][gc,heap     ] GC(1) Survivor regions: 2->1(2)
[2025-08-08T15:20:48.754+0000][7][gc,heap     ] GC(1) Old regions: 1->3
[2025-08-08T15:20:48.754+0000][7][gc,heap     ] GC(1) Humongous regions: 0->0
[2025-08-08T15:20:48.754+0000][7][gc,metaspace] GC(1) Metaspace: 15900K(16256K)->15900K(16256K) NonClass: 14045K(14208K)->14045K(14208K) Class: 1854K(2048K)->1854K(2048K)
[2025-08-08T15:20:48.754+0000][7][gc          ] GC(1) Pause Young (Normal) (G1 Evacuation Pause) 51M->9M(1024M) 7.258ms
[2025-08-08T15:20:48.754+0000][7][gc,cpu      ] GC(1) User=0.02s Sys=0.01s Real=0.00s
[2025-08-08T15:20:48.755+0000][7][safepoint   ] Safepoint "G1CollectForAllocation", Time since last: 165934932 ns, Reaching safepoint: 4482 ns, Cleanup: 50281 ns, At safepoint: 7356257 ns, Total: 7411020 ns
[2025-08-08T15:20:49.284+0000][7][gc,start    ] GC(2) Pause Young (Normal) (G1 Evacuation Pause)
[2025-08-08T15:20:49.284+0000][7][gc,task     ] GC(2) Using 8 workers of 8 for evacuation
[2025-08-08T15:20:49.284+0000][7][gc,age      ] GC(2) Desired survivor size 8388608 bytes, new threshold 15 (max threshold 15)
[2025-08-08T15:20:49.301+0000][7][gc,phases   ] GC(2)   Pre Evacuate Collection Set: 2.01ms
[2025-08-08T15:20:49.301+0000][7][gc,phases   ] GC(2)   Merge Heap Roots: 0.26ms
[2025-08-08T15:20:49.301+0000][7][gc,phases   ] GC(2)   Evacuate Collection Set: 8.87ms
[2025-08-08T15:20:49.301+0000][7][gc,phases   ] GC(2)   Post Evacuate Collection Set: 6.00ms
[2025-08-08T15:20:49.301+0000][7][gc,phases   ] GC(2)   Other: 0.13ms
[2025-08-08T15:20:49.301+0000][7][gc,age      ] GC(2) Age table with threshold 15 (max threshold 15)
[2025-08-08T15:20:49.301+0000][7][gc,age      ] GC(2) - age   1:    2653704 bytes,    2653704 total
[2025-08-08T15:20:49.301+0000][7][gc,age      ] GC(2) - age   2:    1356896 bytes,    4010600 total
[2025-08-08T15:20:49.301+0000][7][gc,heap     ] GC(2) Eden regions: 24->0(151)
[2025-08-08T15:20:49.301+0000][7][gc,heap     ] GC(2) Survivor regions: 1->2(4)
[2025-08-08T15:20:49.301+0000][7][gc,heap     ] GC(2) Old regions: 3->3
[2025-08-08T15:20:49.301+0000][7][gc,heap     ] GC(2) Humongous regions: 0->0
[2025-08-08T15:20:49.301+0000][7][gc,metaspace] GC(2) Metaspace: 17956K(18304K)->17956K(18304K) NonClass: 15853K(16000K)->15853K(16000K) Class: 2102K(2304K)->2102K(2304K)
[2025-08-08T15:20:49.301+0000][7][gc          ] GC(2) Pause Young (Normal) (G1 Evacuation Pause) 105M->11M(1024M) 17.522ms
[2025-08-08T15:20:49.301+0000][7][gc,cpu      ] GC(2) User=0.02s Sys=0.01s Real=0.02s
[2025-08-08T15:20:49.301+0000][7][safepoint   ] Safepoint "G1CollectForAllocation", Time since last: 528042267 ns, Reaching safepoint: 6142 ns, Cleanup: 1040489 ns, At safepoint: 17710336 ns, Total: 18756967 ns
[2025-08-08T15:20:50.565+0000][7][safepoint   ] Safepoint "Cleanup", Time since last: 1263836563 ns, Reaching safepoint: 6267 ns, Cleanup: 104614 ns, At safepoint: 10102 ns, Total: 120983 ns
[2025-08-08T15:20:51.058+0000][7][gc,start    ] GC(3) Pause Young (Normal) (G1 Evacuation Pause)
[2025-08-08T15:20:51.058+0000][7][gc,task     ] GC(3) Using 8 workers of 8 for evacuation
[2025-08-08T15:20:51.058+0000][7][gc,age      ] GC(3) Desired survivor size 41943040 bytes, new threshold 15 (max threshold 15)
[2025-08-08T15:20:51.063+0000][7][gc,phases   ] GC(3)   Pre Evacuate Collection Set: 0.33ms
[2025-08-08T15:20:51.063+0000][7][gc,phases   ] GC(3)   Merge Heap Roots: 0.14ms
[2025-08-08T15:20:51.063+0000][7][gc,phases   ] GC(3)   Evacuate Collection Set: 3.20ms
[2025-08-08T15:20:51.063+0000][7][gc,phases   ] GC(3)   Post Evacuate Collection Set: 1.32ms
[2025-08-08T15:20:51.063+0000][7][gc,phases   ] GC(3)   Other: 0.17ms
[2025-08-08T15:20:51.063+0000][7][gc,age      ] GC(3) Age table with threshold 15 (max threshold 15)
[2025-08-08T15:20:51.063+0000][7][gc,age      ] GC(3) - age   1:    6141816 bytes,    6141816 total
[2025-08-08T15:20:51.063+0000][7][gc,age      ] GC(3) - age   2:    1752648 bytes,    7894464 total
[2025-08-08T15:20:51.063+0000][7][gc,age      ] GC(3) - age   3:    1355432 bytes,    9249896 total
[2025-08-08T15:20:51.063+0000][7][gc,heap     ] GC(3) Eden regions: 151->0(150)
[2025-08-08T15:20:51.063+0000][7][gc,heap     ] GC(3) Survivor regions: 2->3(20)
[2025-08-08T15:20:51.063+0000][7][gc,heap     ] GC(3) Old regions: 3->3
[2025-08-08T15:20:51.063+0000][7][gc,heap     ] GC(3) Humongous regions: 0->0
[2025-08-08T15:20:51.063+0000][7][gc,metaspace] GC(3) Metaspace: 20019K(20544K)->20019K(20544K) NonClass: 17599K(17920K)->17599K(17920K) Class: 2419K(2624K)->2419K(2624K)
[2025-08-08T15:20:51.063+0000][7][gc          ] GC(3) Pause Young (Normal) (G1 Evacuation Pause) 615M->16M(1024M) 5.444ms
[2025-08-08T15:20:51.063+0000][7][gc,cpu      ] GC(3) User=0.01s Sys=0.01s Real=0.00s
[2025-08-08T15:20:51.063+0000][7][safepoint   ] Safepoint "G1CollectForAllocation", Time since last: 492533011 ns, Reaching safepoint: 4303 ns, Cleanup: 40450 ns, At safepoint: 5536019 ns, Total: 5580772 ns
[2025-08-08T15:20:51.740+0000][7][gc,start    ] GC(4) Pause Young (Concurrent Start) (Metadata GC Threshold)
[2025-08-08T15:20:51.740+0000][7][gc,task     ] GC(4) Using 8 workers of 8 for evacuation
[2025-08-08T15:20:51.740+0000][7][gc,age      ] GC(4) Desired survivor size 41943040 bytes, new threshold 15 (max threshold 15)
[2025-08-08T15:20:51.750+0000][7][gc,phases   ] GC(4)   Pre Evacuate Collection Set: 0.35ms
[2025-08-08T15:20:51.750+0000][7][gc,phases   ] GC(4)   Merge Heap Roots: 0.11ms
[2025-08-08T15:20:51.750+0000][7][gc,phases   ] GC(4)   Evacuate Collection Set: 8.60ms
[2025-08-08T15:20:51.750+0000][7][gc,phases   ] GC(4)   Post Evacuate Collection Set: 1.04ms
[2025-08-08T15:20:51.750+0000][7][gc,phases   ] GC(4)   Other: 0.14ms
[2025-08-08T15:20:51.750+0000][7][gc,age      ] GC(4) Age table with threshold 15 (max threshold 15)
[2025-08-08T15:20:51.751+0000][7][gc,age      ] GC(4) - age   1:    1850960 bytes,    1850960 total
[2025-08-08T15:20:51.751+0000][7][gc,age      ] GC(4) - age   2:    6119576 bytes,    7970536 total
[2025-08-08T15:20:51.751+0000][7][gc,age      ] GC(4) - age   3:    1751304 bytes,    9721840 total
[2025-08-08T15:20:51.751+0000][7][gc,age      ] GC(4) - age   4:    1355432 bytes,   11077272 total
[2025-08-08T15:20:51.751+0000][7][gc,heap     ] GC(4) Eden regions: 90->0(150)
[2025-08-08T15:20:51.751+0000][7][gc,heap     ] GC(4) Survivor regions: 3->3(20)
[2025-08-08T15:20:51.751+0000][7][gc,heap     ] GC(4) Old regions: 3->3
[2025-08-08T15:20:51.751+0000][7][gc,heap     ] GC(4) Humongous regions: 0->0
[2025-08-08T15:20:51.751+0000][7][gc,metaspace] GC(4) Metaspace: 21020K(21504K)->21020K(21504K) NonClass: 18456K(18752K)->18456K(18752K) Class: 2563K(2752K)->2563K(2752K)
[2025-08-08T15:20:51.751+0000][7][gc          ] GC(4) Pause Young (Concurrent Start) (Metadata GC Threshold) 374M->18M(1024M) 10.481ms
[2025-08-08T15:20:51.751+0000][7][gc,cpu      ] GC(4) User=0.03s Sys=0.01s Real=0.01s
[2025-08-08T15:20:51.751+0000][7][gc          ] GC(5) Concurrent Mark Cycle
[2025-08-08T15:20:51.751+0000][7][gc,marking  ] GC(5) Concurrent Scan Root Regions
[2025-08-08T15:20:51.751+0000][7][safepoint   ] Safepoint "CollectForMetadataAllocation", Time since last: 676606774 ns, Reaching safepoint: 4240 ns, Cleanup: 49224 ns, At safepoint: 10728577 ns, Total: 10782041 ns
[2025-08-08T15:20:51.754+0000][7][gc,marking  ] GC(5) Concurrent Scan Root Regions 3.414ms
[2025-08-08T15:20:51.754+0000][7][gc,marking  ] GC(5) Concurrent Mark
[2025-08-08T15:20:51.754+0000][7][gc,marking  ] GC(5) Concurrent Mark From Roots
[2025-08-08T15:20:51.754+0000][7][gc,task     ] GC(5) Using 2 workers of 2 for marking
[2025-08-08T15:20:51.760+0000][7][gc,marking  ] GC(5) Concurrent Mark From Roots 6.212ms
[2025-08-08T15:20:51.760+0000][7][gc,marking  ] GC(5) Concurrent Preclean
[2025-08-08T15:20:51.760+0000][7][gc,marking  ] GC(5) Concurrent Preclean 0.048ms
[2025-08-08T15:20:51.762+0000][7][gc,start    ] GC(5) Pause Remark
[2025-08-08T15:20:51.766+0000][7][gc          ] GC(5) Pause Remark 21M->21M(1024M) 4.229ms
[2025-08-08T15:20:51.766+0000][7][gc,cpu      ] GC(5) User=0.01s Sys=0.01s Real=0.00s
[2025-08-08T15:20:51.766+0000][7][safepoint   ] Safepoint "G1PauseRemark", Time since last: 9879880 ns, Reaching safepoint: 884575 ns, Cleanup: 22705 ns, At safepoint: 4339253 ns, Total: 5246533 ns
[2025-08-08T15:20:51.766+0000][7][gc,marking  ] GC(5) Concurrent Mark 11.819ms
[2025-08-08T15:20:51.766+0000][7][gc,marking  ] GC(5) Concurrent Rebuild Remembered Sets and Scrub Regions
[2025-08-08T15:20:51.769+0000][7][gc,marking  ] GC(5) Concurrent Rebuild Remembered Sets and Scrub Regions 2.964ms
[2025-08-08T15:20:51.770+0000][7][gc,start    ] GC(5) Pause Cleanup
[2025-08-08T15:20:51.771+0000][7][gc          ] GC(5) Pause Cleanup 21M->21M(1024M) 0.186ms
[2025-08-08T15:20:51.771+0000][7][gc,cpu      ] GC(5) User=0.00s Sys=0.00s Real=0.00s
[2025-08-08T15:20:51.771+0000][7][safepoint   ] Safepoint "G1PauseCleanup", Time since last: 4388058 ns, Reaching safepoint: 148802 ns, Cleanup: 5266 ns, At safepoint: 264529 ns, Total: 418597 ns
[2025-08-08T15:20:51.771+0000][7][gc,marking  ] GC(5) Concurrent Clear Claimed Marks
[2025-08-08T15:20:51.771+0000][7][gc,marking  ] GC(5) Concurrent Clear Claimed Marks 0.057ms
[2025-08-08T15:20:51.771+0000][7][gc,marking  ] GC(5) Concurrent Cleanup for Next Mark
[2025-08-08T15:20:51.772+0000][7][gc,marking  ] GC(5) Concurrent Cleanup for Next Mark 0.921ms
[2025-08-08T15:20:51.772+0000][7][gc          ] GC(5) Concurrent Mark Cycle 21.206ms
[2025-08-08T15:20:53.197+0000][7][safepoint   ] Safepoint "ICBufferFull", Time since last: 1424867373 ns, Reaching safepoint: 1013007 ns, Cleanup: 130886 ns, At safepoint: 22085 ns, Total: 1165978 ns
[2025-08-08T15:20:54.388+0000][7][safepoint   ] Safepoint "Cleanup", Time since last: 1189803065 ns, Reaching safepoint: 961775 ns, Cleanup: 172206 ns, At safepoint: 58670 ns, Total: 1192651 ns
[2025-08-08T15:20:55.097+0000][7][gc,start    ] GC(6) Pause Young (Prepare Mixed) (G1 Evacuation Pause)
[2025-08-08T15:20:55.098+0000][7][gc,task     ] GC(6) Using 8 workers of 8 for evacuation
[2025-08-08T15:20:55.098+0000][7][gc,age      ] GC(6) Desired survivor size 41943040 bytes, new threshold 15 (max threshold 15)
[2025-08-08T15:20:55.131+0000][7][gc,phases   ] GC(6)   Pre Evacuate Collection Set: 0.32ms
[2025-08-08T15:20:55.131+0000][7][gc,phases   ] GC(6)   Merge Heap Roots: 0.42ms
[2025-08-08T15:20:55.131+0000][7][gc,phases   ] GC(6)   Evacuate Collection Set: 28.95ms
[2025-08-08T15:20:55.131+0000][7][gc,phases   ] GC(6)   Post Evacuate Collection Set: 3.42ms
[2025-08-08T15:20:55.131+0000][7][gc,phases   ] GC(6)   Other: 0.21ms
[2025-08-08T15:20:55.131+0000][7][gc,age      ] GC(6) Age table with threshold 15 (max threshold 15)
[2025-08-08T15:20:55.131+0000][7][gc,age      ] GC(6) - age   1:   12359336 bytes,   12359336 total
[2025-08-08T15:20:55.131+0000][7][gc,age      ] GC(6) - age   2:    1810112 bytes,   14169448 total
[2025-08-08T15:20:55.131+0000][7][gc,age      ] GC(6) - age   3:    6082688 bytes,   20252136 total
[2025-08-08T15:20:55.131+0000][7][gc,age      ] GC(6) - age   4:    1679440 bytes,   21931576 total
[2025-08-08T15:20:55.131+0000][7][gc,age      ] GC(6) - age   5:    1318752 bytes,   23250328 total
[2025-08-08T15:20:55.131+0000][7][gc,heap     ] GC(6) Eden regions: 150->0(147)
[2025-08-08T15:20:55.131+0000][7][gc,heap     ] GC(6) Survivor regions: 3->6(20)
[2025-08-08T15:20:55.131+0000][7][gc,heap     ] GC(6) Old regions: 3->3
[2025-08-08T15:20:55.131+0000][7][gc,heap     ] GC(6) Humongous regions: 0->0
[2025-08-08T15:20:55.131+0000][7][gc,metaspace] GC(6) Metaspace: 30012K(30976K)->30012K(30976K) NonClass: 26158K(26752K)->26158K(26752K) Class: 3853K(4224K)->3853K(4224K)
[2025-08-08T15:20:55.131+0000][7][gc          ] GC(6) Pause Young (Prepare Mixed) (G1 Evacuation Pause) 618M->31M(1024M) 33.763ms
[2025-08-08T15:20:55.131+0000][7][gc,cpu      ] GC(6) User=0.16s Sys=0.01s Real=0.03s
[2025-08-08T15:20:55.131+0000][7][safepoint   ] Safepoint "G1CollectForAllocation", Time since last: 709512292 ns, Reaching safepoint: 7731 ns, Cleanup: 41293 ns, At safepoint: 34066397 ns, Total: 34115421 ns
[2025-08-08T15:20:56.135+0000][7][safepoint   ] Safepoint "Cleanup", Time since last: 1002177389 ns, Reaching safepoint: 845913 ns, Cleanup: 130233 ns, At safepoint: 62809 ns, Total: 1038955 ns
[2025-08-08T15:20:57.137+0000][7][safepoint   ] Safepoint "Cleanup", Time since last: 1002570832 ns, Reaching safepoint: 13049 ns, Cleanup: 45894 ns, At safepoint: 18168 ns, Total: 77111 ns
[2025-08-08T15:20:58.138+0000][7][safepoint   ] Safepoint "Cleanup", Time since last: 1000731243 ns, Reaching safepoint: 9294 ns, Cleanup: 75236 ns, At safepoint: 69217 ns, Total: 153747 ns
[2025-08-08T15:20:58.611+0000][7][gc,start    ] GC(7) Pause Young (Mixed) (Metadata GC Threshold)
[2025-08-08T15:20:58.611+0000][7][gc,task     ] GC(7) Using 8 workers of 8 for evacuation
[2025-08-08T15:20:58.611+0000][7][gc,age      ] GC(7) Desired survivor size 41943040 bytes, new threshold 15 (max threshold 15)
[2025-08-08T15:20:58.684+0000][7][gc,phases   ] GC(7)   Pre Evacuate Collection Set: 1.08ms
[2025-08-08T15:20:58.684+0000][7][gc,phases   ] GC(7)   Merge Heap Roots: 2.12ms
[2025-08-08T15:20:58.684+0000][7][gc,phases   ] GC(7)   Evacuate Collection Set: 64.24ms
[2025-08-08T15:20:58.684+0000][7][gc,phases   ] GC(7)   Post Evacuate Collection Set: 5.11ms
[2025-08-08T15:20:58.684+0000][7][gc,phases   ] GC(7)   Other: 0.18ms
[2025-08-08T15:20:58.684+0000][7][gc,age      ] GC(7) Age table with threshold 15 (max threshold 15)
[2025-08-08T15:20:58.684+0000][7][gc,age      ] GC(7) - age   1:   16738480 bytes,   16738480 total
[2025-08-08T15:20:58.684+0000][7][gc,age      ] GC(7) - age   2:   11855248 bytes,   28593728 total
[2025-08-08T15:20:58.684+0000][7][gc,age      ] GC(7) - age   3:    1810016 bytes,   30403744 total
[2025-08-08T15:20:58.684+0000][7][gc,age      ] GC(7) - age   4:    6072848 bytes,   36476592 total
[2025-08-08T15:20:58.684+0000][7][gc,age      ] GC(7) - age   5:    1679344 bytes,   38155936 total
[2025-08-08T15:20:58.684+0000][7][gc,age      ] GC(7) - age   6:    1318240 bytes,   39474176 total
[2025-08-08T15:20:58.684+0000][7][gc,heap     ] GC(7) Eden regions: 44->0(142)
[2025-08-08T15:20:58.684+0000][7][gc,heap     ] GC(7) Survivor regions: 6->11(20)
[2025-08-08T15:20:58.684+0000][7][gc,heap     ] GC(7) Old regions: 3->2
[2025-08-08T15:20:58.684+0000][7][gc,heap     ] GC(7) Humongous regions: 0->0
[2025-08-08T15:20:58.684+0000][7][gc,metaspace] GC(7) Metaspace: 35063K(36096K)->35063K(36096K) NonClass: 30426K(31040K)->30426K(31040K) Class: 4637K(5056K)->4637K(5056K)
[2025-08-08T15:20:58.684+0000][7][gc          ] GC(7) Pause Young (Mixed) (Metadata GC Threshold) 207M->47M(1024M) 73.140ms
[2025-08-08T15:20:58.684+0000][7][gc,cpu      ] GC(7) User=0.22s Sys=0.07s Real=0.07s
[2025-08-08T15:20:58.684+0000][7][safepoint   ] Safepoint "CollectForMetadataAllocation", Time since last: 472757603 ns, Reaching safepoint: 8483 ns, Cleanup: 42264 ns, At safepoint: 73508053 ns, Total: 73558800 ns
[2025-08-08T15:20:58.783+0000][7][gc,start    ] GC(8) Pause Young (Concurrent Start) (Metadata GC Threshold)
[2025-08-08T15:20:58.783+0000][7][gc,task     ] GC(8) Using 8 workers of 8 for evacuation
[2025-08-08T15:20:58.783+0000][7][gc,age      ] GC(8) Desired survivor size 41943040 bytes, new threshold 15 (max threshold 15)
[2025-08-08T15:20:58.822+0000][7][gc,phases   ] GC(8)   Pre Evacuate Collection Set: 0.52ms
[2025-08-08T15:20:58.822+0000][7][gc,phases   ] GC(8)   Merge Heap Roots: 0.08ms
[2025-08-08T15:20:58.822+0000][7][gc,phases   ] GC(8)   Evacuate Collection Set: 34.85ms
[2025-08-08T15:20:58.822+0000][7][gc,phases   ] GC(8)   Post Evacuate Collection Set: 3.31ms
[2025-08-08T15:20:58.822+0000][7][gc,phases   ] GC(8)   Other: 0.44ms
[2025-08-08T15:20:58.822+0000][7][gc,age      ] GC(8) Age table with threshold 15 (max threshold 15)
[2025-08-08T15:20:58.822+0000][7][gc,age      ] GC(8) - age   1:      66264 bytes,      66264 total
[2025-08-08T15:20:58.822+0000][7][gc,age      ] GC(8) - age   2:   16673952 bytes,   16740216 total
[2025-08-08T15:20:58.822+0000][7][gc,age      ] GC(8) - age   3:   11855248 bytes,   28595464 total
[2025-08-08T15:20:58.822+0000][7][gc,age      ] GC(8) - age   4:    1810016 bytes,   30405480 total
[2025-08-08T15:20:58.822+0000][7][gc,age      ] GC(8) - age   5:    6072848 bytes,   36478328 total
[2025-08-08T15:20:58.822+0000][7][gc,age      ] GC(8) - age   6:    1679344 bytes,   38157672 total
[2025-08-08T15:20:58.822+0000][7][gc,age      ] GC(8) - age   7:    1318240 bytes,   39475912 total
[2025-08-08T15:20:58.822+0000][7][gc,heap     ] GC(8) Eden regions: 1->0(142)
[2025-08-08T15:20:58.822+0000][7][gc,heap     ] GC(8) Survivor regions: 11->11(20)
[2025-08-08T15:20:58.822+0000][7][gc,heap     ] GC(8) Old regions: 2->2
[2025-08-08T15:20:58.823+0000][7][gc,heap     ] GC(8) Humongous regions: 0->0
[2025-08-08T15:20:58.823+0000][7][gc,metaspace] GC(8) Metaspace: 35430K(36416K)->35430K(36416K) NonClass: 30746K(31360K)->30746K(31360K) Class: 4683K(5056K)->4683K(5056K)
[2025-08-08T15:20:58.823+0000][7][gc          ] GC(8) Pause Young (Concurrent Start) (Metadata GC Threshold) 50M->48M(1024M) 39.721ms
[2025-08-08T15:20:58.823+0000][7][gc,cpu      ] GC(8) User=0.16s Sys=0.03s Real=0.04s
[2025-08-08T15:20:58.823+0000][7][gc          ] GC(9) Concurrent Mark Cycle
[2025-08-08T15:20:58.823+0000][7][gc,marking  ] GC(9) Concurrent Scan Root Regions
[2025-08-08T15:20:58.823+0000][7][safepoint   ] Safepoint "CollectForMetadataAllocation", Time since last: 98274352 ns, Reaching safepoint: 9621 ns, Cleanup: 53902 ns, At safepoint: 40176639 ns, Total: 40240162 ns
[2025-08-08T15:20:58.857+0000][7][gc,marking  ] GC(9) Concurrent Scan Root Regions 34.137ms
[2025-08-08T15:20:58.857+0000][7][gc,marking  ] GC(9) Concurrent Mark
[2025-08-08T15:20:58.857+0000][7][gc,marking  ] GC(9) Concurrent Mark From Roots
[2025-08-08T15:20:58.857+0000][7][gc,task     ] GC(9) Using 2 workers of 2 for marking
[2025-08-08T15:20:58.869+0000][7][gc,marking  ] GC(9) Concurrent Mark From Roots 12.033ms
[2025-08-08T15:20:58.869+0000][7][gc,marking  ] GC(9) Concurrent Preclean
[2025-08-08T15:20:58.869+0000][7][gc,marking  ] GC(9) Concurrent Preclean 0.088ms
[2025-08-08T15:20:58.870+0000][7][gc,start    ] GC(9) Pause Remark
[2025-08-08T15:20:58.880+0000][7][gc          ] GC(9) Pause Remark 51M->51M(1024M) 9.864ms
[2025-08-08T15:20:58.880+0000][7][gc,cpu      ] GC(9) User=0.03s Sys=0.01s Real=0.01s
[2025-08-08T15:20:58.881+0000][7][safepoint   ] Safepoint "G1PauseRemark", Time since last: 46369386 ns, Reaching safepoint: 1060476 ns, Cleanup: 30058 ns, At safepoint: 10069262 ns, Total: 11159796 ns
[2025-08-08T15:20:58.881+0000][7][gc,marking  ] GC(9) Concurrent Mark 23.578ms
[2025-08-08T15:20:58.881+0000][7][gc,marking  ] GC(9) Concurrent Rebuild Remembered Sets and Scrub Regions
[2025-08-08T15:20:58.885+0000][7][gc,marking  ] GC(9) Concurrent Rebuild Remembered Sets and Scrub Regions 4.770ms
[2025-08-08T15:20:58.886+0000][7][gc,start    ] GC(9) Pause Cleanup
[2025-08-08T15:20:58.886+0000][7][gc          ] GC(9) Pause Cleanup 51M->51M(1024M) 0.417ms
[2025-08-08T15:20:58.886+0000][7][gc,cpu      ] GC(9) User=0.00s Sys=0.00s Real=0.01s
[2025-08-08T15:20:58.887+0000][7][safepoint   ] Safepoint "G1PauseCleanup", Time since last: 5089444 ns, Reaching safepoint: 282127 ns, Cleanup: 19914 ns, At safepoint: 638628 ns, Total: 940669 ns
[2025-08-08T15:20:58.887+0000][7][gc,marking  ] GC(9) Concurrent Clear Claimed Marks
[2025-08-08T15:20:58.887+0000][7][gc,marking  ] GC(9) Concurrent Clear Claimed Marks 0.198ms
[2025-08-08T15:20:58.887+0000][7][gc,marking  ] GC(9) Concurrent Cleanup for Next Mark
[2025-08-08T15:20:58.891+0000][7][gc,marking  ] GC(9) Concurrent Cleanup for Next Mark 3.369ms
[2025-08-08T15:20:58.891+0000][7][gc          ] GC(9) Concurrent Mark Cycle 68.123ms
[2025-08-08T15:20:59.888+0000][7][safepoint   ] Safepoint "Cleanup", Time since last: 1000735445 ns, Reaching safepoint: 409958 ns, Cleanup: 98642 ns, At safepoint: 506173 ns, Total: 1014773 ns
[2025-08-08T15:21:01.301+0000][7][safepoint   ] Safepoint "Cleanup", Time since last: 1411195622 ns, Reaching safepoint: 992990 ns, Cleanup: 26280 ns, At safepoint: 32931 ns, Total: 1052201 ns
[2025-08-08T15:21:02.772+0000][7][safepoint   ] Safepoint "Cleanup", Time since last: 1470838219 ns, Reaching safepoint: 105093 ns, Cleanup: 185722 ns, At safepoint: 100377 ns, Total: 391192 ns
[2025-08-08T15:21:04.195+0000][7][safepoint   ] Safepoint "Cleanup", Time since last: 1422603624 ns, Reaching safepoint: 5462 ns, Cleanup: 166677 ns, At safepoint: 35243 ns, Total: 207382 ns
[2025-08-08T15:21:05.197+0000][7][safepoint   ] Safepoint "Cleanup", Time since last: 1002396298 ns, Reaching safepoint: 126092 ns, Cleanup: 60500 ns, At safepoint: 12092 ns, Total: 198684 ns
[2025-08-08T15:21:05.776+0000][7][gc,start    ] GC(10) Pause Young (Concurrent Start) (Metadata GC Threshold)
[2025-08-08T15:21:05.776+0000][7][gc,task     ] GC(10) Using 8 workers of 8 for evacuation
[2025-08-08T15:21:05.776+0000][7][gc,age      ] GC(10) Desired survivor size 41943040 bytes, new threshold 15 (max threshold 15)
[2025-08-08T15:21:05.802+0000][7][gc,phases   ] GC(10)   Pre Evacuate Collection Set: 0.62ms
[2025-08-08T15:21:05.802+0000][7][gc,phases   ] GC(10)   Merge Heap Roots: 0.30ms
[2025-08-08T15:21:05.802+0000][7][gc,phases   ] GC(10)   Evacuate Collection Set: 21.15ms
[2025-08-08T15:21:05.802+0000][7][gc,phases   ] GC(10)   Post Evacuate Collection Set: 3.92ms
[2025-08-08T15:21:05.802+0000][7][gc,phases   ] GC(10)   Other: 0.21ms
[2025-08-08T15:21:05.802+0000][7][gc,age      ] GC(10) Age table with threshold 15 (max threshold 15)
[2025-08-08T15:21:05.802+0000][7][gc,age      ] GC(10) - age   1:   11676632 bytes,   11676632 total
[2025-08-08T15:21:05.802+0000][7][gc,age      ] GC(10) - age   2:      59808 bytes,   11736440 total
[2025-08-08T15:21:05.802+0000][7][gc,age      ] GC(10) - age   3:   16643808 bytes,   28380248 total
[2025-08-08T15:21:05.802+0000][7][gc,age      ] GC(10) - age   4:   11652528 bytes,   40032776 total
[2025-08-08T15:21:05.802+0000][7][gc,age      ] GC(10) - age   5:    1799768 bytes,   41832544 total
[2025-08-08T15:21:05.802+0000][7][gc,age      ] GC(10) - age   6:    6057448 bytes,   47889992 total
[2025-08-08T15:21:05.802+0000][7][gc,age      ] GC(10) - age   7:    1671760 bytes,   49561752 total
[2025-08-08T15:21:05.802+0000][7][gc,age      ] GC(10) - age   8:    1298976 bytes,   50860728 total
[2025-08-08T15:21:05.802+0000][7][gc,heap     ] GC(10) Eden regions: 116->0(139)
[2025-08-08T15:21:05.802+0000][7][gc,heap     ] GC(10) Survivor regions: 11->14(20)
[2025-08-08T15:21:05.802+0000][7][gc,heap     ] GC(10) Old regions: 2->2
[2025-08-08T15:21:05.802+0000][7][gc,heap     ] GC(10) Humongous regions: 0->0
[2025-08-08T15:21:05.802+0000][7][gc,metaspace] GC(10) Metaspace: 59793K(61120K)->59793K(61120K) NonClass: 51666K(52416K)->51666K(52416K) Class: 8126K(8704K)->8126K(8704K)
[2025-08-08T15:21:05.802+0000][7][gc          ] GC(10) Pause Young (Concurrent Start) (Metadata GC Threshold) 512M->61M(1024M) 26.533ms
[2025-08-08T15:21:05.802+0000][7][gc,cpu      ] GC(10) User=0.15s Sys=0.02s Real=0.03s
[2025-08-08T15:21:05.802+0000][7][gc          ] GC(11) Concurrent Mark Cycle
[2025-08-08T15:21:05.802+0000][7][gc,marking  ] GC(11) Concurrent Scan Root Regions
[2025-08-08T15:21:05.802+0000][7][safepoint   ] Safepoint "CollectForMetadataAllocation", Time since last: 578404487 ns, Reaching safepoint: 4529 ns, Cleanup: 67797 ns, At safepoint: 26775372 ns, Total: 26847698 ns
[2025-08-08T15:21:05.828+0000][7][gc,marking  ] GC(11) Concurrent Scan Root Regions 25.453ms
[2025-08-08T15:21:05.828+0000][7][gc,marking  ] GC(11) Concurrent Mark
[2025-08-08T15:21:05.828+0000][7][gc,marking  ] GC(11) Concurrent Mark From Roots
[2025-08-08T15:21:05.828+0000][7][gc,task     ] GC(11) Using 2 workers of 2 for marking
[2025-08-08T15:21:05.833+0000][7][gc,marking  ] GC(11) Concurrent Mark From Roots 5.647ms
[2025-08-08T15:21:05.834+0000][7][gc,marking  ] GC(11) Concurrent Preclean
[2025-08-08T15:21:05.834+0000][7][gc,marking  ] GC(11) Concurrent Preclean 0.043ms
[2025-08-08T15:21:05.835+0000][7][gc,start    ] GC(11) Pause Remark
[2025-08-08T15:21:05.840+0000][7][gc          ] GC(11) Pause Remark 65M->65M(1024M) 5.646ms
[2025-08-08T15:21:05.841+0000][7][gc,cpu      ] GC(11) User=0.02s Sys=0.00s Real=0.01s
[2025-08-08T15:21:05.841+0000][7][safepoint   ] Safepoint "G1PauseRemark", Time since last: 31528720 ns, Reaching safepoint: 823056 ns, Cleanup: 16586 ns, At safepoint: 5769041 ns, Total: 6608683 ns
[2025-08-08T15:21:05.841+0000][7][gc,marking  ] GC(11) Concurrent Mark 12.852ms
[2025-08-08T15:21:05.841+0000][7][gc,marking  ] GC(11) Concurrent Rebuild Remembered Sets and Scrub Regions
[2025-08-08T15:21:05.845+0000][7][gc,marking  ] GC(11) Concurrent Rebuild Remembered Sets and Scrub Regions 4.124ms
[2025-08-08T15:21:05.845+0000][7][gc,start    ] GC(11) Pause Cleanup
[2025-08-08T15:21:05.845+0000][7][gc          ] GC(11) Pause Cleanup 65M->65M(1024M) 0.398ms
[2025-08-08T15:21:05.846+0000][7][gc,cpu      ] GC(11) User=0.00s Sys=0.00s Real=0.00s
[2025-08-08T15:21:05.846+0000][7][safepoint   ] Safepoint "G1PauseCleanup", Time since last: 4436690 ns, Reaching safepoint: 55803 ns, Cleanup: 13939 ns, At safepoint: 462097 ns, Total: 531839 ns
[2025-08-08T15:21:05.846+0000][7][gc,marking  ] GC(11) Concurrent Clear Claimed Marks
[2025-08-08T15:21:05.846+0000][7][gc,marking  ] GC(11) Concurrent Clear Claimed Marks 0.112ms
[2025-08-08T15:21:05.846+0000][7][gc,marking  ] GC(11) Concurrent Cleanup for Next Mark
[2025-08-08T15:21:05.847+0000][7][gc,marking  ] GC(11) Concurrent Cleanup for Next Mark 1.389ms
[2025-08-08T15:21:05.847+0000][7][gc          ] GC(11) Concurrent Mark Cycle 44.924ms
[2025-08-08T15:21:06.847+0000][7][safepoint   ] Safepoint "Cleanup", Time since last: 1000277192 ns, Reaching safepoint: 1070532 ns, Cleanup: 61320 ns, At safepoint: 37686 ns, Total: 1169538 ns
[2025-08-08T15:21:08.305+0000][7][safepoint   ] Safepoint "Cleanup", Time since last: 1457865718 ns, Reaching safepoint: 3835 ns, Cleanup: 149600 ns, At safepoint: 45863 ns, Total: 199298 ns
[2025-08-08T15:21:09.306+0000][7][safepoint   ] Safepoint "Cleanup", Time since last: 1000235013 ns, Reaching safepoint: 736524 ns, Cleanup: 105597 ns, At safepoint: 59920 ns, Total: 902041 ns
[2025-08-08T15:21:10.358+0000][7][safepoint   ] Safepoint "ICBufferFull", Time since last: 1051187216 ns, Reaching safepoint: 7822 ns, Cleanup: 142392 ns, At safepoint: 30438 ns, Total: 180652 ns
[2025-08-08T15:21:10.954+0000][7][safepoint   ] Safepoint "ICBufferFull", Time since last: 595908136 ns, Reaching safepoint: 192222 ns, Cleanup: 140326 ns, At safepoint: 74071 ns, Total: 406619 ns
[2025-08-08T15:21:10.959+0000][7][safepoint   ] Safepoint "ICBufferFull", Time since last: 3493918 ns, Reaching safepoint: 1167881 ns, Cleanup: 14932 ns, At safepoint: 69322 ns, Total: 1252135 ns
[2025-08-08T15:21:10.961+0000][7][safepoint   ] Safepoint "ICBufferFull", Time since last: 1521664 ns, Reaching safepoint: 260557 ns, Cleanup: 11863 ns, At safepoint: 95783 ns, Total: 368203 ns
[2025-08-08T15:21:10.965+0000][7][safepoint   ] Safepoint "ICBufferFull", Time since last: 4318463 ns, Reaching safepoint: 356205 ns, Cleanup: 21068 ns, At safepoint: 120374 ns, Total: 497647 ns
[2025-08-08T15:21:11.719+0000][7][safepoint   ] Safepoint "ICBufferFull", Time since last: 749601423 ns, Reaching safepoint: 3272889 ns, Cleanup: 439906 ns, At safepoint: 91837 ns, Total: 3804632 ns
[2025-08-08T15:21:12.364+0000][7][safepoint   ] Safepoint "ICBufferFull", Time since last: 644240933 ns, Reaching safepoint: 1168520 ns, Cleanup: 167991 ns, At safepoint: 59788 ns, Total: 1396299 ns
[2025-08-08T15:21:12.948+0000][7][safepoint   ] Safepoint "ICBufferFull", Time since last: 582993681 ns, Reaching safepoint: 14601 ns, Cleanup: 201771 ns, At safepoint: 16522 ns, Total: 232894 ns
[2025-08-08T15:21:13.787+0000][7][safepoint   ] Safepoint "ICBufferFull", Time since last: 839074024 ns, Reaching safepoint: 591057 ns, Cleanup: 152594 ns, At safepoint: 75827 ns, Total: 819478 ns
[2025-08-08T15:21:14.556+0000][7][safepoint   ] Safepoint "ICBufferFull", Time since last: 767905961 ns, Reaching safepoint: 367886 ns, Cleanup: 125170 ns, At safepoint: 60673 ns, Total: 553729 ns
[2025-08-08T15:21:15.429+0000][7][gc,start    ] GC(12) Pause Young (Concurrent Start) (Metadata GC Threshold)
[2025-08-08T15:21:15.429+0000][7][gc,task     ] GC(12) Using 8 workers of 8 for evacuation
[2025-08-08T15:21:15.429+0000][7][gc,age      ] GC(12) Desired survivor size 41943040 bytes, new threshold 6 (max threshold 15)
[2025-08-08T15:21:15.486+0000][7][gc,phases   ] GC(12)   Pre Evacuate Collection Set: 0.37ms
[2025-08-08T15:21:15.486+0000][7][gc,phases   ] GC(12)   Merge Heap Roots: 0.23ms
[2025-08-08T15:21:15.486+0000][7][gc,phases   ] GC(12)   Evacuate Collection Set: 51.71ms
[2025-08-08T15:21:15.486+0000][7][gc,phases   ] GC(12)   Post Evacuate Collection Set: 4.71ms
[2025-08-08T15:21:15.486+0000][7][gc,phases   ] GC(12)   Other: 0.29ms
[2025-08-08T15:21:15.486+0000][7][gc,age      ] GC(12) Age table with threshold 6 (max threshold 15)
[2025-08-08T15:21:15.486+0000][7][gc,age      ] GC(12) - age   1:   17494224 bytes,   17494224 total
[2025-08-08T15:21:15.486+0000][7][gc,age      ] GC(12) - age   2:   10820032 bytes,   28314256 total
[2025-08-08T15:21:15.486+0000][7][gc,age      ] GC(12) - age   3:      58352 bytes,   28372608 total
[2025-08-08T15:21:15.486+0000][7][gc,age      ] GC(12) - age   4:   16618136 bytes,   44990744 total
[2025-08-08T15:21:15.486+0000][7][gc,age      ] GC(12) - age   5:   11567112 bytes,   56557856 total
[2025-08-08T15:21:15.486+0000][7][gc,age      ] GC(12) - age   6:    1793312 bytes,   58351168 total
[2025-08-08T15:21:15.486+0000][7][gc,heap     ] GC(12) Eden regions: 126->0(137)
[2025-08-08T15:21:15.486+0000][7][gc,heap     ] GC(12) Survivor regions: 14->16(20)
[2025-08-08T15:21:15.486+0000][7][gc,heap     ] GC(12) Old regions: 2->5
[2025-08-08T15:21:15.486+0000][7][gc,heap     ] GC(12) Humongous regions: 2->2
[2025-08-08T15:21:15.486+0000][7][gc,metaspace] GC(12) Metaspace: 99610K(102400K)->99610K(102400K) NonClass: 85382K(86848K)->85382K(86848K) Class: 14227K(15552K)->14227K(15552K)
[2025-08-08T15:21:15.486+0000][7][gc          ] GC(12) Pause Young (Concurrent Start) (Metadata GC Threshold) 573M->85M(1024M) 57.524ms
[2025-08-08T15:21:15.486+0000][7][gc          ] GC(13) Concurrent Mark Cycle
[2025-08-08T15:21:15.486+0000][7][gc,marking  ] GC(13) Concurrent Scan Root Regions
[2025-08-08T15:21:15.486+0000][7][gc,cpu      ] GC(12) User=0.31s Sys=0.04s Real=0.06s
[2025-08-08T15:21:15.486+0000][7][safepoint   ] Safepoint "CollectForMetadataAllocation", Time since last: 872556002 ns, Reaching safepoint: 7809 ns, Cleanup: 29074 ns, At safepoint: 57809531 ns, Total: 57846414 ns
[2025-08-08T15:21:15.520+0000][7][gc,marking  ] GC(13) Concurrent Scan Root Regions 34.194ms
[2025-08-08T15:21:15.520+0000][7][gc,marking  ] GC(13) Concurrent Mark
[2025-08-08T15:21:15.520+0000][7][gc,marking  ] GC(13) Concurrent Mark From Roots
[2025-08-08T15:21:15.520+0000][7][gc,task     ] GC(13) Using 2 workers of 2 for marking
[2025-08-08T15:21:15.526+0000][7][safepoint   ] Safepoint "CollectForMetadataAllocation", Time since last: 39698898 ns, Reaching safepoint: 89648 ns, Cleanup: 4470 ns, At safepoint: 108828 ns, Total: 202946 ns
[2025-08-08T15:21:15.527+0000][7][gc,marking  ] GC(13) Concurrent Mark From Roots 6.800ms
[2025-08-08T15:21:15.527+0000][7][gc,marking  ] GC(13) Concurrent Preclean
[2025-08-08T15:21:15.527+0000][7][gc,marking  ] GC(13) Concurrent Preclean 0.039ms
[2025-08-08T15:21:15.528+0000][7][gc,start    ] GC(13) Pause Remark
[2025-08-08T15:21:15.537+0000][7][gc          ] GC(13) Pause Remark 86M->86M(1024M) 8.566ms
[2025-08-08T15:21:15.537+0000][7][gc,cpu      ] GC(13) User=0.03s Sys=0.00s Real=0.01s
[2025-08-08T15:21:15.537+0000][7][safepoint   ] Safepoint "G1PauseRemark", Time since last: 1170447 ns, Reaching safepoint: 770928 ns, Cleanup: 4895 ns, At safepoint: 8786641 ns, Total: 9562464 ns
[2025-08-08T15:21:15.537+0000][7][gc,marking  ] GC(13) Concurrent Mark 16.650ms
[2025-08-08T15:21:15.537+0000][7][gc,marking  ] GC(13) Concurrent Rebuild Remembered Sets and Scrub Regions
[2025-08-08T15:21:15.542+0000][7][gc,marking  ] GC(13) Concurrent Rebuild Remembered Sets and Scrub Regions 4.790ms
[2025-08-08T15:21:15.542+0000][7][gc,start    ] GC(13) Pause Cleanup
[2025-08-08T15:21:15.542+0000][7][gc          ] GC(13) Pause Cleanup 86M->86M(1024M) 0.237ms
[2025-08-08T15:21:15.542+0000][7][gc,cpu      ] GC(13) User=0.00s Sys=0.00s Real=0.00s
[2025-08-08T15:21:15.542+0000][7][safepoint   ] Safepoint "G1PauseCleanup", Time since last: 5106832 ns, Reaching safepoint: 7660 ns, Cleanup: 8919 ns, At safepoint: 379242 ns, Total: 395821 ns
[2025-08-08T15:21:15.543+0000][7][gc,marking  ] GC(13) Concurrent Clear Claimed Marks
[2025-08-08T15:21:15.543+0000][7][gc,marking  ] GC(13) Concurrent Clear Claimed Marks 0.284ms
[2025-08-08T15:21:15.543+0000][7][gc,marking  ] GC(13) Concurrent Cleanup for Next Mark
[2025-08-08T15:21:15.544+0000][7][gc,marking  ] GC(13) Concurrent Cleanup for Next Mark 1.174ms
[2025-08-08T15:21:15.544+0000][7][gc          ] GC(13) Concurrent Mark Cycle 57.991ms
[2025-08-08T15:21:16.543+0000][7][safepoint   ] Safepoint "Cleanup", Time since last: 1000710846 ns, Reaching safepoint: 11165 ns, Cleanup: 26615 ns, At safepoint: 8353 ns, Total: 46133 ns
[2025-08-08T15:21:17.544+0000][7][safepoint   ] Safepoint "Cleanup", Time since last: 1001055418 ns, Reaching safepoint: 11286 ns, Cleanup: 23240 ns, At safepoint: 13393 ns, Total: 47919 ns
[2025-08-08T15:21:19.545+0000][7][safepoint   ] Safepoint "Cleanup", Time since last: 2000866329 ns, Reaching safepoint: 11164 ns, Cleanup: 15785 ns, At safepoint: 8255 ns, Total: 35204 ns
[2025-08-08T15:21:20.546+0000][7][safepoint   ] Safepoint "Cleanup", Time since last: 1000333115 ns, Reaching safepoint: 10736 ns, Cleanup: 18785 ns, At safepoint: 9123 ns, Total: 38644 ns
[2025-08-08T15:21:21.546+0000][7][safepoint   ] Safepoint "Cleanup", Time since last: 1000650491 ns, Reaching safepoint: 47987 ns, Cleanup: 16352 ns, At safepoint: 9789 ns, Total: 74128 ns
[2025-08-08T15:21:22.547+0000][7][safepoint   ] Safepoint "Cleanup", Time since last: 1001010951 ns, Reaching safepoint: 11154 ns, Cleanup: 15504 ns, At safepoint: 11186 ns, Total: 37844 ns
[2025-08-08T15:21:26.549+0000][7][safepoint   ] Safepoint "Cleanup", Time since last: 4001501191 ns, Reaching safepoint: 16131 ns, Cleanup: 48654 ns, At safepoint: 160163 ns, Total: 224948 ns
[2025-08-08T15:21:28.552+0000][7][safepoint   ] Safepoint "Cleanup", Time since last: 2001965849 ns, Reaching safepoint: 736153 ns, Cleanup: 28270 ns, At safepoint: 65886 ns, Total: 830309 ns
[2025-08-08T15:21:29.553+0000][7][safepoint   ] Safepoint "Cleanup", Time since last: 1000668439 ns, Reaching safepoint: 10443 ns, Cleanup: 21319 ns, At safepoint: 8962 ns, Total: 40724 ns
[2025-08-08T15:21:31.554+0000][7][safepoint   ] Safepoint "Cleanup", Time since last: 2000938830 ns, Reaching safepoint: 47667 ns, Cleanup: 17056 ns, At safepoint: 17768 ns, Total: 82491 ns
[2025-08-08T15:21:33.555+0000][7][safepoint   ] Safepoint "Cleanup", Time since last: 2001737781 ns, Reaching safepoint: 9914 ns, Cleanup: 14392 ns, At safepoint: 7561 ns, Total: 31867 ns
[2025-08-08T15:21:34.556+0000][7][safepoint   ] Safepoint "Cleanup", Time since last: 1000070523 ns, Reaching safepoint: 7310 ns, Cleanup: 12540 ns, At safepoint: 5313 ns, Total: 25163 ns
[2025-08-08T15:21:37.557+0000][7][safepoint   ] Safepoint "Cleanup", Time since last: 3001358080 ns, Reaching safepoint: 42157 ns, Cleanup: 13963 ns, At safepoint: 7645 ns, Total: 63765 ns
[2025-08-08T15:21:38.557+0000][7][safepoint   ] Safepoint "Cleanup", Time since last: 1000172840 ns, Reaching safepoint: 10552 ns, Cleanup: 15043 ns, At safepoint: 6814 ns, Total: 32409 ns
[2025-08-08T15:21:39.557+0000][7][safepoint   ] Safepoint "Cleanup", Time since last: 1000186515 ns, Reaching safepoint: 12144 ns, Cleanup: 24016 ns, At safepoint: 8054 ns, Total: 44214 ns
[2025-08-08T15:21:41.558+0000][7][safepoint   ] Safepoint "Cleanup", Time since last: 2000910758 ns, Reaching safepoint: 51785 ns, Cleanup: 22681 ns, At safepoint: 10319 ns, Total: 84785 ns
[2025-08-08T15:21:45.560+0000][7][safepoint   ] Safepoint "Cleanup", Time since last: 4001318316 ns, Reaching safepoint: 14519 ns, Cleanup: 18964 ns, At safepoint: 10559 ns, Total: 44042 ns
[2025-08-08T15:21:47.437+0000][7][safepoint   ] Safepoint "Cleanup", Time since last: 1877484756 ns, Reaching safepoint: 15167 ns, Cleanup: 32523 ns, At safepoint: 10630 ns, Total: 58320 ns
[2025-08-08T15:21:48.438+0000][7][safepoint   ] Safepoint "Cleanup", Time since last: 1000619111 ns, Reaching safepoint: 11386 ns, Cleanup: 22802 ns, At safepoint: 9055 ns, Total: 43243 ns
[2025-08-08T15:21:50.439+0000][7][safepoint   ] Safepoint "Cleanup", Time since last: 2000622544 ns, Reaching safepoint: 11655 ns, Cleanup: 27474 ns, At safepoint: 10463 ns, Total: 49592 ns
[2025-08-08T15:21:52.441+0000][7][safepoint   ] Safepoint "Cleanup", Time since last: 2001869788 ns, Reaching safepoint: 42154 ns, Cleanup: 17576 ns, At safepoint: 9024 ns, Total: 68754 ns
[2025-08-08T15:21:54.443+0000][7][safepoint   ] Safepoint "Cleanup", Time since last: 2002137303 ns, Reaching safepoint: 15067 ns, Cleanup: 21581 ns, At safepoint: 12987 ns, Total: 49635 ns
[2025-08-08T15:21:56.450+0000][7][safepoint   ] Safepoint "Cleanup", Time since last: 2006831340 ns, Reaching safepoint: 16626 ns, Cleanup: 21419 ns, At safepoint: 12410 ns, Total: 50455 ns
[2025-08-08T15:22:02.454+0000][7][safepoint   ] Safepoint "Cleanup", Time since last: 6003942299 ns, Reaching safepoint: 60488 ns, Cleanup: 15518 ns, At safepoint: 15592 ns, Total: 91598 ns
[2025-08-08T15:22:03.454+0000][7][safepoint   ] Safepoint "Cleanup", Time since last: 1000482402 ns, Reaching safepoint: 14323 ns, Cleanup: 20526 ns, At safepoint: 12954 ns, Total: 47803 ns
[2025-08-08T15:22:04.455+0000][7][safepoint   ] Safepoint "Cleanup", Time since last: 1000614740 ns, Reaching safepoint: 13184 ns, Cleanup: 21381 ns, At safepoint: 9194 ns, Total: 43759 ns
[2025-08-08T15:22:06.456+0000][7][safepoint   ] Safepoint "Cleanup", Time since last: 2001360750 ns, Reaching safepoint: 12631 ns, Cleanup: 15250 ns, At safepoint: 9570 ns, Total: 37451 ns
[2025-08-08T15:22:07.457+0000][7][safepoint   ] Safepoint "Cleanup", Time since last: 1000213787 ns, Reaching safepoint: 44935 ns, Cleanup: 16792 ns, At safepoint: 8345 ns, Total: 70072 ns
[2025-08-08T15:22:10.459+0000][7][safepoint   ] Safepoint "Cleanup", Time since last: 3002288656 ns, Reaching safepoint: 12261 ns, Cleanup: 86045 ns, At safepoint: 10648 ns, Total: 108954 ns
[2025-08-08T15:22:11.459+0000][7][safepoint   ] Safepoint "Cleanup", Time since last: 1000235153 ns, Reaching safepoint: 13826 ns, Cleanup: 21897 ns, At safepoint: 10730 ns, Total: 46453 ns
[2025-08-08T15:22:13.463+0000][7][safepoint   ] Safepoint "Cleanup", Time since last: 2003533336 ns, Reaching safepoint: 52346 ns, Cleanup: 20233 ns, At safepoint: 10427 ns, Total: 83006 ns
[2025-08-08T15:22:15.464+0000][7][safepoint   ] Safepoint "Cleanup", Time since last: 2001340754 ns, Reaching safepoint: 12780 ns, Cleanup: 19694 ns, At safepoint: 9778 ns, Total: 42252 ns
[2025-08-08T15:22:18.466+0000][7][safepoint   ] Safepoint "Cleanup", Time since last: 3001307939 ns, Reaching safepoint: 41027 ns, Cleanup: 20153 ns, At safepoint: 9507 ns, Total: 70687 ns
[2025-08-08T15:22:23.790+0000][7][safepoint   ] Safepoint "Cleanup", Time since last: 5323922129 ns, Reaching safepoint: 4743 ns, Cleanup: 13227 ns, At safepoint: 4573 ns, Total: 22543 ns
[2025-08-08T15:22:24.216+0000][7][safepoint   ] Safepoint "ICBufferFull", Time since last: 424798731 ns, Reaching safepoint: 1322455 ns, Cleanup: 155126 ns, At safepoint: 14819 ns, Total: 1492400 ns
[2025-08-08T15:22:25.149+0000][7][safepoint   ] Safepoint "ICBufferFull", Time since last: 933070210 ns, Reaching safepoint: 9783 ns, Cleanup: 131605 ns, At safepoint: 9172 ns, Total: 150560 ns
[2025-08-08T15:22:25.951+0000][7][safepoint   ] Safepoint "ICBufferFull", Time since last: 801556438 ns, Reaching safepoint: 10231 ns, Cleanup: 163726 ns, At safepoint: 22224 ns, Total: 196181 ns
[2025-08-08T15:22:26.713+0000][7][safepoint   ] Safepoint "ICBufferFull", Time since last: 761390836 ns, Reaching safepoint: 358530 ns, Cleanup: 157166 ns, At safepoint: 37940 ns, Total: 553636 ns
[2025-08-08T15:22:27.713+0000][7][safepoint   ] Safepoint "Cleanup", Time since last: 1000230273 ns, Reaching safepoint: 13111 ns, Cleanup: 154520 ns, At safepoint: 13034 ns, Total: 180665 ns
[2025-08-08T15:22:28.619+0000][7][safepoint   ] Safepoint "ICBufferFull", Time since last: 905375250 ns, Reaching safepoint: 10202 ns, Cleanup: 125938 ns, At safepoint: 9000 ns, Total: 145140 ns
[2025-08-08T15:22:29.303+0000][7][gc,start    ] GC(14) Pause Young (Normal) (G1 Evacuation Pause)
[2025-08-08T15:22:29.303+0000][7][gc,task     ] GC(14) Using 8 workers of 8 for evacuation
[2025-08-08T15:22:29.303+0000][7][gc,age      ] GC(14) Desired survivor size 41943040 bytes, new threshold 4 (max threshold 15)
[2025-08-08T15:22:29.342+0000][7][gc,phases   ] GC(14)   Pre Evacuate Collection Set: 0.37ms
[2025-08-08T15:22:29.342+0000][7][gc,phases   ] GC(14)   Merge Heap Roots: 0.28ms
[2025-08-08T15:22:29.342+0000][7][gc,phases   ] GC(14)   Evacuate Collection Set: 30.18ms
[2025-08-08T15:22:29.342+0000][7][gc,phases   ] GC(14)   Post Evacuate Collection Set: 8.35ms
[2025-08-08T15:22:29.342+0000][7][gc,phases   ] GC(14)   Other: 0.14ms
[2025-08-08T15:22:29.342+0000][7][gc,age      ] GC(14) Age table with threshold 4 (max threshold 15)
[2025-08-08T15:22:29.342+0000][7][gc,age      ] GC(14) - age   1:    1829120 bytes,    1829120 total
[2025-08-08T15:22:29.342+0000][7][gc,age      ] GC(14) - age   2:   16902296 bytes,   18731416 total
[2025-08-08T15:22:29.342+0000][7][gc,age      ] GC(14) - age   3:   10721928 bytes,   29453344 total
[2025-08-08T15:22:29.342+0000][7][gc,age      ] GC(14) - age   4:      57904 bytes,   29511248 total
[2025-08-08T15:22:29.342+0000][7][gc,heap     ] GC(14) Eden regions: 137->0(145)
[2025-08-08T15:22:29.342+0000][7][gc,heap     ] GC(14) Survivor regions: 16->8(20)
[2025-08-08T15:22:29.342+0000][7][gc,heap     ] GC(14) Old regions: 5->12
[2025-08-08T15:22:29.342+0000][7][gc,heap     ] GC(14) Humongous regions: 2->2
[2025-08-08T15:22:29.342+0000][7][gc,metaspace] GC(14) Metaspace: 104455K(107328K)->104455K(107328K) NonClass: 89705K(91264K)->89705K(91264K) Class: 14750K(16064K)->14750K(16064K)
[2025-08-08T15:22:29.342+0000][7][gc          ] GC(14) Pause Young (Normal) (G1 Evacuation Pause) 633M->86M(1024M) 39.536ms
[2025-08-08T15:22:29.342+0000][7][gc,cpu      ] GC(14) User=0.18s Sys=0.02s Real=0.04s
[2025-08-08T15:22:29.342+0000][7][safepoint   ] Safepoint "G1CollectForAllocation", Time since last: 683976753 ns, Reaching safepoint: 10989 ns, Cleanup: 86030 ns, At safepoint: 39688089 ns, Total: 39785108 ns
[2025-08-08T15:22:30.344+0000][7][safepoint   ] Safepoint "Cleanup", Time since last: 1000810112 ns, Reaching safepoint: 131314 ns, Cleanup: 146874 ns, At safepoint: 39191 ns, Total: 317379 ns
[2025-08-08T15:22:31.344+0000][7][safepoint   ] Safepoint "Cleanup", Time since last: 1000497155 ns, Reaching safepoint: 11687 ns, Cleanup: 97490 ns, At safepoint: 40590 ns, Total: 149767 ns
[2025-08-08T15:22:32.347+0000][7][safepoint   ] Safepoint "Cleanup", Time since last: 1002997196 ns, Reaching safepoint: 10769 ns, Cleanup: 84727 ns, At safepoint: 44565 ns, Total: 140061 ns
[2025-08-08T15:22:33.348+0000][7][safepoint   ] Safepoint "Cleanup", Time since last: 1000556012 ns, Reaching safepoint: 166464 ns, Cleanup: 75559 ns, At safepoint: 40943 ns, Total: 282966 ns
[2025-08-08T15:22:33.862+0000][7][gc,start    ] GC(15) Pause Young (Normal) (G1 Evacuation Pause)
[2025-08-08T15:22:33.862+0000][7][gc,task     ] GC(15) Using 8 workers of 8 for evacuation
[2025-08-08T15:22:33.862+0000][7][gc,age      ] GC(15) Desired survivor size 41943040 bytes, new threshold 15 (max threshold 15)
[2025-08-08T15:22:33.887+0000][7][gc,phases   ] GC(15)   Pre Evacuate Collection Set: 0.44ms
[2025-08-08T15:22:33.887+0000][7][gc,phases   ] GC(15)   Merge Heap Roots: 0.13ms
[2025-08-08T15:22:33.887+0000][7][gc,phases   ] GC(15)   Evacuate Collection Set: 20.89ms
[2025-08-08T15:22:33.887+0000][7][gc,phases   ] GC(15)   Post Evacuate Collection Set: 3.06ms
[2025-08-08T15:22:33.887+0000][7][gc,phases   ] GC(15)   Other: 0.12ms
[2025-08-08T15:22:33.887+0000][7][gc,age      ] GC(15) Age table with threshold 15 (max threshold 15)
[2025-08-08T15:22:33.887+0000][7][gc,age      ] GC(15) - age   1:     236744 bytes,     236744 total
[2025-08-08T15:22:33.887+0000][7][gc,age      ] GC(15) - age   2:    1642464 bytes,    1879208 total
[2025-08-08T15:22:33.887+0000][7][gc,age      ] GC(15) - age   3:   16899088 bytes,   18778296 total
[2025-08-08T15:22:33.887+0000][7][gc,age      ] GC(15) - age   4:   10721856 bytes,   29500152 total
[2025-08-08T15:22:33.887+0000][7][gc,age      ] GC(15) - age   5:      57904 bytes,   29558056 total
[2025-08-08T15:22:33.887+0000][7][gc,heap     ] GC(15) Eden regions: 145->0(145)
[2025-08-08T15:22:33.887+0000][7][gc,heap     ] GC(15) Survivor regions: 8->8(20)
[2025-08-08T15:22:33.887+0000][7][gc,heap     ] GC(15) Old regions: 12->12
[2025-08-08T15:22:33.887+0000][7][gc,heap     ] GC(15) Humongous regions: 2->2
[2025-08-08T15:22:33.887+0000][7][gc,metaspace] GC(15) Metaspace: 105391K(108224K)->105391K(108224K) NonClass: 90640K(92160K)->90640K(92160K) Class: 14751K(16064K)->14751K(16064K)
[2025-08-08T15:22:33.887+0000][7][gc          ] GC(15) Pause Young (Normal) (G1 Evacuation Pause) 666M->85M(1024M) 24.854ms
[2025-08-08T15:22:33.887+0000][7][gc,cpu      ] GC(15) User=0.10s Sys=0.02s Real=0.03s
[2025-08-08T15:22:33.891+0000][7][safepoint   ] Safepoint "G1CollectForAllocation", Time since last: 513540861 ns, Reaching safepoint: 10492 ns, Cleanup: 65595 ns, At safepoint: 28776056 ns, Total: 28852143 ns
[2025-08-08T15:22:34.891+0000][7][safepoint   ] Safepoint "Cleanup", Time since last: 1000606758 ns, Reaching safepoint: 12213 ns, Cleanup: 30688 ns, At safepoint: 8203 ns, Total: 51104 ns
[2025-08-08T15:22:35.895+0000][7][safepoint   ] Safepoint "Cleanup", Time since last: 1003936156 ns, Reaching safepoint: 14071 ns, Cleanup: 19156 ns, At safepoint: 10507 ns, Total: 43734 ns
[2025-08-08T15:22:36.896+0000][7][safepoint   ] Safepoint "Cleanup", Time since last: 1000695112 ns, Reaching safepoint: 16279 ns, Cleanup: 23449 ns, At safepoint: 10615 ns, Total: 50343 ns
[2025-08-08T15:22:38.768+0000][7][safepoint   ] Safepoint "Cleanup", Time since last: 1871857798 ns, Reaching safepoint: 6428 ns, Cleanup: 29831 ns, At safepoint: 6592 ns, Total: 42851 ns
[2025-08-08T15:22:39.769+0000][7][safepoint   ] Safepoint "Cleanup", Time since last: 1001100049 ns, Reaching safepoint: 15255 ns, Cleanup: 74120 ns, At safepoint: 9168 ns, Total: 98543 ns
[2025-08-08T15:22:41.770+0000][7][safepoint   ] Safepoint "Cleanup", Time since last: 2001251803 ns, Reaching safepoint: 21029 ns, Cleanup: 33468 ns, At safepoint: 10336 ns, Total: 64833 ns
[2025-08-08T15:22:42.891+0000][7][safepoint   ] Safepoint "Cleanup", Time since last: 1120176340 ns, Reaching safepoint: 4937 ns, Cleanup: 35128 ns, At safepoint: 5752 ns, Total: 45817 ns
[2025-08-08T15:22:43.931+0000][7][safepoint   ] Safepoint "Cleanup", Time since last: 1039991229 ns, Reaching safepoint: 13441 ns, Cleanup: 88957 ns, At safepoint: 7568 ns, Total: 109966 ns
[2025-08-08T15:22:44.931+0000][7][safepoint   ] Safepoint "Cleanup", Time since last: 1000416990 ns, Reaching safepoint: 15255 ns, Cleanup: 48595 ns, At safepoint: 10663 ns, Total: 74513 ns
[2025-08-08T15:22:45.932+0000][7][safepoint   ] Safepoint "Cleanup", Time since last: 1000551872 ns, Reaching safepoint: 13460 ns, Cleanup: 14180 ns, At safepoint: 7549 ns, Total: 35189 ns
[2025-08-08T15:22:47.632+0000][7][safepoint   ] Safepoint "Cleanup", Time since last: 1699678961 ns, Reaching safepoint: 15323 ns, Cleanup: 41563 ns, At safepoint: 8420 ns, Total: 65306 ns
[2025-08-08T15:22:48.633+0000][7][safepoint   ] Safepoint "Cleanup", Time since last: 1000962337 ns, Reaching safepoint: 52303 ns, Cleanup: 98870 ns, At safepoint: 8085 ns, Total: 159258 ns
[2025-08-08T15:22:49.633+0000][7][safepoint   ] Safepoint "Cleanup", Time since last: 1000609696 ns, Reaching safepoint: 13754 ns, Cleanup: 34808 ns, At safepoint: 7924 ns, Total: 56486 ns
[2025-08-08T15:22:50.634+0000][7][safepoint   ] Safepoint "Cleanup", Time since last: 1000180589 ns, Reaching safepoint: 16972 ns, Cleanup: 41599 ns, At safepoint: 9230 ns, Total: 67801 ns
[2025-08-08T15:22:51.634+0000][7][safepoint   ] Safepoint "Cleanup", Time since last: 1000223939 ns, Reaching safepoint: 15033 ns, Cleanup: 35564 ns, At safepoint: 8053 ns, Total: 58650 ns
[2025-08-08T15:22:52.797+0000][7][safepoint   ] Safepoint "Cleanup", Time since last: 1162849202 ns, Reaching safepoint: 7294 ns, Cleanup: 68891 ns, At safepoint: 6985 ns, Total: 83170 ns
[2025-08-08T15:22:54.162+0000][7][safepoint   ] Safepoint "Cleanup", Time since last: 1365240944 ns, Reaching safepoint: 20098 ns, Cleanup: 141389 ns, At safepoint: 13108 ns, Total: 174595 ns
[2025-08-08T15:22:55.163+0000][7][safepoint   ] Safepoint "Cleanup", Time since last: 1000468886 ns, Reaching safepoint: 16934 ns, Cleanup: 18147 ns, At safepoint: 8922 ns, Total: 44003 ns
[2025-08-08T15:22:56.165+0000][7][safepoint   ] Safepoint "Cleanup", Time since last: 1002548681 ns, Reaching safepoint: 14408 ns, Cleanup: 34609 ns, At safepoint: 7389 ns, Total: 56406 ns
[2025-08-08T15:22:57.166+0000][7][safepoint   ] Safepoint "Cleanup", Time since last: 1000484328 ns, Reaching safepoint: 19157 ns, Cleanup: 93293 ns, At safepoint: 12119 ns, Total: 124569 ns
[2025-08-08T15:22:58.270+0000][7][safepoint   ] Safepoint "ICBufferFull", Time since last: 1103659946 ns, Reaching safepoint: 36329 ns, Cleanup: 114738 ns, At safepoint: 8201 ns, Total: 159268 ns
[2025-08-08T15:22:59.271+0000][7][safepoint   ] Safepoint "Cleanup", Time since last: 1000833785 ns, Reaching safepoint: 16067 ns, Cleanup: 46060 ns, At safepoint: 13890 ns, Total: 76017 ns
[2025-08-08T15:23:00.271+0000][7][safepoint   ] Safepoint "Cleanup", Time since last: 1000505928 ns, Reaching safepoint: 19668 ns, Cleanup: 51312 ns, At safepoint: 11000 ns, Total: 81980 ns
[2025-08-08T15:23:01.272+0000][7][safepoint   ] Safepoint "Cleanup", Time since last: 1000401035 ns, Reaching safepoint: 17834 ns, Cleanup: 55383 ns, At safepoint: 10968 ns, Total: 84185 ns
[2025-08-08T15:23:02.272+0000][7][safepoint   ] Safepoint "Cleanup", Time since last: 1000455912 ns, Reaching safepoint: 20231 ns, Cleanup: 42884 ns, At safepoint: 36039 ns, Total: 99154 ns
[2025-08-08T15:23:03.273+0000][7][safepoint   ] Safepoint "Cleanup", Time since last: 1000343952 ns, Reaching safepoint: 69402 ns, Cleanup: 135092 ns, At safepoint: 36904 ns, Total: 241398 ns
[2025-08-08T15:23:04.273+0000][7][safepoint   ] Safepoint "Cleanup", Time since last: 1000460027 ns, Reaching safepoint: 18765 ns, Cleanup: 42552 ns, At safepoint: 10961 ns, Total: 72278 ns
[2025-08-08T15:23:05.274+0000][7][safepoint   ] Safepoint "Cleanup", Time since last: 1000276119 ns, Reaching safepoint: 17405 ns, Cleanup: 39911 ns, At safepoint: 8810 ns, Total: 66126 ns
[2025-08-08T15:23:06.274+0000][7][safepoint   ] Safepoint "Cleanup", Time since last: 1000292670 ns, Reaching safepoint: 15596 ns, Cleanup: 27528 ns, At safepoint: 7755 ns, Total: 50879 ns
[2025-08-08T15:23:07.275+0000][7][safepoint   ] Safepoint "Cleanup", Time since last: 1000776181 ns, Reaching safepoint: 14300 ns, Cleanup: 44345 ns, At safepoint: 7371 ns, Total: 66016 ns
[2025-08-08T15:23:08.278+0000][7][safepoint   ] Safepoint "Cleanup", Time since last: 1003063137 ns, Reaching safepoint: 34206 ns, Cleanup: 30029 ns, At safepoint: 11785 ns, Total: 76020 ns
[2025-08-08T15:23:09.278+0000][7][safepoint   ] Safepoint "Cleanup", Time since last: 1000163887 ns, Reaching safepoint: 17391 ns, Cleanup: 22816 ns, At safepoint: 9350 ns, Total: 49557 ns
[2025-08-08T15:23:10.279+0000][7][safepoint   ] Safepoint "Cleanup", Time since last: 1000430544 ns, Reaching safepoint: 17407 ns, Cleanup: 18911 ns, At safepoint: 8971 ns, Total: 45289 ns
[2025-08-08T15:23:11.280+0000][7][safepoint   ] Safepoint "Cleanup", Time since last: 1001073920 ns, Reaching safepoint: 15981 ns, Cleanup: 18208 ns, At safepoint: 10036 ns, Total: 44225 ns
[2025-08-08T15:23:12.281+0000][7][safepoint   ] Safepoint "Cleanup", Time since last: 1000707811 ns, Reaching safepoint: 17595 ns, Cleanup: 18826 ns, At safepoint: 10853 ns, Total: 47274 ns
[2025-08-08T15:23:13.283+0000][7][safepoint   ] Safepoint "Cleanup", Time since last: 1002315060 ns, Reaching safepoint: 20038 ns, Cleanup: 73604 ns, At safepoint: 15243 ns, Total: 108885 ns
[2025-08-08T15:23:14.284+0000][7][safepoint   ] Safepoint "Cleanup", Time since last: 1001191595 ns, Reaching safepoint: 20458 ns, Cleanup: 99313 ns, At safepoint: 12107 ns, Total: 131878 ns
[2025-08-08T15:23:15.285+0000][7][safepoint   ] Safepoint "Cleanup", Time since last: 1000210500 ns, Reaching safepoint: 618301 ns, Cleanup: 216184 ns, At safepoint: 54017 ns, Total: 888502 ns
[2025-08-08T15:23:16.928+0000][7][safepoint   ] Safepoint "Cleanup", Time since last: 1642353093 ns, Reaching safepoint: 19326 ns, Cleanup: 223280 ns, At safepoint: 45036 ns, Total: 287642 ns
[2025-08-08T15:23:17.929+0000][7][safepoint   ] Safepoint "Cleanup", Time since last: 1000633277 ns, Reaching safepoint: 362349 ns, Cleanup: 207055 ns, At safepoint: 91203 ns, Total: 660607 ns
[2025-08-08T15:23:18.932+0000][7][safepoint   ] Safepoint "Cleanup", Time since last: 1002747613 ns, Reaching safepoint: 16783 ns, Cleanup: 155113 ns, At safepoint: 33963 ns, Total: 205859 ns
[2025-08-08T15:23:19.935+0000][7][safepoint   ] Safepoint "Cleanup", Time since last: 1000446525 ns, Reaching safepoint: 2193521 ns, Cleanup: 244056 ns, At safepoint: 103416 ns, Total: 2540993 ns
[2025-08-08T15:23:20.936+0000][7][safepoint   ] Safepoint "Cleanup", Time since last: 1000197164 ns, Reaching safepoint: 24170 ns, Cleanup: 144972 ns, At safepoint: 20007 ns, Total: 189149 ns
[2025-08-08T15:23:21.941+0000][7][safepoint   ] Safepoint "Cleanup", Time since last: 1000234389 ns, Reaching safepoint: 5055639 ns, Cleanup: 153623 ns, At safepoint: 270861 ns, Total: 5480123 ns
[2025-08-08T15:23:22.946+0000][7][safepoint   ] Safepoint "Cleanup", Time since last: 1004577840 ns, Reaching safepoint: 22927 ns, Cleanup: 87203 ns, At safepoint: 13163 ns, Total: 123293 ns
[2025-08-08T15:23:23.956+0000][7][safepoint   ] Safepoint "Cleanup", Time since last: 1007704708 ns, Reaching safepoint: 1161604 ns, Cleanup: 422497 ns, At safepoint: 144270 ns, Total: 1728371 ns
[2025-08-08T15:23:24.961+0000][7][safepoint   ] Safepoint "Cleanup", Time since last: 1004760868 ns, Reaching safepoint: 479249 ns, Cleanup: 130461 ns, At safepoint: 43229 ns, Total: 652939 ns
[2025-08-08T15:23:25.963+0000][7][safepoint   ] Safepoint "Cleanup", Time since last: 1000733668 ns, Reaching safepoint: 107282 ns, Cleanup: 370873 ns, At safepoint: 521303 ns, Total: 999458 ns
[2025-08-08T15:23:26.661+0000][7][gc,start    ] GC(16) Pause Young (Normal) (G1 Evacuation Pause)
[2025-08-08T15:23:26.661+0000][7][gc,task     ] GC(16) Using 8 workers of 8 for evacuation
[2025-08-08T15:23:26.661+0000][7][gc,age      ] GC(16) Desired survivor size 41943040 bytes, new threshold 15 (max threshold 15)
[2025-08-08T15:23:26.727+0000][7][gc,phases   ] GC(16)   Pre Evacuate Collection Set: 0.86ms
[2025-08-08T15:23:26.728+0000][7][gc,phases   ] GC(16)   Merge Heap Roots: 0.53ms
[2025-08-08T15:23:26.728+0000][7][gc,phases   ] GC(16)   Evacuate Collection Set: 44.39ms
[2025-08-08T15:23:26.728+0000][7][gc,phases   ] GC(16)   Post Evacuate Collection Set: 20.47ms
[2025-08-08T15:23:26.728+0000][7][gc,phases   ] GC(16)   Other: 0.17ms
[2025-08-08T15:23:26.728+0000][7][gc,age      ] GC(16) Age table with threshold 15 (max threshold 15)
[2025-08-08T15:23:26.728+0000][7][gc,age      ] GC(16) - age   1:    4786136 bytes,    4786136 total
[2025-08-08T15:23:26.728+0000][7][gc,age      ] GC(16) - age   2:      44976 bytes,    4831112 total
[2025-08-08T15:23:26.728+0000][7][gc,age      ] GC(16) - age   3:    1604664 bytes,    6435776 total
[2025-08-08T15:23:26.728+0000][7][gc,age      ] GC(16) - age   4:   16894472 bytes,   23330248 total
[2025-08-08T15:23:26.728+0000][7][gc,age      ] GC(16) - age   5:   10721648 bytes,   34051896 total
[2025-08-08T15:23:26.728+0000][7][gc,age      ] GC(16) - age   6:      57904 bytes,   34109800 total
[2025-08-08T15:23:26.728+0000][7][gc,heap     ] GC(16) Eden regions: 145->0(144)
[2025-08-08T15:23:26.728+0000][7][gc,heap     ] GC(16) Survivor regions: 8->9(20)
[2025-08-08T15:23:26.728+0000][7][gc,heap     ] GC(16) Old regions: 12->12
[2025-08-08T15:23:26.728+0000][7][gc,heap     ] GC(16) Humongous regions: 2->2
[2025-08-08T15:23:26.728+0000][7][gc,metaspace] GC(16) Metaspace: 112469K(115328K)->112469K(115328K) NonClass: 96956K(98496K)->96956K(98496K) Class: 15512K(16832K)->15512K(16832K)
[2025-08-08T15:23:26.728+0000][7][gc          ] GC(16) Pause Young (Normal) (G1 Evacuation Pause) 665M->90M(1024M) 66.756ms
[2025-08-08T15:23:26.728+0000][7][gc,cpu      ] GC(16) User=0.10s Sys=0.05s Real=0.07s
[2025-08-08T15:23:26.728+0000][7][safepoint   ] Safepoint "G1CollectForAllocation", Time since last: 698085653 ns, Reaching safepoint: 20170 ns, Cleanup: 114508 ns, At safepoint: 66939232 ns, Total: 67073910 ns
[2025-08-08T15:23:28.486+0000][7][safepoint   ] Safepoint "Cleanup", Time since last: 1757039011 ns, Reaching safepoint: 660592 ns, Cleanup: 191634 ns, At safepoint: 56630 ns, Total: 908856 ns
[2025-08-08T15:23:29.491+0000][7][safepoint   ] Safepoint "Cleanup", Time since last: 1002552659 ns, Reaching safepoint: 1851156 ns, Cleanup: 215734 ns, At safepoint: 127170 ns, Total: 2194060 ns
[2025-08-08T15:23:30.492+0000][7][safepoint   ] Safepoint "Cleanup", Time since last: 1000249561 ns, Reaching safepoint: 1099478 ns, Cleanup: 115944 ns, At safepoint: 41815 ns, Total: 1257237 ns
[2025-08-08T15:23:31.493+0000][7][safepoint   ] Safepoint "Cleanup", Time since last: 1001190024 ns, Reaching safepoint: 19508 ns, Cleanup: 71841 ns, At safepoint: 14119 ns, Total: 105468 ns
[2025-08-08T15:23:32.497+0000][7][safepoint   ] Safepoint "Cleanup", Time since last: 1001086580 ns, Reaching safepoint: 2551248 ns, Cleanup: 65230 ns, At safepoint: 147974 ns, Total: 2764452 ns
[2025-08-08T15:23:33.501+0000][7][safepoint   ] Safepoint "Cleanup", Time since last: 1000276342 ns, Reaching safepoint: 3080184 ns, Cleanup: 41215 ns, At safepoint: 72350 ns, Total: 3193749 ns
[2025-08-08T15:23:34.503+0000][7][safepoint   ] Safepoint "Cleanup", Time since last: 1002153390 ns, Reaching safepoint: 19941 ns, Cleanup: 41019 ns, At safepoint: 11092 ns, Total: 72052 ns
[2025-08-08T15:23:35.508+0000][7][safepoint   ] Safepoint "Cleanup", Time since last: 1004121832 ns, Reaching safepoint: 571444 ns, Cleanup: 122300 ns, At safepoint: 61893 ns, Total: 755637 ns
[2025-08-08T15:23:36.511+0000][7][safepoint   ] Safepoint "Cleanup", Time since last: 1000614521 ns, Reaching safepoint: 2151816 ns, Cleanup: 228678 ns, At safepoint: 73631 ns, Total: 2454125 ns
[2025-08-08T15:23:37.088+0000][7][gc,start    ] GC(17) Pause Young (Concurrent Start) (CodeCache GC Threshold)
[2025-08-08T15:23:37.088+0000][7][gc,task     ] GC(17) Using 8 workers of 8 for evacuation
[2025-08-08T15:23:37.088+0000][7][gc,age      ] GC(17) Desired survivor size 41943040 bytes, new threshold 15 (max threshold 15)
[2025-08-08T15:23:37.151+0000][7][gc,phases   ] GC(17)   Pre Evacuate Collection Set: 0.36ms
[2025-08-08T15:23:37.151+0000][7][gc,phases   ] GC(17)   Merge Heap Roots: 0.17ms
[2025-08-08T15:23:37.151+0000][7][gc,phases   ] GC(17)   Evacuate Collection Set: 53.88ms
[2025-08-08T15:23:37.151+0000][7][gc,phases   ] GC(17)   Post Evacuate Collection Set: 7.94ms
[2025-08-08T15:23:37.151+0000][7][gc,phases   ] GC(17)   Other: 1.35ms
[2025-08-08T15:23:37.151+0000][7][gc,age      ] GC(17) Age table with threshold 15 (max threshold 15)
[2025-08-08T15:23:37.152+0000][7][gc,age      ] GC(17) - age   1:    2081928 bytes,    2081928 total
[2025-08-08T15:23:37.152+0000][7][gc,age      ] GC(17) - age   2:    3220512 bytes,    5302440 total
[2025-08-08T15:23:37.152+0000][7][gc,age      ] GC(17) - age   3:      44976 bytes,    5347416 total
[2025-08-08T15:23:37.152+0000][7][gc,age      ] GC(17) - age   4:    1604472 bytes,    6951888 total
[2025-08-08T15:23:37.152+0000][7][gc,age      ] GC(17) - age   5:   16894392 bytes,   23846280 total
[2025-08-08T15:23:37.152+0000][7][gc,age      ] GC(17) - age   6:   10721648 bytes,   34567928 total
[2025-08-08T15:23:37.152+0000][7][gc,age      ] GC(17) - age   7:      57904 bytes,   34625832 total
[2025-08-08T15:23:37.152+0000][7][gc,heap     ] GC(17) Eden regions: 109->0(143)
[2025-08-08T15:23:37.152+0000][7][gc,heap     ] GC(17) Survivor regions: 9->10(20)
[2025-08-08T15:23:37.152+0000][7][gc,heap     ] GC(17) Old regions: 12->12
[2025-08-08T15:23:37.152+0000][7][gc,heap     ] GC(17) Humongous regions: 2->2
[2025-08-08T15:23:37.152+0000][7][gc,metaspace] GC(17) Metaspace: 112748K(115712K)->112748K(115712K) NonClass: 97230K(98816K)->97230K(98816K) Class: 15518K(16896K)->15518K(16896K)
[2025-08-08T15:23:37.152+0000][7][gc          ] GC(17) Pause Young (Concurrent Start) (CodeCache GC Threshold) 525M->91M(1024M) 64.098ms
[2025-08-08T15:23:37.152+0000][7][gc,cpu      ] GC(17) User=0.12s Sys=0.04s Real=0.06s
[2025-08-08T15:23:37.152+0000][7][gc          ] GC(18) Concurrent Mark Cycle
[2025-08-08T15:23:37.152+0000][7][gc,marking  ] GC(18) Concurrent Scan Root Regions
[2025-08-08T15:23:37.152+0000][7][safepoint   ] Safepoint "G1TryInitiateConcMark", Time since last: 576255951 ns, Reaching safepoint: 259533 ns, Cleanup: 142599 ns, At safepoint: 64691671 ns, Total: 65093803 ns
[2025-08-08T15:23:37.186+0000][7][gc,marking  ] GC(18) Concurrent Scan Root Regions 34.491ms
[2025-08-08T15:23:37.186+0000][7][gc,marking  ] GC(18) Concurrent Mark
[2025-08-08T15:23:37.186+0000][7][gc,marking  ] GC(18) Concurrent Mark From Roots
[2025-08-08T15:23:37.186+0000][7][gc,task     ] GC(18) Using 2 workers of 2 for marking
[2025-08-08T15:23:37.307+0000][7][gc,marking  ] GC(18) Concurrent Mark From Roots 120.157ms
[2025-08-08T15:23:37.307+0000][7][gc,marking  ] GC(18) Concurrent Preclean
[2025-08-08T15:23:37.307+0000][7][gc,marking  ] GC(18) Concurrent Preclean 0.301ms
[2025-08-08T15:23:37.309+0000][7][gc,start    ] GC(18) Pause Remark
[2025-08-08T15:23:37.334+0000][7][gc          ] GC(18) Pause Remark 105M->105M(1024M) 24.933ms
[2025-08-08T15:23:37.334+0000][7][gc,cpu      ] GC(18) User=0.08s Sys=0.02s Real=0.02s
[2025-08-08T15:23:37.338+0000][7][safepoint   ] Safepoint "G1PauseRemark", Time since last: 156983253 ns, Reaching safepoint: 139679 ns, Cleanup: 53109 ns, At safepoint: 28999712 ns, Total: 29192500 ns
[2025-08-08T15:23:37.339+0000][7][gc,marking  ] GC(18) Concurrent Mark 152.118ms
[2025-08-08T15:23:37.339+0000][7][gc,marking  ] GC(18) Concurrent Rebuild Remembered Sets and Scrub Regions
[2025-08-08T15:23:37.393+0000][7][gc,marking  ] GC(18) Concurrent Rebuild Remembered Sets and Scrub Regions 54.198ms
[2025-08-08T15:23:37.398+0000][7][gc,start    ] GC(18) Pause Cleanup
[2025-08-08T15:23:37.399+0000][7][gc          ] GC(18) Pause Cleanup 108M->108M(1024M) 0.354ms
[2025-08-08T15:23:37.399+0000][7][gc,cpu      ] GC(18) User=0.00s Sys=0.00s Real=0.00s
[2025-08-08T15:23:37.399+0000][7][safepoint   ] Safepoint "G1PauseCleanup", Time since last: 59971209 ns, Reaching safepoint: 18492 ns, Cleanup: 49163 ns, At safepoint: 552497 ns, Total: 620152 ns
[2025-08-08T15:23:37.399+0000][7][gc,marking  ] GC(18) Concurrent Clear Claimed Marks
[2025-08-08T15:23:37.400+0000][7][gc,marking  ] GC(18) Concurrent Clear Claimed Marks 0.442ms
[2025-08-08T15:23:37.400+0000][7][gc,marking  ] GC(18) Concurrent Cleanup for Next Mark
[2025-08-08T15:23:37.405+0000][7][gc,marking  ] GC(18) Concurrent Cleanup for Next Mark 5.343ms
[2025-08-08T15:23:37.405+0000][7][gc          ] GC(18) Concurrent Mark Cycle 253.233ms
[2025-08-08T15:23:38.401+0000][7][safepoint   ] Safepoint "Cleanup", Time since last: 1001081873 ns, Reaching safepoint: 954055 ns, Cleanup: 68640 ns, At safepoint: 92763 ns, Total: 1115458 ns
[2025-08-08T15:23:39.403+0000][7][safepoint   ] Safepoint "Cleanup", Time since last: 1001372376 ns, Reaching safepoint: 798752 ns, Cleanup: 71223 ns, At safepoint: 77972 ns, Total: 947947 ns
[2025-08-08T15:23:40.404+0000][7][safepoint   ] Safepoint "Cleanup", Time since last: 1000246900 ns, Reaching safepoint: 20990 ns, Cleanup: 56631 ns, At safepoint: 12362 ns, Total: 89983 ns
[2025-08-08T15:23:41.404+0000][7][safepoint   ] Safepoint "Cleanup", Time since last: 1000404428 ns, Reaching safepoint: 21171 ns, Cleanup: 70431 ns, At safepoint: 16850 ns, Total: 108452 ns
[2025-08-08T15:23:42.405+0000][7][safepoint   ] Safepoint "Cleanup", Time since last: 1000235126 ns, Reaching safepoint: 21797 ns, Cleanup: 64149 ns, At safepoint: 13731 ns, Total: 99677 ns
[2025-08-08T15:23:43.408+0000][7][safepoint   ] Safepoint "Cleanup", Time since last: 1000232795 ns, Reaching safepoint: 2851966 ns, Cleanup: 122128 ns, At safepoint: 89604 ns, Total: 3063698 ns
[2025-08-08T15:23:44.410+0000][7][safepoint   ] Safepoint "Cleanup", Time since last: 1000392317 ns, Reaching safepoint: 1985359 ns, Cleanup: 64107 ns, At safepoint: 83104 ns, Total: 2132570 ns
[2025-08-08T15:23:45.416+0000][7][safepoint   ] Safepoint "Cleanup", Time since last: 1000488206 ns, Reaching safepoint: 4948368 ns, Cleanup: 52175 ns, At safepoint: 153601 ns, Total: 5154144 ns
[2025-08-08T15:23:46.422+0000][7][safepoint   ] Safepoint "Cleanup", Time since last: 1001995595 ns, Reaching safepoint: 2475107 ns, Cleanup: 37360 ns, At safepoint: 994776 ns, Total: 3507243 ns
[2025-08-08T15:23:47.683+0000][7][safepoint   ] Safepoint "Cleanup", Time since last: 1253322712 ns, Reaching safepoint: 1875029 ns, Cleanup: 58779 ns, At safepoint: 5907899 ns, Total: 7841707 ns
[2025-08-08T15:23:48.688+0000][7][safepoint   ] Safepoint "Cleanup", Time since last: 1001670224 ns, Reaching safepoint: 2383827 ns, Cleanup: 65176 ns, At safepoint: 807860 ns, Total: 3256863 ns
[2025-08-08T15:23:49.690+0000][7][safepoint   ] Safepoint "Cleanup", Time since last: 1001092017 ns, Reaching safepoint: 864247 ns, Cleanup: 209930 ns, At safepoint: 456409 ns, Total: 1530586 ns
[2025-08-08T15:23:49.775+0000][7][gc,start    ] GC(19) Pause Young (Normal) (G1 Evacuation Pause)
[2025-08-08T15:23:49.775+0000][7][gc,task     ] GC(19) Using 8 workers of 8 for evacuation
[2025-08-08T15:23:49.775+0000][7][gc,age      ] GC(19) Desired survivor size 41943040 bytes, new threshold 15 (max threshold 15)
[2025-08-08T15:23:49.948+0000][7][gc,phases   ] GC(19)   Pre Evacuate Collection Set: 3.50ms
[2025-08-08T15:23:49.948+0000][7][gc,phases   ] GC(19)   Merge Heap Roots: 0.44ms
[2025-08-08T15:23:49.948+0000][7][gc,phases   ] GC(19)   Evacuate Collection Set: 116.91ms
[2025-08-08T15:23:49.948+0000][7][gc,phases   ] GC(19)   Post Evacuate Collection Set: 51.82ms
[2025-08-08T15:23:49.948+0000][7][gc,phases   ] GC(19)   Other: 0.18ms
[2025-08-08T15:23:49.948+0000][7][gc,age      ] GC(19) Age table with threshold 15 (max threshold 15)
[2025-08-08T15:23:49.948+0000][7][gc,age      ] GC(19) - age   1:    2786064 bytes,    2786064 total
[2025-08-08T15:23:49.948+0000][7][gc,age      ] GC(19) - age   2:    1503536 bytes,    4289600 total
[2025-08-08T15:23:49.951+0000][7][gc,age      ] GC(19) - age   3:    3192776 bytes,    7482376 total
[2025-08-08T15:23:49.951+0000][7][gc,age      ] GC(19) - age   4:      44544 bytes,    7526920 total
[2025-08-08T15:23:49.951+0000][7][gc,age      ] GC(19) - age   5:    1604248 bytes,    9131168 total
[2025-08-08T15:23:49.952+0000][7][gc,age      ] GC(19) - age   6:   16822344 bytes,   25953512 total
[2025-08-08T15:23:49.952+0000][7][gc,age      ] GC(19) - age   7:   10720592 bytes,   36674104 total
[2025-08-08T15:23:49.952+0000][7][gc,age      ] GC(19) - age   8:      57904 bytes,   36732008 total
[2025-08-08T15:23:49.952+0000][7][gc,heap     ] GC(19) Eden regions: 143->0(143)
[2025-08-08T15:23:49.952+0000][7][gc,heap     ] GC(19) Survivor regions: 10->10(20)
[2025-08-08T15:23:49.952+0000][7][gc,heap     ] GC(19) Old regions: 12->12
[2025-08-08T15:23:49.952+0000][7][gc,heap     ] GC(19) Humongous regions: 2->2
[2025-08-08T15:23:49.952+0000][7][gc,metaspace] GC(19) Metaspace: 112940K(115904K)->112940K(115904K) NonClass: 97420K(99008K)->97420K(99008K) Class: 15520K(16896K)->15520K(16896K)
[2025-08-08T15:23:49.952+0000][7][gc          ] GC(19) Pause Young (Normal) (G1 Evacuation Pause) 662M->92M(1024M) 176.763ms
[2025-08-08T15:23:49.952+0000][7][gc,cpu      ] GC(19) User=0.28s Sys=0.08s Real=0.18s
[2025-08-08T15:23:49.958+0000][7][safepoint   ] Safepoint "G1CollectForAllocation", Time since last: 84439077 ns, Reaching safepoint: 28014 ns, Cleanup: 25683 ns, At safepoint: 182813255 ns, Total: 182866952 ns
[2025-08-08T15:23:50.959+0000][7][safepoint   ] Safepoint "Cleanup", Time since last: 1000995484 ns, Reaching safepoint: 240655 ns, Cleanup: 165146 ns, At safepoint: 19390 ns, Total: 425191 ns
[2025-08-08T15:23:51.961+0000][7][safepoint   ] Safepoint "Cleanup", Time since last: 1001903674 ns, Reaching safepoint: 310339 ns, Cleanup: 43477 ns, At safepoint: 22984 ns, Total: 376800 ns
[2025-08-08T15:23:52.963+0000][7][safepoint   ] Safepoint "Cleanup", Time since last: 1000267279 ns, Reaching safepoint: 846977 ns, Cleanup: 40937 ns, At safepoint: 377666 ns, Total: 1265580 ns
[2025-08-08T15:23:53.965+0000][7][safepoint   ] Safepoint "Cleanup", Time since last: 1002352852 ns, Reaching safepoint: 22625 ns, Cleanup: 84281 ns, At safepoint: 15858 ns, Total: 122764 ns
[2025-08-08T15:23:54.973+0000][7][safepoint   ] Safepoint "Cleanup", Time since last: 1003379911 ns, Reaching safepoint: 4034696 ns, Cleanup: 58987 ns, At safepoint: 30376 ns, Total: 4124059 ns
[2025-08-08T15:23:55.978+0000][7][safepoint   ] Safepoint "Cleanup", Time since last: 1003912277 ns, Reaching safepoint: 697243 ns, Cleanup: 62737 ns, At safepoint: 770542 ns, Total: 1530522 ns
[2025-08-08T15:23:56.981+0000][7][safepoint   ] Safepoint "Cleanup", Time since last: 1002230861 ns, Reaching safepoint: 22420 ns, Cleanup: 62489 ns, At safepoint: 16907 ns, Total: 101816 ns
[2025-08-08T15:23:57.983+0000][7][safepoint   ] Safepoint "Cleanup", Time since last: 1002225291 ns, Reaching safepoint: 21258 ns, Cleanup: 41952 ns, At safepoint: 13288 ns, Total: 76498 ns
[2025-08-08T15:23:58.984+0000][7][safepoint   ] Safepoint "Cleanup", Time since last: 1000329074 ns, Reaching safepoint: 33669 ns, Cleanup: 156163 ns, At safepoint: 28084 ns, Total: 217916 ns
[2025-08-08T15:23:59.989+0000][7][safepoint   ] Safepoint "Cleanup", Time since last: 1005514411 ns, Reaching safepoint: 20325 ns, Cleanup: 100628 ns, At safepoint: 20347 ns, Total: 141300 ns
[2025-08-08T15:24:00.992+0000][7][safepoint   ] Safepoint "Cleanup", Time since last: 1001775926 ns, Reaching safepoint: 545975 ns, Cleanup: 99336 ns, At safepoint: 110646 ns, Total: 755957 ns
[2025-08-08T15:24:01.994+0000][7][safepoint   ] Safepoint "Cleanup", Time since last: 1001950839 ns, Reaching safepoint: 19624 ns, Cleanup: 35955 ns, At safepoint: 98171 ns, Total: 153750 ns
[2025-08-08T15:24:02.996+0000][7][safepoint   ] Safepoint "Cleanup", Time since last: 1000600159 ns, Reaching safepoint: 1913314 ns, Cleanup: 40047 ns, At safepoint: 134562 ns, Total: 2087923 ns
[2025-08-08T15:24:03.114+0000][7][gc,start    ] GC(20) Pause Young (Normal) (G1 Evacuation Pause)
[2025-08-08T15:24:03.114+0000][7][gc,task     ] GC(20) Using 8 workers of 8 for evacuation
[2025-08-08T15:24:03.114+0000][7][gc,age      ] GC(20) Desired survivor size 41943040 bytes, new threshold 15 (max threshold 15)
[2025-08-08T15:24:03.166+0000][7][gc,phases   ] GC(20)   Pre Evacuate Collection Set: 0.42ms
[2025-08-08T15:24:03.167+0000][7][gc,phases   ] GC(20)   Merge Heap Roots: 0.19ms
[2025-08-08T15:24:03.167+0000][7][gc,phases   ] GC(20)   Evacuate Collection Set: 42.96ms
[2025-08-08T15:24:03.167+0000][7][gc,phases   ] GC(20)   Post Evacuate Collection Set: 8.74ms
[2025-08-08T15:24:03.167+0000][7][gc,phases   ] GC(20)   Other: 0.15ms
[2025-08-08T15:24:03.167+0000][7][gc,age      ] GC(20) Age table with threshold 15 (max threshold 15)
[2025-08-08T15:24:03.167+0000][7][gc,age      ] GC(20) - age   1:    4353392 bytes,    4353392 total
[2025-08-08T15:24:03.167+0000][7][gc,age      ] GC(20) - age   2:    1470640 bytes,    5824032 total
[2025-08-08T15:24:03.167+0000][7][gc,age      ] GC(20) - age   3:    1223296 bytes,    7047328 total
[2025-08-08T15:24:03.167+0000][7][gc,age      ] GC(20) - age   4:    3184496 bytes,   10231824 total
[2025-08-08T15:24:03.167+0000][7][gc,age      ] GC(20) - age   5:      44544 bytes,   10276368 total
[2025-08-08T15:24:03.167+0000][7][gc,age      ] GC(20) - age   6:    1603928 bytes,   11880296 total
[2025-08-08T15:24:03.167+0000][7][gc,age      ] GC(20) - age   7:   16822344 bytes,   28702640 total
[2025-08-08T15:24:03.167+0000][7][gc,age      ] GC(20) - age   8:   10720504 bytes,   39423144 total
[2025-08-08T15:24:03.167+0000][7][gc,age      ] GC(20) - age   9:      57904 bytes,   39481048 total
[2025-08-08T15:24:03.167+0000][7][gc,heap     ] GC(20) Eden regions: 143->0(142)
[2025-08-08T15:24:03.167+0000][7][gc,heap     ] GC(20) Survivor regions: 10->11(20)
[2025-08-08T15:24:03.167+0000][7][gc,heap     ] GC(20) Old regions: 12->12
[2025-08-08T15:24:03.167+0000][7][gc,heap     ] GC(20) Humongous regions: 2->2
[2025-08-08T15:24:03.167+0000][7][gc,metaspace] GC(20) Metaspace: 113210K(116160K)->113210K(116160K) NonClass: 97682K(99264K)->97682K(99264K) Class: 15528K(16896K)->15528K(16896K)
[2025-08-08T15:24:03.167+0000][7][gc          ] GC(20) Pause Young (Normal) (G1 Evacuation Pause) 664M->95M(1024M) 52.810ms
[2025-08-08T15:24:03.167+0000][7][gc,cpu      ] GC(20) User=0.14s Sys=0.03s Real=0.06s
[2025-08-08T15:24:03.167+0000][7][safepoint   ] Safepoint "G1CollectForAllocation", Time since last: 116981382 ns, Reaching safepoint: 376121 ns, Cleanup: 10394 ns, At safepoint: 53070646 ns, Total: 53457161 ns
[2025-08-08T15:24:04.168+0000][7][safepoint   ] Safepoint "Cleanup", Time since last: 1000417430 ns, Reaching safepoint: 18351 ns, Cleanup: 129507 ns, At safepoint: 54143 ns, Total: 202001 ns
[2025-08-08T15:24:05.176+0000][7][safepoint   ] Safepoint "Cleanup", Time since last: 1000916738 ns, Reaching safepoint: 3934999 ns, Cleanup: 127090 ns, At safepoint: 438768 ns, Total: 4500857 ns
[2025-08-08T15:24:06.182+0000][7][safepoint   ] Safepoint "Cleanup", Time since last: 1009142475 ns, Reaching safepoint: 19989 ns, Cleanup: 137693 ns, At safepoint: 20068 ns, Total: 177750 ns
[2025-08-08T15:24:07.186+0000][7][safepoint   ] Safepoint "Cleanup", Time since last: 1001693483 ns, Reaching safepoint: 2010162 ns, Cleanup: 80175 ns, At safepoint: 137986 ns, Total: 2228323 ns
[2025-08-08T15:24:08.191+0000][7][safepoint   ] Safepoint "Cleanup", Time since last: 1003892338 ns, Reaching safepoint: 507759 ns, Cleanup: 47413 ns, At safepoint: 84178 ns, Total: 639350 ns
[2025-08-08T15:24:09.191+0000][7][safepoint   ] Safepoint "Cleanup", Time since last: 1000385559 ns, Reaching safepoint: 17481 ns, Cleanup: 26172 ns, At safepoint: 12771 ns, Total: 56424 ns
[2025-08-08T15:24:10.192+0000][7][safepoint   ] Safepoint "Cleanup", Time since last: 1000467000 ns, Reaching safepoint: 135824 ns, Cleanup: 60392 ns, At safepoint: 64736 ns, Total: 260952 ns
[2025-08-08T15:24:11.194+0000][7][safepoint   ] Safepoint "Cleanup", Time since last: 1001770091 ns, Reaching safepoint: 18430 ns, Cleanup: 52618 ns, At safepoint: 12563 ns, Total: 83611 ns
[2025-08-08T15:24:12.194+0000][7][safepoint   ] Safepoint "Cleanup", Time since last: 1000350626 ns, Reaching safepoint: 17152 ns, Cleanup: 12394 ns, At safepoint: 81331 ns, Total: 110877 ns
[2025-08-08T15:24:13.195+0000][7][safepoint   ] Safepoint "Cleanup", Time since last: 1000459619 ns, Reaching safepoint: 19635 ns, Cleanup: 86853 ns, At safepoint: 12665 ns, Total: 119153 ns
[2025-08-08T15:24:14.195+0000][7][safepoint   ] Safepoint "Cleanup", Time since last: 1000274876 ns, Reaching safepoint: 19074 ns, Cleanup: 29390 ns, At safepoint: 10888 ns, Total: 59352 ns
[2025-08-08T15:24:14.659+0000][7][gc,start    ] GC(21) Pause Young (Normal) (G1 Evacuation Pause)
[2025-08-08T15:24:14.659+0000][7][gc,task     ] GC(21) Using 8 workers of 8 for evacuation
[2025-08-08T15:24:14.659+0000][7][gc,age      ] GC(21) Desired survivor size 41943040 bytes, new threshold 15 (max threshold 15)
[2025-08-08T15:24:14.690+0000][7][gc,phases   ] GC(21)   Pre Evacuate Collection Set: 0.87ms
[2025-08-08T15:24:14.690+0000][7][gc,phases   ] GC(21)   Merge Heap Roots: 0.28ms
[2025-08-08T15:24:14.690+0000][7][gc,phases   ] GC(21)   Evacuate Collection Set: 24.47ms
[2025-08-08T15:24:14.690+0000][7][gc,phases   ] GC(21)   Post Evacuate Collection Set: 4.57ms
[2025-08-08T15:24:14.690+0000][7][gc,phases   ] GC(21)   Other: 0.22ms
[2025-08-08T15:24:14.690+0000][7][gc,age      ] GC(21) Age table with threshold 15 (max threshold 15)
[2025-08-08T15:24:14.690+0000][7][gc,age      ] GC(21) - age   1:    2569216 bytes,    2569216 total
[2025-08-08T15:24:14.690+0000][7][gc,age      ] GC(21) - age   2:     495312 bytes,    3064528 total
[2025-08-08T15:24:14.690+0000][7][gc,age      ] GC(21) - age   3:     213352 bytes,    3277880 total
[2025-08-08T15:24:14.690+0000][7][gc,age      ] GC(21) - age   4:     297936 bytes,    3575816 total
[2025-08-08T15:24:14.690+0000][7][gc,age      ] GC(21) - age   5:    2282600 bytes,    5858416 total
[2025-08-08T15:24:14.690+0000][7][gc,age      ] GC(21) - age   6:      44544 bytes,    5902960 total
[2025-08-08T15:24:14.690+0000][7][gc,age      ] GC(21) - age   7:    1603928 bytes,    7506888 total
[2025-08-08T15:24:14.690+0000][7][gc,age      ] GC(21) - age   8:   16822344 bytes,   24329232 total
[2025-08-08T15:24:14.690+0000][7][gc,age      ] GC(21) - age   9:   10720416 bytes,   35049648 total
[2025-08-08T15:24:14.690+0000][7][gc,age      ] GC(21) - age  10:      57904 bytes,   35107552 total
[2025-08-08T15:24:14.690+0000][7][gc,heap     ] GC(21) Eden regions: 142->0(143)
[2025-08-08T15:24:14.690+0000][7][gc,heap     ] GC(21) Survivor regions: 11->10(20)
[2025-08-08T15:24:14.690+0000][7][gc,heap     ] GC(21) Old regions: 12->12
[2025-08-08T15:24:14.690+0000][7][gc,heap     ] GC(21) Humongous regions: 2->2
[2025-08-08T15:24:14.690+0000][7][gc,metaspace] GC(21) Metaspace: 113387K(116352K)->113387K(116352K) NonClass: 97858K(99456K)->97858K(99456K) Class: 15529K(16896K)->15529K(16896K)
[2025-08-08T15:24:14.690+0000][7][gc          ] GC(21) Pause Young (Normal) (G1 Evacuation Pause) 663M->92M(1024M) 30.655ms
[2025-08-08T15:24:14.690+0000][7][gc,cpu      ] GC(21) User=0.09s Sys=0.02s Real=0.03s
[2025-08-08T15:24:14.690+0000][7][safepoint   ] Safepoint "G1CollectForAllocation", Time since last: 464052902 ns, Reaching safepoint: 14819 ns, Cleanup: 18092 ns, At safepoint: 30993248 ns, Total: 31026159 ns
[2025-08-08T15:24:15.691+0000][7][safepoint   ] Safepoint "Cleanup", Time since last: 1000554274 ns, Reaching safepoint: 448232 ns, Cleanup: 34830 ns, At safepoint: 101065 ns, Total: 584127 ns
[2025-08-08T15:24:16.693+0000][7][safepoint   ] Safepoint "Cleanup", Time since last: 1001941314 ns, Reaching safepoint: 16570 ns, Cleanup: 31592 ns, At safepoint: 37227 ns, Total: 85389 ns
[2025-08-08T15:24:17.695+0000][7][safepoint   ] Safepoint "Cleanup", Time since last: 1000817040 ns, Reaching safepoint: 259835 ns, Cleanup: 25560 ns, At safepoint: 79942 ns, Total: 365337 ns
[2025-08-08T15:24:18.695+0000][7][safepoint   ] Safepoint "Cleanup", Time since last: 1000142467 ns, Reaching safepoint: 208821 ns, Cleanup: 71142 ns, At safepoint: 455137 ns, Total: 735100 ns
[2025-08-08T15:24:19.696+0000][7][safepoint   ] Safepoint "Cleanup", Time since last: 1000707378 ns, Reaching safepoint: 113675 ns, Cleanup: 56848 ns, At safepoint: 89546 ns, Total: 260069 ns
[2025-08-08T15:24:20.697+0000][7][safepoint   ] Safepoint "Cleanup", Time since last: 1000417065 ns, Reaching safepoint: 164656 ns, Cleanup: 12788 ns, At safepoint: 84075 ns, Total: 261519 ns
[2025-08-08T15:24:21.697+0000][7][safepoint   ] Safepoint "Cleanup", Time since last: 1000238843 ns, Reaching safepoint: 15711 ns, Cleanup: 21676 ns, At safepoint: 10394 ns, Total: 47781 ns
[2025-08-08T15:24:23.698+0000][7][safepoint   ] Safepoint "Cleanup", Time since last: 2000635827 ns, Reaching safepoint: 55262 ns, Cleanup: 15946 ns, At safepoint: 32210 ns, Total: 103418 ns
[2025-08-08T15:24:24.699+0000][7][safepoint   ] Safepoint "Cleanup", Time since last: 1000828857 ns, Reaching safepoint: 59915 ns, Cleanup: 59743 ns, At safepoint: 29582 ns, Total: 149240 ns
[2025-08-08T15:24:25.619+0000][7][gc,start    ] GC(22) Pause Young (Normal) (G1 Evacuation Pause)
[2025-08-08T15:24:25.619+0000][7][gc,task     ] GC(22) Using 8 workers of 8 for evacuation
[2025-08-08T15:24:25.619+0000][7][gc,age      ] GC(22) Desired survivor size 41943040 bytes, new threshold 15 (max threshold 15)
[2025-08-08T15:24:25.674+0000][7][gc,phases   ] GC(22)   Pre Evacuate Collection Set: 0.46ms
[2025-08-08T15:24:25.674+0000][7][gc,phases   ] GC(22)   Merge Heap Roots: 0.32ms
[2025-08-08T15:24:25.674+0000][7][gc,phases   ] GC(22)   Evacuate Collection Set: 43.28ms
[2025-08-08T15:24:25.674+0000][7][gc,phases   ] GC(22)   Post Evacuate Collection Set: 10.82ms
[2025-08-08T15:24:25.674+0000][7][gc,phases   ] GC(22)   Other: 0.16ms
[2025-08-08T15:24:25.674+0000][7][gc,age      ] GC(22) Age table with threshold 15 (max threshold 15)
[2025-08-08T15:24:25.674+0000][7][gc,age      ] GC(22) - age   1:    3745016 bytes,    3745016 total
[2025-08-08T15:24:25.674+0000][7][gc,age      ] GC(22) - age   2:    1267560 bytes,    5012576 total
[2025-08-08T15:24:25.674+0000][7][gc,age      ] GC(22) - age   3:     390232 bytes,    5402808 total
[2025-08-08T15:24:25.674+0000][7][gc,age      ] GC(22) - age   4:     208272 bytes,    5611080 total
[2025-08-08T15:24:25.674+0000][7][gc,age      ] GC(22) - age   5:     297872 bytes,    5908952 total
[2025-08-08T15:24:25.674+0000][7][gc,age      ] GC(22) - age   6:    2281808 bytes,    8190760 total
[2025-08-08T15:24:25.674+0000][7][gc,age      ] GC(22) - age   7:      44544 bytes,    8235304 total
[2025-08-08T15:24:25.674+0000][7][gc,age      ] GC(22) - age   8:    1603928 bytes,    9839232 total
[2025-08-08T15:24:25.674+0000][7][gc,age      ] GC(22) - age   9:   16822344 bytes,   26661576 total
[2025-08-08T15:24:25.674+0000][7][gc,age      ] GC(22) - age  10:   10720328 bytes,   37381904 total
[2025-08-08T15:24:25.674+0000][7][gc,age      ] GC(22) - age  11:      57904 bytes,   37439808 total
[2025-08-08T15:24:25.674+0000][7][gc,heap     ] GC(22) Eden regions: 143->0(143)
[2025-08-08T15:24:25.674+0000][7][gc,heap     ] GC(22) Survivor regions: 10->10(20)
[2025-08-08T15:24:25.674+0000][7][gc,heap     ] GC(22) Old regions: 12->12
[2025-08-08T15:24:25.674+0000][7][gc,heap     ] GC(22) Humongous regions: 2->2
[2025-08-08T15:24:25.674+0000][7][gc,metaspace] GC(22) Metaspace: 113454K(116416K)->113454K(116416K) NonClass: 97924K(99520K)->97924K(99520K) Class: 15530K(16896K)->15530K(16896K)
[2025-08-08T15:24:25.674+0000][7][gc          ] GC(22) Pause Young (Normal) (G1 Evacuation Pause) 664M->93M(1024M) 55.428ms
[2025-08-08T15:24:25.674+0000][7][gc,cpu      ] GC(22) User=0.17s Sys=0.04s Real=0.05s
[2025-08-08T15:24:25.674+0000][7][safepoint   ] Safepoint "G1CollectForAllocation", Time since last: 919351832 ns, Reaching safepoint: 27978 ns, Cleanup: 17626 ns, At safepoint: 55801010 ns, Total: 55846614 ns
[2025-08-08T15:24:27.682+0000][7][safepoint   ] Safepoint "Cleanup", Time since last: 2007251432 ns, Reaching safepoint: 22082 ns, Cleanup: 58983 ns, At safepoint: 14489 ns, Total: 95554 ns
[2025-08-08T15:24:28.682+0000][7][safepoint   ] Safepoint "Cleanup", Time since last: 1000767028 ns, Reaching safepoint: 19706 ns, Cleanup: 18800 ns, At safepoint: 10887 ns, Total: 49393 ns
[2025-08-08T15:24:29.683+0000][7][safepoint   ] Safepoint "Cleanup", Time since last: 1000874680 ns, Reaching safepoint: 22018 ns, Cleanup: 33305 ns, At safepoint: 11934 ns, Total: 67257 ns
[2025-08-08T15:24:31.685+0000][7][safepoint   ] Safepoint "Cleanup", Time since last: 2001526390 ns, Reaching safepoint: 17404 ns, Cleanup: 22000 ns, At safepoint: 10236 ns, Total: 49640 ns
[2025-08-08T15:24:32.686+0000][7][safepoint   ] Safepoint "Cleanup", Time since last: 1000554258 ns, Reaching safepoint: 17953 ns, Cleanup: 21996 ns, At safepoint: 9249 ns, Total: 49198 ns
[2025-08-08T15:24:33.686+0000][7][safepoint   ] Safepoint "Cleanup", Time since last: 1000090718 ns, Reaching safepoint: 11225 ns, Cleanup: 15054 ns, At safepoint: 5750 ns, Total: 32029 ns
[2025-08-08T15:24:34.686+0000][7][safepoint   ] Safepoint "Cleanup", Time since last: 1000654713 ns, Reaching safepoint: 17085 ns, Cleanup: 18919 ns, At safepoint: 8474 ns, Total: 44478 ns
[2025-08-08T15:24:35.687+0000][7][safepoint   ] Safepoint "Cleanup", Time since last: 1000815024 ns, Reaching safepoint: 16085 ns, Cleanup: 14279 ns, At safepoint: 12840 ns, Total: 43204 ns
[2025-08-08T15:24:36.690+0000][7][safepoint   ] Safepoint "Cleanup", Time since last: 1002908921 ns, Reaching safepoint: 15479 ns, Cleanup: 74735 ns, At safepoint: 8252 ns, Total: 98466 ns
[2025-08-08T15:24:37.691+0000][7][safepoint   ] Safepoint "Cleanup", Time since last: 1000420628 ns, Reaching safepoint: 15324 ns, Cleanup: 19972 ns, At safepoint: 7594 ns, Total: 42890 ns
[2025-08-08T15:24:38.691+0000][7][safepoint   ] Safepoint "Cleanup", Time since last: 1000287647 ns, Reaching safepoint: 17768 ns, Cleanup: 24664 ns, At safepoint: 9299 ns, Total: 51731 ns
[2025-08-08T15:24:39.692+0000][7][safepoint   ] Safepoint "Cleanup", Time since last: 1000907145 ns, Reaching safepoint: 14939 ns, Cleanup: 14809 ns, At safepoint: 7474 ns, Total: 37222 ns
[2025-08-08T15:24:40.692+0000][7][safepoint   ] Safepoint "Cleanup", Time since last: 1000376026 ns, Reaching safepoint: 18055 ns, Cleanup: 11875 ns, At safepoint: 7944 ns, Total: 37874 ns
[2025-08-08T15:24:41.693+0000][7][safepoint   ] Safepoint "Cleanup", Time since last: 1000383582 ns, Reaching safepoint: 19692 ns, Cleanup: 19085 ns, At safepoint: 9109 ns, Total: 47886 ns
[2025-08-08T15:24:42.693+0000][7][safepoint   ] Safepoint "Cleanup", Time since last: 1000574097 ns, Reaching safepoint: 18961 ns, Cleanup: 21849 ns, At safepoint: 7525 ns, Total: 48335 ns
[2025-08-08T15:24:43.696+0000][7][safepoint   ] Safepoint "Cleanup", Time since last: 1002918839 ns, Reaching safepoint: 14654 ns, Cleanup: 16689 ns, At safepoint: 7854 ns, Total: 39197 ns
[2025-08-08T15:24:44.697+0000][7][safepoint   ] Safepoint "Cleanup", Time since last: 1000398051 ns, Reaching safepoint: 14276 ns, Cleanup: 12019 ns, At safepoint: 6732 ns, Total: 33027 ns
[2025-08-08T15:24:45.704+0000][7][safepoint   ] Safepoint "Cleanup", Time since last: 1006656605 ns, Reaching safepoint: 45728 ns, Cleanup: 63029 ns, At safepoint: 5539 ns, Total: 114296 ns
[2025-08-08T15:24:47.693+0000][7][safepoint   ] Safepoint "Cleanup", Time since last: 1989434566 ns, Reaching safepoint: 14595 ns, Cleanup: 36001 ns, At safepoint: 7898 ns, Total: 58494 ns
[2025-08-08T15:24:48.694+0000][7][safepoint   ] Safepoint "Cleanup", Time since last: 1000500966 ns, Reaching safepoint: 14487 ns, Cleanup: 15649 ns, At safepoint: 7640 ns, Total: 37776 ns
[2025-08-08T15:24:49.694+0000][7][safepoint   ] Safepoint "Cleanup", Time since last: 1000137727 ns, Reaching safepoint: 15755 ns, Cleanup: 13611 ns, At safepoint: 7264 ns, Total: 36630 ns
[2025-08-08T15:24:50.694+0000][7][safepoint   ] Safepoint "Cleanup", Time since last: 1000580520 ns, Reaching safepoint: 17405 ns, Cleanup: 15696 ns, At safepoint: 8610 ns, Total: 41711 ns
[2025-08-08T15:24:51.695+0000][7][safepoint   ] Safepoint "Cleanup", Time since last: 1000436817 ns, Reaching safepoint: 16411 ns, Cleanup: 16748 ns, At safepoint: 9734 ns, Total: 42893 ns
[2025-08-08T15:24:52.695+0000][7][safepoint   ] Safepoint "Cleanup", Time since last: 1000453559 ns, Reaching safepoint: 10307 ns, Cleanup: 15256 ns, At safepoint: 6289 ns, Total: 31852 ns
[2025-08-08T15:24:53.696+0000][7][safepoint   ] Safepoint "Cleanup", Time since last: 1000199490 ns, Reaching safepoint: 13655 ns, Cleanup: 21384 ns, At safepoint: 7657 ns, Total: 42696 ns
[2025-08-08T15:24:54.700+0000][7][safepoint   ] Safepoint "Cleanup", Time since last: 1003996142 ns, Reaching safepoint: 17300 ns, Cleanup: 23843 ns, At safepoint: 9281 ns, Total: 50424 ns
[2025-08-08T15:24:55.700+0000][7][safepoint   ] Safepoint "Cleanup", Time since last: 1000184753 ns, Reaching safepoint: 13847 ns, Cleanup: 16827 ns, At safepoint: 8180 ns, Total: 38854 ns
[2025-08-08T15:24:56.701+0000][7][safepoint   ] Safepoint "Cleanup", Time since last: 1000602693 ns, Reaching safepoint: 36058 ns, Cleanup: 10734 ns, At safepoint: 4429 ns, Total: 51221 ns
[2025-08-08T15:24:57.701+0000][7][safepoint   ] Safepoint "Cleanup", Time since last: 1000463076 ns, Reaching safepoint: 15202 ns, Cleanup: 12669 ns, At safepoint: 8014 ns, Total: 35885 ns
[2025-08-08T15:24:59.702+0000][7][safepoint   ] Safepoint "Cleanup", Time since last: 2000979501 ns, Reaching safepoint: 16529 ns, Cleanup: 14399 ns, At safepoint: 9174 ns, Total: 40102 ns
[2025-08-08T15:25:00.702+0000][7][safepoint   ] Safepoint "Cleanup", Time since last: 1000225010 ns, Reaching safepoint: 18085 ns, Cleanup: 14034 ns, At safepoint: 8745 ns, Total: 40864 ns
[2025-08-08T15:25:01.703+0000][7][safepoint   ] Safepoint "Cleanup", Time since last: 1000115240 ns, Reaching safepoint: 13632 ns, Cleanup: 15127 ns, At safepoint: 6766 ns, Total: 35525 ns
[2025-08-08T15:25:03.704+0000][7][safepoint   ] Safepoint "Cleanup", Time since last: 2001215102 ns, Reaching safepoint: 550842 ns, Cleanup: 17559 ns, At safepoint: 33964 ns, Total: 602365 ns
[2025-08-08T15:25:04.705+0000][7][safepoint   ] Safepoint "Cleanup", Time since last: 1000255105 ns, Reaching safepoint: 74758 ns, Cleanup: 102277 ns, At safepoint: 35087 ns, Total: 212122 ns
[2025-08-08T15:25:05.706+0000][7][safepoint   ] Safepoint "Cleanup", Time since last: 1001053605 ns, Reaching safepoint: 17679 ns, Cleanup: 20178 ns, At safepoint: 10028 ns, Total: 47885 ns
[2025-08-08T15:25:06.707+0000][7][safepoint   ] Safepoint "Cleanup", Time since last: 1000916886 ns, Reaching safepoint: 20900 ns, Cleanup: 18600 ns, At safepoint: 9437 ns, Total: 48937 ns
[2025-08-08T15:25:07.707+0000][7][safepoint   ] Safepoint "Cleanup", Time since last: 1000183147 ns, Reaching safepoint: 15967 ns, Cleanup: 139971 ns, At safepoint: 9776 ns, Total: 165714 ns
[2025-08-08T15:25:08.708+0000][7][safepoint   ] Safepoint "Cleanup", Time since last: 1000320506 ns, Reaching safepoint: 272352 ns, Cleanup: 18985 ns, At safepoint: 10816 ns, Total: 302153 ns
[2025-08-08T15:25:09.709+0000][7][safepoint   ] Safepoint "Cleanup", Time since last: 1000663359 ns, Reaching safepoint: 17066 ns, Cleanup: 17897 ns, At safepoint: 10370 ns, Total: 45333 ns
[2025-08-08T15:25:10.709+0000][7][safepoint   ] Safepoint "Cleanup", Time since last: 1000148997 ns, Reaching safepoint: 16280 ns, Cleanup: 22002 ns, At safepoint: 25848 ns, Total: 64130 ns
[2025-08-08T15:25:11.709+0000][7][safepoint   ] Safepoint "Cleanup", Time since last: 1000521612 ns, Reaching safepoint: 18334 ns, Cleanup: 32018 ns, At safepoint: 10885 ns, Total: 61237 ns
[2025-08-08T15:25:12.710+0000][7][safepoint   ] Safepoint "Cleanup", Time since last: 1000844419 ns, Reaching safepoint: 19283 ns, Cleanup: 24039 ns, At safepoint: 10391 ns, Total: 53713 ns
[2025-08-08T15:25:13.711+0000][7][safepoint   ] Safepoint "Cleanup", Time since last: 1000696774 ns, Reaching safepoint: 17416 ns, Cleanup: 26937 ns, At safepoint: 9141 ns, Total: 53494 ns
[2025-08-08T15:25:15.712+0000][7][safepoint   ] Safepoint "Cleanup", Time since last: 2000961505 ns, Reaching safepoint: 16250 ns, Cleanup: 13779 ns, At safepoint: 8072 ns, Total: 38101 ns
[2025-08-08T15:25:16.363+0000][7][gc,start    ] GC(23) Pause Young (Normal) (G1 Evacuation Pause)
[2025-08-08T15:25:16.363+0000][7][gc,task     ] GC(23) Using 8 workers of 8 for evacuation
[2025-08-08T15:25:16.363+0000][7][gc,age      ] GC(23) Desired survivor size 41943040 bytes, new threshold 15 (max threshold 15)
[2025-08-08T15:25:16.392+0000][7][gc,phases   ] GC(23)   Pre Evacuate Collection Set: 0.30ms
[2025-08-08T15:25:16.392+0000][7][gc,phases   ] GC(23)   Merge Heap Roots: 0.09ms
[2025-08-08T15:25:16.392+0000][7][gc,phases   ] GC(23)   Evacuate Collection Set: 23.23ms
[2025-08-08T15:25:16.392+0000][7][gc,phases   ] GC(23)   Post Evacuate Collection Set: 4.66ms
[2025-08-08T15:25:16.392+0000][7][gc,phases   ] GC(23)   Other: 0.14ms
[2025-08-08T15:25:16.392+0000][7][gc,age      ] GC(23) Age table with threshold 15 (max threshold 15)
[2025-08-08T15:25:16.392+0000][7][gc,age      ] GC(23) - age   1:    1715296 bytes,    1715296 total
[2025-08-08T15:25:16.392+0000][7][gc,age      ] GC(23) - age   2:    1064640 bytes,    2779936 total
[2025-08-08T15:25:16.392+0000][7][gc,age      ] GC(23) - age   3:     739048 bytes,    3518984 total
[2025-08-08T15:25:16.392+0000][7][gc,age      ] GC(23) - age   4:     370512 bytes,    3889496 total
[2025-08-08T15:25:16.392+0000][7][gc,age      ] GC(23) - age   5:     201680 bytes,    4091176 total
[2025-08-08T15:25:16.392+0000][7][gc,age      ] GC(23) - age   6:     297696 bytes,    4388872 total
[2025-08-08T15:25:16.392+0000][7][gc,age      ] GC(23) - age   7:    2277848 bytes,    6666720 total
[2025-08-08T15:25:16.392+0000][7][gc,age      ] GC(23) - age   8:      44344 bytes,    6711064 total
[2025-08-08T15:25:16.392+0000][7][gc,age      ] GC(23) - age   9:    1603928 bytes,    8314992 total
[2025-08-08T15:25:16.392+0000][7][gc,age      ] GC(23) - age  10:   16822344 bytes,   25137336 total
[2025-08-08T15:25:16.392+0000][7][gc,age      ] GC(23) - age  11:   10720240 bytes,   35857576 total
[2025-08-08T15:25:16.392+0000][7][gc,age      ] GC(23) - age  12:      57904 bytes,   35915480 total
[2025-08-08T15:25:16.392+0000][7][gc,heap     ] GC(23) Eden regions: 143->0(143)
[2025-08-08T15:25:16.392+0000][7][gc,heap     ] GC(23) Survivor regions: 10->10(20)
[2025-08-08T15:25:16.392+0000][7][gc,heap     ] GC(23) Old regions: 12->12
[2025-08-08T15:25:16.392+0000][7][gc,heap     ] GC(23) Humongous regions: 2->2
[2025-08-08T15:25:16.392+0000][7][gc,metaspace] GC(23) Metaspace: 113713K(116672K)->113713K(116672K) NonClass: 98181K(99776K)->98181K(99776K) Class: 15532K(16896K)->15532K(16896K)
[2025-08-08T15:25:16.392+0000][7][gc          ] GC(23) Pause Young (Normal) (G1 Evacuation Pause) 665M->93M(1024M) 28.667ms
[2025-08-08T15:25:16.392+0000][7][gc,cpu      ] GC(23) User=0.09s Sys=0.01s Real=0.03s
[2025-08-08T15:25:16.392+0000][7][safepoint   ] Safepoint "G1CollectForAllocation", Time since last: 650990283 ns, Reaching safepoint: 51483 ns, Cleanup: 11907 ns, At safepoint: 28783020 ns, Total: 28846410 ns
[2025-08-08T15:25:18.393+0000][7][safepoint   ] Safepoint "Cleanup", Time since last: 2000652793 ns, Reaching safepoint: 14728 ns, Cleanup: 19427 ns, At safepoint: 9070 ns, Total: 43225 ns
[2025-08-08T15:25:19.393+0000][7][safepoint   ] Safepoint "Cleanup", Time since last: 1000822777 ns, Reaching safepoint: 20910 ns, Cleanup: 17650 ns, At safepoint: 9987 ns, Total: 48547 ns
[2025-08-08T15:25:20.395+0000][7][safepoint   ] Safepoint "Cleanup", Time since last: 1001066457 ns, Reaching safepoint: 47111 ns, Cleanup: 22414 ns, At safepoint: 12036 ns, Total: 81561 ns
[2025-08-08T15:25:24.397+0000][7][safepoint   ] Safepoint "Cleanup", Time since last: 4002480036 ns, Reaching safepoint: 15453 ns, Cleanup: 18700 ns, At safepoint: 6973 ns, Total: 41126 ns
[2025-08-08T15:25:26.398+0000][7][safepoint   ] Safepoint "Cleanup", Time since last: 2000809196 ns, Reaching safepoint: 19215 ns, Cleanup: 16101 ns, At safepoint: 10758 ns, Total: 46074 ns
[2025-08-08T15:25:28.399+0000][7][safepoint   ] Safepoint "Cleanup", Time since last: 2001014043 ns, Reaching safepoint: 14151 ns, Cleanup: 12948 ns, At safepoint: 6459 ns, Total: 33558 ns
[2025-08-08T15:25:38.407+0000][7][safepoint   ] Safepoint "Cleanup", Time since last: 10008332045 ns, Reaching safepoint: 14449 ns, Cleanup: 14730 ns, At safepoint: 6759 ns, Total: 35938 ns
[2025-08-08T15:25:41.410+0000][7][safepoint   ] Safepoint "Cleanup", Time since last: 3002663345 ns, Reaching safepoint: 15030 ns, Cleanup: 13172 ns, At safepoint: 7834 ns, Total: 36036 ns
[2025-08-08T15:25:43.412+0000][7][safepoint   ] Safepoint "Cleanup", Time since last: 2001585108 ns, Reaching safepoint: 15678 ns, Cleanup: 13571 ns, At safepoint: 7815 ns, Total: 37064 ns
[2025-08-08T15:25:58.846+0000][7][safepoint   ] Safepoint "Cleanup", Time since last: 15433773502 ns, Reaching safepoint: 50406 ns, Cleanup: 15164 ns, At safepoint: 9403 ns, Total: 74973 ns
[2025-08-08T15:26:08.850+0000][7][safepoint   ] Safepoint "Cleanup", Time since last: 10004272105 ns, Reaching safepoint: 16988 ns, Cleanup: 17513 ns, At safepoint: 8890 ns, Total: 43391 ns
[2025-08-08T15:26:12.852+0000][7][safepoint   ] Safepoint "Cleanup", Time since last: 4002287464 ns, Reaching safepoint: 14941 ns, Cleanup: 14068 ns, At safepoint: 8751 ns, Total: 37760 ns
[2025-08-08T15:26:23.857+0000][7][safepoint   ] Safepoint "Cleanup", Time since last: 11004736264 ns, Reaching safepoint: 29308 ns, Cleanup: 22253 ns, At safepoint: 13792 ns, Total: 65353 ns
[2025-08-08T15:26:24.857+0000][7][safepoint   ] Safepoint "Cleanup", Time since last: 1000203217 ns, Reaching safepoint: 24751 ns, Cleanup: 19994 ns, At safepoint: 11309 ns, Total: 56054 ns
[2025-08-08T15:27:54.148+0000][7][safepoint   ] Safepoint "Cleanup", Time since last: 89290716650 ns, Reaching safepoint: 17468 ns, Cleanup: 18344 ns, At safepoint: 9493 ns, Total: 45305 ns
[2025-08-08T15:28:19.165+0000][7][safepoint   ] Safepoint "Cleanup", Time since last: 25016596580 ns, Reaching safepoint: 25542 ns, Cleanup: 22221 ns, At safepoint: 16910 ns, Total: 64673 ns
[2025-08-08T15:28:25.169+0000][7][safepoint   ] Safepoint "Cleanup", Time since last: 6004000580 ns, Reaching safepoint: 24294 ns, Cleanup: 22380 ns, At safepoint: 15918 ns, Total: 62592 ns
[2025-08-08T15:28:28.169+0000][7][safepoint   ] Safepoint "Cleanup", Time since last: 3000764405 ns, Reaching safepoint: 15802 ns, Cleanup: 14419 ns, At safepoint: 8124 ns, Total: 38345 ns
[2025-08-08T15:28:34.173+0000][7][safepoint   ] Safepoint "Cleanup", Time since last: 6003074183 ns, Reaching safepoint: 23286 ns, Cleanup: 20448 ns, At safepoint: 11847 ns, Total: 55581 ns
[2025-08-08T15:28:56.278+0000][7][safepoint   ] Safepoint "Cleanup", Time since last: 22105075470 ns, Reaching safepoint: 32488 ns, Cleanup: 15076 ns, At safepoint: 7259 ns, Total: 54823 ns
[2025-08-08T15:28:57.278+0000][7][safepoint   ] Safepoint "Cleanup", Time since last: 1000698566 ns, Reaching safepoint: 12041 ns, Cleanup: 14570 ns, At safepoint: 6661 ns, Total: 33272 ns
[2025-08-08T15:30:01.430+0000][7][safepoint   ] Safepoint "Cleanup", Time since last: 64151429990 ns, Reaching safepoint: 41692 ns, Cleanup: 12601 ns, At safepoint: 7372 ns, Total: 61665 ns
[2025-08-08T15:30:02.431+0000][7][safepoint   ] Safepoint "Cleanup", Time since last: 1001165457 ns, Reaching safepoint: 95157 ns, Cleanup: 79900 ns, At safepoint: 33768 ns, Total: 208825 ns
[2025-08-08T15:30:05.433+0000][7][safepoint   ] Safepoint "Cleanup", Time since last: 3001366891 ns, Reaching safepoint: 17976 ns, Cleanup: 15084 ns, At safepoint: 8238 ns, Total: 41298 ns
[2025-08-08T15:30:09.436+0000][7][safepoint   ] Safepoint "Cleanup", Time since last: 4003003940 ns, Reaching safepoint: 9653 ns, Cleanup: 33597 ns, At safepoint: 5551 ns, Total: 48801 ns
[2025-08-08T15:30:20.443+0000][7][safepoint   ] Safepoint "Cleanup", Time since last: 11007641953 ns, Reaching safepoint: 11180 ns, Cleanup: 15058 ns, At safepoint: 6835 ns, Total: 33073 ns
[2025-08-08T15:30:21.445+0000][7][safepoint   ] Safepoint "Cleanup", Time since last: 1001179669 ns, Reaching safepoint: 11862 ns, Cleanup: 15306 ns, At safepoint: 6417 ns, Total: 33585 ns
[2025-08-08T15:30:23.446+0000][7][safepoint   ] Safepoint "Cleanup", Time since last: 2001052494 ns, Reaching safepoint: 33795 ns, Cleanup: 21405 ns, At safepoint: 9516 ns, Total: 64716 ns
[2025-08-08T15:31:05.553+0000][7][safepoint   ] Safepoint "Cleanup", Time since last: 42107279449 ns, Reaching safepoint: 19644 ns, Cleanup: 15619 ns, At safepoint: 10309 ns, Total: 45572 ns
[2025-08-08T15:33:03.867+0000][7][safepoint   ] Safepoint "Cleanup", Time since last: 118313487145 ns, Reaching safepoint: 34797 ns, Cleanup: 11247 ns, At safepoint: 4282 ns, Total: 50326 ns
[2025-08-08T15:33:12.871+0000][7][safepoint   ] Safepoint "Cleanup", Time since last: 9004030557 ns, Reaching safepoint: 14981 ns, Cleanup: 22073 ns, At safepoint: 7305 ns, Total: 44359 ns
