[2025-08-08T14:19:45.879+0000][7][gc,init] CardTable entry size: 512
[2025-08-08T14:19:45.879+0000][7][gc     ] Using G1
[2025-08-08T14:19:46.090+0000][7][gc,init] Version: 22.0.2+9-70 (release)
[2025-08-08T14:19:46.090+0000][7][gc,init] CPUs: 8 total, 8 available
[2025-08-08T14:19:46.090+0000][7][gc,init] Memory: 2048M
[2025-08-08T14:19:46.090+0000][7][gc,init] Large Page Support: Disabled
[2025-08-08T14:19:46.090+0000][7][gc,init] NUMA Support: Disabled
[2025-08-08T14:19:46.090+0000][7][gc,init] Compressed Oops: Enabled (32-bit)
[2025-08-08T14:19:46.090+0000][7][gc,init] Heap Region Size: 4M
[2025-08-08T14:19:46.090+0000][7][gc,init] Heap Min Capacity: 1G
[2025-08-08T14:19:46.090+0000][7][gc,init] Heap Initial Capacity: 1G
[2025-08-08T14:19:46.090+0000][7][gc,init] Heap Max Capacity: 1G
[2025-08-08T14:19:46.090+0000][7][gc,init] Pre-touch: Enabled
[2025-08-08T14:19:46.090+0000][7][gc,init] Parallel Workers: 8
[2025-08-08T14:19:46.090+0000][7][gc,init] Concurrent Workers: 2
[2025-08-08T14:19:46.090+0000][7][gc,init] Concurrent Refinement Workers: 8
[2025-08-08T14:19:46.090+0000][7][gc,init] Periodic GC: Disabled
[2025-08-08T14:19:46.105+0000][7][gc,metaspace] CDS archive(s) mapped at: [0x00007f8dee000000-0x00007f8deec78000-0x00007f8deec78000), size 13074432, SharedBaseAddress: 0x00007f8dee000000, ArchiveRelocationMode: 1.
[2025-08-08T14:19:46.105+0000][7][gc,metaspace] Compressed class space mapped at: 0x00007f8def000000-0x00007f8e2f000000, reserved size: 1073741824
[2025-08-08T14:19:46.105+0000][7][gc,metaspace] Narrow klass base: 0x00007f8dee000000, Narrow klass shift: 0, Narrow klass range: 0x100000000
[2025-08-08T14:19:46.835+0000][7][safepoint   ] Safepoint "ICBufferFull", Time since last: 724091811 ns, Reaching safepoint: 3067 ns, Cleanup: 131073 ns, At safepoint: 7161 ns, Total: 141301 ns
[2025-08-08T14:19:47.472+0000][7][safepoint   ] Safepoint "ICBufferFull", Time since last: 636898040 ns, Reaching safepoint: 4729 ns, Cleanup: 111266 ns, At safepoint: 10795 ns, Total: 126790 ns
[2025-08-08T14:19:47.659+0000][7][gc,start    ] GC(0) Pause Young (Normal) (G1 Evacuation Pause)
[2025-08-08T14:19:47.659+0000][7][gc,task     ] GC(0) Using 8 workers of 8 for evacuation
[2025-08-08T14:19:47.659+0000][7][gc,age      ] GC(0) Desired survivor size 4194304 bytes, new threshold 15 (max threshold 15)
[2025-08-08T14:19:47.665+0000][7][gc,phases   ] GC(0)   Pre Evacuate Collection Set: 0.41ms
[2025-08-08T14:19:47.665+0000][7][gc,phases   ] GC(0)   Merge Heap Roots: 0.19ms
[2025-08-08T14:19:47.665+0000][7][gc,phases   ] GC(0)   Evacuate Collection Set: 4.48ms
[2025-08-08T14:19:47.665+0000][7][gc,phases   ] GC(0)   Post Evacuate Collection Set: 1.18ms
[2025-08-08T14:19:47.666+0000][7][gc,phases   ] GC(0)   Other: 0.12ms
[2025-08-08T14:19:47.666+0000][7][gc,age      ] GC(0) Age table with threshold 15 (max threshold 15)
[2025-08-08T14:19:47.666+0000][7][gc,age      ] GC(0) - age   1:    6429896 bytes,    6429896 total
[2025-08-08T14:19:47.666+0000][7][gc,heap     ] GC(0) Eden regions: 12->0(11)
[2025-08-08T14:19:47.666+0000][7][gc,heap     ] GC(0) Survivor regions: 0->2(2)
[2025-08-08T14:19:47.666+0000][7][gc,heap     ] GC(0) Old regions: 1->1
[2025-08-08T14:19:47.666+0000][7][gc,heap     ] GC(0) Humongous regions: 0->0
[2025-08-08T14:19:47.666+0000][7][gc,metaspace] GC(0) Metaspace: 12516K(12864K)->12516K(12864K) NonClass: 10992K(11200K)->10992K(11200K) Class: 1523K(1664K)->1523K(1664K)
[2025-08-08T14:19:47.666+0000][7][gc          ] GC(0) Pause Young (Normal) (G1 Evacuation Pause) 49M->7M(1024M) 6.634ms
[2025-08-08T14:19:47.666+0000][7][gc,cpu      ] GC(0) User=0.02s Sys=0.02s Real=0.00s
[2025-08-08T14:19:47.666+0000][7][safepoint   ] Safepoint "G1CollectForAllocation", Time since last: 187115171 ns, Reaching safepoint: 4780 ns, Cleanup: 48633 ns, At safepoint: 6739711 ns, Total: 6793124 ns
[2025-08-08T14:19:48.314+0000][7][safepoint   ] Safepoint "ICBufferFull", Time since last: 648054023 ns, Reaching safepoint: 4388 ns, Cleanup: 131279 ns, At safepoint: 10447 ns, Total: 146114 ns
[2025-08-08T14:19:48.539+0000][7][gc,start    ] GC(1) Pause Young (Normal) (G1 Evacuation Pause)
[2025-08-08T14:19:48.539+0000][7][gc,task     ] GC(1) Using 8 workers of 8 for evacuation
[2025-08-08T14:19:48.539+0000][7][gc,age      ] GC(1) Desired survivor size 4194304 bytes, new threshold 1 (max threshold 15)
[2025-08-08T14:19:48.555+0000][7][gc,phases   ] GC(1)   Pre Evacuate Collection Set: 0.29ms
[2025-08-08T14:19:48.555+0000][7][gc,phases   ] GC(1)   Merge Heap Roots: 0.12ms
[2025-08-08T14:19:48.555+0000][7][gc,phases   ] GC(1)   Evacuate Collection Set: 7.97ms
[2025-08-08T14:19:48.555+0000][7][gc,phases   ] GC(1)   Post Evacuate Collection Set: 7.19ms
[2025-08-08T14:19:48.555+0000][7][gc,phases   ] GC(1)   Other: 0.10ms
[2025-08-08T14:19:48.555+0000][7][gc,age      ] GC(1) Age table with threshold 1 (max threshold 15)
[2025-08-08T14:19:48.555+0000][7][gc,age      ] GC(1) - age   1:    1388920 bytes,    1388920 total
[2025-08-08T14:19:48.555+0000][7][gc,heap     ] GC(1) Eden regions: 11->0(23)
[2025-08-08T14:19:48.555+0000][7][gc,heap     ] GC(1) Survivor regions: 2->1(2)
[2025-08-08T14:19:48.555+0000][7][gc,heap     ] GC(1) Old regions: 1->3
[2025-08-08T14:19:48.555+0000][7][gc,heap     ] GC(1) Humongous regions: 0->0
[2025-08-08T14:19:48.555+0000][7][gc,metaspace] GC(1) Metaspace: 15828K(16256K)->15828K(16256K) NonClass: 13979K(14208K)->13979K(14208K) Class: 1849K(2048K)->1849K(2048K)
[2025-08-08T14:19:48.555+0000][7][gc          ] GC(1) Pause Young (Normal) (G1 Evacuation Pause) 51M->9M(1024M) 15.900ms
[2025-08-08T14:19:48.555+0000][7][gc,cpu      ] GC(1) User=0.04s Sys=0.02s Real=0.01s
[2025-08-08T14:19:48.555+0000][7][safepoint   ] Safepoint "G1CollectForAllocation", Time since last: 225378464 ns, Reaching safepoint: 4510 ns, Cleanup: 87422 ns, At safepoint: 15995474 ns, Total: 16087406 ns
[2025-08-08T14:19:49.140+0000][7][gc,start    ] GC(2) Pause Young (Normal) (G1 Evacuation Pause)
[2025-08-08T14:19:49.140+0000][7][gc,task     ] GC(2) Using 8 workers of 8 for evacuation
[2025-08-08T14:19:49.140+0000][7][gc,age      ] GC(2) Desired survivor size 6291456 bytes, new threshold 15 (max threshold 15)
[2025-08-08T14:19:49.146+0000][7][gc,phases   ] GC(2)   Pre Evacuate Collection Set: 2.04ms
[2025-08-08T14:19:49.146+0000][7][gc,phases   ] GC(2)   Merge Heap Roots: 0.30ms
[2025-08-08T14:19:49.146+0000][7][gc,phases   ] GC(2)   Evacuate Collection Set: 2.85ms
[2025-08-08T14:19:49.146+0000][7][gc,phases   ] GC(2)   Post Evacuate Collection Set: 1.18ms
[2025-08-08T14:19:49.146+0000][7][gc,phases   ] GC(2)   Other: 0.14ms
[2025-08-08T14:19:49.146+0000][7][gc,age      ] GC(2) Age table with threshold 15 (max threshold 15)
[2025-08-08T14:19:49.146+0000][7][gc,age      ] GC(2) - age   1:    2175344 bytes,    2175344 total
[2025-08-08T14:19:49.146+0000][7][gc,age      ] GC(2) - age   2:    1354304 bytes,    3529648 total
[2025-08-08T14:19:49.146+0000][7][gc,heap     ] GC(2) Eden regions: 23->0(152)
[2025-08-08T14:19:49.146+0000][7][gc,heap     ] GC(2) Survivor regions: 1->1(3)
[2025-08-08T14:19:49.146+0000][7][gc,heap     ] GC(2) Old regions: 3->3
[2025-08-08T14:19:49.146+0000][7][gc,heap     ] GC(2) Humongous regions: 0->0
[2025-08-08T14:19:49.146+0000][7][gc,metaspace] GC(2) Metaspace: 17888K(18304K)->17888K(18304K) NonClass: 15790K(16000K)->15790K(16000K) Class: 2098K(2304K)->2098K(2304K)
[2025-08-08T14:19:49.146+0000][7][gc          ] GC(2) Pause Young (Normal) (G1 Evacuation Pause) 101M->10M(1024M) 6.773ms
[2025-08-08T14:19:49.146+0000][7][gc,cpu      ] GC(2) User=0.01s Sys=0.01s Real=0.01s
[2025-08-08T14:19:49.146+0000][7][safepoint   ] Safepoint "G1CollectForAllocation", Time since last: 584136158 ns, Reaching safepoint: 5409 ns, Cleanup: 99753 ns, At safepoint: 6915700 ns, Total: 7020862 ns
[2025-08-08T14:19:50.316+0000][7][safepoint   ] Safepoint "Cleanup", Time since last: 1168557998 ns, Reaching safepoint: 570206 ns, Cleanup: 110610 ns, At safepoint: 52306 ns, Total: 733122 ns
[2025-08-08T14:19:50.605+0000][7][gc,start    ] GC(3) Pause Young (Normal) (G1 Evacuation Pause)
[2025-08-08T14:19:50.605+0000][7][gc,task     ] GC(3) Using 8 workers of 8 for evacuation
[2025-08-08T14:19:50.605+0000][7][gc,age      ] GC(3) Desired survivor size 41943040 bytes, new threshold 15 (max threshold 15)
[2025-08-08T14:19:50.614+0000][7][gc,phases   ] GC(3)   Pre Evacuate Collection Set: 1.98ms
[2025-08-08T14:19:50.614+0000][7][gc,phases   ] GC(3)   Merge Heap Roots: 0.29ms
[2025-08-08T14:19:50.614+0000][7][gc,phases   ] GC(3)   Evacuate Collection Set: 4.71ms
[2025-08-08T14:19:50.614+0000][7][gc,phases   ] GC(3)   Post Evacuate Collection Set: 1.34ms
[2025-08-08T14:19:50.614+0000][7][gc,phases   ] GC(3)   Other: 0.33ms
[2025-08-08T14:19:50.614+0000][7][gc,age      ] GC(3) Age table with threshold 15 (max threshold 15)
[2025-08-08T14:19:50.614+0000][7][gc,age      ] GC(3) - age   1:    6352512 bytes,    6352512 total
[2025-08-08T14:19:50.614+0000][7][gc,age      ] GC(3) - age   2:    1745280 bytes,    8097792 total
[2025-08-08T14:19:50.614+0000][7][gc,age      ] GC(3) - age   3:    1352840 bytes,    9450632 total
[2025-08-08T14:19:50.614+0000][7][gc,heap     ] GC(3) Eden regions: 152->0(150)
[2025-08-08T14:19:50.614+0000][7][gc,heap     ] GC(3) Survivor regions: 1->3(20)
[2025-08-08T14:19:50.614+0000][7][gc,heap     ] GC(3) Old regions: 3->3
[2025-08-08T14:19:50.614+0000][7][gc,heap     ] GC(3) Humongous regions: 0->0
[2025-08-08T14:19:50.614+0000][7][gc,metaspace] GC(3) Metaspace: 20011K(20480K)->20011K(20480K) NonClass: 17591K(17856K)->17591K(17856K) Class: 2419K(2624K)->2419K(2624K)
[2025-08-08T14:19:50.614+0000][7][gc          ] GC(3) Pause Young (Normal) (G1 Evacuation Pause) 618M->16M(1024M) 9.017ms
[2025-08-08T14:19:50.614+0000][7][gc,cpu      ] GC(3) User=0.03s Sys=0.00s Real=0.01s
[2025-08-08T14:19:50.614+0000][7][safepoint   ] Safepoint "G1CollectForAllocation", Time since last: 289380507 ns, Reaching safepoint: 5839 ns, Cleanup: 44378 ns, At safepoint: 9100964 ns, Total: 9151181 ns
[2025-08-08T14:19:51.307+0000][7][gc,start    ] GC(4) Pause Young (Concurrent Start) (Metadata GC Threshold)
[2025-08-08T14:19:51.307+0000][7][gc,task     ] GC(4) Using 8 workers of 8 for evacuation
[2025-08-08T14:19:51.307+0000][7][gc,age      ] GC(4) Desired survivor size 41943040 bytes, new threshold 15 (max threshold 15)
[2025-08-08T14:19:51.317+0000][7][gc,phases   ] GC(4)   Pre Evacuate Collection Set: 0.53ms
[2025-08-08T14:19:51.317+0000][7][gc,phases   ] GC(4)   Merge Heap Roots: 0.15ms
[2025-08-08T14:19:51.317+0000][7][gc,phases   ] GC(4)   Evacuate Collection Set: 7.35ms
[2025-08-08T14:19:51.317+0000][7][gc,phases   ] GC(4)   Post Evacuate Collection Set: 1.49ms
[2025-08-08T14:19:51.317+0000][7][gc,phases   ] GC(4)   Other: 0.13ms
[2025-08-08T14:19:51.317+0000][7][gc,age      ] GC(4) Age table with threshold 15 (max threshold 15)
[2025-08-08T14:19:51.317+0000][7][gc,age      ] GC(4) - age   1:    1858592 bytes,    1858592 total
[2025-08-08T14:19:51.317+0000][7][gc,age      ] GC(4) - age   2:    6129792 bytes,    7988384 total
[2025-08-08T14:19:51.317+0000][7][gc,age      ] GC(4) - age   3:    1743936 bytes,    9732320 total
[2025-08-08T14:19:51.317+0000][7][gc,age      ] GC(4) - age   4:    1352840 bytes,   11085160 total
[2025-08-08T14:19:51.317+0000][7][gc,heap     ] GC(4) Eden regions: 89->0(150)
[2025-08-08T14:19:51.317+0000][7][gc,heap     ] GC(4) Survivor regions: 3->3(20)
[2025-08-08T14:19:51.317+0000][7][gc,heap     ] GC(4) Old regions: 3->3
[2025-08-08T14:19:51.317+0000][7][gc,heap     ] GC(4) Humongous regions: 0->0
[2025-08-08T14:19:51.317+0000][7][gc,metaspace] GC(4) Metaspace: 21032K(21504K)->21032K(21504K) NonClass: 18465K(18752K)->18465K(18752K) Class: 2567K(2752K)->2567K(2752K)
[2025-08-08T14:19:51.317+0000][7][gc          ] GC(4) Pause Young (Concurrent Start) (Metadata GC Threshold) 370M->18M(1024M) 9.849ms
[2025-08-08T14:19:51.317+0000][7][gc,cpu      ] GC(4) User=0.01s Sys=0.01s Real=0.01s
[2025-08-08T14:19:51.317+0000][7][gc          ] GC(5) Concurrent Mark Cycle
[2025-08-08T14:19:51.317+0000][7][gc,marking  ] GC(5) Concurrent Scan Root Regions
[2025-08-08T14:19:51.317+0000][7][safepoint   ] Safepoint "CollectForMetadataAllocation", Time since last: 692505084 ns, Reaching safepoint: 99173 ns, Cleanup: 48102 ns, At safepoint: 10203317 ns, Total: 10350592 ns
[2025-08-08T14:19:51.320+0000][7][gc,marking  ] GC(5) Concurrent Scan Root Regions 2.850ms
[2025-08-08T14:19:51.320+0000][7][gc,marking  ] GC(5) Concurrent Mark
[2025-08-08T14:19:51.320+0000][7][gc,marking  ] GC(5) Concurrent Mark From Roots
[2025-08-08T14:19:51.320+0000][7][gc,task     ] GC(5) Using 2 workers of 2 for marking
[2025-08-08T14:19:51.327+0000][7][gc,marking  ] GC(5) Concurrent Mark From Roots 6.591ms
[2025-08-08T14:19:51.327+0000][7][gc,marking  ] GC(5) Concurrent Preclean
[2025-08-08T14:19:51.327+0000][7][gc,marking  ] GC(5) Concurrent Preclean 0.035ms
[2025-08-08T14:19:51.328+0000][7][gc,start    ] GC(5) Pause Remark
[2025-08-08T14:19:51.332+0000][7][gc          ] GC(5) Pause Remark 21M->21M(1024M) 4.394ms
[2025-08-08T14:19:51.332+0000][7][gc,cpu      ] GC(5) User=0.01s Sys=0.00s Real=0.00s
[2025-08-08T14:19:51.332+0000][7][safepoint   ] Safepoint "G1PauseRemark", Time since last: 9601706 ns, Reaching safepoint: 1208072 ns, Cleanup: 4826 ns, At safepoint: 4515539 ns, Total: 5728437 ns
[2025-08-08T14:19:51.333+0000][7][gc,marking  ] GC(5) Concurrent Mark 12.671ms
[2025-08-08T14:19:51.333+0000][7][gc,marking  ] GC(5) Concurrent Rebuild Remembered Sets and Scrub Regions
[2025-08-08T14:19:51.336+0000][7][gc,marking  ] GC(5) Concurrent Rebuild Remembered Sets and Scrub Regions 3.008ms
[2025-08-08T14:19:51.336+0000][7][gc,start    ] GC(5) Pause Cleanup
[2025-08-08T14:19:51.336+0000][7][gc          ] GC(5) Pause Cleanup 21M->21M(1024M) 0.211ms
[2025-08-08T14:19:51.336+0000][7][gc,cpu      ] GC(5) User=0.00s Sys=0.00s Real=0.01s
[2025-08-08T14:19:51.336+0000][7][safepoint   ] Safepoint "G1PauseCleanup", Time since last: 3326489 ns, Reaching safepoint: 340421 ns, Cleanup: 4172 ns, At safepoint: 297776 ns, Total: 642369 ns
[2025-08-08T14:19:51.337+0000][7][gc,marking  ] GC(5) Concurrent Clear Claimed Marks
[2025-08-08T14:19:51.337+0000][7][gc,marking  ] GC(5) Concurrent Clear Claimed Marks 0.060ms
[2025-08-08T14:19:51.337+0000][7][gc,marking  ] GC(5) Concurrent Cleanup for Next Mark
[2025-08-08T14:19:51.338+0000][7][gc,marking  ] GC(5) Concurrent Cleanup for Next Mark 1.279ms
[2025-08-08T14:19:51.338+0000][7][gc          ] GC(5) Concurrent Mark Cycle 20.956ms
[2025-08-08T14:19:52.397+0000][7][safepoint   ] Safepoint "Cleanup", Time since last: 1060667865 ns, Reaching safepoint: 2446 ns, Cleanup: 85275 ns, At safepoint: 16370 ns, Total: 104091 ns
[2025-08-08T14:19:53.269+0000][7][safepoint   ] Safepoint "ICBufferFull", Time since last: 871329663 ns, Reaching safepoint: 701387 ns, Cleanup: 148220 ns, At safepoint: 28142 ns, Total: 877749 ns
[2025-08-08T14:19:53.588+0000][7][gc,start    ] GC(6) Pause Young (Prepare Mixed) (G1 Evacuation Pause)
[2025-08-08T14:19:53.589+0000][7][gc,task     ] GC(6) Using 8 workers of 8 for evacuation
[2025-08-08T14:19:53.589+0000][7][gc,age      ] GC(6) Desired survivor size 41943040 bytes, new threshold 15 (max threshold 15)
[2025-08-08T14:19:53.622+0000][7][gc,phases   ] GC(6)   Pre Evacuate Collection Set: 0.37ms
[2025-08-08T14:19:53.622+0000][7][gc,phases   ] GC(6)   Merge Heap Roots: 0.21ms
[2025-08-08T14:19:53.622+0000][7][gc,phases   ] GC(6)   Evacuate Collection Set: 22.14ms
[2025-08-08T14:19:53.622+0000][7][gc,phases   ] GC(6)   Post Evacuate Collection Set: 10.66ms
[2025-08-08T14:19:53.622+0000][7][gc,phases   ] GC(6)   Other: 0.12ms
[2025-08-08T14:19:53.622+0000][7][gc,age      ] GC(6) Age table with threshold 15 (max threshold 15)
[2025-08-08T14:19:53.622+0000][7][gc,age      ] GC(6) - age   1:   12735608 bytes,   12735608 total
[2025-08-08T14:19:53.622+0000][7][gc,age      ] GC(6) - age   2:    1816208 bytes,   14551816 total
[2025-08-08T14:19:53.622+0000][7][gc,age      ] GC(6) - age   3:    6092608 bytes,   20644424 total
[2025-08-08T14:19:53.622+0000][7][gc,age      ] GC(6) - age   4:    1675088 bytes,   22319512 total
[2025-08-08T14:19:53.622+0000][7][gc,age      ] GC(6) - age   5:    1312696 bytes,   23632208 total
[2025-08-08T14:19:53.622+0000][7][gc,heap     ] GC(6) Eden regions: 150->0(146)
[2025-08-08T14:19:53.622+0000][7][gc,heap     ] GC(6) Survivor regions: 3->7(20)
[2025-08-08T14:19:53.622+0000][7][gc,heap     ] GC(6) Old regions: 3->3
[2025-08-08T14:19:53.622+0000][7][gc,heap     ] GC(6) Humongous regions: 0->0
[2025-08-08T14:19:53.622+0000][7][gc,metaspace] GC(6) Metaspace: 31026K(32064K)->31026K(32064K) NonClass: 27067K(27712K)->27067K(27712K) Class: 3959K(4352K)->3959K(4352K)
[2025-08-08T14:19:53.622+0000][7][gc          ] GC(6) Pause Young (Prepare Mixed) (G1 Evacuation Pause) 618M->31M(1024M) 33.793ms
[2025-08-08T14:19:53.622+0000][7][gc,cpu      ] GC(6) User=0.06s Sys=0.02s Real=0.03s
[2025-08-08T14:19:53.622+0000][7][safepoint   ] Safepoint "G1CollectForAllocation", Time since last: 318921856 ns, Reaching safepoint: 5984 ns, Cleanup: 44025 ns, At safepoint: 33919059 ns, Total: 33969068 ns
[2025-08-08T14:19:54.625+0000][7][safepoint   ] Safepoint "Cleanup", Time since last: 1000164769 ns, Reaching safepoint: 2015592 ns, Cleanup: 50754 ns, At safepoint: 46542 ns, Total: 2112888 ns
[2025-08-08T14:19:55.629+0000][7][safepoint   ] Safepoint "Cleanup", Time since last: 1003201248 ns, Reaching safepoint: 1024178 ns, Cleanup: 61959 ns, At safepoint: 43332 ns, Total: 1129469 ns
[2025-08-08T14:19:56.172+0000][7][gc,start    ] GC(7) Pause Young (Mixed) (Metadata GC Threshold)
[2025-08-08T14:19:56.172+0000][7][gc,task     ] GC(7) Using 8 workers of 8 for evacuation
[2025-08-08T14:19:56.172+0000][7][gc,age      ] GC(7) Desired survivor size 41943040 bytes, new threshold 15 (max threshold 15)
[2025-08-08T14:19:56.206+0000][7][gc,phases   ] GC(7)   Pre Evacuate Collection Set: 0.28ms
[2025-08-08T14:19:56.206+0000][7][gc,phases   ] GC(7)   Merge Heap Roots: 0.37ms
[2025-08-08T14:19:56.206+0000][7][gc,phases   ] GC(7)   Evacuate Collection Set: 29.31ms
[2025-08-08T14:19:56.206+0000][7][gc,phases   ] GC(7)   Post Evacuate Collection Set: 3.82ms
[2025-08-08T14:19:56.206+0000][7][gc,phases   ] GC(7)   Other: 0.14ms
[2025-08-08T14:19:56.206+0000][7][gc,age      ] GC(7) Age table with threshold 15 (max threshold 15)
[2025-08-08T14:19:56.206+0000][7][gc,age      ] GC(7) - age   1:   16639152 bytes,   16639152 total
[2025-08-08T14:19:56.206+0000][7][gc,age      ] GC(7) - age   2:   11912760 bytes,   28551912 total
[2025-08-08T14:19:56.206+0000][7][gc,age      ] GC(7) - age   3:    1816176 bytes,   30368088 total
[2025-08-08T14:19:56.206+0000][7][gc,age      ] GC(7) - age   4:    6087792 bytes,   36455880 total
[2025-08-08T14:19:56.206+0000][7][gc,age      ] GC(7) - age   5:    1675032 bytes,   38130912 total
[2025-08-08T14:19:56.206+0000][7][gc,age      ] GC(7) - age   6:    1312208 bytes,   39443120 total
[2025-08-08T14:19:56.206+0000][7][gc,heap     ] GC(7) Eden regions: 43->0(142)
[2025-08-08T14:19:56.206+0000][7][gc,heap     ] GC(7) Survivor regions: 7->11(20)
[2025-08-08T14:19:56.206+0000][7][gc,heap     ] GC(7) Old regions: 3->2
[2025-08-08T14:19:56.206+0000][7][gc,heap     ] GC(7) Humongous regions: 0->0
[2025-08-08T14:19:56.206+0000][7][gc,metaspace] GC(7) Metaspace: 35059K(36096K)->35059K(36096K) NonClass: 30427K(31104K)->30427K(31104K) Class: 4631K(4992K)->4631K(4992K)
[2025-08-08T14:19:56.206+0000][7][gc          ] GC(7) Pause Young (Mixed) (Metadata GC Threshold) 201M->48M(1024M) 34.233ms
[2025-08-08T14:19:56.206+0000][7][gc,cpu      ] GC(7) User=0.13s Sys=0.01s Real=0.04s
[2025-08-08T14:19:56.207+0000][7][safepoint   ] Safepoint "CollectForMetadataAllocation", Time since last: 543147487 ns, Reaching safepoint: 6533 ns, Cleanup: 36089 ns, At safepoint: 34511324 ns, Total: 34553946 ns
[2025-08-08T14:19:56.251+0000][7][gc,start    ] GC(8) Pause Young (Concurrent Start) (Metadata GC Threshold)
[2025-08-08T14:19:56.251+0000][7][gc,task     ] GC(8) Using 8 workers of 8 for evacuation
[2025-08-08T14:19:56.251+0000][7][gc,age      ] GC(8) Desired survivor size 41943040 bytes, new threshold 15 (max threshold 15)
[2025-08-08T14:19:56.283+0000][7][gc,phases   ] GC(8)   Pre Evacuate Collection Set: 0.53ms
[2025-08-08T14:19:56.283+0000][7][gc,phases   ] GC(8)   Merge Heap Roots: 0.27ms
[2025-08-08T14:19:56.283+0000][7][gc,phases   ] GC(8)   Evacuate Collection Set: 28.51ms
[2025-08-08T14:19:56.284+0000][7][gc,phases   ] GC(8)   Post Evacuate Collection Set: 2.14ms
[2025-08-08T14:19:56.284+0000][7][gc,phases   ] GC(8)   Other: 1.00ms
[2025-08-08T14:19:56.284+0000][7][gc,age      ] GC(8) Age table with threshold 15 (max threshold 15)
[2025-08-08T14:19:56.285+0000][7][gc,age      ] GC(8) - age   1:      68640 bytes,      68640 total
[2025-08-08T14:19:56.285+0000][7][gc,age      ] GC(8) - age   2:   16572232 bytes,   16640872 total
[2025-08-08T14:19:56.285+0000][7][gc,age      ] GC(8) - age   3:   11912328 bytes,   28553200 total
[2025-08-08T14:19:56.285+0000][7][gc,age      ] GC(8) - age   4:    1816112 bytes,   30369312 total
[2025-08-08T14:19:56.285+0000][7][gc,age      ] GC(8) - age   5:    6082768 bytes,   36452080 total
[2025-08-08T14:19:56.285+0000][7][gc,age      ] GC(8) - age   6:    1674968 bytes,   38127048 total
[2025-08-08T14:19:56.285+0000][7][gc,age      ] GC(8) - age   7:    1312144 bytes,   39439192 total
[2025-08-08T14:19:56.285+0000][7][gc,heap     ] GC(8) Eden regions: 1->0(142)
[2025-08-08T14:19:56.285+0000][7][gc,heap     ] GC(8) Survivor regions: 11->11(20)
[2025-08-08T14:19:56.285+0000][7][gc,heap     ] GC(8) Old regions: 2->2
[2025-08-08T14:19:56.285+0000][7][gc,heap     ] GC(8) Humongous regions: 0->0
[2025-08-08T14:19:56.285+0000][7][gc,metaspace] GC(8) Metaspace: 35395K(36416K)->35395K(36416K) NonClass: 30729K(31360K)->30729K(31360K) Class: 4665K(5056K)->4665K(5056K)
[2025-08-08T14:19:56.285+0000][7][gc          ] GC(8) Pause Young (Concurrent Start) (Metadata GC Threshold) 50M->49M(1024M) 34.300ms
[2025-08-08T14:19:56.285+0000][7][gc,cpu      ] GC(8) User=0.10s Sys=0.02s Real=0.03s
[2025-08-08T14:19:56.285+0000][7][gc          ] GC(9) Concurrent Mark Cycle
[2025-08-08T14:19:56.285+0000][7][gc,marking  ] GC(9) Concurrent Scan Root Regions
[2025-08-08T14:19:56.286+0000][7][safepoint   ] Safepoint "CollectForMetadataAllocation", Time since last: 44187769 ns, Reaching safepoint: 5053 ns, Cleanup: 15129 ns, At safepoint: 34702912 ns, Total: 34723094 ns
[2025-08-08T14:19:56.313+0000][7][gc,marking  ] GC(9) Concurrent Scan Root Regions 28.133ms
[2025-08-08T14:19:56.314+0000][7][gc,marking  ] GC(9) Concurrent Mark
[2025-08-08T14:19:56.314+0000][7][gc,marking  ] GC(9) Concurrent Mark From Roots
[2025-08-08T14:19:56.314+0000][7][gc,task     ] GC(9) Using 2 workers of 2 for marking
[2025-08-08T14:19:56.321+0000][7][gc,marking  ] GC(9) Concurrent Mark From Roots 7.845ms
[2025-08-08T14:19:56.321+0000][7][gc,marking  ] GC(9) Concurrent Preclean
[2025-08-08T14:19:56.322+0000][7][gc,marking  ] GC(9) Concurrent Preclean 0.076ms
[2025-08-08T14:19:56.323+0000][7][gc,start    ] GC(9) Pause Remark
[2025-08-08T14:19:56.330+0000][7][gc          ] GC(9) Pause Remark 52M->52M(1024M) 7.787ms
[2025-08-08T14:19:56.330+0000][7][gc,cpu      ] GC(9) User=0.02s Sys=0.01s Real=0.01s
[2025-08-08T14:19:56.331+0000][7][safepoint   ] Safepoint "G1PauseRemark", Time since last: 36142393 ns, Reaching safepoint: 865559 ns, Cleanup: 19140 ns, At safepoint: 7943679 ns, Total: 8828378 ns
[2025-08-08T14:19:56.331+0000][7][gc,marking  ] GC(9) Concurrent Mark 17.172ms
[2025-08-08T14:19:56.331+0000][7][gc,marking  ] GC(9) Concurrent Rebuild Remembered Sets and Scrub Regions
[2025-08-08T14:19:56.337+0000][7][gc,marking  ] GC(9) Concurrent Rebuild Remembered Sets and Scrub Regions 6.319ms
[2025-08-08T14:19:56.338+0000][7][gc,start    ] GC(9) Pause Cleanup
[2025-08-08T14:19:56.338+0000][7][gc          ] GC(9) Pause Cleanup 52M->52M(1024M) 0.434ms
[2025-08-08T14:19:56.338+0000][7][gc,cpu      ] GC(9) User=0.00s Sys=0.00s Real=0.00s
[2025-08-08T14:19:56.338+0000][7][safepoint   ] Safepoint "G1PauseCleanup", Time since last: 7030145 ns, Reaching safepoint: 6763 ns, Cleanup: 13544 ns, At safepoint: 567467 ns, Total: 587774 ns
[2025-08-08T14:19:56.339+0000][7][gc,marking  ] GC(9) Concurrent Clear Claimed Marks
[2025-08-08T14:19:56.339+0000][7][gc,marking  ] GC(9) Concurrent Clear Claimed Marks 0.136ms
[2025-08-08T14:19:56.339+0000][7][gc,marking  ] GC(9) Concurrent Cleanup for Next Mark
[2025-08-08T14:19:56.342+0000][7][gc,marking  ] GC(9) Concurrent Cleanup for Next Mark 2.491ms
[2025-08-08T14:19:56.342+0000][7][gc          ] GC(9) Concurrent Mark Cycle 56.551ms
[2025-08-08T14:19:58.200+0000][7][safepoint   ] Safepoint "Cleanup", Time since last: 1860724242 ns, Reaching safepoint: 492225 ns, Cleanup: 134557 ns, At safepoint: 51303 ns, Total: 678085 ns
[2025-08-08T14:19:59.498+0000][7][safepoint   ] Safepoint "Cleanup", Time since last: 1297854277 ns, Reaching safepoint: 359065 ns, Cleanup: 171356 ns, At safepoint: 47526 ns, Total: 577947 ns
[2025-08-08T14:20:00.499+0000][7][safepoint   ] Safepoint "Cleanup", Time since last: 1000172206 ns, Reaching safepoint: 1108210 ns, Cleanup: 50835 ns, At safepoint: 27132 ns, Total: 1186177 ns
[2025-08-08T14:20:01.955+0000][7][safepoint   ] Safepoint "Cleanup", Time since last: 1454398847 ns, Reaching safepoint: 997528 ns, Cleanup: 181308 ns, At safepoint: 42062 ns, Total: 1220898 ns
[2025-08-08T14:20:02.202+0000][7][gc,start    ] GC(10) Pause Young (Concurrent Start) (Metadata GC Threshold)
[2025-08-08T14:20:02.202+0000][7][gc,task     ] GC(10) Using 8 workers of 8 for evacuation
[2025-08-08T14:20:02.202+0000][7][gc,age      ] GC(10) Desired survivor size 41943040 bytes, new threshold 15 (max threshold 15)
[2025-08-08T14:20:02.239+0000][7][gc,phases   ] GC(10)   Pre Evacuate Collection Set: 0.39ms
[2025-08-08T14:20:02.239+0000][7][gc,phases   ] GC(10)   Merge Heap Roots: 0.18ms
[2025-08-08T14:20:02.239+0000][7][gc,phases   ] GC(10)   Evacuate Collection Set: 30.83ms
[2025-08-08T14:20:02.239+0000][7][gc,phases   ] GC(10)   Post Evacuate Collection Set: 4.97ms
[2025-08-08T14:20:02.239+0000][7][gc,phases   ] GC(10)   Other: 0.41ms
[2025-08-08T14:20:02.239+0000][7][gc,age      ] GC(10) Age table with threshold 15 (max threshold 15)
[2025-08-08T14:20:02.239+0000][7][gc,age      ] GC(10) - age   1:   11106032 bytes,   11106032 total
[2025-08-08T14:20:02.239+0000][7][gc,age      ] GC(10) - age   2:      51368 bytes,   11157400 total
[2025-08-08T14:20:02.239+0000][7][gc,age      ] GC(10) - age   3:   16542912 bytes,   27700312 total
[2025-08-08T14:20:02.239+0000][7][gc,age      ] GC(10) - age   4:   11708176 bytes,   39408488 total
[2025-08-08T14:20:02.239+0000][7][gc,age      ] GC(10) - age   5:    1805864 bytes,   41214352 total
[2025-08-08T14:20:02.239+0000][7][gc,age      ] GC(10) - age   6:    6067272 bytes,   47281624 total
[2025-08-08T14:20:02.239+0000][7][gc,age      ] GC(10) - age   7:    1667320 bytes,   48948944 total
[2025-08-08T14:20:02.239+0000][7][gc,age      ] GC(10) - age   8:    1293232 bytes,   50242176 total
[2025-08-08T14:20:02.239+0000][7][gc,heap     ] GC(10) Eden regions: 114->0(140)
[2025-08-08T14:20:02.239+0000][7][gc,heap     ] GC(10) Survivor regions: 11->13(20)
[2025-08-08T14:20:02.239+0000][7][gc,heap     ] GC(10) Old regions: 2->2
[2025-08-08T14:20:02.239+0000][7][gc,heap     ] GC(10) Humongous regions: 0->0
[2025-08-08T14:20:02.239+0000][7][gc,metaspace] GC(10) Metaspace: 59775K(61056K)->59775K(61056K) NonClass: 51664K(52416K)->51664K(52416K) Class: 8111K(8640K)->8111K(8640K)
[2025-08-08T14:20:02.239+0000][7][gc          ] GC(10) Pause Young (Concurrent Start) (Metadata GC Threshold) 503M->59M(1024M) 37.071ms
[2025-08-08T14:20:02.239+0000][7][gc,cpu      ] GC(10) User=0.19s Sys=0.00s Real=0.04s
[2025-08-08T14:20:02.239+0000][7][gc          ] GC(11) Concurrent Mark Cycle
[2025-08-08T14:20:02.239+0000][7][gc,marking  ] GC(11) Concurrent Scan Root Regions
[2025-08-08T14:20:02.239+0000][7][safepoint   ] Safepoint "CollectForMetadataAllocation", Time since last: 246947282 ns, Reaching safepoint: 5698 ns, Cleanup: 47388 ns, At safepoint: 37405313 ns, Total: 37458399 ns
[2025-08-08T14:20:02.266+0000][7][gc,marking  ] GC(11) Concurrent Scan Root Regions 26.459ms
[2025-08-08T14:20:02.266+0000][7][gc,marking  ] GC(11) Concurrent Mark
[2025-08-08T14:20:02.266+0000][7][gc,marking  ] GC(11) Concurrent Mark From Roots
[2025-08-08T14:20:02.266+0000][7][gc,task     ] GC(11) Using 2 workers of 2 for marking
[2025-08-08T14:20:02.274+0000][7][gc,marking  ] GC(11) Concurrent Mark From Roots 8.227ms
[2025-08-08T14:20:02.274+0000][7][gc,marking  ] GC(11) Concurrent Preclean
[2025-08-08T14:20:02.274+0000][7][gc,marking  ] GC(11) Concurrent Preclean 0.095ms
[2025-08-08T14:20:02.275+0000][7][gc,start    ] GC(11) Pause Remark
[2025-08-08T14:20:02.282+0000][7][gc          ] GC(11) Pause Remark 65M->65M(1024M) 7.166ms
[2025-08-08T14:20:02.283+0000][7][gc,cpu      ] GC(11) User=0.03s Sys=0.00s Real=0.01s
[2025-08-08T14:20:02.283+0000][7][safepoint   ] Safepoint "G1PauseRemark", Time since last: 34944265 ns, Reaching safepoint: 910823 ns, Cleanup: 28546 ns, At safepoint: 7305417 ns, Total: 8244786 ns
[2025-08-08T14:20:02.283+0000][7][gc,marking  ] GC(11) Concurrent Mark 16.880ms
[2025-08-08T14:20:02.283+0000][7][gc,marking  ] GC(11) Concurrent Rebuild Remembered Sets and Scrub Regions
[2025-08-08T14:20:02.286+0000][7][gc,marking  ] GC(11) Concurrent Rebuild Remembered Sets and Scrub Regions 3.452ms
[2025-08-08T14:20:02.287+0000][7][gc,start    ] GC(11) Pause Cleanup
[2025-08-08T14:20:02.287+0000][7][gc          ] GC(11) Pause Cleanup 65M->65M(1024M) 0.336ms
[2025-08-08T14:20:02.287+0000][7][gc,cpu      ] GC(11) User=0.00s Sys=0.00s Real=0.00s
[2025-08-08T14:20:02.287+0000][7][safepoint   ] Safepoint "G1PauseCleanup", Time since last: 3726889 ns, Reaching safepoint: 535735 ns, Cleanup: 15458 ns, At safepoint: 469732 ns, Total: 1020925 ns
[2025-08-08T14:20:02.288+0000][7][gc,marking  ] GC(11) Concurrent Clear Claimed Marks
[2025-08-08T14:20:02.288+0000][7][gc,marking  ] GC(11) Concurrent Clear Claimed Marks 0.169ms
[2025-08-08T14:20:02.288+0000][7][gc,marking  ] GC(11) Concurrent Cleanup for Next Mark
[2025-08-08T14:20:02.290+0000][7][gc,marking  ] GC(11) Concurrent Cleanup for Next Mark 2.633ms
[2025-08-08T14:20:02.290+0000][7][gc          ] GC(11) Concurrent Mark Cycle 51.269ms
[2025-08-08T14:20:03.383+0000][7][safepoint   ] Safepoint "Cleanup", Time since last: 1094936738 ns, Reaching safepoint: 680149 ns, Cleanup: 75062 ns, At safepoint: 64634 ns, Total: 819845 ns
[2025-08-08T14:20:04.524+0000][7][safepoint   ] Safepoint "Cleanup", Time since last: 1140561647 ns, Reaching safepoint: 2932 ns, Cleanup: 59319 ns, At safepoint: 20832 ns, Total: 83083 ns
[2025-08-08T14:20:05.426+0000][7][safepoint   ] Safepoint "ICBufferFull", Time since last: 901685627 ns, Reaching safepoint: 5433 ns, Cleanup: 122121 ns, At safepoint: 7574 ns, Total: 135128 ns
[2025-08-08T14:20:06.648+0000][7][safepoint   ] Safepoint "ICBufferFull", Time since last: 1222274612 ns, Reaching safepoint: 6839 ns, Cleanup: 127622 ns, At safepoint: 39145 ns, Total: 173606 ns
[2025-08-08T14:20:07.075+0000][7][safepoint   ] Safepoint "ICBufferFull", Time since last: 426886306 ns, Reaching safepoint: 6043 ns, Cleanup: 116292 ns, At safepoint: 7421 ns, Total: 129756 ns
[2025-08-08T14:20:07.456+0000][7][safepoint   ] Safepoint "ICBufferFull", Time since last: 379928395 ns, Reaching safepoint: 353936 ns, Cleanup: 146756 ns, At safepoint: 98156 ns, Total: 598848 ns
[2025-08-08T14:20:08.080+0000][7][safepoint   ] Safepoint "ICBufferFull", Time since last: 623628095 ns, Reaching safepoint: 251119 ns, Cleanup: 188905 ns, At safepoint: 51049 ns, Total: 491073 ns
[2025-08-08T14:20:08.329+0000][7][gc,start    ] GC(12) Pause Young (Concurrent Start) (Metadata GC Threshold)
[2025-08-08T14:20:08.329+0000][7][gc,task     ] GC(12) Using 8 workers of 8 for evacuation
[2025-08-08T14:20:08.329+0000][7][gc,age      ] GC(12) Desired survivor size 41943040 bytes, new threshold 6 (max threshold 15)
[2025-08-08T14:20:08.375+0000][7][gc,phases   ] GC(12)   Pre Evacuate Collection Set: 0.35ms
[2025-08-08T14:20:08.375+0000][7][gc,phases   ] GC(12)   Merge Heap Roots: 0.12ms
[2025-08-08T14:20:08.375+0000][7][gc,phases   ] GC(12)   Evacuate Collection Set: 41.00ms
[2025-08-08T14:20:08.375+0000][7][gc,phases   ] GC(12)   Post Evacuate Collection Set: 4.42ms
[2025-08-08T14:20:08.375+0000][7][gc,phases   ] GC(12)   Other: 0.22ms
[2025-08-08T14:20:08.375+0000][7][gc,age      ] GC(12) Age table with threshold 6 (max threshold 15)
[2025-08-08T14:20:08.375+0000][7][gc,age      ] GC(12) - age   1:   18551192 bytes,   18551192 total
[2025-08-08T14:20:08.375+0000][7][gc,age      ] GC(12) - age   2:   10276544 bytes,   28827736 total
[2025-08-08T14:20:08.375+0000][7][gc,age      ] GC(12) - age   3:      50656 bytes,   28878392 total
[2025-08-08T14:20:08.375+0000][7][gc,age      ] GC(12) - age   4:   16514744 bytes,   45393136 total
[2025-08-08T14:20:08.375+0000][7][gc,age      ] GC(12) - age   5:   11610664 bytes,   57003800 total
[2025-08-08T14:20:08.375+0000][7][gc,age      ] GC(12) - age   6:    1798064 bytes,   58801864 total
[2025-08-08T14:20:08.375+0000][7][gc,heap     ] GC(12) Eden regions: 90->0(137)
[2025-08-08T14:20:08.375+0000][7][gc,heap     ] GC(12) Survivor regions: 13->16(20)
[2025-08-08T14:20:08.375+0000][7][gc,heap     ] GC(12) Old regions: 2->4
[2025-08-08T14:20:08.375+0000][7][gc,heap     ] GC(12) Humongous regions: 2->2
[2025-08-08T14:20:08.375+0000][7][gc,metaspace] GC(12) Metaspace: 99534K(102208K)->99534K(102208K) NonClass: 85245K(86656K)->85245K(86656K) Class: 14289K(15552K)->14289K(15552K)
[2025-08-08T14:20:08.375+0000][7][gc          ] GC(12) Pause Young (Concurrent Start) (Metadata GC Threshold) 425M->86M(1024M) 46.437ms
[2025-08-08T14:20:08.376+0000][7][gc,cpu      ] GC(12) User=0.27s Sys=0.02s Real=0.04s
[2025-08-08T14:20:08.376+0000][7][gc          ] GC(13) Concurrent Mark Cycle
[2025-08-08T14:20:08.376+0000][7][gc,marking  ] GC(13) Concurrent Scan Root Regions
[2025-08-08T14:20:08.379+0000][7][safepoint   ] Safepoint "CollectForMetadataAllocation", Time since last: 245240745 ns, Reaching safepoint: 4032173 ns, Cleanup: 109093 ns, At safepoint: 50127516 ns, Total: 54268782 ns
[2025-08-08T14:20:08.388+0000][7][safepoint   ] Safepoint "CollectForMetadataAllocation", Time since last: 4291616 ns, Reaching safepoint: 4381152 ns, Cleanup: 23507 ns, At safepoint: 105238 ns, Total: 4509897 ns
[2025-08-08T14:20:08.425+0000][7][safepoint   ] Safepoint "CollectForMetadataAllocation", Time since last: 31205597 ns, Reaching safepoint: 5307600 ns, Cleanup: 28923 ns, At safepoint: 277118 ns, Total: 5613641 ns
[2025-08-08T14:20:08.429+0000][7][safepoint   ] Safepoint "CollectForMetadataAllocation", Time since last: 3796482 ns, Reaching safepoint: 12937 ns, Cleanup: 4825 ns, At safepoint: 36796 ns, Total: 54558 ns
[2025-08-08T14:20:08.430+0000][7][gc,marking  ] GC(13) Concurrent Scan Root Regions 54.797ms
[2025-08-08T14:20:08.430+0000][7][gc,marking  ] GC(13) Concurrent Mark
[2025-08-08T14:20:08.430+0000][7][gc,marking  ] GC(13) Concurrent Mark From Roots
[2025-08-08T14:20:08.430+0000][7][gc,task     ] GC(13) Using 2 workers of 2 for marking
[2025-08-08T14:20:08.435+0000][7][safepoint   ] Safepoint "CollectForMetadataAllocation", Time since last: 5719688 ns, Reaching safepoint: 860275 ns, Cleanup: 14741 ns, At safepoint: 101995 ns, Total: 977011 ns
[2025-08-08T14:20:08.438+0000][7][safepoint   ] Safepoint "CollectForMetadataAllocation", Time since last: 2143426 ns, Reaching safepoint: 542451 ns, Cleanup: 7682 ns, At safepoint: 170814 ns, Total: 720947 ns
[2025-08-08T14:20:08.440+0000][7][gc,marking  ] GC(13) Concurrent Mark From Roots 9.592ms
[2025-08-08T14:20:08.440+0000][7][gc,marking  ] GC(13) Concurrent Preclean
[2025-08-08T14:20:08.440+0000][7][gc,marking  ] GC(13) Concurrent Preclean 0.061ms
[2025-08-08T14:20:08.442+0000][7][gc,start    ] GC(13) Pause Remark
[2025-08-08T14:20:08.452+0000][7][gc          ] GC(13) Pause Remark 98M->98M(1024M) 9.650ms
[2025-08-08T14:20:08.452+0000][7][gc,cpu      ] GC(13) User=0.03s Sys=0.01s Real=0.01s
[2025-08-08T14:20:08.452+0000][7][safepoint   ] Safepoint "G1PauseRemark", Time since last: 3384746 ns, Reaching safepoint: 241744 ns, Cleanup: 6977 ns, At safepoint: 9884915 ns, Total: 10133636 ns
[2025-08-08T14:20:08.453+0000][7][gc,marking  ] GC(13) Concurrent Mark 22.028ms
[2025-08-08T14:20:08.453+0000][7][gc,marking  ] GC(13) Concurrent Rebuild Remembered Sets and Scrub Regions
[2025-08-08T14:20:08.457+0000][7][gc,marking  ] GC(13) Concurrent Rebuild Remembered Sets and Scrub Regions 4.492ms
[2025-08-08T14:20:08.458+0000][7][gc,start    ] GC(13) Pause Cleanup
[2025-08-08T14:20:08.458+0000][7][gc          ] GC(13) Pause Cleanup 100M->100M(1024M) 0.071ms
[2025-08-08T14:20:08.458+0000][7][gc,cpu      ] GC(13) User=0.00s Sys=0.00s Real=0.00s
[2025-08-08T14:20:08.458+0000][7][safepoint   ] Safepoint "G1PauseCleanup", Time since last: 5421596 ns, Reaching safepoint: 751719 ns, Cleanup: 13790 ns, At safepoint: 191802 ns, Total: 957311 ns
[2025-08-08T14:20:08.458+0000][7][gc,marking  ] GC(13) Concurrent Clear Claimed Marks
[2025-08-08T14:20:08.458+0000][7][gc,marking  ] GC(13) Concurrent Clear Claimed Marks 0.304ms
[2025-08-08T14:20:08.458+0000][7][gc,marking  ] GC(13) Concurrent Cleanup for Next Mark
[2025-08-08T14:20:08.459+0000][7][gc,marking  ] GC(13) Concurrent Cleanup for Next Mark 1.079ms
[2025-08-08T14:20:08.460+0000][7][gc          ] GC(13) Concurrent Mark Cycle 83.950ms
[2025-08-08T14:20:09.013+0000][7][safepoint   ] Safepoint "ICBufferFull", Time since last: 555038875 ns, Reaching safepoint: 12967 ns, Cleanup: 185178 ns, At safepoint: 14826 ns, Total: 212971 ns
[2025-08-08T14:20:10.014+0000][7][safepoint   ] Safepoint "Cleanup", Time since last: 1000194591 ns, Reaching safepoint: 16169 ns, Cleanup: 39992 ns, At safepoint: 10975 ns, Total: 67136 ns
[2025-08-08T14:20:11.015+0000][7][safepoint   ] Safepoint "Cleanup", Time since last: 1001162490 ns, Reaching safepoint: 12813 ns, Cleanup: 22954 ns, At safepoint: 9307 ns, Total: 45074 ns
[2025-08-08T14:20:12.015+0000][7][safepoint   ] Safepoint "Cleanup", Time since last: 1000367645 ns, Reaching safepoint: 13232 ns, Cleanup: 15570 ns, At safepoint: 9936 ns, Total: 38738 ns
[2025-08-08T14:20:13.016+0000][7][safepoint   ] Safepoint "Cleanup", Time since last: 1000580791 ns, Reaching safepoint: 18698 ns, Cleanup: 23399 ns, At safepoint: 13620 ns, Total: 55717 ns
[2025-08-08T14:20:14.016+0000][7][safepoint   ] Safepoint "Cleanup", Time since last: 1000447544 ns, Reaching safepoint: 12843 ns, Cleanup: 23157 ns, At safepoint: 10700 ns, Total: 46700 ns
[2025-08-08T14:20:16.017+0000][7][safepoint   ] Safepoint "Cleanup", Time since last: 2000796815 ns, Reaching safepoint: 16475 ns, Cleanup: 20734 ns, At safepoint: 12694 ns, Total: 49903 ns
[2025-08-08T14:20:17.021+0000][7][safepoint   ] Safepoint "Cleanup", Time since last: 1003726158 ns, Reaching safepoint: 14261 ns, Cleanup: 20064 ns, At safepoint: 9426 ns, Total: 43751 ns
[2025-08-08T14:20:18.021+0000][7][safepoint   ] Safepoint "Cleanup", Time since last: 1000216903 ns, Reaching safepoint: 14485 ns, Cleanup: 18126 ns, At safepoint: 10643 ns, Total: 43254 ns
[2025-08-08T14:20:19.023+0000][7][safepoint   ] Safepoint "Cleanup", Time since last: 1001540665 ns, Reaching safepoint: 15516 ns, Cleanup: 21376 ns, At safepoint: 11178 ns, Total: 48070 ns
[2025-08-08T14:20:21.023+0000][7][safepoint   ] Safepoint "Cleanup", Time since last: 2000573287 ns, Reaching safepoint: 16934 ns, Cleanup: 28071 ns, At safepoint: 13172 ns, Total: 58177 ns
[2025-08-08T14:20:23.025+0000][7][safepoint   ] Safepoint "Cleanup", Time since last: 2001483041 ns, Reaching safepoint: 58914 ns, Cleanup: 19227 ns, At safepoint: 11325 ns, Total: 89466 ns
[2025-08-08T14:20:25.027+0000][7][safepoint   ] Safepoint "Cleanup", Time since last: 2001882507 ns, Reaching safepoint: 15314 ns, Cleanup: 26640 ns, At safepoint: 10600 ns, Total: 52554 ns
[2025-08-08T14:20:26.027+0000][7][safepoint   ] Safepoint "Cleanup", Time since last: 1000228475 ns, Reaching safepoint: 52112 ns, Cleanup: 23075 ns, At safepoint: 20601 ns, Total: 95788 ns
[2025-08-08T14:20:28.028+0000][7][safepoint   ] Safepoint "Cleanup", Time since last: 2000754633 ns, Reaching safepoint: 58985 ns, Cleanup: 29358 ns, At safepoint: 12254 ns, Total: 100597 ns
[2025-08-08T14:20:29.832+0000][7][safepoint   ] Safepoint "Cleanup", Time since last: 1804068819 ns, Reaching safepoint: 105872 ns, Cleanup: 30981 ns, At safepoint: 66138 ns, Total: 202991 ns
[2025-08-08T14:20:30.833+0000][7][safepoint   ] Safepoint "Cleanup", Time since last: 1000989732 ns, Reaching safepoint: 17717 ns, Cleanup: 28527 ns, At safepoint: 11262 ns, Total: 57506 ns
[2025-08-08T14:20:31.834+0000][7][safepoint   ] Safepoint "Cleanup", Time since last: 1000336684 ns, Reaching safepoint: 47771 ns, Cleanup: 51437 ns, At safepoint: 13555 ns, Total: 112763 ns
[2025-08-08T14:20:32.834+0000][7][safepoint   ] Safepoint "Cleanup", Time since last: 1000356941 ns, Reaching safepoint: 47741 ns, Cleanup: 41239 ns, At safepoint: 20411 ns, Total: 109391 ns
[2025-08-08T14:20:33.835+0000][7][safepoint   ] Safepoint "Cleanup", Time since last: 1000252257 ns, Reaching safepoint: 577614 ns, Cleanup: 15455 ns, At safepoint: 34237 ns, Total: 627306 ns
[2025-08-08T14:20:34.836+0000][7][safepoint   ] Safepoint "Cleanup", Time since last: 1000247776 ns, Reaching safepoint: 19906 ns, Cleanup: 17103 ns, At safepoint: 10277 ns, Total: 47286 ns
[2025-08-08T14:20:36.837+0000][7][safepoint   ] Safepoint "Cleanup", Time since last: 2001476456 ns, Reaching safepoint: 18862 ns, Cleanup: 25582 ns, At safepoint: 12319 ns, Total: 56763 ns
[2025-08-08T14:20:37.840+0000][7][safepoint   ] Safepoint "Cleanup", Time since last: 1003174030 ns, Reaching safepoint: 21301 ns, Cleanup: 31495 ns, At safepoint: 12390 ns, Total: 65186 ns
[2025-08-08T14:20:38.842+0000][7][safepoint   ] Safepoint "Cleanup", Time since last: 1001470891 ns, Reaching safepoint: 21162 ns, Cleanup: 36997 ns, At safepoint: 12792 ns, Total: 70951 ns
[2025-08-08T14:20:40.843+0000][7][safepoint   ] Safepoint "Cleanup", Time since last: 2001458550 ns, Reaching safepoint: 18995 ns, Cleanup: 25813 ns, At safepoint: 11476 ns, Total: 56284 ns
[2025-08-08T14:20:41.845+0000][7][safepoint   ] Safepoint "Cleanup", Time since last: 1001333260 ns, Reaching safepoint: 21738 ns, Cleanup: 24026 ns, At safepoint: 12449 ns, Total: 58213 ns
[2025-08-08T14:20:43.846+0000][7][safepoint   ] Safepoint "Cleanup", Time since last: 2001392179 ns, Reaching safepoint: 17291 ns, Cleanup: 17348 ns, At safepoint: 10693 ns, Total: 45332 ns
[2025-08-08T14:20:44.847+0000][7][safepoint   ] Safepoint "Cleanup", Time since last: 1000410285 ns, Reaching safepoint: 23546 ns, Cleanup: 52935 ns, At safepoint: 15494 ns, Total: 91975 ns
[2025-08-08T14:20:45.848+0000][7][safepoint   ] Safepoint "Cleanup", Time since last: 1001451814 ns, Reaching safepoint: 18442 ns, Cleanup: 22206 ns, At safepoint: 11128 ns, Total: 51776 ns
[2025-08-08T14:20:47.075+0000][7][safepoint   ] Safepoint "Cleanup", Time since last: 1226646368 ns, Reaching safepoint: 19559 ns, Cleanup: 44664 ns, At safepoint: 14483 ns, Total: 78706 ns
[2025-08-08T14:20:48.076+0000][7][safepoint   ] Safepoint "Cleanup", Time since last: 1000907867 ns, Reaching safepoint: 18978 ns, Cleanup: 19173 ns, At safepoint: 10709 ns, Total: 48860 ns
[2025-08-08T14:20:50.084+0000][7][safepoint   ] Safepoint "Cleanup", Time since last: 2008069007 ns, Reaching safepoint: 19002 ns, Cleanup: 25493 ns, At safepoint: 11219 ns, Total: 55714 ns
[2025-08-08T14:20:57.980+0000][7][safepoint   ] Safepoint "Cleanup", Time since last: 7896311357 ns, Reaching safepoint: 6993 ns, Cleanup: 17515 ns, At safepoint: 5454 ns, Total: 29962 ns
[2025-08-08T14:20:59.981+0000][7][safepoint   ] Safepoint "Cleanup", Time since last: 2000709242 ns, Reaching safepoint: 58940 ns, Cleanup: 29069 ns, At safepoint: 11105 ns, Total: 99114 ns
[2025-08-08T14:21:01.983+0000][7][safepoint   ] Safepoint "Cleanup", Time since last: 2002291644 ns, Reaching safepoint: 20030 ns, Cleanup: 22151 ns, At safepoint: 12026 ns, Total: 54207 ns
[2025-08-08T14:21:02.984+0000][7][safepoint   ] Safepoint "Cleanup", Time since last: 1000381334 ns, Reaching safepoint: 441615 ns, Cleanup: 22092 ns, At safepoint: 45871 ns, Total: 509578 ns
[2025-08-08T14:21:03.985+0000][7][safepoint   ] Safepoint "Cleanup", Time since last: 1000853027 ns, Reaching safepoint: 24993 ns, Cleanup: 62789 ns, At safepoint: 14793 ns, Total: 102575 ns
[2025-08-08T14:21:04.986+0000][7][safepoint   ] Safepoint "Cleanup", Time since last: 1000361704 ns, Reaching safepoint: 21697 ns, Cleanup: 163538 ns, At safepoint: 72210 ns, Total: 257445 ns
[2025-08-08T14:21:05.988+0000][7][safepoint   ] Safepoint "Cleanup", Time since last: 1001900866 ns, Reaching safepoint: 22154 ns, Cleanup: 25079 ns, At safepoint: 12460 ns, Total: 59693 ns
[2025-08-08T14:21:06.988+0000][7][safepoint   ] Safepoint "Cleanup", Time since last: 1000494426 ns, Reaching safepoint: 19726 ns, Cleanup: 24086 ns, At safepoint: 11160 ns, Total: 54972 ns
[2025-08-08T14:21:07.991+0000][7][safepoint   ] Safepoint "Cleanup", Time since last: 1002090466 ns, Reaching safepoint: 21907 ns, Cleanup: 21711 ns, At safepoint: 12892 ns, Total: 56510 ns
[2025-08-08T14:21:08.991+0000][7][safepoint   ] Safepoint "Cleanup", Time since last: 1000457645 ns, Reaching safepoint: 20712 ns, Cleanup: 38720 ns, At safepoint: 11279 ns, Total: 70711 ns
[2025-08-08T14:21:10.993+0000][7][safepoint   ] Safepoint "Cleanup", Time since last: 2002059089 ns, Reaching safepoint: 20280 ns, Cleanup: 23449 ns, At safepoint: 48497 ns, Total: 92226 ns
[2025-08-08T14:21:12.995+0000][7][safepoint   ] Safepoint "Cleanup", Time since last: 2002122233 ns, Reaching safepoint: 25737 ns, Cleanup: 23029 ns, At safepoint: 17759 ns, Total: 66525 ns
[2025-08-08T14:21:13.996+0000][7][safepoint   ] Safepoint "Cleanup", Time since last: 1000798320 ns, Reaching safepoint: 19948 ns, Cleanup: 20270 ns, At safepoint: 11807 ns, Total: 52025 ns
[2025-08-08T14:21:15.998+0000][7][safepoint   ] Safepoint "Cleanup", Time since last: 2001134411 ns, Reaching safepoint: 120850 ns, Cleanup: 21063 ns, At safepoint: 12843 ns, Total: 154756 ns
[2025-08-08T14:21:19.003+0000][7][safepoint   ] Safepoint "Cleanup", Time since last: 3005116033 ns, Reaching safepoint: 65039 ns, Cleanup: 21972 ns, At safepoint: 24056 ns, Total: 111067 ns
[2025-08-08T14:21:21.005+0000][7][safepoint   ] Safepoint "Cleanup", Time since last: 2001669683 ns, Reaching safepoint: 59296 ns, Cleanup: 24749 ns, At safepoint: 11403 ns, Total: 95448 ns
[2025-08-08T14:21:23.006+0000][7][safepoint   ] Safepoint "Cleanup", Time since last: 2000994533 ns, Reaching safepoint: 57825 ns, Cleanup: 19425 ns, At safepoint: 51662 ns, Total: 128912 ns
[2025-08-08T14:21:26.011+0000][7][safepoint   ] Safepoint "Cleanup", Time since last: 3005651960 ns, Reaching safepoint: 72621 ns, Cleanup: 20009 ns, At safepoint: 12023 ns, Total: 104653 ns
[2025-08-08T14:21:28.013+0000][7][safepoint   ] Safepoint "Cleanup", Time since last: 2001190364 ns, Reaching safepoint: 58424 ns, Cleanup: 18742 ns, At safepoint: 21949 ns, Total: 99115 ns
[2025-08-08T14:21:29.014+0000][7][safepoint   ] Safepoint "Cleanup", Time since last: 1001139204 ns, Reaching safepoint: 24335 ns, Cleanup: 75732 ns, At safepoint: 12781 ns, Total: 112848 ns
[2025-08-08T14:21:30.015+0000][7][safepoint   ] Safepoint "Cleanup", Time since last: 1000437395 ns, Reaching safepoint: 18913 ns, Cleanup: 49772 ns, At safepoint: 13107 ns, Total: 81792 ns
[2025-08-08T14:21:31.015+0000][7][safepoint   ] Safepoint "Cleanup", Time since last: 1000664951 ns, Reaching safepoint: 20586 ns, Cleanup: 43620 ns, At safepoint: 12965 ns, Total: 77171 ns
[2025-08-08T14:21:32.018+0000][7][safepoint   ] Safepoint "Cleanup", Time since last: 1002623643 ns, Reaching safepoint: 49021 ns, Cleanup: 24963 ns, At safepoint: 11083 ns, Total: 85067 ns
[2025-08-08T14:21:33.019+0000][7][safepoint   ] Safepoint "Cleanup", Time since last: 1000830343 ns, Reaching safepoint: 18623 ns, Cleanup: 23374 ns, At safepoint: 10714 ns, Total: 52711 ns
[2025-08-08T14:21:38.025+0000][7][safepoint   ] Safepoint "Cleanup", Time since last: 5005967892 ns, Reaching safepoint: 16292 ns, Cleanup: 17613 ns, At safepoint: 8861 ns, Total: 42766 ns
[2025-08-08T14:21:39.026+0000][7][safepoint   ] Safepoint "Cleanup", Time since last: 1000837776 ns, Reaching safepoint: 54023 ns, Cleanup: 29242 ns, At safepoint: 19717 ns, Total: 102982 ns
[2025-08-08T14:21:41.027+0000][7][safepoint   ] Safepoint "Cleanup", Time since last: 2001359267 ns, Reaching safepoint: 20222 ns, Cleanup: 16294 ns, At safepoint: 10184 ns, Total: 46700 ns
[2025-08-08T14:21:43.028+0000][7][safepoint   ] Safepoint "Cleanup", Time since last: 2000975571 ns, Reaching safepoint: 17827 ns, Cleanup: 19517 ns, At safepoint: 8412 ns, Total: 45756 ns
[2025-08-08T14:21:47.287+0000][7][safepoint   ] Safepoint "Cleanup", Time since last: 4258420030 ns, Reaching safepoint: 61492 ns, Cleanup: 80934 ns, At safepoint: 34775 ns, Total: 177201 ns
[2025-08-08T14:21:49.288+0000][7][safepoint   ] Safepoint "Cleanup", Time since last: 2001111297 ns, Reaching safepoint: 15442 ns, Cleanup: 48038 ns, At safepoint: 11906 ns, Total: 75386 ns
[2025-08-08T14:21:52.296+0000][7][safepoint   ] Safepoint "Cleanup", Time since last: 3001042169 ns, Reaching safepoint: 1504915 ns, Cleanup: 13447 ns, At safepoint: 5713706 ns, Total: 7232068 ns
[2025-08-08T14:21:54.297+0000][7][safepoint   ] Safepoint "Cleanup", Time since last: 2000774439 ns, Reaching safepoint: 10190 ns, Cleanup: 12060 ns, At safepoint: 7519 ns, Total: 29769 ns
[2025-08-08T14:21:56.298+0000][7][safepoint   ] Safepoint "Cleanup", Time since last: 2000689221 ns, Reaching safepoint: 15260 ns, Cleanup: 16083 ns, At safepoint: 7895 ns, Total: 39238 ns
[2025-08-08T14:22:00.300+0000][7][safepoint   ] Safepoint "Cleanup", Time since last: 4002091915 ns, Reaching safepoint: 41824 ns, Cleanup: 15455 ns, At safepoint: 113625 ns, Total: 170904 ns
[2025-08-08T14:22:02.301+0000][7][safepoint   ] Safepoint "Cleanup", Time since last: 2000542669 ns, Reaching safepoint: 14228 ns, Cleanup: 12616 ns, At safepoint: 7114 ns, Total: 33958 ns
[2025-08-08T14:22:06.302+0000][7][safepoint   ] Safepoint "Cleanup", Time since last: 4001665688 ns, Reaching safepoint: 15562 ns, Cleanup: 15004 ns, At safepoint: 8500 ns, Total: 39066 ns
[2025-08-08T14:22:07.303+0000][7][safepoint   ] Safepoint "Cleanup", Time since last: 1000667067 ns, Reaching safepoint: 17088 ns, Cleanup: 15323 ns, At safepoint: 9647 ns, Total: 42058 ns
[2025-08-08T14:22:08.304+0000][7][safepoint   ] Safepoint "Cleanup", Time since last: 1000364903 ns, Reaching safepoint: 12440 ns, Cleanup: 18288 ns, At safepoint: 6800 ns, Total: 37528 ns
[2025-08-08T14:22:10.304+0000][7][safepoint   ] Safepoint "Cleanup", Time since last: 2000579063 ns, Reaching safepoint: 10175 ns, Cleanup: 13354 ns, At safepoint: 5520 ns, Total: 29049 ns
[2025-08-08T14:22:12.309+0000][7][safepoint   ] Safepoint "Cleanup", Time since last: 2005089163 ns, Reaching safepoint: 11748 ns, Cleanup: 10115 ns, At safepoint: 6792 ns, Total: 28655 ns
[2025-08-08T14:22:13.310+0000][7][safepoint   ] Safepoint "Cleanup", Time since last: 1001056838 ns, Reaching safepoint: 13767 ns, Cleanup: 9782 ns, At safepoint: 7218 ns, Total: 30767 ns
[2025-08-08T14:22:15.311+0000][7][safepoint   ] Safepoint "Cleanup", Time since last: 2000808438 ns, Reaching safepoint: 15330 ns, Cleanup: 27716 ns, At safepoint: 6982 ns, Total: 50028 ns
[2025-08-08T14:22:17.312+0000][7][safepoint   ] Safepoint "Cleanup", Time since last: 2000544205 ns, Reaching safepoint: 8926 ns, Cleanup: 8719 ns, At safepoint: 5079 ns, Total: 22724 ns
[2025-08-08T14:22:19.312+0000][7][safepoint   ] Safepoint "Cleanup", Time since last: 2000227417 ns, Reaching safepoint: 42726 ns, Cleanup: 15345 ns, At safepoint: 6269 ns, Total: 64340 ns
[2025-08-08T14:22:23.314+0000][7][safepoint   ] Safepoint "Cleanup", Time since last: 4001499142 ns, Reaching safepoint: 11854 ns, Cleanup: 14753 ns, At safepoint: 8147 ns, Total: 34754 ns
[2025-08-08T14:22:27.319+0000][7][safepoint   ] Safepoint "Cleanup", Time since last: 4004908639 ns, Reaching safepoint: 13035 ns, Cleanup: 12165 ns, At safepoint: 6945 ns, Total: 32145 ns
[2025-08-08T14:22:33.323+0000][7][safepoint   ] Safepoint "Cleanup", Time since last: 6004669658 ns, Reaching safepoint: 13816 ns, Cleanup: 17311 ns, At safepoint: 6879 ns, Total: 38006 ns
[2025-08-08T14:22:48.433+0000][7][safepoint   ] Safepoint "Cleanup", Time since last: 15109404828 ns, Reaching safepoint: 11655 ns, Cleanup: 14519 ns, At safepoint: 5975 ns, Total: 32149 ns
[2025-08-08T14:22:57.442+0000][7][safepoint   ] Safepoint "Cleanup", Time since last: 9007270803 ns, Reaching safepoint: 1192249 ns, Cleanup: 21262 ns, At safepoint: 439671 ns, Total: 1653182 ns
[2025-08-08T14:22:59.442+0000][7][safepoint   ] Safepoint "Cleanup", Time since last: 2000463615 ns, Reaching safepoint: 15799 ns, Cleanup: 15131 ns, At safepoint: 46442 ns, Total: 77372 ns
[2025-08-08T14:23:03.444+0000][7][safepoint   ] Safepoint "Cleanup", Time since last: 4001936866 ns, Reaching safepoint: 16647 ns, Cleanup: 18468 ns, At safepoint: 8574 ns, Total: 43689 ns
[2025-08-08T14:23:07.447+0000][7][safepoint   ] Safepoint "Cleanup", Time since last: 4002388565 ns, Reaching safepoint: 13851 ns, Cleanup: 20135 ns, At safepoint: 7479 ns, Total: 41465 ns
[2025-08-08T14:23:09.447+0000][7][safepoint   ] Safepoint "Cleanup", Time since last: 2000741996 ns, Reaching safepoint: 15811 ns, Cleanup: 14457 ns, At safepoint: 7810 ns, Total: 38078 ns
[2025-08-08T14:23:10.448+0000][7][safepoint   ] Safepoint "Cleanup", Time since last: 1000433272 ns, Reaching safepoint: 15179 ns, Cleanup: 16015 ns, At safepoint: 7686 ns, Total: 38880 ns
[2025-08-08T14:23:11.448+0000][7][safepoint   ] Safepoint "Cleanup", Time since last: 1000420690 ns, Reaching safepoint: 15120 ns, Cleanup: 14765 ns, At safepoint: 7375 ns, Total: 37260 ns
[2025-08-08T14:23:16.451+0000][7][safepoint   ] Safepoint "Cleanup", Time since last: 5002953563 ns, Reaching safepoint: 15285 ns, Cleanup: 13752 ns, At safepoint: 7354 ns, Total: 36391 ns
[2025-08-08T14:23:18.452+0000][7][safepoint   ] Safepoint "Cleanup", Time since last: 2000503632 ns, Reaching safepoint: 18133 ns, Cleanup: 21629 ns, At safepoint: 10130 ns, Total: 49892 ns
[2025-08-08T14:23:20.457+0000][7][safepoint   ] Safepoint "Cleanup", Time since last: 2005252221 ns, Reaching safepoint: 44118 ns, Cleanup: 15139 ns, At safepoint: 8226 ns, Total: 67483 ns
[2025-08-08T14:23:22.460+0000][7][safepoint   ] Safepoint "Cleanup", Time since last: 2003056002 ns, Reaching safepoint: 144972 ns, Cleanup: 16241 ns, At safepoint: 141869 ns, Total: 303082 ns
[2025-08-08T14:23:24.462+0000][7][safepoint   ] Safepoint "Cleanup", Time since last: 2001015919 ns, Reaching safepoint: 15616 ns, Cleanup: 15222 ns, At safepoint: 7923 ns, Total: 38761 ns
[2025-08-08T14:23:26.462+0000][7][safepoint   ] Safepoint "Cleanup", Time since last: 2000512981 ns, Reaching safepoint: 16443 ns, Cleanup: 14880 ns, At safepoint: 8922 ns, Total: 40245 ns
[2025-08-08T14:23:33.465+0000][7][safepoint   ] Safepoint "Cleanup", Time since last: 7002770175 ns, Reaching safepoint: 18451 ns, Cleanup: 16756 ns, At safepoint: 34493 ns, Total: 69700 ns
[2025-08-08T14:23:37.467+0000][7][safepoint   ] Safepoint "Cleanup", Time since last: 4001923833 ns, Reaching safepoint: 17211 ns, Cleanup: 19812 ns, At safepoint: 9988 ns, Total: 47011 ns
[2025-08-08T14:23:39.468+0000][7][safepoint   ] Safepoint "Cleanup", Time since last: 2001018483 ns, Reaching safepoint: 18593 ns, Cleanup: 15810 ns, At safepoint: 10431 ns, Total: 44834 ns
[2025-08-08T14:23:41.470+0000][7][safepoint   ] Safepoint "Cleanup", Time since last: 2002147764 ns, Reaching safepoint: 9693 ns, Cleanup: 13294 ns, At safepoint: 6889 ns, Total: 29876 ns
[2025-08-08T14:23:45.472+0000][7][safepoint   ] Safepoint "Cleanup", Time since last: 4001748376 ns, Reaching safepoint: 16340 ns, Cleanup: 197431 ns, At safepoint: 9088 ns, Total: 222859 ns
[2025-08-08T14:23:47.612+0000][7][safepoint   ] Safepoint "Cleanup", Time since last: 2140281479 ns, Reaching safepoint: 15606 ns, Cleanup: 14513 ns, At safepoint: 7064 ns, Total: 37183 ns
[2025-08-08T14:23:49.617+0000][7][safepoint   ] Safepoint "Cleanup", Time since last: 2004367569 ns, Reaching safepoint: 11243 ns, Cleanup: 25995 ns, At safepoint: 7592 ns, Total: 44830 ns
[2025-08-08T14:24:02.622+0000][7][safepoint   ] Safepoint "Cleanup", Time since last: 13004931342 ns, Reaching safepoint: 47979 ns, Cleanup: 17824 ns, At safepoint: 8305 ns, Total: 74108 ns
[2025-08-08T14:24:04.623+0000][7][safepoint   ] Safepoint "Cleanup", Time since last: 2000825577 ns, Reaching safepoint: 10240 ns, Cleanup: 14955 ns, At safepoint: 5651 ns, Total: 30846 ns
[2025-08-08T14:24:06.631+0000][7][safepoint   ] Safepoint "Cleanup", Time since last: 2008422484 ns, Reaching safepoint: 11502 ns, Cleanup: 14134 ns, At safepoint: 6020 ns, Total: 31656 ns
[2025-08-08T14:24:07.632+0000][7][safepoint   ] Safepoint "Cleanup", Time since last: 1001230525 ns, Reaching safepoint: 17252 ns, Cleanup: 19144 ns, At safepoint: 8287 ns, Total: 44683 ns
[2025-08-08T14:24:08.633+0000][7][safepoint   ] Safepoint "Cleanup", Time since last: 1000256824 ns, Reaching safepoint: 15833 ns, Cleanup: 20056 ns, At safepoint: 8450 ns, Total: 44339 ns
[2025-08-08T14:24:10.633+0000][7][safepoint   ] Safepoint "Cleanup", Time since last: 2000511264 ns, Reaching safepoint: 15064 ns, Cleanup: 15274 ns, At safepoint: 7181 ns, Total: 37519 ns
[2025-08-08T14:24:12.640+0000][7][safepoint   ] Safepoint "Cleanup", Time since last: 2006493751 ns, Reaching safepoint: 17380 ns, Cleanup: 15827 ns, At safepoint: 8463 ns, Total: 41670 ns
[2025-08-08T14:24:19.643+0000][7][safepoint   ] Safepoint "Cleanup", Time since last: 7003314183 ns, Reaching safepoint: 15094 ns, Cleanup: 15498 ns, At safepoint: 7506 ns, Total: 38098 ns
[2025-08-08T14:24:23.645+0000][7][safepoint   ] Safepoint "Cleanup", Time since last: 4002150828 ns, Reaching safepoint: 36885 ns, Cleanup: 14880 ns, At safepoint: 9996 ns, Total: 61761 ns
[2025-08-08T14:24:24.646+0000][7][safepoint   ] Safepoint "Cleanup", Time since last: 1000439751 ns, Reaching safepoint: 14219 ns, Cleanup: 13689 ns, At safepoint: 6678 ns, Total: 34586 ns
[2025-08-08T14:24:29.648+0000][7][safepoint   ] Safepoint "Cleanup", Time since last: 5002269554 ns, Reaching safepoint: 16334 ns, Cleanup: 16184 ns, At safepoint: 9249 ns, Total: 41767 ns
[2025-08-08T14:24:31.649+0000][7][safepoint   ] Safepoint "Cleanup", Time since last: 2000480378 ns, Reaching safepoint: 19831 ns, Cleanup: 20239 ns, At safepoint: 9226 ns, Total: 49296 ns
[2025-08-08T14:24:32.649+0000][7][safepoint   ] Safepoint "Cleanup", Time since last: 1000701634 ns, Reaching safepoint: 14195 ns, Cleanup: 12327 ns, At safepoint: 6654 ns, Total: 33176 ns
[2025-08-08T14:24:34.650+0000][7][safepoint   ] Safepoint "Cleanup", Time since last: 2000579731 ns, Reaching safepoint: 15299 ns, Cleanup: 14348 ns, At safepoint: 7533 ns, Total: 37180 ns
[2025-08-08T14:24:36.652+0000][7][safepoint   ] Safepoint "Cleanup", Time since last: 2001804957 ns, Reaching safepoint: 14555 ns, Cleanup: 13359 ns, At safepoint: 7706 ns, Total: 35620 ns
[2025-08-08T14:24:37.652+0000][7][safepoint   ] Safepoint "Cleanup", Time since last: 1000541553 ns, Reaching safepoint: 19020 ns, Cleanup: 18555 ns, At safepoint: 10836 ns, Total: 48411 ns
[2025-08-08T14:24:40.653+0000][7][safepoint   ] Safepoint "Cleanup", Time since last: 3000522053 ns, Reaching safepoint: 16444 ns, Cleanup: 16524 ns, At safepoint: 9643 ns, Total: 42611 ns
[2025-08-08T14:24:46.657+0000][7][safepoint   ] Safepoint "Cleanup", Time since last: 6003730634 ns, Reaching safepoint: 19320 ns, Cleanup: 16529 ns, At safepoint: 9898 ns, Total: 45747 ns
[2025-08-08T14:24:55.776+0000][7][safepoint   ] Safepoint "Cleanup", Time since last: 9119511636 ns, Reaching safepoint: 39786 ns, Cleanup: 13150 ns, At safepoint: 6937 ns, Total: 59873 ns
[2025-08-08T14:25:03.781+0000][7][safepoint   ] Safepoint "Cleanup", Time since last: 8004282372 ns, Reaching safepoint: 18166 ns, Cleanup: 17719 ns, At safepoint: 9511 ns, Total: 45396 ns
[2025-08-08T14:25:07.782+0000][7][safepoint   ] Safepoint "Cleanup", Time since last: 4001050442 ns, Reaching safepoint: 16916 ns, Cleanup: 20189 ns, At safepoint: 8445 ns, Total: 45550 ns
[2025-08-08T14:25:10.783+0000][7][safepoint   ] Safepoint "Cleanup", Time since last: 3001449516 ns, Reaching safepoint: 9961 ns, Cleanup: 14398 ns, At safepoint: 5370 ns, Total: 29729 ns
[2025-08-08T14:25:15.787+0000][7][safepoint   ] Safepoint "Cleanup", Time since last: 5003193308 ns, Reaching safepoint: 19117 ns, Cleanup: 17177 ns, At safepoint: 7947 ns, Total: 44241 ns
[2025-08-08T14:25:18.787+0000][7][safepoint   ] Safepoint "Cleanup", Time since last: 3000863617 ns, Reaching safepoint: 14237 ns, Cleanup: 13243 ns, At safepoint: 6589 ns, Total: 34069 ns
[2025-08-08T14:25:22.791+0000][7][safepoint   ] Safepoint "Cleanup", Time since last: 4004016344 ns, Reaching safepoint: 37488 ns, Cleanup: 12525 ns, At safepoint: 10556 ns, Total: 60569 ns
[2025-08-08T14:25:26.793+0000][7][safepoint   ] Safepoint "Cleanup", Time since last: 4001344532 ns, Reaching safepoint: 16148 ns, Cleanup: 15105 ns, At safepoint: 8742 ns, Total: 39995 ns
[2025-08-08T14:25:29.794+0000][7][safepoint   ] Safepoint "Cleanup", Time since last: 3001370534 ns, Reaching safepoint: 17472 ns, Cleanup: 18104 ns, At safepoint: 10737 ns, Total: 46313 ns
[2025-08-08T14:25:32.796+0000][7][safepoint   ] Safepoint "Cleanup", Time since last: 3001548754 ns, Reaching safepoint: 17009 ns, Cleanup: 20707 ns, At safepoint: 9487 ns, Total: 47203 ns
[2025-08-08T14:25:34.796+0000][7][safepoint   ] Safepoint "Cleanup", Time since last: 2000345000 ns, Reaching safepoint: 38598 ns, Cleanup: 19785 ns, At safepoint: 10846 ns, Total: 69229 ns
[2025-08-08T14:25:37.798+0000][7][safepoint   ] Safepoint "Cleanup", Time since last: 3002061437 ns, Reaching safepoint: 12224 ns, Cleanup: 24132 ns, At safepoint: 7679 ns, Total: 44035 ns
[2025-08-08T14:25:41.800+0000][7][safepoint   ] Safepoint "Cleanup", Time since last: 4001060040 ns, Reaching safepoint: 14704 ns, Cleanup: 15940 ns, At safepoint: 6468 ns, Total: 37112 ns
[2025-08-08T14:25:43.801+0000][7][safepoint   ] Safepoint "Cleanup", Time since last: 2001734104 ns, Reaching safepoint: 15934 ns, Cleanup: 15774 ns, At safepoint: 7902 ns, Total: 39610 ns
[2025-08-08T14:25:49.803+0000][7][safepoint   ] Safepoint "Cleanup", Time since last: 6001882764 ns, Reaching safepoint: 17941 ns, Cleanup: 18777 ns, At safepoint: 11039 ns, Total: 47757 ns
[2025-08-08T14:25:51.804+0000][7][safepoint   ] Safepoint "Cleanup", Time since last: 2001065975 ns, Reaching safepoint: 17394 ns, Cleanup: 21715 ns, At safepoint: 26617 ns, Total: 65726 ns
[2025-08-08T14:26:02.811+0000][7][safepoint   ] Safepoint "Cleanup", Time since last: 11006306539 ns, Reaching safepoint: 199909 ns, Cleanup: 42335 ns, At safepoint: 11503 ns, Total: 253747 ns
[2025-08-08T14:26:07.813+0000][7][safepoint   ] Safepoint "Cleanup", Time since last: 5002190823 ns, Reaching safepoint: 20462 ns, Cleanup: 18946 ns, At safepoint: 11437 ns, Total: 50845 ns
[2025-08-08T14:26:08.814+0000][7][safepoint   ] Safepoint "Cleanup", Time since last: 1000614418 ns, Reaching safepoint: 63409 ns, Cleanup: 20612 ns, At safepoint: 10053 ns, Total: 94074 ns
[2025-08-08T14:26:17.817+0000][7][safepoint   ] Safepoint "Cleanup", Time since last: 9002682210 ns, Reaching safepoint: 18777 ns, Cleanup: 17783 ns, At safepoint: 9665 ns, Total: 46225 ns
[2025-08-08T14:26:21.819+0000][7][safepoint   ] Safepoint "Cleanup", Time since last: 4001954039 ns, Reaching safepoint: 14368 ns, Cleanup: 15041 ns, At safepoint: 7511 ns, Total: 36920 ns
[2025-08-08T14:26:22.820+0000][7][safepoint   ] Safepoint "Cleanup", Time since last: 1000866492 ns, Reaching safepoint: 32778 ns, Cleanup: 84170 ns, At safepoint: 15315 ns, Total: 132263 ns
[2025-08-08T14:26:23.820+0000][7][safepoint   ] Safepoint "Cleanup", Time since last: 1000293260 ns, Reaching safepoint: 14361 ns, Cleanup: 19786 ns, At safepoint: 6699 ns, Total: 40846 ns
[2025-08-08T14:26:25.821+0000][7][safepoint   ] Safepoint "Cleanup", Time since last: 2000878066 ns, Reaching safepoint: 40329 ns, Cleanup: 13027 ns, At safepoint: 9867 ns, Total: 63223 ns
[2025-08-08T14:26:27.822+0000][7][safepoint   ] Safepoint "Cleanup", Time since last: 2001452055 ns, Reaching safepoint: 13486 ns, Cleanup: 14121 ns, At safepoint: 7204 ns, Total: 34811 ns
[2025-08-08T14:26:29.823+0000][7][safepoint   ] Safepoint "Cleanup", Time since last: 2001012001 ns, Reaching safepoint: 17112 ns, Cleanup: 18228 ns, At safepoint: 11912 ns, Total: 47252 ns
[2025-08-08T14:26:37.828+0000][7][safepoint   ] Safepoint "Cleanup", Time since last: 8004619356 ns, Reaching safepoint: 10160 ns, Cleanup: 17079 ns, At safepoint: 5890 ns, Total: 33129 ns
[2025-08-08T14:26:38.829+0000][7][safepoint   ] Safepoint "Cleanup", Time since last: 1000641249 ns, Reaching safepoint: 13349 ns, Cleanup: 15900 ns, At safepoint: 6716 ns, Total: 35965 ns
[2025-08-08T14:26:40.831+0000][7][safepoint   ] Safepoint "Cleanup", Time since last: 2002102048 ns, Reaching safepoint: 22539 ns, Cleanup: 20903 ns, At safepoint: 12780 ns, Total: 56222 ns
[2025-08-08T14:26:51.087+0000][7][safepoint   ] Safepoint "Cleanup", Time since last: 10256084522 ns, Reaching safepoint: 17661 ns, Cleanup: 16216 ns, At safepoint: 7285 ns, Total: 41162 ns
[2025-08-08T14:26:53.088+0000][7][safepoint   ] Safepoint "Cleanup", Time since last: 2000616611 ns, Reaching safepoint: 12995 ns, Cleanup: 14102 ns, At safepoint: 6583 ns, Total: 33680 ns
[2025-08-08T14:27:00.092+0000][7][safepoint   ] Safepoint "Cleanup", Time since last: 7004217800 ns, Reaching safepoint: 39438 ns, Cleanup: 13146 ns, At safepoint: 6590 ns, Total: 59174 ns
[2025-08-08T14:27:19.105+0000][7][safepoint   ] Safepoint "Cleanup", Time since last: 19012937606 ns, Reaching safepoint: 10267 ns, Cleanup: 12688 ns, At safepoint: 5457 ns, Total: 28412 ns
[2025-08-08T14:27:31.115+0000][7][safepoint   ] Safepoint "Cleanup", Time since last: 12010515261 ns, Reaching safepoint: 41112 ns, Cleanup: 18033 ns, At safepoint: 5721 ns, Total: 64866 ns
[2025-08-08T14:27:38.119+0000][7][safepoint   ] Safepoint "Cleanup", Time since last: 7003896075 ns, Reaching safepoint: 12189 ns, Cleanup: 10991 ns, At safepoint: 7431 ns, Total: 30611 ns
[2025-08-08T14:28:26.256+0000][7][safepoint   ] Safepoint "Cleanup", Time since last: 48136335653 ns, Reaching safepoint: 20141 ns, Cleanup: 77977 ns, At safepoint: 13543 ns, Total: 111661 ns
[2025-08-08T14:28:32.262+0000][7][safepoint   ] Safepoint "Cleanup", Time since last: 6005843674 ns, Reaching safepoint: 10972 ns, Cleanup: 12757 ns, At safepoint: 5721 ns, Total: 29450 ns
[2025-08-08T14:28:36.263+0000][7][safepoint   ] Safepoint "Cleanup", Time since last: 4000959518 ns, Reaching safepoint: 14906 ns, Cleanup: 23425 ns, At safepoint: 7578 ns, Total: 45909 ns
[2025-08-08T14:28:37.263+0000][7][safepoint   ] Safepoint "Cleanup", Time since last: 1000483981 ns, Reaching safepoint: 16089 ns, Cleanup: 14803 ns, At safepoint: 7467 ns, Total: 38359 ns
[2025-08-08T14:28:38.264+0000][7][safepoint   ] Safepoint "Cleanup", Time since last: 1000239544 ns, Reaching safepoint: 9888 ns, Cleanup: 17976 ns, At safepoint: 5973 ns, Total: 33837 ns
[2025-08-08T14:28:40.265+0000][7][safepoint   ] Safepoint "Cleanup", Time since last: 2001087867 ns, Reaching safepoint: 30877 ns, Cleanup: 13593 ns, At safepoint: 5856 ns, Total: 50326 ns
[2025-08-08T14:28:42.267+0000][7][safepoint   ] Safepoint "Cleanup", Time since last: 2002548441 ns, Reaching safepoint: 15615 ns, Cleanup: 15321 ns, At safepoint: 8134 ns, Total: 39070 ns
[2025-08-08T14:28:44.269+0000][7][safepoint   ] Safepoint "Cleanup", Time since last: 2001382464 ns, Reaching safepoint: 18122 ns, Cleanup: 18197 ns, At safepoint: 8162 ns, Total: 44481 ns
[2025-08-08T14:28:52.416+0000][7][safepoint   ] Safepoint "Cleanup", Time since last: 8147100694 ns, Reaching safepoint: 16715 ns, Cleanup: 16899 ns, At safepoint: 8460 ns, Total: 42074 ns
[2025-08-08T14:28:57.418+0000][7][safepoint   ] Safepoint "Cleanup", Time since last: 5002183047 ns, Reaching safepoint: 11130 ns, Cleanup: 16966 ns, At safepoint: 6623 ns, Total: 34719 ns
[2025-08-08T14:29:03.421+0000][7][safepoint   ] Safepoint "Cleanup", Time since last: 6003092399 ns, Reaching safepoint: 9790 ns, Cleanup: 20310 ns, At safepoint: 6086 ns, Total: 36186 ns
[2025-08-08T14:29:05.422+0000][7][safepoint   ] Safepoint "Cleanup", Time since last: 2000517973 ns, Reaching safepoint: 14973 ns, Cleanup: 18137 ns, At safepoint: 8735 ns, Total: 41845 ns
[2025-08-08T14:29:07.424+0000][7][safepoint   ] Safepoint "Cleanup", Time since last: 2002423854 ns, Reaching safepoint: 18057 ns, Cleanup: 27199 ns, At safepoint: 12333 ns, Total: 57589 ns
[2025-08-08T14:29:12.425+0000][7][safepoint   ] Safepoint "Cleanup", Time since last: 5001121126 ns, Reaching safepoint: 29580 ns, Cleanup: 13994 ns, At safepoint: 6299 ns, Total: 49873 ns
[2025-08-08T14:29:14.426+0000][7][safepoint   ] Safepoint "Cleanup", Time since last: 2000939324 ns, Reaching safepoint: 10221 ns, Cleanup: 13463 ns, At safepoint: 5927 ns, Total: 29611 ns
[2025-08-08T14:29:16.427+0000][7][safepoint   ] Safepoint "Cleanup", Time since last: 2000702440 ns, Reaching safepoint: 14785 ns, Cleanup: 16036 ns, At safepoint: 8281 ns, Total: 39102 ns
[2025-08-08T14:29:22.429+0000][7][safepoint   ] Safepoint "Cleanup", Time since last: 6002245945 ns, Reaching safepoint: 15558 ns, Cleanup: 15689 ns, At safepoint: 8451 ns, Total: 39698 ns
[2025-08-08T14:29:26.433+0000][7][safepoint   ] Safepoint "Cleanup", Time since last: 4003134208 ns, Reaching safepoint: 18976 ns, Cleanup: 30203 ns, At safepoint: 9992 ns, Total: 59171 ns
[2025-08-08T14:29:28.434+0000][7][safepoint   ] Safepoint "Cleanup", Time since last: 2000886009 ns, Reaching safepoint: 18397 ns, Cleanup: 22924 ns, At safepoint: 11310 ns, Total: 52631 ns
[2025-08-08T14:29:35.436+0000][7][safepoint   ] Safepoint "Cleanup", Time since last: 7002315683 ns, Reaching safepoint: 19344 ns, Cleanup: 16819 ns, At safepoint: 7275 ns, Total: 43438 ns
[2025-08-08T14:29:48.554+0000][7][safepoint   ] Safepoint "Cleanup", Time since last: 13118190616 ns, Reaching safepoint: 28331 ns, Cleanup: 14115 ns, At safepoint: 8181 ns, Total: 50627 ns
[2025-08-08T14:29:54.558+0000][7][safepoint   ] Safepoint "Cleanup", Time since last: 6003674885 ns, Reaching safepoint: 14434 ns, Cleanup: 16613 ns, At safepoint: 7410 ns, Total: 38457 ns
[2025-08-08T14:29:56.560+0000][7][safepoint   ] Safepoint "Cleanup", Time since last: 2002245011 ns, Reaching safepoint: 10390 ns, Cleanup: 13222 ns, At safepoint: 19593 ns, Total: 43205 ns
[2025-08-08T14:29:58.562+0000][7][safepoint   ] Safepoint "Cleanup", Time since last: 2001824552 ns, Reaching safepoint: 25382 ns, Cleanup: 16009 ns, At safepoint: 7966 ns, Total: 49357 ns
[2025-08-08T14:30:04.566+0000][7][safepoint   ] Safepoint "Cleanup", Time since last: 6003940517 ns, Reaching safepoint: 13465 ns, Cleanup: 12916 ns, At safepoint: 6794 ns, Total: 33175 ns
[2025-08-08T14:30:08.568+0000][7][safepoint   ] Safepoint "Cleanup", Time since last: 4001519223 ns, Reaching safepoint: 15539 ns, Cleanup: 58920 ns, At safepoint: 9392 ns, Total: 83851 ns
[2025-08-08T14:30:18.571+0000][7][safepoint   ] Safepoint "Cleanup", Time since last: 10003548459 ns, Reaching safepoint: 38461 ns, Cleanup: 13963 ns, At safepoint: 7011 ns, Total: 59435 ns
[2025-08-08T14:30:19.571+0000][7][safepoint   ] Safepoint "Cleanup", Time since last: 1000083108 ns, Reaching safepoint: 43664 ns, Cleanup: 14094 ns, At safepoint: 15032 ns, Total: 72790 ns
[2025-08-08T14:30:23.572+0000][7][safepoint   ] Safepoint "Cleanup", Time since last: 4000978095 ns, Reaching safepoint: 16527 ns, Cleanup: 14741 ns, At safepoint: 9112 ns, Total: 40380 ns
[2025-08-08T14:30:26.574+0000][7][safepoint   ] Safepoint "Cleanup", Time since last: 3001453225 ns, Reaching safepoint: 15041 ns, Cleanup: 21330 ns, At safepoint: 7819 ns, Total: 44190 ns
[2025-08-08T14:30:28.431+0000][7][gc,heap,exit] Heap
[2025-08-08T14:30:28.431+0000][7][gc,heap,exit]  garbage-first heap   total reserved 1048576K, committed 1048576K, used 485630K [0x00000000c0000000, 0x0000000100000000)
[2025-08-08T14:30:28.431+0000][7][gc,heap,exit]   region size 4096K, 113 young (462848K), 16 survivors (65536K)
[2025-08-08T14:30:28.431+0000][7][gc,heap,exit]  Metaspace       used 107198K, committed 109952K, reserved 1179648K
[2025-08-08T14:30:28.431+0000][7][gc,heap,exit]   class space    used 15261K, committed 16512K, reserved 1048576K
