[2025-08-08T14:07:41.546+0000][7][gc,init] CardTable entry size: 512
[2025-08-08T14:07:41.547+0000][7][gc     ] Using G1
[2025-08-08T14:07:41.700+0000][7][gc,init] Version: 22.0.2+9-70 (release)
[2025-08-08T14:07:41.700+0000][7][gc,init] CPUs: 8 total, 8 available
[2025-08-08T14:07:41.700+0000][7][gc,init] Memory: 2048M
[2025-08-08T14:07:41.700+0000][7][gc,init] Large Page Support: Disabled
[2025-08-08T14:07:41.700+0000][7][gc,init] NUMA Support: Disabled
[2025-08-08T14:07:41.700+0000][7][gc,init] Compressed Oops: Enabled (32-bit)
[2025-08-08T14:07:41.700+0000][7][gc,init] Heap Region Size: 4M
[2025-08-08T14:07:41.700+0000][7][gc,init] Heap Min Capacity: 1G
[2025-08-08T14:07:41.700+0000][7][gc,init] Heap Initial Capacity: 1G
[2025-08-08T14:07:41.700+0000][7][gc,init] Heap Max Capacity: 1G
[2025-08-08T14:07:41.700+0000][7][gc,init] Pre-touch: Enabled
[2025-08-08T14:07:41.700+0000][7][gc,init] Parallel Workers: 8
[2025-08-08T14:07:41.700+0000][7][gc,init] Concurrent Workers: 2
[2025-08-08T14:07:41.700+0000][7][gc,init] Concurrent Refinement Workers: 8
[2025-08-08T14:07:41.700+0000][7][gc,init] Periodic GC: Disabled
[2025-08-08T14:07:41.724+0000][7][gc,metaspace] CDS archive(s) mapped at: [0x00007a5a72000000-0x00007a5a72c78000-0x00007a5a72c78000), size 13074432, SharedBaseAddress: 0x00007a5a72000000, ArchiveRelocationMode: 1.
[2025-08-08T14:07:41.724+0000][7][gc,metaspace] Compressed class space mapped at: 0x00007a5a73000000-0x00007a5ab3000000, reserved size: 1073741824
[2025-08-08T14:07:41.724+0000][7][gc,metaspace] Narrow klass base: 0x00007a5a72000000, Narrow klass shift: 0, Narrow klass range: 0x100000000
[2025-08-08T14:07:42.421+0000][7][safepoint   ] Safepoint "ICBufferFull", Time since last: 690348871 ns, Reaching safepoint: 5804 ns, Cleanup: 153514 ns, At safepoint: 29744 ns, Total: 189062 ns
[2025-08-08T14:07:43.248+0000][7][safepoint   ] Safepoint "ICBufferFull", Time since last: 826203099 ns, Reaching safepoint: 185066 ns, Cleanup: 145343 ns, At safepoint: 55117 ns, Total: 385526 ns
[2025-08-08T14:07:43.606+0000][7][gc,start    ] GC(0) Pause Young (Normal) (G1 Evacuation Pause)
[2025-08-08T14:07:43.606+0000][7][gc,task     ] GC(0) Using 8 workers of 8 for evacuation
[2025-08-08T14:07:43.606+0000][7][gc,age      ] GC(0) Desired survivor size 4194304 bytes, new threshold 15 (max threshold 15)
[2025-08-08T14:07:43.615+0000][7][gc,phases   ] GC(0)   Pre Evacuate Collection Set: 0.28ms
[2025-08-08T14:07:43.615+0000][7][gc,phases   ] GC(0)   Merge Heap Roots: 0.16ms
[2025-08-08T14:07:43.615+0000][7][gc,phases   ] GC(0)   Evacuate Collection Set: 6.74ms
[2025-08-08T14:07:43.615+0000][7][gc,phases   ] GC(0)   Post Evacuate Collection Set: 1.89ms
[2025-08-08T14:07:43.615+0000][7][gc,phases   ] GC(0)   Other: 0.15ms
[2025-08-08T14:07:43.615+0000][7][gc,age      ] GC(0) Age table with threshold 15 (max threshold 15)
[2025-08-08T14:07:43.615+0000][7][gc,age      ] GC(0) - age   1:    6422448 bytes,    6422448 total
[2025-08-08T14:07:43.615+0000][7][gc,heap     ] GC(0) Eden regions: 12->0(11)
[2025-08-08T14:07:43.615+0000][7][gc,heap     ] GC(0) Survivor regions: 0->2(2)
[2025-08-08T14:07:43.615+0000][7][gc,heap     ] GC(0) Old regions: 1->1
[2025-08-08T14:07:43.615+0000][7][gc,heap     ] GC(0) Humongous regions: 0->0
[2025-08-08T14:07:43.615+0000][7][gc,metaspace] GC(0) Metaspace: 12528K(12864K)->12528K(12864K) NonClass: 11004K(11200K)->11004K(11200K) Class: 1523K(1664K)->1523K(1664K)
[2025-08-08T14:07:43.615+0000][7][gc          ] GC(0) Pause Young (Normal) (G1 Evacuation Pause) 49M->7M(1024M) 9.542ms
[2025-08-08T14:07:43.615+0000][7][gc,cpu      ] GC(0) User=0.02s Sys=0.01s Real=0.01s
[2025-08-08T14:07:43.615+0000][7][safepoint   ] Safepoint "G1CollectForAllocation", Time since last: 356577560 ns, Reaching safepoint: 1064741 ns, Cleanup: 75661 ns, At safepoint: 9679357 ns, Total: 10819759 ns
[2025-08-08T14:07:44.500+0000][7][safepoint   ] Safepoint "ICBufferFull", Time since last: 881731972 ns, Reaching safepoint: 6167 ns, Cleanup: 737553 ns, At safepoint: 1976507 ns, Total: 2720227 ns
[2025-08-08T14:07:44.688+0000][7][gc,start    ] GC(1) Pause Young (Normal) (G1 Evacuation Pause)
[2025-08-08T14:07:44.688+0000][7][gc,task     ] GC(1) Using 8 workers of 8 for evacuation
[2025-08-08T14:07:44.688+0000][7][gc,age      ] GC(1) Desired survivor size 4194304 bytes, new threshold 1 (max threshold 15)
[2025-08-08T14:07:44.705+0000][7][gc,phases   ] GC(1)   Pre Evacuate Collection Set: 4.10ms
[2025-08-08T14:07:44.705+0000][7][gc,phases   ] GC(1)   Merge Heap Roots: 0.19ms
[2025-08-08T14:07:44.705+0000][7][gc,phases   ] GC(1)   Evacuate Collection Set: 6.59ms
[2025-08-08T14:07:44.705+0000][7][gc,phases   ] GC(1)   Post Evacuate Collection Set: 5.71ms
[2025-08-08T14:07:44.705+0000][7][gc,phases   ] GC(1)   Other: 0.12ms
[2025-08-08T14:07:44.705+0000][7][gc,age      ] GC(1) Age table with threshold 1 (max threshold 15)
[2025-08-08T14:07:44.705+0000][7][gc,age      ] GC(1) - age   1:    1392920 bytes,    1392920 total
[2025-08-08T14:07:44.705+0000][7][gc,heap     ] GC(1) Eden regions: 11->0(23)
[2025-08-08T14:07:44.705+0000][7][gc,heap     ] GC(1) Survivor regions: 2->1(2)
[2025-08-08T14:07:44.705+0000][7][gc,heap     ] GC(1) Old regions: 1->3
[2025-08-08T14:07:44.705+0000][7][gc,heap     ] GC(1) Humongous regions: 0->0
[2025-08-08T14:07:44.705+0000][7][gc,metaspace] GC(1) Metaspace: 15897K(16256K)->15897K(16256K) NonClass: 14042K(14208K)->14042K(14208K) Class: 1854K(2048K)->1854K(2048K)
[2025-08-08T14:07:44.705+0000][7][gc          ] GC(1) Pause Young (Normal) (G1 Evacuation Pause) 51M->9M(1024M) 16.982ms
[2025-08-08T14:07:44.705+0000][7][gc,cpu      ] GC(1) User=0.03s Sys=0.01s Real=0.01s
[2025-08-08T14:07:44.705+0000][7][safepoint   ] Safepoint "G1CollectForAllocation", Time since last: 187895694 ns, Reaching safepoint: 6823 ns, Cleanup: 46049 ns, At safepoint: 17105908 ns, Total: 17158780 ns
[2025-08-08T14:07:45.249+0000][7][gc,start    ] GC(2) Pause Young (Normal) (G1 Evacuation Pause)
[2025-08-08T14:07:45.249+0000][7][gc,task     ] GC(2) Using 8 workers of 8 for evacuation
[2025-08-08T14:07:45.249+0000][7][gc,age      ] GC(2) Desired survivor size 6291456 bytes, new threshold 15 (max threshold 15)
[2025-08-08T14:07:45.254+0000][7][gc,phases   ] GC(2)   Pre Evacuate Collection Set: 0.28ms
[2025-08-08T14:07:45.254+0000][7][gc,phases   ] GC(2)   Merge Heap Roots: 0.30ms
[2025-08-08T14:07:45.254+0000][7][gc,phases   ] GC(2)   Evacuate Collection Set: 2.66ms
[2025-08-08T14:07:45.254+0000][7][gc,phases   ] GC(2)   Post Evacuate Collection Set: 1.59ms
[2025-08-08T14:07:45.254+0000][7][gc,phases   ] GC(2)   Other: 0.15ms
[2025-08-08T14:07:45.254+0000][7][gc,age      ] GC(2) Age table with threshold 15 (max threshold 15)
[2025-08-08T14:07:45.254+0000][7][gc,age      ] GC(2) - age   1:    2033064 bytes,    2033064 total
[2025-08-08T14:07:45.254+0000][7][gc,age      ] GC(2) - age   2:    1357920 bytes,    3390984 total
[2025-08-08T14:07:45.254+0000][7][gc,heap     ] GC(2) Eden regions: 23->0(152)
[2025-08-08T14:07:45.254+0000][7][gc,heap     ] GC(2) Survivor regions: 1->1(3)
[2025-08-08T14:07:45.254+0000][7][gc,heap     ] GC(2) Old regions: 3->3
[2025-08-08T14:07:45.254+0000][7][gc,heap     ] GC(2) Humongous regions: 0->0
[2025-08-08T14:07:45.254+0000][7][gc,metaspace] GC(2) Metaspace: 17939K(18368K)->17939K(18368K) NonClass: 15836K(16064K)->15836K(16064K) Class: 2102K(2304K)->2102K(2304K)
[2025-08-08T14:07:45.254+0000][7][gc          ] GC(2) Pause Young (Normal) (G1 Evacuation Pause) 101M->10M(1024M) 5.266ms
[2025-08-08T14:07:45.254+0000][7][gc,cpu      ] GC(2) User=0.01s Sys=0.01s Real=0.00s
[2025-08-08T14:07:45.255+0000][7][safepoint   ] Safepoint "G1CollectForAllocation", Time since last: 544089393 ns, Reaching safepoint: 5676 ns, Cleanup: 122444 ns, At safepoint: 5398985 ns, Total: 5527105 ns
[2025-08-08T14:07:46.465+0000][7][safepoint   ] Safepoint "Cleanup", Time since last: 1208311334 ns, Reaching safepoint: 1473220 ns, Cleanup: 104787 ns, At safepoint: 485236 ns, Total: 2063243 ns
[2025-08-08T14:07:47.470+0000][7][safepoint   ] Safepoint "Cleanup", Time since last: 1003822431 ns, Reaching safepoint: 929806 ns, Cleanup: 70926 ns, At safepoint: 45749 ns, Total: 1046481 ns
[2025-08-08T14:07:47.555+0000][7][gc,start    ] GC(3) Pause Young (Normal) (G1 Evacuation Pause)
[2025-08-08T14:07:47.555+0000][7][gc,task     ] GC(3) Using 8 workers of 8 for evacuation
[2025-08-08T14:07:47.555+0000][7][gc,age      ] GC(3) Desired survivor size 41943040 bytes, new threshold 15 (max threshold 15)
[2025-08-08T14:07:47.565+0000][7][gc,phases   ] GC(3)   Pre Evacuate Collection Set: 0.38ms
[2025-08-08T14:07:47.565+0000][7][gc,phases   ] GC(3)   Merge Heap Roots: 0.20ms
[2025-08-08T14:07:47.565+0000][7][gc,phases   ] GC(3)   Evacuate Collection Set: 7.29ms
[2025-08-08T14:07:47.565+0000][7][gc,phases   ] GC(3)   Post Evacuate Collection Set: 1.21ms
[2025-08-08T14:07:47.565+0000][7][gc,phases   ] GC(3)   Other: 0.21ms
[2025-08-08T14:07:47.565+0000][7][gc,age      ] GC(3) Age table with threshold 15 (max threshold 15)
[2025-08-08T14:07:47.565+0000][7][gc,age      ] GC(3) - age   1:    6142224 bytes,    6142224 total
[2025-08-08T14:07:47.565+0000][7][gc,age      ] GC(3) - age   2:    1751648 bytes,    7893872 total
[2025-08-08T14:07:47.565+0000][7][gc,age      ] GC(3) - age   3:    1356456 bytes,    9250328 total
[2025-08-08T14:07:47.565+0000][7][gc,heap     ] GC(3) Eden regions: 152->0(150)
[2025-08-08T14:07:47.565+0000][7][gc,heap     ] GC(3) Survivor regions: 1->3(20)
[2025-08-08T14:07:47.565+0000][7][gc,heap     ] GC(3) Old regions: 3->3
[2025-08-08T14:07:47.565+0000][7][gc,heap     ] GC(3) Humongous regions: 0->0
[2025-08-08T14:07:47.565+0000][7][gc,metaspace] GC(3) Metaspace: 20011K(20480K)->20011K(20480K) NonClass: 17591K(17856K)->17591K(17856K) Class: 2419K(2624K)->2419K(2624K)
[2025-08-08T14:07:47.565+0000][7][gc          ] GC(3) Pause Young (Normal) (G1 Evacuation Pause) 618M->16M(1024M) 9.598ms
[2025-08-08T14:07:47.565+0000][7][gc,cpu      ] GC(3) User=0.01s Sys=0.01s Real=0.01s
[2025-08-08T14:07:47.565+0000][7][safepoint   ] Safepoint "G1CollectForAllocation", Time since last: 85382272 ns, Reaching safepoint: 8047 ns, Cleanup: 26559 ns, At safepoint: 9712117 ns, Total: 9746723 ns
[2025-08-08T14:07:48.235+0000][7][gc,start    ] GC(4) Pause Young (Concurrent Start) (Metadata GC Threshold)
[2025-08-08T14:07:48.235+0000][7][gc,task     ] GC(4) Using 8 workers of 8 for evacuation
[2025-08-08T14:07:48.235+0000][7][gc,age      ] GC(4) Desired survivor size 41943040 bytes, new threshold 15 (max threshold 15)
[2025-08-08T14:07:48.246+0000][7][gc,phases   ] GC(4)   Pre Evacuate Collection Set: 3.78ms
[2025-08-08T14:07:48.246+0000][7][gc,phases   ] GC(4)   Merge Heap Roots: 0.24ms
[2025-08-08T14:07:48.246+0000][7][gc,phases   ] GC(4)   Evacuate Collection Set: 5.40ms
[2025-08-08T14:07:48.246+0000][7][gc,phases   ] GC(4)   Post Evacuate Collection Set: 1.25ms
[2025-08-08T14:07:48.246+0000][7][gc,phases   ] GC(4)   Other: 0.22ms
[2025-08-08T14:07:48.246+0000][7][gc,age      ] GC(4) Age table with threshold 15 (max threshold 15)
[2025-08-08T14:07:48.246+0000][7][gc,age      ] GC(4) - age   1:    1855840 bytes,    1855840 total
[2025-08-08T14:07:48.246+0000][7][gc,age      ] GC(4) - age   2:    6119264 bytes,    7975104 total
[2025-08-08T14:07:48.246+0000][7][gc,age      ] GC(4) - age   3:    1750304 bytes,    9725408 total
[2025-08-08T14:07:48.246+0000][7][gc,age      ] GC(4) - age   4:    1356456 bytes,   11081864 total
[2025-08-08T14:07:48.246+0000][7][gc,heap     ] GC(4) Eden regions: 90->0(150)
[2025-08-08T14:07:48.246+0000][7][gc,heap     ] GC(4) Survivor regions: 3->3(20)
[2025-08-08T14:07:48.246+0000][7][gc,heap     ] GC(4) Old regions: 3->3
[2025-08-08T14:07:48.246+0000][7][gc,heap     ] GC(4) Humongous regions: 0->0
[2025-08-08T14:07:48.246+0000][7][gc,metaspace] GC(4) Metaspace: 21024K(21504K)->21024K(21504K) NonClass: 18458K(18752K)->18458K(18752K) Class: 2565K(2752K)->2565K(2752K)
[2025-08-08T14:07:48.246+0000][7][gc          ] GC(4) Pause Young (Concurrent Start) (Metadata GC Threshold) 374M->18M(1024M) 11.145ms
[2025-08-08T14:07:48.246+0000][7][gc,cpu      ] GC(4) User=0.02s Sys=0.01s Real=0.01s
[2025-08-08T14:07:48.246+0000][7][safepoint   ] Safepoint "CollectForMetadataAllocation", Time since last: 669870707 ns, Reaching safepoint: 5642 ns, Cleanup: 101778 ns, At safepoint: 11392413 ns, Total: 11499833 ns
[2025-08-08T14:07:48.246+0000][7][gc          ] GC(5) Concurrent Mark Cycle
[2025-08-08T14:07:48.246+0000][7][gc,marking  ] GC(5) Concurrent Scan Root Regions
[2025-08-08T14:07:48.250+0000][7][gc,marking  ] GC(5) Concurrent Scan Root Regions 3.804ms
[2025-08-08T14:07:48.250+0000][7][gc,marking  ] GC(5) Concurrent Mark
[2025-08-08T14:07:48.250+0000][7][gc,marking  ] GC(5) Concurrent Mark From Roots
[2025-08-08T14:07:48.250+0000][7][gc,task     ] GC(5) Using 2 workers of 2 for marking
[2025-08-08T14:07:48.257+0000][7][gc,marking  ] GC(5) Concurrent Mark From Roots 6.554ms
[2025-08-08T14:07:48.257+0000][7][gc,marking  ] GC(5) Concurrent Preclean
[2025-08-08T14:07:48.257+0000][7][gc,marking  ] GC(5) Concurrent Preclean 0.051ms
[2025-08-08T14:07:48.257+0000][7][gc,start    ] GC(5) Pause Remark
[2025-08-08T14:07:48.262+0000][7][gc          ] GC(5) Pause Remark 21M->21M(1024M) 4.563ms
[2025-08-08T14:07:48.262+0000][7][gc,cpu      ] GC(5) User=0.02s Sys=0.00s Real=0.00s
[2025-08-08T14:07:48.262+0000][7][safepoint   ] Safepoint "G1PauseRemark", Time since last: 10689413 ns, Reaching safepoint: 33828 ns, Cleanup: 10515 ns, At safepoint: 4704394 ns, Total: 4748737 ns
[2025-08-08T14:07:48.262+0000][7][gc,marking  ] GC(5) Concurrent Mark 11.517ms
[2025-08-08T14:07:48.262+0000][7][gc,marking  ] GC(5) Concurrent Rebuild Remembered Sets and Scrub Regions
[2025-08-08T14:07:48.265+0000][7][gc,marking  ] GC(5) Concurrent Rebuild Remembered Sets and Scrub Regions 3.354ms
[2025-08-08T14:07:48.265+0000][7][gc,start    ] GC(5) Pause Cleanup
[2025-08-08T14:07:48.265+0000][7][gc          ] GC(5) Pause Cleanup 21M->21M(1024M) 0.179ms
[2025-08-08T14:07:48.265+0000][7][gc,cpu      ] GC(5) User=0.00s Sys=0.00s Real=0.00s
[2025-08-08T14:07:48.265+0000][7][safepoint   ] Safepoint "G1PauseCleanup", Time since last: 3497680 ns, Reaching safepoint: 5689 ns, Cleanup: 3631 ns, At safepoint: 232250 ns, Total: 241570 ns
[2025-08-08T14:07:48.266+0000][7][gc,marking  ] GC(5) Concurrent Clear Claimed Marks
[2025-08-08T14:07:48.266+0000][7][gc,marking  ] GC(5) Concurrent Clear Claimed Marks 0.053ms
[2025-08-08T14:07:48.266+0000][7][gc,marking  ] GC(5) Concurrent Cleanup for Next Mark
[2025-08-08T14:07:48.268+0000][7][gc,marking  ] GC(5) Concurrent Cleanup for Next Mark 2.143ms
[2025-08-08T14:07:48.268+0000][7][gc          ] GC(5) Concurrent Mark Cycle 21.410ms
[2025-08-08T14:07:49.277+0000][7][safepoint   ] Safepoint "Cleanup", Time since last: 1011403747 ns, Reaching safepoint: 7420 ns, Cleanup: 181201 ns, At safepoint: 34799 ns, Total: 223420 ns
[2025-08-08T14:07:50.321+0000][7][safepoint   ] Safepoint "ICBufferFull", Time since last: 1042522999 ns, Reaching safepoint: 7246 ns, Cleanup: 152766 ns, At safepoint: 718657 ns, Total: 878669 ns
[2025-08-08T14:07:51.583+0000][7][safepoint   ] Safepoint "ICBufferFull", Time since last: 1262560162 ns, Reaching safepoint: 6880 ns, Cleanup: 190687 ns, At safepoint: 38121 ns, Total: 235688 ns
[2025-08-08T14:07:51.692+0000][7][gc,start    ] GC(6) Pause Young (Prepare Mixed) (G1 Evacuation Pause)
[2025-08-08T14:07:51.693+0000][7][gc,task     ] GC(6) Using 8 workers of 8 for evacuation
[2025-08-08T14:07:51.693+0000][7][gc,age      ] GC(6) Desired survivor size 41943040 bytes, new threshold 15 (max threshold 15)
[2025-08-08T14:07:51.711+0000][7][gc,phases   ] GC(6)   Pre Evacuate Collection Set: 0.51ms
[2025-08-08T14:07:51.711+0000][7][gc,phases   ] GC(6)   Merge Heap Roots: 0.11ms
[2025-08-08T14:07:51.711+0000][7][gc,phases   ] GC(6)   Evacuate Collection Set: 13.52ms
[2025-08-08T14:07:51.711+0000][7][gc,phases   ] GC(6)   Post Evacuate Collection Set: 4.33ms
[2025-08-08T14:07:51.711+0000][7][gc,phases   ] GC(6)   Other: 0.13ms
[2025-08-08T14:07:51.711+0000][7][gc,age      ] GC(6) Age table with threshold 15 (max threshold 15)
[2025-08-08T14:07:51.711+0000][7][gc,age      ] GC(6) - age   1:   12295000 bytes,   12295000 total
[2025-08-08T14:07:51.711+0000][7][gc,age      ] GC(6) - age   2:    1813808 bytes,   14108808 total
[2025-08-08T14:07:51.711+0000][7][gc,age      ] GC(6) - age   3:    6082312 bytes,   20191120 total
[2025-08-08T14:07:51.711+0000][7][gc,age      ] GC(6) - age   4:    1678496 bytes,   21869616 total
[2025-08-08T14:07:51.711+0000][7][gc,age      ] GC(6) - age   5:    1319240 bytes,   23188856 total
[2025-08-08T14:07:51.711+0000][7][gc,heap     ] GC(6) Eden regions: 150->0(147)
[2025-08-08T14:07:51.711+0000][7][gc,heap     ] GC(6) Survivor regions: 3->6(20)
[2025-08-08T14:07:51.711+0000][7][gc,heap     ] GC(6) Old regions: 3->3
[2025-08-08T14:07:51.711+0000][7][gc,heap     ] GC(6) Humongous regions: 0->0
[2025-08-08T14:07:51.711+0000][7][gc,metaspace] GC(6) Metaspace: 30827K(31808K)->30827K(31808K) NonClass: 26895K(27520K)->26895K(27520K) Class: 3932K(4288K)->3932K(4288K)
[2025-08-08T14:07:51.711+0000][7][gc          ] GC(6) Pause Young (Prepare Mixed) (G1 Evacuation Pause) 618M->30M(1024M) 18.961ms
[2025-08-08T14:07:51.711+0000][7][gc,cpu      ] GC(6) User=0.07s Sys=0.01s Real=0.02s
[2025-08-08T14:07:51.711+0000][7][safepoint   ] Safepoint "G1CollectForAllocation", Time since last: 108982057 ns, Reaching safepoint: 7169 ns, Cleanup: 17036 ns, At safepoint: 19132226 ns, Total: 19156431 ns
[2025-08-08T14:07:52.712+0000][7][safepoint   ] Safepoint "Cleanup", Time since last: 1000455147 ns, Reaching safepoint: 128626 ns, Cleanup: 51707 ns, At safepoint: 52306 ns, Total: 232639 ns
[2025-08-08T14:07:53.534+0000][7][gc,start    ] GC(7) Pause Young (Mixed) (Metadata GC Threshold)
[2025-08-08T14:07:53.534+0000][7][gc,task     ] GC(7) Using 8 workers of 8 for evacuation
[2025-08-08T14:07:53.534+0000][7][gc,age      ] GC(7) Desired survivor size 41943040 bytes, new threshold 15 (max threshold 15)
[2025-08-08T14:07:53.558+0000][7][gc,phases   ] GC(7)   Pre Evacuate Collection Set: 0.32ms
[2025-08-08T14:07:53.558+0000][7][gc,phases   ] GC(7)   Merge Heap Roots: 0.21ms
[2025-08-08T14:07:53.558+0000][7][gc,phases   ] GC(7)   Evacuate Collection Set: 21.02ms
[2025-08-08T14:07:53.558+0000][7][gc,phases   ] GC(7)   Post Evacuate Collection Set: 2.95ms
[2025-08-08T14:07:53.559+0000][7][gc,phases   ] GC(7)   Other: 0.11ms
[2025-08-08T14:07:53.559+0000][7][gc,age      ] GC(7) Age table with threshold 15 (max threshold 15)
[2025-08-08T14:07:53.559+0000][7][gc,age      ] GC(7) - age   1:   16683720 bytes,   16683720 total
[2025-08-08T14:07:53.559+0000][7][gc,age      ] GC(7) - age   2:   11886624 bytes,   28570344 total
[2025-08-08T14:07:53.559+0000][7][gc,age      ] GC(7) - age   3:    1813776 bytes,   30384120 total
[2025-08-08T14:07:53.559+0000][7][gc,age      ] GC(7) - age   4:    6077528 bytes,   36461648 total
[2025-08-08T14:07:53.559+0000][7][gc,age      ] GC(7) - age   5:    1678472 bytes,   38140120 total
[2025-08-08T14:07:53.559+0000][7][gc,age      ] GC(7) - age   6:    1318752 bytes,   39458872 total
[2025-08-08T14:07:53.559+0000][7][gc,heap     ] GC(7) Eden regions: 43->0(143)
[2025-08-08T14:07:53.559+0000][7][gc,heap     ] GC(7) Survivor regions: 6->10(20)
[2025-08-08T14:07:53.559+0000][7][gc,heap     ] GC(7) Old regions: 3->2
[2025-08-08T14:07:53.559+0000][7][gc,heap     ] GC(7) Humongous regions: 0->0
[2025-08-08T14:07:53.559+0000][7][gc,metaspace] GC(7) Metaspace: 35057K(36096K)->35057K(36096K) NonClass: 30422K(31040K)->30422K(31040K) Class: 4634K(5056K)->4634K(5056K)
[2025-08-08T14:07:53.559+0000][7][gc          ] GC(7) Pause Young (Mixed) (Metadata GC Threshold) 200M->46M(1024M) 24.856ms
[2025-08-08T14:07:53.559+0000][7][gc,cpu      ] GC(7) User=0.10s Sys=0.01s Real=0.03s
[2025-08-08T14:07:53.559+0000][7][safepoint   ] Safepoint "CollectForMetadataAllocation", Time since last: 821494002 ns, Reaching safepoint: 5729 ns, Cleanup: 78715 ns, At safepoint: 25081556 ns, Total: 25166000 ns
[2025-08-08T14:07:53.586+0000][7][gc,start    ] GC(8) Pause Young (Concurrent Start) (Metadata GC Threshold)
[2025-08-08T14:07:53.586+0000][7][gc,task     ] GC(8) Using 8 workers of 8 for evacuation
[2025-08-08T14:07:53.586+0000][7][gc,age      ] GC(8) Desired survivor size 41943040 bytes, new threshold 15 (max threshold 15)
[2025-08-08T14:07:53.603+0000][7][gc,phases   ] GC(8)   Pre Evacuate Collection Set: 0.65ms
[2025-08-08T14:07:53.603+0000][7][gc,phases   ] GC(8)   Merge Heap Roots: 0.16ms
[2025-08-08T14:07:53.604+0000][7][gc,phases   ] GC(8)   Evacuate Collection Set: 14.88ms
[2025-08-08T14:07:53.604+0000][7][gc,phases   ] GC(8)   Post Evacuate Collection Set: 1.48ms
[2025-08-08T14:07:53.604+0000][7][gc,phases   ] GC(8)   Other: 0.13ms
[2025-08-08T14:07:53.604+0000][7][gc,age      ] GC(8) Age table with threshold 15 (max threshold 15)
[2025-08-08T14:07:53.604+0000][7][gc,age      ] GC(8) - age   1:      52688 bytes,      52688 total
[2025-08-08T14:07:53.604+0000][7][gc,age      ] GC(8) - age   2:   16603448 bytes,   16656136 total
[2025-08-08T14:07:53.604+0000][7][gc,age      ] GC(8) - age   3:   11886512 bytes,   28542648 total
[2025-08-08T14:07:53.604+0000][7][gc,age      ] GC(8) - age   4:    1813776 bytes,   30356424 total
[2025-08-08T14:07:53.604+0000][7][gc,age      ] GC(8) - age   5:    6077528 bytes,   36433952 total
[2025-08-08T14:07:53.604+0000][7][gc,age      ] GC(8) - age   6:    1678472 bytes,   38112424 total
[2025-08-08T14:07:53.604+0000][7][gc,age      ] GC(8) - age   7:    1318752 bytes,   39431176 total
[2025-08-08T14:07:53.604+0000][7][gc,heap     ] GC(8) Eden regions: 1->0(142)
[2025-08-08T14:07:53.604+0000][7][gc,heap     ] GC(8) Survivor regions: 10->11(20)
[2025-08-08T14:07:53.604+0000][7][gc,heap     ] GC(8) Old regions: 2->2
[2025-08-08T14:07:53.604+0000][7][gc,heap     ] GC(8) Humongous regions: 0->0
[2025-08-08T14:07:53.604+0000][7][gc,metaspace] GC(8) Metaspace: 35420K(36416K)->35420K(36416K) NonClass: 30751K(31360K)->30751K(31360K) Class: 4669K(5056K)->4669K(5056K)
[2025-08-08T14:07:53.604+0000][7][gc          ] GC(8) Pause Young (Concurrent Start) (Metadata GC Threshold) 50M->49M(1024M) 17.577ms
[2025-08-08T14:07:53.604+0000][7][gc,cpu      ] GC(8) User=0.08s Sys=0.01s Real=0.01s
[2025-08-08T14:07:53.604+0000][7][safepoint   ] Safepoint "CollectForMetadataAllocation", Time since last: 27210381 ns, Reaching safepoint: 6307 ns, Cleanup: 18226 ns, At safepoint: 17776281 ns, Total: 17800814 ns
[2025-08-08T14:07:53.604+0000][7][gc          ] GC(9) Concurrent Mark Cycle
[2025-08-08T14:07:53.604+0000][7][gc,marking  ] GC(9) Concurrent Scan Root Regions
[2025-08-08T14:07:53.620+0000][7][gc,marking  ] GC(9) Concurrent Scan Root Regions 16.305ms
[2025-08-08T14:07:53.620+0000][7][gc,marking  ] GC(9) Concurrent Mark
[2025-08-08T14:07:53.620+0000][7][gc,marking  ] GC(9) Concurrent Mark From Roots
[2025-08-08T14:07:53.620+0000][7][gc,task     ] GC(9) Using 2 workers of 2 for marking
[2025-08-08T14:07:53.628+0000][7][gc,marking  ] GC(9) Concurrent Mark From Roots 7.612ms
[2025-08-08T14:07:53.628+0000][7][gc,marking  ] GC(9) Concurrent Preclean
[2025-08-08T14:07:53.628+0000][7][gc,marking  ] GC(9) Concurrent Preclean 0.073ms
[2025-08-08T14:07:53.628+0000][7][gc,start    ] GC(9) Pause Remark
[2025-08-08T14:07:53.635+0000][7][gc          ] GC(9) Pause Remark 52M->52M(1024M) 6.216ms
[2025-08-08T14:07:53.635+0000][7][gc,cpu      ] GC(9) User=0.02s Sys=0.00s Real=0.00s
[2025-08-08T14:07:53.635+0000][7][safepoint   ] Safepoint "G1PauseRemark", Time since last: 24253266 ns, Reaching safepoint: 166021 ns, Cleanup: 20505 ns, At safepoint: 6358903 ns, Total: 6545429 ns
[2025-08-08T14:07:53.635+0000][7][gc,marking  ] GC(9) Concurrent Mark 14.407ms
[2025-08-08T14:07:53.635+0000][7][gc,marking  ] GC(9) Concurrent Rebuild Remembered Sets and Scrub Regions
[2025-08-08T14:07:53.637+0000][7][gc,marking  ] GC(9) Concurrent Rebuild Remembered Sets and Scrub Regions 2.632ms
[2025-08-08T14:07:53.639+0000][7][gc,start    ] GC(9) Pause Cleanup
[2025-08-08T14:07:53.639+0000][7][gc          ] GC(9) Pause Cleanup 52M->52M(1024M) 0.402ms
[2025-08-08T14:07:53.639+0000][7][gc,cpu      ] GC(9) User=0.00s Sys=0.00s Real=0.00s
[2025-08-08T14:07:53.639+0000][7][safepoint   ] Safepoint "G1PauseCleanup", Time since last: 2791000 ns, Reaching safepoint: 1144060 ns, Cleanup: 11549 ns, At safepoint: 537419 ns, Total: 1693028 ns
[2025-08-08T14:07:53.639+0000][7][gc,marking  ] GC(9) Concurrent Clear Claimed Marks
[2025-08-08T14:07:53.639+0000][7][gc,marking  ] GC(9) Concurrent Clear Claimed Marks 0.131ms
[2025-08-08T14:07:53.639+0000][7][gc,marking  ] GC(9) Concurrent Cleanup for Next Mark
[2025-08-08T14:07:53.641+0000][7][gc,marking  ] GC(9) Concurrent Cleanup for Next Mark 2.187ms
[2025-08-08T14:07:53.642+0000][7][gc          ] GC(9) Concurrent Mark Cycle 37.704ms
[2025-08-08T14:07:55.248+0000][7][safepoint   ] Safepoint "Cleanup", Time since last: 1608941044 ns, Reaching safepoint: 3907 ns, Cleanup: 116345 ns, At safepoint: 23647 ns, Total: 143899 ns
[2025-08-08T14:07:56.283+0000][7][safepoint   ] Safepoint "Cleanup", Time since last: 1034648042 ns, Reaching safepoint: 199284 ns, Cleanup: 211878 ns, At safepoint: 32121 ns, Total: 443283 ns
[2025-08-08T14:07:57.287+0000][7][safepoint   ] Safepoint "Cleanup", Time since last: 1001114804 ns, Reaching safepoint: 2081635 ns, Cleanup: 85573 ns, At safepoint: 116289 ns, Total: 2283497 ns
[2025-08-08T14:07:58.773+0000][7][safepoint   ] Safepoint "ICBufferFull", Time since last: 1485800388 ns, Reaching safepoint: 6765 ns, Cleanup: 141173 ns, At safepoint: 10427 ns, Total: 158365 ns
[2025-08-08T14:07:59.164+0000][7][gc,start    ] GC(10) Pause Young (Concurrent Start) (Metadata GC Threshold)
[2025-08-08T14:07:59.164+0000][7][gc,task     ] GC(10) Using 8 workers of 8 for evacuation
[2025-08-08T14:07:59.164+0000][7][gc,age      ] GC(10) Desired survivor size 41943040 bytes, new threshold 15 (max threshold 15)
[2025-08-08T14:07:59.210+0000][7][gc,phases   ] GC(10)   Pre Evacuate Collection Set: 0.63ms
[2025-08-08T14:07:59.210+0000][7][gc,phases   ] GC(10)   Merge Heap Roots: 0.45ms
[2025-08-08T14:07:59.210+0000][7][gc,phases   ] GC(10)   Evacuate Collection Set: 36.38ms
[2025-08-08T14:07:59.210+0000][7][gc,phases   ] GC(10)   Post Evacuate Collection Set: 7.63ms
[2025-08-08T14:07:59.210+0000][7][gc,phases   ] GC(10)   Other: 0.66ms
[2025-08-08T14:07:59.210+0000][7][gc,age      ] GC(10) Age table with threshold 15 (max threshold 15)
[2025-08-08T14:07:59.210+0000][7][gc,age      ] GC(10) - age   1:   11140608 bytes,   11140608 total
[2025-08-08T14:07:59.210+0000][7][gc,age      ] GC(10) - age   2:      36112 bytes,   11176720 total
[2025-08-08T14:07:59.210+0000][7][gc,age      ] GC(10) - age   3:   16574304 bytes,   27751024 total
[2025-08-08T14:07:59.210+0000][7][gc,age      ] GC(10) - age   4:   11683984 bytes,   39435008 total
[2025-08-08T14:07:59.210+0000][7][gc,age      ] GC(10) - age   5:    1803592 bytes,   41238600 total
[2025-08-08T14:07:59.210+0000][7][gc,age      ] GC(10) - age   6:    6057200 bytes,   47295800 total
[2025-08-08T14:07:59.210+0000][7][gc,age      ] GC(10) - age   7:    1670632 bytes,   48966432 total
[2025-08-08T14:07:59.210+0000][7][gc,age      ] GC(10) - age   8:    1299968 bytes,   50266400 total
[2025-08-08T14:07:59.210+0000][7][gc,heap     ] GC(10) Eden regions: 111->0(139)
[2025-08-08T14:07:59.210+0000][7][gc,heap     ] GC(10) Survivor regions: 11->14(20)
[2025-08-08T14:07:59.210+0000][7][gc,heap     ] GC(10) Old regions: 2->2
[2025-08-08T14:07:59.210+0000][7][gc,heap     ] GC(10) Humongous regions: 0->0
[2025-08-08T14:07:59.210+0000][7][gc,metaspace] GC(10) Metaspace: 59810K(61120K)->59810K(61120K) NonClass: 51693K(52480K)->51693K(52480K) Class: 8117K(8640K)->8117K(8640K)
[2025-08-08T14:07:59.210+0000][7][gc          ] GC(10) Pause Young (Concurrent Start) (Metadata GC Threshold) 493M->61M(1024M) 46.123ms
[2025-08-08T14:07:59.210+0000][7][gc          ] GC(11) Concurrent Mark Cycle
[2025-08-08T14:07:59.210+0000][7][gc,marking  ] GC(11) Concurrent Scan Root Regions
[2025-08-08T14:07:59.210+0000][7][gc,cpu      ] GC(10) User=0.22s Sys=0.03s Real=0.05s
[2025-08-08T14:07:59.218+0000][7][safepoint   ] Safepoint "CollectForMetadataAllocation", Time since last: 391169797 ns, Reaching safepoint: 7104 ns, Cleanup: 65517 ns, At safepoint: 54030926 ns, Total: 54103547 ns
[2025-08-08T14:07:59.248+0000][7][gc,marking  ] GC(11) Concurrent Scan Root Regions 38.155ms
[2025-08-08T14:07:59.249+0000][7][gc,marking  ] GC(11) Concurrent Mark
[2025-08-08T14:07:59.249+0000][7][gc,marking  ] GC(11) Concurrent Mark From Roots
[2025-08-08T14:07:59.249+0000][7][gc,task     ] GC(11) Using 2 workers of 2 for marking
[2025-08-08T14:07:59.257+0000][7][gc,marking  ] GC(11) Concurrent Mark From Roots 8.713ms
[2025-08-08T14:07:59.257+0000][7][gc,marking  ] GC(11) Concurrent Preclean
[2025-08-08T14:07:59.257+0000][7][gc,marking  ] GC(11) Concurrent Preclean 0.078ms
[2025-08-08T14:07:59.258+0000][7][gc,start    ] GC(11) Pause Remark
[2025-08-08T14:07:59.268+0000][7][gc          ] GC(11) Pause Remark 64M->64M(1024M) 9.965ms
[2025-08-08T14:07:59.268+0000][7][gc,cpu      ] GC(11) User=0.03s Sys=0.01s Real=0.01s
[2025-08-08T14:07:59.268+0000][7][safepoint   ] Safepoint "G1PauseRemark", Time since last: 39654131 ns, Reaching safepoint: 535450 ns, Cleanup: 22054 ns, At safepoint: 10162350 ns, Total: 10719854 ns
[2025-08-08T14:07:59.268+0000][7][gc,marking  ] GC(11) Concurrent Mark 19.819ms
[2025-08-08T14:07:59.268+0000][7][gc,marking  ] GC(11) Concurrent Rebuild Remembered Sets and Scrub Regions
[2025-08-08T14:07:59.277+0000][7][gc,marking  ] GC(11) Concurrent Rebuild Remembered Sets and Scrub Regions 8.833ms
[2025-08-08T14:07:59.278+0000][7][gc,start    ] GC(11) Pause Cleanup
[2025-08-08T14:07:59.279+0000][7][gc          ] GC(11) Pause Cleanup 65M->65M(1024M) 0.757ms
[2025-08-08T14:07:59.279+0000][7][gc,cpu      ] GC(11) User=0.00s Sys=0.00s Real=0.00s
[2025-08-08T14:07:59.279+0000][7][safepoint   ] Safepoint "G1PauseCleanup", Time since last: 9002728 ns, Reaching safepoint: 709989 ns, Cleanup: 32308 ns, At safepoint: 919858 ns, Total: 1662155 ns
[2025-08-08T14:07:59.279+0000][7][gc,marking  ] GC(11) Concurrent Clear Claimed Marks
[2025-08-08T14:07:59.279+0000][7][gc,marking  ] GC(11) Concurrent Clear Claimed Marks 0.162ms
[2025-08-08T14:07:59.279+0000][7][gc,marking  ] GC(11) Concurrent Cleanup for Next Mark
[2025-08-08T14:07:59.282+0000][7][gc,marking  ] GC(11) Concurrent Cleanup for Next Mark 2.832ms
[2025-08-08T14:07:59.282+0000][7][gc          ] GC(11) Concurrent Mark Cycle 71.968ms
[2025-08-08T14:08:00.424+0000][7][safepoint   ] Safepoint "Cleanup", Time since last: 1143672879 ns, Reaching safepoint: 980640 ns, Cleanup: 110737 ns, At safepoint: 53570 ns, Total: 1144947 ns
[2025-08-08T14:08:01.579+0000][7][safepoint   ] Safepoint "Cleanup", Time since last: 1155083718 ns, Reaching safepoint: 6003 ns, Cleanup: 107764 ns, At safepoint: 128639 ns, Total: 242406 ns
[2025-08-08T14:08:03.075+0000][7][safepoint   ] Safepoint "ICBufferFull", Time since last: 1496010329 ns, Reaching safepoint: 7893 ns, Cleanup: 162321 ns, At safepoint: 13503 ns, Total: 183717 ns
[2025-08-08T14:08:04.222+0000][7][safepoint   ] Safepoint "Cleanup", Time since last: 1146840370 ns, Reaching safepoint: 4327 ns, Cleanup: 111603 ns, At safepoint: 27541 ns, Total: 143471 ns
[2025-08-08T14:08:04.656+0000][7][safepoint   ] Safepoint "ICBufferFull", Time since last: 433118588 ns, Reaching safepoint: 7162 ns, Cleanup: 105407 ns, At safepoint: 31510 ns, Total: 144079 ns
[2025-08-08T14:08:05.418+0000][7][safepoint   ] Safepoint "ICBufferFull", Time since last: 762256669 ns, Reaching safepoint: 9133 ns, Cleanup: 165927 ns, At safepoint: 74093 ns, Total: 249153 ns
[2025-08-08T14:08:06.420+0000][7][safepoint   ] Safepoint "Cleanup", Time since last: 1001530920 ns, Reaching safepoint: 11769 ns, Cleanup: 121403 ns, At safepoint: 10495 ns, Total: 143667 ns
[2025-08-08T14:08:07.421+0000][7][safepoint   ] Safepoint "Cleanup", Time since last: 1001313513 ns, Reaching safepoint: 15597 ns, Cleanup: 54346 ns, At safepoint: 11930 ns, Total: 81873 ns
[2025-08-08T14:08:08.422+0000][7][safepoint   ] Safepoint "Cleanup", Time since last: 1001216963 ns, Reaching safepoint: 12318 ns, Cleanup: 22895 ns, At safepoint: 9111 ns, Total: 44324 ns
[2025-08-08T14:08:09.423+0000][7][safepoint   ] Safepoint "Cleanup", Time since last: 1000299299 ns, Reaching safepoint: 11300 ns, Cleanup: 21911 ns, At safepoint: 9037 ns, Total: 42248 ns
[2025-08-08T14:08:10.424+0000][7][safepoint   ] Safepoint "Cleanup", Time since last: 1000986770 ns, Reaching safepoint: 12228 ns, Cleanup: 19050 ns, At safepoint: 9800 ns, Total: 41078 ns
[2025-08-08T14:08:11.424+0000][7][safepoint   ] Safepoint "Cleanup", Time since last: 1000366544 ns, Reaching safepoint: 9638 ns, Cleanup: 17003 ns, At safepoint: 8827 ns, Total: 35468 ns
[2025-08-08T14:08:13.425+0000][7][safepoint   ] Safepoint "Cleanup", Time since last: 2000678252 ns, Reaching safepoint: 12350 ns, Cleanup: 19088 ns, At safepoint: 10349 ns, Total: 41787 ns
[2025-08-08T14:08:18.430+0000][7][safepoint   ] Safepoint "Cleanup", Time since last: 5004768107 ns, Reaching safepoint: 806648 ns, Cleanup: 26794 ns, At safepoint: 24287 ns, Total: 857729 ns
[2025-08-08T14:08:20.431+0000][7][safepoint   ] Safepoint "Cleanup", Time since last: 2000709448 ns, Reaching safepoint: 16484 ns, Cleanup: 33412 ns, At safepoint: 14092 ns, Total: 63988 ns
[2025-08-08T14:08:22.432+0000][7][safepoint   ] Safepoint "Cleanup", Time since last: 2001037011 ns, Reaching safepoint: 55242 ns, Cleanup: 23591 ns, At safepoint: 11780 ns, Total: 90613 ns
[2025-08-08T14:08:23.436+0000][7][safepoint   ] Safepoint "Cleanup", Time since last: 1003968983 ns, Reaching safepoint: 17118 ns, Cleanup: 36238 ns, At safepoint: 12302 ns, Total: 65658 ns
[2025-08-08T14:08:29.442+0000][7][safepoint   ] Safepoint "Cleanup", Time since last: 6004120850 ns, Reaching safepoint: 1574680 ns, Cleanup: 30117 ns, At safepoint: 40491 ns, Total: 1645288 ns
[2025-08-08T14:08:30.443+0000][7][safepoint   ] Safepoint "Cleanup", Time since last: 1000505879 ns, Reaching safepoint: 137956 ns, Cleanup: 21523 ns, At safepoint: 13916 ns, Total: 173395 ns
[2025-08-08T14:08:31.444+0000][7][safepoint   ] Safepoint "Cleanup", Time since last: 1001107350 ns, Reaching safepoint: 61601 ns, Cleanup: 22017 ns, At safepoint: 23690 ns, Total: 107308 ns
[2025-08-08T14:08:33.445+0000][7][safepoint   ] Safepoint "Cleanup", Time since last: 2001122300 ns, Reaching safepoint: 14196 ns, Cleanup: 20789 ns, At safepoint: 11046 ns, Total: 46031 ns
[2025-08-08T14:08:35.446+0000][7][safepoint   ] Safepoint "Cleanup", Time since last: 2000546855 ns, Reaching safepoint: 13760 ns, Cleanup: 29493 ns, At safepoint: 10602 ns, Total: 53855 ns
[2025-08-08T14:08:37.448+0000][7][safepoint   ] Safepoint "Cleanup", Time since last: 2002342022 ns, Reaching safepoint: 89153 ns, Cleanup: 18965 ns, At safepoint: 12562 ns, Total: 120680 ns
[2025-08-08T14:08:38.453+0000][7][safepoint   ] Safepoint "Cleanup", Time since last: 1004490569 ns, Reaching safepoint: 16355 ns, Cleanup: 21473 ns, At safepoint: 13144 ns, Total: 50972 ns
[2025-08-08T14:08:39.454+0000][7][safepoint   ] Safepoint "Cleanup", Time since last: 1000322632 ns, Reaching safepoint: 1036874 ns, Cleanup: 34209 ns, At safepoint: 58900 ns, Total: 1129983 ns
[2025-08-08T14:08:41.687+0000][7][safepoint   ] Safepoint "Cleanup", Time since last: 2232290312 ns, Reaching safepoint: 12334 ns, Cleanup: 18116 ns, At safepoint: 12742 ns, Total: 43192 ns
[2025-08-08T14:08:44.689+0000][7][safepoint   ] Safepoint "Cleanup", Time since last: 3001961884 ns, Reaching safepoint: 13774 ns, Cleanup: 23954 ns, At safepoint: 9713 ns, Total: 47441 ns
[2025-08-08T14:08:46.690+0000][7][safepoint   ] Safepoint "Cleanup", Time since last: 2001499896 ns, Reaching safepoint: 13102 ns, Cleanup: 30003 ns, At safepoint: 9864 ns, Total: 52969 ns
[2025-08-08T14:08:55.695+0000][7][safepoint   ] Safepoint "Cleanup", Time since last: 9005154458 ns, Reaching safepoint: 57643 ns, Cleanup: 30048 ns, At safepoint: 13742 ns, Total: 101433 ns
[2025-08-08T14:08:56.696+0000][7][safepoint   ] Safepoint "Cleanup", Time since last: 1000445437 ns, Reaching safepoint: 13044 ns, Cleanup: 19410 ns, At safepoint: 10551 ns, Total: 43005 ns
[2025-08-08T14:08:57.697+0000][7][safepoint   ] Safepoint "Cleanup", Time since last: 1000609142 ns, Reaching safepoint: 608702 ns, Cleanup: 117550 ns, At safepoint: 72369 ns, Total: 798621 ns
[2025-08-08T14:08:58.699+0000][7][safepoint   ] Safepoint "Cleanup", Time since last: 1001462543 ns, Reaching safepoint: 16892 ns, Cleanup: 117756 ns, At safepoint: 16672 ns, Total: 151320 ns
[2025-08-08T14:08:59.700+0000][7][safepoint   ] Safepoint "Cleanup", Time since last: 1001417760 ns, Reaching safepoint: 16196 ns, Cleanup: 23304 ns, At safepoint: 11537 ns, Total: 51037 ns
[2025-08-08T14:09:01.707+0000][7][safepoint   ] Safepoint "Cleanup", Time since last: 2006315039 ns, Reaching safepoint: 14270 ns, Cleanup: 23455 ns, At safepoint: 11708 ns, Total: 49433 ns
[2025-08-08T14:09:02.707+0000][7][safepoint   ] Safepoint "Cleanup", Time since last: 1000509684 ns, Reaching safepoint: 60283 ns, Cleanup: 18937 ns, At safepoint: 19303 ns, Total: 98523 ns
[2025-08-08T14:09:03.708+0000][7][safepoint   ] Safepoint "Cleanup", Time since last: 1000227616 ns, Reaching safepoint: 17001 ns, Cleanup: 19123 ns, At safepoint: 11435 ns, Total: 47559 ns
[2025-08-08T14:09:04.708+0000][7][safepoint   ] Safepoint "Cleanup", Time since last: 1000497926 ns, Reaching safepoint: 19114 ns, Cleanup: 26216 ns, At safepoint: 13197 ns, Total: 58527 ns
[2025-08-08T14:09:06.710+0000][7][safepoint   ] Safepoint "Cleanup", Time since last: 2001236064 ns, Reaching safepoint: 11837 ns, Cleanup: 21521 ns, At safepoint: 8804 ns, Total: 42162 ns
[2025-08-08T14:09:08.710+0000][7][safepoint   ] Safepoint "Cleanup", Time since last: 2000405894 ns, Reaching safepoint: 54104 ns, Cleanup: 21321 ns, At safepoint: 10742 ns, Total: 86167 ns
[2025-08-08T14:09:10.713+0000][7][safepoint   ] Safepoint "Cleanup", Time since last: 2002676437 ns, Reaching safepoint: 15710 ns, Cleanup: 27537 ns, At safepoint: 12121 ns, Total: 55368 ns
[2025-08-08T14:09:12.714+0000][7][safepoint   ] Safepoint "Cleanup", Time since last: 2000712832 ns, Reaching safepoint: 13226 ns, Cleanup: 20039 ns, At safepoint: 12548 ns, Total: 45813 ns
[2025-08-08T14:09:17.720+0000][7][safepoint   ] Safepoint "Cleanup", Time since last: 5006001334 ns, Reaching safepoint: 60433 ns, Cleanup: 29171 ns, At safepoint: 25068 ns, Total: 114672 ns
[2025-08-08T14:09:21.722+0000][7][safepoint   ] Safepoint "Cleanup", Time since last: 4001885824 ns, Reaching safepoint: 17888 ns, Cleanup: 27816 ns, At safepoint: 11678 ns, Total: 57382 ns
[2025-08-08T14:09:22.722+0000][7][safepoint   ] Safepoint "Cleanup", Time since last: 1000681075 ns, Reaching safepoint: 14990 ns, Cleanup: 27980 ns, At safepoint: 12527 ns, Total: 55497 ns
[2025-08-08T14:09:23.729+0000][7][safepoint   ] Safepoint "Cleanup", Time since last: 1000628158 ns, Reaching safepoint: 6169090 ns, Cleanup: 35958 ns, At safepoint: 56182 ns, Total: 6261230 ns
[2025-08-08T14:09:23.998+0000][7][gc,start    ] GC(12) Pause Young (Concurrent Start) (Metadata GC Threshold)
[2025-08-08T14:09:23.999+0000][7][gc,task     ] GC(12) Using 8 workers of 8 for evacuation
[2025-08-08T14:09:23.999+0000][7][gc,age      ] GC(12) Desired survivor size 41943040 bytes, new threshold 6 (max threshold 15)
[2025-08-08T14:09:24.225+0000][7][gc,mmu      ] GC(12) MMU target violated: 201.0ms (200.0ms/201.0ms)
[2025-08-08T14:09:24.225+0000][7][gc,phases   ] GC(12)   Pre Evacuate Collection Set: 1.86ms
[2025-08-08T14:09:24.225+0000][7][gc,phases   ] GC(12)   Merge Heap Roots: 4.76ms
[2025-08-08T14:09:24.225+0000][7][gc,phases   ] GC(12)   Evacuate Collection Set: 195.77ms
[2025-08-08T14:09:24.225+0000][7][gc,phases   ] GC(12)   Post Evacuate Collection Set: 23.78ms
[2025-08-08T14:09:24.226+0000][7][gc,phases   ] GC(12)   Other: 0.73ms
[2025-08-08T14:09:24.226+0000][7][gc,age      ] GC(12) Age table with threshold 6 (max threshold 15)
[2025-08-08T14:09:24.226+0000][7][gc,age      ] GC(12) - age   1:   16863472 bytes,   16863472 total
[2025-08-08T14:09:24.226+0000][7][gc,age      ] GC(12) - age   2:   10391992 bytes,   27255464 total
[2025-08-08T14:09:24.226+0000][7][gc,age      ] GC(12) - age   3:      35600 bytes,   27291064 total
[2025-08-08T14:09:24.226+0000][7][gc,age      ] GC(12) - age   4:   16549872 bytes,   43840936 total
[2025-08-08T14:09:24.226+0000][7][gc,age      ] GC(12) - age   5:   11598032 bytes,   55438968 total
[2025-08-08T14:09:24.226+0000][7][gc,age      ] GC(12) - age   6:    1796944 bytes,   57235912 total
[2025-08-08T14:09:24.226+0000][7][gc,heap     ] GC(12) Eden regions: 91->0(113)
[2025-08-08T14:09:24.226+0000][7][gc,heap     ] GC(12) Survivor regions: 14->16(20)
[2025-08-08T14:09:24.226+0000][7][gc,heap     ] GC(12) Old regions: 2->5
[2025-08-08T14:09:24.226+0000][7][gc,heap     ] GC(12) Humongous regions: 0->0
[2025-08-08T14:09:24.226+0000][7][gc,metaspace] GC(12) Metaspace: 99342K(102080K)->99342K(102080K) NonClass: 85143K(86592K)->85143K(86592K) Class: 14198K(15488K)->14198K(15488K)
[2025-08-08T14:09:24.226+0000][7][gc          ] GC(12) Pause Young (Concurrent Start) (Metadata GC Threshold) 423M->78M(1024M) 227.293ms
[2025-08-08T14:09:24.226+0000][7][gc,cpu      ] GC(12) User=0.40s Sys=0.12s Real=0.22s
[2025-08-08T14:09:24.226+0000][7][gc          ] GC(13) Concurrent Mark Cycle
[2025-08-08T14:09:24.226+0000][7][gc,marking  ] GC(13) Concurrent Scan Root Regions
[2025-08-08T14:09:24.226+0000][7][safepoint   ] Safepoint "CollectForMetadataAllocation", Time since last: 268779833 ns, Reaching safepoint: 281708 ns, Cleanup: 35638 ns, At safepoint: 228190501 ns, Total: 228507847 ns
[2025-08-08T14:09:24.381+0000][7][gc,marking  ] GC(13) Concurrent Scan Root Regions 155.355ms
[2025-08-08T14:09:24.381+0000][7][gc,marking  ] GC(13) Concurrent Mark
[2025-08-08T14:09:24.381+0000][7][gc,marking  ] GC(13) Concurrent Mark From Roots
[2025-08-08T14:09:24.381+0000][7][gc,task     ] GC(13) Using 2 workers of 2 for marking
[2025-08-08T14:09:24.408+0000][7][gc,marking  ] GC(13) Concurrent Mark From Roots 26.844ms
[2025-08-08T14:09:24.408+0000][7][gc,marking  ] GC(13) Concurrent Preclean
[2025-08-08T14:09:24.408+0000][7][gc,marking  ] GC(13) Concurrent Preclean 0.109ms
[2025-08-08T14:09:24.420+0000][7][gc,start    ] GC(13) Pause Remark
[2025-08-08T14:09:24.503+0000][7][gc          ] GC(13) Pause Remark 84M->84M(1024M) 82.462ms
[2025-08-08T14:09:24.503+0000][7][gc,cpu      ] GC(13) User=0.04s Sys=0.02s Real=0.08s
[2025-08-08T14:09:24.503+0000][7][safepoint   ] Safepoint "G1PauseRemark", Time since last: 190431603 ns, Reaching safepoint: 3047691 ns, Cleanup: 160141 ns, At safepoint: 83023528 ns, Total: 86231360 ns
[2025-08-08T14:09:24.504+0000][7][gc,marking  ] GC(13) Concurrent Mark 122.163ms
[2025-08-08T14:09:24.504+0000][7][gc,marking  ] GC(13) Concurrent Rebuild Remembered Sets and Scrub Regions
[2025-08-08T14:09:24.528+0000][7][gc,marking  ] GC(13) Concurrent Rebuild Remembered Sets and Scrub Regions 24.909ms
[2025-08-08T14:09:24.538+0000][7][gc,start    ] GC(13) Pause Cleanup
[2025-08-08T14:09:24.543+0000][7][gc          ] GC(13) Pause Cleanup 86M->86M(1024M) 5.393ms
[2025-08-08T14:09:24.544+0000][7][gc,cpu      ] GC(13) User=0.00s Sys=0.00s Real=0.00s
[2025-08-08T14:09:24.544+0000][7][safepoint   ] Safepoint "G1PauseCleanup", Time since last: 29858873 ns, Reaching safepoint: 1511814 ns, Cleanup: 3475206 ns, At safepoint: 5851476 ns, Total: 10838496 ns
[2025-08-08T14:09:24.549+0000][7][gc,marking  ] GC(13) Concurrent Clear Claimed Marks
[2025-08-08T14:09:24.549+0000][7][gc,marking  ] GC(13) Concurrent Clear Claimed Marks 0.707ms
[2025-08-08T14:09:24.549+0000][7][gc,marking  ] GC(13) Concurrent Cleanup for Next Mark
[2025-08-08T14:09:24.554+0000][7][gc,marking  ] GC(13) Concurrent Cleanup for Next Mark 4.954ms
[2025-08-08T14:09:24.555+0000][7][gc          ] GC(13) Concurrent Mark Cycle 328.848ms
[2025-08-08T14:09:25.915+0000][7][safepoint   ] Safepoint "Cleanup", Time since last: 1370596223 ns, Reaching safepoint: 547363 ns, Cleanup: 120777 ns, At safepoint: 89960 ns, Total: 758100 ns
[2025-08-08T14:09:27.707+0000][7][safepoint   ] Safepoint "Cleanup", Time since last: 1791246460 ns, Reaching safepoint: 19385 ns, Cleanup: 193530 ns, At safepoint: 192391 ns, Total: 405306 ns
[2025-08-08T14:09:28.710+0000][7][safepoint   ] Safepoint "Cleanup", Time since last: 1002217329 ns, Reaching safepoint: 1221263 ns, Cleanup: 129612 ns, At safepoint: 62865 ns, Total: 1413740 ns
[2025-08-08T14:09:29.713+0000][7][safepoint   ] Safepoint "Cleanup", Time since last: 1000213838 ns, Reaching safepoint: 744021 ns, Cleanup: 1646825 ns, At safepoint: 109136 ns, Total: 2499982 ns
[2025-08-08T14:09:30.714+0000][7][safepoint   ] Safepoint "Cleanup", Time since last: 1000292733 ns, Reaching safepoint: 112407 ns, Cleanup: 162321 ns, At safepoint: 63121 ns, Total: 337849 ns
[2025-08-08T14:09:31.715+0000][7][safepoint   ] Safepoint "Cleanup", Time since last: 1001393392 ns, Reaching safepoint: 16360 ns, Cleanup: 144347 ns, At safepoint: 17224 ns, Total: 177931 ns
[2025-08-08T14:09:32.717+0000][7][safepoint   ] Safepoint "Cleanup", Time since last: 1000501680 ns, Reaching safepoint: 829344 ns, Cleanup: 111260 ns, At safepoint: 20427 ns, Total: 961031 ns
[2025-08-08T14:09:33.929+0000][7][safepoint   ] Safepoint "Cleanup", Time since last: 1204781859 ns, Reaching safepoint: 1400180 ns, Cleanup: 145243 ns, At safepoint: 5607859 ns, Total: 7153282 ns
[2025-08-08T14:09:34.930+0000][7][safepoint   ] Safepoint "Cleanup", Time since last: 1000622036 ns, Reaching safepoint: 17444 ns, Cleanup: 112679 ns, At safepoint: 15788 ns, Total: 145911 ns
[2025-08-08T14:09:35.932+0000][7][safepoint   ] Safepoint "Cleanup", Time since last: 1000167420 ns, Reaching safepoint: 2117209 ns, Cleanup: 245831 ns, At safepoint: 72324 ns, Total: 2435364 ns
[2025-08-08T14:09:36.934+0000][7][safepoint   ] Safepoint "Cleanup", Time since last: 1001584001 ns, Reaching safepoint: 15034 ns, Cleanup: 161046 ns, At safepoint: 15326 ns, Total: 191406 ns
[2025-08-08T14:09:37.935+0000][7][safepoint   ] Safepoint "Cleanup", Time since last: 1000596444 ns, Reaching safepoint: 305729 ns, Cleanup: 91156 ns, At safepoint: 34930 ns, Total: 431815 ns
[2025-08-08T14:09:38.936+0000][7][safepoint   ] Safepoint "Cleanup", Time since last: 1000128002 ns, Reaching safepoint: 1034648 ns, Cleanup: 120907 ns, At safepoint: 79582 ns, Total: 1235137 ns
[2025-08-08T14:09:39.375+0000][7][gc,start    ] GC(14) Pause Young (Normal) (G1 Evacuation Pause)
[2025-08-08T14:09:39.375+0000][7][gc,task     ] GC(14) Using 8 workers of 8 for evacuation
[2025-08-08T14:09:39.375+0000][7][gc,age      ] GC(14) Desired survivor size 35651584 bytes, new threshold 4 (max threshold 15)
[2025-08-08T14:09:39.454+0000][7][gc,phases   ] GC(14)   Pre Evacuate Collection Set: 0.36ms
[2025-08-08T14:09:39.454+0000][7][gc,phases   ] GC(14)   Merge Heap Roots: 0.19ms
[2025-08-08T14:09:39.454+0000][7][gc,phases   ] GC(14)   Evacuate Collection Set: 69.91ms
[2025-08-08T14:09:39.454+0000][7][gc,phases   ] GC(14)   Post Evacuate Collection Set: 8.38ms
[2025-08-08T14:09:39.454+0000][7][gc,phases   ] GC(14)   Other: 0.42ms
[2025-08-08T14:09:39.454+0000][7][gc,age      ] GC(14) Age table with threshold 4 (max threshold 15)
[2025-08-08T14:09:39.454+0000][7][gc,age      ] GC(14) - age   1:    2513096 bytes,    2513096 total
[2025-08-08T14:09:39.454+0000][7][gc,age      ] GC(14) - age   2:   16237608 bytes,   18750704 total
[2025-08-08T14:09:39.454+0000][7][gc,age      ] GC(14) - age   3:   10292096 bytes,   29042800 total
[2025-08-08T14:09:39.454+0000][7][gc,age      ] GC(14) - age   4:      35472 bytes,   29078272 total
[2025-08-08T14:09:39.454+0000][7][gc,heap     ] GC(14) Eden regions: 113->0(144)
[2025-08-08T14:09:39.454+0000][7][gc,heap     ] GC(14) Survivor regions: 16->9(17)
[2025-08-08T14:09:39.454+0000][7][gc,heap     ] GC(14) Old regions: 5->12
[2025-08-08T14:09:39.454+0000][7][gc,heap     ] GC(14) Humongous regions: 2->2
[2025-08-08T14:09:39.454+0000][7][gc,metaspace] GC(14) Metaspace: 104119K(106880K)->104119K(106880K) NonClass: 89407K(90880K)->89407K(90880K) Class: 14711K(16000K)->14711K(16000K)
[2025-08-08T14:09:39.454+0000][7][gc          ] GC(14) Pause Young (Normal) (G1 Evacuation Pause) 538M->87M(1024M) 79.626ms
[2025-08-08T14:09:39.454+0000][7][gc,cpu      ] GC(14) User=0.16s Sys=0.03s Real=0.08s
[2025-08-08T14:09:39.454+0000][7][safepoint   ] Safepoint "G1CollectForAllocation", Time since last: 438188563 ns, Reaching safepoint: 16057 ns, Cleanup: 67627 ns, At safepoint: 79787775 ns, Total: 79871459 ns
[2025-08-08T14:09:40.457+0000][7][safepoint   ] Safepoint "Cleanup", Time since last: 1000662384 ns, Reaching safepoint: 1535775 ns, Cleanup: 69455 ns, At safepoint: 66168 ns, Total: 1671398 ns
[2025-08-08T14:09:41.464+0000][7][safepoint   ] Safepoint "Cleanup", Time since last: 1007344164 ns, Reaching safepoint: 16724 ns, Cleanup: 74749 ns, At safepoint: 14386 ns, Total: 105859 ns
[2025-08-08T14:09:42.700+0000][7][safepoint   ] Safepoint "Cleanup", Time since last: 1235463809 ns, Reaching safepoint: 578328 ns, Cleanup: 195749 ns, At safepoint: 46635 ns, Total: 820712 ns
[2025-08-08T14:09:43.701+0000][7][safepoint   ] Safepoint "Cleanup", Time since last: 1000445062 ns, Reaching safepoint: 15995 ns, Cleanup: 68124 ns, At safepoint: 119284 ns, Total: 203403 ns
[2025-08-08T14:09:44.704+0000][7][safepoint   ] Safepoint "Cleanup", Time since last: 1002661684 ns, Reaching safepoint: 106707 ns, Cleanup: 55150 ns, At safepoint: 53335 ns, Total: 215192 ns
[2025-08-08T14:09:45.708+0000][7][safepoint   ] Safepoint "Cleanup", Time since last: 1003267426 ns, Reaching safepoint: 952572 ns, Cleanup: 111620 ns, At safepoint: 78293 ns, Total: 1142485 ns
[2025-08-08T14:09:46.719+0000][7][safepoint   ] Safepoint "Cleanup", Time since last: 1006741827 ns, Reaching safepoint: 4049448 ns, Cleanup: 92392 ns, At safepoint: 35111 ns, Total: 4176951 ns
[2025-08-08T14:09:47.724+0000][7][safepoint   ] Safepoint "Cleanup", Time since last: 1004339815 ns, Reaching safepoint: 17218 ns, Cleanup: 64184 ns, At safepoint: 12341 ns, Total: 93743 ns
[2025-08-08T14:09:48.726+0000][7][safepoint   ] Safepoint "Cleanup", Time since last: 1000477230 ns, Reaching safepoint: 1530249 ns, Cleanup: 67626 ns, At safepoint: 56803 ns, Total: 1654678 ns
[2025-08-08T14:09:49.728+0000][7][safepoint   ] Safepoint "Cleanup", Time since last: 1001925136 ns, Reaching safepoint: 352333 ns, Cleanup: 64463 ns, At safepoint: 43792 ns, Total: 460588 ns
[2025-08-08T14:09:50.731+0000][7][safepoint   ] Safepoint "Cleanup", Time since last: 1000442474 ns, Reaching safepoint: 1626439 ns, Cleanup: 51502 ns, At safepoint: 182749 ns, Total: 1860690 ns
[2025-08-08T14:09:51.735+0000][7][safepoint   ] Safepoint "Cleanup", Time since last: 1001770032 ns, Reaching safepoint: 2219046 ns, Cleanup: 45864 ns, At safepoint: 395359 ns, Total: 2660269 ns
[2025-08-08T14:09:52.738+0000][7][safepoint   ] Safepoint "Cleanup", Time since last: 1000192261 ns, Reaching safepoint: 496183 ns, Cleanup: 54948 ns, At safepoint: 2296664 ns, Total: 2847795 ns
[2025-08-08T14:09:53.744+0000][7][safepoint   ] Safepoint "Cleanup", Time since last: 1005305173 ns, Reaching safepoint: 158431 ns, Cleanup: 58001 ns, At safepoint: 22890 ns, Total: 239322 ns
[2025-08-08T14:09:54.133+0000][7][gc,start    ] GC(15) Pause Young (Normal) (G1 Evacuation Pause)
[2025-08-08T14:09:54.133+0000][7][gc,task     ] GC(15) Using 8 workers of 8 for evacuation
[2025-08-08T14:09:54.133+0000][7][gc,age      ] GC(15) Desired survivor size 41943040 bytes, new threshold 15 (max threshold 15)
[2025-08-08T14:09:54.200+0000][7][gc,phases   ] GC(15)   Pre Evacuate Collection Set: 1.11ms
[2025-08-08T14:09:54.200+0000][7][gc,phases   ] GC(15)   Merge Heap Roots: 4.58ms
[2025-08-08T14:09:54.200+0000][7][gc,phases   ] GC(15)   Evacuate Collection Set: 54.02ms
[2025-08-08T14:09:54.200+0000][7][gc,phases   ] GC(15)   Post Evacuate Collection Set: 7.01ms
[2025-08-08T14:09:54.200+0000][7][gc,phases   ] GC(15)   Other: 0.82ms
[2025-08-08T14:09:54.200+0000][7][gc,age      ] GC(15) Age table with threshold 15 (max threshold 15)
[2025-08-08T14:09:54.200+0000][7][gc,age      ] GC(15) - age   1:     246160 bytes,     246160 total
[2025-08-08T14:09:54.200+0000][7][gc,age      ] GC(15) - age   2:    2329776 bytes,    2575936 total
[2025-08-08T14:09:54.200+0000][7][gc,age      ] GC(15) - age   3:   16236936 bytes,   18812872 total
[2025-08-08T14:09:54.200+0000][7][gc,age      ] GC(15) - age   4:   10292024 bytes,   29104896 total
[2025-08-08T14:09:54.200+0000][7][gc,age      ] GC(15) - age   5:      35472 bytes,   29140368 total
[2025-08-08T14:09:54.200+0000][7][gc,heap     ] GC(15) Eden regions: 144->0(145)
[2025-08-08T14:09:54.200+0000][7][gc,heap     ] GC(15) Survivor regions: 9->8(20)
[2025-08-08T14:09:54.200+0000][7][gc,heap     ] GC(15) Old regions: 12->12
[2025-08-08T14:09:54.200+0000][7][gc,heap     ] GC(15) Humongous regions: 2->2
[2025-08-08T14:09:54.201+0000][7][gc,metaspace] GC(15) Metaspace: 105159K(107968K)->105159K(107968K) NonClass: 90446K(91968K)->90446K(91968K) Class: 14713K(16000K)->14713K(16000K)
[2025-08-08T14:09:54.201+0000][7][gc          ] GC(15) Pause Young (Normal) (G1 Evacuation Pause) 663M->86M(1024M) 67.887ms
[2025-08-08T14:09:54.201+0000][7][gc,cpu      ] GC(15) User=0.10s Sys=0.04s Real=0.07s
[2025-08-08T14:09:54.201+0000][7][safepoint   ] Safepoint "G1CollectForAllocation", Time since last: 388989299 ns, Reaching safepoint: 15698 ns, Cleanup: 39319 ns, At safepoint: 68211881 ns, Total: 68266898 ns
[2025-08-08T14:09:55.203+0000][7][safepoint   ] Safepoint "Cleanup", Time since last: 1001292940 ns, Reaching safepoint: 14935 ns, Cleanup: 118326 ns, At safepoint: 649797 ns, Total: 783058 ns
[2025-08-08T14:09:56.203+0000][7][safepoint   ] Safepoint "Cleanup", Time since last: 1000411644 ns, Reaching safepoint: 20862 ns, Cleanup: 45673 ns, At safepoint: 11807 ns, Total: 78342 ns
[2025-08-08T14:09:59.205+0000][7][safepoint   ] Safepoint "Cleanup", Time since last: 3001404399 ns, Reaching safepoint: 14016 ns, Cleanup: 25232 ns, At safepoint: 10111 ns, Total: 49359 ns
[2025-08-08T14:10:01.206+0000][7][safepoint   ] Safepoint "Cleanup", Time since last: 2001514497 ns, Reaching safepoint: 15672 ns, Cleanup: 19123 ns, At safepoint: 10413 ns, Total: 45208 ns
[2025-08-08T14:10:02.207+0000][7][safepoint   ] Safepoint "Cleanup", Time since last: 1000114463 ns, Reaching safepoint: 70008 ns, Cleanup: 19279 ns, At safepoint: 16248 ns, Total: 105535 ns
[2025-08-08T14:10:03.617+0000][7][safepoint   ] Safepoint "Cleanup", Time since last: 1410466807 ns, Reaching safepoint: 37885 ns, Cleanup: 284722 ns, At safepoint: 13451 ns, Total: 336058 ns
[2025-08-08T14:10:05.387+0000][7][safepoint   ] Safepoint "Cleanup", Time since last: 1769177055 ns, Reaching safepoint: 4754 ns, Cleanup: 47564 ns, At safepoint: 5117 ns, Total: 57435 ns
[2025-08-08T14:10:06.423+0000][7][safepoint   ] Safepoint "Cleanup", Time since last: 1035935561 ns, Reaching safepoint: 16911 ns, Cleanup: 89309 ns, At safepoint: 9523 ns, Total: 115743 ns
[2025-08-08T14:10:07.423+0000][7][safepoint   ] Safepoint "Cleanup", Time since last: 1000420930 ns, Reaching safepoint: 54801 ns, Cleanup: 44997 ns, At safepoint: 10042 ns, Total: 109840 ns
[2025-08-08T14:10:09.424+0000][7][safepoint   ] Safepoint "Cleanup", Time since last: 2000804616 ns, Reaching safepoint: 15384 ns, Cleanup: 26178 ns, At safepoint: 7511 ns, Total: 49073 ns
[2025-08-08T14:10:10.425+0000][7][safepoint   ] Safepoint "Cleanup", Time since last: 1000388915 ns, Reaching safepoint: 29479 ns, Cleanup: 35240 ns, At safepoint: 7396 ns, Total: 72115 ns
[2025-08-08T14:10:11.426+0000][7][safepoint   ] Safepoint "Cleanup", Time since last: 1001009513 ns, Reaching safepoint: 14704 ns, Cleanup: 32441 ns, At safepoint: 7215 ns, Total: 54360 ns
[2025-08-08T14:10:12.426+0000][7][safepoint   ] Safepoint "Cleanup", Time since last: 1000349477 ns, Reaching safepoint: 36601 ns, Cleanup: 45060 ns, At safepoint: 6959 ns, Total: 88620 ns
[2025-08-08T14:10:13.426+0000][7][safepoint   ] Safepoint "Cleanup", Time since last: 1000240662 ns, Reaching safepoint: 13091 ns, Cleanup: 17683 ns, At safepoint: 6372 ns, Total: 37146 ns
[2025-08-08T14:10:14.427+0000][7][safepoint   ] Safepoint "Cleanup", Time since last: 1000247690 ns, Reaching safepoint: 14860 ns, Cleanup: 40519 ns, At safepoint: 7745 ns, Total: 63124 ns
[2025-08-08T14:10:15.427+0000][7][safepoint   ] Safepoint "Cleanup", Time since last: 1000733875 ns, Reaching safepoint: 10829 ns, Cleanup: 26538 ns, At safepoint: 6051 ns, Total: 43418 ns
[2025-08-08T14:10:16.576+0000][7][safepoint   ] Safepoint "Cleanup", Time since last: 1148918724 ns, Reaching safepoint: 6281 ns, Cleanup: 62120 ns, At safepoint: 17090 ns, Total: 85491 ns
[2025-08-08T14:10:17.607+0000][7][safepoint   ] Safepoint "Cleanup", Time since last: 1030329475 ns, Reaching safepoint: 16330 ns, Cleanup: 82099 ns, At safepoint: 8941 ns, Total: 107370 ns
[2025-08-08T14:10:18.608+0000][7][safepoint   ] Safepoint "Cleanup", Time since last: 1000924086 ns, Reaching safepoint: 20779 ns, Cleanup: 54887 ns, At safepoint: 8599 ns, Total: 84265 ns
[2025-08-08T14:10:19.608+0000][7][safepoint   ] Safepoint "Cleanup", Time since last: 1000247424 ns, Reaching safepoint: 18384 ns, Cleanup: 69561 ns, At safepoint: 10520 ns, Total: 98465 ns
[2025-08-08T14:10:20.730+0000][7][safepoint   ] Safepoint "ICBufferFull", Time since last: 1121894056 ns, Reaching safepoint: 16071 ns, Cleanup: 142699 ns, At safepoint: 30692 ns, Total: 189462 ns
[2025-08-08T14:10:21.731+0000][7][safepoint   ] Safepoint "Cleanup", Time since last: 1000693038 ns, Reaching safepoint: 17589 ns, Cleanup: 52834 ns, At safepoint: 10121 ns, Total: 80544 ns
[2025-08-08T14:10:22.732+0000][7][safepoint   ] Safepoint "Cleanup", Time since last: 1000369010 ns, Reaching safepoint: 37893 ns, Cleanup: 37629 ns, At safepoint: 7147 ns, Total: 82669 ns
[2025-08-08T14:10:23.732+0000][7][safepoint   ] Safepoint "Cleanup", Time since last: 1000708645 ns, Reaching safepoint: 15215 ns, Cleanup: 110188 ns, At safepoint: 11611 ns, Total: 137014 ns
[2025-08-08T14:10:24.733+0000][7][safepoint   ] Safepoint "Cleanup", Time since last: 1000556222 ns, Reaching safepoint: 25747 ns, Cleanup: 59830 ns, At safepoint: 15414 ns, Total: 100991 ns
[2025-08-08T14:10:25.739+0000][7][safepoint   ] Safepoint "Cleanup", Time since last: 1005545478 ns, Reaching safepoint: 486093 ns, Cleanup: 84721 ns, At safepoint: 60253 ns, Total: 631067 ns
[2025-08-08T14:10:26.741+0000][7][safepoint   ] Safepoint "Cleanup", Time since last: 1001250377 ns, Reaching safepoint: 16002 ns, Cleanup: 71089 ns, At safepoint: 10624 ns, Total: 97715 ns
[2025-08-08T14:10:27.742+0000][7][safepoint   ] Safepoint "Cleanup", Time since last: 1001179214 ns, Reaching safepoint: 48667 ns, Cleanup: 29622 ns, At safepoint: 7211 ns, Total: 85500 ns
[2025-08-08T14:10:28.742+0000][7][safepoint   ] Safepoint "Cleanup", Time since last: 1000500325 ns, Reaching safepoint: 9460 ns, Cleanup: 26440 ns, At safepoint: 3371 ns, Total: 39271 ns
[2025-08-08T14:10:29.743+0000][7][safepoint   ] Safepoint "Cleanup", Time since last: 1000504594 ns, Reaching safepoint: 15967 ns, Cleanup: 38610 ns, At safepoint: 9183 ns, Total: 63760 ns
[2025-08-08T14:10:30.744+0000][7][safepoint   ] Safepoint "Cleanup", Time since last: 1001129874 ns, Reaching safepoint: 13465 ns, Cleanup: 64846 ns, At safepoint: 8036 ns, Total: 86347 ns
[2025-08-08T14:10:31.746+0000][7][safepoint   ] Safepoint "Cleanup", Time since last: 1002013310 ns, Reaching safepoint: 18222 ns, Cleanup: 20997 ns, At safepoint: 7497 ns, Total: 46716 ns
[2025-08-08T14:10:32.747+0000][7][safepoint   ] Safepoint "Cleanup", Time since last: 1000964654 ns, Reaching safepoint: 49864 ns, Cleanup: 18960 ns, At safepoint: 8251 ns, Total: 77075 ns
[2025-08-08T14:10:36.749+0000][7][safepoint   ] Safepoint "Cleanup", Time since last: 4001151848 ns, Reaching safepoint: 19305 ns, Cleanup: 65321 ns, At safepoint: 12172 ns, Total: 96798 ns
[2025-08-08T14:10:37.751+0000][7][safepoint   ] Safepoint "Cleanup", Time since last: 1000934853 ns, Reaching safepoint: 1123375 ns, Cleanup: 93038 ns, At safepoint: 68261 ns, Total: 1284674 ns
[2025-08-08T14:10:38.758+0000][7][safepoint   ] Safepoint "Cleanup", Time since last: 1007179473 ns, Reaching safepoint: 21035 ns, Cleanup: 153772 ns, At safepoint: 13747 ns, Total: 188554 ns
[2025-08-08T14:10:39.759+0000][7][safepoint   ] Safepoint "Cleanup", Time since last: 1000853218 ns, Reaching safepoint: 20785 ns, Cleanup: 94129 ns, At safepoint: 15065 ns, Total: 129979 ns
[2025-08-08T14:10:40.995+0000][7][safepoint   ] Safepoint "Cleanup", Time since last: 1236052730 ns, Reaching safepoint: 118227 ns, Cleanup: 157687 ns, At safepoint: 32715 ns, Total: 308629 ns
[2025-08-08T14:10:42.533+0000][7][safepoint   ] Safepoint "ICBufferFull", Time since last: 1536551766 ns, Reaching safepoint: 245781 ns, Cleanup: 223718 ns, At safepoint: 65962 ns, Total: 535461 ns
[2025-08-08T14:10:43.540+0000][7][safepoint   ] Safepoint "Cleanup", Time since last: 1001408963 ns, Reaching safepoint: 4545129 ns, Cleanup: 277106 ns, At safepoint: 824958 ns, Total: 5647193 ns
[2025-08-08T14:10:44.541+0000][7][safepoint   ] Safepoint "Cleanup", Time since last: 1000564519 ns, Reaching safepoint: 77154 ns, Cleanup: 238188 ns, At safepoint: 46147 ns, Total: 361489 ns
[2025-08-08T14:10:45.542+0000][7][safepoint   ] Safepoint "Cleanup", Time since last: 1000434863 ns, Reaching safepoint: 343813 ns, Cleanup: 322764 ns, At safepoint: 194273 ns, Total: 860850 ns
[2025-08-08T14:10:46.543+0000][7][safepoint   ] Safepoint "Cleanup", Time since last: 1001208936 ns, Reaching safepoint: 18868 ns, Cleanup: 122810 ns, At safepoint: 16296 ns, Total: 157974 ns
[2025-08-08T14:10:47.544+0000][7][safepoint   ] Safepoint "Cleanup", Time since last: 1000786896 ns, Reaching safepoint: 21177 ns, Cleanup: 235942 ns, At safepoint: 23065 ns, Total: 280184 ns
[2025-08-08T14:10:48.185+0000][7][gc,start    ] GC(16) Pause Young (Normal) (G1 Evacuation Pause)
[2025-08-08T14:10:48.185+0000][7][gc,task     ] GC(16) Using 8 workers of 8 for evacuation
[2025-08-08T14:10:48.185+0000][7][gc,age      ] GC(16) Desired survivor size 41943040 bytes, new threshold 15 (max threshold 15)
[2025-08-08T14:10:48.232+0000][7][gc,phases   ] GC(16)   Pre Evacuate Collection Set: 2.01ms
[2025-08-08T14:10:48.232+0000][7][gc,phases   ] GC(16)   Merge Heap Roots: 0.53ms
[2025-08-08T14:10:48.232+0000][7][gc,phases   ] GC(16)   Evacuate Collection Set: 37.81ms
[2025-08-08T14:10:48.232+0000][7][gc,phases   ] GC(16)   Post Evacuate Collection Set: 5.95ms
[2025-08-08T14:10:48.232+0000][7][gc,phases   ] GC(16)   Other: 0.16ms
[2025-08-08T14:10:48.232+0000][7][gc,age      ] GC(16) Age table with threshold 15 (max threshold 15)
[2025-08-08T14:10:48.232+0000][7][gc,age      ] GC(16) - age   1:    4204040 bytes,    4204040 total
[2025-08-08T14:10:48.232+0000][7][gc,age      ] GC(16) - age   2:      56376 bytes,    4260416 total
[2025-08-08T14:10:48.232+0000][7][gc,age      ] GC(16) - age   3:    2294600 bytes,    6555016 total
[2025-08-08T14:10:48.232+0000][7][gc,age      ] GC(16) - age   4:   16230760 bytes,   22785776 total
[2025-08-08T14:10:48.232+0000][7][gc,age      ] GC(16) - age   5:   10291816 bytes,   33077592 total
[2025-08-08T14:10:48.232+0000][7][gc,age      ] GC(16) - age   6:      35472 bytes,   33113064 total
[2025-08-08T14:10:48.232+0000][7][gc,heap     ] GC(16) Eden regions: 145->0(144)
[2025-08-08T14:10:48.232+0000][7][gc,heap     ] GC(16) Survivor regions: 8->9(20)
[2025-08-08T14:10:48.232+0000][7][gc,heap     ] GC(16) Old regions: 12->12
[2025-08-08T14:10:48.232+0000][7][gc,heap     ] GC(16) Humongous regions: 2->2
[2025-08-08T14:10:48.232+0000][7][gc,metaspace] GC(16) Metaspace: 111960K(114880K)->111960K(114880K) NonClass: 96562K(98112K)->96562K(98112K) Class: 15398K(16768K)->15398K(16768K)
[2025-08-08T14:10:48.232+0000][7][gc          ] GC(16) Pause Young (Normal) (G1 Evacuation Pause) 666M->90M(1024M) 46.831ms
[2025-08-08T14:10:48.232+0000][7][gc,cpu      ] GC(16) User=0.10s Sys=0.05s Real=0.05s
[2025-08-08T14:10:48.232+0000][7][safepoint   ] Safepoint "G1CollectForAllocation", Time since last: 635064435 ns, Reaching safepoint: 5548274 ns, Cleanup: 140292 ns, At safepoint: 47106485 ns, Total: 52795051 ns
[2025-08-08T14:10:49.236+0000][7][safepoint   ] Safepoint "Cleanup", Time since last: 1002137485 ns, Reaching safepoint: 1139830 ns, Cleanup: 126952 ns, At safepoint: 272965 ns, Total: 1539747 ns
[2025-08-08T14:10:50.209+0000][7][safepoint   ] Safepoint "ICBufferFull", Time since last: 972581234 ns, Reaching safepoint: 15464 ns, Cleanup: 150193 ns, At safepoint: 11469 ns, Total: 177126 ns
[2025-08-08T14:10:51.212+0000][7][safepoint   ] Safepoint "Cleanup", Time since last: 1002874886 ns, Reaching safepoint: 70211 ns, Cleanup: 96581 ns, At safepoint: 39697 ns, Total: 206489 ns
[2025-08-08T14:10:52.214+0000][7][safepoint   ] Safepoint "Cleanup", Time since last: 1001730757 ns, Reaching safepoint: 18713 ns, Cleanup: 83174 ns, At safepoint: 147153 ns, Total: 249040 ns
[2025-08-08T14:10:53.218+0000][7][safepoint   ] Safepoint "Cleanup", Time since last: 1004248163 ns, Reaching safepoint: 485562 ns, Cleanup: 102117 ns, At safepoint: 27930 ns, Total: 615609 ns
[2025-08-08T14:10:54.219+0000][7][safepoint   ] Safepoint "Cleanup", Time since last: 1000554462 ns, Reaching safepoint: 163524 ns, Cleanup: 84608 ns, At safepoint: 46000 ns, Total: 294132 ns
[2025-08-08T14:10:55.226+0000][7][safepoint   ] Safepoint "Cleanup", Time since last: 1005967659 ns, Reaching safepoint: 232723 ns, Cleanup: 99638 ns, At safepoint: 72215 ns, Total: 404576 ns
[2025-08-08T14:10:56.226+0000][7][safepoint   ] Safepoint "Cleanup", Time since last: 1000501150 ns, Reaching safepoint: 21813 ns, Cleanup: 111471 ns, At safepoint: 17981 ns, Total: 151265 ns
[2025-08-08T14:10:57.231+0000][7][safepoint   ] Safepoint "Cleanup", Time since last: 1004177168 ns, Reaching safepoint: 75059 ns, Cleanup: 208312 ns, At safepoint: 121182 ns, Total: 404553 ns
[2025-08-08T14:10:58.232+0000][7][safepoint   ] Safepoint "Cleanup", Time since last: 1001330163 ns, Reaching safepoint: 17017 ns, Cleanup: 45720 ns, At safepoint: 74313 ns, Total: 137050 ns
[2025-08-08T14:10:58.519+0000][7][gc,start    ] GC(17) Pause Young (Concurrent Start) (CodeCache GC Threshold)
[2025-08-08T14:10:58.520+0000][7][gc,task     ] GC(17) Using 8 workers of 8 for evacuation
[2025-08-08T14:10:58.520+0000][7][gc,age      ] GC(17) Desired survivor size 41943040 bytes, new threshold 15 (max threshold 15)
[2025-08-08T14:10:58.582+0000][7][gc,phases   ] GC(17)   Pre Evacuate Collection Set: 0.54ms
[2025-08-08T14:10:58.582+0000][7][gc,phases   ] GC(17)   Merge Heap Roots: 0.17ms
[2025-08-08T14:10:58.582+0000][7][gc,phases   ] GC(17)   Evacuate Collection Set: 48.11ms
[2025-08-08T14:10:58.582+0000][7][gc,phases   ] GC(17)   Post Evacuate Collection Set: 12.87ms
[2025-08-08T14:10:58.582+0000][7][gc,phases   ] GC(17)   Other: 0.35ms
[2025-08-08T14:10:58.582+0000][7][gc,age      ] GC(17) Age table with threshold 15 (max threshold 15)
[2025-08-08T14:10:58.582+0000][7][gc,age      ] GC(17) - age   1:    2840088 bytes,    2840088 total
[2025-08-08T14:10:58.582+0000][7][gc,age      ] GC(17) - age   2:    3085904 bytes,    5925992 total
[2025-08-08T14:10:58.582+0000][7][gc,age      ] GC(17) - age   3:      56112 bytes,    5982104 total
[2025-08-08T14:10:58.582+0000][7][gc,age      ] GC(17) - age   4:    2294488 bytes,    8276592 total
[2025-08-08T14:10:58.582+0000][7][gc,age      ] GC(17) - age   5:   16230680 bytes,   24507272 total
[2025-08-08T14:10:58.582+0000][7][gc,age      ] GC(17) - age   6:   10291816 bytes,   34799088 total
[2025-08-08T14:10:58.582+0000][7][gc,age      ] GC(17) - age   7:      35472 bytes,   34834560 total
[2025-08-08T14:10:58.582+0000][7][gc,heap     ] GC(17) Eden regions: 102->0(143)
[2025-08-08T14:10:58.582+0000][7][gc,heap     ] GC(17) Survivor regions: 9->10(20)
[2025-08-08T14:10:58.582+0000][7][gc,heap     ] GC(17) Old regions: 12->12
[2025-08-08T14:10:58.582+0000][7][gc,heap     ] GC(17) Humongous regions: 2->2
[2025-08-08T14:10:58.582+0000][7][gc,metaspace] GC(17) Metaspace: 112322K(115200K)->112322K(115200K) NonClass: 96909K(98432K)->96909K(98432K) Class: 15412K(16768K)->15412K(16768K)
[2025-08-08T14:10:58.582+0000][7][gc          ] GC(17) Pause Young (Concurrent Start) (CodeCache GC Threshold) 495M->91M(1024M) 62.373ms
[2025-08-08T14:10:58.582+0000][7][gc,cpu      ] GC(17) User=0.16s Sys=0.02s Real=0.06s
[2025-08-08T14:10:58.582+0000][7][safepoint   ] Safepoint "G1TryInitiateConcMark", Time since last: 286219507 ns, Reaching safepoint: 713861 ns, Cleanup: 91527 ns, At safepoint: 62654573 ns, Total: 63459961 ns
[2025-08-08T14:10:58.585+0000][7][gc          ] GC(18) Concurrent Mark Cycle
[2025-08-08T14:10:58.585+0000][7][gc,marking  ] GC(18) Concurrent Scan Root Regions
[2025-08-08T14:10:58.626+0000][7][gc,marking  ] GC(18) Concurrent Scan Root Regions 41.049ms
[2025-08-08T14:10:58.626+0000][7][gc,marking  ] GC(18) Concurrent Mark
[2025-08-08T14:10:58.626+0000][7][gc,marking  ] GC(18) Concurrent Mark From Roots
[2025-08-08T14:10:58.626+0000][7][gc,task     ] GC(18) Using 2 workers of 2 for marking
[2025-08-08T14:10:58.722+0000][7][gc,marking  ] GC(18) Concurrent Mark From Roots 95.480ms
[2025-08-08T14:10:58.722+0000][7][gc,marking  ] GC(18) Concurrent Preclean
[2025-08-08T14:10:58.722+0000][7][gc,marking  ] GC(18) Concurrent Preclean 0.244ms
[2025-08-08T14:10:58.725+0000][7][gc,start    ] GC(18) Pause Remark
[2025-08-08T14:10:58.745+0000][7][gc          ] GC(18) Pause Remark 112M->112M(1024M) 19.804ms
[2025-08-08T14:10:58.745+0000][7][gc,cpu      ] GC(18) User=0.05s Sys=0.01s Real=0.02s
[2025-08-08T14:10:58.745+0000][7][safepoint   ] Safepoint "G1PauseRemark", Time since last: 140248981 ns, Reaching safepoint: 2682895 ns, Cleanup: 89104 ns, At safepoint: 20110205 ns, Total: 22882204 ns
[2025-08-08T14:10:58.745+0000][7][gc,marking  ] GC(18) Concurrent Mark 118.848ms
[2025-08-08T14:10:58.745+0000][7][gc,marking  ] GC(18) Concurrent Rebuild Remembered Sets and Scrub Regions
[2025-08-08T14:10:58.794+0000][7][gc,marking  ] GC(18) Concurrent Rebuild Remembered Sets and Scrub Regions 49.150ms
[2025-08-08T14:10:58.796+0000][7][gc,start    ] GC(18) Pause Cleanup
[2025-08-08T14:10:58.796+0000][7][gc          ] GC(18) Pause Cleanup 115M->115M(1024M) 0.203ms
[2025-08-08T14:10:58.796+0000][7][gc,cpu      ] GC(18) User=0.00s Sys=0.00s Real=0.00s
[2025-08-08T14:10:58.796+0000][7][safepoint   ] Safepoint "G1PauseCleanup", Time since last: 49358140 ns, Reaching safepoint: 878999 ns, Cleanup: 92237 ns, At safepoint: 349704 ns, Total: 1320940 ns
[2025-08-08T14:10:58.796+0000][7][gc,marking  ] GC(18) Concurrent Clear Claimed Marks
[2025-08-08T14:10:58.796+0000][7][gc,marking  ] GC(18) Concurrent Clear Claimed Marks 0.459ms
[2025-08-08T14:10:58.796+0000][7][gc,marking  ] GC(18) Concurrent Cleanup for Next Mark
[2025-08-08T14:10:58.804+0000][7][gc,marking  ] GC(18) Concurrent Cleanup for Next Mark 7.670ms
[2025-08-08T14:10:58.804+0000][7][gc          ] GC(18) Concurrent Mark Cycle 218.995ms
[2025-08-08T14:10:59.797+0000][7][safepoint   ] Safepoint "Cleanup", Time since last: 1001017701 ns, Reaching safepoint: 21112 ns, Cleanup: 126661 ns, At safepoint: 53392 ns, Total: 201165 ns
[2025-08-08T14:11:00.802+0000][7][safepoint   ] Safepoint "Cleanup", Time since last: 1000421220 ns, Reaching safepoint: 4600538 ns, Cleanup: 47093 ns, At safepoint: 94489 ns, Total: 4742120 ns
[2025-08-08T14:11:01.804+0000][7][safepoint   ] Safepoint "Cleanup", Time since last: 1000267521 ns, Reaching safepoint: 1830969 ns, Cleanup: 53971 ns, At safepoint: 61972 ns, Total: 1946912 ns
[2025-08-08T14:11:02.805+0000][7][safepoint   ] Safepoint "Cleanup", Time since last: 1000335959 ns, Reaching safepoint: 284247 ns, Cleanup: 61096 ns, At safepoint: 60137 ns, Total: 405480 ns
[2025-08-08T14:11:03.806+0000][7][safepoint   ] Safepoint "Cleanup", Time since last: 1001023553 ns, Reaching safepoint: 22315 ns, Cleanup: 72238 ns, At safepoint: 14201 ns, Total: 108754 ns
[2025-08-08T14:11:04.816+0000][7][safepoint   ] Safepoint "Cleanup", Time since last: 1002804563 ns, Reaching safepoint: 6198585 ns, Cleanup: 62946 ns, At safepoint: 90242 ns, Total: 6351773 ns
[2025-08-08T14:11:05.816+0000][7][safepoint   ] Safepoint "Cleanup", Time since last: 1000380859 ns, Reaching safepoint: 18735 ns, Cleanup: 125492 ns, At safepoint: 16433 ns, Total: 160660 ns
[2025-08-08T14:11:06.817+0000][7][safepoint   ] Safepoint "Cleanup", Time since last: 1000863542 ns, Reaching safepoint: 20435 ns, Cleanup: 48083 ns, At safepoint: 11956 ns, Total: 80474 ns
[2025-08-08T14:11:07.818+0000][7][safepoint   ] Safepoint "Cleanup", Time since last: 1000811706 ns, Reaching safepoint: 444109 ns, Cleanup: 99106 ns, At safepoint: 79079 ns, Total: 622294 ns
[2025-08-08T14:11:08.627+0000][7][gc,start    ] GC(19) Pause Young (Prepare Mixed) (G1 Evacuation Pause)
[2025-08-08T14:11:08.627+0000][7][gc,task     ] GC(19) Using 8 workers of 8 for evacuation
[2025-08-08T14:11:08.627+0000][7][gc,age      ] GC(19) Desired survivor size 41943040 bytes, new threshold 15 (max threshold 15)
[2025-08-08T14:11:08.665+0000][7][gc,phases   ] GC(19)   Pre Evacuate Collection Set: 0.43ms
[2025-08-08T14:11:08.665+0000][7][gc,phases   ] GC(19)   Merge Heap Roots: 0.28ms
[2025-08-08T14:11:08.665+0000][7][gc,phases   ] GC(19)   Evacuate Collection Set: 31.45ms
[2025-08-08T14:11:08.665+0000][7][gc,phases   ] GC(19)   Post Evacuate Collection Set: 5.27ms
[2025-08-08T14:11:08.665+0000][7][gc,phases   ] GC(19)   Other: 0.13ms
[2025-08-08T14:11:08.665+0000][7][gc,age      ] GC(19) Age table with threshold 15 (max threshold 15)
[2025-08-08T14:11:08.665+0000][7][gc,age      ] GC(19) - age   1:    2112704 bytes,    2112704 total
[2025-08-08T14:11:08.665+0000][7][gc,age      ] GC(19) - age   2:     381856 bytes,    2494560 total
[2025-08-08T14:11:08.665+0000][7][gc,age      ] GC(19) - age   3:    2137992 bytes,    4632552 total
[2025-08-08T14:11:08.665+0000][7][gc,age      ] GC(19) - age   4:      56112 bytes,    4688664 total
[2025-08-08T14:11:08.665+0000][7][gc,age      ] GC(19) - age   5:    2294408 bytes,    6983072 total
[2025-08-08T14:11:08.665+0000][7][gc,age      ] GC(19) - age   6:   16220544 bytes,   23203616 total
[2025-08-08T14:11:08.665+0000][7][gc,age      ] GC(19) - age   7:   10266248 bytes,   33469864 total
[2025-08-08T14:11:08.665+0000][7][gc,age      ] GC(19) - age   8:      35472 bytes,   33505336 total
[2025-08-08T14:11:08.665+0000][7][gc,heap     ] GC(19) Eden regions: 143->0(144)
[2025-08-08T14:11:08.665+0000][7][gc,heap     ] GC(19) Survivor regions: 10->9(20)
[2025-08-08T14:11:08.665+0000][7][gc,heap     ] GC(19) Old regions: 12->12
[2025-08-08T14:11:08.665+0000][7][gc,heap     ] GC(19) Humongous regions: 2->2
[2025-08-08T14:11:08.665+0000][7][gc,metaspace] GC(19) Metaspace: 112516K(115392K)->112516K(115392K) NonClass: 97100K(98624K)->97100K(98624K) Class: 15415K(16768K)->15415K(16768K)
[2025-08-08T14:11:08.665+0000][7][gc          ] GC(19) Pause Young (Prepare Mixed) (G1 Evacuation Pause) 663M->89M(1024M) 37.878ms
[2025-08-08T14:11:08.665+0000][7][gc,cpu      ] GC(19) User=0.13s Sys=0.02s Real=0.03s
[2025-08-08T14:11:08.665+0000][7][safepoint   ] Safepoint "G1CollectForAllocation", Time since last: 808456985 ns, Reaching safepoint: 171409 ns, Cleanup: 27255 ns, At safepoint: 38123813 ns, Total: 38322477 ns
[2025-08-08T14:11:09.666+0000][7][safepoint   ] Safepoint "Cleanup", Time since last: 1000841166 ns, Reaching safepoint: 19359 ns, Cleanup: 47872 ns, At safepoint: 13317 ns, Total: 80548 ns
[2025-08-08T14:11:10.668+0000][7][safepoint   ] Safepoint "Cleanup", Time since last: 1002073860 ns, Reaching safepoint: 24181 ns, Cleanup: 39532 ns, At safepoint: 14139 ns, Total: 77852 ns
[2025-08-08T14:11:11.669+0000][7][safepoint   ] Safepoint "Cleanup", Time since last: 1000244350 ns, Reaching safepoint: 21183 ns, Cleanup: 46901 ns, At safepoint: 14308 ns, Total: 82392 ns
[2025-08-08T14:11:12.673+0000][7][safepoint   ] Safepoint "Cleanup", Time since last: 1003747859 ns, Reaching safepoint: 919853 ns, Cleanup: 43142 ns, At safepoint: 103904 ns, Total: 1066899 ns
[2025-08-08T14:11:13.540+0000][7][safepoint   ] Safepoint "ICBufferFull", Time since last: 864463554 ns, Reaching safepoint: 2157224 ns, Cleanup: 173117 ns, At safepoint: 69238 ns, Total: 2399579 ns
[2025-08-08T14:11:14.094+0000][7][safepoint   ] Safepoint "ICBufferFull", Time since last: 552862387 ns, Reaching safepoint: 381358 ns, Cleanup: 274174 ns, At safepoint: 71518 ns, Total: 727050 ns
[2025-08-08T14:11:15.098+0000][7][safepoint   ] Safepoint "Cleanup", Time since last: 1000950619 ns, Reaching safepoint: 2867720 ns, Cleanup: 146794 ns, At safepoint: 95513 ns, Total: 3110027 ns
[2025-08-08T14:11:16.099+0000][7][safepoint   ] Safepoint "Cleanup", Time since last: 1000521048 ns, Reaching safepoint: 23847 ns, Cleanup: 70428 ns, At safepoint: 13800 ns, Total: 108075 ns
[2025-08-08T14:11:17.100+0000][7][safepoint   ] Safepoint "Cleanup", Time since last: 1001628213 ns, Reaching safepoint: 20095 ns, Cleanup: 76819 ns, At safepoint: 17882 ns, Total: 114796 ns
[2025-08-08T14:11:18.101+0000][7][safepoint   ] Safepoint "Cleanup", Time since last: 1000354913 ns, Reaching safepoint: 46353 ns, Cleanup: 77526 ns, At safepoint: 23683 ns, Total: 147562 ns
[2025-08-08T14:11:19.103+0000][7][safepoint   ] Safepoint "Cleanup", Time since last: 1001950722 ns, Reaching safepoint: 26327 ns, Cleanup: 57878 ns, At safepoint: 15807 ns, Total: 100012 ns
[2025-08-08T14:11:20.105+0000][7][safepoint   ] Safepoint "Cleanup", Time since last: 1001155520 ns, Reaching safepoint: 20509 ns, Cleanup: 121213 ns, At safepoint: 545055 ns, Total: 686777 ns
[2025-08-08T14:11:21.017+0000][7][gc,start    ] GC(20) Pause Young (Mixed) (G1 Evacuation Pause)
[2025-08-08T14:11:21.017+0000][7][gc,task     ] GC(20) Using 8 workers of 8 for evacuation
[2025-08-08T14:11:21.017+0000][7][gc,age      ] GC(20) Desired survivor size 41943040 bytes, new threshold 15 (max threshold 15)
[2025-08-08T14:11:21.135+0000][7][gc,phases   ] GC(20)   Pre Evacuate Collection Set: 10.73ms
[2025-08-08T14:11:21.135+0000][7][gc,phases   ] GC(20)   Merge Heap Roots: 2.93ms
[2025-08-08T14:11:21.135+0000][7][gc,phases   ] GC(20)   Evacuate Collection Set: 84.44ms
[2025-08-08T14:11:21.135+0000][7][gc,phases   ] GC(20)   Post Evacuate Collection Set: 19.82ms
[2025-08-08T14:11:21.135+0000][7][gc,phases   ] GC(20)   Other: 0.18ms
[2025-08-08T14:11:21.136+0000][7][gc,age      ] GC(20) Age table with threshold 15 (max threshold 15)
[2025-08-08T14:11:21.136+0000][7][gc,age      ] GC(20) - age   1:    5016632 bytes,    5016632 total
[2025-08-08T14:11:21.136+0000][7][gc,age      ] GC(20) - age   2:    1137472 bytes,    6154104 total
[2025-08-08T14:11:21.136+0000][7][gc,age      ] GC(20) - age   3:     373960 bytes,    6528064 total
[2025-08-08T14:11:21.136+0000][7][gc,age      ] GC(20) - age   4:    2136456 bytes,    8664520 total
[2025-08-08T14:11:21.136+0000][7][gc,age      ] GC(20) - age   5:      56112 bytes,    8720632 total
[2025-08-08T14:11:21.136+0000][7][gc,age      ] GC(20) - age   6:    2294408 bytes,   11015040 total
[2025-08-08T14:11:21.136+0000][7][gc,age      ] GC(20) - age   7:   16220344 bytes,   27235384 total
[2025-08-08T14:11:21.136+0000][7][gc,age      ] GC(20) - age   8:   10266160 bytes,   37501544 total
[2025-08-08T14:11:21.136+0000][7][gc,age      ] GC(20) - age   9:      35472 bytes,   37537016 total
[2025-08-08T14:11:21.136+0000][7][gc,heap     ] GC(20) Eden regions: 144->0(143)
[2025-08-08T14:11:21.136+0000][7][gc,heap     ] GC(20) Survivor regions: 9->10(20)
[2025-08-08T14:11:21.136+0000][7][gc,heap     ] GC(20) Old regions: 12->12
[2025-08-08T14:11:21.136+0000][7][gc,heap     ] GC(20) Humongous regions: 2->2
[2025-08-08T14:11:21.136+0000][7][gc,metaspace] GC(20) Metaspace: 112759K(115648K)->112759K(115648K) NonClass: 97339K(98880K)->97339K(98880K) Class: 15419K(16768K)->15419K(16768K)
[2025-08-08T14:11:21.136+0000][7][gc          ] GC(20) Pause Young (Mixed) (G1 Evacuation Pause) 665M->93M(1024M) 118.534ms
[2025-08-08T14:11:21.136+0000][7][gc,cpu      ] GC(20) User=0.16s Sys=0.09s Real=0.12s
[2025-08-08T14:11:21.137+0000][7][safepoint   ] Safepoint "G1CollectForAllocation", Time since last: 911439560 ns, Reaching safepoint: 18557 ns, Cleanup: 791733 ns, At safepoint: 120398672 ns, Total: 121208962 ns
[2025-08-08T14:11:22.140+0000][7][safepoint   ] Safepoint "Cleanup", Time since last: 1000346074 ns, Reaching safepoint: 1979493 ns, Cleanup: 88752 ns, At safepoint: 105791 ns, Total: 2174036 ns
[2025-08-08T14:11:23.140+0000][7][safepoint   ] Safepoint "Cleanup", Time since last: 1000273378 ns, Reaching safepoint: 21750 ns, Cleanup: 68179 ns, At safepoint: 40659 ns, Total: 130588 ns
[2025-08-08T14:11:24.142+0000][7][safepoint   ] Safepoint "Cleanup", Time since last: 1000477269 ns, Reaching safepoint: 443931 ns, Cleanup: 119705 ns, At safepoint: 190659 ns, Total: 754295 ns
[2025-08-08T14:11:25.144+0000][7][safepoint   ] Safepoint "Cleanup", Time since last: 1001804806 ns, Reaching safepoint: 19059 ns, Cleanup: 50914 ns, At safepoint: 300372 ns, Total: 370345 ns
[2025-08-08T14:11:26.144+0000][7][safepoint   ] Safepoint "Cleanup", Time since last: 1000511697 ns, Reaching safepoint: 20535 ns, Cleanup: 29907 ns, At safepoint: 11532 ns, Total: 61974 ns
[2025-08-08T14:11:27.147+0000][7][safepoint   ] Safepoint "Cleanup", Time since last: 1000344202 ns, Reaching safepoint: 1905783 ns, Cleanup: 23507 ns, At safepoint: 121643 ns, Total: 2050933 ns
[2025-08-08T14:11:28.147+0000][7][safepoint   ] Safepoint "Cleanup", Time since last: 1000610402 ns, Reaching safepoint: 104776 ns, Cleanup: 17542 ns, At safepoint: 33137 ns, Total: 155455 ns
[2025-08-08T14:11:29.149+0000][7][safepoint   ] Safepoint "Cleanup", Time since last: 1001168101 ns, Reaching safepoint: 20014 ns, Cleanup: 71977 ns, At safepoint: 12726 ns, Total: 104717 ns
[2025-08-08T14:11:30.151+0000][7][safepoint   ] Safepoint "Cleanup", Time since last: 1001538253 ns, Reaching safepoint: 463094 ns, Cleanup: 50283 ns, At safepoint: 65014 ns, Total: 578391 ns
[2025-08-08T14:11:31.152+0000][7][safepoint   ] Safepoint "Cleanup", Time since last: 1000919640 ns, Reaching safepoint: 20838 ns, Cleanup: 75027 ns, At safepoint: 12445 ns, Total: 108310 ns
[2025-08-08T14:11:32.153+0000][7][safepoint   ] Safepoint "Cleanup", Time since last: 1000966164 ns, Reaching safepoint: 19146 ns, Cleanup: 23814 ns, At safepoint: 10778 ns, Total: 53738 ns
[2025-08-08T14:11:33.153+0000][7][safepoint   ] Safepoint "Cleanup", Time since last: 1000454881 ns, Reaching safepoint: 16720 ns, Cleanup: 20064 ns, At safepoint: 10302 ns, Total: 47086 ns
[2025-08-08T14:11:33.368+0000][7][gc,start    ] GC(21) Pause Young (Normal) (G1 Evacuation Pause)
[2025-08-08T14:11:33.368+0000][7][gc,task     ] GC(21) Using 8 workers of 8 for evacuation
[2025-08-08T14:11:33.368+0000][7][gc,age      ] GC(21) Desired survivor size 41943040 bytes, new threshold 15 (max threshold 15)
[2025-08-08T14:11:33.402+0000][7][gc,phases   ] GC(21)   Pre Evacuate Collection Set: 0.71ms
[2025-08-08T14:11:33.402+0000][7][gc,phases   ] GC(21)   Merge Heap Roots: 0.21ms
[2025-08-08T14:11:33.402+0000][7][gc,phases   ] GC(21)   Evacuate Collection Set: 25.76ms
[2025-08-08T14:11:33.402+0000][7][gc,phases   ] GC(21)   Post Evacuate Collection Set: 6.97ms
[2025-08-08T14:11:33.402+0000][7][gc,phases   ] GC(21)   Other: 0.12ms
[2025-08-08T14:11:33.402+0000][7][gc,age      ] GC(21) Age table with threshold 15 (max threshold 15)
[2025-08-08T14:11:33.402+0000][7][gc,age      ] GC(21) - age   1:    3079376 bytes,    3079376 total
[2025-08-08T14:11:33.402+0000][7][gc,age      ] GC(21) - age   2:    2449112 bytes,    5528488 total
[2025-08-08T14:11:33.402+0000][7][gc,age      ] GC(21) - age   3:    1116184 bytes,    6644672 total
[2025-08-08T14:11:33.402+0000][7][gc,age      ] GC(21) - age   4:     367448 bytes,    7012120 total
[2025-08-08T14:11:33.402+0000][7][gc,age      ] GC(21) - age   5:    2134016 bytes,    9146136 total
[2025-08-08T14:11:33.402+0000][7][gc,age      ] GC(21) - age   6:      56112 bytes,    9202248 total
[2025-08-08T14:11:33.402+0000][7][gc,age      ] GC(21) - age   7:    2294408 bytes,   11496656 total
[2025-08-08T14:11:33.402+0000][7][gc,age      ] GC(21) - age   8:   16220224 bytes,   27716880 total
[2025-08-08T14:11:33.402+0000][7][gc,age      ] GC(21) - age   9:   10266160 bytes,   37983040 total
[2025-08-08T14:11:33.402+0000][7][gc,age      ] GC(21) - age  10:      35472 bytes,   38018512 total
[2025-08-08T14:11:33.402+0000][7][gc,heap     ] GC(21) Eden regions: 143->0(143)
[2025-08-08T14:11:33.402+0000][7][gc,heap     ] GC(21) Survivor regions: 10->10(20)
[2025-08-08T14:11:33.402+0000][7][gc,heap     ] GC(21) Old regions: 12->12
[2025-08-08T14:11:33.402+0000][7][gc,heap     ] GC(21) Humongous regions: 2->2
[2025-08-08T14:11:33.402+0000][7][gc,metaspace] GC(21) Metaspace: 112908K(115840K)->112908K(115840K) NonClass: 97485K(99072K)->97485K(99072K) Class: 15422K(16768K)->15422K(16768K)
[2025-08-08T14:11:33.402+0000][7][gc          ] GC(21) Pause Young (Normal) (G1 Evacuation Pause) 665M->93M(1024M) 34.135ms
[2025-08-08T14:11:33.402+0000][7][gc,cpu      ] GC(21) User=0.09s Sys=0.03s Real=0.03s
[2025-08-08T14:11:33.403+0000][7][safepoint   ] Safepoint "G1CollectForAllocation", Time since last: 214833082 ns, Reaching safepoint: 15634 ns, Cleanup: 5458 ns, At safepoint: 34303985 ns, Total: 34325077 ns
[2025-08-08T14:11:34.405+0000][7][safepoint   ] Safepoint "Cleanup", Time since last: 1002546734 ns, Reaching safepoint: 18252 ns, Cleanup: 23347 ns, At safepoint: 9816 ns, Total: 51415 ns
[2025-08-08T14:11:35.406+0000][7][safepoint   ] Safepoint "Cleanup", Time since last: 1000965469 ns, Reaching safepoint: 14045 ns, Cleanup: 33967 ns, At safepoint: 38966 ns, Total: 86978 ns
[2025-08-08T14:11:36.406+0000][7][safepoint   ] Safepoint "Cleanup", Time since last: 1000136613 ns, Reaching safepoint: 17497 ns, Cleanup: 81626 ns, At safepoint: 9396 ns, Total: 108519 ns
[2025-08-08T14:11:37.411+0000][7][safepoint   ] Safepoint "Cleanup", Time since last: 1004486291 ns, Reaching safepoint: 244940 ns, Cleanup: 32258 ns, At safepoint: 21897 ns, Total: 299095 ns
[2025-08-08T14:11:38.412+0000][7][safepoint   ] Safepoint "Cleanup", Time since last: 1000318841 ns, Reaching safepoint: 13837 ns, Cleanup: 50470 ns, At safepoint: 10851 ns, Total: 75158 ns
[2025-08-08T14:11:39.415+0000][7][safepoint   ] Safepoint "Cleanup", Time since last: 1003411059 ns, Reaching safepoint: 18346 ns, Cleanup: 21874 ns, At safepoint: 9771 ns, Total: 49991 ns
[2025-08-08T14:11:40.416+0000][7][safepoint   ] Safepoint "Cleanup", Time since last: 1000343735 ns, Reaching safepoint: 588676 ns, Cleanup: 19180 ns, At safepoint: 67227 ns, Total: 675083 ns
[2025-08-08T14:11:41.417+0000][7][safepoint   ] Safepoint "Cleanup", Time since last: 1001271017 ns, Reaching safepoint: 17670 ns, Cleanup: 13526 ns, At safepoint: 9768 ns, Total: 40964 ns
[2025-08-08T14:11:42.967+0000][7][safepoint   ] Safepoint "Cleanup", Time since last: 1546680646 ns, Reaching safepoint: 2453384 ns, Cleanup: 34969 ns, At safepoint: 52907 ns, Total: 2541260 ns
[2025-08-08T14:11:43.967+0000][7][safepoint   ] Safepoint "Cleanup", Time since last: 1000169515 ns, Reaching safepoint: 16096 ns, Cleanup: 20881 ns, At safepoint: 11041 ns, Total: 48018 ns
[2025-08-08T14:11:44.893+0000][7][gc,start    ] GC(22) Pause Young (Normal) (G1 Evacuation Pause)
[2025-08-08T14:11:44.893+0000][7][gc,task     ] GC(22) Using 8 workers of 8 for evacuation
[2025-08-08T14:11:44.893+0000][7][gc,age      ] GC(22) Desired survivor size 41943040 bytes, new threshold 15 (max threshold 15)
[2025-08-08T14:11:44.922+0000][7][gc,phases   ] GC(22)   Pre Evacuate Collection Set: 0.31ms
[2025-08-08T14:11:44.922+0000][7][gc,phases   ] GC(22)   Merge Heap Roots: 0.23ms
[2025-08-08T14:11:44.922+0000][7][gc,phases   ] GC(22)   Evacuate Collection Set: 22.28ms
[2025-08-08T14:11:44.922+0000][7][gc,phases   ] GC(22)   Post Evacuate Collection Set: 5.79ms
[2025-08-08T14:11:44.922+0000][7][gc,phases   ] GC(22)   Other: 0.12ms
[2025-08-08T14:11:44.922+0000][7][gc,age      ] GC(22) Age table with threshold 15 (max threshold 15)
[2025-08-08T14:11:44.922+0000][7][gc,age      ] GC(22) - age   1:    3036432 bytes,    3036432 total
[2025-08-08T14:11:44.922+0000][7][gc,age      ] GC(22) - age   2:    1563232 bytes,    4599664 total
[2025-08-08T14:11:44.922+0000][7][gc,age      ] GC(22) - age   3:    2290648 bytes,    6890312 total
[2025-08-08T14:11:44.922+0000][7][gc,age      ] GC(22) - age   4:    1108808 bytes,    7999120 total
[2025-08-08T14:11:44.922+0000][7][gc,age      ] GC(22) - age   5:     367368 bytes,    8366488 total
[2025-08-08T14:11:44.922+0000][7][gc,age      ] GC(22) - age   6:    2132976 bytes,   10499464 total
[2025-08-08T14:11:44.922+0000][7][gc,age      ] GC(22) - age   7:      56112 bytes,   10555576 total
[2025-08-08T14:11:44.922+0000][7][gc,age      ] GC(22) - age   8:    2294408 bytes,   12849984 total
[2025-08-08T14:11:44.922+0000][7][gc,age      ] GC(22) - age   9:   16220224 bytes,   29070208 total
[2025-08-08T14:11:44.922+0000][7][gc,age      ] GC(22) - age  10:   10266160 bytes,   39336368 total
[2025-08-08T14:11:44.922+0000][7][gc,age      ] GC(22) - age  11:      35472 bytes,   39371840 total
[2025-08-08T14:11:44.922+0000][7][gc,heap     ] GC(22) Eden regions: 143->0(143)
[2025-08-08T14:11:44.922+0000][7][gc,heap     ] GC(22) Survivor regions: 10->10(20)
[2025-08-08T14:11:44.922+0000][7][gc,heap     ] GC(22) Old regions: 12->12
[2025-08-08T14:11:44.922+0000][7][gc,heap     ] GC(22) Humongous regions: 2->2
[2025-08-08T14:11:44.922+0000][7][gc,metaspace] GC(22) Metaspace: 112980K(115904K)->112980K(115904K) NonClass: 97554K(99136K)->97554K(99136K) Class: 15425K(16768K)->15425K(16768K)
[2025-08-08T14:11:44.922+0000][7][gc          ] GC(22) Pause Young (Normal) (G1 Evacuation Pause) 665M->93M(1024M) 29.035ms
[2025-08-08T14:11:44.922+0000][7][gc,cpu      ] GC(22) User=0.07s Sys=0.04s Real=0.03s
[2025-08-08T14:11:44.923+0000][7][safepoint   ] Safepoint "G1CollectForAllocation", Time since last: 926498800 ns, Reaching safepoint: 15601 ns, Cleanup: 18317 ns, At safepoint: 29183515 ns, Total: 29217433 ns
[2025-08-08T14:11:45.924+0000][7][safepoint   ] Safepoint "Cleanup", Time since last: 1001073857 ns, Reaching safepoint: 18039 ns, Cleanup: 100029 ns, At safepoint: 11661 ns, Total: 129729 ns
[2025-08-08T14:11:46.924+0000][7][safepoint   ] Safepoint "Cleanup", Time since last: 1000284993 ns, Reaching safepoint: 20348 ns, Cleanup: 41772 ns, At safepoint: 25466 ns, Total: 87586 ns
[2025-08-08T14:11:47.924+0000][7][safepoint   ] Safepoint "Cleanup", Time since last: 1000200295 ns, Reaching safepoint: 30869 ns, Cleanup: 39631 ns, At safepoint: 9350 ns, Total: 79850 ns
[2025-08-08T14:11:50.926+0000][7][safepoint   ] Safepoint "Cleanup", Time since last: 3001109597 ns, Reaching safepoint: 18261 ns, Cleanup: 32391 ns, At safepoint: 10439 ns, Total: 61091 ns
[2025-08-08T14:11:51.927+0000][7][safepoint   ] Safepoint "Cleanup", Time since last: 1001632213 ns, Reaching safepoint: 17290 ns, Cleanup: 28426 ns, At safepoint: 9003 ns, Total: 54719 ns
[2025-08-08T14:11:52.928+0000][7][safepoint   ] Safepoint "Cleanup", Time since last: 1000814643 ns, Reaching safepoint: 14110 ns, Cleanup: 24278 ns, At safepoint: 7792 ns, Total: 46180 ns
[2025-08-08T14:11:53.929+0000][7][safepoint   ] Safepoint "Cleanup", Time since last: 1000427842 ns, Reaching safepoint: 14816 ns, Cleanup: 59518 ns, At safepoint: 8489 ns, Total: 82823 ns
[2025-08-08T14:11:54.929+0000][7][safepoint   ] Safepoint "Cleanup", Time since last: 1000528249 ns, Reaching safepoint: 14465 ns, Cleanup: 20698 ns, At safepoint: 7317 ns, Total: 42480 ns
[2025-08-08T14:11:55.930+0000][7][safepoint   ] Safepoint "Cleanup", Time since last: 1000969668 ns, Reaching safepoint: 15072 ns, Cleanup: 20632 ns, At safepoint: 7639 ns, Total: 43343 ns
[2025-08-08T14:11:56.931+0000][7][safepoint   ] Safepoint "Cleanup", Time since last: 1000466228 ns, Reaching safepoint: 42825 ns, Cleanup: 87430 ns, At safepoint: 24530 ns, Total: 154785 ns
[2025-08-08T14:11:59.934+0000][7][safepoint   ] Safepoint "Cleanup", Time since last: 3003399893 ns, Reaching safepoint: 13822 ns, Cleanup: 13183 ns, At safepoint: 6872 ns, Total: 33877 ns
[2025-08-08T14:12:00.934+0000][7][safepoint   ] Safepoint "Cleanup", Time since last: 1000145861 ns, Reaching safepoint: 16637 ns, Cleanup: 18279 ns, At safepoint: 9702 ns, Total: 44618 ns
[2025-08-08T14:12:01.935+0000][7][safepoint   ] Safepoint "Cleanup", Time since last: 1000293141 ns, Reaching safepoint: 48686 ns, Cleanup: 44906 ns, At safepoint: 16087 ns, Total: 109679 ns
[2025-08-08T14:12:02.935+0000][7][safepoint   ] Safepoint "Cleanup", Time since last: 1000202270 ns, Reaching safepoint: 92510 ns, Cleanup: 96252 ns, At safepoint: 29509 ns, Total: 218271 ns
[2025-08-08T14:12:03.938+0000][7][safepoint   ] Safepoint "Cleanup", Time since last: 1002841478 ns, Reaching safepoint: 13306 ns, Cleanup: 181446 ns, At safepoint: 86998 ns, Total: 281750 ns
[2025-08-08T14:12:04.939+0000][7][safepoint   ] Safepoint "Cleanup", Time since last: 1000379944 ns, Reaching safepoint: 9556 ns, Cleanup: 34957 ns, At safepoint: 8023 ns, Total: 52536 ns
[2025-08-08T14:12:05.939+0000][7][safepoint   ] Safepoint "Cleanup", Time since last: 1000391288 ns, Reaching safepoint: 10512 ns, Cleanup: 15602 ns, At safepoint: 4569 ns, Total: 30683 ns
[2025-08-08T14:12:06.942+0000][7][safepoint   ] Safepoint "Cleanup", Time since last: 1002997709 ns, Reaching safepoint: 15087 ns, Cleanup: 28129 ns, At safepoint: 9445 ns, Total: 52661 ns
[2025-08-08T14:12:07.943+0000][7][safepoint   ] Safepoint "Cleanup", Time since last: 1000623609 ns, Reaching safepoint: 16505 ns, Cleanup: 15625 ns, At safepoint: 9014 ns, Total: 41144 ns
[2025-08-08T14:12:08.943+0000][7][safepoint   ] Safepoint "Cleanup", Time since last: 1000492548 ns, Reaching safepoint: 15294 ns, Cleanup: 25006 ns, At safepoint: 8252 ns, Total: 48552 ns
[2025-08-08T14:12:09.944+0000][7][safepoint   ] Safepoint "Cleanup", Time since last: 1000539388 ns, Reaching safepoint: 14237 ns, Cleanup: 12394 ns, At safepoint: 6749 ns, Total: 33380 ns
[2025-08-08T14:12:10.944+0000][7][safepoint   ] Safepoint "Cleanup", Time since last: 1000168752 ns, Reaching safepoint: 16754 ns, Cleanup: 14737 ns, At safepoint: 8590 ns, Total: 40081 ns
[2025-08-08T14:12:11.945+0000][7][safepoint   ] Safepoint "Cleanup", Time since last: 1000733530 ns, Reaching safepoint: 17955 ns, Cleanup: 43633 ns, At safepoint: 12587 ns, Total: 74175 ns
[2025-08-08T14:12:12.946+0000][7][safepoint   ] Safepoint "Cleanup", Time since last: 1000573711 ns, Reaching safepoint: 16306 ns, Cleanup: 23477 ns, At safepoint: 8838 ns, Total: 48621 ns
[2025-08-08T14:12:13.946+0000][7][safepoint   ] Safepoint "Cleanup", Time since last: 1000250140 ns, Reaching safepoint: 11578 ns, Cleanup: 15409 ns, At safepoint: 6149 ns, Total: 33136 ns
[2025-08-08T14:12:14.946+0000][7][safepoint   ] Safepoint "Cleanup", Time since last: 1000246465 ns, Reaching safepoint: 15579 ns, Cleanup: 19124 ns, At safepoint: 9089 ns, Total: 43792 ns
[2025-08-08T14:12:15.949+0000][7][safepoint   ] Safepoint "Cleanup", Time since last: 1002207039 ns, Reaching safepoint: 11786 ns, Cleanup: 12236 ns, At safepoint: 7215 ns, Total: 31237 ns
[2025-08-08T14:12:18.950+0000][7][safepoint   ] Safepoint "Cleanup", Time since last: 3001519776 ns, Reaching safepoint: 13107 ns, Cleanup: 18046 ns, At safepoint: 6674 ns, Total: 37827 ns
[2025-08-08T14:12:19.951+0000][7][safepoint   ] Safepoint "Cleanup", Time since last: 1000617159 ns, Reaching safepoint: 16706 ns, Cleanup: 21876 ns, At safepoint: 8161 ns, Total: 46743 ns
[2025-08-08T14:12:20.952+0000][7][safepoint   ] Safepoint "Cleanup", Time since last: 1000371091 ns, Reaching safepoint: 1019595 ns, Cleanup: 25488 ns, At safepoint: 41764 ns, Total: 1086847 ns
[2025-08-08T14:12:21.953+0000][7][safepoint   ] Safepoint "Cleanup", Time since last: 1000745934 ns, Reaching safepoint: 21934 ns, Cleanup: 25742 ns, At safepoint: 9973 ns, Total: 57649 ns
[2025-08-08T14:12:23.835+0000][7][gc,start    ] GC(23) Pause Young (Normal) (G1 Evacuation Pause)
[2025-08-08T14:12:23.835+0000][7][gc,task     ] GC(23) Using 8 workers of 8 for evacuation
[2025-08-08T14:12:23.835+0000][7][gc,age      ] GC(23) Desired survivor size 41943040 bytes, new threshold 15 (max threshold 15)
[2025-08-08T14:12:23.860+0000][7][gc,phases   ] GC(23)   Pre Evacuate Collection Set: 0.30ms
[2025-08-08T14:12:23.860+0000][7][gc,phases   ] GC(23)   Merge Heap Roots: 0.18ms
[2025-08-08T14:12:23.860+0000][7][gc,phases   ] GC(23)   Evacuate Collection Set: 20.69ms
[2025-08-08T14:12:23.860+0000][7][gc,phases   ] GC(23)   Post Evacuate Collection Set: 3.88ms
[2025-08-08T14:12:23.860+0000][7][gc,phases   ] GC(23)   Other: 0.13ms
[2025-08-08T14:12:23.860+0000][7][gc,age      ] GC(23) Age table with threshold 15 (max threshold 15)
[2025-08-08T14:12:23.860+0000][7][gc,age      ] GC(23) - age   1:    1201032 bytes,    1201032 total
[2025-08-08T14:12:23.860+0000][7][gc,age      ] GC(23) - age   2:     105536 bytes,    1306568 total
[2025-08-08T14:12:23.860+0000][7][gc,age      ] GC(23) - age   3:     182272 bytes,    1488840 total
[2025-08-08T14:12:23.860+0000][7][gc,age      ] GC(23) - age   4:    1210888 bytes,    2699728 total
[2025-08-08T14:12:23.860+0000][7][gc,age      ] GC(23) - age   5:     300680 bytes,    3000408 total
[2025-08-08T14:12:23.860+0000][7][gc,age      ] GC(23) - age   6:     366672 bytes,    3367080 total
[2025-08-08T14:12:23.860+0000][7][gc,age      ] GC(23) - age   7:    2130136 bytes,    5497216 total
[2025-08-08T14:12:23.860+0000][7][gc,age      ] GC(23) - age   8:      56112 bytes,    5553328 total
[2025-08-08T14:12:23.860+0000][7][gc,age      ] GC(23) - age   9:    2294408 bytes,    7847736 total
[2025-08-08T14:12:23.860+0000][7][gc,age      ] GC(23) - age  10:   16220224 bytes,   24067960 total
[2025-08-08T14:12:23.860+0000][7][gc,age      ] GC(23) - age  11:   10265984 bytes,   34333944 total
[2025-08-08T14:12:23.860+0000][7][gc,age      ] GC(23) - age  12:      35472 bytes,   34369416 total
[2025-08-08T14:12:23.860+0000][7][gc,heap     ] GC(23) Eden regions: 143->0(144)
[2025-08-08T14:12:23.860+0000][7][gc,heap     ] GC(23) Survivor regions: 10->9(20)
[2025-08-08T14:12:23.860+0000][7][gc,heap     ] GC(23) Old regions: 12->12
[2025-08-08T14:12:23.860+0000][7][gc,heap     ] GC(23) Humongous regions: 2->2
[2025-08-08T14:12:23.860+0000][7][gc,metaspace] GC(23) Metaspace: 113273K(116096K)->113273K(116096K) NonClass: 97846K(99328K)->97846K(99328K) Class: 15427K(16768K)->15427K(16768K)
[2025-08-08T14:12:23.860+0000][7][gc          ] GC(23) Pause Young (Normal) (G1 Evacuation Pause) 665M->89M(1024M) 25.534ms
[2025-08-08T14:12:23.860+0000][7][gc,cpu      ] GC(23) User=0.09s Sys=0.03s Real=0.03s
[2025-08-08T14:12:23.861+0000][7][safepoint   ] Safepoint "G1CollectForAllocation", Time since last: 1881865083 ns, Reaching safepoint: 16396 ns, Cleanup: 5015 ns, At safepoint: 25664150 ns, Total: 25685561 ns
[2025-08-08T14:12:25.862+0000][7][safepoint   ] Safepoint "Cleanup", Time since last: 2001459142 ns, Reaching safepoint: 15860 ns, Cleanup: 13343 ns, At safepoint: 8144 ns, Total: 37347 ns
[2025-08-08T14:12:26.863+0000][7][safepoint   ] Safepoint "Cleanup", Time since last: 1000640620 ns, Reaching safepoint: 17733 ns, Cleanup: 18533 ns, At safepoint: 9335 ns, Total: 45601 ns
[2025-08-08T14:12:30.865+0000][7][safepoint   ] Safepoint "Cleanup", Time since last: 4001855615 ns, Reaching safepoint: 15483 ns, Cleanup: 17304 ns, At safepoint: 6799 ns, Total: 39586 ns
[2025-08-08T14:12:31.866+0000][7][safepoint   ] Safepoint "Cleanup", Time since last: 1001551003 ns, Reaching safepoint: 16776 ns, Cleanup: 23490 ns, At safepoint: 8696 ns, Total: 48962 ns
[2025-08-08T14:12:32.867+0000][7][safepoint   ] Safepoint "Cleanup", Time since last: 1000532590 ns, Reaching safepoint: 19079 ns, Cleanup: 16762 ns, At safepoint: 8736 ns, Total: 44577 ns
[2025-08-08T14:12:33.867+0000][7][safepoint   ] Safepoint "Cleanup", Time since last: 1000428685 ns, Reaching safepoint: 17044 ns, Cleanup: 24556 ns, At safepoint: 93789 ns, Total: 135389 ns
[2025-08-08T14:12:34.868+0000][7][safepoint   ] Safepoint "Cleanup", Time since last: 1000364663 ns, Reaching safepoint: 102468 ns, Cleanup: 18991 ns, At safepoint: 10099 ns, Total: 131558 ns
[2025-08-08T14:12:35.869+0000][7][safepoint   ] Safepoint "Cleanup", Time since last: 1000771745 ns, Reaching safepoint: 126451 ns, Cleanup: 20324 ns, At safepoint: 46851 ns, Total: 193626 ns
[2025-08-08T14:12:36.869+0000][7][safepoint   ] Safepoint "Cleanup", Time since last: 1000176182 ns, Reaching safepoint: 18601 ns, Cleanup: 27318 ns, At safepoint: 9392 ns, Total: 55311 ns
[2025-08-08T14:12:37.869+0000][7][safepoint   ] Safepoint "Cleanup", Time since last: 1000133189 ns, Reaching safepoint: 18505 ns, Cleanup: 18507 ns, At safepoint: 25360 ns, Total: 62372 ns
[2025-08-08T14:12:38.869+0000][7][safepoint   ] Safepoint "Cleanup", Time since last: 1000163500 ns, Reaching safepoint: 20050 ns, Cleanup: 14977 ns, At safepoint: 9064 ns, Total: 44091 ns
[2025-08-08T14:12:41.873+0000][7][safepoint   ] Safepoint "Cleanup", Time since last: 3003178057 ns, Reaching safepoint: 58886 ns, Cleanup: 16716 ns, At safepoint: 8230 ns, Total: 83832 ns
[2025-08-08T14:12:43.116+0000][7][safepoint   ] Safepoint "Cleanup", Time since last: 1242666259 ns, Reaching safepoint: 17696 ns, Cleanup: 40354 ns, At safepoint: 170959 ns, Total: 229009 ns
[2025-08-08T14:12:44.116+0000][7][safepoint   ] Safepoint "Cleanup", Time since last: 1000127622 ns, Reaching safepoint: 17808 ns, Cleanup: 14675 ns, At safepoint: 7400 ns, Total: 39883 ns
[2025-08-08T14:12:47.118+0000][7][safepoint   ] Safepoint "Cleanup", Time since last: 3002556305 ns, Reaching safepoint: 16959 ns, Cleanup: 15191 ns, At safepoint: 8114 ns, Total: 40264 ns
[2025-08-08T14:12:48.119+0000][7][safepoint   ] Safepoint "Cleanup", Time since last: 1000788804 ns, Reaching safepoint: 9748 ns, Cleanup: 13421 ns, At safepoint: 4341 ns, Total: 27510 ns
[2025-08-08T14:13:06.137+0000][7][safepoint   ] Safepoint "Cleanup", Time since last: 18017555964 ns, Reaching safepoint: 34245 ns, Cleanup: 11199 ns, At safepoint: 6218 ns, Total: 51662 ns
[2025-08-08T14:13:08.138+0000][7][safepoint   ] Safepoint "Cleanup", Time since last: 2000757662 ns, Reaching safepoint: 15634 ns, Cleanup: 11146 ns, At safepoint: 5147 ns, Total: 31927 ns
[2025-08-08T14:13:11.139+0000][7][safepoint   ] Safepoint "Cleanup", Time since last: 3001148105 ns, Reaching safepoint: 52436 ns, Cleanup: 13032 ns, At safepoint: 12815 ns, Total: 78283 ns
[2025-08-08T14:13:18.142+0000][7][safepoint   ] Safepoint "Cleanup", Time since last: 7003175080 ns, Reaching safepoint: 11557 ns, Cleanup: 13376 ns, At safepoint: 4484 ns, Total: 29417 ns
[2025-08-08T14:13:20.142+0000][7][safepoint   ] Safepoint "Cleanup", Time since last: 2000300876 ns, Reaching safepoint: 17038 ns, Cleanup: 11361 ns, At safepoint: 5398 ns, Total: 33797 ns
[2025-08-08T14:13:25.145+0000][7][safepoint   ] Safepoint "Cleanup", Time since last: 5002909428 ns, Reaching safepoint: 37351 ns, Cleanup: 13699 ns, At safepoint: 4582 ns, Total: 55632 ns
[2025-08-08T14:13:26.146+0000][7][safepoint   ] Safepoint "Cleanup", Time since last: 1000654586 ns, Reaching safepoint: 11731 ns, Cleanup: 14918 ns, At safepoint: 3006 ns, Total: 29655 ns
[2025-08-08T14:13:36.152+0000][7][safepoint   ] Safepoint "Cleanup", Time since last: 10005526099 ns, Reaching safepoint: 11812 ns, Cleanup: 13104 ns, At safepoint: 4250 ns, Total: 29166 ns
[2025-08-08T14:13:48.273+0000][7][safepoint   ] Safepoint "Cleanup", Time since last: 12121448065 ns, Reaching safepoint: 44036 ns, Cleanup: 24668 ns, At safepoint: 10560 ns, Total: 79264 ns
[2025-08-08T14:13:55.279+0000][7][safepoint   ] Safepoint "Cleanup", Time since last: 7005637014 ns, Reaching safepoint: 43103 ns, Cleanup: 12573 ns, At safepoint: 12173 ns, Total: 67849 ns
[2025-08-08T14:14:50.462+0000][7][safepoint   ] Safepoint "Cleanup", Time since last: 55183387098 ns, Reaching safepoint: 54437 ns, Cleanup: 17583 ns, At safepoint: 8968 ns, Total: 80988 ns
[2025-08-08T14:15:05.471+0000][7][safepoint   ] Safepoint "Cleanup", Time since last: 15009119494 ns, Reaching safepoint: 45255 ns, Cleanup: 12659 ns, At safepoint: 7826 ns, Total: 65740 ns
[2025-08-08T14:15:18.477+0000][7][safepoint   ] Safepoint "Cleanup", Time since last: 13005825875 ns, Reaching safepoint: 36893 ns, Cleanup: 11879 ns, At safepoint: 5016 ns, Total: 53788 ns
[2025-08-08T14:15:57.676+0000][7][safepoint   ] Safepoint "Cleanup", Time since last: 39198867152 ns, Reaching safepoint: 100735 ns, Cleanup: 16476 ns, At safepoint: 7492 ns, Total: 124703 ns
[2025-08-08T14:16:07.680+0000][7][safepoint   ] Safepoint "Cleanup", Time since last: 10003159974 ns, Reaching safepoint: 45973 ns, Cleanup: 14459 ns, At safepoint: 8441 ns, Total: 68873 ns
[2025-08-08T14:16:47.896+0000][7][safepoint   ] Safepoint "Cleanup", Time since last: 40215958568 ns, Reaching safepoint: 24802 ns, Cleanup: 37227 ns, At safepoint: 12919 ns, Total: 74948 ns
[2025-08-08T14:16:51.396+0000][7][safepoint   ] Safepoint "ICBufferFull", Time since last: 3499739888 ns, Reaching safepoint: 18227 ns, Cleanup: 184470 ns, At safepoint: 13050 ns, Total: 215747 ns
[2025-08-08T14:16:52.397+0000][7][safepoint   ] Safepoint "Cleanup", Time since last: 1000940083 ns, Reaching safepoint: 14819 ns, Cleanup: 148697 ns, At safepoint: 7587 ns, Total: 171103 ns
[2025-08-08T14:16:54.338+0000][7][safepoint   ] Safepoint "Cleanup", Time since last: 1941562444 ns, Reaching safepoint: 15793 ns, Cleanup: 70896 ns, At safepoint: 9829 ns, Total: 96518 ns
[2025-08-08T14:16:55.377+0000][7][safepoint   ] Safepoint "Cleanup", Time since last: 1038163355 ns, Reaching safepoint: 7804 ns, Cleanup: 125933 ns, At safepoint: 32649 ns, Total: 166386 ns
[2025-08-08T14:16:56.379+0000][7][safepoint   ] Safepoint "Cleanup", Time since last: 1002749092 ns, Reaching safepoint: 19473 ns, Cleanup: 41174 ns, At safepoint: 8906 ns, Total: 69553 ns
[2025-08-08T14:16:58.381+0000][7][safepoint   ] Safepoint "Cleanup", Time since last: 2001326102 ns, Reaching safepoint: 19258 ns, Cleanup: 15385 ns, At safepoint: 9297 ns, Total: 43940 ns
[2025-08-08T14:17:00.381+0000][7][safepoint   ] Safepoint "Cleanup", Time since last: 2000511405 ns, Reaching safepoint: 13260 ns, Cleanup: 51406 ns, At safepoint: 11168 ns, Total: 75834 ns
[2025-08-08T14:17:01.382+0000][7][safepoint   ] Safepoint "Cleanup", Time since last: 1000579678 ns, Reaching safepoint: 46046 ns, Cleanup: 30382 ns, At safepoint: 12591 ns, Total: 89019 ns
[2025-08-08T14:17:02.382+0000][7][safepoint   ] Safepoint "Cleanup", Time since last: 1000151730 ns, Reaching safepoint: 14522 ns, Cleanup: 52192 ns, At safepoint: 8833 ns, Total: 75547 ns
[2025-08-08T14:17:03.383+0000][7][safepoint   ] Safepoint "Cleanup", Time since last: 1000517467 ns, Reaching safepoint: 11487 ns, Cleanup: 13053 ns, At safepoint: 6874 ns, Total: 31414 ns
[2025-08-08T14:17:05.384+0000][7][safepoint   ] Safepoint "Cleanup", Time since last: 2001251561 ns, Reaching safepoint: 15602 ns, Cleanup: 26021 ns, At safepoint: 8611 ns, Total: 50234 ns
[2025-08-08T14:17:06.384+0000][7][safepoint   ] Safepoint "Cleanup", Time since last: 1000173702 ns, Reaching safepoint: 45944 ns, Cleanup: 19261 ns, At safepoint: 12831 ns, Total: 78036 ns
[2025-08-08T14:17:08.385+0000][7][safepoint   ] Safepoint "Cleanup", Time since last: 2000591201 ns, Reaching safepoint: 17979 ns, Cleanup: 15369 ns, At safepoint: 8931 ns, Total: 42279 ns
[2025-08-08T14:17:16.390+0000][7][safepoint   ] Safepoint "Cleanup", Time since last: 8004766667 ns, Reaching safepoint: 44658 ns, Cleanup: 12805 ns, At safepoint: 7989 ns, Total: 65452 ns
[2025-08-08T14:17:19.392+0000][7][safepoint   ] Safepoint "Cleanup", Time since last: 3001677185 ns, Reaching safepoint: 44952 ns, Cleanup: 18496 ns, At safepoint: 8298 ns, Total: 71746 ns
[2025-08-08T14:17:22.393+0000][7][safepoint   ] Safepoint "Cleanup", Time since last: 3001035052 ns, Reaching safepoint: 43963 ns, Cleanup: 14756 ns, At safepoint: 14708 ns, Total: 73427 ns
[2025-08-08T14:17:33.400+0000][7][safepoint   ] Safepoint "Cleanup", Time since last: 11006852725 ns, Reaching safepoint: 18789 ns, Cleanup: 21583 ns, At safepoint: 44631 ns, Total: 85003 ns
[2025-08-08T14:17:42.403+0000][7][safepoint   ] Safepoint "Cleanup", Time since last: 9003596397 ns, Reaching safepoint: 46694 ns, Cleanup: 14477 ns, At safepoint: 42050 ns, Total: 103221 ns
[2025-08-08T14:17:54.050+0000][7][safepoint   ] Safepoint "Cleanup", Time since last: 11646428444 ns, Reaching safepoint: 15358 ns, Cleanup: 23356 ns, At safepoint: 6930 ns, Total: 45644 ns
[2025-08-08T14:17:59.054+0000][7][safepoint   ] Safepoint "Cleanup", Time since last: 5003609084 ns, Reaching safepoint: 28079 ns, Cleanup: 12671 ns, At safepoint: 7715 ns, Total: 48465 ns
[2025-08-08T14:18:05.055+0000][7][safepoint   ] Safepoint "Cleanup", Time since last: 6001574893 ns, Reaching safepoint: 43404 ns, Cleanup: 17270 ns, At safepoint: 7935 ns, Total: 68609 ns
[2025-08-08T14:18:06.056+0000][7][safepoint   ] Safepoint "Cleanup", Time since last: 1000658051 ns, Reaching safepoint: 25836 ns, Cleanup: 25745 ns, At safepoint: 7774 ns, Total: 59355 ns
[2025-08-08T14:18:08.057+0000][7][safepoint   ] Safepoint "Cleanup", Time since last: 2000859391 ns, Reaching safepoint: 46455 ns, Cleanup: 15736 ns, At safepoint: 14667 ns, Total: 76858 ns
[2025-08-08T14:18:16.061+0000][7][safepoint   ] Safepoint "Cleanup", Time since last: 8004089208 ns, Reaching safepoint: 46541 ns, Cleanup: 15864 ns, At safepoint: 7635 ns, Total: 70040 ns
[2025-08-08T14:18:53.191+0000][7][safepoint   ] Safepoint "Cleanup", Time since last: 37129571517 ns, Reaching safepoint: 17522 ns, Cleanup: 19810 ns, At safepoint: 6502 ns, Total: 43834 ns
[2025-08-08T14:18:54.191+0000][7][safepoint   ] Safepoint "Cleanup", Time since last: 1000365699 ns, Reaching safepoint: 14013 ns, Cleanup: 13167 ns, At safepoint: 6912 ns, Total: 34092 ns
[2025-08-08T14:18:55.191+0000][7][safepoint   ] Safepoint "Cleanup", Time since last: 1000269878 ns, Reaching safepoint: 41084 ns, Cleanup: 11241 ns, At safepoint: 7545 ns, Total: 59870 ns
[2025-08-08T14:18:56.192+0000][7][safepoint   ] Safepoint "Cleanup", Time since last: 1000287914 ns, Reaching safepoint: 49380 ns, Cleanup: 18112 ns, At safepoint: 20058 ns, Total: 87550 ns
[2025-08-08T14:19:22.207+0000][7][safepoint   ] Safepoint "Cleanup", Time since last: 26014794821 ns, Reaching safepoint: 48809 ns, Cleanup: 20746 ns, At safepoint: 11009 ns, Total: 80564 ns
[2025-08-08T14:19:32.426+0000][7][gc,heap,exit] Heap
[2025-08-08T14:19:32.427+0000][7][gc,heap,exit]  garbage-first heap   total reserved 1048576K, committed 1048576K, used 585325K [0x00000000c0000000, 0x0000000100000000)
[2025-08-08T14:19:32.427+0000][7][gc,heap,exit]   region size 4096K, 130 young (532480K), 9 survivors (36864K)
[2025-08-08T14:19:32.427+0000][7][gc,heap,exit]  Metaspace       used 114739K, committed 117696K, reserved 1179648K
[2025-08-08T14:19:32.427+0000][7][gc,heap,exit]   class space    used 15654K, committed 17024K, reserved 1048576K
