[2025-08-08T14:30:43.295+0000][7][gc,init] CardTable entry size: 512
[2025-08-08T14:30:43.296+0000][7][gc     ] Using G1
[2025-08-08T14:30:43.484+0000][7][gc,init] Version: 22.0.2+9-70 (release)
[2025-08-08T14:30:43.484+0000][7][gc,init] CPUs: 8 total, 8 available
[2025-08-08T14:30:43.484+0000][7][gc,init] Memory: 2048M
[2025-08-08T14:30:43.484+0000][7][gc,init] Large Page Support: Disabled
[2025-08-08T14:30:43.484+0000][7][gc,init] NUMA Support: Disabled
[2025-08-08T14:30:43.484+0000][7][gc,init] Compressed Oops: Enabled (32-bit)
[2025-08-08T14:30:43.484+0000][7][gc,init] Heap Region Size: 4M
[2025-08-08T14:30:43.484+0000][7][gc,init] Heap Min Capacity: 1G
[2025-08-08T14:30:43.484+0000][7][gc,init] Heap Initial Capacity: 1G
[2025-08-08T14:30:43.484+0000][7][gc,init] Heap Max Capacity: 1G
[2025-08-08T14:30:43.484+0000][7][gc,init] Pre-touch: Enabled
[2025-08-08T14:30:43.484+0000][7][gc,init] Parallel Workers: 8
[2025-08-08T14:30:43.484+0000][7][gc,init] Concurrent Workers: 2
[2025-08-08T14:30:43.484+0000][7][gc,init] Concurrent Refinement Workers: 8
[2025-08-08T14:30:43.484+0000][7][gc,init] Periodic GC: Disabled
[2025-08-08T14:30:43.499+0000][7][gc,metaspace] CDS archive(s) mapped at: [0x0000732f4a000000-0x0000732f4ac78000-0x0000732f4ac78000), size 13074432, SharedBaseAddress: 0x0000732f4a000000, ArchiveRelocationMode: 1.
[2025-08-08T14:30:43.499+0000][7][gc,metaspace] Compressed class space mapped at: 0x0000732f4b000000-0x0000732f8b000000, reserved size: 1073741824
[2025-08-08T14:30:43.499+0000][7][gc,metaspace] Narrow klass base: 0x0000732f4a000000, Narrow klass shift: 0, Narrow klass range: 0x100000000
[2025-08-08T14:30:44.148+0000][7][safepoint   ] Safepoint "ICBufferFull", Time since last: 644206442 ns, Reaching safepoint: 3169 ns, Cleanup: 119280 ns, At safepoint: 8523 ns, Total: 130972 ns
[2025-08-08T14:30:44.625+0000][7][safepoint   ] Safepoint "ICBufferFull", Time since last: 476316078 ns, Reaching safepoint: 360100 ns, Cleanup: 113377 ns, At safepoint: 28664 ns, Total: 502141 ns
[2025-08-08T14:30:44.987+0000][7][gc,start    ] GC(0) Pause Young (Normal) (G1 Evacuation Pause)
[2025-08-08T14:30:44.987+0000][7][gc,task     ] GC(0) Using 8 workers of 8 for evacuation
[2025-08-08T14:30:44.987+0000][7][gc,age      ] GC(0) Desired survivor size 4194304 bytes, new threshold 15 (max threshold 15)
[2025-08-08T14:30:44.997+0000][7][gc,phases   ] GC(0)   Pre Evacuate Collection Set: 0.42ms
[2025-08-08T14:30:44.997+0000][7][gc,phases   ] GC(0)   Merge Heap Roots: 0.19ms
[2025-08-08T14:30:44.997+0000][7][gc,phases   ] GC(0)   Evacuate Collection Set: 7.49ms
[2025-08-08T14:30:44.997+0000][7][gc,phases   ] GC(0)   Post Evacuate Collection Set: 1.61ms
[2025-08-08T14:30:44.997+0000][7][gc,phases   ] GC(0)   Other: 0.11ms
[2025-08-08T14:30:44.997+0000][7][gc,age      ] GC(0) Age table with threshold 15 (max threshold 15)
[2025-08-08T14:30:44.997+0000][7][gc,age      ] GC(0) - age   1:    6422000 bytes,    6422000 total
[2025-08-08T14:30:44.997+0000][7][gc,heap     ] GC(0) Eden regions: 12->0(11)
[2025-08-08T14:30:44.997+0000][7][gc,heap     ] GC(0) Survivor regions: 0->2(2)
[2025-08-08T14:30:44.997+0000][7][gc,heap     ] GC(0) Old regions: 1->1
[2025-08-08T14:30:44.997+0000][7][gc,heap     ] GC(0) Humongous regions: 0->0
[2025-08-08T14:30:44.997+0000][7][gc,metaspace] GC(0) Metaspace: 12540K(12864K)->12540K(12864K) NonClass: 11016K(11200K)->11016K(11200K) Class: 1523K(1664K)->1523K(1664K)
[2025-08-08T14:30:44.997+0000][7][gc          ] GC(0) Pause Young (Normal) (G1 Evacuation Pause) 49M->7M(1024M) 10.104ms
[2025-08-08T14:30:44.997+0000][7][gc,cpu      ] GC(0) User=0.02s Sys=0.01s Real=0.01s
[2025-08-08T14:30:44.997+0000][7][safepoint   ] Safepoint "G1CollectForAllocation", Time since last: 361825479 ns, Reaching safepoint: 5601 ns, Cleanup: 74542 ns, At safepoint: 10245009 ns, Total: 10325152 ns
[2025-08-08T14:30:45.703+0000][7][safepoint   ] Safepoint "ICBufferFull", Time since last: 705579701 ns, Reaching safepoint: 109341 ns, Cleanup: 151573 ns, At safepoint: 25110 ns, Total: 286024 ns
[2025-08-08T14:30:45.877+0000][7][gc,start    ] GC(1) Pause Young (Normal) (G1 Evacuation Pause)
[2025-08-08T14:30:45.877+0000][7][gc,task     ] GC(1) Using 8 workers of 8 for evacuation
[2025-08-08T14:30:45.877+0000][7][gc,age      ] GC(1) Desired survivor size 4194304 bytes, new threshold 1 (max threshold 15)
[2025-08-08T14:30:45.884+0000][7][gc,phases   ] GC(1)   Pre Evacuate Collection Set: 0.34ms
[2025-08-08T14:30:45.884+0000][7][gc,phases   ] GC(1)   Merge Heap Roots: 0.15ms
[2025-08-08T14:30:45.884+0000][7][gc,phases   ] GC(1)   Evacuate Collection Set: 4.69ms
[2025-08-08T14:30:45.884+0000][7][gc,phases   ] GC(1)   Post Evacuate Collection Set: 2.08ms
[2025-08-08T14:30:45.884+0000][7][gc,phases   ] GC(1)   Other: 0.10ms
[2025-08-08T14:30:45.884+0000][7][gc,age      ] GC(1) Age table with threshold 1 (max threshold 15)
[2025-08-08T14:30:45.884+0000][7][gc,age      ] GC(1) - age   1:    1389280 bytes,    1389280 total
[2025-08-08T14:30:45.884+0000][7][gc,heap     ] GC(1) Eden regions: 11->0(24)
[2025-08-08T14:30:45.884+0000][7][gc,heap     ] GC(1) Survivor regions: 2->1(2)
[2025-08-08T14:30:45.884+0000][7][gc,heap     ] GC(1) Old regions: 1->3
[2025-08-08T14:30:45.884+0000][7][gc,heap     ] GC(1) Humongous regions: 0->0
[2025-08-08T14:30:45.884+0000][7][gc,metaspace] GC(1) Metaspace: 15846K(16256K)->15846K(16256K) NonClass: 13997K(14208K)->13997K(14208K) Class: 1849K(2048K)->1849K(2048K)
[2025-08-08T14:30:45.884+0000][7][gc          ] GC(1) Pause Young (Normal) (G1 Evacuation Pause) 51M->9M(1024M) 7.574ms
[2025-08-08T14:30:45.884+0000][7][gc,cpu      ] GC(1) User=0.03s Sys=0.01s Real=0.01s
[2025-08-08T14:30:45.884+0000][7][safepoint   ] Safepoint "G1CollectForAllocation", Time since last: 173856126 ns, Reaching safepoint: 4391 ns, Cleanup: 42301 ns, At safepoint: 7727938 ns, Total: 7774630 ns
[2025-08-08T14:30:46.425+0000][7][gc,start    ] GC(2) Pause Young (Normal) (G1 Evacuation Pause)
[2025-08-08T14:30:46.425+0000][7][gc,task     ] GC(2) Using 8 workers of 8 for evacuation
[2025-08-08T14:30:46.425+0000][7][gc,age      ] GC(2) Desired survivor size 8388608 bytes, new threshold 15 (max threshold 15)
[2025-08-08T14:30:46.432+0000][7][gc,phases   ] GC(2)   Pre Evacuate Collection Set: 0.34ms
[2025-08-08T14:30:46.432+0000][7][gc,phases   ] GC(2)   Merge Heap Roots: 0.14ms
[2025-08-08T14:30:46.432+0000][7][gc,phases   ] GC(2)   Evacuate Collection Set: 5.73ms
[2025-08-08T14:30:46.432+0000][7][gc,phases   ] GC(2)   Post Evacuate Collection Set: 1.02ms
[2025-08-08T14:30:46.433+0000][7][gc,phases   ] GC(2)   Other: 0.09ms
[2025-08-08T14:30:46.433+0000][7][gc,age      ] GC(2) Age table with threshold 15 (max threshold 15)
[2025-08-08T14:30:46.433+0000][7][gc,age      ] GC(2) - age   1:    2597904 bytes,    2597904 total
[2025-08-08T14:30:46.433+0000][7][gc,age      ] GC(2) - age   2:    1353776 bytes,    3951680 total
[2025-08-08T14:30:46.433+0000][7][gc,heap     ] GC(2) Eden regions: 24->0(151)
[2025-08-08T14:30:46.433+0000][7][gc,heap     ] GC(2) Survivor regions: 1->2(4)
[2025-08-08T14:30:46.433+0000][7][gc,heap     ] GC(2) Old regions: 3->3
[2025-08-08T14:30:46.433+0000][7][gc,heap     ] GC(2) Humongous regions: 0->0
[2025-08-08T14:30:46.433+0000][7][gc,metaspace] GC(2) Metaspace: 17910K(18304K)->17910K(18304K) NonClass: 15809K(16000K)->15809K(16000K) Class: 2101K(2304K)->2101K(2304K)
[2025-08-08T14:30:46.433+0000][7][gc          ] GC(2) Pause Young (Normal) (G1 Evacuation Pause) 105M->11M(1024M) 7.547ms
[2025-08-08T14:30:46.433+0000][7][gc,cpu      ] GC(2) User=0.02s Sys=0.01s Real=0.01s
[2025-08-08T14:30:46.433+0000][7][safepoint   ] Safepoint "G1CollectForAllocation", Time since last: 540639755 ns, Reaching safepoint: 5526 ns, Cleanup: 99132 ns, At safepoint: 7646939 ns, Total: 7751597 ns
[2025-08-08T14:30:47.538+0000][7][safepoint   ] Safepoint "Cleanup", Time since last: 1104173315 ns, Reaching safepoint: 682948 ns, Cleanup: 114645 ns, At safepoint: 46449 ns, Total: 844042 ns
[2025-08-08T14:30:48.205+0000][7][gc,start    ] GC(3) Pause Young (Normal) (G1 Evacuation Pause)
[2025-08-08T14:30:48.205+0000][7][gc,task     ] GC(3) Using 8 workers of 8 for evacuation
[2025-08-08T14:30:48.205+0000][7][gc,age      ] GC(3) Desired survivor size 41943040 bytes, new threshold 15 (max threshold 15)
[2025-08-08T14:30:48.214+0000][7][gc,phases   ] GC(3)   Pre Evacuate Collection Set: 0.24ms
[2025-08-08T14:30:48.214+0000][7][gc,phases   ] GC(3)   Merge Heap Roots: 0.19ms
[2025-08-08T14:30:48.214+0000][7][gc,phases   ] GC(3)   Evacuate Collection Set: 6.49ms
[2025-08-08T14:30:48.214+0000][7][gc,phases   ] GC(3)   Post Evacuate Collection Set: 1.63ms
[2025-08-08T14:30:48.214+0000][7][gc,phases   ] GC(3)   Other: 0.16ms
[2025-08-08T14:30:48.214+0000][7][gc,age      ] GC(3) Age table with threshold 15 (max threshold 15)
[2025-08-08T14:30:48.214+0000][7][gc,age      ] GC(3) - age   1:    7293752 bytes,    7293752 total
[2025-08-08T14:30:48.214+0000][7][gc,age      ] GC(3) - age   2:    1761808 bytes,    9055560 total
[2025-08-08T14:30:48.214+0000][7][gc,age      ] GC(3) - age   3:    1352312 bytes,   10407872 total
[2025-08-08T14:30:48.214+0000][7][gc,heap     ] GC(3) Eden regions: 151->0(150)
[2025-08-08T14:30:48.214+0000][7][gc,heap     ] GC(3) Survivor regions: 2->3(20)
[2025-08-08T14:30:48.214+0000][7][gc,heap     ] GC(3) Old regions: 3->3
[2025-08-08T14:30:48.214+0000][7][gc,heap     ] GC(3) Humongous regions: 0->0
[2025-08-08T14:30:48.214+0000][7][gc,metaspace] GC(3) Metaspace: 20335K(20864K)->20335K(20864K) NonClass: 17862K(18176K)->17862K(18176K) Class: 2472K(2688K)->2472K(2688K)
[2025-08-08T14:30:48.214+0000][7][gc          ] GC(3) Pause Young (Normal) (G1 Evacuation Pause) 615M->17M(1024M) 8.938ms
[2025-08-08T14:30:48.214+0000][7][gc,cpu      ] GC(3) User=0.04s Sys=0.01s Real=0.01s
[2025-08-08T14:30:48.214+0000][7][safepoint   ] Safepoint "G1CollectForAllocation", Time since last: 667319970 ns, Reaching safepoint: 5104 ns, Cleanup: 194086 ns, At safepoint: 9042488 ns, Total: 9241678 ns
[2025-08-08T14:30:48.523+0000][7][gc,start    ] GC(4) Pause Young (Concurrent Start) (Metadata GC Threshold)
[2025-08-08T14:30:48.523+0000][7][gc,task     ] GC(4) Using 8 workers of 8 for evacuation
[2025-08-08T14:30:48.523+0000][7][gc,age      ] GC(4) Desired survivor size 41943040 bytes, new threshold 15 (max threshold 15)
[2025-08-08T14:30:48.529+0000][7][gc,phases   ] GC(4)   Pre Evacuate Collection Set: 0.36ms
[2025-08-08T14:30:48.529+0000][7][gc,phases   ] GC(4)   Merge Heap Roots: 0.14ms
[2025-08-08T14:30:48.529+0000][7][gc,phases   ] GC(4)   Evacuate Collection Set: 3.31ms
[2025-08-08T14:30:48.529+0000][7][gc,phases   ] GC(4)   Post Evacuate Collection Set: 1.59ms
[2025-08-08T14:30:48.529+0000][7][gc,phases   ] GC(4)   Other: 0.16ms
[2025-08-08T14:30:48.529+0000][7][gc,age      ] GC(4) Age table with threshold 15 (max threshold 15)
[2025-08-08T14:30:48.529+0000][7][gc,age      ] GC(4) - age   1:    1606168 bytes,    1606168 total
[2025-08-08T14:30:48.529+0000][7][gc,age      ] GC(4) - age   2:    6360856 bytes,    7967024 total
[2025-08-08T14:30:48.529+0000][7][gc,age      ] GC(4) - age   3:    1760752 bytes,    9727776 total
[2025-08-08T14:30:48.529+0000][7][gc,age      ] GC(4) - age   4:    1352312 bytes,   11080088 total
[2025-08-08T14:30:48.529+0000][7][gc,heap     ] GC(4) Eden regions: 39->0(150)
[2025-08-08T14:30:48.529+0000][7][gc,heap     ] GC(4) Survivor regions: 3->3(20)
[2025-08-08T14:30:48.529+0000][7][gc,heap     ] GC(4) Old regions: 3->3
[2025-08-08T14:30:48.529+0000][7][gc,heap     ] GC(4) Humongous regions: 0->0
[2025-08-08T14:30:48.529+0000][7][gc,metaspace] GC(4) Metaspace: 21017K(21504K)->21017K(21504K) NonClass: 18452K(18752K)->18452K(18752K) Class: 2565K(2752K)->2565K(2752K)
[2025-08-08T14:30:48.529+0000][7][gc          ] GC(4) Pause Young (Concurrent Start) (Metadata GC Threshold) 173M->18M(1024M) 5.765ms
[2025-08-08T14:30:48.529+0000][7][gc,cpu      ] GC(4) User=0.02s Sys=0.00s Real=0.01s
[2025-08-08T14:30:48.529+0000][7][safepoint   ] Safepoint "CollectForMetadataAllocation", Time since last: 308745665 ns, Reaching safepoint: 4334 ns, Cleanup: 35117 ns, At safepoint: 5934609 ns, Total: 5974060 ns
[2025-08-08T14:30:48.529+0000][7][gc          ] GC(5) Concurrent Mark Cycle
[2025-08-08T14:30:48.529+0000][7][gc,marking  ] GC(5) Concurrent Scan Root Regions
[2025-08-08T14:30:48.533+0000][7][gc,marking  ] GC(5) Concurrent Scan Root Regions 3.697ms
[2025-08-08T14:30:48.533+0000][7][gc,marking  ] GC(5) Concurrent Mark
[2025-08-08T14:30:48.533+0000][7][gc,marking  ] GC(5) Concurrent Mark From Roots
[2025-08-08T14:30:48.533+0000][7][gc,task     ] GC(5) Using 2 workers of 2 for marking
[2025-08-08T14:30:48.539+0000][7][gc,marking  ] GC(5) Concurrent Mark From Roots 6.287ms
[2025-08-08T14:30:48.539+0000][7][gc,marking  ] GC(5) Concurrent Preclean
[2025-08-08T14:30:48.539+0000][7][gc,marking  ] GC(5) Concurrent Preclean 0.042ms
[2025-08-08T14:30:48.539+0000][7][gc,start    ] GC(5) Pause Remark
[2025-08-08T14:30:48.543+0000][7][gc          ] GC(5) Pause Remark 22M->22M(1024M) 3.369ms
[2025-08-08T14:30:48.543+0000][7][gc,cpu      ] GC(5) User=0.01s Sys=0.00s Real=0.00s
[2025-08-08T14:30:48.543+0000][7][safepoint   ] Safepoint "G1PauseRemark", Time since last: 10338541 ns, Reaching safepoint: 58817 ns, Cleanup: 11796 ns, At safepoint: 3488972 ns, Total: 3559585 ns
[2025-08-08T14:30:48.543+0000][7][gc,marking  ] GC(5) Concurrent Mark 10.045ms
[2025-08-08T14:30:48.543+0000][7][gc,marking  ] GC(5) Concurrent Rebuild Remembered Sets and Scrub Regions
[2025-08-08T14:30:48.546+0000][7][gc,marking  ] GC(5) Concurrent Rebuild Remembered Sets and Scrub Regions 2.834ms
[2025-08-08T14:30:48.546+0000][7][gc,start    ] GC(5) Pause Cleanup
[2025-08-08T14:30:48.546+0000][7][gc          ] GC(5) Pause Cleanup 22M->22M(1024M) 0.203ms
[2025-08-08T14:30:48.546+0000][7][gc,cpu      ] GC(5) User=0.00s Sys=0.00s Real=0.01s
[2025-08-08T14:30:48.546+0000][7][safepoint   ] Safepoint "G1PauseCleanup", Time since last: 2946923 ns, Reaching safepoint: 88577 ns, Cleanup: 4141 ns, At safepoint: 294413 ns, Total: 387131 ns
[2025-08-08T14:30:48.547+0000][7][gc,marking  ] GC(5) Concurrent Clear Claimed Marks
[2025-08-08T14:30:48.547+0000][7][gc,marking  ] GC(5) Concurrent Clear Claimed Marks 0.064ms
[2025-08-08T14:30:48.547+0000][7][gc,marking  ] GC(5) Concurrent Cleanup for Next Mark
[2025-08-08T14:30:48.548+0000][7][gc,marking  ] GC(5) Concurrent Cleanup for Next Mark 1.408ms
[2025-08-08T14:30:48.548+0000][7][gc          ] GC(5) Concurrent Mark Cycle 19.112ms
[2025-08-08T14:30:49.805+0000][7][safepoint   ] Safepoint "Cleanup", Time since last: 1258859764 ns, Reaching safepoint: 2777 ns, Cleanup: 94168 ns, At safepoint: 21763 ns, Total: 118708 ns
[2025-08-08T14:30:50.659+0000][7][safepoint   ] Safepoint "ICBufferFull", Time since last: 853310902 ns, Reaching safepoint: 6125 ns, Cleanup: 202940 ns, At safepoint: 14177 ns, Total: 223242 ns
[2025-08-08T14:30:51.659+0000][7][safepoint   ] Safepoint "Cleanup", Time since last: 1000600615 ns, Reaching safepoint: 31040 ns, Cleanup: 69589 ns, At safepoint: 32657 ns, Total: 133286 ns
[2025-08-08T14:30:51.942+0000][7][gc,start    ] GC(6) Pause Young (Prepare Mixed) (G1 Evacuation Pause)
[2025-08-08T14:30:51.942+0000][7][gc,task     ] GC(6) Using 8 workers of 8 for evacuation
[2025-08-08T14:30:51.942+0000][7][gc,age      ] GC(6) Desired survivor size 41943040 bytes, new threshold 15 (max threshold 15)
[2025-08-08T14:30:51.964+0000][7][gc,phases   ] GC(6)   Pre Evacuate Collection Set: 0.28ms
[2025-08-08T14:30:51.964+0000][7][gc,phases   ] GC(6)   Merge Heap Roots: 0.11ms
[2025-08-08T14:30:51.964+0000][7][gc,phases   ] GC(6)   Evacuate Collection Set: 19.51ms
[2025-08-08T14:30:51.964+0000][7][gc,phases   ] GC(6)   Post Evacuate Collection Set: 2.19ms
[2025-08-08T14:30:51.964+0000][7][gc,phases   ] GC(6)   Other: 0.09ms
[2025-08-08T14:30:51.964+0000][7][gc,age      ] GC(6) Age table with threshold 15 (max threshold 15)
[2025-08-08T14:30:51.964+0000][7][gc,age      ] GC(6) - age   1:   22879216 bytes,   22879216 total
[2025-08-08T14:30:51.964+0000][7][gc,age      ] GC(6) - age   2:    1573248 bytes,   24452464 total
[2025-08-08T14:30:51.964+0000][7][gc,age      ] GC(6) - age   3:    6316872 bytes,   30769336 total
[2025-08-08T14:30:51.964+0000][7][gc,age      ] GC(6) - age   4:    1690640 bytes,   32459976 total
[2025-08-08T14:30:51.965+0000][7][gc,age      ] GC(6) - age   5:    1312608 bytes,   33772584 total
[2025-08-08T14:30:51.965+0000][7][gc,heap     ] GC(6) Eden regions: 150->0(144)
[2025-08-08T14:30:51.965+0000][7][gc,heap     ] GC(6) Survivor regions: 3->9(20)
[2025-08-08T14:30:51.965+0000][7][gc,heap     ] GC(6) Old regions: 3->3
[2025-08-08T14:30:51.965+0000][7][gc,heap     ] GC(6) Humongous regions: 0->0
[2025-08-08T14:30:51.965+0000][7][gc,metaspace] GC(6) Metaspace: 31143K(32064K)->31143K(32064K) NonClass: 27161K(27712K)->27161K(27712K) Class: 3982K(4352K)->3982K(4352K)
[2025-08-08T14:30:51.965+0000][7][gc          ] GC(6) Pause Young (Prepare Mixed) (G1 Evacuation Pause) 618M->41M(1024M) 22.450ms
[2025-08-08T14:30:51.965+0000][7][gc,cpu      ] GC(6) User=0.12s Sys=0.00s Real=0.02s
[2025-08-08T14:30:51.965+0000][7][safepoint   ] Safepoint "G1CollectForAllocation", Time since last: 282628369 ns, Reaching safepoint: 4559 ns, Cleanup: 13448 ns, At safepoint: 22537283 ns, Total: 22555290 ns
[2025-08-08T14:30:52.790+0000][7][gc,start    ] GC(7) Pause Young (Mixed) (Metadata GC Threshold)
[2025-08-08T14:30:52.790+0000][7][gc,task     ] GC(7) Using 8 workers of 8 for evacuation
[2025-08-08T14:30:52.790+0000][7][gc,age      ] GC(7) Desired survivor size 41943040 bytes, new threshold 15 (max threshold 15)
[2025-08-08T14:30:52.810+0000][7][gc,phases   ] GC(7)   Pre Evacuate Collection Set: 0.19ms
[2025-08-08T14:30:52.810+0000][7][gc,phases   ] GC(7)   Merge Heap Roots: 0.09ms
[2025-08-08T14:30:52.810+0000][7][gc,phases   ] GC(7)   Evacuate Collection Set: 17.22ms
[2025-08-08T14:30:52.810+0000][7][gc,phases   ] GC(7)   Post Evacuate Collection Set: 2.36ms
[2025-08-08T14:30:52.810+0000][7][gc,phases   ] GC(7)   Other: 0.10ms
[2025-08-08T14:30:52.810+0000][7][gc,age      ] GC(7) Age table with threshold 15 (max threshold 15)
[2025-08-08T14:30:52.810+0000][7][gc,age      ] GC(7) - age   1:    6062440 bytes,    6062440 total
[2025-08-08T14:30:52.810+0000][7][gc,age      ] GC(7) - age   2:   22512392 bytes,   28574832 total
[2025-08-08T14:30:52.810+0000][7][gc,age      ] GC(7) - age   3:    1573216 bytes,   30148048 total
[2025-08-08T14:30:52.810+0000][7][gc,age      ] GC(7) - age   4:    6312208 bytes,   36460256 total
[2025-08-08T14:30:52.810+0000][7][gc,age      ] GC(7) - age   5:    1690584 bytes,   38150840 total
[2025-08-08T14:30:52.810+0000][7][gc,age      ] GC(7) - age   6:    1312088 bytes,   39462928 total
[2025-08-08T14:30:52.810+0000][7][gc,heap     ] GC(7) Eden regions: 18->0(142)
[2025-08-08T14:30:52.810+0000][7][gc,heap     ] GC(7) Survivor regions: 9->11(20)
[2025-08-08T14:30:52.810+0000][7][gc,heap     ] GC(7) Old regions: 3->2
[2025-08-08T14:30:52.810+0000][7][gc,heap     ] GC(7) Humongous regions: 0->0
[2025-08-08T14:30:52.810+0000][7][gc,metaspace] GC(7) Metaspace: 35116K(36096K)->35116K(36096K) NonClass: 30468K(31040K)->30468K(31040K) Class: 4648K(5056K)->4648K(5056K)
[2025-08-08T14:30:52.810+0000][7][gc          ] GC(7) Pause Young (Mixed) (Metadata GC Threshold) 111M->49M(1024M) 20.172ms
[2025-08-08T14:30:52.810+0000][7][gc,cpu      ] GC(7) User=0.09s Sys=0.00s Real=0.02s
[2025-08-08T14:30:52.814+0000][7][safepoint   ] Safepoint "CollectForMetadataAllocation", Time since last: 825065902 ns, Reaching safepoint: 4137 ns, Cleanup: 67574 ns, At safepoint: 23709267 ns, Total: 23780978 ns
[2025-08-08T14:30:52.845+0000][7][gc,start    ] GC(8) Pause Young (Concurrent Start) (Metadata GC Threshold)
[2025-08-08T14:30:52.845+0000][7][gc,task     ] GC(8) Using 8 workers of 8 for evacuation
[2025-08-08T14:30:52.845+0000][7][gc,age      ] GC(8) Desired survivor size 41943040 bytes, new threshold 15 (max threshold 15)
[2025-08-08T14:30:52.866+0000][7][gc,phases   ] GC(8)   Pre Evacuate Collection Set: 0.31ms
[2025-08-08T14:30:52.866+0000][7][gc,phases   ] GC(8)   Merge Heap Roots: 0.12ms
[2025-08-08T14:30:52.866+0000][7][gc,phases   ] GC(8)   Evacuate Collection Set: 17.44ms
[2025-08-08T14:30:52.866+0000][7][gc,phases   ] GC(8)   Post Evacuate Collection Set: 1.32ms
[2025-08-08T14:30:52.866+0000][7][gc,phases   ] GC(8)   Other: 1.39ms
[2025-08-08T14:30:52.866+0000][7][gc,age      ] GC(8) Age table with threshold 15 (max threshold 15)
[2025-08-08T14:30:52.866+0000][7][gc,age      ] GC(8) - age   1:      59752 bytes,      59752 total
[2025-08-08T14:30:52.866+0000][7][gc,age      ] GC(8) - age   2:    5987320 bytes,    6047072 total
[2025-08-08T14:30:52.866+0000][7][gc,age      ] GC(8) - age   3:   22512312 bytes,   28559384 total
[2025-08-08T14:30:52.866+0000][7][gc,age      ] GC(8) - age   4:    1573216 bytes,   30132600 total
[2025-08-08T14:30:52.866+0000][7][gc,age      ] GC(8) - age   5:    6312208 bytes,   36444808 total
[2025-08-08T14:30:52.866+0000][7][gc,age      ] GC(8) - age   6:    1690584 bytes,   38135392 total
[2025-08-08T14:30:52.866+0000][7][gc,age      ] GC(8) - age   7:    1312088 bytes,   39447480 total
[2025-08-08T14:30:52.866+0000][7][gc,heap     ] GC(8) Eden regions: 1->0(142)
[2025-08-08T14:30:52.866+0000][7][gc,heap     ] GC(8) Survivor regions: 11->11(20)
[2025-08-08T14:30:52.866+0000][7][gc,heap     ] GC(8) Old regions: 2->2
[2025-08-08T14:30:52.866+0000][7][gc,heap     ] GC(8) Humongous regions: 0->0
[2025-08-08T14:30:52.866+0000][7][gc,metaspace] GC(8) Metaspace: 35467K(36416K)->35467K(36416K) NonClass: 30784K(31360K)->30784K(31360K) Class: 4682K(5056K)->4682K(5056K)
[2025-08-08T14:30:52.866+0000][7][gc          ] GC(8) Pause Young (Concurrent Start) (Metadata GC Threshold) 52M->48M(1024M) 20.827ms
[2025-08-08T14:30:52.866+0000][7][gc,cpu      ] GC(8) User=0.08s Sys=0.01s Real=0.03s
[2025-08-08T14:30:52.866+0000][7][gc          ] GC(9) Concurrent Mark Cycle
[2025-08-08T14:30:52.866+0000][7][gc,marking  ] GC(9) Concurrent Scan Root Regions
[2025-08-08T14:30:52.866+0000][7][safepoint   ] Safepoint "CollectForMetadataAllocation", Time since last: 31826999 ns, Reaching safepoint: 7229 ns, Cleanup: 15222 ns, At safepoint: 21108317 ns, Total: 21130768 ns
[2025-08-08T14:30:52.882+0000][7][gc,marking  ] GC(9) Concurrent Scan Root Regions 16.012ms
[2025-08-08T14:30:52.882+0000][7][gc,marking  ] GC(9) Concurrent Mark
[2025-08-08T14:30:52.882+0000][7][gc,marking  ] GC(9) Concurrent Mark From Roots
[2025-08-08T14:30:52.882+0000][7][gc,task     ] GC(9) Using 2 workers of 2 for marking
[2025-08-08T14:30:52.888+0000][7][gc,marking  ] GC(9) Concurrent Mark From Roots 5.328ms
[2025-08-08T14:30:52.888+0000][7][gc,marking  ] GC(9) Concurrent Preclean
[2025-08-08T14:30:52.888+0000][7][gc,marking  ] GC(9) Concurrent Preclean 0.045ms
[2025-08-08T14:30:52.888+0000][7][gc,start    ] GC(9) Pause Remark
[2025-08-08T14:30:52.894+0000][7][gc          ] GC(9) Pause Remark 51M->51M(1024M) 5.547ms
[2025-08-08T14:30:52.894+0000][7][gc,cpu      ] GC(9) User=0.02s Sys=0.01s Real=0.00s
[2025-08-08T14:30:52.894+0000][7][safepoint   ] Safepoint "G1PauseRemark", Time since last: 21394929 ns, Reaching safepoint: 144970 ns, Cleanup: 4450 ns, At safepoint: 5675183 ns, Total: 5824603 ns
[2025-08-08T14:30:52.894+0000][7][gc,marking  ] GC(9) Concurrent Mark 11.360ms
[2025-08-08T14:30:52.894+0000][7][gc,marking  ] GC(9) Concurrent Rebuild Remembered Sets and Scrub Regions
[2025-08-08T14:30:52.897+0000][7][gc,marking  ] GC(9) Concurrent Rebuild Remembered Sets and Scrub Regions 3.752ms
[2025-08-08T14:30:52.898+0000][7][gc,start    ] GC(9) Pause Cleanup
[2025-08-08T14:30:52.898+0000][7][gc          ] GC(9) Pause Cleanup 51M->51M(1024M) 0.233ms
[2025-08-08T14:30:52.898+0000][7][gc,cpu      ] GC(9) User=0.00s Sys=0.00s Real=0.00s
[2025-08-08T14:30:52.898+0000][7][safepoint   ] Safepoint "G1PauseCleanup", Time since last: 3977352 ns, Reaching safepoint: 433030 ns, Cleanup: 12123 ns, At safepoint: 322208 ns, Total: 767361 ns
[2025-08-08T14:30:52.898+0000][7][gc,marking  ] GC(9) Concurrent Clear Claimed Marks
[2025-08-08T14:30:52.899+0000][7][gc,marking  ] GC(9) Concurrent Clear Claimed Marks 0.122ms
[2025-08-08T14:30:52.899+0000][7][gc,marking  ] GC(9) Concurrent Cleanup for Next Mark
[2025-08-08T14:30:52.900+0000][7][gc,marking  ] GC(9) Concurrent Cleanup for Next Mark 1.265ms
[2025-08-08T14:30:52.900+0000][7][gc          ] GC(9) Concurrent Mark Cycle 33.654ms
[2025-08-08T14:30:54.669+0000][7][safepoint   ] Safepoint "Cleanup", Time since last: 1769459593 ns, Reaching safepoint: 754076 ns, Cleanup: 135029 ns, At safepoint: 40664 ns, Total: 929769 ns
[2025-08-08T14:30:55.882+0000][7][safepoint   ] Safepoint "Cleanup", Time since last: 1212966098 ns, Reaching safepoint: 489904 ns, Cleanup: 133470 ns, At safepoint: 32580 ns, Total: 655954 ns
[2025-08-08T14:30:56.884+0000][7][safepoint   ] Safepoint "Cleanup", Time since last: 1001262009 ns, Reaching safepoint: 635883 ns, Cleanup: 28199 ns, At safepoint: 30931 ns, Total: 695013 ns
[2025-08-08T14:30:58.211+0000][7][safepoint   ] Safepoint "Cleanup", Time since last: 1326852800 ns, Reaching safepoint: 41951 ns, Cleanup: 191239 ns, At safepoint: 36822 ns, Total: 270012 ns
[2025-08-08T14:30:58.955+0000][7][gc,start    ] GC(10) Pause Young (Concurrent Start) (Metadata GC Threshold)
[2025-08-08T14:30:58.955+0000][7][gc,task     ] GC(10) Using 8 workers of 8 for evacuation
[2025-08-08T14:30:58.955+0000][7][gc,age      ] GC(10) Desired survivor size 41943040 bytes, new threshold 15 (max threshold 15)
[2025-08-08T14:30:59.006+0000][7][gc,phases   ] GC(10)   Pre Evacuate Collection Set: 0.49ms
[2025-08-08T14:30:59.006+0000][7][gc,phases   ] GC(10)   Merge Heap Roots: 0.41ms
[2025-08-08T14:30:59.006+0000][7][gc,phases   ] GC(10)   Evacuate Collection Set: 35.42ms
[2025-08-08T14:30:59.006+0000][7][gc,phases   ] GC(10)   Post Evacuate Collection Set: 14.74ms
[2025-08-08T14:30:59.006+0000][7][gc,phases   ] GC(10)   Other: 0.25ms
[2025-08-08T14:30:59.006+0000][7][gc,age      ] GC(10) Age table with threshold 15 (max threshold 15)
[2025-08-08T14:30:59.006+0000][7][gc,age      ] GC(10) - age   1:   11423080 bytes,   11423080 total
[2025-08-08T14:30:59.007+0000][7][gc,age      ] GC(10) - age   2:      35520 bytes,   11458600 total
[2025-08-08T14:30:59.007+0000][7][gc,age      ] GC(10) - age   3:    5959272 bytes,   17417872 total
[2025-08-08T14:30:59.007+0000][7][gc,age      ] GC(10) - age   4:   22306736 bytes,   39724608 total
[2025-08-08T14:30:59.007+0000][7][gc,age      ] GC(10) - age   5:    1567736 bytes,   41292344 total
[2025-08-08T14:30:59.007+0000][7][gc,age      ] GC(10) - age   6:    6286760 bytes,   47579104 total
[2025-08-08T14:30:59.007+0000][7][gc,age      ] GC(10) - age   7:    1682840 bytes,   49261944 total
[2025-08-08T14:30:59.007+0000][7][gc,age      ] GC(10) - age   8:    1293464 bytes,   50555408 total
[2025-08-08T14:30:59.007+0000][7][gc,heap     ] GC(10) Eden regions: 113->0(139)
[2025-08-08T14:30:59.007+0000][7][gc,heap     ] GC(10) Survivor regions: 11->14(20)
[2025-08-08T14:30:59.007+0000][7][gc,heap     ] GC(10) Old regions: 2->2
[2025-08-08T14:30:59.007+0000][7][gc,heap     ] GC(10) Humongous regions: 0->0
[2025-08-08T14:30:59.007+0000][7][gc,metaspace] GC(10) Metaspace: 59920K(61248K)->59920K(61248K) NonClass: 51780K(52544K)->51780K(52544K) Class: 8140K(8704K)->8140K(8704K)
[2025-08-08T14:30:59.007+0000][7][gc          ] GC(10) Pause Young (Concurrent Start) (Metadata GC Threshold) 500M->61M(1024M) 51.687ms
[2025-08-08T14:30:59.007+0000][7][gc,cpu      ] GC(10) User=0.24s Sys=0.01s Real=0.06s
[2025-08-08T14:30:59.007+0000][7][safepoint   ] Safepoint "CollectForMetadataAllocation", Time since last: 743319110 ns, Reaching safepoint: 6529 ns, Cleanup: 129027 ns, At safepoint: 51986357 ns, Total: 52121913 ns
[2025-08-08T14:30:59.007+0000][7][gc          ] GC(11) Concurrent Mark Cycle
[2025-08-08T14:30:59.007+0000][7][gc,marking  ] GC(11) Concurrent Scan Root Regions
[2025-08-08T14:30:59.053+0000][7][gc,marking  ] GC(11) Concurrent Scan Root Regions 45.958ms
[2025-08-08T14:30:59.053+0000][7][gc,marking  ] GC(11) Concurrent Mark
[2025-08-08T14:30:59.053+0000][7][gc,marking  ] GC(11) Concurrent Mark From Roots
[2025-08-08T14:30:59.053+0000][7][gc,task     ] GC(11) Using 2 workers of 2 for marking
[2025-08-08T14:30:59.063+0000][7][gc,marking  ] GC(11) Concurrent Mark From Roots 10.297ms
[2025-08-08T14:30:59.063+0000][7][gc,marking  ] GC(11) Concurrent Preclean
[2025-08-08T14:30:59.064+0000][7][gc,marking  ] GC(11) Concurrent Preclean 0.059ms
[2025-08-08T14:30:59.064+0000][7][gc,start    ] GC(11) Pause Remark
[2025-08-08T14:30:59.075+0000][7][gc          ] GC(11) Pause Remark 65M->65M(1024M) 10.825ms
[2025-08-08T14:30:59.075+0000][7][gc,cpu      ] GC(11) User=0.03s Sys=0.01s Real=0.01s
[2025-08-08T14:30:59.075+0000][7][safepoint   ] Safepoint "G1PauseRemark", Time since last: 56708537 ns, Reaching safepoint: 383983 ns, Cleanup: 23042 ns, At safepoint: 11025697 ns, Total: 11432722 ns
[2025-08-08T14:30:59.079+0000][7][gc,marking  ] GC(11) Concurrent Mark 25.445ms
[2025-08-08T14:30:59.079+0000][7][gc,marking  ] GC(11) Concurrent Rebuild Remembered Sets and Scrub Regions
[2025-08-08T14:30:59.085+0000][7][gc,marking  ] GC(11) Concurrent Rebuild Remembered Sets and Scrub Regions 6.073ms
[2025-08-08T14:30:59.086+0000][7][gc,start    ] GC(11) Pause Cleanup
[2025-08-08T14:30:59.087+0000][7][gc          ] GC(11) Pause Cleanup 65M->65M(1024M) 0.910ms
[2025-08-08T14:30:59.087+0000][7][gc,cpu      ] GC(11) User=0.00s Sys=0.00s Real=0.00s
[2025-08-08T14:30:59.087+0000][7][safepoint   ] Safepoint "G1PauseCleanup", Time since last: 10465922 ns, Reaching safepoint: 709740 ns, Cleanup: 40797 ns, At safepoint: 1086114 ns, Total: 1836651 ns
[2025-08-08T14:30:59.087+0000][7][gc,marking  ] GC(11) Concurrent Clear Claimed Marks
[2025-08-08T14:30:59.088+0000][7][gc,marking  ] GC(11) Concurrent Clear Claimed Marks 0.174ms
[2025-08-08T14:30:59.088+0000][7][gc,marking  ] GC(11) Concurrent Cleanup for Next Mark
[2025-08-08T14:30:59.090+0000][7][gc,marking  ] GC(11) Concurrent Cleanup for Next Mark 2.281ms
[2025-08-08T14:30:59.090+0000][7][gc          ] GC(11) Concurrent Mark Cycle 83.138ms
[2025-08-08T14:31:00.138+0000][7][safepoint   ] Safepoint "Cleanup", Time since last: 1049906451 ns, Reaching safepoint: 446346 ns, Cleanup: 69690 ns, At safepoint: 44703 ns, Total: 560739 ns
[2025-08-08T14:31:01.356+0000][7][safepoint   ] Safepoint "Cleanup", Time since last: 1217476975 ns, Reaching safepoint: 287660 ns, Cleanup: 80639 ns, At safepoint: 37198 ns, Total: 405497 ns
[2025-08-08T14:31:02.569+0000][7][safepoint   ] Safepoint "ICBufferFull", Time since last: 1212764348 ns, Reaching safepoint: 6483 ns, Cleanup: 143286 ns, At safepoint: 26122 ns, Total: 175891 ns
[2025-08-08T14:31:03.382+0000][7][safepoint   ] Safepoint "ICBufferFull", Time since last: 813014590 ns, Reaching safepoint: 225413 ns, Cleanup: 142403 ns, At safepoint: 27518 ns, Total: 395334 ns
[2025-08-08T14:31:03.944+0000][7][safepoint   ] Safepoint "ICBufferFull", Time since last: 560983102 ns, Reaching safepoint: 552940 ns, Cleanup: 138555 ns, At safepoint: 80956 ns, Total: 772451 ns
[2025-08-08T14:31:04.414+0000][7][safepoint   ] Safepoint "ICBufferFull", Time since last: 469676530 ns, Reaching safepoint: 9638 ns, Cleanup: 138453 ns, At safepoint: 61012 ns, Total: 209103 ns
[2025-08-08T14:31:04.862+0000][7][safepoint   ] Safepoint "ICBufferFull", Time since last: 448342948 ns, Reaching safepoint: 10393 ns, Cleanup: 184953 ns, At safepoint: 69695 ns, Total: 265041 ns
[2025-08-08T14:31:04.946+0000][7][gc,start    ] GC(12) Pause Young (Concurrent Start) (Metadata GC Threshold)
[2025-08-08T14:31:04.946+0000][7][gc,task     ] GC(12) Using 8 workers of 8 for evacuation
[2025-08-08T14:31:04.946+0000][7][gc,age      ] GC(12) Desired survivor size 41943040 bytes, new threshold 6 (max threshold 15)
[2025-08-08T14:31:05.036+0000][7][gc,phases   ] GC(12)   Pre Evacuate Collection Set: 0.44ms
[2025-08-08T14:31:05.036+0000][7][gc,phases   ] GC(12)   Merge Heap Roots: 0.21ms
[2025-08-08T14:31:05.036+0000][7][gc,phases   ] GC(12)   Evacuate Collection Set: 79.25ms
[2025-08-08T14:31:05.036+0000][7][gc,phases   ] GC(12)   Post Evacuate Collection Set: 9.47ms
[2025-08-08T14:31:05.036+0000][7][gc,phases   ] GC(12)   Other: 0.39ms
[2025-08-08T14:31:05.036+0000][7][gc,age      ] GC(12) Age table with threshold 6 (max threshold 15)
[2025-08-08T14:31:05.036+0000][7][gc,age      ] GC(12) - age   1:   18385704 bytes,   18385704 total
[2025-08-08T14:31:05.036+0000][7][gc,age      ] GC(12) - age   2:   10605216 bytes,   28990920 total
[2025-08-08T14:31:05.036+0000][7][gc,age      ] GC(12) - age   3:      34920 bytes,   29025840 total
[2025-08-08T14:31:05.036+0000][7][gc,age      ] GC(12) - age   4:    5931120 bytes,   34956960 total
[2025-08-08T14:31:05.036+0000][7][gc,age      ] GC(12) - age   5:   22209448 bytes,   57166408 total
[2025-08-08T14:31:05.036+0000][7][gc,age      ] GC(12) - age   6:    1562912 bytes,   58729320 total
[2025-08-08T14:31:05.036+0000][7][gc,heap     ] GC(12) Eden regions: 88->0(137)
[2025-08-08T14:31:05.036+0000][7][gc,heap     ] GC(12) Survivor regions: 14->16(20)
[2025-08-08T14:31:05.036+0000][7][gc,heap     ] GC(12) Old regions: 2->5
[2025-08-08T14:31:05.036+0000][7][gc,heap     ] GC(12) Humongous regions: 2->2
[2025-08-08T14:31:05.036+0000][7][gc,metaspace] GC(12) Metaspace: 99818K(102656K)->99818K(102656K) NonClass: 85452K(86976K)->85452K(86976K) Class: 14365K(15680K)->14365K(15680K)
[2025-08-08T14:31:05.036+0000][7][gc          ] GC(12) Pause Young (Concurrent Start) (Metadata GC Threshold) 420M->86M(1024M) 90.119ms
[2025-08-08T14:31:05.036+0000][7][gc,cpu      ] GC(12) User=0.29s Sys=0.09s Real=0.10s
[2025-08-08T14:31:05.037+0000][7][safepoint   ] Safepoint "CollectForMetadataAllocation", Time since last: 82429290 ns, Reaching safepoint: 1132351 ns, Cleanup: 65079 ns, At safepoint: 90564787 ns, Total: 91762217 ns
[2025-08-08T14:31:05.037+0000][7][gc          ] GC(13) Concurrent Mark Cycle
[2025-08-08T14:31:05.037+0000][7][gc,marking  ] GC(13) Concurrent Scan Root Regions
[2025-08-08T14:31:05.108+0000][7][gc,marking  ] GC(13) Concurrent Scan Root Regions 71.252ms
[2025-08-08T14:31:05.108+0000][7][gc,marking  ] GC(13) Concurrent Mark
[2025-08-08T14:31:05.108+0000][7][gc,marking  ] GC(13) Concurrent Mark From Roots
[2025-08-08T14:31:05.108+0000][7][gc,task     ] GC(13) Using 2 workers of 2 for marking
[2025-08-08T14:31:05.122+0000][7][gc,marking  ] GC(13) Concurrent Mark From Roots 13.801ms
[2025-08-08T14:31:05.122+0000][7][gc,marking  ] GC(13) Concurrent Preclean
[2025-08-08T14:31:05.122+0000][7][gc,marking  ] GC(13) Concurrent Preclean 0.050ms
[2025-08-08T14:31:05.122+0000][7][gc,start    ] GC(13) Pause Remark
[2025-08-08T14:31:05.134+0000][7][gc          ] GC(13) Pause Remark 100M->100M(1024M) 11.194ms
[2025-08-08T14:31:05.134+0000][7][gc,cpu      ] GC(13) User=0.03s Sys=0.01s Real=0.01s
[2025-08-08T14:31:05.134+0000][7][safepoint   ] Safepoint "G1PauseRemark", Time since last: 85673434 ns, Reaching safepoint: 217007 ns, Cleanup: 21733 ns, At safepoint: 11398741 ns, Total: 11637481 ns
[2025-08-08T14:31:05.134+0000][7][gc,marking  ] GC(13) Concurrent Mark 26.006ms
[2025-08-08T14:31:05.134+0000][7][gc,marking  ] GC(13) Concurrent Rebuild Remembered Sets and Scrub Regions
[2025-08-08T14:31:05.141+0000][7][gc,marking  ] GC(13) Concurrent Rebuild Remembered Sets and Scrub Regions 7.002ms
[2025-08-08T14:31:05.141+0000][7][gc,start    ] GC(13) Pause Cleanup
[2025-08-08T14:31:05.142+0000][7][gc          ] GC(13) Pause Cleanup 101M->101M(1024M) 0.353ms
[2025-08-08T14:31:05.142+0000][7][gc,cpu      ] GC(13) User=0.00s Sys=0.00s Real=0.00s
[2025-08-08T14:31:05.142+0000][7][safepoint   ] Safepoint "G1PauseCleanup", Time since last: 7309257 ns, Reaching safepoint: 14434 ns, Cleanup: 17582 ns, At safepoint: 504924 ns, Total: 536940 ns
[2025-08-08T14:31:05.142+0000][7][gc,marking  ] GC(13) Concurrent Clear Claimed Marks
[2025-08-08T14:31:05.142+0000][7][gc,marking  ] GC(13) Concurrent Clear Claimed Marks 0.356ms
[2025-08-08T14:31:05.142+0000][7][gc,marking  ] GC(13) Concurrent Cleanup for Next Mark
[2025-08-08T14:31:05.144+0000][7][gc,marking  ] GC(13) Concurrent Cleanup for Next Mark 1.658ms
[2025-08-08T14:31:05.144+0000][7][gc          ] GC(13) Concurrent Mark Cycle 107.338ms
[2025-08-08T14:31:05.712+0000][7][safepoint   ] Safepoint "ICBufferFull", Time since last: 569624577 ns, Reaching safepoint: 15271 ns, Cleanup: 164656 ns, At safepoint: 38123 ns, Total: 218050 ns
[2025-08-08T14:31:06.712+0000][7][safepoint   ] Safepoint "Cleanup", Time since last: 1000673840 ns, Reaching safepoint: 13930 ns, Cleanup: 35686 ns, At safepoint: 9700 ns, Total: 59316 ns
[2025-08-08T14:31:07.713+0000][7][safepoint   ] Safepoint "Cleanup", Time since last: 1000595404 ns, Reaching safepoint: 11475 ns, Cleanup: 16282 ns, At safepoint: 8627 ns, Total: 36384 ns
[2025-08-08T14:31:08.714+0000][7][safepoint   ] Safepoint "Cleanup", Time since last: 1000768920 ns, Reaching safepoint: 11489 ns, Cleanup: 12856 ns, At safepoint: 8731 ns, Total: 33076 ns
[2025-08-08T14:31:09.714+0000][7][safepoint   ] Safepoint "Cleanup", Time since last: 1000314283 ns, Reaching safepoint: 11233 ns, Cleanup: 17497 ns, At safepoint: 12438 ns, Total: 41168 ns
[2025-08-08T14:31:10.715+0000][7][safepoint   ] Safepoint "Cleanup", Time since last: 1000615270 ns, Reaching safepoint: 48952 ns, Cleanup: 26199 ns, At safepoint: 18734 ns, Total: 93885 ns
[2025-08-08T14:31:12.715+0000][7][safepoint   ] Safepoint "Cleanup", Time since last: 2000681966 ns, Reaching safepoint: 11540 ns, Cleanup: 12767 ns, At safepoint: 9178 ns, Total: 33485 ns
[2025-08-08T14:31:13.716+0000][7][safepoint   ] Safepoint "Cleanup", Time since last: 1000352534 ns, Reaching safepoint: 13609 ns, Cleanup: 18434 ns, At safepoint: 14185 ns, Total: 46228 ns
[2025-08-08T14:31:14.717+0000][7][safepoint   ] Safepoint "Cleanup", Time since last: 1000910650 ns, Reaching safepoint: 14427 ns, Cleanup: 22989 ns, At safepoint: 25272 ns, Total: 62688 ns
[2025-08-08T14:31:15.717+0000][7][safepoint   ] Safepoint "Cleanup", Time since last: 1000579947 ns, Reaching safepoint: 16466 ns, Cleanup: 18191 ns, At safepoint: 11451 ns, Total: 46108 ns
[2025-08-08T14:31:16.718+0000][7][safepoint   ] Safepoint "Cleanup", Time since last: 1000478532 ns, Reaching safepoint: 12813 ns, Cleanup: 405719 ns, At safepoint: 85547 ns, Total: 504079 ns
[2025-08-08T14:31:17.720+0000][7][safepoint   ] Safepoint "Cleanup", Time since last: 1000983220 ns, Reaching safepoint: 553315 ns, Cleanup: 14703 ns, At safepoint: 85281 ns, Total: 653299 ns
[2025-08-08T14:31:18.831+0000][7][safepoint   ] Safepoint "Cleanup", Time since last: 1111108706 ns, Reaching safepoint: 22592 ns, Cleanup: 54505 ns, At safepoint: 14747 ns, Total: 91844 ns
[2025-08-08T14:31:19.832+0000][7][safepoint   ] Safepoint "Cleanup", Time since last: 1000969013 ns, Reaching safepoint: 24993 ns, Cleanup: 19976 ns, At safepoint: 12541 ns, Total: 57510 ns
[2025-08-08T14:31:21.833+0000][7][safepoint   ] Safepoint "Cleanup", Time since last: 2000567625 ns, Reaching safepoint: 44634 ns, Cleanup: 13169 ns, At safepoint: 8011 ns, Total: 65814 ns
[2025-08-08T14:31:23.833+0000][7][safepoint   ] Safepoint "Cleanup", Time since last: 2000507318 ns, Reaching safepoint: 17430 ns, Cleanup: 17839 ns, At safepoint: 9222 ns, Total: 44491 ns
[2025-08-08T14:31:24.834+0000][7][safepoint   ] Safepoint "Cleanup", Time since last: 1000320008 ns, Reaching safepoint: 20628 ns, Cleanup: 23169 ns, At safepoint: 11523 ns, Total: 55320 ns
[2025-08-08T14:31:25.834+0000][7][safepoint   ] Safepoint "Cleanup", Time since last: 1000162646 ns, Reaching safepoint: 16184 ns, Cleanup: 19225 ns, At safepoint: 8970 ns, Total: 44379 ns
[2025-08-08T14:31:27.835+0000][7][safepoint   ] Safepoint "Cleanup", Time since last: 2000502991 ns, Reaching safepoint: 51997 ns, Cleanup: 16299 ns, At safepoint: 10817 ns, Total: 79113 ns
[2025-08-08T14:31:28.835+0000][7][safepoint   ] Safepoint "Cleanup", Time since last: 1000572176 ns, Reaching safepoint: 16128 ns, Cleanup: 15927 ns, At safepoint: 9807 ns, Total: 41862 ns
[2025-08-08T14:31:29.838+0000][7][safepoint   ] Safepoint "Cleanup", Time since last: 1002719386 ns, Reaching safepoint: 20284 ns, Cleanup: 22362 ns, At safepoint: 13012 ns, Total: 55658 ns
[2025-08-08T14:31:32.841+0000][7][safepoint   ] Safepoint "Cleanup", Time since last: 3003238890 ns, Reaching safepoint: 44288 ns, Cleanup: 15999 ns, At safepoint: 8473 ns, Total: 68760 ns
[2025-08-08T14:31:33.843+0000][7][safepoint   ] Safepoint "Cleanup", Time since last: 1000896896 ns, Reaching safepoint: 281354 ns, Cleanup: 27559 ns, At safepoint: 13930 ns, Total: 322843 ns
[2025-08-08T14:31:34.843+0000][7][safepoint   ] Safepoint "Cleanup", Time since last: 1000740081 ns, Reaching safepoint: 30988 ns, Cleanup: 52892 ns, At safepoint: 23763 ns, Total: 107643 ns
[2025-08-08T14:31:35.844+0000][7][safepoint   ] Safepoint "Cleanup", Time since last: 1000437880 ns, Reaching safepoint: 19271 ns, Cleanup: 32857 ns, At safepoint: 13102 ns, Total: 65230 ns
[2025-08-08T14:31:37.845+0000][7][safepoint   ] Safepoint "Cleanup", Time since last: 2000852208 ns, Reaching safepoint: 85806 ns, Cleanup: 14984 ns, At safepoint: 9792 ns, Total: 110582 ns
[2025-08-08T14:31:38.845+0000][7][safepoint   ] Safepoint "Cleanup", Time since last: 1000182685 ns, Reaching safepoint: 54443 ns, Cleanup: 15839 ns, At safepoint: 9531 ns, Total: 79813 ns
[2025-08-08T14:31:43.437+0000][7][safepoint   ] Safepoint "Cleanup", Time since last: 4592263859 ns, Reaching safepoint: 30376 ns, Cleanup: 12852 ns, At safepoint: 3834 ns, Total: 47062 ns
[2025-08-08T14:31:44.438+0000][7][safepoint   ] Safepoint "Cleanup", Time since last: 1000392317 ns, Reaching safepoint: 19326 ns, Cleanup: 43500 ns, At safepoint: 12200 ns, Total: 75026 ns
[2025-08-08T14:31:46.440+0000][7][safepoint   ] Safepoint "Cleanup", Time since last: 2001848597 ns, Reaching safepoint: 18227 ns, Cleanup: 22260 ns, At safepoint: 10152 ns, Total: 50639 ns
[2025-08-08T14:31:47.441+0000][7][safepoint   ] Safepoint "Cleanup", Time since last: 1001186671 ns, Reaching safepoint: 42323 ns, Cleanup: 18885 ns, At safepoint: 8130 ns, Total: 69338 ns
[2025-08-08T14:31:50.442+0000][7][safepoint   ] Safepoint "Cleanup", Time since last: 3001148431 ns, Reaching safepoint: 18508 ns, Cleanup: 73781 ns, At safepoint: 13043 ns, Total: 105332 ns
[2025-08-08T14:31:51.443+0000][7][safepoint   ] Safepoint "Cleanup", Time since last: 1000960386 ns, Reaching safepoint: 16902 ns, Cleanup: 16144 ns, At safepoint: 9707 ns, Total: 42753 ns
[2025-08-08T14:31:52.444+0000][7][safepoint   ] Safepoint "Cleanup", Time since last: 1000857727 ns, Reaching safepoint: 45052 ns, Cleanup: 18075 ns, At safepoint: 8884 ns, Total: 72011 ns
[2025-08-08T14:31:53.445+0000][7][safepoint   ] Safepoint "Cleanup", Time since last: 1000585804 ns, Reaching safepoint: 16484 ns, Cleanup: 15285 ns, At safepoint: 9414 ns, Total: 41183 ns
[2025-08-08T14:31:54.445+0000][7][safepoint   ] Safepoint "Cleanup", Time since last: 1000221444 ns, Reaching safepoint: 17470 ns, Cleanup: 16084 ns, At safepoint: 9281 ns, Total: 42835 ns
[2025-08-08T14:31:55.446+0000][7][safepoint   ] Safepoint "Cleanup", Time since last: 1000294540 ns, Reaching safepoint: 20380 ns, Cleanup: 22957 ns, At safepoint: 11433 ns, Total: 54770 ns
[2025-08-08T14:31:57.446+0000][7][safepoint   ] Safepoint "Cleanup", Time since last: 2000748480 ns, Reaching safepoint: 57949 ns, Cleanup: 25193 ns, At safepoint: 11148 ns, Total: 94290 ns
[2025-08-08T14:31:58.447+0000][7][safepoint   ] Safepoint "Cleanup", Time since last: 1000303153 ns, Reaching safepoint: 13253 ns, Cleanup: 17911 ns, At safepoint: 8014 ns, Total: 39178 ns
[2025-08-08T14:31:59.447+0000][7][safepoint   ] Safepoint "Cleanup", Time since last: 1000332776 ns, Reaching safepoint: 79317 ns, Cleanup: 22408 ns, At safepoint: 28650 ns, Total: 130375 ns
[2025-08-08T14:32:01.450+0000][7][safepoint   ] Safepoint "Cleanup", Time since last: 2001973567 ns, Reaching safepoint: 17825 ns, Cleanup: 373652 ns, At safepoint: 45171 ns, Total: 436648 ns
[2025-08-08T14:32:03.455+0000][7][safepoint   ] Safepoint "Cleanup", Time since last: 2005089365 ns, Reaching safepoint: 41728 ns, Cleanup: 20308 ns, At safepoint: 8770 ns, Total: 70806 ns
[2025-08-08T14:32:04.455+0000][7][safepoint   ] Safepoint "Cleanup", Time since last: 1000629449 ns, Reaching safepoint: 18647 ns, Cleanup: 24865 ns, At safepoint: 10376 ns, Total: 53888 ns
[2025-08-08T14:32:05.456+0000][7][safepoint   ] Safepoint "Cleanup", Time since last: 1000511239 ns, Reaching safepoint: 17415 ns, Cleanup: 36181 ns, At safepoint: 11507 ns, Total: 65103 ns
[2025-08-08T14:32:06.459+0000][7][safepoint   ] Safepoint "Cleanup", Time since last: 1001252302 ns, Reaching safepoint: 1780470 ns, Cleanup: 184883 ns, At safepoint: 26857 ns, Total: 1992210 ns
[2025-08-08T14:32:07.546+0000][7][safepoint   ] Safepoint "Cleanup", Time since last: 1086348794 ns, Reaching safepoint: 58002 ns, Cleanup: 81496 ns, At safepoint: 11962 ns, Total: 151460 ns
[2025-08-08T14:32:08.546+0000][7][safepoint   ] Safepoint "Cleanup", Time since last: 1000270473 ns, Reaching safepoint: 17383 ns, Cleanup: 20263 ns, At safepoint: 10739 ns, Total: 48385 ns
[2025-08-08T14:32:10.550+0000][7][safepoint   ] Safepoint "Cleanup", Time since last: 2004001552 ns, Reaching safepoint: 17859 ns, Cleanup: 17566 ns, At safepoint: 9693 ns, Total: 45118 ns
[2025-08-08T14:32:12.551+0000][7][safepoint   ] Safepoint "Cleanup", Time since last: 2001127055 ns, Reaching safepoint: 54568 ns, Cleanup: 15850 ns, At safepoint: 17984 ns, Total: 88402 ns
[2025-08-08T14:32:14.552+0000][7][safepoint   ] Safepoint "Cleanup", Time since last: 2000761266 ns, Reaching safepoint: 18104 ns, Cleanup: 22193 ns, At safepoint: 10751 ns, Total: 51048 ns
[2025-08-08T14:32:17.553+0000][7][safepoint   ] Safepoint "Cleanup", Time since last: 3000574712 ns, Reaching safepoint: 18847 ns, Cleanup: 64050 ns, At safepoint: 9792 ns, Total: 92689 ns
[2025-08-08T14:32:18.554+0000][7][safepoint   ] Safepoint "Cleanup", Time since last: 1000909542 ns, Reaching safepoint: 19753 ns, Cleanup: 32630 ns, At safepoint: 10462 ns, Total: 62845 ns
[2025-08-08T14:32:19.554+0000][7][safepoint   ] Safepoint "Cleanup", Time since last: 1000242038 ns, Reaching safepoint: 19521 ns, Cleanup: 38065 ns, At safepoint: 11913 ns, Total: 69499 ns
[2025-08-08T14:32:20.554+0000][7][safepoint   ] Safepoint "Cleanup", Time since last: 1000212013 ns, Reaching safepoint: 10163 ns, Cleanup: 17416 ns, At safepoint: 7678 ns, Total: 35257 ns
[2025-08-08T14:32:25.559+0000][7][safepoint   ] Safepoint "Cleanup", Time since last: 5004432075 ns, Reaching safepoint: 19867 ns, Cleanup: 15970 ns, At safepoint: 9545 ns, Total: 45382 ns
[2025-08-08T14:32:33.562+0000][7][safepoint   ] Safepoint "Cleanup", Time since last: 8003203578 ns, Reaching safepoint: 25586 ns, Cleanup: 14162 ns, At safepoint: 7043 ns, Total: 46791 ns
[2025-08-08T14:32:34.562+0000][7][safepoint   ] Safepoint "Cleanup", Time since last: 1000168804 ns, Reaching safepoint: 17217 ns, Cleanup: 18478 ns, At safepoint: 8824 ns, Total: 44519 ns
[2025-08-08T14:32:35.563+0000][7][safepoint   ] Safepoint "Cleanup", Time since last: 1000289318 ns, Reaching safepoint: 11468 ns, Cleanup: 14990 ns, At safepoint: 6315 ns, Total: 32773 ns
[2025-08-08T14:32:39.564+0000][7][safepoint   ] Safepoint "Cleanup", Time since last: 4001729472 ns, Reaching safepoint: 51190 ns, Cleanup: 13974 ns, At safepoint: 8779 ns, Total: 73943 ns
[2025-08-08T14:32:40.565+0000][7][safepoint   ] Safepoint "Cleanup", Time since last: 1000915453 ns, Reaching safepoint: 17621 ns, Cleanup: 18560 ns, At safepoint: 10336 ns, Total: 46517 ns
[2025-08-08T14:32:41.566+0000][7][safepoint   ] Safepoint "Cleanup", Time since last: 1000284978 ns, Reaching safepoint: 20406 ns, Cleanup: 20047 ns, At safepoint: 12228 ns, Total: 52681 ns
[2025-08-08T14:32:44.583+0000][7][safepoint   ] Safepoint "Cleanup", Time since last: 3016889817 ns, Reaching safepoint: 22140 ns, Cleanup: 19126 ns, At safepoint: 10568 ns, Total: 51834 ns
[2025-08-08T14:32:46.584+0000][7][safepoint   ] Safepoint "Cleanup", Time since last: 2001600995 ns, Reaching safepoint: 11501 ns, Cleanup: 18456 ns, At safepoint: 6945 ns, Total: 36902 ns
[2025-08-08T14:32:50.587+0000][7][safepoint   ] Safepoint "Cleanup", Time since last: 4003084602 ns, Reaching safepoint: 15940 ns, Cleanup: 13065 ns, At safepoint: 7523 ns, Total: 36528 ns
[2025-08-08T14:32:52.589+0000][7][safepoint   ] Safepoint "Cleanup", Time since last: 2001076174 ns, Reaching safepoint: 15941 ns, Cleanup: 16366 ns, At safepoint: 8938 ns, Total: 41245 ns
[2025-08-08T14:32:58.592+0000][7][safepoint   ] Safepoint "Cleanup", Time since last: 6003167366 ns, Reaching safepoint: 34310 ns, Cleanup: 18119 ns, At safepoint: 6992 ns, Total: 59421 ns
[2025-08-08T14:33:00.593+0000][7][safepoint   ] Safepoint "Cleanup", Time since last: 2000795996 ns, Reaching safepoint: 17318 ns, Cleanup: 17857 ns, At safepoint: 11011 ns, Total: 46186 ns
[2025-08-08T14:33:04.594+0000][7][safepoint   ] Safepoint "Cleanup", Time since last: 4001562561 ns, Reaching safepoint: 50702 ns, Cleanup: 16194 ns, At safepoint: 8839 ns, Total: 75735 ns
[2025-08-08T14:33:05.595+0000][7][safepoint   ] Safepoint "Cleanup", Time since last: 1000283409 ns, Reaching safepoint: 17897 ns, Cleanup: 21492 ns, At safepoint: 8957 ns, Total: 48346 ns
[2025-08-08T14:33:07.595+0000][7][safepoint   ] Safepoint "Cleanup", Time since last: 2000540240 ns, Reaching safepoint: 15152 ns, Cleanup: 13702 ns, At safepoint: 7130 ns, Total: 35984 ns
[2025-08-08T14:33:09.596+0000][7][safepoint   ] Safepoint "Cleanup", Time since last: 2000440872 ns, Reaching safepoint: 43648 ns, Cleanup: 17152 ns, At safepoint: 7869 ns, Total: 68669 ns
[2025-08-08T14:33:10.597+0000][7][safepoint   ] Safepoint "Cleanup", Time since last: 1000986739 ns, Reaching safepoint: 16097 ns, Cleanup: 17792 ns, At safepoint: 8163 ns, Total: 42052 ns
[2025-08-08T14:33:12.599+0000][7][safepoint   ] Safepoint "Cleanup", Time since last: 2001796417 ns, Reaching safepoint: 74643 ns, Cleanup: 37083 ns, At safepoint: 68508 ns, Total: 180234 ns
[2025-08-08T14:33:13.600+0000][7][safepoint   ] Safepoint "Cleanup", Time since last: 1001058654 ns, Reaching safepoint: 38137 ns, Cleanup: 13277 ns, At safepoint: 12055 ns, Total: 63469 ns
[2025-08-08T14:33:19.603+0000][7][safepoint   ] Safepoint "Cleanup", Time since last: 6002968457 ns, Reaching safepoint: 52906 ns, Cleanup: 16404 ns, At safepoint: 7116 ns, Total: 76426 ns
[2025-08-08T14:33:29.606+0000][7][safepoint   ] Safepoint "Cleanup", Time since last: 10003543292 ns, Reaching safepoint: 47308 ns, Cleanup: 17278 ns, At safepoint: 12487 ns, Total: 77073 ns
[2025-08-08T14:33:30.607+0000][7][safepoint   ] Safepoint "Cleanup", Time since last: 1000202128 ns, Reaching safepoint: 11139 ns, Cleanup: 13377 ns, At safepoint: 6840 ns, Total: 31356 ns
[2025-08-08T14:33:32.607+0000][7][safepoint   ] Safepoint "Cleanup", Time since last: 2000676063 ns, Reaching safepoint: 19627 ns, Cleanup: 16774 ns, At safepoint: 11588 ns, Total: 47989 ns
[2025-08-08T14:33:46.772+0000][7][safepoint   ] Safepoint "Cleanup", Time since last: 14164498190 ns, Reaching safepoint: 40586 ns, Cleanup: 13173 ns, At safepoint: 7809 ns, Total: 61568 ns
[2025-08-08T14:33:50.774+0000][7][safepoint   ] Safepoint "Cleanup", Time since last: 4001864613 ns, Reaching safepoint: 42549 ns, Cleanup: 30239 ns, At safepoint: 10512 ns, Total: 83300 ns
[2025-08-08T14:33:52.824+0000][7][safepoint   ] Safepoint "Cleanup", Time since last: 2049704228 ns, Reaching safepoint: 6705 ns, Cleanup: 12108 ns, At safepoint: 4138 ns, Total: 22951 ns
[2025-08-08T14:33:53.824+0000][7][safepoint   ] Safepoint "Cleanup", Time since last: 1000371106 ns, Reaching safepoint: 16031 ns, Cleanup: 15304 ns, At safepoint: 8268 ns, Total: 39603 ns
[2025-08-08T14:33:54.824+0000][7][safepoint   ] Safepoint "Cleanup", Time since last: 1000168571 ns, Reaching safepoint: 42775 ns, Cleanup: 12824 ns, At safepoint: 8898 ns, Total: 64497 ns
[2025-08-08T14:33:59.826+0000][7][safepoint   ] Safepoint "Cleanup", Time since last: 5002046165 ns, Reaching safepoint: 47260 ns, Cleanup: 18208 ns, At safepoint: 10823 ns, Total: 76291 ns
[2025-08-08T14:34:01.829+0000][7][safepoint   ] Safepoint "Cleanup", Time since last: 2002226314 ns, Reaching safepoint: 15417 ns, Cleanup: 15123 ns, At safepoint: 8223 ns, Total: 38763 ns
[2025-08-08T14:34:04.834+0000][7][safepoint   ] Safepoint "Cleanup", Time since last: 3004943844 ns, Reaching safepoint: 37524 ns, Cleanup: 18600 ns, At safepoint: 12484 ns, Total: 68608 ns
[2025-08-08T14:34:05.834+0000][7][safepoint   ] Safepoint "Cleanup", Time since last: 1000755952 ns, Reaching safepoint: 14745 ns, Cleanup: 16047 ns, At safepoint: 7615 ns, Total: 38407 ns
[2025-08-08T14:34:07.835+0000][7][safepoint   ] Safepoint "Cleanup", Time since last: 2000434512 ns, Reaching safepoint: 18608 ns, Cleanup: 20826 ns, At safepoint: 10270 ns, Total: 49704 ns
[2025-08-08T14:34:09.836+0000][7][safepoint   ] Safepoint "Cleanup", Time since last: 2001174358 ns, Reaching safepoint: 19558 ns, Cleanup: 24093 ns, At safepoint: 11198 ns, Total: 54849 ns
[2025-08-08T14:34:14.839+0000][7][safepoint   ] Safepoint "Cleanup", Time since last: 5002916498 ns, Reaching safepoint: 42109 ns, Cleanup: 15041 ns, At safepoint: 7165 ns, Total: 64315 ns
[2025-08-08T14:34:16.843+0000][7][safepoint   ] Safepoint "Cleanup", Time since last: 2004193502 ns, Reaching safepoint: 30822 ns, Cleanup: 19299 ns, At safepoint: 6153 ns, Total: 56274 ns
[2025-08-08T14:34:26.851+0000][7][safepoint   ] Safepoint "Cleanup", Time since last: 10007642275 ns, Reaching safepoint: 44181 ns, Cleanup: 17773 ns, At safepoint: 8244 ns, Total: 70198 ns
[2025-08-08T14:34:28.852+0000][7][safepoint   ] Safepoint "Cleanup", Time since last: 2000919801 ns, Reaching safepoint: 15261 ns, Cleanup: 14972 ns, At safepoint: 8142 ns, Total: 38375 ns
[2025-08-08T14:34:34.858+0000][7][safepoint   ] Safepoint "Cleanup", Time since last: 6005771930 ns, Reaching safepoint: 43752 ns, Cleanup: 21062 ns, At safepoint: 8327 ns, Total: 73141 ns
[2025-08-08T14:34:35.858+0000][7][safepoint   ] Safepoint "Cleanup", Time since last: 1000398756 ns, Reaching safepoint: 44375 ns, Cleanup: 19393 ns, At safepoint: 16037 ns, Total: 79805 ns
[2025-08-08T14:34:39.859+0000][7][safepoint   ] Safepoint "Cleanup", Time since last: 4000753154 ns, Reaching safepoint: 14574 ns, Cleanup: 14841 ns, At safepoint: 7898 ns, Total: 37313 ns
[2025-08-08T14:34:49.905+0000][7][safepoint   ] Safepoint "Cleanup", Time since last: 10045385035 ns, Reaching safepoint: 34865 ns, Cleanup: 13040 ns, At safepoint: 6392 ns, Total: 54297 ns
[2025-08-08T14:34:54.907+0000][7][safepoint   ] Safepoint "Cleanup", Time since last: 5001810181 ns, Reaching safepoint: 39531 ns, Cleanup: 36245 ns, At safepoint: 7943 ns, Total: 83719 ns
[2025-08-08T14:34:58.909+0000][7][safepoint   ] Safepoint "Cleanup", Time since last: 4002797923 ns, Reaching safepoint: 18020 ns, Cleanup: 15351 ns, At safepoint: 8052 ns, Total: 41423 ns
[2025-08-08T14:35:00.910+0000][7][safepoint   ] Safepoint "Cleanup", Time since last: 2000995378 ns, Reaching safepoint: 17945 ns, Cleanup: 27039 ns, At safepoint: 8736 ns, Total: 53720 ns
[2025-08-08T14:35:01.912+0000][7][safepoint   ] Safepoint "Cleanup", Time since last: 1000270633 ns, Reaching safepoint: 35457 ns, Cleanup: 19096 ns, At safepoint: 9741 ns, Total: 64294 ns
[2025-08-08T14:35:02.912+0000][7][safepoint   ] Safepoint "Cleanup", Time since last: 1001603117 ns, Reaching safepoint: 15121 ns, Cleanup: 19694 ns, At safepoint: 7078 ns, Total: 41893 ns
[2025-08-08T14:35:04.913+0000][7][safepoint   ] Safepoint "Cleanup", Time since last: 2000850561 ns, Reaching safepoint: 18983 ns, Cleanup: 24874 ns, At safepoint: 8471 ns, Total: 52328 ns
[2025-08-08T14:35:06.917+0000][7][safepoint   ] Safepoint "Cleanup", Time since last: 2003688890 ns, Reaching safepoint: 35607 ns, Cleanup: 13273 ns, At safepoint: 6743 ns, Total: 55623 ns
[2025-08-08T14:35:10.919+0000][7][safepoint   ] Safepoint "Cleanup", Time since last: 4002134678 ns, Reaching safepoint: 14588 ns, Cleanup: 18757 ns, At safepoint: 8032 ns, Total: 41377 ns
[2025-08-08T14:35:15.921+0000][7][safepoint   ] Safepoint "Cleanup", Time since last: 5001376101 ns, Reaching safepoint: 51031 ns, Cleanup: 14977 ns, At safepoint: 9437 ns, Total: 75445 ns
[2025-08-08T14:35:19.922+0000][7][safepoint   ] Safepoint "Cleanup", Time since last: 4001623606 ns, Reaching safepoint: 38917 ns, Cleanup: 14899 ns, At safepoint: 7243 ns, Total: 61059 ns
[2025-08-08T14:35:21.923+0000][7][safepoint   ] Safepoint "Cleanup", Time since last: 2000978255 ns, Reaching safepoint: 44183 ns, Cleanup: 28283 ns, At safepoint: 13182 ns, Total: 85648 ns
[2025-08-08T14:35:27.930+0000][7][safepoint   ] Safepoint "Cleanup", Time since last: 6006793724 ns, Reaching safepoint: 15476 ns, Cleanup: 13043 ns, At safepoint: 7840 ns, Total: 36359 ns
[2025-08-08T14:35:29.931+0000][7][safepoint   ] Safepoint "Cleanup", Time since last: 2000904030 ns, Reaching safepoint: 16494 ns, Cleanup: 16116 ns, At safepoint: 9649 ns, Total: 42259 ns
[2025-08-08T14:35:34.933+0000][7][safepoint   ] Safepoint "Cleanup", Time since last: 5001782104 ns, Reaching safepoint: 39178 ns, Cleanup: 14909 ns, At safepoint: 8169 ns, Total: 62256 ns
[2025-08-08T14:35:38.936+0000][7][safepoint   ] Safepoint "Cleanup", Time since last: 4002799621 ns, Reaching safepoint: 52345 ns, Cleanup: 14415 ns, At safepoint: 9485 ns, Total: 76245 ns
[2025-08-08T14:35:49.048+0000][7][safepoint   ] Safepoint "Cleanup", Time since last: 10111961424 ns, Reaching safepoint: 42359 ns, Cleanup: 14649 ns, At safepoint: 8053 ns, Total: 65061 ns
[2025-08-08T14:35:53.050+0000][7][safepoint   ] Safepoint "Cleanup", Time since last: 4001725512 ns, Reaching safepoint: 38029 ns, Cleanup: 13967 ns, At safepoint: 10252 ns, Total: 62248 ns
[2025-08-08T14:35:55.051+0000][7][safepoint   ] Safepoint "Cleanup", Time since last: 2001690135 ns, Reaching safepoint: 11974 ns, Cleanup: 7854 ns, At safepoint: 38670 ns, Total: 58498 ns
[2025-08-08T14:35:58.053+0000][7][safepoint   ] Safepoint "Cleanup", Time since last: 3001478188 ns, Reaching safepoint: 41987 ns, Cleanup: 16348 ns, At safepoint: 12586 ns, Total: 70921 ns
[2025-08-08T14:36:02.057+0000][7][safepoint   ] Safepoint "Cleanup", Time since last: 4003539554 ns, Reaching safepoint: 15588 ns, Cleanup: 11676 ns, At safepoint: 7915 ns, Total: 35179 ns
[2025-08-08T14:36:04.058+0000][7][safepoint   ] Safepoint "Cleanup", Time since last: 2001848619 ns, Reaching safepoint: 11474 ns, Cleanup: 16374 ns, At safepoint: 6457 ns, Total: 34305 ns
[2025-08-08T14:36:06.062+0000][7][safepoint   ] Safepoint "Cleanup", Time since last: 2003767139 ns, Reaching safepoint: 11273 ns, Cleanup: 17065 ns, At safepoint: 7584 ns, Total: 35922 ns
[2025-08-08T14:36:07.062+0000][7][safepoint   ] Safepoint "Cleanup", Time since last: 1000116349 ns, Reaching safepoint: 14299 ns, Cleanup: 16640 ns, At safepoint: 8523 ns, Total: 39462 ns
[2025-08-08T14:36:08.063+0000][7][safepoint   ] Safepoint "Cleanup", Time since last: 1000548817 ns, Reaching safepoint: 14155 ns, Cleanup: 20220 ns, At safepoint: 8222 ns, Total: 42597 ns
[2025-08-08T14:36:10.065+0000][7][safepoint   ] Safepoint "Cleanup", Time since last: 2002096468 ns, Reaching safepoint: 11003 ns, Cleanup: 13905 ns, At safepoint: 6916 ns, Total: 31824 ns
[2025-08-08T14:36:11.068+0000][7][safepoint   ] Safepoint "Cleanup", Time since last: 1002341424 ns, Reaching safepoint: 16709 ns, Cleanup: 17392 ns, At safepoint: 8976 ns, Total: 43077 ns
[2025-08-08T14:36:12.068+0000][7][safepoint   ] Safepoint "Cleanup", Time since last: 1000361215 ns, Reaching safepoint: 16726 ns, Cleanup: 15860 ns, At safepoint: 11256 ns, Total: 43842 ns
[2025-08-08T14:36:15.070+0000][7][safepoint   ] Safepoint "Cleanup", Time since last: 3001724224 ns, Reaching safepoint: 35016 ns, Cleanup: 13543 ns, At safepoint: 6446 ns, Total: 55005 ns
[2025-08-08T14:36:18.071+0000][7][safepoint   ] Safepoint "Cleanup", Time since last: 3001082930 ns, Reaching safepoint: 36128 ns, Cleanup: 14108 ns, At safepoint: 11922 ns, Total: 62158 ns
[2025-08-08T14:36:19.071+0000][7][safepoint   ] Safepoint "Cleanup", Time since last: 1000261175 ns, Reaching safepoint: 23545 ns, Cleanup: 23515 ns, At safepoint: 11361 ns, Total: 58421 ns
[2025-08-08T14:36:25.077+0000][7][safepoint   ] Safepoint "Cleanup", Time since last: 6005257068 ns, Reaching safepoint: 96389 ns, Cleanup: 14612 ns, At safepoint: 8120 ns, Total: 119121 ns
[2025-08-08T14:36:27.078+0000][7][safepoint   ] Safepoint "Cleanup", Time since last: 2000733338 ns, Reaching safepoint: 11113 ns, Cleanup: 228451 ns, At safepoint: 16366 ns, Total: 255930 ns
[2025-08-08T14:36:30.079+0000][7][safepoint   ] Safepoint "Cleanup", Time since last: 3001727714 ns, Reaching safepoint: 44723 ns, Cleanup: 19618 ns, At safepoint: 9337 ns, Total: 73678 ns
[2025-08-08T14:36:31.080+0000][7][safepoint   ] Safepoint "Cleanup", Time since last: 1000248101 ns, Reaching safepoint: 13750 ns, Cleanup: 14633 ns, At safepoint: 8551 ns, Total: 36934 ns
[2025-08-08T14:36:32.081+0000][7][safepoint   ] Safepoint "Cleanup", Time since last: 1001473851 ns, Reaching safepoint: 13049 ns, Cleanup: 13187 ns, At safepoint: 7965 ns, Total: 34201 ns
[2025-08-08T14:36:34.082+0000][7][safepoint   ] Safepoint "Cleanup", Time since last: 2000842168 ns, Reaching safepoint: 33082 ns, Cleanup: 15667 ns, At safepoint: 5956 ns, Total: 54705 ns
[2025-08-08T14:36:37.083+0000][7][safepoint   ] Safepoint "Cleanup", Time since last: 3000518206 ns, Reaching safepoint: 16541 ns, Cleanup: 15857 ns, At safepoint: 22956 ns, Total: 55354 ns
[2025-08-08T14:36:40.084+0000][7][safepoint   ] Safepoint "Cleanup", Time since last: 3001077309 ns, Reaching safepoint: 29206 ns, Cleanup: 15527 ns, At safepoint: 6240 ns, Total: 50973 ns
[2025-08-08T14:36:42.085+0000][7][safepoint   ] Safepoint "Cleanup", Time since last: 2000909182 ns, Reaching safepoint: 14418 ns, Cleanup: 17483 ns, At safepoint: 8557 ns, Total: 40458 ns
[2025-08-08T14:36:44.086+0000][7][safepoint   ] Safepoint "Cleanup", Time since last: 2000763278 ns, Reaching safepoint: 46162 ns, Cleanup: 13931 ns, At safepoint: 14761 ns, Total: 74854 ns
[2025-08-08T14:36:54.203+0000][7][safepoint   ] Safepoint "Cleanup", Time since last: 10117753268 ns, Reaching safepoint: 48785 ns, Cleanup: 16327 ns, At safepoint: 9713 ns, Total: 74825 ns
[2025-08-08T14:37:07.212+0000][7][safepoint   ] Safepoint "Cleanup", Time since last: 13008147609 ns, Reaching safepoint: 15466 ns, Cleanup: 15637 ns, At safepoint: 8576 ns, Total: 39679 ns
[2025-08-08T14:37:15.215+0000][7][safepoint   ] Safepoint "Cleanup", Time since last: 8003344257 ns, Reaching safepoint: 33331 ns, Cleanup: 20683 ns, At safepoint: 6620 ns, Total: 60634 ns
[2025-08-08T14:37:17.217+0000][7][safepoint   ] Safepoint "Cleanup", Time since last: 2002122719 ns, Reaching safepoint: 26253 ns, Cleanup: 70747 ns, At safepoint: 28660 ns, Total: 125660 ns
[2025-08-08T14:37:20.219+0000][7][safepoint   ] Safepoint "Cleanup", Time since last: 3001930871 ns, Reaching safepoint: 63782 ns, Cleanup: 16407 ns, At safepoint: 9253 ns, Total: 89442 ns
[2025-08-08T14:37:25.223+0000][7][safepoint   ] Safepoint "Cleanup", Time since last: 5003732880 ns, Reaching safepoint: 57538 ns, Cleanup: 16913 ns, At safepoint: 11526 ns, Total: 85977 ns
[2025-08-08T14:37:34.226+0000][7][safepoint   ] Safepoint "Cleanup", Time since last: 9003116679 ns, Reaching safepoint: 13174 ns, Cleanup: 19337 ns, At safepoint: 8346 ns, Total: 40857 ns
[2025-08-08T14:37:36.227+0000][7][safepoint   ] Safepoint "Cleanup", Time since last: 2000323110 ns, Reaching safepoint: 60300 ns, Cleanup: 15155 ns, At safepoint: 10688 ns, Total: 86143 ns
[2025-08-08T14:37:41.230+0000][7][safepoint   ] Safepoint "Cleanup", Time since last: 5003403340 ns, Reaching safepoint: 44748 ns, Cleanup: 16674 ns, At safepoint: 7878 ns, Total: 69300 ns
[2025-08-08T14:37:45.383+0000][7][safepoint   ] Safepoint "Cleanup", Time since last: 4153093395 ns, Reaching safepoint: 82123 ns, Cleanup: 16219 ns, At safepoint: 20238 ns, Total: 118580 ns
[2025-08-08T14:37:51.386+0000][7][safepoint   ] Safepoint "Cleanup", Time since last: 6002152291 ns, Reaching safepoint: 46606 ns, Cleanup: 14220 ns, At safepoint: 8416 ns, Total: 69242 ns
[2025-08-08T14:37:59.391+0000][7][safepoint   ] Safepoint "Cleanup", Time since last: 8005926951 ns, Reaching safepoint: 29302 ns, Cleanup: 18124 ns, At safepoint: 8612 ns, Total: 56038 ns
[2025-08-08T14:38:01.392+0000][7][safepoint   ] Safepoint "Cleanup", Time since last: 2000842884 ns, Reaching safepoint: 55955 ns, Cleanup: 15058 ns, At safepoint: 9042 ns, Total: 80055 ns
[2025-08-08T14:38:04.393+0000][7][safepoint   ] Safepoint "Cleanup", Time since last: 3000949075 ns, Reaching safepoint: 11885 ns, Cleanup: 15821 ns, At safepoint: 6828 ns, Total: 34534 ns
[2025-08-08T14:38:10.398+0000][7][safepoint   ] Safepoint "Cleanup", Time since last: 6004849719 ns, Reaching safepoint: 47962 ns, Cleanup: 18581 ns, At safepoint: 9751 ns, Total: 76294 ns
[2025-08-08T14:38:24.426+0000][7][safepoint   ] Safepoint "Cleanup", Time since last: 14026803585 ns, Reaching safepoint: 1046252 ns, Cleanup: 9197 ns, At safepoint: 19414 ns, Total: 1074863 ns
[2025-08-08T14:38:33.430+0000][7][safepoint   ] Safepoint "Cleanup", Time since last: 9004106838 ns, Reaching safepoint: 34202 ns, Cleanup: 12727 ns, At safepoint: 6276 ns, Total: 53205 ns
[2025-08-08T14:39:04.575+0000][7][safepoint   ] Safepoint "Cleanup", Time since last: 31144206620 ns, Reaching safepoint: 137046 ns, Cleanup: 161868 ns, At safepoint: 61207 ns, Total: 360121 ns
[2025-08-08T14:39:13.582+0000][7][safepoint   ] Safepoint "Cleanup", Time since last: 9006902125 ns, Reaching safepoint: 43339 ns, Cleanup: 13643 ns, At safepoint: 12836 ns, Total: 69818 ns
[2025-08-08T14:39:17.586+0000][7][safepoint   ] Safepoint "Cleanup", Time since last: 4004092630 ns, Reaching safepoint: 48631 ns, Cleanup: 17037 ns, At safepoint: 15258 ns, Total: 80926 ns
[2025-08-08T14:39:21.587+0000][7][safepoint   ] Safepoint "Cleanup", Time since last: 4000947714 ns, Reaching safepoint: 9901 ns, Cleanup: 13419 ns, At safepoint: 61563 ns, Total: 84883 ns
[2025-08-08T14:39:22.587+0000][7][safepoint   ] Safepoint "Cleanup", Time since last: 1000108795 ns, Reaching safepoint: 43645 ns, Cleanup: 11990 ns, At safepoint: 15998 ns, Total: 71633 ns
[2025-08-08T14:39:25.588+0000][7][safepoint   ] Safepoint "Cleanup", Time since last: 3000535642 ns, Reaching safepoint: 16225 ns, Cleanup: 16033 ns, At safepoint: 9946 ns, Total: 42204 ns
[2025-08-08T14:39:27.589+0000][7][safepoint   ] Safepoint "Cleanup", Time since last: 2001096532 ns, Reaching safepoint: 52228 ns, Cleanup: 17262 ns, At safepoint: 10390 ns, Total: 79880 ns
[2025-08-08T14:39:28.589+0000][7][safepoint   ] Safepoint "Cleanup", Time since last: 1000226565 ns, Reaching safepoint: 18384 ns, Cleanup: 16657 ns, At safepoint: 11786 ns, Total: 46827 ns
[2025-08-08T14:39:29.590+0000][7][safepoint   ] Safepoint "Cleanup", Time since last: 1000657761 ns, Reaching safepoint: 78664 ns, Cleanup: 12227 ns, At safepoint: 21466 ns, Total: 112357 ns
[2025-08-08T14:39:30.591+0000][7][safepoint   ] Safepoint "Cleanup", Time since last: 1000618108 ns, Reaching safepoint: 19754 ns, Cleanup: 25425 ns, At safepoint: 15583 ns, Total: 60762 ns
[2025-08-08T14:39:35.593+0000][7][safepoint   ] Safepoint "Cleanup", Time since last: 5001876377 ns, Reaching safepoint: 15004 ns, Cleanup: 14886 ns, At safepoint: 23631 ns, Total: 53521 ns
[2025-08-08T14:39:36.594+0000][7][safepoint   ] Safepoint "Cleanup", Time since last: 1000541925 ns, Reaching safepoint: 506140 ns, Cleanup: 14725 ns, At safepoint: 27550 ns, Total: 548415 ns
[2025-08-08T14:39:40.596+0000][7][safepoint   ] Safepoint "Cleanup", Time since last: 4001748051 ns, Reaching safepoint: 49476 ns, Cleanup: 17134 ns, At safepoint: 9822 ns, Total: 76432 ns
[2025-08-08T14:39:46.691+0000][7][safepoint   ] Safepoint "Cleanup", Time since last: 6095099241 ns, Reaching safepoint: 17568 ns, Cleanup: 21411 ns, At safepoint: 9731 ns, Total: 48710 ns
[2025-08-08T14:39:48.692+0000][7][safepoint   ] Safepoint "Cleanup", Time since last: 2000782999 ns, Reaching safepoint: 230036 ns, Cleanup: 16644 ns, At safepoint: 12260 ns, Total: 258940 ns
[2025-08-08T14:39:51.695+0000][7][safepoint   ] Safepoint "Cleanup", Time since last: 3002994919 ns, Reaching safepoint: 14945 ns, Cleanup: 15063 ns, At safepoint: 9277 ns, Total: 39285 ns
[2025-08-08T14:39:53.696+0000][7][safepoint   ] Safepoint "Cleanup", Time since last: 2001004717 ns, Reaching safepoint: 23728 ns, Cleanup: 21011 ns, At safepoint: 11925 ns, Total: 56664 ns
[2025-08-08T14:39:55.697+0000][7][safepoint   ] Safepoint "Cleanup", Time since last: 2001520327 ns, Reaching safepoint: 17409 ns, Cleanup: 22083 ns, At safepoint: 11207 ns, Total: 50699 ns
[2025-08-08T14:39:59.699+0000][7][safepoint   ] Safepoint "Cleanup", Time since last: 4001705993 ns, Reaching safepoint: 51412 ns, Cleanup: 16348 ns, At safepoint: 9354 ns, Total: 77114 ns
[2025-08-08T14:40:00.700+0000][7][safepoint   ] Safepoint "Cleanup", Time since last: 1000228436 ns, Reaching safepoint: 14940 ns, Cleanup: 14323 ns, At safepoint: 8284 ns, Total: 37547 ns
[2025-08-08T14:40:01.700+0000][7][safepoint   ] Safepoint "Cleanup", Time since last: 1000325860 ns, Reaching safepoint: 15205 ns, Cleanup: 14515 ns, At safepoint: 8148 ns, Total: 37868 ns
[2025-08-08T14:40:03.701+0000][7][safepoint   ] Safepoint "Cleanup", Time since last: 2001028112 ns, Reaching safepoint: 34463 ns, Cleanup: 15160 ns, At safepoint: 7149 ns, Total: 56772 ns
[2025-08-08T14:40:04.705+0000][7][safepoint   ] Safepoint "Cleanup", Time since last: 1003540653 ns, Reaching safepoint: 20800 ns, Cleanup: 23302 ns, At safepoint: 9940 ns, Total: 54042 ns
[2025-08-08T14:40:05.705+0000][7][safepoint   ] Safepoint "Cleanup", Time since last: 1000664914 ns, Reaching safepoint: 13902 ns, Cleanup: 16331 ns, At safepoint: 7631 ns, Total: 37864 ns
[2025-08-08T14:40:16.727+0000][7][safepoint   ] Safepoint "Cleanup", Time since last: 11021386055 ns, Reaching safepoint: 43300 ns, Cleanup: 15747 ns, At safepoint: 7831 ns, Total: 66878 ns
[2025-08-08T14:40:24.734+0000][7][safepoint   ] Safepoint "Cleanup", Time since last: 8007082657 ns, Reaching safepoint: 35006 ns, Cleanup: 17815 ns, At safepoint: 9428 ns, Total: 62249 ns
[2025-08-08T14:40:44.744+0000][7][safepoint   ] Safepoint "Cleanup", Time since last: 20009889538 ns, Reaching safepoint: 64599 ns, Cleanup: 13824 ns, At safepoint: 8460 ns, Total: 86883 ns
[2025-08-08T14:40:47.824+0000][7][safepoint   ] Safepoint "Cleanup", Time since last: 3080244213 ns, Reaching safepoint: 11029 ns, Cleanup: 18037 ns, At safepoint: 6499 ns, Total: 35565 ns
[2025-08-08T14:40:54.828+0000][7][safepoint   ] Safepoint "Cleanup", Time since last: 7003427242 ns, Reaching safepoint: 48316 ns, Cleanup: 15313 ns, At safepoint: 12674 ns, Total: 76303 ns
[2025-08-08T14:41:02.834+0000][7][safepoint   ] Safepoint "Cleanup", Time since last: 8006517183 ns, Reaching safepoint: 32768 ns, Cleanup: 12945 ns, At safepoint: 5993 ns, Total: 51706 ns
[2025-08-08T14:41:04.835+0000][7][safepoint   ] Safepoint "Cleanup", Time since last: 2000962592 ns, Reaching safepoint: 57061 ns, Cleanup: 75722 ns, At safepoint: 12198 ns, Total: 144981 ns
[2025-08-08T14:41:05.836+0000][7][safepoint   ] Safepoint "Cleanup", Time since last: 1000347777 ns, Reaching safepoint: 19620 ns, Cleanup: 17321 ns, At safepoint: 10487 ns, Total: 47428 ns
[2025-08-08T14:41:06.837+0000][7][safepoint   ] Safepoint "Cleanup", Time since last: 1000765247 ns, Reaching safepoint: 15129 ns, Cleanup: 18854 ns, At safepoint: 8605 ns, Total: 42588 ns
[2025-08-08T14:41:19.843+0000][7][safepoint   ] Safepoint "Cleanup", Time since last: 13006753003 ns, Reaching safepoint: 32631 ns, Cleanup: 18054 ns, At safepoint: 12249 ns, Total: 62934 ns
[2025-08-08T14:41:27.849+0000][7][safepoint   ] Safepoint "Cleanup", Time since last: 8005777300 ns, Reaching safepoint: 35755 ns, Cleanup: 14090 ns, At safepoint: 6605 ns, Total: 56450 ns
[2025-08-08T14:41:34.855+0000][7][safepoint   ] Safepoint "Cleanup", Time since last: 7005419209 ns, Reaching safepoint: 37103 ns, Cleanup: 13107 ns, At safepoint: 7177 ns, Total: 57387 ns
[2025-08-08T14:41:44.861+0000][7][safepoint   ] Safepoint "Cleanup", Time since last: 10006160287 ns, Reaching safepoint: 13950 ns, Cleanup: 21700 ns, At safepoint: 7729 ns, Total: 43379 ns
[2025-08-08T14:41:46.004+0000][7][safepoint   ] Safepoint "Cleanup", Time since last: 1143075461 ns, Reaching safepoint: 49958 ns, Cleanup: 15249 ns, At safepoint: 15749 ns, Total: 80956 ns
[2025-08-08T14:41:47.005+0000][7][safepoint   ] Safepoint "Cleanup", Time since last: 1001177138 ns, Reaching safepoint: 16511 ns, Cleanup: 16360 ns, At safepoint: 9979 ns, Total: 42850 ns
[2025-08-08T14:41:54.016+0000][7][safepoint   ] Safepoint "Cleanup", Time since last: 7010512214 ns, Reaching safepoint: 54703 ns, Cleanup: 17220 ns, At safepoint: 8900 ns, Total: 80823 ns
[2025-08-08T14:42:06.020+0000][7][safepoint   ] Safepoint "Cleanup", Time since last: 12003658955 ns, Reaching safepoint: 15702 ns, Cleanup: 62866 ns, At safepoint: 26628 ns, Total: 105196 ns
[2025-08-08T14:42:08.026+0000][7][safepoint   ] Safepoint "Cleanup", Time since last: 2006189007 ns, Reaching safepoint: 15897 ns, Cleanup: 15696 ns, At safepoint: 9301 ns, Total: 40894 ns
[2025-08-08T14:42:10.027+0000][7][safepoint   ] Safepoint "Cleanup", Time since last: 2001400472 ns, Reaching safepoint: 16329 ns, Cleanup: 15943 ns, At safepoint: 9568 ns, Total: 41840 ns
[2025-08-08T14:42:11.028+0000][7][safepoint   ] Safepoint "Cleanup", Time since last: 1000572716 ns, Reaching safepoint: 15676 ns, Cleanup: 14831 ns, At safepoint: 8976 ns, Total: 39483 ns
[2025-08-08T14:42:15.030+0000][7][safepoint   ] Safepoint "Cleanup", Time since last: 4002005126 ns, Reaching safepoint: 14781 ns, Cleanup: 14562 ns, At safepoint: 8507 ns, Total: 37850 ns
[2025-08-08T14:42:16.030+0000][7][safepoint   ] Safepoint "Cleanup", Time since last: 1000445260 ns, Reaching safepoint: 14097 ns, Cleanup: 13334 ns, At safepoint: 7701 ns, Total: 35132 ns
[2025-08-08T14:42:27.050+0000][7][safepoint   ] Safepoint "Cleanup", Time since last: 11019384204 ns, Reaching safepoint: 58720 ns, Cleanup: 17588 ns, At safepoint: 9777 ns, Total: 86085 ns
[2025-08-08T14:42:28.050+0000][7][safepoint   ] Safepoint "Cleanup", Time since last: 1000272258 ns, Reaching safepoint: 14532 ns, Cleanup: 13394 ns, At safepoint: 7884 ns, Total: 35810 ns
[2025-08-08T14:42:34.056+0000][7][safepoint   ] Safepoint "Cleanup", Time since last: 6006101829 ns, Reaching safepoint: 48448 ns, Cleanup: 20775 ns, At safepoint: 9051 ns, Total: 78274 ns
[2025-08-08T14:42:35.056+0000][7][safepoint   ] Safepoint "Cleanup", Time since last: 1000125228 ns, Reaching safepoint: 13535 ns, Cleanup: 13514 ns, At safepoint: 10261 ns, Total: 37310 ns
[2025-08-08T14:42:48.169+0000][7][safepoint   ] Safepoint "Cleanup", Time since last: 13112800311 ns, Reaching safepoint: 34364 ns, Cleanup: 11871 ns, At safepoint: 7637 ns, Total: 53872 ns
[2025-08-08T14:42:55.186+0000][7][safepoint   ] Safepoint "Cleanup", Time since last: 7016544458 ns, Reaching safepoint: 14249 ns, Cleanup: 14185 ns, At safepoint: 8382 ns, Total: 36816 ns
[2025-08-08T14:43:01.190+0000][7][safepoint   ] Safepoint "Cleanup", Time since last: 6003596965 ns, Reaching safepoint: 215387 ns, Cleanup: 15939 ns, At safepoint: 10342 ns, Total: 241668 ns
[2025-08-08T14:43:05.192+0000][7][safepoint   ] Safepoint "Cleanup", Time since last: 4001902276 ns, Reaching safepoint: 13290 ns, Cleanup: 10944 ns, At safepoint: 19977 ns, Total: 44211 ns
[2025-08-08T14:43:22.200+0000][7][safepoint   ] Safepoint "Cleanup", Time since last: 17008109123 ns, Reaching safepoint: 37477 ns, Cleanup: 14120 ns, At safepoint: 7809 ns, Total: 59406 ns
[2025-08-08T14:43:34.205+0000][7][safepoint   ] Safepoint "Cleanup", Time since last: 12004863419 ns, Reaching safepoint: 59126 ns, Cleanup: 16502 ns, At safepoint: 10187 ns, Total: 85815 ns
[2025-08-08T14:43:35.205+0000][7][safepoint   ] Safepoint "Cleanup", Time since last: 1000402836 ns, Reaching safepoint: 10265 ns, Cleanup: 27653 ns, At safepoint: 6925 ns, Total: 44843 ns
[2025-08-08T14:43:36.206+0000][7][safepoint   ] Safepoint "Cleanup", Time since last: 1000827679 ns, Reaching safepoint: 15694 ns, Cleanup: 17145 ns, At safepoint: 7695 ns, Total: 40534 ns
[2025-08-08T14:43:47.350+0000][7][safepoint   ] Safepoint "Cleanup", Time since last: 11143305363 ns, Reaching safepoint: 19390 ns, Cleanup: 18578 ns, At safepoint: 9142 ns, Total: 47110 ns
[2025-08-08T14:43:53.358+0000][7][safepoint   ] Safepoint "Cleanup", Time since last: 6008745459 ns, Reaching safepoint: 36970 ns, Cleanup: 14200 ns, At safepoint: 7060 ns, Total: 58230 ns
[2025-08-08T14:43:58.360+0000][7][safepoint   ] Safepoint "Cleanup", Time since last: 5001837274 ns, Reaching safepoint: 37442 ns, Cleanup: 26726 ns, At safepoint: 7943 ns, Total: 72111 ns
[2025-08-08T14:44:00.362+0000][7][safepoint   ] Safepoint "Cleanup", Time since last: 2001553307 ns, Reaching safepoint: 18344 ns, Cleanup: 21545 ns, At safepoint: 11416 ns, Total: 51305 ns
[2025-08-08T14:44:04.364+0000][7][safepoint   ] Safepoint "Cleanup", Time since last: 4001567309 ns, Reaching safepoint: 92165 ns, Cleanup: 28647 ns, At safepoint: 11039 ns, Total: 131851 ns
[2025-08-08T14:44:08.370+0000][7][safepoint   ] Safepoint "Cleanup", Time since last: 4006756751 ns, Reaching safepoint: 15082 ns, Cleanup: 14600 ns, At safepoint: 7370 ns, Total: 37052 ns
[2025-08-08T14:44:14.372+0000][7][safepoint   ] Safepoint "Cleanup", Time since last: 6002077502 ns, Reaching safepoint: 45708 ns, Cleanup: 14296 ns, At safepoint: 8824 ns, Total: 68828 ns
[2025-08-08T14:44:21.377+0000][7][safepoint   ] Safepoint "Cleanup", Time since last: 7004424760 ns, Reaching safepoint: 37354 ns, Cleanup: 13939 ns, At safepoint: 7641 ns, Total: 58934 ns
[2025-08-08T14:44:25.379+0000][7][safepoint   ] Safepoint "Cleanup", Time since last: 4002349910 ns, Reaching safepoint: 47143 ns, Cleanup: 18328 ns, At safepoint: 8588 ns, Total: 74059 ns
[2025-08-08T14:44:27.383+0000][7][safepoint   ] Safepoint "Cleanup", Time since last: 2003200924 ns, Reaching safepoint: 15261 ns, Cleanup: 14835 ns, At safepoint: 9057 ns, Total: 39153 ns
[2025-08-08T14:44:34.386+0000][7][safepoint   ] Safepoint "Cleanup", Time since last: 7003214840 ns, Reaching safepoint: 69027 ns, Cleanup: 23995 ns, At safepoint: 13375 ns, Total: 106397 ns
[2025-08-08T14:44:36.387+0000][7][safepoint   ] Safepoint "Cleanup", Time since last: 2000939760 ns, Reaching safepoint: 49288 ns, Cleanup: 18281 ns, At safepoint: 10080 ns, Total: 77649 ns
[2025-08-08T14:44:42.390+0000][7][safepoint   ] Safepoint "Cleanup", Time since last: 6002684132 ns, Reaching safepoint: 32936 ns, Cleanup: 17431 ns, At safepoint: 7554 ns, Total: 57921 ns
[2025-08-08T14:44:52.500+0000][7][safepoint   ] Safepoint "Cleanup", Time since last: 10109987278 ns, Reaching safepoint: 36617 ns, Cleanup: 18814 ns, At safepoint: 7788 ns, Total: 63219 ns
[2025-08-08T14:44:55.502+0000][7][safepoint   ] Safepoint "Cleanup", Time since last: 3001918280 ns, Reaching safepoint: 44908 ns, Cleanup: 14213 ns, At safepoint: 14839 ns, Total: 73960 ns
[2025-08-08T14:45:01.506+0000][7][safepoint   ] Safepoint "Cleanup", Time since last: 6004613431 ns, Reaching safepoint: 40809 ns, Cleanup: 12571 ns, At safepoint: 7695 ns, Total: 61075 ns
[2025-08-08T14:45:26.521+0000][7][safepoint   ] Safepoint "Cleanup", Time since last: 25014439950 ns, Reaching safepoint: 31862 ns, Cleanup: 13532 ns, At safepoint: 6532 ns, Total: 51926 ns
[2025-08-08T14:45:28.523+0000][7][safepoint   ] Safepoint "Cleanup", Time since last: 2001976299 ns, Reaching safepoint: 19444 ns, Cleanup: 17534 ns, At safepoint: 9964 ns, Total: 46942 ns
[2025-08-08T14:45:35.528+0000][7][safepoint   ] Safepoint "Cleanup", Time since last: 7005027263 ns, Reaching safepoint: 40226 ns, Cleanup: 15052 ns, At safepoint: 7886 ns, Total: 63164 ns
[2025-08-08T14:46:04.667+0000][7][safepoint   ] Safepoint "Cleanup", Time since last: 29138516150 ns, Reaching safepoint: 11427 ns, Cleanup: 48291 ns, At safepoint: 7635 ns, Total: 67353 ns
[2025-08-08T14:46:12.670+0000][7][safepoint   ] Safepoint "Cleanup", Time since last: 8003539542 ns, Reaching safepoint: 45282 ns, Cleanup: 18131 ns, At safepoint: 91295 ns, Total: 154708 ns
[2025-08-08T14:46:15.671+0000][7][safepoint   ] Safepoint "Cleanup", Time since last: 3000958590 ns, Reaching safepoint: 11911 ns, Cleanup: 15628 ns, At safepoint: 7961 ns, Total: 35500 ns
[2025-08-08T14:46:52.839+0000][7][safepoint   ] Safepoint "Cleanup", Time since last: 37167488595 ns, Reaching safepoint: 91492 ns, Cleanup: 18092 ns, At safepoint: 25177 ns, Total: 134761 ns
[2025-08-08T14:46:56.840+0000][7][safepoint   ] Safepoint "Cleanup", Time since last: 4001432281 ns, Reaching safepoint: 13917 ns, Cleanup: 12640 ns, At safepoint: 7212 ns, Total: 33769 ns
[2025-08-08T14:47:04.844+0000][7][safepoint   ] Safepoint "Cleanup", Time since last: 8003529826 ns, Reaching safepoint: 49430 ns, Cleanup: 16118 ns, At safepoint: 10080 ns, Total: 75628 ns
[2025-08-08T14:47:07.847+0000][7][safepoint   ] Safepoint "Cleanup", Time since last: 3002782196 ns, Reaching safepoint: 13404 ns, Cleanup: 23129 ns, At safepoint: 8577 ns, Total: 45110 ns
[2025-08-08T14:47:30.861+0000][7][safepoint   ] Safepoint "Cleanup", Time since last: 23014151082 ns, Reaching safepoint: 43036 ns, Cleanup: 15570 ns, At safepoint: 14465 ns, Total: 73071 ns
[2025-08-08T14:47:34.864+0000][7][safepoint   ] Safepoint "Cleanup", Time since last: 4002770094 ns, Reaching safepoint: 39506 ns, Cleanup: 13272 ns, At safepoint: 8006 ns, Total: 60784 ns
[2025-08-08T14:48:04.996+0000][7][safepoint   ] Safepoint "Cleanup", Time since last: 30132076983 ns, Reaching safepoint: 27498 ns, Cleanup: 30808 ns, At safepoint: 7146 ns, Total: 65452 ns
[2025-08-08T14:48:28.014+0000][7][safepoint   ] Safepoint "Cleanup", Time since last: 23018325660 ns, Reaching safepoint: 92777 ns, Cleanup: 56020 ns, At safepoint: 12611 ns, Total: 161408 ns
[2025-08-08T14:48:35.019+0000][7][safepoint   ] Safepoint "Cleanup", Time since last: 7004407998 ns, Reaching safepoint: 20963 ns, Cleanup: 51853 ns, At safepoint: 15943 ns, Total: 88759 ns
[2025-08-08T14:48:36.019+0000][7][safepoint   ] Safepoint "Cleanup", Time since last: 1000342867 ns, Reaching safepoint: 79501 ns, Cleanup: 23693 ns, At safepoint: 35571 ns, Total: 138765 ns
[2025-08-08T14:48:37.020+0000][7][safepoint   ] Safepoint "Cleanup", Time since last: 1000872221 ns, Reaching safepoint: 24197 ns, Cleanup: 26194 ns, At safepoint: 16908 ns, Total: 67299 ns
[2025-08-08T14:48:46.030+0000][7][safepoint   ] Safepoint "Cleanup", Time since last: 9008572034 ns, Reaching safepoint: 607673 ns, Cleanup: 366713 ns, At safepoint: 69338 ns, Total: 1043724 ns
[2025-08-08T14:48:50.426+0000][7][gc,start    ] GC(14) Pause Young (Normal) (G1 Evacuation Pause)
[2025-08-08T14:48:50.426+0000][7][gc,task     ] GC(14) Using 8 workers of 8 for evacuation
[2025-08-08T14:48:50.426+0000][7][gc,age      ] GC(14) Desired survivor size 41943040 bytes, new threshold 5 (max threshold 15)
[2025-08-08T14:48:50.466+0000][7][gc,phases   ] GC(14)   Pre Evacuate Collection Set: 0.61ms
[2025-08-08T14:48:50.466+0000][7][gc,phases   ] GC(14)   Merge Heap Roots: 0.26ms
[2025-08-08T14:48:50.466+0000][7][gc,phases   ] GC(14)   Evacuate Collection Set: 35.57ms
[2025-08-08T14:48:50.466+0000][7][gc,phases   ] GC(14)   Post Evacuate Collection Set: 4.11ms
[2025-08-08T14:48:50.466+0000][7][gc,phases   ] GC(14)   Other: 0.12ms
[2025-08-08T14:48:50.466+0000][7][gc,age      ] GC(14) Age table with threshold 5 (max threshold 15)
[2025-08-08T14:48:50.467+0000][7][gc,age      ] GC(14) - age   1:    4020464 bytes,    4020464 total
[2025-08-08T14:48:50.467+0000][7][gc,age      ] GC(14) - age   2:   17613944 bytes,   21634408 total
[2025-08-08T14:48:50.467+0000][7][gc,age      ] GC(14) - age   3:   10593544 bytes,   32227952 total
[2025-08-08T14:48:50.467+0000][7][gc,age      ] GC(14) - age   4:      34920 bytes,   32262872 total
[2025-08-08T14:48:50.467+0000][7][gc,age      ] GC(14) - age   5:    5930544 bytes,   38193416 total
[2025-08-08T14:48:50.467+0000][7][gc,heap     ] GC(14) Eden regions: 137->0(142)
[2025-08-08T14:48:50.467+0000][7][gc,heap     ] GC(14) Survivor regions: 16->11(20)
[2025-08-08T14:48:50.467+0000][7][gc,heap     ] GC(14) Old regions: 5->11
[2025-08-08T14:48:50.467+0000][7][gc,heap     ] GC(14) Humongous regions: 2->2
[2025-08-08T14:48:50.467+0000][7][gc,metaspace] GC(14) Metaspace: 107463K(110272K)->107463K(110272K) NonClass: 92231K(93760K)->92231K(93760K) Class: 15231K(16512K)->15231K(16512K)
[2025-08-08T14:48:50.467+0000][7][gc          ] GC(14) Pause Young (Normal) (G1 Evacuation Pause) 634M->90M(1024M) 40.872ms
[2025-08-08T14:48:50.467+0000][7][gc,cpu      ] GC(14) User=0.17s Sys=0.01s Real=0.05s
[2025-08-08T14:48:50.467+0000][7][safepoint   ] Safepoint "G1CollectForAllocation", Time since last: 4395637855 ns, Reaching safepoint: 14542 ns, Cleanup: 4171 ns, At safepoint: 40973156 ns, Total: 40991869 ns
[2025-08-08T14:48:52.468+0000][7][safepoint   ] Safepoint "Cleanup", Time since last: 2001163107 ns, Reaching safepoint: 51755 ns, Cleanup: 17015 ns, At safepoint: 9541 ns, Total: 78311 ns
[2025-08-08T14:48:54.469+0000][7][safepoint   ] Safepoint "Cleanup", Time since last: 2000992136 ns, Reaching safepoint: 35721 ns, Cleanup: 18687 ns, At safepoint: 11690 ns, Total: 66098 ns
[2025-08-08T14:48:56.472+0000][7][safepoint   ] Safepoint "Cleanup", Time since last: 2002902168 ns, Reaching safepoint: 51149 ns, Cleanup: 17027 ns, At safepoint: 10890 ns, Total: 79066 ns
[2025-08-08T14:49:02.476+0000][7][safepoint   ] Safepoint "Cleanup", Time since last: 6003683147 ns, Reaching safepoint: 59799 ns, Cleanup: 20466 ns, At safepoint: 12244 ns, Total: 92509 ns
[2025-08-08T14:49:04.477+0000][7][safepoint   ] Safepoint "Cleanup", Time since last: 2001332048 ns, Reaching safepoint: 16093 ns, Cleanup: 19237 ns, At safepoint: 10482 ns, Total: 45812 ns
[2025-08-08T14:49:07.480+0000][7][safepoint   ] Safepoint "Cleanup", Time since last: 3003099280 ns, Reaching safepoint: 43422 ns, Cleanup: 16872 ns, At safepoint: 7905 ns, Total: 68199 ns
[2025-08-08T14:49:09.481+0000][7][safepoint   ] Safepoint "Cleanup", Time since last: 2000844659 ns, Reaching safepoint: 14744 ns, Cleanup: 16073 ns, At safepoint: 8499 ns, Total: 39316 ns
[2025-08-08T14:49:15.486+0000][7][safepoint   ] Safepoint "Cleanup", Time since last: 6004080146 ns, Reaching safepoint: 1084052 ns, Cleanup: 14379 ns, At safepoint: 19524 ns, Total: 1117955 ns
[2025-08-08T14:49:32.499+0000][7][safepoint   ] Safepoint "Cleanup", Time since last: 17012988258 ns, Reaching safepoint: 50619 ns, Cleanup: 17372 ns, At safepoint: 9432 ns, Total: 77423 ns
[2025-08-08T14:49:34.502+0000][7][safepoint   ] Safepoint "Cleanup", Time since last: 2002380298 ns, Reaching safepoint: 42847 ns, Cleanup: 23517 ns, At safepoint: 13478 ns, Total: 79842 ns
[2025-08-08T14:49:35.503+0000][7][safepoint   ] Safepoint "Cleanup", Time since last: 1000610703 ns, Reaching safepoint: 18611 ns, Cleanup: 14656 ns, At safepoint: 11916 ns, Total: 45183 ns
[2025-08-08T14:50:06.379+0000][7][safepoint   ] Safepoint "Cleanup", Time since last: 30876609136 ns, Reaching safepoint: 43323 ns, Cleanup: 19905 ns, At safepoint: 8191 ns, Total: 71419 ns
[2025-08-08T14:50:17.387+0000][7][safepoint   ] Safepoint "Cleanup", Time since last: 11008070093 ns, Reaching safepoint: 44494 ns, Cleanup: 14533 ns, At safepoint: 7763 ns, Total: 66790 ns
[2025-08-08T14:50:19.388+0000][7][safepoint   ] Safepoint "Cleanup", Time since last: 2000501211 ns, Reaching safepoint: 50602 ns, Cleanup: 16613 ns, At safepoint: 14611 ns, Total: 81826 ns
[2025-08-08T14:50:33.394+0000][7][safepoint   ] Safepoint "Cleanup", Time since last: 14005538781 ns, Reaching safepoint: 46584 ns, Cleanup: 14268 ns, At safepoint: 9278 ns, Total: 70130 ns
[2025-08-08T14:50:35.395+0000][7][safepoint   ] Safepoint "Cleanup", Time since last: 2001035919 ns, Reaching safepoint: 19045 ns, Cleanup: 44957 ns, At safepoint: 14556 ns, Total: 78558 ns
[2025-08-08T14:50:40.397+0000][7][safepoint   ] Safepoint "Cleanup", Time since last: 5002187551 ns, Reaching safepoint: 50616 ns, Cleanup: 18108 ns, At safepoint: 10114 ns, Total: 78838 ns
[2025-08-08T14:50:44.399+0000][7][safepoint   ] Safepoint "Cleanup", Time since last: 4001948587 ns, Reaching safepoint: 17590 ns, Cleanup: 25445 ns, At safepoint: 11754 ns, Total: 54789 ns
[2025-08-08T14:50:46.400+0000][7][safepoint   ] Safepoint "Cleanup", Time since last: 2001345673 ns, Reaching safepoint: 17587 ns, Cleanup: 22182 ns, At safepoint: 12058 ns, Total: 51827 ns
[2025-08-08T14:50:48.515+0000][7][safepoint   ] Safepoint "Cleanup", Time since last: 2114408666 ns, Reaching safepoint: 50243 ns, Cleanup: 14474 ns, At safepoint: 17861 ns, Total: 82578 ns
[2025-08-08T14:50:54.518+0000][7][safepoint   ] Safepoint "Cleanup", Time since last: 6003325740 ns, Reaching safepoint: 145353 ns, Cleanup: 54961 ns, At safepoint: 46019 ns, Total: 246333 ns
[2025-08-08T14:51:04.522+0000][7][safepoint   ] Safepoint "Cleanup", Time since last: 10003164827 ns, Reaching safepoint: 50509 ns, Cleanup: 27432 ns, At safepoint: 8119 ns, Total: 86060 ns
[2025-08-08T14:51:05.522+0000][7][safepoint   ] Safepoint "Cleanup", Time since last: 1000248178 ns, Reaching safepoint: 17909 ns, Cleanup: 19951 ns, At safepoint: 11979 ns, Total: 49839 ns
[2025-08-08T14:51:07.523+0000][7][safepoint   ] Safepoint "Cleanup", Time since last: 2000690165 ns, Reaching safepoint: 24031 ns, Cleanup: 32534 ns, At safepoint: 16712 ns, Total: 73277 ns
[2025-08-08T14:51:09.523+0000][7][safepoint   ] Safepoint "Cleanup", Time since last: 2000553444 ns, Reaching safepoint: 192634 ns, Cleanup: 16085 ns, At safepoint: 9676 ns, Total: 218395 ns
[2025-08-08T14:51:24.537+0000][7][safepoint   ] Safepoint "Cleanup", Time since last: 15013518992 ns, Reaching safepoint: 31084 ns, Cleanup: 14953 ns, At safepoint: 6950 ns, Total: 52987 ns
[2025-08-08T14:51:26.539+0000][7][safepoint   ] Safepoint "Cleanup", Time since last: 2002103208 ns, Reaching safepoint: 11831 ns, Cleanup: 11918 ns, At safepoint: 7468 ns, Total: 31217 ns
[2025-08-08T14:51:47.662+0000][7][safepoint   ] Safepoint "Cleanup", Time since last: 21122328707 ns, Reaching safepoint: 31110 ns, Cleanup: 17320 ns, At safepoint: 9427 ns, Total: 57857 ns
[2025-08-08T14:51:52.665+0000][7][safepoint   ] Safepoint "Cleanup", Time since last: 5003356525 ns, Reaching safepoint: 44794 ns, Cleanup: 106743 ns, At safepoint: 10880 ns, Total: 162417 ns
[2025-08-08T14:51:59.668+0000][7][safepoint   ] Safepoint "Cleanup", Time since last: 7003033952 ns, Reaching safepoint: 54051 ns, Cleanup: 22238 ns, At safepoint: 10796 ns, Total: 87085 ns
[2025-08-08T14:52:03.670+0000][7][safepoint   ] Safepoint "Cleanup", Time since last: 4001251506 ns, Reaching safepoint: 60571 ns, Cleanup: 17752 ns, At safepoint: 16181 ns, Total: 94504 ns
[2025-08-08T14:52:05.670+0000][7][safepoint   ] Safepoint "Cleanup", Time since last: 2000827109 ns, Reaching safepoint: 41396 ns, Cleanup: 31285 ns, At safepoint: 9325 ns, Total: 82006 ns
[2025-08-08T14:52:17.680+0000][7][safepoint   ] Safepoint "Cleanup", Time since last: 12009817512 ns, Reaching safepoint: 38945 ns, Cleanup: 17562 ns, At safepoint: 8074 ns, Total: 64581 ns
[2025-08-08T14:52:35.692+0000][7][safepoint   ] Safepoint "Cleanup", Time since last: 18011305230 ns, Reaching safepoint: 56831 ns, Cleanup: 28718 ns, At safepoint: 11831 ns, Total: 97380 ns
[2025-08-08T14:53:04.824+0000][7][safepoint   ] Safepoint "Cleanup", Time since last: 29132345254 ns, Reaching safepoint: 43120 ns, Cleanup: 16616 ns, At safepoint: 8520 ns, Total: 68256 ns
[2025-08-08T14:53:22.868+0000][7][safepoint   ] Safepoint "Cleanup", Time since last: 18043475920 ns, Reaching safepoint: 47182 ns, Cleanup: 13231 ns, At safepoint: 8180 ns, Total: 68593 ns
[2025-08-08T14:53:26.870+0000][7][safepoint   ] Safepoint "Cleanup", Time since last: 4002190118 ns, Reaching safepoint: 19886 ns, Cleanup: 26435 ns, At safepoint: 11082 ns, Total: 57403 ns
[2025-08-08T14:53:34.884+0000][7][safepoint   ] Safepoint "Cleanup", Time since last: 8013571060 ns, Reaching safepoint: 41320 ns, Cleanup: 10509 ns, At safepoint: 8790 ns, Total: 60619 ns
[2025-08-08T14:54:08.956+0000][7][safepoint   ] Safepoint "Cleanup", Time since last: 34072449373 ns, Reaching safepoint: 76525 ns, Cleanup: 24864 ns, At safepoint: 15718 ns, Total: 117107 ns
[2025-08-08T14:54:45.971+0000][7][safepoint   ] Safepoint "Cleanup", Time since last: 37014605774 ns, Reaching safepoint: 35706 ns, Cleanup: 14053 ns, At safepoint: 12990 ns, Total: 62749 ns
[2025-08-08T14:55:05.098+0000][7][safepoint   ] Safepoint "Cleanup", Time since last: 19126809919 ns, Reaching safepoint: 73769 ns, Cleanup: 18142 ns, At safepoint: 12014 ns, Total: 103925 ns
[2025-08-08T14:55:13.104+0000][7][safepoint   ] Safepoint "Cleanup", Time since last: 8006331722 ns, Reaching safepoint: 39354 ns, Cleanup: 14931 ns, At safepoint: 6119 ns, Total: 60404 ns
[2025-08-08T14:55:15.106+0000][7][safepoint   ] Safepoint "Cleanup", Time since last: 2001460556 ns, Reaching safepoint: 40325 ns, Cleanup: 19775 ns, At safepoint: 59469 ns, Total: 119569 ns
[2025-08-08T14:55:35.113+0000][7][safepoint   ] Safepoint "Cleanup", Time since last: 20007214673 ns, Reaching safepoint: 32575 ns, Cleanup: 13914 ns, At safepoint: 8852 ns, Total: 55341 ns
[2025-08-08T14:55:36.113+0000][7][safepoint   ] Safepoint "Cleanup", Time since last: 1000257070 ns, Reaching safepoint: 14901 ns, Cleanup: 14703 ns, At safepoint: 7848 ns, Total: 37452 ns
[2025-08-08T14:55:55.125+0000][7][safepoint   ] Safepoint "Cleanup", Time since last: 19011683809 ns, Reaching safepoint: 538190 ns, Cleanup: 15571 ns, At safepoint: 10403 ns, Total: 564164 ns
[2025-08-08T14:56:05.132+0000][7][safepoint   ] Safepoint "Cleanup", Time since last: 10006263974 ns, Reaching safepoint: 32956 ns, Cleanup: 12214 ns, At safepoint: 6176 ns, Total: 51346 ns
[2025-08-08T14:56:06.132+0000][7][safepoint   ] Safepoint "Cleanup", Time since last: 1000273905 ns, Reaching safepoint: 35598 ns, Cleanup: 13948 ns, At safepoint: 11663 ns, Total: 61209 ns
[2025-08-08T14:56:33.146+0000][7][safepoint   ] Safepoint "Cleanup", Time since last: 27014078353 ns, Reaching safepoint: 49951 ns, Cleanup: 14142 ns, At safepoint: 108276 ns, Total: 172369 ns
[2025-08-08T14:56:34.148+0000][7][safepoint   ] Safepoint "Cleanup", Time since last: 1001473562 ns, Reaching safepoint: 15315 ns, Cleanup: 16856 ns, At safepoint: 9535 ns, Total: 41706 ns
[2025-08-08T14:57:13.390+0000][7][safepoint   ] Safepoint "Cleanup", Time since last: 39242035822 ns, Reaching safepoint: 46696 ns, Cleanup: 16273 ns, At safepoint: 14362 ns, Total: 77331 ns
[2025-08-08T14:57:53.508+0000][7][safepoint   ] Safepoint "Cleanup", Time since last: 40117504266 ns, Reaching safepoint: 39499 ns, Cleanup: 17745 ns, At safepoint: 14144 ns, Total: 71388 ns
[2025-08-08T14:57:57.510+0000][7][safepoint   ] Safepoint "Cleanup", Time since last: 4002398182 ns, Reaching safepoint: 15268 ns, Cleanup: 16199 ns, At safepoint: 8918 ns, Total: 40385 ns
[2025-08-08T14:58:08.517+0000][7][safepoint   ] Safepoint "Cleanup", Time since last: 11006427055 ns, Reaching safepoint: 39924 ns, Cleanup: 13636 ns, At safepoint: 8721 ns, Total: 62281 ns
[2025-08-08T14:58:12.519+0000][7][safepoint   ] Safepoint "Cleanup", Time since last: 4002606113 ns, Reaching safepoint: 13662 ns, Cleanup: 12113 ns, At safepoint: 5801 ns, Total: 31576 ns
[2025-08-08T14:58:22.525+0000][7][safepoint   ] Safepoint "Cleanup", Time since last: 10005484635 ns, Reaching safepoint: 34377 ns, Cleanup: 14749 ns, At safepoint: 7047 ns, Total: 56173 ns
[2025-08-08T14:59:04.654+0000][7][safepoint   ] Safepoint "Cleanup", Time since last: 42129368279 ns, Reaching safepoint: 59485 ns, Cleanup: 17823 ns, At safepoint: 11016 ns, Total: 88324 ns
[2025-08-08T14:59:15.660+0000][7][safepoint   ] Safepoint "Cleanup", Time since last: 11005330393 ns, Reaching safepoint: 50295 ns, Cleanup: 18627 ns, At safepoint: 16460 ns, Total: 85382 ns
[2025-08-08T14:59:42.676+0000][7][safepoint   ] Safepoint "Cleanup", Time since last: 27016119653 ns, Reaching safepoint: 32184 ns, Cleanup: 17527 ns, At safepoint: 7714 ns, Total: 57425 ns
[2025-08-08T14:59:44.678+0000][7][safepoint   ] Safepoint "Cleanup", Time since last: 2001774236 ns, Reaching safepoint: 15774 ns, Cleanup: 16892 ns, At safepoint: 10009 ns, Total: 42675 ns
[2025-08-08T15:00:12.830+0000][7][safepoint   ] Safepoint "Cleanup", Time since last: 28152172966 ns, Reaching safepoint: 61415 ns, Cleanup: 23845 ns, At safepoint: 20382 ns, Total: 105642 ns
[2025-08-08T15:00:54.930+0000][7][safepoint   ] Safepoint "Cleanup", Time since last: 42099805553 ns, Reaching safepoint: 15832 ns, Cleanup: 15785 ns, At safepoint: 8534 ns, Total: 40151 ns
[2025-08-08T15:01:04.937+0000][7][safepoint   ] Safepoint "Cleanup", Time since last: 10007346607 ns, Reaching safepoint: 67771 ns, Cleanup: 19716 ns, At safepoint: 9176 ns, Total: 96663 ns
[2025-08-08T15:01:13.941+0000][7][safepoint   ] Safepoint "Cleanup", Time since last: 9004019296 ns, Reaching safepoint: 48330 ns, Cleanup: 17215 ns, At safepoint: 14743 ns, Total: 80288 ns
[2025-08-08T15:01:38.954+0000][7][safepoint   ] Safepoint "Cleanup", Time since last: 25012965520 ns, Reaching safepoint: 48795 ns, Cleanup: 15710 ns, At safepoint: 18982 ns, Total: 83487 ns
[2025-08-08T15:02:05.075+0000][7][safepoint   ] Safepoint "Cleanup", Time since last: 26120195320 ns, Reaching safepoint: 66990 ns, Cleanup: 45515 ns, At safepoint: 21374 ns, Total: 133879 ns
[2025-08-08T15:02:06.075+0000][7][safepoint   ] Safepoint "Cleanup", Time since last: 1000521457 ns, Reaching safepoint: 21041 ns, Cleanup: 27095 ns, At safepoint: 12165 ns, Total: 60301 ns
[2025-08-08T15:02:35.088+0000][7][safepoint   ] Safepoint "Cleanup", Time since last: 29013144006 ns, Reaching safepoint: 70669 ns, Cleanup: 22586 ns, At safepoint: 12402 ns, Total: 105657 ns
[2025-08-08T15:02:53.185+0000][7][safepoint   ] Safepoint "Cleanup", Time since last: 18096333320 ns, Reaching safepoint: 36821 ns, Cleanup: 13726 ns, At safepoint: 6578 ns, Total: 57125 ns
[2025-08-08T15:03:04.191+0000][7][safepoint   ] Safepoint "Cleanup", Time since last: 11006407523 ns, Reaching safepoint: 48173 ns, Cleanup: 11858 ns, At safepoint: 25506 ns, Total: 85537 ns
[2025-08-08T15:03:05.192+0000][7][safepoint   ] Safepoint "Cleanup", Time since last: 1000728742 ns, Reaching safepoint: 19297 ns, Cleanup: 16414 ns, At safepoint: 11017 ns, Total: 46728 ns
[2025-08-08T15:03:10.195+0000][7][safepoint   ] Safepoint "Cleanup", Time since last: 5002637178 ns, Reaching safepoint: 167454 ns, Cleanup: 536533 ns, At safepoint: 14297 ns, Total: 718284 ns
[2025-08-08T15:03:12.196+0000][7][safepoint   ] Safepoint "Cleanup", Time since last: 2000443059 ns, Reaching safepoint: 75005 ns, Cleanup: 22461 ns, At safepoint: 27327 ns, Total: 124793 ns
[2025-08-08T15:03:18.200+0000][7][safepoint   ] Safepoint "Cleanup", Time since last: 6003664843 ns, Reaching safepoint: 11557 ns, Cleanup: 14417 ns, At safepoint: 32677 ns, Total: 58651 ns
[2025-08-08T15:03:35.210+0000][7][safepoint   ] Safepoint "Cleanup", Time since last: 17010092609 ns, Reaching safepoint: 85163 ns, Cleanup: 16749 ns, At safepoint: 10688 ns, Total: 112600 ns
[2025-08-08T15:03:40.213+0000][7][safepoint   ] Safepoint "Cleanup", Time since last: 5002672252 ns, Reaching safepoint: 45622 ns, Cleanup: 14451 ns, At safepoint: 8756 ns, Total: 68829 ns
[2025-08-08T15:04:04.331+0000][7][safepoint   ] Safepoint "Cleanup", Time since last: 24118387878 ns, Reaching safepoint: 45179 ns, Cleanup: 18135 ns, At safepoint: 8597 ns, Total: 71911 ns
[2025-08-08T15:06:00.637+0000][7][safepoint   ] Safepoint "Cleanup", Time since last: 116305691043 ns, Reaching safepoint: 41872 ns, Cleanup: 32641 ns, At safepoint: 9992 ns, Total: 84505 ns
[2025-08-08T15:06:44.660+0000][7][safepoint   ] Safepoint "Cleanup", Time since last: 44023056792 ns, Reaching safepoint: 42006 ns, Cleanup: 15303 ns, At safepoint: 8059 ns, Total: 65368 ns
[2025-08-08T15:06:57.780+0000][7][safepoint   ] Safepoint "Cleanup", Time since last: 13119570503 ns, Reaching safepoint: 34614 ns, Cleanup: 20560 ns, At safepoint: 9813 ns, Total: 64987 ns
[2025-08-08T15:07:10.786+0000][7][safepoint   ] Safepoint "Cleanup", Time since last: 13006173743 ns, Reaching safepoint: 59824 ns, Cleanup: 17603 ns, At safepoint: 12010 ns, Total: 89437 ns
[2025-08-08T15:07:20.789+0000][7][safepoint   ] Safepoint "Cleanup", Time since last: 10002523447 ns, Reaching safepoint: 54555 ns, Cleanup: 14764 ns, At safepoint: 8545 ns, Total: 77864 ns
[2025-08-08T15:07:34.795+0000][7][safepoint   ] Safepoint "Cleanup", Time since last: 14006421285 ns, Reaching safepoint: 305419 ns, Cleanup: 25910 ns, At safepoint: 22975 ns, Total: 354304 ns
[2025-08-08T15:07:47.803+0000][7][safepoint   ] Safepoint "Cleanup", Time since last: 13007352602 ns, Reaching safepoint: 47709 ns, Cleanup: 16300 ns, At safepoint: 19393 ns, Total: 83402 ns
[2025-08-08T15:08:04.917+0000][7][safepoint   ] Safepoint "Cleanup", Time since last: 17114518254 ns, Reaching safepoint: 48601 ns, Cleanup: 19706 ns, At safepoint: 24515 ns, Total: 92822 ns
[2025-08-08T15:08:06.902+0000][7][gc,heap,exit] Heap
[2025-08-08T15:08:06.902+0000][7][gc,heap,exit]  garbage-first heap   total reserved 1048576K, committed 1048576K, used 616882K [0x00000000c0000000, 0x0000000100000000)
[2025-08-08T15:08:06.902+0000][7][gc,heap,exit]   region size 4096K, 139 young (569344K), 11 survivors (45056K)
[2025-08-08T15:08:06.902+0000][7][gc,heap,exit]  Metaspace       used 107925K, committed 110784K, reserved 1179648K
[2025-08-08T15:08:06.902+0000][7][gc,heap,exit]   class space    used 15269K, committed 16576K, reserved 1048576K
