[2025-08-08T13:49:29.102+0000][7][gc,init] CardTable entry size: 512
[2025-08-08T13:49:29.103+0000][7][gc     ] Using G1
[2025-08-08T13:49:30.502+0000][7][gc,init] Version: 22.0.2+9-70 (release)
[2025-08-08T13:49:30.502+0000][7][gc,init] CPUs: 8 total, 8 available
[2025-08-08T13:49:30.502+0000][7][gc,init] Memory: 2048M
[2025-08-08T13:49:30.502+0000][7][gc,init] Large Page Support: Disabled
[2025-08-08T13:49:30.502+0000][7][gc,init] NUMA Support: Disabled
[2025-08-08T13:49:30.502+0000][7][gc,init] Compressed Oops: Enabled (32-bit)
[2025-08-08T13:49:30.502+0000][7][gc,init] Heap Region Size: 4M
[2025-08-08T13:49:30.502+0000][7][gc,init] Heap Min Capacity: 1G
[2025-08-08T13:49:30.502+0000][7][gc,init] Heap Initial Capacity: 1G
[2025-08-08T13:49:30.502+0000][7][gc,init] Heap Max Capacity: 1G
[2025-08-08T13:49:30.502+0000][7][gc,init] Pre-touch: Enabled
[2025-08-08T13:49:30.502+0000][7][gc,init] Parallel Workers: 8
[2025-08-08T13:49:30.502+0000][7][gc,init] Concurrent Workers: 2
[2025-08-08T13:49:30.502+0000][7][gc,init] Concurrent Refinement Workers: 8
[2025-08-08T13:49:30.502+0000][7][gc,init] Periodic GC: Disabled
[2025-08-08T13:49:30.526+0000][7][gc,metaspace] CDS archive(s) mapped at: [0x00007c1d9a000000-0x00007c1d9ac78000-0x00007c1d9ac78000), size 13074432, SharedBaseAddress: 0x00007c1d9a000000, ArchiveRelocationMode: 1.
[2025-08-08T13:49:30.526+0000][7][gc,metaspace] Compressed class space mapped at: 0x00007c1d9b000000-0x00007c1ddb000000, reserved size: 1073741824
[2025-08-08T13:49:30.526+0000][7][gc,metaspace] Narrow klass base: 0x00007c1d9a000000, Narrow klass shift: 0, Narrow klass range: 0x100000000
[2025-08-08T13:49:31.163+0000][7][safepoint   ] Safepoint "ICBufferFull", Time since last: 630825954 ns, Reaching safepoint: 3972 ns, Cleanup: 114155 ns, At safepoint: 8502 ns, Total: 126629 ns
[2025-08-08T13:49:31.808+0000][7][safepoint   ] Safepoint "ICBufferFull", Time since last: 645346646 ns, Reaching safepoint: 5315 ns, Cleanup: 130603 ns, At safepoint: 12288 ns, Total: 148206 ns
[2025-08-08T13:49:32.058+0000][7][gc,start    ] GC(0) Pause Young (Normal) (G1 Evacuation Pause)
[2025-08-08T13:49:32.058+0000][7][gc,task     ] GC(0) Using 8 workers of 8 for evacuation
[2025-08-08T13:49:32.058+0000][7][gc,age      ] GC(0) Desired survivor size 4194304 bytes, new threshold 15 (max threshold 15)
[2025-08-08T13:49:32.064+0000][7][gc,phases   ] GC(0)   Pre Evacuate Collection Set: 0.37ms
[2025-08-08T13:49:32.064+0000][7][gc,phases   ] GC(0)   Merge Heap Roots: 0.23ms
[2025-08-08T13:49:32.064+0000][7][gc,phases   ] GC(0)   Evacuate Collection Set: 4.17ms
[2025-08-08T13:49:32.064+0000][7][gc,phases   ] GC(0)   Post Evacuate Collection Set: 1.17ms
[2025-08-08T13:49:32.064+0000][7][gc,phases   ] GC(0)   Other: 0.13ms
[2025-08-08T13:49:32.064+0000][7][gc,age      ] GC(0) Age table with threshold 15 (max threshold 15)
[2025-08-08T13:49:32.064+0000][7][gc,age      ] GC(0) - age   1:    6421936 bytes,    6421936 total
[2025-08-08T13:49:32.064+0000][7][gc,heap     ] GC(0) Eden regions: 12->0(11)
[2025-08-08T13:49:32.064+0000][7][gc,heap     ] GC(0) Survivor regions: 0->2(2)
[2025-08-08T13:49:32.064+0000][7][gc,heap     ] GC(0) Old regions: 1->1
[2025-08-08T13:49:32.064+0000][7][gc,heap     ] GC(0) Humongous regions: 0->0
[2025-08-08T13:49:32.064+0000][7][gc,metaspace] GC(0) Metaspace: 12533K(12864K)->12533K(12864K) NonClass: 11010K(11200K)->11010K(11200K) Class: 1523K(1664K)->1523K(1664K)
[2025-08-08T13:49:32.064+0000][7][gc          ] GC(0) Pause Young (Normal) (G1 Evacuation Pause) 49M->7M(1024M) 6.409ms
[2025-08-08T13:49:32.064+0000][7][gc,cpu      ] GC(0) User=0.02s Sys=0.01s Real=0.00s
[2025-08-08T13:49:32.064+0000][7][safepoint   ] Safepoint "G1CollectForAllocation", Time since last: 249709847 ns, Reaching safepoint: 5527 ns, Cleanup: 55127 ns, At safepoint: 6506295 ns, Total: 6566949 ns
[2025-08-08T13:49:32.813+0000][7][safepoint   ] Safepoint "ICBufferFull", Time since last: 748685433 ns, Reaching safepoint: 4416 ns, Cleanup: 126072 ns, At safepoint: 10270 ns, Total: 140758 ns
[2025-08-08T13:49:32.945+0000][7][gc,start    ] GC(1) Pause Young (Normal) (G1 Evacuation Pause)
[2025-08-08T13:49:32.945+0000][7][gc,task     ] GC(1) Using 8 workers of 8 for evacuation
[2025-08-08T13:49:32.945+0000][7][gc,age      ] GC(1) Desired survivor size 4194304 bytes, new threshold 1 (max threshold 15)
[2025-08-08T13:49:32.952+0000][7][gc,phases   ] GC(1)   Pre Evacuate Collection Set: 0.33ms
[2025-08-08T13:49:32.952+0000][7][gc,phases   ] GC(1)   Merge Heap Roots: 0.16ms
[2025-08-08T13:49:32.952+0000][7][gc,phases   ] GC(1)   Evacuate Collection Set: 5.36ms
[2025-08-08T13:49:32.952+0000][7][gc,phases   ] GC(1)   Post Evacuate Collection Set: 1.40ms
[2025-08-08T13:49:32.952+0000][7][gc,phases   ] GC(1)   Other: 0.09ms
[2025-08-08T13:49:32.952+0000][7][gc,age      ] GC(1) Age table with threshold 1 (max threshold 15)
[2025-08-08T13:49:32.952+0000][7][gc,age      ] GC(1) - age   1:    1392232 bytes,    1392232 total
[2025-08-08T13:49:32.952+0000][7][gc,heap     ] GC(1) Eden regions: 11->0(24)
[2025-08-08T13:49:32.952+0000][7][gc,heap     ] GC(1) Survivor regions: 2->1(2)
[2025-08-08T13:49:32.952+0000][7][gc,heap     ] GC(1) Old regions: 1->3
[2025-08-08T13:49:32.952+0000][7][gc,heap     ] GC(1) Humongous regions: 0->0
[2025-08-08T13:49:32.952+0000][7][gc,metaspace] GC(1) Metaspace: 15904K(16256K)->15904K(16256K) NonClass: 14050K(14208K)->14050K(14208K) Class: 1854K(2048K)->1854K(2048K)
[2025-08-08T13:49:32.952+0000][7][gc          ] GC(1) Pause Young (Normal) (G1 Evacuation Pause) 51M->9M(1024M) 7.556ms
[2025-08-08T13:49:32.953+0000][7][gc,cpu      ] GC(1) User=0.02s Sys=0.01s Real=0.01s
[2025-08-08T13:49:32.953+0000][7][safepoint   ] Safepoint "G1CollectForAllocation", Time since last: 131638220 ns, Reaching safepoint: 5148 ns, Cleanup: 70964 ns, At safepoint: 7648329 ns, Total: 7724441 ns
[2025-08-08T13:49:33.556+0000][7][gc,start    ] GC(2) Pause Young (Normal) (G1 Evacuation Pause)
[2025-08-08T13:49:33.556+0000][7][gc,task     ] GC(2) Using 8 workers of 8 for evacuation
[2025-08-08T13:49:33.556+0000][7][gc,age      ] GC(2) Desired survivor size 8388608 bytes, new threshold 15 (max threshold 15)
[2025-08-08T13:49:33.563+0000][7][gc,phases   ] GC(2)   Pre Evacuate Collection Set: 0.15ms
[2025-08-08T13:49:33.563+0000][7][gc,phases   ] GC(2)   Merge Heap Roots: 0.19ms
[2025-08-08T13:49:33.563+0000][7][gc,phases   ] GC(2)   Evacuate Collection Set: 6.30ms
[2025-08-08T13:49:33.563+0000][7][gc,phases   ] GC(2)   Post Evacuate Collection Set: 0.79ms
[2025-08-08T13:49:33.563+0000][7][gc,phases   ] GC(2)   Other: 0.09ms
[2025-08-08T13:49:33.563+0000][7][gc,age      ] GC(2) Age table with threshold 15 (max threshold 15)
[2025-08-08T13:49:33.563+0000][7][gc,age      ] GC(2) - age   1:    2224416 bytes,    2224416 total
[2025-08-08T13:49:33.563+0000][7][gc,age      ] GC(2) - age   2:    1357248 bytes,    3581664 total
[2025-08-08T13:49:33.563+0000][7][gc,heap     ] GC(2) Eden regions: 24->0(152)
[2025-08-08T13:49:33.563+0000][7][gc,heap     ] GC(2) Survivor regions: 1->1(4)
[2025-08-08T13:49:33.563+0000][7][gc,heap     ] GC(2) Old regions: 3->3
[2025-08-08T13:49:33.563+0000][7][gc,heap     ] GC(2) Humongous regions: 0->0
[2025-08-08T13:49:33.563+0000][7][gc,metaspace] GC(2) Metaspace: 17967K(18368K)->17967K(18368K) NonClass: 15861K(16064K)->15861K(16064K) Class: 2105K(2304K)->2105K(2304K)
[2025-08-08T13:49:33.563+0000][7][gc          ] GC(2) Pause Young (Normal) (G1 Evacuation Pause) 105M->11M(1024M) 7.727ms
[2025-08-08T13:49:33.563+0000][7][gc,cpu      ] GC(2) User=0.01s Sys=0.01s Real=0.01s
[2025-08-08T13:49:33.563+0000][7][safepoint   ] Safepoint "G1CollectForAllocation", Time since last: 602840613 ns, Reaching safepoint: 5076 ns, Cleanup: 94452 ns, At safepoint: 7825897 ns, Total: 7925425 ns
[2025-08-08T13:49:34.672+0000][7][safepoint   ] Safepoint "Cleanup", Time since last: 1108102557 ns, Reaching safepoint: 230827 ns, Cleanup: 86561 ns, At safepoint: 59807 ns, Total: 377195 ns
[2025-08-08T13:49:35.454+0000][7][gc,start    ] GC(3) Pause Young (Normal) (G1 Evacuation Pause)
[2025-08-08T13:49:35.454+0000][7][gc,task     ] GC(3) Using 8 workers of 8 for evacuation
[2025-08-08T13:49:35.454+0000][7][gc,age      ] GC(3) Desired survivor size 41943040 bytes, new threshold 15 (max threshold 15)
[2025-08-08T13:49:35.461+0000][7][gc,phases   ] GC(3)   Pre Evacuate Collection Set: 0.17ms
[2025-08-08T13:49:35.461+0000][7][gc,phases   ] GC(3)   Merge Heap Roots: 0.17ms
[2025-08-08T13:49:35.461+0000][7][gc,phases   ] GC(3)   Evacuate Collection Set: 5.13ms
[2025-08-08T13:49:35.461+0000][7][gc,phases   ] GC(3)   Post Evacuate Collection Set: 0.94ms
[2025-08-08T13:49:35.461+0000][7][gc,phases   ] GC(3)   Other: 0.16ms
[2025-08-08T13:49:35.461+0000][7][gc,age      ] GC(3) Age table with threshold 15 (max threshold 15)
[2025-08-08T13:49:35.461+0000][7][gc,age      ] GC(3) - age   1:    6584624 bytes,    6584624 total
[2025-08-08T13:49:35.461+0000][7][gc,age      ] GC(3) - age   2:    1768272 bytes,    8352896 total
[2025-08-08T13:49:35.461+0000][7][gc,age      ] GC(3) - age   3:    1355784 bytes,    9708680 total
[2025-08-08T13:49:35.461+0000][7][gc,heap     ] GC(3) Eden regions: 152->0(150)
[2025-08-08T13:49:35.461+0000][7][gc,heap     ] GC(3) Survivor regions: 1->3(20)
[2025-08-08T13:49:35.461+0000][7][gc,heap     ] GC(3) Old regions: 3->3
[2025-08-08T13:49:35.461+0000][7][gc,heap     ] GC(3) Humongous regions: 0->0
[2025-08-08T13:49:35.461+0000][7][gc,metaspace] GC(3) Metaspace: 20341K(20800K)->20341K(20800K) NonClass: 17867K(18112K)->17867K(18112K) Class: 2473K(2688K)->2473K(2688K)
[2025-08-08T13:49:35.461+0000][7][gc          ] GC(3) Pause Young (Normal) (G1 Evacuation Pause) 619M->16M(1024M) 6.775ms
[2025-08-08T13:49:35.461+0000][7][gc,cpu      ] GC(3) User=0.01s Sys=0.01s Real=0.01s
[2025-08-08T13:49:35.461+0000][7][safepoint   ] Safepoint "G1CollectForAllocation", Time since last: 782148258 ns, Reaching safepoint: 3719 ns, Cleanup: 139270 ns, At safepoint: 6841774 ns, Total: 6984763 ns
[2025-08-08T13:49:35.773+0000][7][gc,start    ] GC(4) Pause Young (Concurrent Start) (Metadata GC Threshold)
[2025-08-08T13:49:35.773+0000][7][gc,task     ] GC(4) Using 8 workers of 8 for evacuation
[2025-08-08T13:49:35.773+0000][7][gc,age      ] GC(4) Desired survivor size 41943040 bytes, new threshold 15 (max threshold 15)
[2025-08-08T13:49:35.779+0000][7][gc,phases   ] GC(4)   Pre Evacuate Collection Set: 0.23ms
[2025-08-08T13:49:35.779+0000][7][gc,phases   ] GC(4)   Merge Heap Roots: 0.07ms
[2025-08-08T13:49:35.779+0000][7][gc,phases   ] GC(4)   Evacuate Collection Set: 4.84ms
[2025-08-08T13:49:35.779+0000][7][gc,phases   ] GC(4)   Post Evacuate Collection Set: 0.83ms
[2025-08-08T13:49:35.779+0000][7][gc,phases   ] GC(4)   Other: 0.11ms
[2025-08-08T13:49:35.779+0000][7][gc,age      ] GC(4) Age table with threshold 15 (max threshold 15)
[2025-08-08T13:49:35.779+0000][7][gc,age      ] GC(4) - age   1:    1591168 bytes,    1591168 total
[2025-08-08T13:49:35.779+0000][7][gc,age      ] GC(4) - age   2:    6365928 bytes,    7957096 total
[2025-08-08T13:49:35.779+0000][7][gc,age      ] GC(4) - age   3:    1767216 bytes,    9724312 total
[2025-08-08T13:49:35.779+0000][7][gc,age      ] GC(4) - age   4:    1355784 bytes,   11080096 total
[2025-08-08T13:49:35.779+0000][7][gc,heap     ] GC(4) Eden regions: 37->0(150)
[2025-08-08T13:49:35.779+0000][7][gc,heap     ] GC(4) Survivor regions: 3->3(20)
[2025-08-08T13:49:35.779+0000][7][gc,heap     ] GC(4) Old regions: 3->3
[2025-08-08T13:49:35.779+0000][7][gc,heap     ] GC(4) Humongous regions: 0->0
[2025-08-08T13:49:35.779+0000][7][gc,metaspace] GC(4) Metaspace: 21020K(21504K)->21020K(21504K) NonClass: 18455K(18752K)->18455K(18752K) Class: 2565K(2752K)->2565K(2752K)
[2025-08-08T13:49:35.779+0000][7][gc          ] GC(4) Pause Young (Concurrent Start) (Metadata GC Threshold) 164M->18M(1024M) 6.282ms
[2025-08-08T13:49:35.779+0000][7][gc,cpu      ] GC(4) User=0.01s Sys=0.01s Real=0.01s
[2025-08-08T13:49:35.779+0000][7][gc          ] GC(5) Concurrent Mark Cycle
[2025-08-08T13:49:35.780+0000][7][safepoint   ] Safepoint "CollectForMetadataAllocation", Time since last: 312076795 ns, Reaching safepoint: 3355 ns, Cleanup: 29259 ns, At safepoint: 6451802 ns, Total: 6484416 ns
[2025-08-08T13:49:35.780+0000][7][gc,marking  ] GC(5) Concurrent Scan Root Regions
[2025-08-08T13:49:35.782+0000][7][gc,marking  ] GC(5) Concurrent Scan Root Regions 2.516ms
[2025-08-08T13:49:35.782+0000][7][gc,marking  ] GC(5) Concurrent Mark
[2025-08-08T13:49:35.782+0000][7][gc,marking  ] GC(5) Concurrent Mark From Roots
[2025-08-08T13:49:35.782+0000][7][gc,task     ] GC(5) Using 2 workers of 2 for marking
[2025-08-08T13:49:35.788+0000][7][gc,marking  ] GC(5) Concurrent Mark From Roots 5.992ms
[2025-08-08T13:49:35.788+0000][7][gc,marking  ] GC(5) Concurrent Preclean
[2025-08-08T13:49:35.788+0000][7][gc,marking  ] GC(5) Concurrent Preclean 0.037ms
[2025-08-08T13:49:35.788+0000][7][gc,start    ] GC(5) Pause Remark
[2025-08-08T13:49:35.792+0000][7][gc          ] GC(5) Pause Remark 22M->22M(1024M) 3.488ms
[2025-08-08T13:49:35.792+0000][7][gc,cpu      ] GC(5) User=0.01s Sys=0.00s Real=0.00s
[2025-08-08T13:49:35.792+0000][7][safepoint   ] Safepoint "G1PauseRemark", Time since last: 8809474 ns, Reaching safepoint: 97355 ns, Cleanup: 8733 ns, At safepoint: 3613655 ns, Total: 3719743 ns
[2025-08-08T13:49:35.792+0000][7][gc,marking  ] GC(5) Concurrent Mark 10.052ms
[2025-08-08T13:49:35.792+0000][7][gc,marking  ] GC(5) Concurrent Rebuild Remembered Sets and Scrub Regions
[2025-08-08T13:49:35.796+0000][7][gc,marking  ] GC(5) Concurrent Rebuild Remembered Sets and Scrub Regions 3.493ms
[2025-08-08T13:49:35.796+0000][7][gc,start    ] GC(5) Pause Cleanup
[2025-08-08T13:49:35.796+0000][7][gc          ] GC(5) Pause Cleanup 22M->22M(1024M) 0.198ms
[2025-08-08T13:49:35.796+0000][7][gc,cpu      ] GC(5) User=0.00s Sys=0.00s Real=0.00s
[2025-08-08T13:49:35.796+0000][7][safepoint   ] Safepoint "G1PauseCleanup", Time since last: 3707063 ns, Reaching safepoint: 266232 ns, Cleanup: 5539 ns, At safepoint: 259570 ns, Total: 531341 ns
[2025-08-08T13:49:35.796+0000][7][gc,marking  ] GC(5) Concurrent Clear Claimed Marks
[2025-08-08T13:49:35.796+0000][7][gc,marking  ] GC(5) Concurrent Clear Claimed Marks 0.056ms
[2025-08-08T13:49:35.796+0000][7][gc,marking  ] GC(5) Concurrent Cleanup for Next Mark
[2025-08-08T13:49:35.798+0000][7][gc,marking  ] GC(5) Concurrent Cleanup for Next Mark 1.318ms
[2025-08-08T13:49:35.798+0000][7][gc          ] GC(5) Concurrent Mark Cycle 18.443ms
[2025-08-08T13:49:37.379+0000][7][safepoint   ] Safepoint "ICBufferFull", Time since last: 1582336967 ns, Reaching safepoint: 3294 ns, Cleanup: 88595 ns, At safepoint: 7005 ns, Total: 98894 ns
[2025-08-08T13:49:38.457+0000][7][safepoint   ] Safepoint "Cleanup", Time since last: 1077906303 ns, Reaching safepoint: 234873 ns, Cleanup: 102309 ns, At safepoint: 64277 ns, Total: 401459 ns
[2025-08-08T13:49:39.125+0000][7][gc,start    ] GC(6) Pause Young (Prepare Mixed) (G1 Evacuation Pause)
[2025-08-08T13:49:39.125+0000][7][gc,task     ] GC(6) Using 8 workers of 8 for evacuation
[2025-08-08T13:49:39.125+0000][7][gc,age      ] GC(6) Desired survivor size 41943040 bytes, new threshold 15 (max threshold 15)
[2025-08-08T13:49:39.141+0000][7][gc,phases   ] GC(6)   Pre Evacuate Collection Set: 0.29ms
[2025-08-08T13:49:39.141+0000][7][gc,phases   ] GC(6)   Merge Heap Roots: 0.27ms
[2025-08-08T13:49:39.141+0000][7][gc,phases   ] GC(6)   Evacuate Collection Set: 12.11ms
[2025-08-08T13:49:39.141+0000][7][gc,phases   ] GC(6)   Post Evacuate Collection Set: 3.08ms
[2025-08-08T13:49:39.141+0000][7][gc,phases   ] GC(6)   Other: 0.10ms
[2025-08-08T13:49:39.141+0000][7][gc,age      ] GC(6) Age table with threshold 15 (max threshold 15)
[2025-08-08T13:49:39.141+0000][7][gc,age      ] GC(6) - age   1:   22138952 bytes,   22138952 total
[2025-08-08T13:49:39.141+0000][7][gc,age      ] GC(6) - age   2:    1558752 bytes,   23697704 total
[2025-08-08T13:49:39.141+0000][7][gc,age      ] GC(6) - age   3:    6321304 bytes,   30019008 total
[2025-08-08T13:49:39.141+0000][7][gc,age      ] GC(6) - age   4:    1694384 bytes,   31713392 total
[2025-08-08T13:49:39.141+0000][7][gc,age      ] GC(6) - age   5:    1319032 bytes,   33032424 total
[2025-08-08T13:49:39.141+0000][7][gc,heap     ] GC(6) Eden regions: 150->0(144)
[2025-08-08T13:49:39.141+0000][7][gc,heap     ] GC(6) Survivor regions: 3->9(20)
[2025-08-08T13:49:39.141+0000][7][gc,heap     ] GC(6) Old regions: 3->3
[2025-08-08T13:49:39.141+0000][7][gc,heap     ] GC(6) Humongous regions: 0->0
[2025-08-08T13:49:39.141+0000][7][gc,metaspace] GC(6) Metaspace: 30234K(31296K)->30234K(31296K) NonClass: 26344K(27008K)->26344K(27008K) Class: 3889K(4288K)->3889K(4288K)
[2025-08-08T13:49:39.141+0000][7][gc          ] GC(6) Pause Young (Prepare Mixed) (G1 Evacuation Pause) 618M->41M(1024M) 16.116ms
[2025-08-08T13:49:39.141+0000][7][gc,cpu      ] GC(6) User=0.07s Sys=0.01s Real=0.02s
[2025-08-08T13:49:39.144+0000][7][safepoint   ] Safepoint "G1CollectForAllocation", Time since last: 668071710 ns, Reaching safepoint: 5257 ns, Cleanup: 33707 ns, At safepoint: 18384089 ns, Total: 18423053 ns
[2025-08-08T13:49:40.018+0000][7][gc,start    ] GC(7) Pause Young (Mixed) (Metadata GC Threshold)
[2025-08-08T13:49:40.018+0000][7][gc,task     ] GC(7) Using 8 workers of 8 for evacuation
[2025-08-08T13:49:40.018+0000][7][gc,age      ] GC(7) Desired survivor size 41943040 bytes, new threshold 15 (max threshold 15)
[2025-08-08T13:49:40.041+0000][7][gc,phases   ] GC(7)   Pre Evacuate Collection Set: 0.18ms
[2025-08-08T13:49:40.041+0000][7][gc,phases   ] GC(7)   Merge Heap Roots: 0.14ms
[2025-08-08T13:49:40.041+0000][7][gc,phases   ] GC(7)   Evacuate Collection Set: 20.04ms
[2025-08-08T13:49:40.041+0000][7][gc,phases   ] GC(7)   Post Evacuate Collection Set: 2.33ms
[2025-08-08T13:49:40.041+0000][7][gc,phases   ] GC(7)   Other: 0.09ms
[2025-08-08T13:49:40.041+0000][7][gc,age      ] GC(7) Age table with threshold 15 (max threshold 15)
[2025-08-08T13:49:40.041+0000][7][gc,age      ] GC(7) - age   1:    6841224 bytes,    6841224 total
[2025-08-08T13:49:40.041+0000][7][gc,age      ] GC(7) - age   2:   21776840 bytes,   28618064 total
[2025-08-08T13:49:40.041+0000][7][gc,age      ] GC(7) - age   3:    1558720 bytes,   30176784 total
[2025-08-08T13:49:40.041+0000][7][gc,age      ] GC(7) - age   4:    6311552 bytes,   36488336 total
[2025-08-08T13:49:40.041+0000][7][gc,age      ] GC(7) - age   5:    1694288 bytes,   38182624 total
[2025-08-08T13:49:40.041+0000][7][gc,age      ] GC(7) - age   6:    1318520 bytes,   39501144 total
[2025-08-08T13:49:40.041+0000][7][gc,heap     ] GC(7) Eden regions: 19->0(142)
[2025-08-08T13:49:40.041+0000][7][gc,heap     ] GC(7) Survivor regions: 9->11(20)
[2025-08-08T13:49:40.041+0000][7][gc,heap     ] GC(7) Old regions: 3->2
[2025-08-08T13:49:40.041+0000][7][gc,heap     ] GC(7) Humongous regions: 0->0
[2025-08-08T13:49:40.041+0000][7][gc,metaspace] GC(7) Metaspace: 35068K(36096K)->35068K(36096K) NonClass: 30431K(31040K)->30431K(31040K) Class: 4637K(5056K)->4637K(5056K)
[2025-08-08T13:49:40.041+0000][7][gc          ] GC(7) Pause Young (Mixed) (Metadata GC Threshold) 115M->48M(1024M) 22.986ms
[2025-08-08T13:49:40.041+0000][7][gc,cpu      ] GC(7) User=0.09s Sys=0.01s Real=0.02s
[2025-08-08T13:49:40.041+0000][7][safepoint   ] Safepoint "CollectForMetadataAllocation", Time since last: 874414411 ns, Reaching safepoint: 3674 ns, Cleanup: 64129 ns, At safepoint: 23208812 ns, Total: 23276615 ns
[2025-08-08T13:49:40.081+0000][7][gc,start    ] GC(8) Pause Young (Concurrent Start) (Metadata GC Threshold)
[2025-08-08T13:49:40.081+0000][7][gc,task     ] GC(8) Using 8 workers of 8 for evacuation
[2025-08-08T13:49:40.081+0000][7][gc,age      ] GC(8) Desired survivor size 41943040 bytes, new threshold 15 (max threshold 15)
[2025-08-08T13:49:40.098+0000][7][gc,phases   ] GC(8)   Pre Evacuate Collection Set: 0.32ms
[2025-08-08T13:49:40.098+0000][7][gc,phases   ] GC(8)   Merge Heap Roots: 0.09ms
[2025-08-08T13:49:40.098+0000][7][gc,phases   ] GC(8)   Evacuate Collection Set: 14.42ms
[2025-08-08T13:49:40.098+0000][7][gc,phases   ] GC(8)   Post Evacuate Collection Set: 1.77ms
[2025-08-08T13:49:40.098+0000][7][gc,phases   ] GC(8)   Other: 0.14ms
[2025-08-08T13:49:40.098+0000][7][gc,age      ] GC(8) Age table with threshold 15 (max threshold 15)
[2025-08-08T13:49:40.098+0000][7][gc,age      ] GC(8) - age   1:     148912 bytes,     148912 total
[2025-08-08T13:49:40.098+0000][7][gc,age      ] GC(8) - age   2:    6748352 bytes,    6897264 total
[2025-08-08T13:49:40.098+0000][7][gc,age      ] GC(8) - age   3:   21776808 bytes,   28674072 total
[2025-08-08T13:49:40.098+0000][7][gc,age      ] GC(8) - age   4:    1558720 bytes,   30232792 total
[2025-08-08T13:49:40.098+0000][7][gc,age      ] GC(8) - age   5:    6311552 bytes,   36544344 total
[2025-08-08T13:49:40.098+0000][7][gc,age      ] GC(8) - age   6:    1694288 bytes,   38238632 total
[2025-08-08T13:49:40.098+0000][7][gc,age      ] GC(8) - age   7:    1318520 bytes,   39557152 total
[2025-08-08T13:49:40.098+0000][7][gc,heap     ] GC(8) Eden regions: 1->0(142)
[2025-08-08T13:49:40.098+0000][7][gc,heap     ] GC(8) Survivor regions: 11->11(20)
[2025-08-08T13:49:40.098+0000][7][gc,heap     ] GC(8) Old regions: 2->2
[2025-08-08T13:49:40.098+0000][7][gc,heap     ] GC(8) Humongous regions: 0->0
[2025-08-08T13:49:40.098+0000][7][gc,metaspace] GC(8) Metaspace: 35418K(36416K)->35418K(36416K) NonClass: 30736K(31360K)->30736K(31360K) Class: 4681K(5056K)->4681K(5056K)
[2025-08-08T13:49:40.098+0000][7][gc          ] GC(8) Pause Young (Concurrent Start) (Metadata GC Threshold) 51M->48M(1024M) 16.983ms
[2025-08-08T13:49:40.098+0000][7][gc,cpu      ] GC(8) User=0.08s Sys=0.02s Real=0.02s
[2025-08-08T13:49:40.098+0000][7][gc          ] GC(9) Concurrent Mark Cycle
[2025-08-08T13:49:40.098+0000][7][gc,marking  ] GC(9) Concurrent Scan Root Regions
[2025-08-08T13:49:40.098+0000][7][safepoint   ] Safepoint "CollectForMetadataAllocation", Time since last: 39583706 ns, Reaching safepoint: 4911 ns, Cleanup: 21977 ns, At safepoint: 17317727 ns, Total: 17344615 ns
[2025-08-08T13:49:40.112+0000][7][gc,marking  ] GC(9) Concurrent Scan Root Regions 14.508ms
[2025-08-08T13:49:40.112+0000][7][gc,marking  ] GC(9) Concurrent Mark
[2025-08-08T13:49:40.112+0000][7][gc,marking  ] GC(9) Concurrent Mark From Roots
[2025-08-08T13:49:40.112+0000][7][gc,task     ] GC(9) Using 2 workers of 2 for marking
[2025-08-08T13:49:40.118+0000][7][gc,marking  ] GC(9) Concurrent Mark From Roots 5.582ms
[2025-08-08T13:49:40.118+0000][7][gc,marking  ] GC(9) Concurrent Preclean
[2025-08-08T13:49:40.118+0000][7][gc,marking  ] GC(9) Concurrent Preclean 0.066ms
[2025-08-08T13:49:40.118+0000][7][gc,start    ] GC(9) Pause Remark
[2025-08-08T13:49:40.124+0000][7][gc          ] GC(9) Pause Remark 51M->51M(1024M) 5.500ms
[2025-08-08T13:49:40.124+0000][7][gc,cpu      ] GC(9) User=0.01s Sys=0.01s Real=0.00s
[2025-08-08T13:49:40.124+0000][7][safepoint   ] Safepoint "G1PauseRemark", Time since last: 20141228 ns, Reaching safepoint: 5073 ns, Cleanup: 3425 ns, At safepoint: 5603966 ns, Total: 5612464 ns
[2025-08-08T13:49:40.124+0000][7][gc,marking  ] GC(9) Concurrent Mark 11.521ms
[2025-08-08T13:49:40.124+0000][7][gc,marking  ] GC(9) Concurrent Rebuild Remembered Sets and Scrub Regions
[2025-08-08T13:49:40.127+0000][7][gc,marking  ] GC(9) Concurrent Rebuild Remembered Sets and Scrub Regions 2.574ms
[2025-08-08T13:49:40.127+0000][7][gc,start    ] GC(9) Pause Cleanup
[2025-08-08T13:49:40.127+0000][7][gc          ] GC(9) Pause Cleanup 51M->51M(1024M) 0.152ms
[2025-08-08T13:49:40.127+0000][7][gc,cpu      ] GC(9) User=0.00s Sys=0.00s Real=0.00s
[2025-08-08T13:49:40.127+0000][7][safepoint   ] Safepoint "G1PauseCleanup", Time since last: 2989781 ns, Reaching safepoint: 191413 ns, Cleanup: 9678 ns, At safepoint: 225438 ns, Total: 426529 ns
[2025-08-08T13:49:40.127+0000][7][gc,marking  ] GC(9) Concurrent Clear Claimed Marks
[2025-08-08T13:49:40.127+0000][7][gc,marking  ] GC(9) Concurrent Clear Claimed Marks 0.084ms
[2025-08-08T13:49:40.127+0000][7][gc,marking  ] GC(9) Concurrent Cleanup for Next Mark
[2025-08-08T13:49:40.129+0000][7][gc,marking  ] GC(9) Concurrent Cleanup for Next Mark 1.337ms
[2025-08-08T13:49:40.129+0000][7][gc          ] GC(9) Concurrent Mark Cycle 30.979ms
[2025-08-08T13:49:41.885+0000][7][safepoint   ] Safepoint "Cleanup", Time since last: 1755606364 ns, Reaching safepoint: 2362891 ns, Cleanup: 91537 ns, At safepoint: 12972 ns, Total: 2467400 ns
[2025-08-08T13:49:42.938+0000][7][safepoint   ] Safepoint "Cleanup", Time since last: 1052441741 ns, Reaching safepoint: 263440 ns, Cleanup: 135064 ns, At safepoint: 51787 ns, Total: 450291 ns
[2025-08-08T13:49:44.331+0000][7][safepoint   ] Safepoint "ICBufferFull", Time since last: 1392811993 ns, Reaching safepoint: 4709 ns, Cleanup: 117539 ns, At safepoint: 8822 ns, Total: 131070 ns
[2025-08-08T13:49:44.924+0000][7][gc,start    ] GC(10) Pause Young (Concurrent Start) (Metadata GC Threshold)
[2025-08-08T13:49:44.924+0000][7][gc,task     ] GC(10) Using 8 workers of 8 for evacuation
[2025-08-08T13:49:44.924+0000][7][gc,age      ] GC(10) Desired survivor size 41943040 bytes, new threshold 15 (max threshold 15)
[2025-08-08T13:49:44.962+0000][7][gc,phases   ] GC(10)   Pre Evacuate Collection Set: 0.48ms
[2025-08-08T13:49:44.962+0000][7][gc,phases   ] GC(10)   Merge Heap Roots: 0.34ms
[2025-08-08T13:49:44.962+0000][7][gc,phases   ] GC(10)   Evacuate Collection Set: 31.99ms
[2025-08-08T13:49:44.962+0000][7][gc,phases   ] GC(10)   Post Evacuate Collection Set: 4.20ms
[2025-08-08T13:49:44.962+0000][7][gc,phases   ] GC(10)   Other: 0.31ms
[2025-08-08T13:49:44.962+0000][7][gc,age      ] GC(10) Age table with threshold 15 (max threshold 15)
[2025-08-08T13:49:44.962+0000][7][gc,age      ] GC(10) - age   1:   11568544 bytes,   11568544 total
[2025-08-08T13:49:44.962+0000][7][gc,age      ] GC(10) - age   2:      58648 bytes,   11627192 total
[2025-08-08T13:49:44.962+0000][7][gc,age      ] GC(10) - age   3:    6719248 bytes,   18346440 total
[2025-08-08T13:49:44.962+0000][7][gc,age      ] GC(10) - age   4:   21573688 bytes,   39920128 total
[2025-08-08T13:49:44.962+0000][7][gc,age      ] GC(10) - age   5:    1553560 bytes,   41473688 total
[2025-08-08T13:49:44.962+0000][7][gc,age      ] GC(10) - age   6:    6291096 bytes,   47764784 total
[2025-08-08T13:49:44.962+0000][7][gc,age      ] GC(10) - age   7:    1686640 bytes,   49451424 total
[2025-08-08T13:49:44.962+0000][7][gc,age      ] GC(10) - age   8:    1299288 bytes,   50750712 total
[2025-08-08T13:49:44.962+0000][7][gc,heap     ] GC(10) Eden regions: 114->0(140)
[2025-08-08T13:49:44.962+0000][7][gc,heap     ] GC(10) Survivor regions: 11->13(20)
[2025-08-08T13:49:44.962+0000][7][gc,heap     ] GC(10) Old regions: 2->2
[2025-08-08T13:49:44.962+0000][7][gc,heap     ] GC(10) Humongous regions: 0->0
[2025-08-08T13:49:44.962+0000][7][gc,metaspace] GC(10) Metaspace: 59714K(61056K)->59714K(61056K) NonClass: 51593K(52352K)->51593K(52352K) Class: 8120K(8704K)->8120K(8704K)
[2025-08-08T13:49:44.962+0000][7][gc          ] GC(10) Pause Young (Concurrent Start) (Metadata GC Threshold) 504M->59M(1024M) 37.583ms
[2025-08-08T13:49:44.962+0000][7][gc,cpu      ] GC(10) User=0.14s Sys=0.03s Real=0.04s
[2025-08-08T13:49:44.962+0000][7][gc          ] GC(11) Concurrent Mark Cycle
[2025-08-08T13:49:44.962+0000][7][gc,marking  ] GC(11) Concurrent Scan Root Regions
[2025-08-08T13:49:44.964+0000][7][safepoint   ] Safepoint "CollectForMetadataAllocation", Time since last: 592837567 ns, Reaching safepoint: 3985 ns, Cleanup: 102943 ns, At safepoint: 39573163 ns, Total: 39680091 ns
[2025-08-08T13:49:44.984+0000][7][gc,marking  ] GC(11) Concurrent Scan Root Regions 22.306ms
[2025-08-08T13:49:44.984+0000][7][gc,marking  ] GC(11) Concurrent Mark
[2025-08-08T13:49:44.984+0000][7][gc,marking  ] GC(11) Concurrent Mark From Roots
[2025-08-08T13:49:44.984+0000][7][gc,task     ] GC(11) Using 2 workers of 2 for marking
[2025-08-08T13:49:44.990+0000][7][gc,marking  ] GC(11) Concurrent Mark From Roots 5.888ms
[2025-08-08T13:49:44.990+0000][7][gc,marking  ] GC(11) Concurrent Preclean
[2025-08-08T13:49:44.990+0000][7][gc,marking  ] GC(11) Concurrent Preclean 0.053ms
[2025-08-08T13:49:44.990+0000][7][gc,start    ] GC(11) Pause Remark
[2025-08-08T13:49:44.996+0000][7][gc          ] GC(11) Pause Remark 61M->61M(1024M) 5.627ms
[2025-08-08T13:49:44.996+0000][7][gc,cpu      ] GC(11) User=0.01s Sys=0.00s Real=0.00s
[2025-08-08T13:49:44.996+0000][7][safepoint   ] Safepoint "G1PauseRemark", Time since last: 26573511 ns, Reaching safepoint: 4802 ns, Cleanup: 9154 ns, At safepoint: 5790681 ns, Total: 5804637 ns
[2025-08-08T13:49:44.998+0000][7][gc,marking  ] GC(11) Concurrent Mark 13.789ms
[2025-08-08T13:49:44.998+0000][7][gc,marking  ] GC(11) Concurrent Rebuild Remembered Sets and Scrub Regions
[2025-08-08T13:49:45.001+0000][7][gc,marking  ] GC(11) Concurrent Rebuild Remembered Sets and Scrub Regions 2.791ms
[2025-08-08T13:49:45.001+0000][7][gc,start    ] GC(11) Pause Cleanup
[2025-08-08T13:49:45.001+0000][7][gc          ] GC(11) Pause Cleanup 61M->61M(1024M) 0.194ms
[2025-08-08T13:49:45.001+0000][7][gc,cpu      ] GC(11) User=0.00s Sys=0.00s Real=0.00s
[2025-08-08T13:49:45.001+0000][7][safepoint   ] Safepoint "G1PauseCleanup", Time since last: 4818704 ns, Reaching safepoint: 4644 ns, Cleanup: 11957 ns, At safepoint: 254016 ns, Total: 270617 ns
[2025-08-08T13:49:45.001+0000][7][gc,marking  ] GC(11) Concurrent Clear Claimed Marks
[2025-08-08T13:49:45.001+0000][7][gc,marking  ] GC(11) Concurrent Clear Claimed Marks 0.108ms
[2025-08-08T13:49:45.001+0000][7][gc,marking  ] GC(11) Concurrent Cleanup for Next Mark
[2025-08-08T13:49:45.003+0000][7][gc,marking  ] GC(11) Concurrent Cleanup for Next Mark 1.687ms
[2025-08-08T13:49:45.003+0000][7][gc          ] GC(11) Concurrent Mark Cycle 41.325ms
[2025-08-08T13:49:46.002+0000][7][safepoint   ] Safepoint "Cleanup", Time since last: 1000292037 ns, Reaching safepoint: 4426 ns, Cleanup: 51741 ns, At safepoint: 6902 ns, Total: 63069 ns
[2025-08-08T13:49:47.407+0000][7][safepoint   ] Safepoint "ICBufferFull", Time since last: 1405223017 ns, Reaching safepoint: 5538 ns, Cleanup: 121721 ns, At safepoint: 8203 ns, Total: 135462 ns
[2025-08-08T13:49:48.412+0000][7][safepoint   ] Safepoint "Cleanup", Time since last: 1004611027 ns, Reaching safepoint: 439797 ns, Cleanup: 131771 ns, At safepoint: 56230 ns, Total: 627798 ns
[2025-08-08T13:49:48.970+0000][7][safepoint   ] Safepoint "ICBufferFull", Time since last: 558072080 ns, Reaching safepoint: 6238 ns, Cleanup: 110967 ns, At safepoint: 8626 ns, Total: 125831 ns
[2025-08-08T13:49:49.769+0000][7][safepoint   ] Safepoint "ICBufferFull", Time since last: 798665480 ns, Reaching safepoint: 231134 ns, Cleanup: 190248 ns, At safepoint: 48831 ns, Total: 470213 ns
[2025-08-08T13:49:50.305+0000][7][safepoint   ] Safepoint "ICBufferFull", Time since last: 535764002 ns, Reaching safepoint: 9405 ns, Cleanup: 160456 ns, At safepoint: 12279 ns, Total: 182140 ns
[2025-08-08T13:49:50.802+0000][7][safepoint   ] Safepoint "ICBufferFull", Time since last: 496040885 ns, Reaching safepoint: 9838 ns, Cleanup: 120019 ns, At safepoint: 50323 ns, Total: 180180 ns
[2025-08-08T13:49:51.148+0000][7][safepoint   ] Safepoint "ICBufferFull", Time since last: 345941073 ns, Reaching safepoint: 8524 ns, Cleanup: 177719 ns, At safepoint: 47316 ns, Total: 233559 ns
[2025-08-08T13:49:51.791+0000][7][safepoint   ] Safepoint "ICBufferFull", Time since last: 643491297 ns, Reaching safepoint: 8391 ns, Cleanup: 137580 ns, At safepoint: 9320 ns, Total: 155291 ns
[2025-08-08T13:49:52.792+0000][7][safepoint   ] Safepoint "Cleanup", Time since last: 1000223461 ns, Reaching safepoint: 9715 ns, Cleanup: 106788 ns, At safepoint: 8046 ns, Total: 124549 ns
[2025-08-08T13:49:52.973+0000][7][gc,start    ] GC(12) Pause Young (Concurrent Start) (Metadata GC Threshold)
[2025-08-08T13:49:52.973+0000][7][gc,task     ] GC(12) Using 8 workers of 8 for evacuation
[2025-08-08T13:49:52.973+0000][7][gc,age      ] GC(12) Desired survivor size 41943040 bytes, new threshold 6 (max threshold 15)
[2025-08-08T13:49:53.025+0000][7][gc,phases   ] GC(12)   Pre Evacuate Collection Set: 0.72ms
[2025-08-08T13:49:53.025+0000][7][gc,phases   ] GC(12)   Merge Heap Roots: 0.35ms
[2025-08-08T13:49:53.025+0000][7][gc,phases   ] GC(12)   Evacuate Collection Set: 46.04ms
[2025-08-08T13:49:53.025+0000][7][gc,phases   ] GC(12)   Post Evacuate Collection Set: 4.07ms
[2025-08-08T13:49:53.025+0000][7][gc,phases   ] GC(12)   Other: 0.23ms
[2025-08-08T13:49:53.025+0000][7][gc,age      ] GC(12) Age table with threshold 6 (max threshold 15)
[2025-08-08T13:49:53.025+0000][7][gc,age      ] GC(12) - age   1:   17575160 bytes,   17575160 total
[2025-08-08T13:49:53.025+0000][7][gc,age      ] GC(12) - age   2:   10820696 bytes,   28395856 total
[2025-08-08T13:49:53.025+0000][7][gc,age      ] GC(12) - age   3:      57400 bytes,   28453256 total
[2025-08-08T13:49:53.025+0000][7][gc,age      ] GC(12) - age   4:    6694952 bytes,   35148208 total
[2025-08-08T13:49:53.025+0000][7][gc,age      ] GC(12) - age   5:   21487304 bytes,   56635512 total
[2025-08-08T13:49:53.025+0000][7][gc,age      ] GC(12) - age   6:    1549568 bytes,   58185080 total
[2025-08-08T13:49:53.025+0000][7][gc,heap     ] GC(12) Eden regions: 126->0(137)
[2025-08-08T13:49:53.025+0000][7][gc,heap     ] GC(12) Survivor regions: 13->16(20)
[2025-08-08T13:49:53.025+0000][7][gc,heap     ] GC(12) Old regions: 2->5
[2025-08-08T13:49:53.025+0000][7][gc,heap     ] GC(12) Humongous regions: 2->2
[2025-08-08T13:49:53.025+0000][7][gc,metaspace] GC(12) Metaspace: 99412K(102208K)->99412K(102208K) NonClass: 85204K(86720K)->85204K(86720K) Class: 14208K(15488K)->14208K(15488K)
[2025-08-08T13:49:53.025+0000][7][gc          ] GC(12) Pause Young (Concurrent Start) (Metadata GC Threshold) 571M->88M(1024M) 51.653ms
[2025-08-08T13:49:53.025+0000][7][gc,cpu      ] GC(12) User=0.21s Sys=0.06s Real=0.05s
[2025-08-08T13:49:53.025+0000][7][gc          ] GC(13) Concurrent Mark Cycle
[2025-08-08T13:49:53.025+0000][7][gc,marking  ] GC(13) Concurrent Scan Root Regions
[2025-08-08T13:49:53.025+0000][7][safepoint   ] Safepoint "CollectForMetadataAllocation", Time since last: 181218925 ns, Reaching safepoint: 6741 ns, Cleanup: 12427 ns, At safepoint: 51854312 ns, Total: 51873480 ns
[2025-08-08T13:49:53.049+0000][7][gc,marking  ] GC(13) Concurrent Scan Root Regions 23.818ms
[2025-08-08T13:49:53.049+0000][7][gc,marking  ] GC(13) Concurrent Mark
[2025-08-08T13:49:53.049+0000][7][gc,marking  ] GC(13) Concurrent Mark From Roots
[2025-08-08T13:49:53.049+0000][7][gc,task     ] GC(13) Using 2 workers of 2 for marking
[2025-08-08T13:49:53.053+0000][7][gc,marking  ] GC(13) Concurrent Mark From Roots 4.774ms
[2025-08-08T13:49:53.054+0000][7][gc,marking  ] GC(13) Concurrent Preclean
[2025-08-08T13:49:53.054+0000][7][gc,marking  ] GC(13) Concurrent Preclean 0.042ms
[2025-08-08T13:49:53.054+0000][7][gc,start    ] GC(13) Pause Remark
[2025-08-08T13:49:53.060+0000][7][gc          ] GC(13) Pause Remark 92M->92M(1024M) 5.770ms
[2025-08-08T13:49:53.060+0000][7][gc,cpu      ] GC(13) User=0.01s Sys=0.01s Real=0.01s
[2025-08-08T13:49:53.060+0000][7][safepoint   ] Safepoint "G1PauseRemark", Time since last: 28738829 ns, Reaching safepoint: 298539 ns, Cleanup: 15297 ns, At safepoint: 5893316 ns, Total: 6207152 ns
[2025-08-08T13:49:53.060+0000][7][gc,marking  ] GC(13) Concurrent Mark 11.218ms
[2025-08-08T13:49:53.060+0000][7][gc,marking  ] GC(13) Concurrent Rebuild Remembered Sets and Scrub Regions
[2025-08-08T13:49:53.064+0000][7][gc,marking  ] GC(13) Concurrent Rebuild Remembered Sets and Scrub Regions 4.420ms
[2025-08-08T13:49:53.065+0000][7][gc,start    ] GC(13) Pause Cleanup
[2025-08-08T13:49:53.065+0000][7][gc          ] GC(13) Pause Cleanup 92M->92M(1024M) 0.181ms
[2025-08-08T13:49:53.065+0000][7][gc,cpu      ] GC(13) User=0.00s Sys=0.00s Real=0.00s
[2025-08-08T13:49:53.065+0000][7][safepoint   ] Safepoint "G1PauseCleanup", Time since last: 4610657 ns, Reaching safepoint: 6823 ns, Cleanup: 8152 ns, At safepoint: 250174 ns, Total: 265149 ns
[2025-08-08T13:49:53.065+0000][7][gc,marking  ] GC(13) Concurrent Clear Claimed Marks
[2025-08-08T13:49:53.065+0000][7][gc,marking  ] GC(13) Concurrent Clear Claimed Marks 0.231ms
[2025-08-08T13:49:53.065+0000][7][gc,marking  ] GC(13) Concurrent Cleanup for Next Mark
[2025-08-08T13:49:53.066+0000][7][gc,marking  ] GC(13) Concurrent Cleanup for Next Mark 1.222ms
[2025-08-08T13:49:53.066+0000][7][gc          ] GC(13) Concurrent Mark Cycle 41.522ms
[2025-08-08T13:49:54.065+0000][7][safepoint   ] Safepoint "Cleanup", Time since last: 1000576772 ns, Reaching safepoint: 33594 ns, Cleanup: 29731 ns, At safepoint: 14459 ns, Total: 77784 ns
[2025-08-08T13:49:56.066+0000][7][safepoint   ] Safepoint "Cleanup", Time since last: 2000453831 ns, Reaching safepoint: 11228 ns, Cleanup: 27741 ns, At safepoint: 7941 ns, Total: 46910 ns
[2025-08-08T13:49:57.067+0000][7][safepoint   ] Safepoint "Cleanup", Time since last: 1000609717 ns, Reaching safepoint: 9986 ns, Cleanup: 16446 ns, At safepoint: 8420 ns, Total: 34852 ns
[2025-08-08T13:49:58.067+0000][7][safepoint   ] Safepoint "Cleanup", Time since last: 1000442882 ns, Reaching safepoint: 11755 ns, Cleanup: 16454 ns, At safepoint: 9157 ns, Total: 37366 ns
[2025-08-08T13:50:00.068+0000][7][safepoint   ] Safepoint "Cleanup", Time since last: 2001211102 ns, Reaching safepoint: 10949 ns, Cleanup: 18013 ns, At safepoint: 10083 ns, Total: 39045 ns
[2025-08-08T13:50:04.070+0000][7][safepoint   ] Safepoint "Cleanup", Time since last: 4001398686 ns, Reaching safepoint: 10346 ns, Cleanup: 16352 ns, At safepoint: 8975 ns, Total: 35673 ns
[2025-08-08T13:50:06.071+0000][7][safepoint   ] Safepoint "Cleanup", Time since last: 2001210990 ns, Reaching safepoint: 53585 ns, Cleanup: 22919 ns, At safepoint: 11033 ns, Total: 87537 ns
[2025-08-08T13:50:07.697+0000][7][safepoint   ] Safepoint "Cleanup", Time since last: 1625663351 ns, Reaching safepoint: 11875 ns, Cleanup: 32301 ns, At safepoint: 8352 ns, Total: 52528 ns
[2025-08-08T13:50:08.697+0000][7][safepoint   ] Safepoint "Cleanup", Time since last: 1000465398 ns, Reaching safepoint: 14349 ns, Cleanup: 42468 ns, At safepoint: 13213 ns, Total: 70030 ns
[2025-08-08T13:50:10.699+0000][7][safepoint   ] Safepoint "Cleanup", Time since last: 2001712561 ns, Reaching safepoint: 35810 ns, Cleanup: 14817 ns, At safepoint: 7392 ns, Total: 58019 ns
[2025-08-08T13:50:11.699+0000][7][safepoint   ] Safepoint "Cleanup", Time since last: 1000177839 ns, Reaching safepoint: 12284 ns, Cleanup: 15683 ns, At safepoint: 9469 ns, Total: 37436 ns
[2025-08-08T13:50:14.701+0000][7][safepoint   ] Safepoint "Cleanup", Time since last: 3002046964 ns, Reaching safepoint: 37715 ns, Cleanup: 16236 ns, At safepoint: 6716 ns, Total: 60667 ns
[2025-08-08T13:50:15.702+0000][7][safepoint   ] Safepoint "Cleanup", Time since last: 1000472406 ns, Reaching safepoint: 11671 ns, Cleanup: 16359 ns, At safepoint: 7191 ns, Total: 35221 ns
[2025-08-08T13:50:17.704+0000][7][safepoint   ] Safepoint "Cleanup", Time since last: 2002037636 ns, Reaching safepoint: 10579 ns, Cleanup: 16661 ns, At safepoint: 6627 ns, Total: 33867 ns
[2025-08-08T13:50:18.704+0000][7][safepoint   ] Safepoint "Cleanup", Time since last: 1000459850 ns, Reaching safepoint: 12036 ns, Cleanup: 14073 ns, At safepoint: 8673 ns, Total: 34782 ns
[2025-08-08T13:50:19.705+0000][7][safepoint   ] Safepoint "Cleanup", Time since last: 1000796304 ns, Reaching safepoint: 8050 ns, Cleanup: 20597 ns, At safepoint: 5914 ns, Total: 34561 ns
[2025-08-08T13:50:23.707+0000][7][safepoint   ] Safepoint "Cleanup", Time since last: 4001326309 ns, Reaching safepoint: 46409 ns, Cleanup: 19396 ns, At safepoint: 8973 ns, Total: 74778 ns
[2025-08-08T13:50:24.707+0000][7][safepoint   ] Safepoint "Cleanup", Time since last: 1000146865 ns, Reaching safepoint: 9313 ns, Cleanup: 12990 ns, At safepoint: 7134 ns, Total: 29437 ns
[2025-08-08T13:50:25.707+0000][7][safepoint   ] Safepoint "Cleanup", Time since last: 1000228196 ns, Reaching safepoint: 37670 ns, Cleanup: 22389 ns, At safepoint: 7028 ns, Total: 67087 ns
[2025-08-08T13:50:27.709+0000][7][safepoint   ] Safepoint "Cleanup", Time since last: 2001417221 ns, Reaching safepoint: 7522 ns, Cleanup: 13180 ns, At safepoint: 4970 ns, Total: 25672 ns
[2025-08-08T13:50:29.196+0000][7][safepoint   ] Safepoint "Cleanup", Time since last: 1487749318 ns, Reaching safepoint: 4053 ns, Cleanup: 11334 ns, At safepoint: 2871 ns, Total: 18258 ns
[2025-08-08T13:50:30.198+0000][7][safepoint   ] Safepoint "Cleanup", Time since last: 1001790120 ns, Reaching safepoint: 35351 ns, Cleanup: 34765 ns, At safepoint: 10112 ns, Total: 80228 ns
[2025-08-08T13:50:32.199+0000][7][safepoint   ] Safepoint "Cleanup", Time since last: 2000671859 ns, Reaching safepoint: 8886 ns, Cleanup: 21084 ns, At safepoint: 6138 ns, Total: 36108 ns
[2025-08-08T13:50:36.200+0000][7][safepoint   ] Safepoint "Cleanup", Time since last: 4000625691 ns, Reaching safepoint: 31071 ns, Cleanup: 15851 ns, At safepoint: 5854 ns, Total: 52776 ns
[2025-08-08T13:50:40.202+0000][7][safepoint   ] Safepoint "Cleanup", Time since last: 4002486169 ns, Reaching safepoint: 40521 ns, Cleanup: 15964 ns, At safepoint: 13038 ns, Total: 69523 ns
[2025-08-08T13:50:44.205+0000][7][safepoint   ] Safepoint "Cleanup", Time since last: 4002354701 ns, Reaching safepoint: 7922 ns, Cleanup: 16703 ns, At safepoint: 6319 ns, Total: 30944 ns
[2025-08-08T13:50:45.206+0000][7][safepoint   ] Safepoint "Cleanup", Time since last: 1001761818 ns, Reaching safepoint: 24233 ns, Cleanup: 12218 ns, At safepoint: 7323 ns, Total: 43774 ns
[2025-08-08T13:50:48.207+0000][7][safepoint   ] Safepoint "Cleanup", Time since last: 3000952361 ns, Reaching safepoint: 10479 ns, Cleanup: 13832 ns, At safepoint: 8349 ns, Total: 32660 ns
[2025-08-08T13:50:51.208+0000][7][safepoint   ] Safepoint "Cleanup", Time since last: 3000878995 ns, Reaching safepoint: 38660 ns, Cleanup: 14784 ns, At safepoint: 8246 ns, Total: 61690 ns
[2025-08-08T13:50:53.209+0000][7][safepoint   ] Safepoint "Cleanup", Time since last: 2000902385 ns, Reaching safepoint: 12583 ns, Cleanup: 16225 ns, At safepoint: 7900 ns, Total: 36708 ns
[2025-08-08T13:50:55.210+0000][7][safepoint   ] Safepoint "Cleanup", Time since last: 2000781223 ns, Reaching safepoint: 11080 ns, Cleanup: 13128 ns, At safepoint: 7591 ns, Total: 31799 ns
[2025-08-08T13:51:01.213+0000][7][safepoint   ] Safepoint "Cleanup", Time since last: 6003126863 ns, Reaching safepoint: 45792 ns, Cleanup: 17681 ns, At safepoint: 8750 ns, Total: 72223 ns
[2025-08-08T13:51:07.265+0000][7][safepoint   ] Safepoint "Cleanup", Time since last: 6051971066 ns, Reaching safepoint: 55328 ns, Cleanup: 16311 ns, At safepoint: 11707 ns, Total: 83346 ns
[2025-08-08T13:51:08.266+0000][7][safepoint   ] Safepoint "Cleanup", Time since last: 1000402218 ns, Reaching safepoint: 12044 ns, Cleanup: 14925 ns, At safepoint: 9154 ns, Total: 36123 ns
[2025-08-08T13:51:11.267+0000][7][safepoint   ] Safepoint "Cleanup", Time since last: 3000863750 ns, Reaching safepoint: 44279 ns, Cleanup: 19237 ns, At safepoint: 8873 ns, Total: 72389 ns
[2025-08-08T13:51:14.268+0000][7][safepoint   ] Safepoint "Cleanup", Time since last: 3001033341 ns, Reaching safepoint: 12274 ns, Cleanup: 15850 ns, At safepoint: 8411 ns, Total: 36535 ns
[2025-08-08T13:51:20.272+0000][7][safepoint   ] Safepoint "Cleanup", Time since last: 6003828951 ns, Reaching safepoint: 123159 ns, Cleanup: 31865 ns, At safepoint: 19619 ns, Total: 174643 ns
[2025-08-08T13:51:24.274+0000][7][safepoint   ] Safepoint "Cleanup", Time since last: 4002106725 ns, Reaching safepoint: 11262 ns, Cleanup: 14128 ns, At safepoint: 8007 ns, Total: 33397 ns
[2025-08-08T13:51:26.276+0000][7][safepoint   ] Safepoint "Cleanup", Time since last: 2001619750 ns, Reaching safepoint: 10253 ns, Cleanup: 14104 ns, At safepoint: 11236 ns, Total: 35593 ns
[2025-08-08T13:51:33.267+0000][7][safepoint   ] Safepoint "Cleanup", Time since last: 6991554479 ns, Reaching safepoint: 72962 ns, Cleanup: 18804 ns, At safepoint: 9778 ns, Total: 101544 ns
[2025-08-08T13:51:34.268+0000][7][safepoint   ] Safepoint "Cleanup", Time since last: 1000542783 ns, Reaching safepoint: 8814 ns, Cleanup: 13613 ns, At safepoint: 6147 ns, Total: 28574 ns
[2025-08-08T13:51:35.268+0000][7][safepoint   ] Safepoint "Cleanup", Time since last: 1000314730 ns, Reaching safepoint: 8607 ns, Cleanup: 17595 ns, At safepoint: 7374 ns, Total: 33576 ns
[2025-08-08T13:51:39.269+0000][7][safepoint   ] Safepoint "Cleanup", Time since last: 4001292326 ns, Reaching safepoint: 53850 ns, Cleanup: 25625 ns, At safepoint: 10151 ns, Total: 89626 ns
[2025-08-08T13:51:41.271+0000][7][safepoint   ] Safepoint "Cleanup", Time since last: 2001174128 ns, Reaching safepoint: 12728 ns, Cleanup: 17979 ns, At safepoint: 9480 ns, Total: 40187 ns
[2025-08-08T13:51:42.271+0000][7][safepoint   ] Safepoint "Cleanup", Time since last: 1000263297 ns, Reaching safepoint: 36477 ns, Cleanup: 13757 ns, At safepoint: 7572 ns, Total: 57806 ns
[2025-08-08T13:51:43.271+0000][7][safepoint   ] Safepoint "Cleanup", Time since last: 1000199967 ns, Reaching safepoint: 10111 ns, Cleanup: 22122 ns, At safepoint: 6655 ns, Total: 38888 ns
[2025-08-08T13:51:47.276+0000][7][safepoint   ] Safepoint "Cleanup", Time since last: 4004806741 ns, Reaching safepoint: 33804 ns, Cleanup: 16945 ns, At safepoint: 6547 ns, Total: 57296 ns
[2025-08-08T13:51:50.278+0000][7][safepoint   ] Safepoint "Cleanup", Time since last: 3001425531 ns, Reaching safepoint: 12002 ns, Cleanup: 18075 ns, At safepoint: 8565 ns, Total: 38642 ns
[2025-08-08T13:51:53.279+0000][7][safepoint   ] Safepoint "Cleanup", Time since last: 3001440701 ns, Reaching safepoint: 47836 ns, Cleanup: 14908 ns, At safepoint: 8428 ns, Total: 71172 ns
[2025-08-08T13:51:54.280+0000][7][safepoint   ] Safepoint "Cleanup", Time since last: 1000404552 ns, Reaching safepoint: 14256 ns, Cleanup: 20238 ns, At safepoint: 11545 ns, Total: 46039 ns
[2025-08-08T13:51:56.281+0000][7][safepoint   ] Safepoint "Cleanup", Time since last: 2000925765 ns, Reaching safepoint: 13591 ns, Cleanup: 20969 ns, At safepoint: 9999 ns, Total: 44559 ns
[2025-08-08T13:51:58.281+0000][7][safepoint   ] Safepoint "Cleanup", Time since last: 2000933677 ns, Reaching safepoint: 13255 ns, Cleanup: 20515 ns, At safepoint: 10622 ns, Total: 44392 ns
[2025-08-08T13:52:00.282+0000][7][safepoint   ] Safepoint "Cleanup", Time since last: 2000390303 ns, Reaching safepoint: 10266 ns, Cleanup: 14504 ns, At safepoint: 6049 ns, Total: 30819 ns
[2025-08-08T13:52:06.286+0000][7][safepoint   ] Safepoint "Cleanup", Time since last: 6004532691 ns, Reaching safepoint: 33087 ns, Cleanup: 17164 ns, At safepoint: 6553 ns, Total: 56804 ns
[2025-08-08T13:52:09.289+0000][7][safepoint   ] Safepoint "Cleanup", Time since last: 3002554038 ns, Reaching safepoint: 41693 ns, Cleanup: 17174 ns, At safepoint: 6344 ns, Total: 65211 ns
[2025-08-08T13:52:11.291+0000][7][safepoint   ] Safepoint "Cleanup", Time since last: 2001799250 ns, Reaching safepoint: 11114 ns, Cleanup: 12352 ns, At safepoint: 8219 ns, Total: 31685 ns
[2025-08-08T13:52:15.292+0000][7][safepoint   ] Safepoint "Cleanup", Time since last: 4001362202 ns, Reaching safepoint: 10743 ns, Cleanup: 16205 ns, At safepoint: 6642 ns, Total: 33590 ns
[2025-08-08T13:52:20.296+0000][7][safepoint   ] Safepoint "Cleanup", Time since last: 5003237395 ns, Reaching safepoint: 43842 ns, Cleanup: 14995 ns, At safepoint: 8967 ns, Total: 67804 ns
[2025-08-08T13:52:27.301+0000][7][safepoint   ] Safepoint "Cleanup", Time since last: 7004833615 ns, Reaching safepoint: 43628 ns, Cleanup: 15724 ns, At safepoint: 6344 ns, Total: 65696 ns
[2025-08-08T13:52:29.301+0000][7][safepoint   ] Safepoint "Cleanup", Time since last: 2000530547 ns, Reaching safepoint: 30350 ns, Cleanup: 15449 ns, At safepoint: 6849 ns, Total: 52648 ns
[2025-08-08T13:52:30.419+0000][7][safepoint   ] Safepoint "Cleanup", Time since last: 1118217646 ns, Reaching safepoint: 7874 ns, Cleanup: 13538 ns, At safepoint: 6871 ns, Total: 28283 ns
[2025-08-08T13:52:34.421+0000][7][safepoint   ] Safepoint "Cleanup", Time since last: 4002010368 ns, Reaching safepoint: 27582 ns, Cleanup: 11754 ns, At safepoint: 5983 ns, Total: 45319 ns
[2025-08-08T13:52:36.422+0000][7][safepoint   ] Safepoint "Cleanup", Time since last: 2000389413 ns, Reaching safepoint: 8025 ns, Cleanup: 16779 ns, At safepoint: 6607 ns, Total: 31411 ns
[2025-08-08T13:52:38.431+0000][7][safepoint   ] Safepoint "Cleanup", Time since last: 2008825955 ns, Reaching safepoint: 52383 ns, Cleanup: 16724 ns, At safepoint: 8625 ns, Total: 77732 ns
[2025-08-08T13:52:40.432+0000][7][safepoint   ] Safepoint "Cleanup", Time since last: 2001384871 ns, Reaching safepoint: 6985 ns, Cleanup: 11909 ns, At safepoint: 5925 ns, Total: 24819 ns
[2025-08-08T13:52:42.435+0000][7][safepoint   ] Safepoint "Cleanup", Time since last: 2003285184 ns, Reaching safepoint: 13223 ns, Cleanup: 15326 ns, At safepoint: 6353 ns, Total: 34902 ns
[2025-08-08T13:52:50.454+0000][7][safepoint   ] Safepoint "Cleanup", Time since last: 8018818495 ns, Reaching safepoint: 10862 ns, Cleanup: 13440 ns, At safepoint: 7866 ns, Total: 32168 ns
[2025-08-08T13:52:52.455+0000][7][safepoint   ] Safepoint "Cleanup", Time since last: 2000701413 ns, Reaching safepoint: 7811 ns, Cleanup: 13990 ns, At safepoint: 6246 ns, Total: 28047 ns
[2025-08-08T13:52:53.456+0000][7][safepoint   ] Safepoint "Cleanup", Time since last: 1000542575 ns, Reaching safepoint: 9683 ns, Cleanup: 12391 ns, At safepoint: 6185 ns, Total: 28259 ns
[2025-08-08T13:52:55.457+0000][7][safepoint   ] Safepoint "Cleanup", Time since last: 2001203792 ns, Reaching safepoint: 32768 ns, Cleanup: 17421 ns, At safepoint: 6337 ns, Total: 56526 ns
[2025-08-08T13:52:57.458+0000][7][safepoint   ] Safepoint "Cleanup", Time since last: 2000812179 ns, Reaching safepoint: 7588 ns, Cleanup: 15444 ns, At safepoint: 6322 ns, Total: 29354 ns
[2025-08-08T13:52:59.460+0000][7][safepoint   ] Safepoint "Cleanup", Time since last: 2001750165 ns, Reaching safepoint: 36127 ns, Cleanup: 11767 ns, At safepoint: 11352 ns, Total: 59246 ns
[2025-08-08T13:53:08.464+0000][7][safepoint   ] Safepoint "Cleanup", Time since last: 9004462646 ns, Reaching safepoint: 56981 ns, Cleanup: 18985 ns, At safepoint: 12685 ns, Total: 88651 ns
[2025-08-08T13:53:14.467+0000][7][safepoint   ] Safepoint "Cleanup", Time since last: 6002341193 ns, Reaching safepoint: 36941 ns, Cleanup: 17656 ns, At safepoint: 8170 ns, Total: 62767 ns
[2025-08-08T13:53:16.467+0000][7][safepoint   ] Safepoint "Cleanup", Time since last: 2000417216 ns, Reaching safepoint: 39438 ns, Cleanup: 22333 ns, At safepoint: 8281 ns, Total: 70052 ns
[2025-08-08T13:53:19.468+0000][7][safepoint   ] Safepoint "Cleanup", Time since last: 3000708867 ns, Reaching safepoint: 13288 ns, Cleanup: 19277 ns, At safepoint: 8281 ns, Total: 40846 ns
[2025-08-08T13:53:23.470+0000][7][safepoint   ] Safepoint "Cleanup", Time since last: 4001755337 ns, Reaching safepoint: 41136 ns, Cleanup: 18421 ns, At safepoint: 7827 ns, Total: 67384 ns
[2025-08-08T13:53:26.907+0000][7][gc,heap,exit] Heap
[2025-08-08T13:53:26.908+0000][7][gc,heap,exit]  garbage-first heap   total reserved 1048576K, committed 1048576K, used 218559K [0x00000000c0000000, 0x0000000100000000)
[2025-08-08T13:53:26.908+0000][7][gc,heap,exit]   region size 4096K, 48 young (196608K), 16 survivors (65536K)
[2025-08-08T13:53:26.908+0000][7][gc,heap,exit]  Metaspace       used 101533K, committed 104256K, reserved 1179648K
[2025-08-08T13:53:26.908+0000][7][gc,heap,exit]   class space    used 14466K, committed 15680K, reserved 1048576K
