[2025-08-08T15:27:42.824+0000][428.471s][1][129][trace] GC(76) _eden_chunk_index=158, _eden_chunk_capacity=11233
[2025-08-08T15:27:42.824+0000][428.471s][1][129][trace] GC(76) _eden_chunk_array[0]=0x00000000f74596b0
[2025-08-08T15:27:42.824+0000][428.471s][1][129][trace] GC(76) _eden_chunk_array[1]=0x00000000f74ac5b8
[2025-08-08T15:27:42.824+0000][428.471s][1][129][trace] GC(76) _eden_chunk_array[2]=0x00000000f74d55e8
[2025-08-08T15:27:42.824+0000][428.471s][1][129][trace] GC(76) _eden_chunk_array[3]=0x00000000f7504058
[2025-08-08T15:27:42.824+0000][428.471s][1][129][trace] GC(76) _eden_chunk_array[4]=0x00000000f7524f88
[2025-08-08T15:27:42.824+0000][428.471s][1][129][trace] GC(76) _eden_chunk_array[5]=0x00000000f754e7c0
[2025-08-08T15:27:42.824+0000][428.471s][1][129][trace] GC(76) _eden_chunk_array[6]=0x00000000f7577fe0
[2025-08-08T15:27:42.824+0000][428.471s][1][129][trace] GC(76) _eden_chunk_array[7]=0x00000000f75a71a8
[2025-08-08T15:27:42.824+0000][428.471s][1][129][trace] GC(76) _eden_chunk_array[8]=0x00000000f75f58d8
[2025-08-08T15:27:42.824+0000][428.471s][1][129][trace] GC(76) _eden_chunk_array[9]=0x00000000f761a640
[2025-08-08T15:27:42.824+0000][428.471s][1][129][trace] GC(76) _eden_chunk_array[10]=0x00000000f76649c8
[2025-08-08T15:27:42.824+0000][428.471s][1][129][trace] GC(76) _eden_chunk_array[11]=0x00000000f76854f8
[2025-08-08T15:27:42.824+0000][428.471s][1][129][trace] GC(76) _eden_chunk_array[12]=0x00000000f76d4790
[2025-08-08T15:27:42.824+0000][428.471s][1][129][trace] GC(76) _eden_chunk_array[13]=0x00000000f7704f20
[2025-08-08T15:27:42.824+0000][428.471s][1][129][trace] GC(76) _eden_chunk_array[14]=0x00000000f7751bd0
[2025-08-08T15:27:42.824+0000][428.471s][1][129][trace] GC(76) _eden_chunk_array[15]=0x00000000f777a4b0
[2025-08-08T15:27:42.824+0000][428.471s][1][129][trace] GC(76) _eden_chunk_array[16]=0x00000000f77a4c70
[2025-08-08T15:27:42.824+0000][428.471s][1][129][trace] GC(76) _eden_chunk_array[17]=0x00000000f7810a48
[2025-08-08T15:27:42.824+0000][428.471s][1][129][trace] GC(76) _eden_chunk_array[18]=0x00000000f78454f8
[2025-08-08T15:27:42.824+0000][428.471s][1][129][trace] GC(76) _eden_chunk_array[19]=0x00000000f7879fb0
[2025-08-08T15:27:42.824+0000][428.471s][1][129][trace] GC(76) _eden_chunk_array[20]=0x00000000f78aea98
[2025-08-08T15:27:42.824+0000][428.471s][1][129][trace] GC(76) _eden_chunk_array[21]=0x00000000f78d8f40
[2025-08-08T15:27:42.824+0000][428.471s][1][129][trace] GC(76) _eden_chunk_array[22]=0x00000000f79059a8
[2025-08-08T15:27:42.824+0000][428.471s][1][129][trace] GC(76) _eden_chunk_array[23]=0x00000000f7968da8
[2025-08-08T15:27:42.824+0000][428.471s][1][129][trace] GC(76) _eden_chunk_array[24]=0x00000000f79891e8
[2025-08-08T15:27:42.824+0000][428.471s][1][129][trace] GC(76) _eden_chunk_array[25]=0x00000000f79b18e8
[2025-08-08T15:27:42.824+0000][428.471s][1][129][trace] GC(76) _eden_chunk_array[26]=0x00000000f79d1ad8
[2025-08-08T15:27:42.824+0000][428.471s][1][129][trace] GC(76) _eden_chunk_array[27]=0x00000000f7a16618
[2025-08-08T15:27:42.824+0000][428.471s][1][129][trace] GC(76) _eden_chunk_array[28]=0x00000000f7a46d00
[2025-08-08T15:27:42.824+0000][428.471s][1][129][trace] GC(76) _eden_chunk_array[29]=0x00000000f7a8fd38
[2025-08-08T15:27:42.824+0000][428.471s][1][129][trace] GC(76) _eden_chunk_array[30]=0x00000000f7ad8d90
[2025-08-08T15:27:42.824+0000][428.471s][1][129][trace] GC(76) _eden_chunk_array[31]=0x00000000f7b2a5c0
[2025-08-08T15:27:42.824+0000][428.471s][1][129][trace] GC(76) _eden_chunk_array[32]=0x00000000f7b87ac8
[2025-08-08T15:27:42.824+0000][428.471s][1][129][trace] GC(76) _eden_chunk_array[33]=0x00000000f7bad890
[2025-08-08T15:27:42.824+0000][428.471s][1][129][trace] GC(76) _eden_chunk_array[34]=0x00000000f7bce290
[2025-08-08T15:27:42.824+0000][428.471s][1][129][trace] GC(76) _eden_chunk_array[35]=0x00000000f7bef940
[2025-08-08T15:27:42.824+0000][428.471s][1][129][trace] GC(76) _eden_chunk_array[36]=0x00000000f7c20f50
[2025-08-08T15:27:42.824+0000][428.471s][1][129][trace] GC(76) _eden_chunk_array[37]=0x00000000f7c53e40
[2025-08-08T15:27:42.824+0000][428.471s][1][129][trace] GC(76) _eden_chunk_array[38]=0x00000000f7c79888
[2025-08-08T15:27:42.824+0000][428.471s][1][129][trace] GC(76) _eden_chunk_array[39]=0x00000000f7c9ea88
[2025-08-08T15:27:42.824+0000][428.471s][1][129][trace] GC(76) _eden_chunk_array[40]=0x00000000f7cc3cb8
[2025-08-08T15:27:42.824+0000][428.471s][1][129][trace] GC(76) _eden_chunk_array[41]=0x00000000f7ceaaa0
[2025-08-08T15:27:42.824+0000][428.471s][1][129][trace] GC(76) _eden_chunk_array[42]=0x00000000f7d0b440
[2025-08-08T15:27:42.824+0000][428.471s][1][129][trace] GC(76) _eden_chunk_array[43]=0x00000000f7d30640
[2025-08-08T15:27:42.824+0000][428.471s][1][129][trace] GC(76) _eden_chunk_array[44]=0x00000000f7d9da90
[2025-08-08T15:27:42.824+0000][428.471s][1][129][trace] GC(76) _eden_chunk_array[45]=0x00000000f7dd09f8
[2025-08-08T15:27:42.824+0000][428.471s][1][129][trace] GC(76) _eden_chunk_array[46]=0x00000000f7df56f0
[2025-08-08T15:27:42.824+0000][428.471s][1][129][trace] GC(76) _eden_chunk_array[47]=0x00000000f7e1ad98
[2025-08-08T15:27:42.824+0000][428.471s][1][129][trace] GC(76) _eden_chunk_array[48]=0x00000000f7e88158
[2025-08-08T15:27:42.824+0000][428.471s][1][129][trace] GC(76) _eden_chunk_array[49]=0x00000000f7eb0348
[2025-08-08T15:27:42.824+0000][428.471s][1][129][trace] GC(76) _eden_chunk_array[50]=0x00000000f7ed5e98
[2025-08-08T15:27:42.824+0000][428.471s][1][129][trace] GC(76) _eden_chunk_array[51]=0x00000000f7f02cb8
[2025-08-08T15:27:42.824+0000][428.471s][1][129][trace] GC(76) _eden_chunk_array[52]=0x00000000f7f29820
[2025-08-08T15:27:42.824+0000][428.471s][1][129][trace] GC(76) _eden_chunk_array[53]=0x00000000f7f50380
[2025-08-08T15:27:42.824+0000][428.471s][1][129][trace] GC(76) _eden_chunk_array[54]=0x00000000f7f78570
[2025-08-08T15:27:42.824+0000][428.471s][1][129][trace] GC(76) _eden_chunk_array[55]=0x00000000f7f9f118
[2025-08-08T15:27:42.824+0000][428.471s][1][129][trace] GC(76) _eden_chunk_array[56]=0x00000000f7fd1398
[2025-08-08T15:27:42.824+0000][428.471s][1][129][trace] GC(76) _eden_chunk_array[57]=0x00000000f7ff15f0
[2025-08-08T15:27:42.824+0000][428.471s][1][129][trace] GC(76) _eden_chunk_array[58]=0x00000000f8021d80
[2025-08-08T15:27:42.824+0000][428.471s][1][129][trace] GC(76) _eden_chunk_array[59]=0x00000000f8052520
[2025-08-08T15:27:42.824+0000][428.471s][1][129][trace] GC(76) _eden_chunk_array[60]=0x00000000f8078698
[2025-08-08T15:27:42.824+0000][428.471s][1][129][trace] GC(76) _eden_chunk_array[61]=0x00000000f809e8f8
[2025-08-08T15:27:42.824+0000][428.471s][1][129][trace] GC(76) _eden_chunk_array[62]=0x00000000f80c9470
[2025-08-08T15:27:42.824+0000][428.471s][1][129][trace] GC(76) _eden_chunk_array[63]=0x00000000f8101478
[2025-08-08T15:27:42.824+0000][428.471s][1][129][trace] GC(76) _eden_chunk_array[64]=0x00000000f8128fa8
[2025-08-08T15:27:42.824+0000][428.471s][1][129][trace] GC(76) _eden_chunk_array[65]=0x00000000f81516c0
[2025-08-08T15:27:42.824+0000][428.471s][1][129][trace] GC(76) _eden_chunk_array[66]=0x00000000f81bc790
[2025-08-08T15:27:42.824+0000][428.471s][1][129][trace] GC(76) _eden_chunk_array[67]=0x00000000f821fae0
[2025-08-08T15:27:42.824+0000][428.471s][1][129][trace] GC(76) _eden_chunk_array[68]=0x00000000f8245540
[2025-08-08T15:27:42.824+0000][428.471s][1][129][trace] GC(76) _eden_chunk_array[69]=0x00000000f826afc0
[2025-08-08T15:27:42.824+0000][428.471s][1][129][trace] GC(76) _eden_chunk_array[70]=0x00000000f82909f8
[2025-08-08T15:27:42.824+0000][428.471s][1][129][trace] GC(76) _eden_chunk_array[71]=0x00000000f82b6460
[2025-08-08T15:27:42.824+0000][428.471s][1][129][trace] GC(76) _eden_chunk_array[72]=0x00000000f82dbef0
[2025-08-08T15:27:42.824+0000][428.471s][1][129][trace] GC(76) _eden_chunk_array[73]=0x00000000f8301998
[2025-08-08T15:27:42.824+0000][428.471s][1][129][trace] GC(76) _eden_chunk_array[74]=0x00000000f83398c8
[2025-08-08T15:27:42.824+0000][428.471s][1][129][trace] GC(76) _eden_chunk_array[75]=0x00000000f835b020
[2025-08-08T15:27:42.824+0000][428.471s][1][129][trace] GC(76) _eden_chunk_array[76]=0x00000000f8381080
[2025-08-08T15:27:42.824+0000][428.471s][1][129][trace] GC(76) _eden_chunk_array[77]=0x00000000f83daa10
[2025-08-08T15:27:42.824+0000][428.471s][1][129][trace] GC(76) _eden_chunk_array[78]=0x00000000f8409a80
[2025-08-08T15:27:42.824+0000][428.471s][1][129][trace] GC(76) _eden_chunk_array[79]=0x00000000f842d588
[2025-08-08T15:27:42.824+0000][428.471s][1][129][trace] GC(76) _eden_chunk_array[80]=0x00000000f8485750
[2025-08-08T15:27:42.824+0000][428.471s][1][129][trace] GC(76) _eden_chunk_array[81]=0x00000000f84b3020
[2025-08-08T15:27:42.824+0000][428.471s][1][129][trace] GC(76) _eden_chunk_array[82]=0x00000000f84db8f8
[2025-08-08T15:27:42.824+0000][428.471s][1][129][trace] GC(76) _eden_chunk_array[83]=0x00000000f850c098
[2025-08-08T15:27:42.824+0000][428.471s][1][129][trace] GC(76) _eden_chunk_array[84]=0x00000000f8534970
[2025-08-08T15:27:42.824+0000][428.471s][1][129][trace] GC(76) _eden_chunk_array[85]=0x00000000f8565110
[2025-08-08T15:27:42.824+0000][428.471s][1][129][trace] GC(76) _eden_chunk_array[86]=0x00000000f85b6928
[2025-08-08T15:27:42.824+0000][428.471s][1][129][trace] GC(76) _eden_chunk_array[87]=0x00000000f85df230
[2025-08-08T15:27:42.824+0000][428.471s][1][129][trace] GC(76) _eden_chunk_array[88]=0x00000000f8607b20
[2025-08-08T15:27:42.824+0000][428.471s][1][129][trace] GC(76) _eden_chunk_array[89]=0x00000000f862e828
[2025-08-08T15:27:42.824+0000][428.471s][1][129][trace] GC(76) _eden_chunk_array[90]=0x00000000f8653490
[2025-08-08T15:27:42.824+0000][428.471s][1][129][trace] GC(76) _eden_chunk_array[91]=0x00000000f8674438
[2025-08-08T15:27:42.824+0000][428.471s][1][129][trace] GC(76) _eden_chunk_array[92]=0x00000000f869b2d8
[2025-08-08T15:27:42.824+0000][428.471s][1][129][trace] GC(76) _eden_chunk_array[93]=0x00000000f86bfc78
[2025-08-08T15:27:42.824+0000][428.471s][1][129][trace] GC(76) _eden_chunk_array[94]=0x00000000f86e6630
[2025-08-08T15:27:42.824+0000][428.471s][1][129][trace] GC(76) _eden_chunk_array[95]=0x00000000f871a5d0
[2025-08-08T15:27:42.824+0000][428.471s][1][129][trace] GC(76) _eden_chunk_array[96]=0x00000000f87464f8
[2025-08-08T15:27:42.824+0000][428.471s][1][129][trace] GC(76) _eden_chunk_array[97]=0x00000000f877af98
[2025-08-08T15:27:42.824+0000][428.471s][1][129][trace] GC(76) _eden_chunk_array[98]=0x00000000f87e6d28
[2025-08-08T15:27:42.824+0000][428.471s][1][129][trace] GC(76) _eden_chunk_array[99]=0x00000000f88174d0
[2025-08-08T15:27:42.824+0000][428.471s][1][129][trace] GC(76) _eden_chunk_array[100]=0x00000000f884bfe0
[2025-08-08T15:27:42.824+0000][428.471s][1][129][trace] GC(76) _eden_chunk_array[101]=0x00000000f8880a90
[2025-08-08T15:27:42.824+0000][428.471s][1][129][trace] GC(76) _eden_chunk_array[102]=0x00000000f88a8fa0
[2025-08-08T15:27:42.824+0000][428.471s][1][129][trace] GC(76) _eden_chunk_array[103]=0x00000000f88ca4d8
[2025-08-08T15:27:42.824+0000][428.471s][1][129][trace] GC(76) _eden_chunk_array[104]=0x00000000f88f0e68
[2025-08-08T15:27:42.824+0000][428.471s][1][129][trace] GC(76) _eden_chunk_array[105]=0x00000000f8914998
[2025-08-08T15:27:42.824+0000][428.471s][1][129][trace] GC(76) _eden_chunk_array[106]=0x00000000f8943b50
[2025-08-08T15:27:42.824+0000][428.472s][1][129][trace] GC(76) _eden_chunk_array[107]=0x00000000f8967d68
[2025-08-08T15:27:42.824+0000][428.472s][1][129][trace] GC(76) _eden_chunk_array[108]=0x00000000f8991360
[2025-08-08T15:27:42.824+0000][428.472s][1][129][trace] GC(76) _eden_chunk_array[109]=0x00000000f89b7ec0
[2025-08-08T15:27:42.824+0000][428.472s][1][129][trace] GC(76) _eden_chunk_array[110]=0x00000000f89deaa8
[2025-08-08T15:27:42.824+0000][428.472s][1][129][trace] GC(76) _eden_chunk_array[111]=0x00000000f8a01e48
[2025-08-08T15:27:42.824+0000][428.472s][1][129][trace] GC(76) _eden_chunk_array[112]=0x00000000f8a289a8
[2025-08-08T15:27:42.824+0000][428.472s][1][129][trace] GC(76) _eden_chunk_array[113]=0x00000000f8a4f518
[2025-08-08T15:27:42.824+0000][428.472s][1][129][trace] GC(76) _eden_chunk_array[114]=0x00000000f8a9dc58
[2025-08-08T15:27:42.824+0000][428.472s][1][129][trace] GC(76) _eden_chunk_array[115]=0x00000000f8ac4d88
[2025-08-08T15:27:42.824+0000][428.472s][1][129][trace] GC(76) _eden_chunk_array[116]=0x00000000f8aebd28
[2025-08-08T15:27:42.824+0000][428.472s][1][129][trace] GC(76) _eden_chunk_array[117]=0x00000000f8b48a38
[2025-08-08T15:27:42.824+0000][428.472s][1][129][trace] GC(76) _eden_chunk_array[118]=0x00000000f8b6d790
[2025-08-08T15:27:42.824+0000][428.472s][1][129][trace] GC(76) _eden_chunk_array[119]=0x00000000f8b911e8
[2025-08-08T15:27:42.824+0000][428.472s][1][129][trace] GC(76) _eden_chunk_array[120]=0x00000000f8bef900
[2025-08-08T15:27:42.824+0000][428.472s][1][129][trace] GC(76) _eden_chunk_array[121]=0x00000000f8c335d8
[2025-08-08T15:27:42.824+0000][428.472s][1][129][trace] GC(76) _eden_chunk_array[122]=0x00000000f8c8e5a0
[2025-08-08T15:27:42.824+0000][428.472s][1][129][trace] GC(76) _eden_chunk_array[123]=0x00000000f8caff78
[2025-08-08T15:27:42.824+0000][428.472s][1][129][trace] GC(76) _eden_chunk_array[124]=0x00000000f8cdd530
[2025-08-08T15:27:42.824+0000][428.472s][1][129][trace] GC(76) _eden_chunk_array[125]=0x00000000f8d08b20
[2025-08-08T15:27:42.824+0000][428.472s][1][129][trace] GC(76) _eden_chunk_array[126]=0x00000000f8d3f138
[2025-08-08T15:27:42.824+0000][428.472s][1][129][trace] GC(76) _eden_chunk_array[127]=0x00000000f8daaec8
[2025-08-08T15:27:42.824+0000][428.472s][1][129][trace] GC(76) _eden_chunk_array[128]=0x00000000f8ddf970
[2025-08-08T15:27:42.824+0000][428.472s][1][129][trace] GC(76) _eden_chunk_array[129]=0x00000000f8e14438
[2025-08-08T15:27:42.824+0000][428.472s][1][129][trace] GC(76) _eden_chunk_array[130]=0x00000000f8e36208
[2025-08-08T15:27:42.824+0000][428.472s][1][129][trace] GC(76) _eden_chunk_array[131]=0x00000000f8e60288
[2025-08-08T15:27:42.824+0000][428.472s][1][129][trace] GC(76) _eden_chunk_array[132]=0x00000000f8eace78
[2025-08-08T15:27:42.824+0000][428.472s][1][129][trace] GC(76) _eden_chunk_array[133]=0x00000000f8ee1548
[2025-08-08T15:27:42.824+0000][428.472s][1][129][trace] GC(76) _eden_chunk_array[134]=0x00000000f8f07f38
[2025-08-08T15:27:42.824+0000][428.472s][1][129][trace] GC(76) _eden_chunk_array[135]=0x00000000f8f3d1f8
[2025-08-08T15:27:42.824+0000][428.472s][1][129][trace] GC(76) _eden_chunk_array[136]=0x00000000f8f6c388
[2025-08-08T15:27:42.824+0000][428.472s][1][129][trace] GC(76) _eden_chunk_array[137]=0x00000000f8f9b4f0
[2025-08-08T15:27:42.824+0000][428.472s][1][129][trace] GC(76) _eden_chunk_array[138]=0x00000000f8fd1ce8
[2025-08-08T15:27:42.824+0000][428.472s][1][129][trace] GC(76) _eden_chunk_array[139]=0x00000000f9000e68
[2025-08-08T15:27:42.824+0000][428.472s][1][129][trace] GC(76) _eden_chunk_array[140]=0x00000000f902ffd0
[2025-08-08T15:27:42.824+0000][428.472s][1][129][trace] GC(76) _eden_chunk_array[141]=0x00000000f9064aa0
[2025-08-08T15:27:42.824+0000][428.472s][1][129][trace] GC(76) _eden_chunk_array[142]=0x00000000f90b31d8
[2025-08-08T15:27:42.824+0000][428.472s][1][129][trace] GC(76) _eden_chunk_array[143]=0x00000000f90da820
[2025-08-08T15:27:42.824+0000][428.472s][1][129][trace] GC(76) _eden_chunk_array[144]=0x00000000f9101ba0
[2025-08-08T15:27:42.824+0000][428.472s][1][129][trace] GC(76) _eden_chunk_array[145]=0x00000000f912f280
[2025-08-08T15:27:42.824+0000][428.472s][1][129][trace] GC(76) _eden_chunk_array[146]=0x00000000f9189620
[2025-08-08T15:27:42.824+0000][428.472s][1][129][trace] GC(76) _eden_chunk_array[147]=0x00000000f91bd578
[2025-08-08T15:27:42.824+0000][428.472s][1][129][trace] GC(76) _eden_chunk_array[148]=0x00000000f91e7e78
[2025-08-08T15:27:42.824+0000][428.472s][1][129][trace] GC(76) _eden_chunk_array[149]=0x00000000f924aa20
[2025-08-08T15:27:42.824+0000][428.472s][1][129][trace] GC(76) _eden_chunk_array[150]=0x00000000f9272000
[2025-08-08T15:27:42.825+0000][428.472s][1][129][trace] GC(76) _eden_chunk_array[151]=0x00000000f9297998
[2025-08-08T15:27:42.825+0000][428.472s][1][129][trace] GC(76) _eden_chunk_array[152]=0x00000000f92c8138
[2025-08-08T15:27:42.825+0000][428.472s][1][129][trace] GC(76) _eden_chunk_array[153]=0x00000000f92edaa0
[2025-08-08T15:27:42.825+0000][428.472s][1][129][trace] GC(76) _eden_chunk_array[154]=0x00000000f9313428
[2025-08-08T15:27:42.825+0000][428.472s][1][129][trace] GC(76) _eden_chunk_array[155]=0x00000000f9338dc8
[2025-08-08T15:27:42.825+0000][428.472s][1][129][trace] GC(76) _eden_chunk_array[156]=0x00000000f935e778
[2025-08-08T15:27:42.825+0000][428.472s][1][129][trace] GC(76) _eden_chunk_array[157]=0x00000000f9387c48
[2025-08-08T15:27:42.825+0000][428.472s][1][129][trace] GC(76) survivor 0x00000000fd410000-0x00000000fd410000-0x00000000fe780000(20381696)
[2025-08-08T15:27:42.825+0000][428.472s][1][129][trace] GC(76) _survivor_chunk_index=0, _survivor_chunk_capacity=9952
[2025-08-08T15:27:42.850+0000][428.498s][1][129][info ] GC(76) Pause Initial Mark 96M->96M(180M) 27.412ms
[2025-08-08T15:27:42.850+0000][428.498s][1][129][info ] Leaving safepoint region
[2025-08-08T15:27:42.850+0000][428.498s][1][129][info ] Total time for which application threads were stopped: 0.0276982 seconds, Stopping threads took: 0.0000360 seconds
[2025-08-08T15:27:42.851+0000][428.498s][1][128][info ] GC(76) Concurrent Mark
[2025-08-08T15:27:42.854+0000][428.501s][1][128][info ] GC(76) Concurrent Mark 3.370ms
[2025-08-08T15:27:42.854+0000][428.501s][1][128][info ] GC(76) Concurrent Preclean
[2025-08-08T15:27:42.854+0000][428.502s][1][128][info ] GC(76) Concurrent Preclean 0.285ms
[2025-08-08T15:27:42.854+0000][428.502s][1][128][info ] GC(76) Concurrent Abortable Preclean
[2025-08-08T15:27:42.854+0000][428.502s][1][128][trace] CMS: promo attempt is not safe: available(24) < av_promo(2795291), max_promo(95976520)
[2025-08-08T15:27:42.854+0000][428.502s][1][128][info ] GC(76) Concurrent Abortable Preclean 0.021ms
[2025-08-08T15:27:42.855+0000][428.502s][1][129][info ] Application time: 0.0041246 seconds
[2025-08-08T15:27:42.855+0000][428.502s][1][129][info ] Entering safepoint region: CMS_Final_Remark
[2025-08-08T15:27:42.855+0000][428.502s][1][129][trace] GC(76) eden 0x00000000f3800000-0x00000000f9387c48-0x00000000fd410000(163643392)
[2025-08-08T15:27:42.855+0000][428.502s][1][129][trace] GC(76) _eden_chunk_index=158, _eden_chunk_capacity=11233
[2025-08-08T15:27:42.855+0000][428.502s][1][129][trace] GC(76) _eden_chunk_array[0]=0x00000000f74596b0
[2025-08-08T15:27:42.855+0000][428.502s][1][129][trace] GC(76) _eden_chunk_array[1]=0x00000000f74ac5b8
[2025-08-08T15:27:42.855+0000][428.502s][1][129][trace] GC(76) _eden_chunk_array[2]=0x00000000f74d55e8
[2025-08-08T15:27:42.855+0000][428.502s][1][129][trace] GC(76) _eden_chunk_array[3]=0x00000000f7504058
[2025-08-08T15:27:42.855+0000][428.502s][1][129][trace] GC(76) _eden_chunk_array[4]=0x00000000f7524f88
[2025-08-08T15:27:42.855+0000][428.502s][1][129][trace] GC(76) _eden_chunk_array[5]=0x00000000f754e7c0
[2025-08-08T15:27:42.855+0000][428.502s][1][129][trace] GC(76) _eden_chunk_array[6]=0x00000000f7577fe0
[2025-08-08T15:27:42.855+0000][428.502s][1][129][trace] GC(76) _eden_chunk_array[7]=0x00000000f75a71a8
[2025-08-08T15:27:42.855+0000][428.502s][1][129][trace] GC(76) _eden_chunk_array[8]=0x00000000f75f58d8
[2025-08-08T15:27:42.855+0000][428.502s][1][129][trace] GC(76) _eden_chunk_array[9]=0x00000000f761a640
[2025-08-08T15:27:42.855+0000][428.502s][1][129][trace] GC(76) _eden_chunk_array[10]=0x00000000f76649c8
[2025-08-08T15:27:42.855+0000][428.502s][1][129][trace] GC(76) _eden_chunk_array[11]=0x00000000f76854f8
[2025-08-08T15:27:42.855+0000][428.502s][1][129][trace] GC(76) _eden_chunk_array[12]=0x00000000f76d4790
[2025-08-08T15:27:42.855+0000][428.502s][1][129][trace] GC(76) _eden_chunk_array[13]=0x00000000f7704f20
[2025-08-08T15:27:42.855+0000][428.502s][1][129][trace] GC(76) _eden_chunk_array[14]=0x00000000f7751bd0
[2025-08-08T15:27:42.855+0000][428.502s][1][129][trace] GC(76) _eden_chunk_array[15]=0x00000000f777a4b0
[2025-08-08T15:27:42.855+0000][428.502s][1][129][trace] GC(76) _eden_chunk_array[16]=0x00000000f77a4c70
[2025-08-08T15:27:42.855+0000][428.502s][1][129][trace] GC(76) _eden_chunk_array[17]=0x00000000f7810a48
[2025-08-08T15:27:42.855+0000][428.502s][1][129][trace] GC(76) _eden_chunk_array[18]=0x00000000f78454f8
[2025-08-08T15:27:42.855+0000][428.502s][1][129][trace] GC(76) _eden_chunk_array[19]=0x00000000f7879fb0
[2025-08-08T15:27:42.855+0000][428.502s][1][129][trace] GC(76) _eden_chunk_array[20]=0x00000000f78aea98
[2025-08-08T15:27:42.855+0000][428.502s][1][129][trace] GC(76) _eden_chunk_array[21]=0x00000000f78d8f40
[2025-08-08T15:27:42.855+0000][428.502s][1][129][trace] GC(76) _eden_chunk_array[22]=0x00000000f79059a8
[2025-08-08T15:27:42.855+0000][428.502s][1][129][trace] GC(76) _eden_chunk_array[23]=0x00000000f7968da8
[2025-08-08T15:27:42.855+0000][428.502s][1][129][trace] GC(76) _eden_chunk_array[24]=0x00000000f79891e8
[2025-08-08T15:27:42.855+0000][428.502s][1][129][trace] GC(76) _eden_chunk_array[25]=0x00000000f79b18e8
[2025-08-08T15:27:42.855+0000][428.502s][1][129][trace] GC(76) _eden_chunk_array[26]=0x00000000f79d1ad8
[2025-08-08T15:27:42.855+0000][428.502s][1][129][trace] GC(76) _eden_chunk_array[27]=0x00000000f7a16618
[2025-08-08T15:27:42.855+0000][428.502s][1][129][trace] GC(76) _eden_chunk_array[28]=0x00000000f7a46d00
[2025-08-08T15:27:42.855+0000][428.502s][1][129][trace] GC(76) _eden_chunk_array[29]=0x00000000f7a8fd38
[2025-08-08T15:27:42.855+0000][428.502s][1][129][trace] GC(76) _eden_chunk_array[30]=0x00000000f7ad8d90
[2025-08-08T15:27:42.855+0000][428.502s][1][129][trace] GC(76) _eden_chunk_array[31]=0x00000000f7b2a5c0
[2025-08-08T15:27:42.855+0000][428.502s][1][129][trace] GC(76) _eden_chunk_array[32]=0x00000000f7b87ac8
[2025-08-08T15:27:42.855+0000][428.502s][1][129][trace] GC(76) _eden_chunk_array[33]=0x00000000f7bad890
[2025-08-08T15:27:42.855+0000][428.502s][1][129][trace] GC(76) _eden_chunk_array[34]=0x00000000f7bce290
[2025-08-08T15:27:42.855+0000][428.502s][1][129][trace] GC(76) _eden_chunk_array[35]=0x00000000f7bef940
[2025-08-08T15:27:42.855+0000][428.502s][1][129][trace] GC(76) _eden_chunk_array[36]=0x00000000f7c20f50
[2025-08-08T15:27:42.855+0000][428.502s][1][129][trace] GC(76) _eden_chunk_array[37]=0x00000000f7c53e40
[2025-08-08T15:27:42.855+0000][428.502s][1][129][trace] GC(76) _eden_chunk_array[38]=0x00000000f7c79888
[2025-08-08T15:27:42.855+0000][428.502s][1][129][trace] GC(76) _eden_chunk_array[39]=0x00000000f7c9ea88
[2025-08-08T15:27:42.855+0000][428.502s][1][129][trace] GC(76) _eden_chunk_array[40]=0x00000000f7cc3cb8
[2025-08-08T15:27:42.855+0000][428.502s][1][129][trace] GC(76) _eden_chunk_array[41]=0x00000000f7ceaaa0
[2025-08-08T15:27:42.855+0000][428.502s][1][129][trace] GC(76) _eden_chunk_array[42]=0x00000000f7d0b440
[2025-08-08T15:27:42.855+0000][428.502s][1][129][trace] GC(76) _eden_chunk_array[43]=0x00000000f7d30640
[2025-08-08T15:27:42.855+0000][428.502s][1][129][trace] GC(76) _eden_chunk_array[44]=0x00000000f7d9da90
[2025-08-08T15:27:42.855+0000][428.502s][1][129][trace] GC(76) _eden_chunk_array[45]=0x00000000f7dd09f8
[2025-08-08T15:27:42.855+0000][428.502s][1][129][trace] GC(76) _eden_chunk_array[46]=0x00000000f7df56f0
[2025-08-08T15:27:42.855+0000][428.502s][1][129][trace] GC(76) _eden_chunk_array[47]=0x00000000f7e1ad98
[2025-08-08T15:27:42.855+0000][428.502s][1][129][trace] GC(76) _eden_chunk_array[48]=0x00000000f7e88158
[2025-08-08T15:27:42.855+0000][428.502s][1][129][trace] GC(76) _eden_chunk_array[49]=0x00000000f7eb0348
[2025-08-08T15:27:42.855+0000][428.502s][1][129][trace] GC(76) _eden_chunk_array[50]=0x00000000f7ed5e98
[2025-08-08T15:27:42.855+0000][428.502s][1][129][trace] GC(76) _eden_chunk_array[51]=0x00000000f7f02cb8
[2025-08-08T15:27:42.855+0000][428.502s][1][129][trace] GC(76) _eden_chunk_array[52]=0x00000000f7f29820
[2025-08-08T15:27:42.855+0000][428.502s][1][129][trace] GC(76) _eden_chunk_array[53]=0x00000000f7f50380
[2025-08-08T15:27:42.855+0000][428.502s][1][129][trace] GC(76) _eden_chunk_array[54]=0x00000000f7f78570
[2025-08-08T15:27:42.855+0000][428.502s][1][129][trace] GC(76) _eden_chunk_array[55]=0x00000000f7f9f118
[2025-08-08T15:27:42.855+0000][428.502s][1][129][trace] GC(76) _eden_chunk_array[56]=0x00000000f7fd1398
[2025-08-08T15:27:42.855+0000][428.502s][1][129][trace] GC(76) _eden_chunk_array[57]=0x00000000f7ff15f0
[2025-08-08T15:27:42.855+0000][428.502s][1][129][trace] GC(76) _eden_chunk_array[58]=0x00000000f8021d80
[2025-08-08T15:27:42.855+0000][428.502s][1][129][trace] GC(76) _eden_chunk_array[59]=0x00000000f8052520
[2025-08-08T15:27:42.855+0000][428.502s][1][129][trace] GC(76) _eden_chunk_array[60]=0x00000000f8078698
[2025-08-08T15:27:42.855+0000][428.502s][1][129][trace] GC(76) _eden_chunk_array[61]=0x00000000f809e8f8
[2025-08-08T15:27:42.855+0000][428.502s][1][129][trace] GC(76) _eden_chunk_array[62]=0x00000000f80c9470
[2025-08-08T15:27:42.855+0000][428.503s][1][129][trace] GC(76) _eden_chunk_array[63]=0x00000000f8101478
[2025-08-08T15:27:42.855+0000][428.503s][1][129][trace] GC(76) _eden_chunk_array[64]=0x00000000f8128fa8
[2025-08-08T15:27:42.855+0000][428.503s][1][129][trace] GC(76) _eden_chunk_array[65]=0x00000000f81516c0
[2025-08-08T15:27:42.855+0000][428.503s][1][129][trace] GC(76) _eden_chunk_array[66]=0x00000000f81bc790
[2025-08-08T15:27:42.855+0000][428.503s][1][129][trace] GC(76) _eden_chunk_array[67]=0x00000000f821fae0
[2025-08-08T15:27:42.855+0000][428.503s][1][129][trace] GC(76) _eden_chunk_array[68]=0x00000000f8245540
[2025-08-08T15:27:42.855+0000][428.503s][1][129][trace] GC(76) _eden_chunk_array[69]=0x00000000f826afc0
[2025-08-08T15:27:42.855+0000][428.503s][1][129][trace] GC(76) _eden_chunk_array[70]=0x00000000f82909f8
[2025-08-08T15:27:42.855+0000][428.503s][1][129][trace] GC(76) _eden_chunk_array[71]=0x00000000f82b6460
[2025-08-08T15:27:42.855+0000][428.503s][1][129][trace] GC(76) _eden_chunk_array[72]=0x00000000f82dbef0
[2025-08-08T15:27:42.855+0000][428.503s][1][129][trace] GC(76) _eden_chunk_array[73]=0x00000000f8301998
[2025-08-08T15:27:42.855+0000][428.503s][1][129][trace] GC(76) _eden_chunk_array[74]=0x00000000f83398c8
[2025-08-08T15:27:42.855+0000][428.503s][1][129][trace] GC(76) _eden_chunk_array[75]=0x00000000f835b020
[2025-08-08T15:27:42.855+0000][428.503s][1][129][trace] GC(76) _eden_chunk_array[76]=0x00000000f8381080
[2025-08-08T15:27:42.855+0000][428.503s][1][129][trace] GC(76) _eden_chunk_array[77]=0x00000000f83daa10
[2025-08-08T15:27:42.855+0000][428.503s][1][129][trace] GC(76) _eden_chunk_array[78]=0x00000000f8409a80
[2025-08-08T15:27:42.855+0000][428.503s][1][129][trace] GC(76) _eden_chunk_array[79]=0x00000000f842d588
[2025-08-08T15:27:42.855+0000][428.503s][1][129][trace] GC(76) _eden_chunk_array[80]=0x00000000f8485750
[2025-08-08T15:27:42.855+0000][428.503s][1][129][trace] GC(76) _eden_chunk_array[81]=0x00000000f84b3020
[2025-08-08T15:27:42.855+0000][428.503s][1][129][trace] GC(76) _eden_chunk_array[82]=0x00000000f84db8f8
[2025-08-08T15:27:42.855+0000][428.503s][1][129][trace] GC(76) _eden_chunk_array[83]=0x00000000f850c098
[2025-08-08T15:27:42.855+0000][428.503s][1][129][trace] GC(76) _eden_chunk_array[84]=0x00000000f8534970
[2025-08-08T15:27:42.855+0000][428.503s][1][129][trace] GC(76) _eden_chunk_array[85]=0x00000000f8565110
[2025-08-08T15:27:42.855+0000][428.503s][1][129][trace] GC(76) _eden_chunk_array[86]=0x00000000f85b6928
[2025-08-08T15:27:42.855+0000][428.503s][1][129][trace] GC(76) _eden_chunk_array[87]=0x00000000f85df230
[2025-08-08T15:27:42.855+0000][428.503s][1][129][trace] GC(76) _eden_chunk_array[88]=0x00000000f8607b20
[2025-08-08T15:27:42.855+0000][428.503s][1][129][trace] GC(76) _eden_chunk_array[89]=0x00000000f862e828
[2025-08-08T15:27:42.855+0000][428.503s][1][129][trace] GC(76) _eden_chunk_array[90]=0x00000000f8653490
[2025-08-08T15:27:42.855+0000][428.503s][1][129][trace] GC(76) _eden_chunk_array[91]=0x00000000f8674438
[2025-08-08T15:27:42.855+0000][428.503s][1][129][trace] GC(76) _eden_chunk_array[92]=0x00000000f869b2d8
[2025-08-08T15:27:42.855+0000][428.503s][1][129][trace] GC(76) _eden_chunk_array[93]=0x00000000f86bfc78
[2025-08-08T15:27:42.855+0000][428.503s][1][129][trace] GC(76) _eden_chunk_array[94]=0x00000000f86e6630
[2025-08-08T15:27:42.855+0000][428.503s][1][129][trace] GC(76) _eden_chunk_array[95]=0x00000000f871a5d0
[2025-08-08T15:27:42.855+0000][428.503s][1][129][trace] GC(76) _eden_chunk_array[96]=0x00000000f87464f8
[2025-08-08T15:27:42.855+0000][428.503s][1][129][trace] GC(76) _eden_chunk_array[97]=0x00000000f877af98
[2025-08-08T15:27:42.855+0000][428.503s][1][129][trace] GC(76) _eden_chunk_array[98]=0x00000000f87e6d28
[2025-08-08T15:27:42.855+0000][428.503s][1][129][trace] GC(76) _eden_chunk_array[99]=0x00000000f88174d0
[2025-08-08T15:27:42.855+0000][428.503s][1][129][trace] GC(76) _eden_chunk_array[100]=0x00000000f884bfe0
[2025-08-08T15:27:42.855+0000][428.503s][1][129][trace] GC(76) _eden_chunk_array[101]=0x00000000f8880a90
[2025-08-08T15:27:42.855+0000][428.503s][1][129][trace] GC(76) _eden_chunk_array[102]=0x00000000f88a8fa0
[2025-08-08T15:27:42.855+0000][428.503s][1][129][trace] GC(76) _eden_chunk_array[103]=0x00000000f88ca4d8
[2025-08-08T15:27:42.855+0000][428.503s][1][129][trace] GC(76) _eden_chunk_array[104]=0x00000000f88f0e68
[2025-08-08T15:27:42.855+0000][428.503s][1][129][trace] GC(76) _eden_chunk_array[105]=0x00000000f8914998
[2025-08-08T15:27:42.855+0000][428.503s][1][129][trace] GC(76) _eden_chunk_array[106]=0x00000000f8943b50
[2025-08-08T15:27:42.855+0000][428.503s][1][129][trace] GC(76) _eden_chunk_array[107]=0x00000000f8967d68
[2025-08-08T15:27:42.855+0000][428.503s][1][129][trace] GC(76) _eden_chunk_array[108]=0x00000000f8991360
[2025-08-08T15:27:42.855+0000][428.503s][1][129][trace] GC(76) _eden_chunk_array[109]=0x00000000f89b7ec0
[2025-08-08T15:27:42.855+0000][428.503s][1][129][trace] GC(76) _eden_chunk_array[110]=0x00000000f89deaa8
[2025-08-08T15:27:42.855+0000][428.503s][1][129][trace] GC(76) _eden_chunk_array[111]=0x00000000f8a01e48
[2025-08-08T15:27:42.855+0000][428.503s][1][129][trace] GC(76) _eden_chunk_array[112]=0x00000000f8a289a8
[2025-08-08T15:27:42.855+0000][428.503s][1][129][trace] GC(76) _eden_chunk_array[113]=0x00000000f8a4f518
[2025-08-08T15:27:42.855+0000][428.503s][1][129][trace] GC(76) _eden_chunk_array[114]=0x00000000f8a9dc58
[2025-08-08T15:27:42.855+0000][428.503s][1][129][trace] GC(76) _eden_chunk_array[115]=0x00000000f8ac4d88
[2025-08-08T15:27:42.855+0000][428.503s][1][129][trace] GC(76) _eden_chunk_array[116]=0x00000000f8aebd28
[2025-08-08T15:27:42.855+0000][428.503s][1][129][trace] GC(76) _eden_chunk_array[117]=0x00000000f8b48a38
[2025-08-08T15:27:42.855+0000][428.503s][1][129][trace] GC(76) _eden_chunk_array[118]=0x00000000f8b6d790
[2025-08-08T15:27:42.855+0000][428.503s][1][129][trace] GC(76) _eden_chunk_array[119]=0x00000000f8b911e8
[2025-08-08T15:27:42.855+0000][428.503s][1][129][trace] GC(76) _eden_chunk_array[120]=0x00000000f8bef900
[2025-08-08T15:27:42.855+0000][428.503s][1][129][trace] GC(76) _eden_chunk_array[121]=0x00000000f8c335d8
[2025-08-08T15:27:42.855+0000][428.503s][1][129][trace] GC(76) _eden_chunk_array[122]=0x00000000f8c8e5a0
[2025-08-08T15:27:42.855+0000][428.503s][1][129][trace] GC(76) _eden_chunk_array[123]=0x00000000f8caff78
[2025-08-08T15:27:42.856+0000][428.503s][1][129][trace] GC(76) _eden_chunk_array[124]=0x00000000f8cdd530
[2025-08-08T15:27:42.856+0000][428.503s][1][129][trace] GC(76) _eden_chunk_array[125]=0x00000000f8d08b20
[2025-08-08T15:27:42.856+0000][428.503s][1][129][trace] GC(76) _eden_chunk_array[126]=0x00000000f8d3f138
[2025-08-08T15:27:42.856+0000][428.503s][1][129][trace] GC(76) _eden_chunk_array[127]=0x00000000f8daaec8
[2025-08-08T15:27:42.856+0000][428.503s][1][129][trace] GC(76) _eden_chunk_array[128]=0x00000000f8ddf970
[2025-08-08T15:27:42.856+0000][428.503s][1][129][trace] GC(76) _eden_chunk_array[129]=0x00000000f8e14438
[2025-08-08T15:27:42.856+0000][428.503s][1][129][trace] GC(76) _eden_chunk_array[130]=0x00000000f8e36208
[2025-08-08T15:27:42.856+0000][428.503s][1][129][trace] GC(76) _eden_chunk_array[131]=0x00000000f8e60288
[2025-08-08T15:27:42.856+0000][428.503s][1][129][trace] GC(76) _eden_chunk_array[132]=0x00000000f8eace78
[2025-08-08T15:27:42.856+0000][428.503s][1][129][trace] GC(76) _eden_chunk_array[133]=0x00000000f8ee1548
[2025-08-08T15:27:42.856+0000][428.503s][1][129][trace] GC(76) _eden_chunk_array[134]=0x00000000f8f07f38
[2025-08-08T15:27:42.856+0000][428.503s][1][129][trace] GC(76) _eden_chunk_array[135]=0x00000000f8f3d1f8
[2025-08-08T15:27:42.856+0000][428.503s][1][129][trace] GC(76) _eden_chunk_array[136]=0x00000000f8f6c388
[2025-08-08T15:27:42.856+0000][428.503s][1][129][trace] GC(76) _eden_chunk_array[137]=0x00000000f8f9b4f0
[2025-08-08T15:27:42.856+0000][428.503s][1][129][trace] GC(76) _eden_chunk_array[138]=0x00000000f8fd1ce8
[2025-08-08T15:27:42.856+0000][428.503s][1][129][trace] GC(76) _eden_chunk_array[139]=0x00000000f9000e68
[2025-08-08T15:27:42.856+0000][428.503s][1][129][trace] GC(76) _eden_chunk_array[140]=0x00000000f902ffd0
[2025-08-08T15:27:42.856+0000][428.503s][1][129][trace] GC(76) _eden_chunk_array[141]=0x00000000f9064aa0
[2025-08-08T15:27:42.856+0000][428.503s][1][129][trace] GC(76) _eden_chunk_array[142]=0x00000000f90b31d8
[2025-08-08T15:27:42.856+0000][428.503s][1][129][trace] GC(76) _eden_chunk_array[143]=0x00000000f90da820
[2025-08-08T15:27:42.856+0000][428.503s][1][129][trace] GC(76) _eden_chunk_array[144]=0x00000000f9101ba0
[2025-08-08T15:27:42.856+0000][428.503s][1][129][trace] GC(76) _eden_chunk_array[145]=0x00000000f912f280
[2025-08-08T15:27:42.856+0000][428.503s][1][129][trace] GC(76) _eden_chunk_array[146]=0x00000000f9189620
[2025-08-08T15:27:42.856+0000][428.503s][1][129][trace] GC(76) _eden_chunk_array[147]=0x00000000f91bd578
[2025-08-08T15:27:42.856+0000][428.503s][1][129][trace] GC(76) _eden_chunk_array[148]=0x00000000f91e7e78
[2025-08-08T15:27:42.856+0000][428.503s][1][129][trace] GC(76) _eden_chunk_array[149]=0x00000000f924aa20
[2025-08-08T15:27:42.856+0000][428.503s][1][129][trace] GC(76) _eden_chunk_array[150]=0x00000000f9272000
[2025-08-08T15:27:42.856+0000][428.503s][1][129][trace] GC(76) _eden_chunk_array[151]=0x00000000f9297998
[2025-08-08T15:27:42.856+0000][428.503s][1][129][trace] GC(76) _eden_chunk_array[152]=0x00000000f92c8138
[2025-08-08T15:27:42.856+0000][428.503s][1][129][trace] GC(76) _eden_chunk_array[153]=0x00000000f92edaa0
[2025-08-08T15:27:42.856+0000][428.503s][1][129][trace] GC(76) _eden_chunk_array[154]=0x00000000f9313428
[2025-08-08T15:27:42.856+0000][428.503s][1][129][trace] GC(76) _eden_chunk_array[155]=0x00000000f9338dc8
[2025-08-08T15:27:42.856+0000][428.503s][1][129][trace] GC(76) _eden_chunk_array[156]=0x00000000f935e778
[2025-08-08T15:27:42.856+0000][428.503s][1][129][trace] GC(76) _eden_chunk_array[157]=0x00000000f9387c48
[2025-08-08T15:27:42.856+0000][428.503s][1][129][trace] GC(76) survivor 0x00000000fd410000-0x00000000fd410000-0x00000000fe780000(20381696)
[2025-08-08T15:27:42.856+0000][428.503s][1][129][trace] GC(76) _survivor_chunk_index=0, _survivor_chunk_capacity=9952
[2025-08-08T15:27:42.893+0000][428.540s][1][129][info ] GC(76) Pause Remark 96M->96M(180M) 37.878ms
[2025-08-08T15:27:42.893+0000][428.540s][1][129][info ] Leaving safepoint region
[2025-08-08T15:27:42.893+0000][428.540s][1][129][info ] Total time for which application threads were stopped: 0.0381617 seconds, Stopping threads took: 0.0000309 seconds
[2025-08-08T15:27:42.893+0000][428.540s][1][128][info ] GC(76) Concurrent Sweep
[2025-08-08T15:27:42.894+0000][428.542s][1][128][info ] GC(76) Concurrent Sweep 1.397ms
[2025-08-08T15:27:42.895+0000][428.542s][1][128][info ] GC(76) Concurrent Reset
[2025-08-08T15:27:42.895+0000][428.542s][1][128][info ] GC(76) Concurrent Reset 0.021ms
[2025-08-08T15:27:42.895+0000][428.542s][1][128][info ] GC(76) Old: 5183K->5183K(5184K)
[2025-08-08T15:27:44.893+0000][430.541s][1][129][info ] Application time: 2.0006566 seconds
[2025-08-08T15:27:44.894+0000][430.541s][1][129][info ] Entering safepoint region: Cleanup
[2025-08-08T15:27:44.894+0000][430.541s][1][129][info ] Leaving safepoint region
[2025-08-08T15:27:44.894+0000][430.541s][1][129][info ] Total time for which application threads were stopped: 0.0001938 seconds, Stopping threads took: 0.0000306 seconds
[2025-08-08T15:27:45.894+0000][431.542s][1][129][info ] Application time: 1.0005277 seconds
[2025-08-08T15:27:45.894+0000][431.542s][1][129][info ] Entering safepoint region: Cleanup
[2025-08-08T15:27:45.895+0000][431.542s][1][129][info ] Leaving safepoint region
[2025-08-08T15:27:45.895+0000][431.542s][1][129][info ] Total time for which application threads were stopped: 0.0003245 seconds, Stopping threads took: 0.0000334 seconds
[2025-08-08T15:27:48.896+0000][434.543s][1][129][info ] Application time: 3.0012523 seconds
[2025-08-08T15:27:48.896+0000][434.543s][1][129][info ] Entering safepoint region: Cleanup
[2025-08-08T15:27:48.896+0000][434.544s][1][129][info ] Leaving safepoint region
[2025-08-08T15:27:48.896+0000][434.544s][1][129][info ] Total time for which application threads were stopped: 0.0002973 seconds, Stopping threads took: 0.0000357 seconds
[2025-08-08T15:27:50.897+0000][436.545s][1][129][info ] Application time: 2.0008991 seconds
[2025-08-08T15:27:50.897+0000][436.545s][1][129][info ] Entering safepoint region: Cleanup
[2025-08-08T15:27:50.897+0000][436.545s][1][129][info ] Leaving safepoint region
[2025-08-08T15:27:50.897+0000][436.545s][1][129][info ] Total time for which application threads were stopped: 0.0001880 seconds, Stopping threads took: 0.0000245 seconds
[2025-08-08T15:27:52.895+0000][438.542s][1][129][info ] Application time: 1.9974444 seconds
[2025-08-08T15:27:52.895+0000][438.542s][1][129][info ] Entering safepoint region: CMS_Initial_Mark
[2025-08-08T15:27:52.895+0000][438.543s][1][129][trace] GC(77) eden 0x00000000f3800000-0x00000000f9bbb330-0x00000000fd410000(163643392)
[2025-08-08T15:27:52.895+0000][438.543s][1][129][trace] GC(77) _eden_chunk_index=202, _eden_chunk_capacity=11233
[2025-08-08T15:27:52.895+0000][438.543s][1][129][trace] GC(77) _eden_chunk_array[0]=0x00000000f74596b0
[2025-08-08T15:27:52.895+0000][438.543s][1][129][trace] GC(77) _eden_chunk_array[1]=0x00000000f74ac5b8
[2025-08-08T15:27:52.895+0000][438.543s][1][129][trace] GC(77) _eden_chunk_array[2]=0x00000000f74d55e8
[2025-08-08T15:27:52.895+0000][438.543s][1][129][trace] GC(77) _eden_chunk_array[3]=0x00000000f7504058
[2025-08-08T15:27:52.895+0000][438.543s][1][129][trace] GC(77) _eden_chunk_array[4]=0x00000000f7524f88
[2025-08-08T15:27:52.895+0000][438.543s][1][129][trace] GC(77) _eden_chunk_array[5]=0x00000000f754e7c0
[2025-08-08T15:27:52.895+0000][438.543s][1][129][trace] GC(77) _eden_chunk_array[6]=0x00000000f7577fe0
[2025-08-08T15:27:52.895+0000][438.543s][1][129][trace] GC(77) _eden_chunk_array[7]=0x00000000f75a71a8
[2025-08-08T15:27:52.895+0000][438.543s][1][129][trace] GC(77) _eden_chunk_array[8]=0x00000000f75f58d8
[2025-08-08T15:27:52.895+0000][438.543s][1][129][trace] GC(77) _eden_chunk_array[9]=0x00000000f761a640
[2025-08-08T15:27:52.895+0000][438.543s][1][129][trace] GC(77) _eden_chunk_array[10]=0x00000000f76649c8
[2025-08-08T15:27:52.895+0000][438.543s][1][129][trace] GC(77) _eden_chunk_array[11]=0x00000000f76854f8
[2025-08-08T15:27:52.895+0000][438.543s][1][129][trace] GC(77) _eden_chunk_array[12]=0x00000000f76d4790
[2025-08-08T15:27:52.895+0000][438.543s][1][129][trace] GC(77) _eden_chunk_array[13]=0x00000000f7704f20
[2025-08-08T15:27:52.895+0000][438.543s][1][129][trace] GC(77) _eden_chunk_array[14]=0x00000000f7751bd0
[2025-08-08T15:27:52.895+0000][438.543s][1][129][trace] GC(77) _eden_chunk_array[15]=0x00000000f777a4b0
[2025-08-08T15:27:52.895+0000][438.543s][1][129][trace] GC(77) _eden_chunk_array[16]=0x00000000f77a4c70
[2025-08-08T15:27:52.895+0000][438.543s][1][129][trace] GC(77) _eden_chunk_array[17]=0x00000000f7810a48
[2025-08-08T15:27:52.895+0000][438.543s][1][129][trace] GC(77) _eden_chunk_array[18]=0x00000000f78454f8
[2025-08-08T15:27:52.895+0000][438.543s][1][129][trace] GC(77) _eden_chunk_array[19]=0x00000000f7879fb0
[2025-08-08T15:27:52.895+0000][438.543s][1][129][trace] GC(77) _eden_chunk_array[20]=0x00000000f78aea98
[2025-08-08T15:27:52.895+0000][438.543s][1][129][trace] GC(77) _eden_chunk_array[21]=0x00000000f78d8f40
[2025-08-08T15:27:52.895+0000][438.543s][1][129][trace] GC(77) _eden_chunk_array[22]=0x00000000f79059a8
[2025-08-08T15:27:52.895+0000][438.543s][1][129][trace] GC(77) _eden_chunk_array[23]=0x00000000f7968da8
[2025-08-08T15:27:52.895+0000][438.543s][1][129][trace] GC(77) _eden_chunk_array[24]=0x00000000f79891e8
[2025-08-08T15:27:52.895+0000][438.543s][1][129][trace] GC(77) _eden_chunk_array[25]=0x00000000f79b18e8
[2025-08-08T15:27:52.895+0000][438.543s][1][129][trace] GC(77) _eden_chunk_array[26]=0x00000000f79d1ad8
[2025-08-08T15:27:52.895+0000][438.543s][1][129][trace] GC(77) _eden_chunk_array[27]=0x00000000f7a16618
[2025-08-08T15:27:52.895+0000][438.543s][1][129][trace] GC(77) _eden_chunk_array[28]=0x00000000f7a46d00
[2025-08-08T15:27:52.895+0000][438.543s][1][129][trace] GC(77) _eden_chunk_array[29]=0x00000000f7a8fd38
[2025-08-08T15:27:52.895+0000][438.543s][1][129][trace] GC(77) _eden_chunk_array[30]=0x00000000f7ad8d90
[2025-08-08T15:27:52.895+0000][438.543s][1][129][trace] GC(77) _eden_chunk_array[31]=0x00000000f7b2a5c0
[2025-08-08T15:27:52.895+0000][438.543s][1][129][trace] GC(77) _eden_chunk_array[32]=0x00000000f7b87ac8
[2025-08-08T15:27:52.895+0000][438.543s][1][129][trace] GC(77) _eden_chunk_array[33]=0x00000000f7bad890
[2025-08-08T15:27:52.895+0000][438.543s][1][129][trace] GC(77) _eden_chunk_array[34]=0x00000000f7bce290
[2025-08-08T15:27:52.895+0000][438.543s][1][129][trace] GC(77) _eden_chunk_array[35]=0x00000000f7bef940
[2025-08-08T15:27:52.895+0000][438.543s][1][129][trace] GC(77) _eden_chunk_array[36]=0x00000000f7c20f50
[2025-08-08T15:27:52.895+0000][438.543s][1][129][trace] GC(77) _eden_chunk_array[37]=0x00000000f7c53e40
[2025-08-08T15:27:52.895+0000][438.543s][1][129][trace] GC(77) _eden_chunk_array[38]=0x00000000f7c79888
[2025-08-08T15:27:52.895+0000][438.543s][1][129][trace] GC(77) _eden_chunk_array[39]=0x00000000f7c9ea88
[2025-08-08T15:27:52.895+0000][438.543s][1][129][trace] GC(77) _eden_chunk_array[40]=0x00000000f7cc3cb8
[2025-08-08T15:27:52.895+0000][438.543s][1][129][trace] GC(77) _eden_chunk_array[41]=0x00000000f7ceaaa0
[2025-08-08T15:27:52.895+0000][438.543s][1][129][trace] GC(77) _eden_chunk_array[42]=0x00000000f7d0b440
[2025-08-08T15:27:52.895+0000][438.543s][1][129][trace] GC(77) _eden_chunk_array[43]=0x00000000f7d30640
[2025-08-08T15:27:52.895+0000][438.543s][1][129][trace] GC(77) _eden_chunk_array[44]=0x00000000f7d9da90
[2025-08-08T15:27:52.895+0000][438.543s][1][129][trace] GC(77) _eden_chunk_array[45]=0x00000000f7dd09f8
[2025-08-08T15:27:52.895+0000][438.543s][1][129][trace] GC(77) _eden_chunk_array[46]=0x00000000f7df56f0
[2025-08-08T15:27:52.895+0000][438.543s][1][129][trace] GC(77) _eden_chunk_array[47]=0x00000000f7e1ad98
[2025-08-08T15:27:52.895+0000][438.543s][1][129][trace] GC(77) _eden_chunk_array[48]=0x00000000f7e88158
[2025-08-08T15:27:52.895+0000][438.543s][1][129][trace] GC(77) _eden_chunk_array[49]=0x00000000f7eb0348
[2025-08-08T15:27:52.895+0000][438.543s][1][129][trace] GC(77) _eden_chunk_array[50]=0x00000000f7ed5e98
[2025-08-08T15:27:52.895+0000][438.543s][1][129][trace] GC(77) _eden_chunk_array[51]=0x00000000f7f02cb8
[2025-08-08T15:27:52.895+0000][438.543s][1][129][trace] GC(77) _eden_chunk_array[52]=0x00000000f7f29820
[2025-08-08T15:27:52.895+0000][438.543s][1][129][trace] GC(77) _eden_chunk_array[53]=0x00000000f7f50380
[2025-08-08T15:27:52.895+0000][438.543s][1][129][trace] GC(77) _eden_chunk_array[54]=0x00000000f7f78570
[2025-08-08T15:27:52.895+0000][438.543s][1][129][trace] GC(77) _eden_chunk_array[55]=0x00000000f7f9f118
[2025-08-08T15:27:52.895+0000][438.543s][1][129][trace] GC(77) _eden_chunk_array[56]=0x00000000f7fd1398
[2025-08-08T15:27:52.895+0000][438.543s][1][129][trace] GC(77) _eden_chunk_array[57]=0x00000000f7ff15f0
[2025-08-08T15:27:52.895+0000][438.543s][1][129][trace] GC(77) _eden_chunk_array[58]=0x00000000f8021d80
[2025-08-08T15:27:52.895+0000][438.543s][1][129][trace] GC(77) _eden_chunk_array[59]=0x00000000f8052520
[2025-08-08T15:27:52.896+0000][438.543s][1][129][trace] GC(77) _eden_chunk_array[60]=0x00000000f8078698
[2025-08-08T15:27:52.896+0000][438.543s][1][129][trace] GC(77) _eden_chunk_array[61]=0x00000000f809e8f8
[2025-08-08T15:27:52.896+0000][438.543s][1][129][trace] GC(77) _eden_chunk_array[62]=0x00000000f80c9470
[2025-08-08T15:27:52.896+0000][438.543s][1][129][trace] GC(77) _eden_chunk_array[63]=0x00000000f8101478
[2025-08-08T15:27:52.896+0000][438.543s][1][129][trace] GC(77) _eden_chunk_array[64]=0x00000000f8128fa8
[2025-08-08T15:27:52.896+0000][438.543s][1][129][trace] GC(77) _eden_chunk_array[65]=0x00000000f81516c0
[2025-08-08T15:27:52.896+0000][438.543s][1][129][trace] GC(77) _eden_chunk_array[66]=0x00000000f81bc790
[2025-08-08T15:27:52.896+0000][438.543s][1][129][trace] GC(77) _eden_chunk_array[67]=0x00000000f821fae0
[2025-08-08T15:27:52.896+0000][438.543s][1][129][trace] GC(77) _eden_chunk_array[68]=0x00000000f8245540
[2025-08-08T15:27:52.896+0000][438.543s][1][129][trace] GC(77) _eden_chunk_array[69]=0x00000000f826afc0
[2025-08-08T15:27:52.896+0000][438.543s][1][129][trace] GC(77) _eden_chunk_array[70]=0x00000000f82909f8
[2025-08-08T15:27:52.896+0000][438.543s][1][129][trace] GC(77) _eden_chunk_array[71]=0x00000000f82b6460
[2025-08-08T15:27:52.896+0000][438.543s][1][129][trace] GC(77) _eden_chunk_array[72]=0x00000000f82dbef0
[2025-08-08T15:27:52.896+0000][438.543s][1][129][trace] GC(77) _eden_chunk_array[73]=0x00000000f8301998
[2025-08-08T15:27:52.896+0000][438.543s][1][129][trace] GC(77) _eden_chunk_array[74]=0x00000000f83398c8
[2025-08-08T15:27:52.896+0000][438.543s][1][129][trace] GC(77) _eden_chunk_array[75]=0x00000000f835b020
[2025-08-08T15:27:52.896+0000][438.543s][1][129][trace] GC(77) _eden_chunk_array[76]=0x00000000f8381080
[2025-08-08T15:27:52.896+0000][438.543s][1][129][trace] GC(77) _eden_chunk_array[77]=0x00000000f83daa10
[2025-08-08T15:27:52.896+0000][438.543s][1][129][trace] GC(77) _eden_chunk_array[78]=0x00000000f8409a80
[2025-08-08T15:27:52.896+0000][438.543s][1][129][trace] GC(77) _eden_chunk_array[79]=0x00000000f842d588
[2025-08-08T15:27:52.896+0000][438.543s][1][129][trace] GC(77) _eden_chunk_array[80]=0x00000000f8485750
[2025-08-08T15:27:52.896+0000][438.543s][1][129][trace] GC(77) _eden_chunk_array[81]=0x00000000f84b3020
[2025-08-08T15:27:52.896+0000][438.543s][1][129][trace] GC(77) _eden_chunk_array[82]=0x00000000f84db8f8
[2025-08-08T15:27:52.896+0000][438.543s][1][129][trace] GC(77) _eden_chunk_array[83]=0x00000000f850c098
[2025-08-08T15:27:52.896+0000][438.543s][1][129][trace] GC(77) _eden_chunk_array[84]=0x00000000f8534970
[2025-08-08T15:27:52.896+0000][438.543s][1][129][trace] GC(77) _eden_chunk_array[85]=0x00000000f8565110
[2025-08-08T15:27:52.896+0000][438.543s][1][129][trace] GC(77) _eden_chunk_array[86]=0x00000000f85b6928
[2025-08-08T15:27:52.896+0000][438.543s][1][129][trace] GC(77) _eden_chunk_array[87]=0x00000000f85df230
[2025-08-08T15:27:52.896+0000][438.543s][1][129][trace] GC(77) _eden_chunk_array[88]=0x00000000f8607b20
[2025-08-08T15:27:52.896+0000][438.543s][1][129][trace] GC(77) _eden_chunk_array[89]=0x00000000f862e828
[2025-08-08T15:27:52.896+0000][438.543s][1][129][trace] GC(77) _eden_chunk_array[90]=0x00000000f8653490
[2025-08-08T15:27:52.896+0000][438.543s][1][129][trace] GC(77) _eden_chunk_array[91]=0x00000000f8674438
[2025-08-08T15:27:52.896+0000][438.543s][1][129][trace] GC(77) _eden_chunk_array[92]=0x00000000f869b2d8
[2025-08-08T15:27:52.896+0000][438.543s][1][129][trace] GC(77) _eden_chunk_array[93]=0x00000000f86bfc78
[2025-08-08T15:27:52.896+0000][438.543s][1][129][trace] GC(77) _eden_chunk_array[94]=0x00000000f86e6630
[2025-08-08T15:27:52.896+0000][438.543s][1][129][trace] GC(77) _eden_chunk_array[95]=0x00000000f871a5d0
[2025-08-08T15:27:52.896+0000][438.543s][1][129][trace] GC(77) _eden_chunk_array[96]=0x00000000f87464f8
[2025-08-08T15:27:52.896+0000][438.543s][1][129][trace] GC(77) _eden_chunk_array[97]=0x00000000f877af98
[2025-08-08T15:27:52.896+0000][438.543s][1][129][trace] GC(77) _eden_chunk_array[98]=0x00000000f87e6d28
[2025-08-08T15:27:52.896+0000][438.543s][1][129][trace] GC(77) _eden_chunk_array[99]=0x00000000f88174d0
[2025-08-08T15:27:52.896+0000][438.543s][1][129][trace] GC(77) _eden_chunk_array[100]=0x00000000f884bfe0
[2025-08-08T15:27:52.896+0000][438.543s][1][129][trace] GC(77) _eden_chunk_array[101]=0x00000000f8880a90
[2025-08-08T15:27:52.896+0000][438.543s][1][129][trace] GC(77) _eden_chunk_array[102]=0x00000000f88a8fa0
[2025-08-08T15:27:52.896+0000][438.543s][1][129][trace] GC(77) _eden_chunk_array[103]=0x00000000f88ca4d8
[2025-08-08T15:27:52.896+0000][438.543s][1][129][trace] GC(77) _eden_chunk_array[104]=0x00000000f88f0e68
[2025-08-08T15:27:52.896+0000][438.543s][1][129][trace] GC(77) _eden_chunk_array[105]=0x00000000f8914998
[2025-08-08T15:27:52.896+0000][438.543s][1][129][trace] GC(77) _eden_chunk_array[106]=0x00000000f8943b50
[2025-08-08T15:27:52.896+0000][438.543s][1][129][trace] GC(77) _eden_chunk_array[107]=0x00000000f8967d68
[2025-08-08T15:27:52.896+0000][438.543s][1][129][trace] GC(77) _eden_chunk_array[108]=0x00000000f8991360
[2025-08-08T15:27:52.896+0000][438.543s][1][129][trace] GC(77) _eden_chunk_array[109]=0x00000000f89b7ec0
[2025-08-08T15:27:52.896+0000][438.543s][1][129][trace] GC(77) _eden_chunk_array[110]=0x00000000f89deaa8
[2025-08-08T15:27:52.896+0000][438.543s][1][129][trace] GC(77) _eden_chunk_array[111]=0x00000000f8a01e48
[2025-08-08T15:27:52.896+0000][438.543s][1][129][trace] GC(77) _eden_chunk_array[112]=0x00000000f8a289a8
[2025-08-08T15:27:52.896+0000][438.543s][1][129][trace] GC(77) _eden_chunk_array[113]=0x00000000f8a4f518
[2025-08-08T15:27:52.896+0000][438.543s][1][129][trace] GC(77) _eden_chunk_array[114]=0x00000000f8a9dc58
[2025-08-08T15:27:52.896+0000][438.543s][1][129][trace] GC(77) _eden_chunk_array[115]=0x00000000f8ac4d88
[2025-08-08T15:27:52.896+0000][438.543s][1][129][trace] GC(77) _eden_chunk_array[116]=0x00000000f8aebd28
[2025-08-08T15:27:52.896+0000][438.543s][1][129][trace] GC(77) _eden_chunk_array[117]=0x00000000f8b48a38
[2025-08-08T15:27:52.896+0000][438.543s][1][129][trace] GC(77) _eden_chunk_array[118]=0x00000000f8b6d790
[2025-08-08T15:27:52.896+0000][438.543s][1][129][trace] GC(77) _eden_chunk_array[119]=0x00000000f8b911e8
[2025-08-08T15:27:52.896+0000][438.543s][1][129][trace] GC(77) _eden_chunk_array[120]=0x00000000f8bef900
[2025-08-08T15:27:52.896+0000][438.543s][1][129][trace] GC(77) _eden_chunk_array[121]=0x00000000f8c335d8
[2025-08-08T15:27:52.896+0000][438.543s][1][129][trace] GC(77) _eden_chunk_array[122]=0x00000000f8c8e5a0
[2025-08-08T15:27:52.896+0000][438.543s][1][129][trace] GC(77) _eden_chunk_array[123]=0x00000000f8caff78
[2025-08-08T15:27:52.896+0000][438.543s][1][129][trace] GC(77) _eden_chunk_array[124]=0x00000000f8cdd530
[2025-08-08T15:27:52.896+0000][438.543s][1][129][trace] GC(77) _eden_chunk_array[125]=0x00000000f8d08b20
[2025-08-08T15:27:52.896+0000][438.543s][1][129][trace] GC(77) _eden_chunk_array[126]=0x00000000f8d3f138
[2025-08-08T15:27:52.896+0000][438.543s][1][129][trace] GC(77) _eden_chunk_array[127]=0x00000000f8daaec8
[2025-08-08T15:27:52.896+0000][438.543s][1][129][trace] GC(77) _eden_chunk_array[128]=0x00000000f8ddf970
[2025-08-08T15:27:52.896+0000][438.543s][1][129][trace] GC(77) _eden_chunk_array[129]=0x00000000f8e14438
[2025-08-08T15:27:52.896+0000][438.543s][1][129][trace] GC(77) _eden_chunk_array[130]=0x00000000f8e36208
[2025-08-08T15:27:52.896+0000][438.543s][1][129][trace] GC(77) _eden_chunk_array[131]=0x00000000f8e60288
[2025-08-08T15:27:52.896+0000][438.543s][1][129][trace] GC(77) _eden_chunk_array[132]=0x00000000f8eace78
[2025-08-08T15:27:52.896+0000][438.543s][1][129][trace] GC(77) _eden_chunk_array[133]=0x00000000f8ee1548
[2025-08-08T15:27:52.896+0000][438.543s][1][129][trace] GC(77) _eden_chunk_array[134]=0x00000000f8f07f38
[2025-08-08T15:27:52.896+0000][438.543s][1][129][trace] GC(77) _eden_chunk_array[135]=0x00000000f8f3d1f8
[2025-08-08T15:27:52.896+0000][438.543s][1][129][trace] GC(77) _eden_chunk_array[136]=0x00000000f8f6c388
[2025-08-08T15:27:52.896+0000][438.543s][1][129][trace] GC(77) _eden_chunk_array[137]=0x00000000f8f9b4f0
[2025-08-08T15:27:52.896+0000][438.543s][1][129][trace] GC(77) _eden_chunk_array[138]=0x00000000f8fd1ce8
[2025-08-08T15:27:52.896+0000][438.543s][1][129][trace] GC(77) _eden_chunk_array[139]=0x00000000f9000e68
[2025-08-08T15:27:52.896+0000][438.543s][1][129][trace] GC(77) _eden_chunk_array[140]=0x00000000f902ffd0
[2025-08-08T15:27:52.896+0000][438.543s][1][129][trace] GC(77) _eden_chunk_array[141]=0x00000000f9064aa0
[2025-08-08T15:27:52.896+0000][438.543s][1][129][trace] GC(77) _eden_chunk_array[142]=0x00000000f90b31d8
[2025-08-08T15:27:52.896+0000][438.543s][1][129][trace] GC(77) _eden_chunk_array[143]=0x00000000f90da820
[2025-08-08T15:27:52.896+0000][438.543s][1][129][trace] GC(77) _eden_chunk_array[144]=0x00000000f9101ba0
[2025-08-08T15:27:52.896+0000][438.543s][1][129][trace] GC(77) _eden_chunk_array[145]=0x00000000f912f280
[2025-08-08T15:27:52.896+0000][438.543s][1][129][trace] GC(77) _eden_chunk_array[146]=0x00000000f9189620
[2025-08-08T15:27:52.896+0000][438.543s][1][129][trace] GC(77) _eden_chunk_array[147]=0x00000000f91bd578
[2025-08-08T15:27:52.896+0000][438.543s][1][129][trace] GC(77) _eden_chunk_array[148]=0x00000000f91e7e78
[2025-08-08T15:27:52.896+0000][438.543s][1][129][trace] GC(77) _eden_chunk_array[149]=0x00000000f924aa20
[2025-08-08T15:27:52.896+0000][438.543s][1][129][trace] GC(77) _eden_chunk_array[150]=0x00000000f9272000
[2025-08-08T15:27:52.896+0000][438.543s][1][129][trace] GC(77) _eden_chunk_array[151]=0x00000000f9297998
[2025-08-08T15:27:52.896+0000][438.543s][1][129][trace] GC(77) _eden_chunk_array[152]=0x00000000f92c8138
[2025-08-08T15:27:52.896+0000][438.543s][1][129][trace] GC(77) _eden_chunk_array[153]=0x00000000f92edaa0
[2025-08-08T15:27:52.896+0000][438.543s][1][129][trace] GC(77) _eden_chunk_array[154]=0x00000000f9313428
[2025-08-08T15:27:52.896+0000][438.543s][1][129][trace] GC(77) _eden_chunk_array[155]=0x00000000f9338dc8
[2025-08-08T15:27:52.896+0000][438.543s][1][129][trace] GC(77) _eden_chunk_array[156]=0x00000000f935e778
[2025-08-08T15:27:52.896+0000][438.543s][1][129][trace] GC(77) _eden_chunk_array[157]=0x00000000f9387c48
[2025-08-08T15:27:52.896+0000][438.543s][1][129][trace] GC(77) _eden_chunk_array[158]=0x00000000f93b50b8
[2025-08-08T15:27:52.896+0000][438.543s][1][129][trace] GC(77) _eden_chunk_array[159]=0x00000000f93da618
[2025-08-08T15:27:52.896+0000][438.543s][1][129][trace] GC(77) _eden_chunk_array[160]=0x00000000f9417650
[2025-08-08T15:27:52.896+0000][438.543s][1][129][trace] GC(77) _eden_chunk_array[161]=0x00000000f943acc8
[2025-08-08T15:27:52.896+0000][438.543s][1][129][trace] GC(77) _eden_chunk_array[162]=0x00000000f9464500
[2025-08-08T15:27:52.896+0000][438.543s][1][129][trace] GC(77) _eden_chunk_array[163]=0x00000000f948e178
[2025-08-08T15:27:52.896+0000][438.543s][1][129][trace] GC(77) _eden_chunk_array[164]=0x00000000f94b8238
[2025-08-08T15:27:52.896+0000][438.543s][1][129][trace] GC(77) _eden_chunk_array[165]=0x00000000f95197e8
[2025-08-08T15:27:52.896+0000][438.543s][1][129][trace] GC(77) _eden_chunk_array[166]=0x00000000f9542118
[2025-08-08T15:27:52.896+0000][438.543s][1][129][trace] GC(77) _eden_chunk_array[167]=0x00000000f9567aa0
[2025-08-08T15:27:52.896+0000][438.543s][1][129][trace] GC(77) _eden_chunk_array[168]=0x00000000f9591b48
[2025-08-08T15:27:52.896+0000][438.543s][1][129][trace] GC(77) _eden_chunk_array[169]=0x00000000f95bbc00
[2025-08-08T15:27:52.896+0000][438.543s][1][129][trace] GC(77) _eden_chunk_array[170]=0x00000000f95e5cc0
[2025-08-08T15:27:52.896+0000][438.543s][1][129][trace] GC(77) _eden_chunk_array[171]=0x00000000f960fd68
[2025-08-08T15:27:52.896+0000][438.543s][1][129][trace] GC(77) _eden_chunk_array[172]=0x00000000f965e498
[2025-08-08T15:27:52.896+0000][438.543s][1][129][trace] GC(77) _eden_chunk_array[173]=0x00000000f9681860
[2025-08-08T15:27:52.896+0000][438.543s][1][129][trace] GC(77) _eden_chunk_array[174]=0x00000000f96a4070
[2025-08-08T15:27:52.896+0000][438.543s][1][129][trace] GC(77) _eden_chunk_array[175]=0x00000000f96c6188
[2025-08-08T15:27:52.896+0000][438.543s][1][129][trace] GC(77) _eden_chunk_array[176]=0x00000000f96f0fd8
[2025-08-08T15:27:52.896+0000][438.543s][1][129][trace] GC(77) _eden_chunk_array[177]=0x00000000f9713e68
[2025-08-08T15:27:52.896+0000][438.543s][1][129][trace] GC(77) _eden_chunk_array[178]=0x00000000f97368f0
[2025-08-08T15:27:52.896+0000][438.543s][1][129][trace] GC(77) _eden_chunk_array[179]=0x00000000f9759728
[2025-08-08T15:27:52.896+0000][438.543s][1][129][trace] GC(77) _eden_chunk_array[180]=0x00000000f977aab8
[2025-08-08T15:27:52.896+0000][438.543s][1][129][trace] GC(77) _eden_chunk_array[181]=0x00000000f979d8d8
[2025-08-08T15:27:52.896+0000][438.543s][1][129][trace] GC(77) _eden_chunk_array[182]=0x00000000f97c8718
[2025-08-08T15:27:52.896+0000][438.543s][1][129][trace] GC(77) _eden_chunk_array[183]=0x00000000f97f4440
[2025-08-08T15:27:52.896+0000][438.543s][1][129][trace] GC(77) _eden_chunk_array[184]=0x00000000f981db60
[2025-08-08T15:27:52.896+0000][438.543s][1][129][trace] GC(77) _eden_chunk_array[185]=0x00000000f9849888
[2025-08-08T15:27:52.896+0000][438.543s][1][129][trace] GC(77) _eden_chunk_array[186]=0x00000000f98b8410
[2025-08-08T15:27:52.896+0000][438.543s][1][129][trace] GC(77) _eden_chunk_array[187]=0x00000000f98ec3e8
[2025-08-08T15:27:52.896+0000][438.543s][1][129][trace] GC(77) _eden_chunk_array[188]=0x00000000f990dc78
[2025-08-08T15:27:52.896+0000][438.543s][1][129][trace] GC(77) _eden_chunk_array[189]=0x00000000f9932348
[2025-08-08T15:27:52.896+0000][438.543s][1][129][trace] GC(77) _eden_chunk_array[190]=0x00000000f99892b8
[2025-08-08T15:27:52.896+0000][438.543s][1][129][trace] GC(77) _eden_chunk_array[191]=0x00000000f99d5db8
[2025-08-08T15:27:52.896+0000][438.543s][1][129][trace] GC(77) _eden_chunk_array[192]=0x00000000f9a070a8
[2025-08-08T15:27:52.896+0000][438.543s][1][129][trace] GC(77) _eden_chunk_array[193]=0x00000000f9a308c8
[2025-08-08T15:27:52.896+0000][438.543s][1][129][trace] GC(77) _eden_chunk_array[194]=0x00000000f9a5a0f8
[2025-08-08T15:27:52.896+0000][438.543s][1][129][trace] GC(77) _eden_chunk_array[195]=0x00000000f9a83938
[2025-08-08T15:27:52.896+0000][438.543s][1][129][trace] GC(77) _eden_chunk_array[196]=0x00000000f9aad178
[2025-08-08T15:27:52.896+0000][438.543s][1][129][trace] GC(77) _eden_chunk_array[197]=0x00000000f9ad69a8
[2025-08-08T15:27:52.896+0000][438.543s][1][129][trace] GC(77) _eden_chunk_array[198]=0x00000000f9b03f40
[2025-08-08T15:27:52.896+0000][438.543s][1][129][trace] GC(77) _eden_chunk_array[199]=0x00000000f9b55758
[2025-08-08T15:27:52.896+0000][438.543s][1][129][trace] GC(77) _eden_chunk_array[200]=0x00000000f9b80550
[2025-08-08T15:27:52.896+0000][438.543s][1][129][trace] GC(77) _eden_chunk_array[201]=0x00000000f9ba7690
[2025-08-08T15:27:52.896+0000][438.543s][1][129][trace] GC(77) survivor 0x00000000fd410000-0x00000000fd410000-0x00000000fe780000(20381696)
[2025-08-08T15:27:52.896+0000][438.543s][1][129][trace] GC(77) _survivor_chunk_index=0, _survivor_chunk_capacity=9952
[2025-08-08T15:27:52.920+0000][438.568s][1][129][info ] GC(77) Pause Initial Mark 104M->104M(180M) 25.269ms
[2025-08-08T15:27:52.920+0000][438.568s][1][129][info ] Leaving safepoint region
[2025-08-08T15:27:52.920+0000][438.568s][1][129][info ] Total time for which application threads were stopped: 0.0255402 seconds, Stopping threads took: 0.0000341 seconds
[2025-08-08T15:27:52.920+0000][438.568s][1][128][info ] GC(77) Concurrent Mark
[2025-08-08T15:27:52.923+0000][438.570s][1][128][info ] GC(77) Concurrent Mark 2.487ms
[2025-08-08T15:27:52.923+0000][438.570s][1][128][info ] GC(77) Concurrent Preclean
[2025-08-08T15:27:52.923+0000][438.571s][1][128][info ] GC(77) Concurrent Preclean 0.190ms
[2025-08-08T15:27:52.923+0000][438.571s][1][128][info ] GC(77) Concurrent Abortable Preclean
[2025-08-08T15:27:52.923+0000][438.571s][1][128][trace] CMS: promo attempt is not safe: available(24) < av_promo(2795291), max_promo(104575792)
[2025-08-08T15:27:52.923+0000][438.571s][1][128][info ] GC(77) Concurrent Abortable Preclean 0.015ms
[2025-08-08T15:27:52.923+0000][438.571s][1][129][info ] Application time: 0.0028732 seconds
[2025-08-08T15:27:52.923+0000][438.571s][1][129][info ] Entering safepoint region: CMS_Final_Remark
[2025-08-08T15:27:52.924+0000][438.571s][1][129][trace] GC(77) eden 0x00000000f3800000-0x00000000f9bbb330-0x00000000fd410000(163643392)
[2025-08-08T15:27:52.924+0000][438.571s][1][129][trace] GC(77) _eden_chunk_index=202, _eden_chunk_capacity=11233
[2025-08-08T15:27:52.924+0000][438.571s][1][129][trace] GC(77) _eden_chunk_array[0]=0x00000000f74596b0
[2025-08-08T15:27:52.924+0000][438.571s][1][129][trace] GC(77) _eden_chunk_array[1]=0x00000000f74ac5b8
[2025-08-08T15:27:52.924+0000][438.571s][1][129][trace] GC(77) _eden_chunk_array[2]=0x00000000f74d55e8
[2025-08-08T15:27:52.924+0000][438.571s][1][129][trace] GC(77) _eden_chunk_array[3]=0x00000000f7504058
[2025-08-08T15:27:52.924+0000][438.571s][1][129][trace] GC(77) _eden_chunk_array[4]=0x00000000f7524f88
[2025-08-08T15:27:52.924+0000][438.571s][1][129][trace] GC(77) _eden_chunk_array[5]=0x00000000f754e7c0
[2025-08-08T15:27:52.924+0000][438.571s][1][129][trace] GC(77) _eden_chunk_array[6]=0x00000000f7577fe0
[2025-08-08T15:27:52.924+0000][438.571s][1][129][trace] GC(77) _eden_chunk_array[7]=0x00000000f75a71a8
[2025-08-08T15:27:52.924+0000][438.571s][1][129][trace] GC(77) _eden_chunk_array[8]=0x00000000f75f58d8
[2025-08-08T15:27:52.924+0000][438.571s][1][129][trace] GC(77) _eden_chunk_array[9]=0x00000000f761a640
[2025-08-08T15:27:52.924+0000][438.571s][1][129][trace] GC(77) _eden_chunk_array[10]=0x00000000f76649c8
[2025-08-08T15:27:52.924+0000][438.571s][1][129][trace] GC(77) _eden_chunk_array[11]=0x00000000f76854f8
[2025-08-08T15:27:52.924+0000][438.571s][1][129][trace] GC(77) _eden_chunk_array[12]=0x00000000f76d4790
[2025-08-08T15:27:52.924+0000][438.571s][1][129][trace] GC(77) _eden_chunk_array[13]=0x00000000f7704f20
[2025-08-08T15:27:52.924+0000][438.571s][1][129][trace] GC(77) _eden_chunk_array[14]=0x00000000f7751bd0
[2025-08-08T15:27:52.924+0000][438.571s][1][129][trace] GC(77) _eden_chunk_array[15]=0x00000000f777a4b0
[2025-08-08T15:27:52.924+0000][438.571s][1][129][trace] GC(77) _eden_chunk_array[16]=0x00000000f77a4c70
[2025-08-08T15:27:52.924+0000][438.571s][1][129][trace] GC(77) _eden_chunk_array[17]=0x00000000f7810a48
[2025-08-08T15:27:52.924+0000][438.571s][1][129][trace] GC(77) _eden_chunk_array[18]=0x00000000f78454f8
[2025-08-08T15:27:52.924+0000][438.571s][1][129][trace] GC(77) _eden_chunk_array[19]=0x00000000f7879fb0
[2025-08-08T15:27:52.924+0000][438.571s][1][129][trace] GC(77) _eden_chunk_array[20]=0x00000000f78aea98
[2025-08-08T15:27:52.924+0000][438.571s][1][129][trace] GC(77) _eden_chunk_array[21]=0x00000000f78d8f40
[2025-08-08T15:27:52.924+0000][438.571s][1][129][trace] GC(77) _eden_chunk_array[22]=0x00000000f79059a8
[2025-08-08T15:27:52.924+0000][438.571s][1][129][trace] GC(77) _eden_chunk_array[23]=0x00000000f7968da8
[2025-08-08T15:27:52.924+0000][438.571s][1][129][trace] GC(77) _eden_chunk_array[24]=0x00000000f79891e8
[2025-08-08T15:27:52.924+0000][438.571s][1][129][trace] GC(77) _eden_chunk_array[25]=0x00000000f79b18e8
[2025-08-08T15:27:52.924+0000][438.571s][1][129][trace] GC(77) _eden_chunk_array[26]=0x00000000f79d1ad8
[2025-08-08T15:27:52.924+0000][438.571s][1][129][trace] GC(77) _eden_chunk_array[27]=0x00000000f7a16618
[2025-08-08T15:27:52.924+0000][438.571s][1][129][trace] GC(77) _eden_chunk_array[28]=0x00000000f7a46d00
[2025-08-08T15:27:52.924+0000][438.571s][1][129][trace] GC(77) _eden_chunk_array[29]=0x00000000f7a8fd38
[2025-08-08T15:27:52.924+0000][438.571s][1][129][trace] GC(77) _eden_chunk_array[30]=0x00000000f7ad8d90
[2025-08-08T15:27:52.924+0000][438.571s][1][129][trace] GC(77) _eden_chunk_array[31]=0x00000000f7b2a5c0
[2025-08-08T15:27:52.924+0000][438.571s][1][129][trace] GC(77) _eden_chunk_array[32]=0x00000000f7b87ac8
[2025-08-08T15:27:52.924+0000][438.571s][1][129][trace] GC(77) _eden_chunk_array[33]=0x00000000f7bad890
[2025-08-08T15:27:52.924+0000][438.571s][1][129][trace] GC(77) _eden_chunk_array[34]=0x00000000f7bce290
[2025-08-08T15:27:52.924+0000][438.571s][1][129][trace] GC(77) _eden_chunk_array[35]=0x00000000f7bef940
[2025-08-08T15:27:52.924+0000][438.571s][1][129][trace] GC(77) _eden_chunk_array[36]=0x00000000f7c20f50
[2025-08-08T15:27:52.924+0000][438.571s][1][129][trace] GC(77) _eden_chunk_array[37]=0x00000000f7c53e40
[2025-08-08T15:27:52.924+0000][438.571s][1][129][trace] GC(77) _eden_chunk_array[38]=0x00000000f7c79888
[2025-08-08T15:27:52.924+0000][438.571s][1][129][trace] GC(77) _eden_chunk_array[39]=0x00000000f7c9ea88
[2025-08-08T15:27:52.924+0000][438.571s][1][129][trace] GC(77) _eden_chunk_array[40]=0x00000000f7cc3cb8
[2025-08-08T15:27:52.924+0000][438.571s][1][129][trace] GC(77) _eden_chunk_array[41]=0x00000000f7ceaaa0
[2025-08-08T15:27:52.924+0000][438.571s][1][129][trace] GC(77) _eden_chunk_array[42]=0x00000000f7d0b440
[2025-08-08T15:27:52.924+0000][438.571s][1][129][trace] GC(77) _eden_chunk_array[43]=0x00000000f7d30640
[2025-08-08T15:27:52.924+0000][438.571s][1][129][trace] GC(77) _eden_chunk_array[44]=0x00000000f7d9da90
[2025-08-08T15:27:52.924+0000][438.571s][1][129][trace] GC(77) _eden_chunk_array[45]=0x00000000f7dd09f8
[2025-08-08T15:27:52.924+0000][438.571s][1][129][trace] GC(77) _eden_chunk_array[46]=0x00000000f7df56f0
[2025-08-08T15:27:52.924+0000][438.571s][1][129][trace] GC(77) _eden_chunk_array[47]=0x00000000f7e1ad98
[2025-08-08T15:27:52.924+0000][438.571s][1][129][trace] GC(77) _eden_chunk_array[48]=0x00000000f7e88158
[2025-08-08T15:27:52.924+0000][438.571s][1][129][trace] GC(77) _eden_chunk_array[49]=0x00000000f7eb0348
[2025-08-08T15:27:52.924+0000][438.571s][1][129][trace] GC(77) _eden_chunk_array[50]=0x00000000f7ed5e98
[2025-08-08T15:27:52.924+0000][438.571s][1][129][trace] GC(77) _eden_chunk_array[51]=0x00000000f7f02cb8
[2025-08-08T15:27:52.924+0000][438.571s][1][129][trace] GC(77) _eden_chunk_array[52]=0x00000000f7f29820
[2025-08-08T15:27:52.924+0000][438.571s][1][129][trace] GC(77) _eden_chunk_array[53]=0x00000000f7f50380
[2025-08-08T15:27:52.924+0000][438.571s][1][129][trace] GC(77) _eden_chunk_array[54]=0x00000000f7f78570
[2025-08-08T15:27:52.924+0000][438.571s][1][129][trace] GC(77) _eden_chunk_array[55]=0x00000000f7f9f118
[2025-08-08T15:27:52.924+0000][438.571s][1][129][trace] GC(77) _eden_chunk_array[56]=0x00000000f7fd1398
[2025-08-08T15:27:52.924+0000][438.571s][1][129][trace] GC(77) _eden_chunk_array[57]=0x00000000f7ff15f0
[2025-08-08T15:27:52.924+0000][438.571s][1][129][trace] GC(77) _eden_chunk_array[58]=0x00000000f8021d80
[2025-08-08T15:27:52.924+0000][438.571s][1][129][trace] GC(77) _eden_chunk_array[59]=0x00000000f8052520
[2025-08-08T15:27:52.924+0000][438.571s][1][129][trace] GC(77) _eden_chunk_array[60]=0x00000000f8078698
[2025-08-08T15:27:52.924+0000][438.571s][1][129][trace] GC(77) _eden_chunk_array[61]=0x00000000f809e8f8
[2025-08-08T15:27:52.924+0000][438.571s][1][129][trace] GC(77) _eden_chunk_array[62]=0x00000000f80c9470
[2025-08-08T15:27:52.924+0000][438.571s][1][129][trace] GC(77) _eden_chunk_array[63]=0x00000000f8101478
[2025-08-08T15:27:52.924+0000][438.571s][1][129][trace] GC(77) _eden_chunk_array[64]=0x00000000f8128fa8
[2025-08-08T15:27:52.924+0000][438.571s][1][129][trace] GC(77) _eden_chunk_array[65]=0x00000000f81516c0
[2025-08-08T15:27:52.924+0000][438.571s][1][129][trace] GC(77) _eden_chunk_array[66]=0x00000000f81bc790
[2025-08-08T15:27:52.924+0000][438.571s][1][129][trace] GC(77) _eden_chunk_array[67]=0x00000000f821fae0
[2025-08-08T15:27:52.924+0000][438.571s][1][129][trace] GC(77) _eden_chunk_array[68]=0x00000000f8245540
[2025-08-08T15:27:52.924+0000][438.571s][1][129][trace] GC(77) _eden_chunk_array[69]=0x00000000f826afc0
[2025-08-08T15:27:52.924+0000][438.571s][1][129][trace] GC(77) _eden_chunk_array[70]=0x00000000f82909f8
[2025-08-08T15:27:52.924+0000][438.571s][1][129][trace] GC(77) _eden_chunk_array[71]=0x00000000f82b6460
[2025-08-08T15:27:52.924+0000][438.571s][1][129][trace] GC(77) _eden_chunk_array[72]=0x00000000f82dbef0
[2025-08-08T15:27:52.924+0000][438.571s][1][129][trace] GC(77) _eden_chunk_array[73]=0x00000000f8301998
[2025-08-08T15:27:52.924+0000][438.571s][1][129][trace] GC(77) _eden_chunk_array[74]=0x00000000f83398c8
[2025-08-08T15:27:52.924+0000][438.571s][1][129][trace] GC(77) _eden_chunk_array[75]=0x00000000f835b020
[2025-08-08T15:27:52.924+0000][438.571s][1][129][trace] GC(77) _eden_chunk_array[76]=0x00000000f8381080
[2025-08-08T15:27:52.924+0000][438.571s][1][129][trace] GC(77) _eden_chunk_array[77]=0x00000000f83daa10
[2025-08-08T15:27:52.924+0000][438.571s][1][129][trace] GC(77) _eden_chunk_array[78]=0x00000000f8409a80
[2025-08-08T15:27:52.924+0000][438.571s][1][129][trace] GC(77) _eden_chunk_array[79]=0x00000000f842d588
[2025-08-08T15:27:52.924+0000][438.571s][1][129][trace] GC(77) _eden_chunk_array[80]=0x00000000f8485750
[2025-08-08T15:27:52.924+0000][438.571s][1][129][trace] GC(77) _eden_chunk_array[81]=0x00000000f84b3020
[2025-08-08T15:27:52.924+0000][438.571s][1][129][trace] GC(77) _eden_chunk_array[82]=0x00000000f84db8f8
[2025-08-08T15:27:52.924+0000][438.571s][1][129][trace] GC(77) _eden_chunk_array[83]=0x00000000f850c098
[2025-08-08T15:27:52.924+0000][438.571s][1][129][trace] GC(77) _eden_chunk_array[84]=0x00000000f8534970
[2025-08-08T15:27:52.924+0000][438.571s][1][129][trace] GC(77) _eden_chunk_array[85]=0x00000000f8565110
[2025-08-08T15:27:52.924+0000][438.571s][1][129][trace] GC(77) _eden_chunk_array[86]=0x00000000f85b6928
[2025-08-08T15:27:52.924+0000][438.571s][1][129][trace] GC(77) _eden_chunk_array[87]=0x00000000f85df230
[2025-08-08T15:27:52.924+0000][438.571s][1][129][trace] GC(77) _eden_chunk_array[88]=0x00000000f8607b20
[2025-08-08T15:27:52.924+0000][438.571s][1][129][trace] GC(77) _eden_chunk_array[89]=0x00000000f862e828
[2025-08-08T15:27:52.924+0000][438.571s][1][129][trace] GC(77) _eden_chunk_array[90]=0x00000000f8653490
[2025-08-08T15:27:52.924+0000][438.571s][1][129][trace] GC(77) _eden_chunk_array[91]=0x00000000f8674438
[2025-08-08T15:27:52.924+0000][438.571s][1][129][trace] GC(77) _eden_chunk_array[92]=0x00000000f869b2d8
[2025-08-08T15:27:52.924+0000][438.571s][1][129][trace] GC(77) _eden_chunk_array[93]=0x00000000f86bfc78
[2025-08-08T15:27:52.924+0000][438.571s][1][129][trace] GC(77) _eden_chunk_array[94]=0x00000000f86e6630
[2025-08-08T15:27:52.924+0000][438.571s][1][129][trace] GC(77) _eden_chunk_array[95]=0x00000000f871a5d0
[2025-08-08T15:27:52.924+0000][438.571s][1][129][trace] GC(77) _eden_chunk_array[96]=0x00000000f87464f8
[2025-08-08T15:27:52.924+0000][438.571s][1][129][trace] GC(77) _eden_chunk_array[97]=0x00000000f877af98
[2025-08-08T15:27:52.924+0000][438.571s][1][129][trace] GC(77) _eden_chunk_array[98]=0x00000000f87e6d28
[2025-08-08T15:27:52.924+0000][438.571s][1][129][trace] GC(77) _eden_chunk_array[99]=0x00000000f88174d0
[2025-08-08T15:27:52.924+0000][438.571s][1][129][trace] GC(77) _eden_chunk_array[100]=0x00000000f884bfe0
[2025-08-08T15:27:52.924+0000][438.571s][1][129][trace] GC(77) _eden_chunk_array[101]=0x00000000f8880a90
[2025-08-08T15:27:52.924+0000][438.571s][1][129][trace] GC(77) _eden_chunk_array[102]=0x00000000f88a8fa0
[2025-08-08T15:27:52.924+0000][438.571s][1][129][trace] GC(77) _eden_chunk_array[103]=0x00000000f88ca4d8
[2025-08-08T15:27:52.924+0000][438.571s][1][129][trace] GC(77) _eden_chunk_array[104]=0x00000000f88f0e68
[2025-08-08T15:27:52.924+0000][438.571s][1][129][trace] GC(77) _eden_chunk_array[105]=0x00000000f8914998
[2025-08-08T15:27:52.924+0000][438.571s][1][129][trace] GC(77) _eden_chunk_array[106]=0x00000000f8943b50
[2025-08-08T15:27:52.924+0000][438.571s][1][129][trace] GC(77) _eden_chunk_array[107]=0x00000000f8967d68
[2025-08-08T15:27:52.924+0000][438.571s][1][129][trace] GC(77) _eden_chunk_array[108]=0x00000000f8991360
[2025-08-08T15:27:52.924+0000][438.571s][1][129][trace] GC(77) _eden_chunk_array[109]=0x00000000f89b7ec0
[2025-08-08T15:27:52.924+0000][438.571s][1][129][trace] GC(77) _eden_chunk_array[110]=0x00000000f89deaa8
[2025-08-08T15:27:52.924+0000][438.571s][1][129][trace] GC(77) _eden_chunk_array[111]=0x00000000f8a01e48
[2025-08-08T15:27:52.924+0000][438.571s][1][129][trace] GC(77) _eden_chunk_array[112]=0x00000000f8a289a8
[2025-08-08T15:27:52.924+0000][438.571s][1][129][trace] GC(77) _eden_chunk_array[113]=0x00000000f8a4f518
[2025-08-08T15:27:52.924+0000][438.571s][1][129][trace] GC(77) _eden_chunk_array[114]=0x00000000f8a9dc58
[2025-08-08T15:27:52.924+0000][438.571s][1][129][trace] GC(77) _eden_chunk_array[115]=0x00000000f8ac4d88
[2025-08-08T15:27:52.924+0000][438.571s][1][129][trace] GC(77) _eden_chunk_array[116]=0x00000000f8aebd28
[2025-08-08T15:27:52.924+0000][438.571s][1][129][trace] GC(77) _eden_chunk_array[117]=0x00000000f8b48a38
[2025-08-08T15:27:52.924+0000][438.571s][1][129][trace] GC(77) _eden_chunk_array[118]=0x00000000f8b6d790
[2025-08-08T15:27:52.924+0000][438.571s][1][129][trace] GC(77) _eden_chunk_array[119]=0x00000000f8b911e8
[2025-08-08T15:27:52.924+0000][438.571s][1][129][trace] GC(77) _eden_chunk_array[120]=0x00000000f8bef900
[2025-08-08T15:27:52.924+0000][438.571s][1][129][trace] GC(77) _eden_chunk_array[121]=0x00000000f8c335d8
[2025-08-08T15:27:52.924+0000][438.571s][1][129][trace] GC(77) _eden_chunk_array[122]=0x00000000f8c8e5a0
[2025-08-08T15:27:52.924+0000][438.571s][1][129][trace] GC(77) _eden_chunk_array[123]=0x00000000f8caff78
[2025-08-08T15:27:52.924+0000][438.571s][1][129][trace] GC(77) _eden_chunk_array[124]=0x00000000f8cdd530
[2025-08-08T15:27:52.924+0000][438.571s][1][129][trace] GC(77) _eden_chunk_array[125]=0x00000000f8d08b20
[2025-08-08T15:27:52.924+0000][438.571s][1][129][trace] GC(77) _eden_chunk_array[126]=0x00000000f8d3f138
[2025-08-08T15:27:52.924+0000][438.571s][1][129][trace] GC(77) _eden_chunk_array[127]=0x00000000f8daaec8
[2025-08-08T15:27:52.924+0000][438.571s][1][129][trace] GC(77) _eden_chunk_array[128]=0x00000000f8ddf970
[2025-08-08T15:27:52.924+0000][438.571s][1][129][trace] GC(77) _eden_chunk_array[129]=0x00000000f8e14438
[2025-08-08T15:27:52.924+0000][438.571s][1][129][trace] GC(77) _eden_chunk_array[130]=0x00000000f8e36208
[2025-08-08T15:27:52.924+0000][438.571s][1][129][trace] GC(77) _eden_chunk_array[131]=0x00000000f8e60288
[2025-08-08T15:27:52.924+0000][438.571s][1][129][trace] GC(77) _eden_chunk_array[132]=0x00000000f8eace78
[2025-08-08T15:27:52.924+0000][438.571s][1][129][trace] GC(77) _eden_chunk_array[133]=0x00000000f8ee1548
[2025-08-08T15:27:52.924+0000][438.571s][1][129][trace] GC(77) _eden_chunk_array[134]=0x00000000f8f07f38
[2025-08-08T15:27:52.924+0000][438.571s][1][129][trace] GC(77) _eden_chunk_array[135]=0x00000000f8f3d1f8
[2025-08-08T15:27:52.924+0000][438.571s][1][129][trace] GC(77) _eden_chunk_array[136]=0x00000000f8f6c388
[2025-08-08T15:27:52.924+0000][438.571s][1][129][trace] GC(77) _eden_chunk_array[137]=0x00000000f8f9b4f0
[2025-08-08T15:27:52.924+0000][438.571s][1][129][trace] GC(77) _eden_chunk_array[138]=0x00000000f8fd1ce8
[2025-08-08T15:27:52.924+0000][438.571s][1][129][trace] GC(77) _eden_chunk_array[139]=0x00000000f9000e68
[2025-08-08T15:27:52.924+0000][438.571s][1][129][trace] GC(77) _eden_chunk_array[140]=0x00000000f902ffd0
[2025-08-08T15:27:52.924+0000][438.571s][1][129][trace] GC(77) _eden_chunk_array[141]=0x00000000f9064aa0
[2025-08-08T15:27:52.924+0000][438.571s][1][129][trace] GC(77) _eden_chunk_array[142]=0x00000000f90b31d8
[2025-08-08T15:27:52.924+0000][438.571s][1][129][trace] GC(77) _eden_chunk_array[143]=0x00000000f90da820
[2025-08-08T15:27:52.924+0000][438.571s][1][129][trace] GC(77) _eden_chunk_array[144]=0x00000000f9101ba0
[2025-08-08T15:27:52.924+0000][438.571s][1][129][trace] GC(77) _eden_chunk_array[145]=0x00000000f912f280
[2025-08-08T15:27:52.924+0000][438.571s][1][129][trace] GC(77) _eden_chunk_array[146]=0x00000000f9189620
[2025-08-08T15:27:52.924+0000][438.571s][1][129][trace] GC(77) _eden_chunk_array[147]=0x00000000f91bd578
[2025-08-08T15:27:52.924+0000][438.571s][1][129][trace] GC(77) _eden_chunk_array[148]=0x00000000f91e7e78
[2025-08-08T15:27:52.924+0000][438.571s][1][129][trace] GC(77) _eden_chunk_array[149]=0x00000000f924aa20
[2025-08-08T15:27:52.924+0000][438.571s][1][129][trace] GC(77) _eden_chunk_array[150]=0x00000000f9272000
[2025-08-08T15:27:52.924+0000][438.571s][1][129][trace] GC(77) _eden_chunk_array[151]=0x00000000f9297998
[2025-08-08T15:27:52.924+0000][438.571s][1][129][trace] GC(77) _eden_chunk_array[152]=0x00000000f92c8138
[2025-08-08T15:27:52.924+0000][438.571s][1][129][trace] GC(77) _eden_chunk_array[153]=0x00000000f92edaa0
[2025-08-08T15:27:52.924+0000][438.571s][1][129][trace] GC(77) _eden_chunk_array[154]=0x00000000f9313428
[2025-08-08T15:27:52.924+0000][438.571s][1][129][trace] GC(77) _eden_chunk_array[155]=0x00000000f9338dc8
[2025-08-08T15:27:52.924+0000][438.571s][1][129][trace] GC(77) _eden_chunk_array[156]=0x00000000f935e778
[2025-08-08T15:27:52.924+0000][438.571s][1][129][trace] GC(77) _eden_chunk_array[157]=0x00000000f9387c48
[2025-08-08T15:27:52.924+0000][438.571s][1][129][trace] GC(77) _eden_chunk_array[158]=0x00000000f93b50b8
[2025-08-08T15:27:52.924+0000][438.571s][1][129][trace] GC(77) _eden_chunk_array[159]=0x00000000f93da618
[2025-08-08T15:27:52.924+0000][438.571s][1][129][trace] GC(77) _eden_chunk_array[160]=0x00000000f9417650
[2025-08-08T15:27:52.924+0000][438.571s][1][129][trace] GC(77) _eden_chunk_array[161]=0x00000000f943acc8
[2025-08-08T15:27:52.924+0000][438.571s][1][129][trace] GC(77) _eden_chunk_array[162]=0x00000000f9464500
[2025-08-08T15:27:52.924+0000][438.571s][1][129][trace] GC(77) _eden_chunk_array[163]=0x00000000f948e178
[2025-08-08T15:27:52.924+0000][438.571s][1][129][trace] GC(77) _eden_chunk_array[164]=0x00000000f94b8238
[2025-08-08T15:27:52.924+0000][438.571s][1][129][trace] GC(77) _eden_chunk_array[165]=0x00000000f95197e8
[2025-08-08T15:27:52.924+0000][438.571s][1][129][trace] GC(77) _eden_chunk_array[166]=0x00000000f9542118
[2025-08-08T15:27:52.924+0000][438.571s][1][129][trace] GC(77) _eden_chunk_array[167]=0x00000000f9567aa0
[2025-08-08T15:27:52.924+0000][438.571s][1][129][trace] GC(77) _eden_chunk_array[168]=0x00000000f9591b48
[2025-08-08T15:27:52.924+0000][438.571s][1][129][trace] GC(77) _eden_chunk_array[169]=0x00000000f95bbc00
[2025-08-08T15:27:52.924+0000][438.571s][1][129][trace] GC(77) _eden_chunk_array[170]=0x00000000f95e5cc0
[2025-08-08T15:27:52.924+0000][438.571s][1][129][trace] GC(77) _eden_chunk_array[171]=0x00000000f960fd68
[2025-08-08T15:27:52.924+0000][438.571s][1][129][trace] GC(77) _eden_chunk_array[172]=0x00000000f965e498
[2025-08-08T15:27:52.924+0000][438.571s][1][129][trace] GC(77) _eden_chunk_array[173]=0x00000000f9681860
[2025-08-08T15:27:52.924+0000][438.572s][1][129][trace] GC(77) _eden_chunk_array[174]=0x00000000f96a4070
[2025-08-08T15:27:52.924+0000][438.572s][1][129][trace] GC(77) _eden_chunk_array[175]=0x00000000f96c6188
[2025-08-08T15:27:52.924+0000][438.572s][1][129][trace] GC(77) _eden_chunk_array[176]=0x00000000f96f0fd8
[2025-08-08T15:27:52.924+0000][438.572s][1][129][trace] GC(77) _eden_chunk_array[177]=0x00000000f9713e68
[2025-08-08T15:27:52.924+0000][438.572s][1][129][trace] GC(77) _eden_chunk_array[178]=0x00000000f97368f0
[2025-08-08T15:27:52.924+0000][438.572s][1][129][trace] GC(77) _eden_chunk_array[179]=0x00000000f9759728
[2025-08-08T15:27:52.924+0000][438.572s][1][129][trace] GC(77) _eden_chunk_array[180]=0x00000000f977aab8
[2025-08-08T15:27:52.924+0000][438.572s][1][129][trace] GC(77) _eden_chunk_array[181]=0x00000000f979d8d8
[2025-08-08T15:27:52.924+0000][438.572s][1][129][trace] GC(77) _eden_chunk_array[182]=0x00000000f97c8718
[2025-08-08T15:27:52.924+0000][438.572s][1][129][trace] GC(77) _eden_chunk_array[183]=0x00000000f97f4440
[2025-08-08T15:27:52.924+0000][438.572s][1][129][trace] GC(77) _eden_chunk_array[184]=0x00000000f981db60
[2025-08-08T15:27:52.924+0000][438.572s][1][129][trace] GC(77) _eden_chunk_array[185]=0x00000000f9849888
[2025-08-08T15:27:52.924+0000][438.572s][1][129][trace] GC(77) _eden_chunk_array[186]=0x00000000f98b8410
[2025-08-08T15:27:52.924+0000][438.572s][1][129][trace] GC(77) _eden_chunk_array[187]=0x00000000f98ec3e8
[2025-08-08T15:27:52.924+0000][438.572s][1][129][trace] GC(77) _eden_chunk_array[188]=0x00000000f990dc78
[2025-08-08T15:27:52.924+0000][438.572s][1][129][trace] GC(77) _eden_chunk_array[189]=0x00000000f9932348
[2025-08-08T15:27:52.924+0000][438.572s][1][129][trace] GC(77) _eden_chunk_array[190]=0x00000000f99892b8
[2025-08-08T15:27:52.924+0000][438.572s][1][129][trace] GC(77) _eden_chunk_array[191]=0x00000000f99d5db8
[2025-08-08T15:27:52.924+0000][438.572s][1][129][trace] GC(77) _eden_chunk_array[192]=0x00000000f9a070a8
[2025-08-08T15:27:52.924+0000][438.572s][1][129][trace] GC(77) _eden_chunk_array[193]=0x00000000f9a308c8
[2025-08-08T15:27:52.924+0000][438.572s][1][129][trace] GC(77) _eden_chunk_array[194]=0x00000000f9a5a0f8
[2025-08-08T15:27:52.924+0000][438.572s][1][129][trace] GC(77) _eden_chunk_array[195]=0x00000000f9a83938
[2025-08-08T15:27:52.924+0000][438.572s][1][129][trace] GC(77) _eden_chunk_array[196]=0x00000000f9aad178
[2025-08-08T15:27:52.924+0000][438.572s][1][129][trace] GC(77) _eden_chunk_array[197]=0x00000000f9ad69a8
[2025-08-08T15:27:52.924+0000][438.572s][1][129][trace] GC(77) _eden_chunk_array[198]=0x00000000f9b03f40
[2025-08-08T15:27:52.924+0000][438.572s][1][129][trace] GC(77) _eden_chunk_array[199]=0x00000000f9b55758
[2025-08-08T15:27:52.924+0000][438.572s][1][129][trace] GC(77) _eden_chunk_array[200]=0x00000000f9b80550
[2025-08-08T15:27:52.924+0000][438.572s][1][129][trace] GC(77) _eden_chunk_array[201]=0x00000000f9ba7690
[2025-08-08T15:27:52.924+0000][438.572s][1][129][trace] GC(77) survivor 0x00000000fd410000-0x00000000fd410000-0x00000000fe780000(20381696)
[2025-08-08T15:27:52.924+0000][438.572s][1][129][trace] GC(77) _survivor_chunk_index=0, _survivor_chunk_capacity=9952
[2025-08-08T15:27:52.960+0000][438.607s][1][129][info ] GC(77) Pause Remark 104M->104M(180M) 36.038ms
[2025-08-08T15:27:52.960+0000][438.607s][1][129][info ] Leaving safepoint region
[2025-08-08T15:27:52.960+0000][438.607s][1][129][info ] Total time for which application threads were stopped: 0.0363142 seconds, Stopping threads took: 0.0000293 seconds
[2025-08-08T15:27:52.960+0000][438.607s][1][128][info ] GC(77) Concurrent Sweep
[2025-08-08T15:27:52.961+0000][438.609s][1][128][info ] GC(77) Concurrent Sweep 1.424ms
[2025-08-08T15:27:52.961+0000][438.609s][1][128][info ] GC(77) Concurrent Reset
[2025-08-08T15:27:52.961+0000][438.609s][1][128][info ] GC(77) Concurrent Reset 0.014ms
[2025-08-08T15:27:52.961+0000][438.609s][1][128][info ] GC(77) Old: 5183K->5183K(5184K)
[2025-08-08T15:27:53.960+0000][439.607s][1][129][info ] Application time: 1.0001582 seconds
[2025-08-08T15:27:53.960+0000][439.607s][1][129][info ] Entering safepoint region: Cleanup
[2025-08-08T15:27:53.960+0000][439.607s][1][129][info ] Leaving safepoint region
[2025-08-08T15:27:53.960+0000][439.607s][1][129][info ] Total time for which application threads were stopped: 0.0002230 seconds, Stopping threads took: 0.0000394 seconds
[2025-08-08T15:28:02.962+0000][448.609s][1][129][info ] Application time: 9.0014400 seconds
[2025-08-08T15:28:02.962+0000][448.609s][1][129][info ] Entering safepoint region: CMS_Initial_Mark
[2025-08-08T15:28:02.962+0000][448.609s][1][129][trace] GC(78) eden 0x00000000f3800000-0x00000000fa650950-0x00000000fd410000(163643392)
[2025-08-08T15:28:02.962+0000][448.609s][1][129][trace] GC(78) _eden_chunk_index=258, _eden_chunk_capacity=11233
[2025-08-08T15:28:02.962+0000][448.609s][1][129][trace] GC(78) _eden_chunk_array[0]=0x00000000f74596b0
[2025-08-08T15:28:02.962+0000][448.609s][1][129][trace] GC(78) _eden_chunk_array[1]=0x00000000f74ac5b8
[2025-08-08T15:28:02.962+0000][448.609s][1][129][trace] GC(78) _eden_chunk_array[2]=0x00000000f74d55e8
[2025-08-08T15:28:02.962+0000][448.609s][1][129][trace] GC(78) _eden_chunk_array[3]=0x00000000f7504058
[2025-08-08T15:28:02.962+0000][448.609s][1][129][trace] GC(78) _eden_chunk_array[4]=0x00000000f7524f88
[2025-08-08T15:28:02.962+0000][448.609s][1][129][trace] GC(78) _eden_chunk_array[5]=0x00000000f754e7c0
[2025-08-08T15:28:02.962+0000][448.609s][1][129][trace] GC(78) _eden_chunk_array[6]=0x00000000f7577fe0
[2025-08-08T15:28:02.962+0000][448.609s][1][129][trace] GC(78) _eden_chunk_array[7]=0x00000000f75a71a8
[2025-08-08T15:28:02.962+0000][448.609s][1][129][trace] GC(78) _eden_chunk_array[8]=0x00000000f75f58d8
[2025-08-08T15:28:02.962+0000][448.609s][1][129][trace] GC(78) _eden_chunk_array[9]=0x00000000f761a640
[2025-08-08T15:28:02.962+0000][448.609s][1][129][trace] GC(78) _eden_chunk_array[10]=0x00000000f76649c8
[2025-08-08T15:28:02.962+0000][448.609s][1][129][trace] GC(78) _eden_chunk_array[11]=0x00000000f76854f8
[2025-08-08T15:28:02.962+0000][448.609s][1][129][trace] GC(78) _eden_chunk_array[12]=0x00000000f76d4790
[2025-08-08T15:28:02.962+0000][448.609s][1][129][trace] GC(78) _eden_chunk_array[13]=0x00000000f7704f20
[2025-08-08T15:28:02.962+0000][448.609s][1][129][trace] GC(78) _eden_chunk_array[14]=0x00000000f7751bd0
[2025-08-08T15:28:02.962+0000][448.609s][1][129][trace] GC(78) _eden_chunk_array[15]=0x00000000f777a4b0
[2025-08-08T15:28:02.962+0000][448.609s][1][129][trace] GC(78) _eden_chunk_array[16]=0x00000000f77a4c70
[2025-08-08T15:28:02.962+0000][448.609s][1][129][trace] GC(78) _eden_chunk_array[17]=0x00000000f7810a48
[2025-08-08T15:28:02.962+0000][448.609s][1][129][trace] GC(78) _eden_chunk_array[18]=0x00000000f78454f8
[2025-08-08T15:28:02.962+0000][448.609s][1][129][trace] GC(78) _eden_chunk_array[19]=0x00000000f7879fb0
[2025-08-08T15:28:02.962+0000][448.609s][1][129][trace] GC(78) _eden_chunk_array[20]=0x00000000f78aea98
[2025-08-08T15:28:02.962+0000][448.609s][1][129][trace] GC(78) _eden_chunk_array[21]=0x00000000f78d8f40
[2025-08-08T15:28:02.962+0000][448.609s][1][129][trace] GC(78) _eden_chunk_array[22]=0x00000000f79059a8
[2025-08-08T15:28:02.962+0000][448.609s][1][129][trace] GC(78) _eden_chunk_array[23]=0x00000000f7968da8
[2025-08-08T15:28:02.962+0000][448.609s][1][129][trace] GC(78) _eden_chunk_array[24]=0x00000000f79891e8
[2025-08-08T15:28:02.962+0000][448.609s][1][129][trace] GC(78) _eden_chunk_array[25]=0x00000000f79b18e8
[2025-08-08T15:28:02.962+0000][448.609s][1][129][trace] GC(78) _eden_chunk_array[26]=0x00000000f79d1ad8
[2025-08-08T15:28:02.962+0000][448.609s][1][129][trace] GC(78) _eden_chunk_array[27]=0x00000000f7a16618
[2025-08-08T15:28:02.962+0000][448.609s][1][129][trace] GC(78) _eden_chunk_array[28]=0x00000000f7a46d00
[2025-08-08T15:28:02.962+0000][448.609s][1][129][trace] GC(78) _eden_chunk_array[29]=0x00000000f7a8fd38
[2025-08-08T15:28:02.962+0000][448.609s][1][129][trace] GC(78) _eden_chunk_array[30]=0x00000000f7ad8d90
[2025-08-08T15:28:02.962+0000][448.609s][1][129][trace] GC(78) _eden_chunk_array[31]=0x00000000f7b2a5c0
[2025-08-08T15:28:02.962+0000][448.609s][1][129][trace] GC(78) _eden_chunk_array[32]=0x00000000f7b87ac8
[2025-08-08T15:28:02.962+0000][448.609s][1][129][trace] GC(78) _eden_chunk_array[33]=0x00000000f7bad890
[2025-08-08T15:28:02.962+0000][448.609s][1][129][trace] GC(78) _eden_chunk_array[34]=0x00000000f7bce290
[2025-08-08T15:28:02.962+0000][448.609s][1][129][trace] GC(78) _eden_chunk_array[35]=0x00000000f7bef940
[2025-08-08T15:28:02.962+0000][448.609s][1][129][trace] GC(78) _eden_chunk_array[36]=0x00000000f7c20f50
[2025-08-08T15:28:02.962+0000][448.609s][1][129][trace] GC(78) _eden_chunk_array[37]=0x00000000f7c53e40
[2025-08-08T15:28:02.962+0000][448.609s][1][129][trace] GC(78) _eden_chunk_array[38]=0x00000000f7c79888
[2025-08-08T15:28:02.962+0000][448.609s][1][129][trace] GC(78) _eden_chunk_array[39]=0x00000000f7c9ea88
[2025-08-08T15:28:02.962+0000][448.609s][1][129][trace] GC(78) _eden_chunk_array[40]=0x00000000f7cc3cb8
[2025-08-08T15:28:02.962+0000][448.609s][1][129][trace] GC(78) _eden_chunk_array[41]=0x00000000f7ceaaa0
[2025-08-08T15:28:02.962+0000][448.609s][1][129][trace] GC(78) _eden_chunk_array[42]=0x00000000f7d0b440
[2025-08-08T15:28:02.962+0000][448.609s][1][129][trace] GC(78) _eden_chunk_array[43]=0x00000000f7d30640
[2025-08-08T15:28:02.962+0000][448.609s][1][129][trace] GC(78) _eden_chunk_array[44]=0x00000000f7d9da90
[2025-08-08T15:28:02.962+0000][448.609s][1][129][trace] GC(78) _eden_chunk_array[45]=0x00000000f7dd09f8
[2025-08-08T15:28:02.962+0000][448.609s][1][129][trace] GC(78) _eden_chunk_array[46]=0x00000000f7df56f0
[2025-08-08T15:28:02.962+0000][448.609s][1][129][trace] GC(78) _eden_chunk_array[47]=0x00000000f7e1ad98
[2025-08-08T15:28:02.962+0000][448.609s][1][129][trace] GC(78) _eden_chunk_array[48]=0x00000000f7e88158
[2025-08-08T15:28:02.962+0000][448.609s][1][129][trace] GC(78) _eden_chunk_array[49]=0x00000000f7eb0348
[2025-08-08T15:28:02.962+0000][448.609s][1][129][trace] GC(78) _eden_chunk_array[50]=0x00000000f7ed5e98
[2025-08-08T15:28:02.962+0000][448.609s][1][129][trace] GC(78) _eden_chunk_array[51]=0x00000000f7f02cb8
[2025-08-08T15:28:02.962+0000][448.609s][1][129][trace] GC(78) _eden_chunk_array[52]=0x00000000f7f29820
[2025-08-08T15:28:02.962+0000][448.609s][1][129][trace] GC(78) _eden_chunk_array[53]=0x00000000f7f50380
[2025-08-08T15:28:02.962+0000][448.609s][1][129][trace] GC(78) _eden_chunk_array[54]=0x00000000f7f78570
[2025-08-08T15:28:02.962+0000][448.609s][1][129][trace] GC(78) _eden_chunk_array[55]=0x00000000f7f9f118
[2025-08-08T15:28:02.962+0000][448.609s][1][129][trace] GC(78) _eden_chunk_array[56]=0x00000000f7fd1398
[2025-08-08T15:28:02.962+0000][448.609s][1][129][trace] GC(78) _eden_chunk_array[57]=0x00000000f7ff15f0
[2025-08-08T15:28:02.962+0000][448.609s][1][129][trace] GC(78) _eden_chunk_array[58]=0x00000000f8021d80
[2025-08-08T15:28:02.962+0000][448.609s][1][129][trace] GC(78) _eden_chunk_array[59]=0x00000000f8052520
[2025-08-08T15:28:02.962+0000][448.609s][1][129][trace] GC(78) _eden_chunk_array[60]=0x00000000f8078698
[2025-08-08T15:28:02.962+0000][448.609s][1][129][trace] GC(78) _eden_chunk_array[61]=0x00000000f809e8f8
[2025-08-08T15:28:02.962+0000][448.609s][1][129][trace] GC(78) _eden_chunk_array[62]=0x00000000f80c9470
[2025-08-08T15:28:02.962+0000][448.609s][1][129][trace] GC(78) _eden_chunk_array[63]=0x00000000f8101478
[2025-08-08T15:28:02.962+0000][448.609s][1][129][trace] GC(78) _eden_chunk_array[64]=0x00000000f8128fa8
[2025-08-08T15:28:02.962+0000][448.609s][1][129][trace] GC(78) _eden_chunk_array[65]=0x00000000f81516c0
[2025-08-08T15:28:02.962+0000][448.610s][1][129][trace] GC(78) _eden_chunk_array[66]=0x00000000f81bc790
[2025-08-08T15:28:02.962+0000][448.610s][1][129][trace] GC(78) _eden_chunk_array[67]=0x00000000f821fae0
[2025-08-08T15:28:02.962+0000][448.610s][1][129][trace] GC(78) _eden_chunk_array[68]=0x00000000f8245540
[2025-08-08T15:28:02.962+0000][448.610s][1][129][trace] GC(78) _eden_chunk_array[69]=0x00000000f826afc0
[2025-08-08T15:28:02.962+0000][448.610s][1][129][trace] GC(78) _eden_chunk_array[70]=0x00000000f82909f8
[2025-08-08T15:28:02.962+0000][448.610s][1][129][trace] GC(78) _eden_chunk_array[71]=0x00000000f82b6460
[2025-08-08T15:28:02.962+0000][448.610s][1][129][trace] GC(78) _eden_chunk_array[72]=0x00000000f82dbef0
[2025-08-08T15:28:02.962+0000][448.610s][1][129][trace] GC(78) _eden_chunk_array[73]=0x00000000f8301998
[2025-08-08T15:28:02.962+0000][448.610s][1][129][trace] GC(78) _eden_chunk_array[74]=0x00000000f83398c8
[2025-08-08T15:28:02.962+0000][448.610s][1][129][trace] GC(78) _eden_chunk_array[75]=0x00000000f835b020
[2025-08-08T15:28:02.962+0000][448.610s][1][129][trace] GC(78) _eden_chunk_array[76]=0x00000000f8381080
[2025-08-08T15:28:02.962+0000][448.610s][1][129][trace] GC(78) _eden_chunk_array[77]=0x00000000f83daa10
[2025-08-08T15:28:02.962+0000][448.610s][1][129][trace] GC(78) _eden_chunk_array[78]=0x00000000f8409a80
[2025-08-08T15:28:02.962+0000][448.610s][1][129][trace] GC(78) _eden_chunk_array[79]=0x00000000f842d588
[2025-08-08T15:28:02.962+0000][448.610s][1][129][trace] GC(78) _eden_chunk_array[80]=0x00000000f8485750
[2025-08-08T15:28:02.962+0000][448.610s][1][129][trace] GC(78) _eden_chunk_array[81]=0x00000000f84b3020
[2025-08-08T15:28:02.962+0000][448.610s][1][129][trace] GC(78) _eden_chunk_array[82]=0x00000000f84db8f8
[2025-08-08T15:28:02.962+0000][448.610s][1][129][trace] GC(78) _eden_chunk_array[83]=0x00000000f850c098
[2025-08-08T15:28:02.962+0000][448.610s][1][129][trace] GC(78) _eden_chunk_array[84]=0x00000000f8534970
[2025-08-08T15:28:02.962+0000][448.610s][1][129][trace] GC(78) _eden_chunk_array[85]=0x00000000f8565110
[2025-08-08T15:28:02.962+0000][448.610s][1][129][trace] GC(78) _eden_chunk_array[86]=0x00000000f85b6928
[2025-08-08T15:28:02.962+0000][448.610s][1][129][trace] GC(78) _eden_chunk_array[87]=0x00000000f85df230
[2025-08-08T15:28:02.962+0000][448.610s][1][129][trace] GC(78) _eden_chunk_array[88]=0x00000000f8607b20
[2025-08-08T15:28:02.962+0000][448.610s][1][129][trace] GC(78) _eden_chunk_array[89]=0x00000000f862e828
[2025-08-08T15:28:02.962+0000][448.610s][1][129][trace] GC(78) _eden_chunk_array[90]=0x00000000f8653490
[2025-08-08T15:28:02.962+0000][448.610s][1][129][trace] GC(78) _eden_chunk_array[91]=0x00000000f8674438
[2025-08-08T15:28:02.962+0000][448.610s][1][129][trace] GC(78) _eden_chunk_array[92]=0x00000000f869b2d8
[2025-08-08T15:28:02.962+0000][448.610s][1][129][trace] GC(78) _eden_chunk_array[93]=0x00000000f86bfc78
[2025-08-08T15:28:02.962+0000][448.610s][1][129][trace] GC(78) _eden_chunk_array[94]=0x00000000f86e6630
[2025-08-08T15:28:02.962+0000][448.610s][1][129][trace] GC(78) _eden_chunk_array[95]=0x00000000f871a5d0
[2025-08-08T15:28:02.962+0000][448.610s][1][129][trace] GC(78) _eden_chunk_array[96]=0x00000000f87464f8
[2025-08-08T15:28:02.962+0000][448.610s][1][129][trace] GC(78) _eden_chunk_array[97]=0x00000000f877af98
[2025-08-08T15:28:02.962+0000][448.610s][1][129][trace] GC(78) _eden_chunk_array[98]=0x00000000f87e6d28
[2025-08-08T15:28:02.962+0000][448.610s][1][129][trace] GC(78) _eden_chunk_array[99]=0x00000000f88174d0
[2025-08-08T15:28:02.962+0000][448.610s][1][129][trace] GC(78) _eden_chunk_array[100]=0x00000000f884bfe0
[2025-08-08T15:28:02.962+0000][448.610s][1][129][trace] GC(78) _eden_chunk_array[101]=0x00000000f8880a90
[2025-08-08T15:28:02.962+0000][448.610s][1][129][trace] GC(78) _eden_chunk_array[102]=0x00000000f88a8fa0
[2025-08-08T15:28:02.962+0000][448.610s][1][129][trace] GC(78) _eden_chunk_array[103]=0x00000000f88ca4d8
[2025-08-08T15:28:02.962+0000][448.610s][1][129][trace] GC(78) _eden_chunk_array[104]=0x00000000f88f0e68
[2025-08-08T15:28:02.962+0000][448.610s][1][129][trace] GC(78) _eden_chunk_array[105]=0x00000000f8914998
[2025-08-08T15:28:02.962+0000][448.610s][1][129][trace] GC(78) _eden_chunk_array[106]=0x00000000f8943b50
[2025-08-08T15:28:02.962+0000][448.610s][1][129][trace] GC(78) _eden_chunk_array[107]=0x00000000f8967d68
[2025-08-08T15:28:02.962+0000][448.610s][1][129][trace] GC(78) _eden_chunk_array[108]=0x00000000f8991360
[2025-08-08T15:28:02.962+0000][448.610s][1][129][trace] GC(78) _eden_chunk_array[109]=0x00000000f89b7ec0
[2025-08-08T15:28:02.962+0000][448.610s][1][129][trace] GC(78) _eden_chunk_array[110]=0x00000000f89deaa8
[2025-08-08T15:28:02.962+0000][448.610s][1][129][trace] GC(78) _eden_chunk_array[111]=0x00000000f8a01e48
[2025-08-08T15:28:02.962+0000][448.610s][1][129][trace] GC(78) _eden_chunk_array[112]=0x00000000f8a289a8
[2025-08-08T15:28:02.962+0000][448.610s][1][129][trace] GC(78) _eden_chunk_array[113]=0x00000000f8a4f518
[2025-08-08T15:28:02.962+0000][448.610s][1][129][trace] GC(78) _eden_chunk_array[114]=0x00000000f8a9dc58
[2025-08-08T15:28:02.962+0000][448.610s][1][129][trace] GC(78) _eden_chunk_array[115]=0x00000000f8ac4d88
[2025-08-08T15:28:02.962+0000][448.610s][1][129][trace] GC(78) _eden_chunk_array[116]=0x00000000f8aebd28
[2025-08-08T15:28:02.962+0000][448.610s][1][129][trace] GC(78) _eden_chunk_array[117]=0x00000000f8b48a38
[2025-08-08T15:28:02.962+0000][448.610s][1][129][trace] GC(78) _eden_chunk_array[118]=0x00000000f8b6d790
[2025-08-08T15:28:02.962+0000][448.610s][1][129][trace] GC(78) _eden_chunk_array[119]=0x00000000f8b911e8
[2025-08-08T15:28:02.962+0000][448.610s][1][129][trace] GC(78) _eden_chunk_array[120]=0x00000000f8bef900
[2025-08-08T15:28:02.962+0000][448.610s][1][129][trace] GC(78) _eden_chunk_array[121]=0x00000000f8c335d8
[2025-08-08T15:28:02.962+0000][448.610s][1][129][trace] GC(78) _eden_chunk_array[122]=0x00000000f8c8e5a0
[2025-08-08T15:28:02.962+0000][448.610s][1][129][trace] GC(78) _eden_chunk_array[123]=0x00000000f8caff78
[2025-08-08T15:28:02.962+0000][448.610s][1][129][trace] GC(78) _eden_chunk_array[124]=0x00000000f8cdd530
[2025-08-08T15:28:02.962+0000][448.610s][1][129][trace] GC(78) _eden_chunk_array[125]=0x00000000f8d08b20
[2025-08-08T15:28:02.962+0000][448.610s][1][129][trace] GC(78) _eden_chunk_array[126]=0x00000000f8d3f138
[2025-08-08T15:28:02.962+0000][448.610s][1][129][trace] GC(78) _eden_chunk_array[127]=0x00000000f8daaec8
[2025-08-08T15:28:02.962+0000][448.610s][1][129][trace] GC(78) _eden_chunk_array[128]=0x00000000f8ddf970
[2025-08-08T15:28:02.962+0000][448.610s][1][129][trace] GC(78) _eden_chunk_array[129]=0x00000000f8e14438
[2025-08-08T15:28:02.962+0000][448.610s][1][129][trace] GC(78) _eden_chunk_array[130]=0x00000000f8e36208
[2025-08-08T15:28:02.962+0000][448.610s][1][129][trace] GC(78) _eden_chunk_array[131]=0x00000000f8e60288
[2025-08-08T15:28:02.962+0000][448.610s][1][129][trace] GC(78) _eden_chunk_array[132]=0x00000000f8eace78
[2025-08-08T15:28:02.962+0000][448.610s][1][129][trace] GC(78) _eden_chunk_array[133]=0x00000000f8ee1548
[2025-08-08T15:28:02.962+0000][448.610s][1][129][trace] GC(78) _eden_chunk_array[134]=0x00000000f8f07f38
[2025-08-08T15:28:02.962+0000][448.610s][1][129][trace] GC(78) _eden_chunk_array[135]=0x00000000f8f3d1f8
[2025-08-08T15:28:02.962+0000][448.610s][1][129][trace] GC(78) _eden_chunk_array[136]=0x00000000f8f6c388
[2025-08-08T15:28:02.962+0000][448.610s][1][129][trace] GC(78) _eden_chunk_array[137]=0x00000000f8f9b4f0
[2025-08-08T15:28:02.962+0000][448.610s][1][129][trace] GC(78) _eden_chunk_array[138]=0x00000000f8fd1ce8
[2025-08-08T15:28:02.962+0000][448.610s][1][129][trace] GC(78) _eden_chunk_array[139]=0x00000000f9000e68
[2025-08-08T15:28:02.962+0000][448.610s][1][129][trace] GC(78) _eden_chunk_array[140]=0x00000000f902ffd0
[2025-08-08T15:28:02.962+0000][448.610s][1][129][trace] GC(78) _eden_chunk_array[141]=0x00000000f9064aa0
[2025-08-08T15:28:02.962+0000][448.610s][1][129][trace] GC(78) _eden_chunk_array[142]=0x00000000f90b31d8
[2025-08-08T15:28:02.963+0000][448.610s][1][129][trace] GC(78) _eden_chunk_array[143]=0x00000000f90da820
[2025-08-08T15:28:02.963+0000][448.610s][1][129][trace] GC(78) _eden_chunk_array[144]=0x00000000f9101ba0
[2025-08-08T15:28:02.963+0000][448.610s][1][129][trace] GC(78) _eden_chunk_array[145]=0x00000000f912f280
[2025-08-08T15:28:02.963+0000][448.610s][1][129][trace] GC(78) _eden_chunk_array[146]=0x00000000f9189620
[2025-08-08T15:28:02.963+0000][448.610s][1][129][trace] GC(78) _eden_chunk_array[147]=0x00000000f91bd578
[2025-08-08T15:28:02.963+0000][448.610s][1][129][trace] GC(78) _eden_chunk_array[148]=0x00000000f91e7e78
[2025-08-08T15:28:02.963+0000][448.610s][1][129][trace] GC(78) _eden_chunk_array[149]=0x00000000f924aa20
[2025-08-08T15:28:02.963+0000][448.610s][1][129][trace] GC(78) _eden_chunk_array[150]=0x00000000f9272000
[2025-08-08T15:28:02.963+0000][448.610s][1][129][trace] GC(78) _eden_chunk_array[151]=0x00000000f9297998
[2025-08-08T15:28:02.963+0000][448.610s][1][129][trace] GC(78) _eden_chunk_array[152]=0x00000000f92c8138
[2025-08-08T15:28:02.963+0000][448.610s][1][129][trace] GC(78) _eden_chunk_array[153]=0x00000000f92edaa0
[2025-08-08T15:28:02.963+0000][448.610s][1][129][trace] GC(78) _eden_chunk_array[154]=0x00000000f9313428
[2025-08-08T15:28:02.963+0000][448.610s][1][129][trace] GC(78) _eden_chunk_array[155]=0x00000000f9338dc8
[2025-08-08T15:28:02.963+0000][448.610s][1][129][trace] GC(78) _eden_chunk_array[156]=0x00000000f935e778
[2025-08-08T15:28:02.963+0000][448.610s][1][129][trace] GC(78) _eden_chunk_array[157]=0x00000000f9387c48
[2025-08-08T15:28:02.963+0000][448.610s][1][129][trace] GC(78) _eden_chunk_array[158]=0x00000000f93b50b8
[2025-08-08T15:28:02.963+0000][448.610s][1][129][trace] GC(78) _eden_chunk_array[159]=0x00000000f93da618
[2025-08-08T15:28:02.963+0000][448.610s][1][129][trace] GC(78) _eden_chunk_array[160]=0x00000000f9417650
[2025-08-08T15:28:02.963+0000][448.610s][1][129][trace] GC(78) _eden_chunk_array[161]=0x00000000f943acc8
[2025-08-08T15:28:02.963+0000][448.610s][1][129][trace] GC(78) _eden_chunk_array[162]=0x00000000f9464500
[2025-08-08T15:28:02.963+0000][448.610s][1][129][trace] GC(78) _eden_chunk_array[163]=0x00000000f948e178
[2025-08-08T15:28:02.963+0000][448.610s][1][129][trace] GC(78) _eden_chunk_array[164]=0x00000000f94b8238
[2025-08-08T15:28:02.963+0000][448.610s][1][129][trace] GC(78) _eden_chunk_array[165]=0x00000000f95197e8
[2025-08-08T15:28:02.963+0000][448.610s][1][129][trace] GC(78) _eden_chunk_array[166]=0x00000000f9542118
[2025-08-08T15:28:02.963+0000][448.610s][1][129][trace] GC(78) _eden_chunk_array[167]=0x00000000f9567aa0
[2025-08-08T15:28:02.963+0000][448.610s][1][129][trace] GC(78) _eden_chunk_array[168]=0x00000000f9591b48
[2025-08-08T15:28:02.963+0000][448.610s][1][129][trace] GC(78) _eden_chunk_array[169]=0x00000000f95bbc00
[2025-08-08T15:28:02.963+0000][448.610s][1][129][trace] GC(78) _eden_chunk_array[170]=0x00000000f95e5cc0
[2025-08-08T15:28:02.963+0000][448.610s][1][129][trace] GC(78) _eden_chunk_array[171]=0x00000000f960fd68
[2025-08-08T15:28:02.963+0000][448.610s][1][129][trace] GC(78) _eden_chunk_array[172]=0x00000000f965e498
[2025-08-08T15:28:02.963+0000][448.610s][1][129][trace] GC(78) _eden_chunk_array[173]=0x00000000f9681860
[2025-08-08T15:28:02.963+0000][448.610s][1][129][trace] GC(78) _eden_chunk_array[174]=0x00000000f96a4070
[2025-08-08T15:28:02.963+0000][448.610s][1][129][trace] GC(78) _eden_chunk_array[175]=0x00000000f96c6188
[2025-08-08T15:28:02.963+0000][448.610s][1][129][trace] GC(78) _eden_chunk_array[176]=0x00000000f96f0fd8
[2025-08-08T15:28:02.963+0000][448.610s][1][129][trace] GC(78) _eden_chunk_array[177]=0x00000000f9713e68
[2025-08-08T15:28:02.963+0000][448.610s][1][129][trace] GC(78) _eden_chunk_array[178]=0x00000000f97368f0
[2025-08-08T15:28:02.963+0000][448.610s][1][129][trace] GC(78) _eden_chunk_array[179]=0x00000000f9759728
[2025-08-08T15:28:02.963+0000][448.610s][1][129][trace] GC(78) _eden_chunk_array[180]=0x00000000f977aab8
[2025-08-08T15:28:02.963+0000][448.610s][1][129][trace] GC(78) _eden_chunk_array[181]=0x00000000f979d8d8
[2025-08-08T15:28:02.963+0000][448.610s][1][129][trace] GC(78) _eden_chunk_array[182]=0x00000000f97c8718
[2025-08-08T15:28:02.963+0000][448.610s][1][129][trace] GC(78) _eden_chunk_array[183]=0x00000000f97f4440
[2025-08-08T15:28:02.963+0000][448.610s][1][129][trace] GC(78) _eden_chunk_array[184]=0x00000000f981db60
[2025-08-08T15:28:02.963+0000][448.610s][1][129][trace] GC(78) _eden_chunk_array[185]=0x00000000f9849888
[2025-08-08T15:28:02.963+0000][448.610s][1][129][trace] GC(78) _eden_chunk_array[186]=0x00000000f98b8410
[2025-08-08T15:28:02.963+0000][448.610s][1][129][trace] GC(78) _eden_chunk_array[187]=0x00000000f98ec3e8
[2025-08-08T15:28:02.963+0000][448.610s][1][129][trace] GC(78) _eden_chunk_array[188]=0x00000000f990dc78
[2025-08-08T15:28:02.963+0000][448.610s][1][129][trace] GC(78) _eden_chunk_array[189]=0x00000000f9932348
[2025-08-08T15:28:02.963+0000][448.610s][1][129][trace] GC(78) _eden_chunk_array[190]=0x00000000f99892b8
[2025-08-08T15:28:02.963+0000][448.610s][1][129][trace] GC(78) _eden_chunk_array[191]=0x00000000f99d5db8
[2025-08-08T15:28:02.963+0000][448.610s][1][129][trace] GC(78) _eden_chunk_array[192]=0x00000000f9a070a8
[2025-08-08T15:28:02.963+0000][448.610s][1][129][trace] GC(78) _eden_chunk_array[193]=0x00000000f9a308c8
[2025-08-08T15:28:02.963+0000][448.610s][1][129][trace] GC(78) _eden_chunk_array[194]=0x00000000f9a5a0f8
[2025-08-08T15:28:02.963+0000][448.610s][1][129][trace] GC(78) _eden_chunk_array[195]=0x00000000f9a83938
[2025-08-08T15:28:02.963+0000][448.610s][1][129][trace] GC(78) _eden_chunk_array[196]=0x00000000f9aad178
[2025-08-08T15:28:02.963+0000][448.610s][1][129][trace] GC(78) _eden_chunk_array[197]=0x00000000f9ad69a8
[2025-08-08T15:28:02.963+0000][448.610s][1][129][trace] GC(78) _eden_chunk_array[198]=0x00000000f9b03f40
[2025-08-08T15:28:02.963+0000][448.610s][1][129][trace] GC(78) _eden_chunk_array[199]=0x00000000f9b55758
[2025-08-08T15:28:02.963+0000][448.610s][1][129][trace] GC(78) _eden_chunk_array[200]=0x00000000f9b80550
[2025-08-08T15:28:02.963+0000][448.610s][1][129][trace] GC(78) _eden_chunk_array[201]=0x00000000f9ba7690
[2025-08-08T15:28:02.963+0000][448.610s][1][129][trace] GC(78) _eden_chunk_array[202]=0x00000000f9bc7910
[2025-08-08T15:28:02.963+0000][448.610s][1][129][trace] GC(78) _eden_chunk_array[203]=0x00000000f9c25260
[2025-08-08T15:28:02.963+0000][448.610s][1][129][trace] GC(78) _eden_chunk_array[204]=0x00000000f9c48830
[2025-08-08T15:28:02.963+0000][448.610s][1][129][trace] GC(78) _eden_chunk_array[205]=0x00000000f9c6f7f0
[2025-08-08T15:28:02.963+0000][448.610s][1][129][trace] GC(78) _eden_chunk_array[206]=0x00000000f9ca42a8
[2025-08-08T15:28:02.963+0000][448.610s][1][129][trace] GC(78) _eden_chunk_array[207]=0x00000000f9cd9558
[2025-08-08T15:28:02.963+0000][448.610s][1][129][trace] GC(78) _eden_chunk_array[208]=0x00000000f9d0e830
[2025-08-08T15:28:02.963+0000][448.610s][1][129][trace] GC(78) _eden_chunk_array[209]=0x00000000f9d38af8
[2025-08-08T15:28:02.963+0000][448.610s][1][129][trace] GC(78) _eden_chunk_array[210]=0x00000000f9d6ddd0
[2025-08-08T15:28:02.963+0000][448.610s][1][129][trace] GC(78) _eden_chunk_array[211]=0x00000000f9dd3018
[2025-08-08T15:28:02.963+0000][448.610s][1][129][trace] GC(78) _eden_chunk_array[212]=0x00000000f9df8f90
[2025-08-08T15:28:02.963+0000][448.610s][1][129][trace] GC(78) _eden_chunk_array[213]=0x00000000f9e19990
[2025-08-08T15:28:02.963+0000][448.610s][1][129][trace] GC(78) _eden_chunk_array[214]=0x00000000f9e3a3a0
[2025-08-08T15:28:02.963+0000][448.610s][1][129][trace] GC(78) _eden_chunk_array[215]=0x00000000f9e88c58
[2025-08-08T15:28:02.963+0000][448.610s][1][129][trace] GC(78) _eden_chunk_array[216]=0x00000000f9eae350
[2025-08-08T15:28:02.963+0000][448.610s][1][129][trace] GC(78) _eden_chunk_array[217]=0x00000000f9ed1930
[2025-08-08T15:28:02.963+0000][448.610s][1][129][trace] GC(78) _eden_chunk_array[218]=0x00000000f9ef8f10
[2025-08-08T15:28:02.963+0000][448.610s][1][129][trace] GC(78) _eden_chunk_array[219]=0x00000000f9f29f98
[2025-08-08T15:28:02.963+0000][448.610s][1][129][trace] GC(78) _eden_chunk_array[220]=0x00000000f9f5a8a0
[2025-08-08T15:28:02.963+0000][448.610s][1][129][trace] GC(78) _eden_chunk_array[221]=0x00000000f9f7c660
[2025-08-08T15:28:02.963+0000][448.610s][1][129][trace] GC(78) _eden_chunk_array[222]=0x00000000f9face00
[2025-08-08T15:28:02.963+0000][448.610s][1][129][trace] GC(78) _eden_chunk_array[223]=0x00000000f9ff7b10
[2025-08-08T15:28:02.963+0000][448.610s][1][129][trace] GC(78) _eden_chunk_array[224]=0x00000000fa02c5f8
[2025-08-08T15:28:02.963+0000][448.610s][1][129][trace] GC(78) _eden_chunk_array[225]=0x00000000fa062c58
[2025-08-08T15:28:02.963+0000][448.610s][1][129][trace] GC(78) _eden_chunk_array[226]=0x00000000fa097708
[2025-08-08T15:28:02.963+0000][448.610s][1][129][trace] GC(78) _eden_chunk_array[227]=0x00000000fa0bc180
[2025-08-08T15:28:02.963+0000][448.610s][1][129][trace] GC(78) _eden_chunk_array[228]=0x00000000fa0de9f8
[2025-08-08T15:28:02.963+0000][448.610s][1][129][trace] GC(78) _eden_chunk_array[229]=0x00000000fa13f660
[2025-08-08T15:28:02.963+0000][448.610s][1][129][trace] GC(78) _eden_chunk_array[230]=0x00000000fa173430
[2025-08-08T15:28:02.963+0000][448.610s][1][129][trace] GC(78) _eden_chunk_array[231]=0x00000000fa1a09b8
[2025-08-08T15:28:02.963+0000][448.610s][1][129][trace] GC(78) _eden_chunk_array[232]=0x00000000fa1ca1f8
[2025-08-08T15:28:02.963+0000][448.610s][1][129][trace] GC(78) _eden_chunk_array[233]=0x00000000fa1eb6b0
[2025-08-08T15:28:02.963+0000][448.610s][1][129][trace] GC(78) _eden_chunk_array[234]=0x00000000fa20cb48
[2025-08-08T15:28:02.963+0000][448.610s][1][129][trace] GC(78) _eden_chunk_array[235]=0x00000000fa22e018
[2025-08-08T15:28:02.963+0000][448.610s][1][129][trace] GC(78) _eden_chunk_array[236]=0x00000000fa24f4e8
[2025-08-08T15:28:02.963+0000][448.610s][1][129][trace] GC(78) _eden_chunk_array[237]=0x00000000fa278990
[2025-08-08T15:28:02.963+0000][448.610s][1][129][trace] GC(78) _eden_chunk_array[238]=0x00000000fa299e38
[2025-08-08T15:28:02.963+0000][448.610s][1][129][trace] GC(78) _eden_chunk_array[239]=0x00000000fa2c3690
[2025-08-08T15:28:02.963+0000][448.610s][1][129][trace] GC(78) _eden_chunk_array[240]=0x00000000fa2f3e38
[2025-08-08T15:28:02.963+0000][448.610s][1][129][trace] GC(78) _eden_chunk_array[241]=0x00000000fa3245e0
[2025-08-08T15:28:02.963+0000][448.610s][1][129][trace] GC(78) _eden_chunk_array[242]=0x00000000fa34aeb0
[2025-08-08T15:28:02.963+0000][448.610s][1][129][trace] GC(78) _eden_chunk_array[243]=0x00000000fa374360
[2025-08-08T15:28:02.963+0000][448.610s][1][129][trace] GC(78) _eden_chunk_array[244]=0x00000000fa3e0970
[2025-08-08T15:28:02.963+0000][448.610s][1][129][trace] GC(78) _eden_chunk_array[245]=0x00000000fa414af8
[2025-08-08T15:28:02.963+0000][448.610s][1][129][trace] GC(78) _eden_chunk_array[246]=0x00000000fa43d3d0
[2025-08-08T15:28:02.963+0000][448.610s][1][129][trace] GC(78) _eden_chunk_array[247]=0x00000000fa4615c0
[2025-08-08T15:28:02.963+0000][448.610s][1][129][trace] GC(78) _eden_chunk_array[248]=0x00000000fa4cdb48
[2025-08-08T15:28:02.963+0000][448.610s][1][129][trace] GC(78) _eden_chunk_array[249]=0x00000000fa4f7370
[2025-08-08T15:28:02.963+0000][448.610s][1][129][trace] GC(78) _eden_chunk_array[250]=0x00000000fa5203f0
[2025-08-08T15:28:02.963+0000][448.610s][1][129][trace] GC(78) _eden_chunk_array[251]=0x00000000fa549c38
[2025-08-08T15:28:02.963+0000][448.610s][1][129][trace] GC(78) _eden_chunk_array[252]=0x00000000fa57a3d8
[2025-08-08T15:28:02.963+0000][448.610s][1][129][trace] GC(78) _eden_chunk_array[253]=0x00000000fa5a3c10
[2025-08-08T15:28:02.963+0000][448.610s][1][129][trace] GC(78) _eden_chunk_array[254]=0x00000000fa5d43a0
[2025-08-08T15:28:02.963+0000][448.610s][1][129][trace] GC(78) _eden_chunk_array[255]=0x00000000fa5fdbc8
[2025-08-08T15:28:02.963+0000][448.610s][1][129][trace] GC(78) _eden_chunk_array[256]=0x00000000fa627418
[2025-08-08T15:28:02.963+0000][448.610s][1][129][trace] GC(78) _eden_chunk_array[257]=0x00000000fa64f488
[2025-08-08T15:28:02.963+0000][448.610s][1][129][trace] GC(78) survivor 0x00000000fd410000-0x00000000fd410000-0x00000000fe780000(20381696)
[2025-08-08T15:28:02.963+0000][448.610s][1][129][trace] GC(78) _survivor_chunk_index=0, _survivor_chunk_capacity=9952
[2025-08-08T15:28:02.993+0000][448.641s][1][129][info ] GC(78) Pause Initial Mark 115M->115M(180M) 31.578ms
[2025-08-08T15:28:02.993+0000][448.641s][1][129][info ] Leaving safepoint region
[2025-08-08T15:28:02.993+0000][448.641s][1][129][info ] Total time for which application threads were stopped: 0.0318327 seconds, Stopping threads took: 0.0000305 seconds
[2025-08-08T15:28:02.994+0000][448.641s][1][128][info ] GC(78) Concurrent Mark
[2025-08-08T15:28:02.997+0000][448.644s][1][128][info ] GC(78) Concurrent Mark 2.994ms
[2025-08-08T15:28:02.997+0000][448.644s][1][128][info ] GC(78) Concurrent Preclean
[2025-08-08T15:28:02.997+0000][448.644s][1][128][info ] GC(78) Concurrent Preclean 0.322ms
[2025-08-08T15:28:02.997+0000][448.644s][1][128][info ] GC(78) Concurrent Abortable Preclean
[2025-08-08T15:28:02.997+0000][448.644s][1][128][trace] CMS: promo attempt is not safe: available(24) < av_promo(2795291), max_promo(115673424)
[2025-08-08T15:28:02.997+0000][448.644s][1][128][info ] GC(78) Concurrent Abortable Preclean 0.016ms
[2025-08-08T15:28:02.997+0000][448.644s][1][129][info ] Application time: 0.0036798 seconds
[2025-08-08T15:28:02.997+0000][448.644s][1][129][info ] Entering safepoint region: CMS_Final_Remark
[2025-08-08T15:28:02.997+0000][448.645s][1][129][trace] GC(78) eden 0x00000000f3800000-0x00000000fa650950-0x00000000fd410000(163643392)
[2025-08-08T15:28:02.997+0000][448.645s][1][129][trace] GC(78) _eden_chunk_index=258, _eden_chunk_capacity=11233
[2025-08-08T15:28:02.997+0000][448.645s][1][129][trace] GC(78) _eden_chunk_array[0]=0x00000000f74596b0
[2025-08-08T15:28:02.997+0000][448.645s][1][129][trace] GC(78) _eden_chunk_array[1]=0x00000000f74ac5b8
[2025-08-08T15:28:02.997+0000][448.645s][1][129][trace] GC(78) _eden_chunk_array[2]=0x00000000f74d55e8
[2025-08-08T15:28:02.997+0000][448.645s][1][129][trace] GC(78) _eden_chunk_array[3]=0x00000000f7504058
[2025-08-08T15:28:02.997+0000][448.645s][1][129][trace] GC(78) _eden_chunk_array[4]=0x00000000f7524f88
[2025-08-08T15:28:02.997+0000][448.645s][1][129][trace] GC(78) _eden_chunk_array[5]=0x00000000f754e7c0
[2025-08-08T15:28:02.997+0000][448.645s][1][129][trace] GC(78) _eden_chunk_array[6]=0x00000000f7577fe0
[2025-08-08T15:28:02.997+0000][448.645s][1][129][trace] GC(78) _eden_chunk_array[7]=0x00000000f75a71a8
[2025-08-08T15:28:02.997+0000][448.645s][1][129][trace] GC(78) _eden_chunk_array[8]=0x00000000f75f58d8
[2025-08-08T15:28:02.997+0000][448.645s][1][129][trace] GC(78) _eden_chunk_array[9]=0x00000000f761a640
[2025-08-08T15:28:02.997+0000][448.645s][1][129][trace] GC(78) _eden_chunk_array[10]=0x00000000f76649c8
[2025-08-08T15:28:02.997+0000][448.645s][1][129][trace] GC(78) _eden_chunk_array[11]=0x00000000f76854f8
[2025-08-08T15:28:02.997+0000][448.645s][1][129][trace] GC(78) _eden_chunk_array[12]=0x00000000f76d4790
[2025-08-08T15:28:02.997+0000][448.645s][1][129][trace] GC(78) _eden_chunk_array[13]=0x00000000f7704f20
[2025-08-08T15:28:02.997+0000][448.645s][1][129][trace] GC(78) _eden_chunk_array[14]=0x00000000f7751bd0
[2025-08-08T15:28:02.997+0000][448.645s][1][129][trace] GC(78) _eden_chunk_array[15]=0x00000000f777a4b0
[2025-08-08T15:28:02.997+0000][448.645s][1][129][trace] GC(78) _eden_chunk_array[16]=0x00000000f77a4c70
[2025-08-08T15:28:02.997+0000][448.645s][1][129][trace] GC(78) _eden_chunk_array[17]=0x00000000f7810a48
[2025-08-08T15:28:02.997+0000][448.645s][1][129][trace] GC(78) _eden_chunk_array[18]=0x00000000f78454f8
[2025-08-08T15:28:02.997+0000][448.645s][1][129][trace] GC(78) _eden_chunk_array[19]=0x00000000f7879fb0
[2025-08-08T15:28:02.998+0000][448.645s][1][129][trace] GC(78) _eden_chunk_array[20]=0x00000000f78aea98
[2025-08-08T15:28:02.998+0000][448.645s][1][129][trace] GC(78) _eden_chunk_array[21]=0x00000000f78d8f40
[2025-08-08T15:28:02.998+0000][448.645s][1][129][trace] GC(78) _eden_chunk_array[22]=0x00000000f79059a8
[2025-08-08T15:28:02.998+0000][448.645s][1][129][trace] GC(78) _eden_chunk_array[23]=0x00000000f7968da8
[2025-08-08T15:28:02.998+0000][448.645s][1][129][trace] GC(78) _eden_chunk_array[24]=0x00000000f79891e8
[2025-08-08T15:28:02.998+0000][448.645s][1][129][trace] GC(78) _eden_chunk_array[25]=0x00000000f79b18e8
[2025-08-08T15:28:02.998+0000][448.645s][1][129][trace] GC(78) _eden_chunk_array[26]=0x00000000f79d1ad8
[2025-08-08T15:28:02.998+0000][448.645s][1][129][trace] GC(78) _eden_chunk_array[27]=0x00000000f7a16618
[2025-08-08T15:28:02.998+0000][448.645s][1][129][trace] GC(78) _eden_chunk_array[28]=0x00000000f7a46d00
[2025-08-08T15:28:02.998+0000][448.645s][1][129][trace] GC(78) _eden_chunk_array[29]=0x00000000f7a8fd38
[2025-08-08T15:28:02.998+0000][448.645s][1][129][trace] GC(78) _eden_chunk_array[30]=0x00000000f7ad8d90
[2025-08-08T15:28:02.998+0000][448.645s][1][129][trace] GC(78) _eden_chunk_array[31]=0x00000000f7b2a5c0
[2025-08-08T15:28:02.998+0000][448.645s][1][129][trace] GC(78) _eden_chunk_array[32]=0x00000000f7b87ac8
[2025-08-08T15:28:02.998+0000][448.645s][1][129][trace] GC(78) _eden_chunk_array[33]=0x00000000f7bad890
[2025-08-08T15:28:02.998+0000][448.645s][1][129][trace] GC(78) _eden_chunk_array[34]=0x00000000f7bce290
[2025-08-08T15:28:02.998+0000][448.645s][1][129][trace] GC(78) _eden_chunk_array[35]=0x00000000f7bef940
[2025-08-08T15:28:02.998+0000][448.645s][1][129][trace] GC(78) _eden_chunk_array[36]=0x00000000f7c20f50
[2025-08-08T15:28:02.998+0000][448.645s][1][129][trace] GC(78) _eden_chunk_array[37]=0x00000000f7c53e40
[2025-08-08T15:28:02.998+0000][448.645s][1][129][trace] GC(78) _eden_chunk_array[38]=0x00000000f7c79888
[2025-08-08T15:28:02.998+0000][448.645s][1][129][trace] GC(78) _eden_chunk_array[39]=0x00000000f7c9ea88
[2025-08-08T15:28:02.998+0000][448.645s][1][129][trace] GC(78) _eden_chunk_array[40]=0x00000000f7cc3cb8
[2025-08-08T15:28:02.998+0000][448.645s][1][129][trace] GC(78) _eden_chunk_array[41]=0x00000000f7ceaaa0
[2025-08-08T15:28:02.998+0000][448.645s][1][129][trace] GC(78) _eden_chunk_array[42]=0x00000000f7d0b440
[2025-08-08T15:28:02.998+0000][448.645s][1][129][trace] GC(78) _eden_chunk_array[43]=0x00000000f7d30640
[2025-08-08T15:28:02.998+0000][448.645s][1][129][trace] GC(78) _eden_chunk_array[44]=0x00000000f7d9da90
[2025-08-08T15:28:02.998+0000][448.645s][1][129][trace] GC(78) _eden_chunk_array[45]=0x00000000f7dd09f8
[2025-08-08T15:28:02.998+0000][448.645s][1][129][trace] GC(78) _eden_chunk_array[46]=0x00000000f7df56f0
[2025-08-08T15:28:02.998+0000][448.645s][1][129][trace] GC(78) _eden_chunk_array[47]=0x00000000f7e1ad98
[2025-08-08T15:28:02.998+0000][448.645s][1][129][trace] GC(78) _eden_chunk_array[48]=0x00000000f7e88158
[2025-08-08T15:28:02.998+0000][448.645s][1][129][trace] GC(78) _eden_chunk_array[49]=0x00000000f7eb0348
[2025-08-08T15:28:02.998+0000][448.645s][1][129][trace] GC(78) _eden_chunk_array[50]=0x00000000f7ed5e98
[2025-08-08T15:28:02.998+0000][448.645s][1][129][trace] GC(78) _eden_chunk_array[51]=0x00000000f7f02cb8
[2025-08-08T15:28:02.998+0000][448.645s][1][129][trace] GC(78) _eden_chunk_array[52]=0x00000000f7f29820
[2025-08-08T15:28:02.998+0000][448.645s][1][129][trace] GC(78) _eden_chunk_array[53]=0x00000000f7f50380
[2025-08-08T15:28:02.998+0000][448.645s][1][129][trace] GC(78) _eden_chunk_array[54]=0x00000000f7f78570
[2025-08-08T15:28:02.998+0000][448.645s][1][129][trace] GC(78) _eden_chunk_array[55]=0x00000000f7f9f118
[2025-08-08T15:28:02.998+0000][448.645s][1][129][trace] GC(78) _eden_chunk_array[56]=0x00000000f7fd1398
[2025-08-08T15:28:02.998+0000][448.645s][1][129][trace] GC(78) _eden_chunk_array[57]=0x00000000f7ff15f0
[2025-08-08T15:28:02.998+0000][448.645s][1][129][trace] GC(78) _eden_chunk_array[58]=0x00000000f8021d80
[2025-08-08T15:28:02.998+0000][448.645s][1][129][trace] GC(78) _eden_chunk_array[59]=0x00000000f8052520
[2025-08-08T15:28:02.998+0000][448.645s][1][129][trace] GC(78) _eden_chunk_array[60]=0x00000000f8078698
[2025-08-08T15:28:02.998+0000][448.645s][1][129][trace] GC(78) _eden_chunk_array[61]=0x00000000f809e8f8
[2025-08-08T15:28:02.998+0000][448.645s][1][129][trace] GC(78) _eden_chunk_array[62]=0x00000000f80c9470
[2025-08-08T15:28:02.998+0000][448.645s][1][129][trace] GC(78) _eden_chunk_array[63]=0x00000000f8101478
[2025-08-08T15:28:02.998+0000][448.645s][1][129][trace] GC(78) _eden_chunk_array[64]=0x00000000f8128fa8
[2025-08-08T15:28:02.998+0000][448.645s][1][129][trace] GC(78) _eden_chunk_array[65]=0x00000000f81516c0
[2025-08-08T15:28:02.998+0000][448.645s][1][129][trace] GC(78) _eden_chunk_array[66]=0x00000000f81bc790
[2025-08-08T15:28:02.998+0000][448.645s][1][129][trace] GC(78) _eden_chunk_array[67]=0x00000000f821fae0
[2025-08-08T15:28:02.998+0000][448.645s][1][129][trace] GC(78) _eden_chunk_array[68]=0x00000000f8245540
[2025-08-08T15:28:02.998+0000][448.645s][1][129][trace] GC(78) _eden_chunk_array[69]=0x00000000f826afc0
[2025-08-08T15:28:02.998+0000][448.645s][1][129][trace] GC(78) _eden_chunk_array[70]=0x00000000f82909f8
[2025-08-08T15:28:02.998+0000][448.645s][1][129][trace] GC(78) _eden_chunk_array[71]=0x00000000f82b6460
[2025-08-08T15:28:02.998+0000][448.645s][1][129][trace] GC(78) _eden_chunk_array[72]=0x00000000f82dbef0
[2025-08-08T15:28:02.998+0000][448.645s][1][129][trace] GC(78) _eden_chunk_array[73]=0x00000000f8301998
[2025-08-08T15:28:02.998+0000][448.645s][1][129][trace] GC(78) _eden_chunk_array[74]=0x00000000f83398c8
[2025-08-08T15:28:02.998+0000][448.645s][1][129][trace] GC(78) _eden_chunk_array[75]=0x00000000f835b020
[2025-08-08T15:28:02.998+0000][448.645s][1][129][trace] GC(78) _eden_chunk_array[76]=0x00000000f8381080
[2025-08-08T15:28:02.998+0000][448.645s][1][129][trace] GC(78) _eden_chunk_array[77]=0x00000000f83daa10
[2025-08-08T15:28:02.998+0000][448.645s][1][129][trace] GC(78) _eden_chunk_array[78]=0x00000000f8409a80
[2025-08-08T15:28:02.998+0000][448.645s][1][129][trace] GC(78) _eden_chunk_array[79]=0x00000000f842d588
[2025-08-08T15:28:02.998+0000][448.645s][1][129][trace] GC(78) _eden_chunk_array[80]=0x00000000f8485750
[2025-08-08T15:28:02.998+0000][448.645s][1][129][trace] GC(78) _eden_chunk_array[81]=0x00000000f84b3020
[2025-08-08T15:28:02.998+0000][448.645s][1][129][trace] GC(78) _eden_chunk_array[82]=0x00000000f84db8f8
[2025-08-08T15:28:02.998+0000][448.645s][1][129][trace] GC(78) _eden_chunk_array[83]=0x00000000f850c098
[2025-08-08T15:28:02.998+0000][448.645s][1][129][trace] GC(78) _eden_chunk_array[84]=0x00000000f8534970
[2025-08-08T15:28:02.998+0000][448.645s][1][129][trace] GC(78) _eden_chunk_array[85]=0x00000000f8565110
[2025-08-08T15:28:02.998+0000][448.645s][1][129][trace] GC(78) _eden_chunk_array[86]=0x00000000f85b6928
[2025-08-08T15:28:02.998+0000][448.645s][1][129][trace] GC(78) _eden_chunk_array[87]=0x00000000f85df230
[2025-08-08T15:28:02.998+0000][448.645s][1][129][trace] GC(78) _eden_chunk_array[88]=0x00000000f8607b20
[2025-08-08T15:28:02.998+0000][448.645s][1][129][trace] GC(78) _eden_chunk_array[89]=0x00000000f862e828
[2025-08-08T15:28:02.998+0000][448.645s][1][129][trace] GC(78) _eden_chunk_array[90]=0x00000000f8653490
[2025-08-08T15:28:02.998+0000][448.645s][1][129][trace] GC(78) _eden_chunk_array[91]=0x00000000f8674438
[2025-08-08T15:28:02.998+0000][448.645s][1][129][trace] GC(78) _eden_chunk_array[92]=0x00000000f869b2d8
[2025-08-08T15:28:02.998+0000][448.645s][1][129][trace] GC(78) _eden_chunk_array[93]=0x00000000f86bfc78
[2025-08-08T15:28:02.998+0000][448.645s][1][129][trace] GC(78) _eden_chunk_array[94]=0x00000000f86e6630
[2025-08-08T15:28:02.998+0000][448.645s][1][129][trace] GC(78) _eden_chunk_array[95]=0x00000000f871a5d0
[2025-08-08T15:28:02.998+0000][448.645s][1][129][trace] GC(78) _eden_chunk_array[96]=0x00000000f87464f8
[2025-08-08T15:28:02.998+0000][448.645s][1][129][trace] GC(78) _eden_chunk_array[97]=0x00000000f877af98
[2025-08-08T15:28:02.998+0000][448.645s][1][129][trace] GC(78) _eden_chunk_array[98]=0x00000000f87e6d28
[2025-08-08T15:28:02.998+0000][448.645s][1][129][trace] GC(78) _eden_chunk_array[99]=0x00000000f88174d0
[2025-08-08T15:28:02.998+0000][448.645s][1][129][trace] GC(78) _eden_chunk_array[100]=0x00000000f884bfe0
[2025-08-08T15:28:02.998+0000][448.645s][1][129][trace] GC(78) _eden_chunk_array[101]=0x00000000f8880a90
[2025-08-08T15:28:02.998+0000][448.645s][1][129][trace] GC(78) _eden_chunk_array[102]=0x00000000f88a8fa0
[2025-08-08T15:28:02.998+0000][448.645s][1][129][trace] GC(78) _eden_chunk_array[103]=0x00000000f88ca4d8
[2025-08-08T15:28:02.998+0000][448.645s][1][129][trace] GC(78) _eden_chunk_array[104]=0x00000000f88f0e68
[2025-08-08T15:28:02.998+0000][448.645s][1][129][trace] GC(78) _eden_chunk_array[105]=0x00000000f8914998
[2025-08-08T15:28:02.998+0000][448.645s][1][129][trace] GC(78) _eden_chunk_array[106]=0x00000000f8943b50
[2025-08-08T15:28:02.998+0000][448.645s][1][129][trace] GC(78) _eden_chunk_array[107]=0x00000000f8967d68
[2025-08-08T15:28:02.998+0000][448.645s][1][129][trace] GC(78) _eden_chunk_array[108]=0x00000000f8991360
[2025-08-08T15:28:02.998+0000][448.645s][1][129][trace] GC(78) _eden_chunk_array[109]=0x00000000f89b7ec0
[2025-08-08T15:28:02.998+0000][448.645s][1][129][trace] GC(78) _eden_chunk_array[110]=0x00000000f89deaa8
[2025-08-08T15:28:02.998+0000][448.645s][1][129][trace] GC(78) _eden_chunk_array[111]=0x00000000f8a01e48
[2025-08-08T15:28:02.998+0000][448.645s][1][129][trace] GC(78) _eden_chunk_array[112]=0x00000000f8a289a8
[2025-08-08T15:28:02.998+0000][448.645s][1][129][trace] GC(78) _eden_chunk_array[113]=0x00000000f8a4f518
[2025-08-08T15:28:02.998+0000][448.645s][1][129][trace] GC(78) _eden_chunk_array[114]=0x00000000f8a9dc58
[2025-08-08T15:28:02.998+0000][448.645s][1][129][trace] GC(78) _eden_chunk_array[115]=0x00000000f8ac4d88
[2025-08-08T15:28:02.998+0000][448.645s][1][129][trace] GC(78) _eden_chunk_array[116]=0x00000000f8aebd28
[2025-08-08T15:28:02.998+0000][448.645s][1][129][trace] GC(78) _eden_chunk_array[117]=0x00000000f8b48a38
[2025-08-08T15:28:02.998+0000][448.645s][1][129][trace] GC(78) _eden_chunk_array[118]=0x00000000f8b6d790
[2025-08-08T15:28:02.998+0000][448.645s][1][129][trace] GC(78) _eden_chunk_array[119]=0x00000000f8b911e8
[2025-08-08T15:28:02.998+0000][448.645s][1][129][trace] GC(78) _eden_chunk_array[120]=0x00000000f8bef900
[2025-08-08T15:28:02.998+0000][448.645s][1][129][trace] GC(78) _eden_chunk_array[121]=0x00000000f8c335d8
[2025-08-08T15:28:02.998+0000][448.645s][1][129][trace] GC(78) _eden_chunk_array[122]=0x00000000f8c8e5a0
[2025-08-08T15:28:02.998+0000][448.645s][1][129][trace] GC(78) _eden_chunk_array[123]=0x00000000f8caff78
[2025-08-08T15:28:02.998+0000][448.645s][1][129][trace] GC(78) _eden_chunk_array[124]=0x00000000f8cdd530
[2025-08-08T15:28:02.998+0000][448.645s][1][129][trace] GC(78) _eden_chunk_array[125]=0x00000000f8d08b20
[2025-08-08T15:28:02.998+0000][448.645s][1][129][trace] GC(78) _eden_chunk_array[126]=0x00000000f8d3f138
[2025-08-08T15:28:02.998+0000][448.645s][1][129][trace] GC(78) _eden_chunk_array[127]=0x00000000f8daaec8
[2025-08-08T15:28:02.998+0000][448.645s][1][129][trace] GC(78) _eden_chunk_array[128]=0x00000000f8ddf970
[2025-08-08T15:28:02.998+0000][448.645s][1][129][trace] GC(78) _eden_chunk_array[129]=0x00000000f8e14438
[2025-08-08T15:28:02.998+0000][448.645s][1][129][trace] GC(78) _eden_chunk_array[130]=0x00000000f8e36208
[2025-08-08T15:28:02.998+0000][448.645s][1][129][trace] GC(78) _eden_chunk_array[131]=0x00000000f8e60288
[2025-08-08T15:28:02.998+0000][448.645s][1][129][trace] GC(78) _eden_chunk_array[132]=0x00000000f8eace78
[2025-08-08T15:28:02.998+0000][448.645s][1][129][trace] GC(78) _eden_chunk_array[133]=0x00000000f8ee1548
[2025-08-08T15:28:02.998+0000][448.645s][1][129][trace] GC(78) _eden_chunk_array[134]=0x00000000f8f07f38
[2025-08-08T15:28:02.998+0000][448.645s][1][129][trace] GC(78) _eden_chunk_array[135]=0x00000000f8f3d1f8
[2025-08-08T15:28:02.998+0000][448.645s][1][129][trace] GC(78) _eden_chunk_array[136]=0x00000000f8f6c388
[2025-08-08T15:28:02.998+0000][448.645s][1][129][trace] GC(78) _eden_chunk_array[137]=0x00000000f8f9b4f0
[2025-08-08T15:28:02.998+0000][448.645s][1][129][trace] GC(78) _eden_chunk_array[138]=0x00000000f8fd1ce8
[2025-08-08T15:28:02.998+0000][448.645s][1][129][trace] GC(78) _eden_chunk_array[139]=0x00000000f9000e68
[2025-08-08T15:28:02.998+0000][448.645s][1][129][trace] GC(78) _eden_chunk_array[140]=0x00000000f902ffd0
[2025-08-08T15:28:02.998+0000][448.645s][1][129][trace] GC(78) _eden_chunk_array[141]=0x00000000f9064aa0
[2025-08-08T15:28:02.998+0000][448.645s][1][129][trace] GC(78) _eden_chunk_array[142]=0x00000000f90b31d8
[2025-08-08T15:28:02.998+0000][448.645s][1][129][trace] GC(78) _eden_chunk_array[143]=0x00000000f90da820
[2025-08-08T15:28:02.998+0000][448.645s][1][129][trace] GC(78) _eden_chunk_array[144]=0x00000000f9101ba0
[2025-08-08T15:28:02.998+0000][448.645s][1][129][trace] GC(78) _eden_chunk_array[145]=0x00000000f912f280
[2025-08-08T15:28:02.998+0000][448.645s][1][129][trace] GC(78) _eden_chunk_array[146]=0x00000000f9189620
[2025-08-08T15:28:02.998+0000][448.645s][1][129][trace] GC(78) _eden_chunk_array[147]=0x00000000f91bd578
[2025-08-08T15:28:02.998+0000][448.645s][1][129][trace] GC(78) _eden_chunk_array[148]=0x00000000f91e7e78
[2025-08-08T15:28:02.998+0000][448.646s][1][129][trace] GC(78) _eden_chunk_array[149]=0x00000000f924aa20
[2025-08-08T15:28:02.998+0000][448.646s][1][129][trace] GC(78) _eden_chunk_array[150]=0x00000000f9272000
[2025-08-08T15:28:02.998+0000][448.646s][1][129][trace] GC(78) _eden_chunk_array[151]=0x00000000f9297998
[2025-08-08T15:28:02.998+0000][448.646s][1][129][trace] GC(78) _eden_chunk_array[152]=0x00000000f92c8138
[2025-08-08T15:28:02.998+0000][448.646s][1][129][trace] GC(78) _eden_chunk_array[153]=0x00000000f92edaa0
[2025-08-08T15:28:02.998+0000][448.646s][1][129][trace] GC(78) _eden_chunk_array[154]=0x00000000f9313428
[2025-08-08T15:28:02.998+0000][448.646s][1][129][trace] GC(78) _eden_chunk_array[155]=0x00000000f9338dc8
[2025-08-08T15:28:02.998+0000][448.646s][1][129][trace] GC(78) _eden_chunk_array[156]=0x00000000f935e778
[2025-08-08T15:28:02.998+0000][448.646s][1][129][trace] GC(78) _eden_chunk_array[157]=0x00000000f9387c48
[2025-08-08T15:28:02.998+0000][448.646s][1][129][trace] GC(78) _eden_chunk_array[158]=0x00000000f93b50b8
[2025-08-08T15:28:02.998+0000][448.646s][1][129][trace] GC(78) _eden_chunk_array[159]=0x00000000f93da618
[2025-08-08T15:28:02.998+0000][448.646s][1][129][trace] GC(78) _eden_chunk_array[160]=0x00000000f9417650
[2025-08-08T15:28:02.998+0000][448.646s][1][129][trace] GC(78) _eden_chunk_array[161]=0x00000000f943acc8
[2025-08-08T15:28:02.998+0000][448.646s][1][129][trace] GC(78) _eden_chunk_array[162]=0x00000000f9464500
[2025-08-08T15:28:02.998+0000][448.646s][1][129][trace] GC(78) _eden_chunk_array[163]=0x00000000f948e178
[2025-08-08T15:28:02.998+0000][448.646s][1][129][trace] GC(78) _eden_chunk_array[164]=0x00000000f94b8238
[2025-08-08T15:28:02.998+0000][448.646s][1][129][trace] GC(78) _eden_chunk_array[165]=0x00000000f95197e8
[2025-08-08T15:28:02.998+0000][448.646s][1][129][trace] GC(78) _eden_chunk_array[166]=0x00000000f9542118
[2025-08-08T15:28:02.998+0000][448.646s][1][129][trace] GC(78) _eden_chunk_array[167]=0x00000000f9567aa0
[2025-08-08T15:28:02.998+0000][448.646s][1][129][trace] GC(78) _eden_chunk_array[168]=0x00000000f9591b48
[2025-08-08T15:28:02.998+0000][448.646s][1][129][trace] GC(78) _eden_chunk_array[169]=0x00000000f95bbc00
[2025-08-08T15:28:02.998+0000][448.646s][1][129][trace] GC(78) _eden_chunk_array[170]=0x00000000f95e5cc0
[2025-08-08T15:28:02.998+0000][448.646s][1][129][trace] GC(78) _eden_chunk_array[171]=0x00000000f960fd68
[2025-08-08T15:28:02.998+0000][448.646s][1][129][trace] GC(78) _eden_chunk_array[172]=0x00000000f965e498
[2025-08-08T15:28:02.998+0000][448.646s][1][129][trace] GC(78) _eden_chunk_array[173]=0x00000000f9681860
[2025-08-08T15:28:02.998+0000][448.646s][1][129][trace] GC(78) _eden_chunk_array[174]=0x00000000f96a4070
[2025-08-08T15:28:02.998+0000][448.646s][1][129][trace] GC(78) _eden_chunk_array[175]=0x00000000f96c6188
[2025-08-08T15:28:02.998+0000][448.646s][1][129][trace] GC(78) _eden_chunk_array[176]=0x00000000f96f0fd8
[2025-08-08T15:28:02.998+0000][448.646s][1][129][trace] GC(78) _eden_chunk_array[177]=0x00000000f9713e68
[2025-08-08T15:28:02.998+0000][448.646s][1][129][trace] GC(78) _eden_chunk_array[178]=0x00000000f97368f0
[2025-08-08T15:28:02.998+0000][448.646s][1][129][trace] GC(78) _eden_chunk_array[179]=0x00000000f9759728
[2025-08-08T15:28:02.998+0000][448.646s][1][129][trace] GC(78) _eden_chunk_array[180]=0x00000000f977aab8
[2025-08-08T15:28:02.998+0000][448.646s][1][129][trace] GC(78) _eden_chunk_array[181]=0x00000000f979d8d8
[2025-08-08T15:28:02.998+0000][448.646s][1][129][trace] GC(78) _eden_chunk_array[182]=0x00000000f97c8718
[2025-08-08T15:28:02.998+0000][448.646s][1][129][trace] GC(78) _eden_chunk_array[183]=0x00000000f97f4440
[2025-08-08T15:28:02.998+0000][448.646s][1][129][trace] GC(78) _eden_chunk_array[184]=0x00000000f981db60
[2025-08-08T15:28:02.998+0000][448.646s][1][129][trace] GC(78) _eden_chunk_array[185]=0x00000000f9849888
[2025-08-08T15:28:02.998+0000][448.646s][1][129][trace] GC(78) _eden_chunk_array[186]=0x00000000f98b8410
[2025-08-08T15:28:02.998+0000][448.646s][1][129][trace] GC(78) _eden_chunk_array[187]=0x00000000f98ec3e8
[2025-08-08T15:28:02.998+0000][448.646s][1][129][trace] GC(78) _eden_chunk_array[188]=0x00000000f990dc78
[2025-08-08T15:28:02.998+0000][448.646s][1][129][trace] GC(78) _eden_chunk_array[189]=0x00000000f9932348
[2025-08-08T15:28:02.998+0000][448.646s][1][129][trace] GC(78) _eden_chunk_array[190]=0x00000000f99892b8
[2025-08-08T15:28:02.998+0000][448.646s][1][129][trace] GC(78) _eden_chunk_array[191]=0x00000000f99d5db8
[2025-08-08T15:28:02.998+0000][448.646s][1][129][trace] GC(78) _eden_chunk_array[192]=0x00000000f9a070a8
[2025-08-08T15:28:02.998+0000][448.646s][1][129][trace] GC(78) _eden_chunk_array[193]=0x00000000f9a308c8
[2025-08-08T15:28:02.998+0000][448.646s][1][129][trace] GC(78) _eden_chunk_array[194]=0x00000000f9a5a0f8
[2025-08-08T15:28:02.998+0000][448.646s][1][129][trace] GC(78) _eden_chunk_array[195]=0x00000000f9a83938
[2025-08-08T15:28:02.998+0000][448.646s][1][129][trace] GC(78) _eden_chunk_array[196]=0x00000000f9aad178
[2025-08-08T15:28:02.998+0000][448.646s][1][129][trace] GC(78) _eden_chunk_array[197]=0x00000000f9ad69a8
[2025-08-08T15:28:02.998+0000][448.646s][1][129][trace] GC(78) _eden_chunk_array[198]=0x00000000f9b03f40
[2025-08-08T15:28:02.998+0000][448.646s][1][129][trace] GC(78) _eden_chunk_array[199]=0x00000000f9b55758
[2025-08-08T15:28:02.998+0000][448.646s][1][129][trace] GC(78) _eden_chunk_array[200]=0x00000000f9b80550
[2025-08-08T15:28:02.998+0000][448.646s][1][129][trace] GC(78) _eden_chunk_array[201]=0x00000000f9ba7690
[2025-08-08T15:28:02.998+0000][448.646s][1][129][trace] GC(78) _eden_chunk_array[202]=0x00000000f9bc7910
[2025-08-08T15:28:02.998+0000][448.646s][1][129][trace] GC(78) _eden_chunk_array[203]=0x00000000f9c25260
[2025-08-08T15:28:02.998+0000][448.646s][1][129][trace] GC(78) _eden_chunk_array[204]=0x00000000f9c48830
[2025-08-08T15:28:02.998+0000][448.646s][1][129][trace] GC(78) _eden_chunk_array[205]=0x00000000f9c6f7f0
[2025-08-08T15:28:02.998+0000][448.646s][1][129][trace] GC(78) _eden_chunk_array[206]=0x00000000f9ca42a8
[2025-08-08T15:28:02.998+0000][448.646s][1][129][trace] GC(78) _eden_chunk_array[207]=0x00000000f9cd9558
[2025-08-08T15:28:02.998+0000][448.646s][1][129][trace] GC(78) _eden_chunk_array[208]=0x00000000f9d0e830
[2025-08-08T15:28:02.998+0000][448.646s][1][129][trace] GC(78) _eden_chunk_array[209]=0x00000000f9d38af8
[2025-08-08T15:28:02.998+0000][448.646s][1][129][trace] GC(78) _eden_chunk_array[210]=0x00000000f9d6ddd0
[2025-08-08T15:28:02.998+0000][448.646s][1][129][trace] GC(78) _eden_chunk_array[211]=0x00000000f9dd3018
[2025-08-08T15:28:02.998+0000][448.646s][1][129][trace] GC(78) _eden_chunk_array[212]=0x00000000f9df8f90
[2025-08-08T15:28:02.998+0000][448.646s][1][129][trace] GC(78) _eden_chunk_array[213]=0x00000000f9e19990
[2025-08-08T15:28:02.998+0000][448.646s][1][129][trace] GC(78) _eden_chunk_array[214]=0x00000000f9e3a3a0
[2025-08-08T15:28:02.998+0000][448.646s][1][129][trace] GC(78) _eden_chunk_array[215]=0x00000000f9e88c58
[2025-08-08T15:28:02.998+0000][448.646s][1][129][trace] GC(78) _eden_chunk_array[216]=0x00000000f9eae350
[2025-08-08T15:28:02.998+0000][448.646s][1][129][trace] GC(78) _eden_chunk_array[217]=0x00000000f9ed1930
[2025-08-08T15:28:02.999+0000][448.646s][1][129][trace] GC(78) _eden_chunk_array[218]=0x00000000f9ef8f10
[2025-08-08T15:28:02.999+0000][448.646s][1][129][trace] GC(78) _eden_chunk_array[219]=0x00000000f9f29f98
[2025-08-08T15:28:02.999+0000][448.646s][1][129][trace] GC(78) _eden_chunk_array[220]=0x00000000f9f5a8a0
[2025-08-08T15:28:02.999+0000][448.646s][1][129][trace] GC(78) _eden_chunk_array[221]=0x00000000f9f7c660
[2025-08-08T15:28:02.999+0000][448.646s][1][129][trace] GC(78) _eden_chunk_array[222]=0x00000000f9face00
[2025-08-08T15:28:02.999+0000][448.646s][1][129][trace] GC(78) _eden_chunk_array[223]=0x00000000f9ff7b10
[2025-08-08T15:28:02.999+0000][448.646s][1][129][trace] GC(78) _eden_chunk_array[224]=0x00000000fa02c5f8
[2025-08-08T15:28:02.999+0000][448.646s][1][129][trace] GC(78) _eden_chunk_array[225]=0x00000000fa062c58
[2025-08-08T15:28:02.999+0000][448.646s][1][129][trace] GC(78) _eden_chunk_array[226]=0x00000000fa097708
[2025-08-08T15:28:02.999+0000][448.646s][1][129][trace] GC(78) _eden_chunk_array[227]=0x00000000fa0bc180
[2025-08-08T15:28:02.999+0000][448.646s][1][129][trace] GC(78) _eden_chunk_array[228]=0x00000000fa0de9f8
[2025-08-08T15:28:02.999+0000][448.646s][1][129][trace] GC(78) _eden_chunk_array[229]=0x00000000fa13f660
[2025-08-08T15:28:02.999+0000][448.646s][1][129][trace] GC(78) _eden_chunk_array[230]=0x00000000fa173430
[2025-08-08T15:28:02.999+0000][448.646s][1][129][trace] GC(78) _eden_chunk_array[231]=0x00000000fa1a09b8
[2025-08-08T15:28:02.999+0000][448.646s][1][129][trace] GC(78) _eden_chunk_array[232]=0x00000000fa1ca1f8
[2025-08-08T15:28:02.999+0000][448.646s][1][129][trace] GC(78) _eden_chunk_array[233]=0x00000000fa1eb6b0
[2025-08-08T15:28:02.999+0000][448.646s][1][129][trace] GC(78) _eden_chunk_array[234]=0x00000000fa20cb48
[2025-08-08T15:28:02.999+0000][448.646s][1][129][trace] GC(78) _eden_chunk_array[235]=0x00000000fa22e018
[2025-08-08T15:28:02.999+0000][448.646s][1][129][trace] GC(78) _eden_chunk_array[236]=0x00000000fa24f4e8
[2025-08-08T15:28:02.999+0000][448.646s][1][129][trace] GC(78) _eden_chunk_array[237]=0x00000000fa278990
[2025-08-08T15:28:02.999+0000][448.646s][1][129][trace] GC(78) _eden_chunk_array[238]=0x00000000fa299e38
[2025-08-08T15:28:02.999+0000][448.646s][1][129][trace] GC(78) _eden_chunk_array[239]=0x00000000fa2c3690
[2025-08-08T15:28:02.999+0000][448.646s][1][129][trace] GC(78) _eden_chunk_array[240]=0x00000000fa2f3e38
[2025-08-08T15:28:02.999+0000][448.646s][1][129][trace] GC(78) _eden_chunk_array[241]=0x00000000fa3245e0
[2025-08-08T15:28:02.999+0000][448.646s][1][129][trace] GC(78) _eden_chunk_array[242]=0x00000000fa34aeb0
[2025-08-08T15:28:02.999+0000][448.646s][1][129][trace] GC(78) _eden_chunk_array[243]=0x00000000fa374360
[2025-08-08T15:28:02.999+0000][448.646s][1][129][trace] GC(78) _eden_chunk_array[244]=0x00000000fa3e0970
[2025-08-08T15:28:02.999+0000][448.646s][1][129][trace] GC(78) _eden_chunk_array[245]=0x00000000fa414af8
[2025-08-08T15:28:02.999+0000][448.646s][1][129][trace] GC(78) _eden_chunk_array[246]=0x00000000fa43d3d0
[2025-08-08T15:28:02.999+0000][448.646s][1][129][trace] GC(78) _eden_chunk_array[247]=0x00000000fa4615c0
[2025-08-08T15:28:02.999+0000][448.646s][1][129][trace] GC(78) _eden_chunk_array[248]=0x00000000fa4cdb48
[2025-08-08T15:28:02.999+0000][448.646s][1][129][trace] GC(78) _eden_chunk_array[249]=0x00000000fa4f7370
[2025-08-08T15:28:02.999+0000][448.646s][1][129][trace] GC(78) _eden_chunk_array[250]=0x00000000fa5203f0
[2025-08-08T15:28:02.999+0000][448.646s][1][129][trace] GC(78) _eden_chunk_array[251]=0x00000000fa549c38
[2025-08-08T15:28:02.999+0000][448.646s][1][129][trace] GC(78) _eden_chunk_array[252]=0x00000000fa57a3d8
[2025-08-08T15:28:02.999+0000][448.646s][1][129][trace] GC(78) _eden_chunk_array[253]=0x00000000fa5a3c10
[2025-08-08T15:28:02.999+0000][448.646s][1][129][trace] GC(78) _eden_chunk_array[254]=0x00000000fa5d43a0
[2025-08-08T15:28:02.999+0000][448.646s][1][129][trace] GC(78) _eden_chunk_array[255]=0x00000000fa5fdbc8
[2025-08-08T15:28:02.999+0000][448.646s][1][129][trace] GC(78) _eden_chunk_array[256]=0x00000000fa627418
[2025-08-08T15:28:02.999+0000][448.646s][1][129][trace] GC(78) _eden_chunk_array[257]=0x00000000fa64f488
[2025-08-08T15:28:02.999+0000][448.646s][1][129][trace] GC(78) survivor 0x00000000fd410000-0x00000000fd410000-0x00000000fe780000(20381696)
[2025-08-08T15:28:02.999+0000][448.646s][1][129][trace] GC(78) _survivor_chunk_index=0, _survivor_chunk_capacity=9952
[2025-08-08T15:28:03.039+0000][448.686s][1][129][info ] GC(78) Pause Remark 115M->115M(180M) 41.264ms
[2025-08-08T15:28:03.039+0000][448.686s][1][129][info ] Leaving safepoint region
[2025-08-08T15:28:03.039+0000][448.686s][1][129][info ] Total time for which application threads were stopped: 0.0415872 seconds, Stopping threads took: 0.0000400 seconds
[2025-08-08T15:28:03.039+0000][448.686s][1][128][info ] GC(78) Concurrent Sweep
[2025-08-08T15:28:03.040+0000][448.688s][1][128][info ] GC(78) Concurrent Sweep 1.389ms
[2025-08-08T15:28:03.040+0000][448.688s][1][128][info ] GC(78) Concurrent Reset
[2025-08-08T15:28:03.040+0000][448.688s][1][128][info ] GC(78) Concurrent Reset 0.041ms
[2025-08-08T15:28:03.040+0000][448.688s][1][128][info ] GC(78) Old: 5183K->5183K(5184K)
[2025-08-08T15:28:04.039+0000][449.687s][1][129][info ] Application time: 1.0005517 seconds
[2025-08-08T15:28:04.040+0000][449.687s][1][129][info ] Entering safepoint region: Cleanup
[2025-08-08T15:28:04.040+0000][449.687s][1][129][info ] Leaving safepoint region
[2025-08-08T15:28:04.040+0000][449.687s][1][129][info ] Total time for which application threads were stopped: 0.0005032 seconds, Stopping threads took: 0.0002777 seconds
[2025-08-08T15:28:11.044+0000][456.691s][1][129][info ] Application time: 7.0041632 seconds
[2025-08-08T15:28:11.044+0000][456.691s][1][129][info ] Entering safepoint region: Cleanup
[2025-08-08T15:28:11.044+0000][456.692s][1][129][info ] Leaving safepoint region
[2025-08-08T15:28:11.044+0000][456.692s][1][129][info ] Total time for which application threads were stopped: 0.0002434 seconds, Stopping threads took: 0.0000367 seconds
[2025-08-08T15:28:13.040+0000][458.688s][1][129][info ] Application time: 1.9959232 seconds
[2025-08-08T15:28:13.040+0000][458.688s][1][129][info ] Entering safepoint region: CMS_Initial_Mark
[2025-08-08T15:28:13.041+0000][458.688s][1][129][trace] GC(79) eden 0x00000000f3800000-0x00000000fadf6870-0x00000000fd410000(163643392)
[2025-08-08T15:28:13.041+0000][458.688s][1][129][trace] GC(79) _eden_chunk_index=295, _eden_chunk_capacity=11233
[2025-08-08T15:28:13.041+0000][458.688s][1][129][trace] GC(79) _eden_chunk_array[0]=0x00000000f74596b0
[2025-08-08T15:28:13.041+0000][458.688s][1][129][trace] GC(79) _eden_chunk_array[1]=0x00000000f74ac5b8
[2025-08-08T15:28:13.041+0000][458.688s][1][129][trace] GC(79) _eden_chunk_array[2]=0x00000000f74d55e8
[2025-08-08T15:28:13.041+0000][458.688s][1][129][trace] GC(79) _eden_chunk_array[3]=0x00000000f7504058
[2025-08-08T15:28:13.041+0000][458.688s][1][129][trace] GC(79) _eden_chunk_array[4]=0x00000000f7524f88
[2025-08-08T15:28:13.041+0000][458.688s][1][129][trace] GC(79) _eden_chunk_array[5]=0x00000000f754e7c0
[2025-08-08T15:28:13.041+0000][458.688s][1][129][trace] GC(79) _eden_chunk_array[6]=0x00000000f7577fe0
[2025-08-08T15:28:13.041+0000][458.688s][1][129][trace] GC(79) _eden_chunk_array[7]=0x00000000f75a71a8
[2025-08-08T15:28:13.041+0000][458.688s][1][129][trace] GC(79) _eden_chunk_array[8]=0x00000000f75f58d8
[2025-08-08T15:28:13.041+0000][458.688s][1][129][trace] GC(79) _eden_chunk_array[9]=0x00000000f761a640
[2025-08-08T15:28:13.041+0000][458.688s][1][129][trace] GC(79) _eden_chunk_array[10]=0x00000000f76649c8
[2025-08-08T15:28:13.041+0000][458.688s][1][129][trace] GC(79) _eden_chunk_array[11]=0x00000000f76854f8
[2025-08-08T15:28:13.041+0000][458.688s][1][129][trace] GC(79) _eden_chunk_array[12]=0x00000000f76d4790
[2025-08-08T15:28:13.041+0000][458.688s][1][129][trace] GC(79) _eden_chunk_array[13]=0x00000000f7704f20
[2025-08-08T15:28:13.041+0000][458.688s][1][129][trace] GC(79) _eden_chunk_array[14]=0x00000000f7751bd0
[2025-08-08T15:28:13.041+0000][458.688s][1][129][trace] GC(79) _eden_chunk_array[15]=0x00000000f777a4b0
[2025-08-08T15:28:13.041+0000][458.688s][1][129][trace] GC(79) _eden_chunk_array[16]=0x00000000f77a4c70
[2025-08-08T15:28:13.041+0000][458.688s][1][129][trace] GC(79) _eden_chunk_array[17]=0x00000000f7810a48
[2025-08-08T15:28:13.041+0000][458.688s][1][129][trace] GC(79) _eden_chunk_array[18]=0x00000000f78454f8
[2025-08-08T15:28:13.041+0000][458.688s][1][129][trace] GC(79) _eden_chunk_array[19]=0x00000000f7879fb0
[2025-08-08T15:28:13.041+0000][458.688s][1][129][trace] GC(79) _eden_chunk_array[20]=0x00000000f78aea98
[2025-08-08T15:28:13.041+0000][458.688s][1][129][trace] GC(79) _eden_chunk_array[21]=0x00000000f78d8f40
[2025-08-08T15:28:13.041+0000][458.688s][1][129][trace] GC(79) _eden_chunk_array[22]=0x00000000f79059a8
[2025-08-08T15:28:13.041+0000][458.688s][1][129][trace] GC(79) _eden_chunk_array[23]=0x00000000f7968da8
[2025-08-08T15:28:13.041+0000][458.688s][1][129][trace] GC(79) _eden_chunk_array[24]=0x00000000f79891e8
[2025-08-08T15:28:13.041+0000][458.688s][1][129][trace] GC(79) _eden_chunk_array[25]=0x00000000f79b18e8
[2025-08-08T15:28:13.041+0000][458.688s][1][129][trace] GC(79) _eden_chunk_array[26]=0x00000000f79d1ad8
[2025-08-08T15:28:13.041+0000][458.688s][1][129][trace] GC(79) _eden_chunk_array[27]=0x00000000f7a16618
[2025-08-08T15:28:13.041+0000][458.688s][1][129][trace] GC(79) _eden_chunk_array[28]=0x00000000f7a46d00
[2025-08-08T15:28:13.041+0000][458.688s][1][129][trace] GC(79) _eden_chunk_array[29]=0x00000000f7a8fd38
[2025-08-08T15:28:13.041+0000][458.688s][1][129][trace] GC(79) _eden_chunk_array[30]=0x00000000f7ad8d90
[2025-08-08T15:28:13.041+0000][458.688s][1][129][trace] GC(79) _eden_chunk_array[31]=0x00000000f7b2a5c0
[2025-08-08T15:28:13.041+0000][458.688s][1][129][trace] GC(79) _eden_chunk_array[32]=0x00000000f7b87ac8
[2025-08-08T15:28:13.041+0000][458.688s][1][129][trace] GC(79) _eden_chunk_array[33]=0x00000000f7bad890
[2025-08-08T15:28:13.041+0000][458.688s][1][129][trace] GC(79) _eden_chunk_array[34]=0x00000000f7bce290
[2025-08-08T15:28:13.041+0000][458.688s][1][129][trace] GC(79) _eden_chunk_array[35]=0x00000000f7bef940
[2025-08-08T15:28:13.041+0000][458.688s][1][129][trace] GC(79) _eden_chunk_array[36]=0x00000000f7c20f50
[2025-08-08T15:28:13.041+0000][458.688s][1][129][trace] GC(79) _eden_chunk_array[37]=0x00000000f7c53e40
[2025-08-08T15:28:13.041+0000][458.688s][1][129][trace] GC(79) _eden_chunk_array[38]=0x00000000f7c79888
[2025-08-08T15:28:13.041+0000][458.688s][1][129][trace] GC(79) _eden_chunk_array[39]=0x00000000f7c9ea88
[2025-08-08T15:28:13.041+0000][458.688s][1][129][trace] GC(79) _eden_chunk_array[40]=0x00000000f7cc3cb8
[2025-08-08T15:28:13.041+0000][458.688s][1][129][trace] GC(79) _eden_chunk_array[41]=0x00000000f7ceaaa0
[2025-08-08T15:28:13.041+0000][458.688s][1][129][trace] GC(79) _eden_chunk_array[42]=0x00000000f7d0b440
[2025-08-08T15:28:13.041+0000][458.688s][1][129][trace] GC(79) _eden_chunk_array[43]=0x00000000f7d30640
[2025-08-08T15:28:13.041+0000][458.688s][1][129][trace] GC(79) _eden_chunk_array[44]=0x00000000f7d9da90
[2025-08-08T15:28:13.041+0000][458.688s][1][129][trace] GC(79) _eden_chunk_array[45]=0x00000000f7dd09f8
[2025-08-08T15:28:13.041+0000][458.688s][1][129][trace] GC(79) _eden_chunk_array[46]=0x00000000f7df56f0
[2025-08-08T15:28:13.041+0000][458.688s][1][129][trace] GC(79) _eden_chunk_array[47]=0x00000000f7e1ad98
[2025-08-08T15:28:13.041+0000][458.688s][1][129][trace] GC(79) _eden_chunk_array[48]=0x00000000f7e88158
[2025-08-08T15:28:13.041+0000][458.688s][1][129][trace] GC(79) _eden_chunk_array[49]=0x00000000f7eb0348
[2025-08-08T15:28:13.041+0000][458.688s][1][129][trace] GC(79) _eden_chunk_array[50]=0x00000000f7ed5e98
[2025-08-08T15:28:13.041+0000][458.688s][1][129][trace] GC(79) _eden_chunk_array[51]=0x00000000f7f02cb8
[2025-08-08T15:28:13.041+0000][458.688s][1][129][trace] GC(79) _eden_chunk_array[52]=0x00000000f7f29820
[2025-08-08T15:28:13.041+0000][458.688s][1][129][trace] GC(79) _eden_chunk_array[53]=0x00000000f7f50380
[2025-08-08T15:28:13.041+0000][458.688s][1][129][trace] GC(79) _eden_chunk_array[54]=0x00000000f7f78570
[2025-08-08T15:28:13.041+0000][458.688s][1][129][trace] GC(79) _eden_chunk_array[55]=0x00000000f7f9f118
[2025-08-08T15:28:13.041+0000][458.688s][1][129][trace] GC(79) _eden_chunk_array[56]=0x00000000f7fd1398
[2025-08-08T15:28:13.041+0000][458.688s][1][129][trace] GC(79) _eden_chunk_array[57]=0x00000000f7ff15f0
[2025-08-08T15:28:13.041+0000][458.688s][1][129][trace] GC(79) _eden_chunk_array[58]=0x00000000f8021d80
[2025-08-08T15:28:13.041+0000][458.688s][1][129][trace] GC(79) _eden_chunk_array[59]=0x00000000f8052520
[2025-08-08T15:28:13.041+0000][458.688s][1][129][trace] GC(79) _eden_chunk_array[60]=0x00000000f8078698
[2025-08-08T15:28:13.041+0000][458.688s][1][129][trace] GC(79) _eden_chunk_array[61]=0x00000000f809e8f8
[2025-08-08T15:28:13.041+0000][458.688s][1][129][trace] GC(79) _eden_chunk_array[62]=0x00000000f80c9470
[2025-08-08T15:28:13.041+0000][458.688s][1][129][trace] GC(79) _eden_chunk_array[63]=0x00000000f8101478
[2025-08-08T15:28:13.041+0000][458.688s][1][129][trace] GC(79) _eden_chunk_array[64]=0x00000000f8128fa8
[2025-08-08T15:28:13.041+0000][458.688s][1][129][trace] GC(79) _eden_chunk_array[65]=0x00000000f81516c0
[2025-08-08T15:28:13.041+0000][458.688s][1][129][trace] GC(79) _eden_chunk_array[66]=0x00000000f81bc790
[2025-08-08T15:28:13.041+0000][458.688s][1][129][trace] GC(79) _eden_chunk_array[67]=0x00000000f821fae0
[2025-08-08T15:28:13.041+0000][458.688s][1][129][trace] GC(79) _eden_chunk_array[68]=0x00000000f8245540
[2025-08-08T15:28:13.041+0000][458.688s][1][129][trace] GC(79) _eden_chunk_array[69]=0x00000000f826afc0
[2025-08-08T15:28:13.041+0000][458.688s][1][129][trace] GC(79) _eden_chunk_array[70]=0x00000000f82909f8
[2025-08-08T15:28:13.041+0000][458.688s][1][129][trace] GC(79) _eden_chunk_array[71]=0x00000000f82b6460
[2025-08-08T15:28:13.041+0000][458.688s][1][129][trace] GC(79) _eden_chunk_array[72]=0x00000000f82dbef0
[2025-08-08T15:28:13.041+0000][458.688s][1][129][trace] GC(79) _eden_chunk_array[73]=0x00000000f8301998
[2025-08-08T15:28:13.041+0000][458.688s][1][129][trace] GC(79) _eden_chunk_array[74]=0x00000000f83398c8
[2025-08-08T15:28:13.041+0000][458.688s][1][129][trace] GC(79) _eden_chunk_array[75]=0x00000000f835b020
[2025-08-08T15:28:13.041+0000][458.688s][1][129][trace] GC(79) _eden_chunk_array[76]=0x00000000f8381080
[2025-08-08T15:28:13.041+0000][458.688s][1][129][trace] GC(79) _eden_chunk_array[77]=0x00000000f83daa10
[2025-08-08T15:28:13.041+0000][458.688s][1][129][trace] GC(79) _eden_chunk_array[78]=0x00000000f8409a80
[2025-08-08T15:28:13.041+0000][458.688s][1][129][trace] GC(79) _eden_chunk_array[79]=0x00000000f842d588
[2025-08-08T15:28:13.041+0000][458.688s][1][129][trace] GC(79) _eden_chunk_array[80]=0x00000000f8485750
[2025-08-08T15:28:13.041+0000][458.688s][1][129][trace] GC(79) _eden_chunk_array[81]=0x00000000f84b3020
[2025-08-08T15:28:13.041+0000][458.688s][1][129][trace] GC(79) _eden_chunk_array[82]=0x00000000f84db8f8
[2025-08-08T15:28:13.041+0000][458.688s][1][129][trace] GC(79) _eden_chunk_array[83]=0x00000000f850c098
[2025-08-08T15:28:13.041+0000][458.688s][1][129][trace] GC(79) _eden_chunk_array[84]=0x00000000f8534970
[2025-08-08T15:28:13.041+0000][458.688s][1][129][trace] GC(79) _eden_chunk_array[85]=0x00000000f8565110
[2025-08-08T15:28:13.041+0000][458.688s][1][129][trace] GC(79) _eden_chunk_array[86]=0x00000000f85b6928
[2025-08-08T15:28:13.041+0000][458.688s][1][129][trace] GC(79) _eden_chunk_array[87]=0x00000000f85df230
[2025-08-08T15:28:13.041+0000][458.688s][1][129][trace] GC(79) _eden_chunk_array[88]=0x00000000f8607b20
[2025-08-08T15:28:13.041+0000][458.688s][1][129][trace] GC(79) _eden_chunk_array[89]=0x00000000f862e828
[2025-08-08T15:28:13.041+0000][458.688s][1][129][trace] GC(79) _eden_chunk_array[90]=0x00000000f8653490
[2025-08-08T15:28:13.041+0000][458.688s][1][129][trace] GC(79) _eden_chunk_array[91]=0x00000000f8674438
[2025-08-08T15:28:13.041+0000][458.688s][1][129][trace] GC(79) _eden_chunk_array[92]=0x00000000f869b2d8
[2025-08-08T15:28:13.041+0000][458.688s][1][129][trace] GC(79) _eden_chunk_array[93]=0x00000000f86bfc78
[2025-08-08T15:28:13.041+0000][458.688s][1][129][trace] GC(79) _eden_chunk_array[94]=0x00000000f86e6630
[2025-08-08T15:28:13.041+0000][458.688s][1][129][trace] GC(79) _eden_chunk_array[95]=0x00000000f871a5d0
[2025-08-08T15:28:13.041+0000][458.688s][1][129][trace] GC(79) _eden_chunk_array[96]=0x00000000f87464f8
[2025-08-08T15:28:13.041+0000][458.688s][1][129][trace] GC(79) _eden_chunk_array[97]=0x00000000f877af98
[2025-08-08T15:28:13.041+0000][458.688s][1][129][trace] GC(79) _eden_chunk_array[98]=0x00000000f87e6d28
[2025-08-08T15:28:13.041+0000][458.688s][1][129][trace] GC(79) _eden_chunk_array[99]=0x00000000f88174d0
[2025-08-08T15:28:13.041+0000][458.688s][1][129][trace] GC(79) _eden_chunk_array[100]=0x00000000f884bfe0
[2025-08-08T15:28:13.041+0000][458.688s][1][129][trace] GC(79) _eden_chunk_array[101]=0x00000000f8880a90
[2025-08-08T15:28:13.041+0000][458.688s][1][129][trace] GC(79) _eden_chunk_array[102]=0x00000000f88a8fa0
[2025-08-08T15:28:13.041+0000][458.688s][1][129][trace] GC(79) _eden_chunk_array[103]=0x00000000f88ca4d8
[2025-08-08T15:28:13.041+0000][458.688s][1][129][trace] GC(79) _eden_chunk_array[104]=0x00000000f88f0e68
[2025-08-08T15:28:13.041+0000][458.688s][1][129][trace] GC(79) _eden_chunk_array[105]=0x00000000f8914998
[2025-08-08T15:28:13.041+0000][458.688s][1][129][trace] GC(79) _eden_chunk_array[106]=0x00000000f8943b50
[2025-08-08T15:28:13.041+0000][458.688s][1][129][trace] GC(79) _eden_chunk_array[107]=0x00000000f8967d68
[2025-08-08T15:28:13.041+0000][458.688s][1][129][trace] GC(79) _eden_chunk_array[108]=0x00000000f8991360
[2025-08-08T15:28:13.041+0000][458.688s][1][129][trace] GC(79) _eden_chunk_array[109]=0x00000000f89b7ec0
[2025-08-08T15:28:13.041+0000][458.688s][1][129][trace] GC(79) _eden_chunk_array[110]=0x00000000f89deaa8
[2025-08-08T15:28:13.041+0000][458.688s][1][129][trace] GC(79) _eden_chunk_array[111]=0x00000000f8a01e48
[2025-08-08T15:28:13.041+0000][458.688s][1][129][trace] GC(79) _eden_chunk_array[112]=0x00000000f8a289a8
[2025-08-08T15:28:13.041+0000][458.688s][1][129][trace] GC(79) _eden_chunk_array[113]=0x00000000f8a4f518
[2025-08-08T15:28:13.041+0000][458.688s][1][129][trace] GC(79) _eden_chunk_array[114]=0x00000000f8a9dc58
[2025-08-08T15:28:13.041+0000][458.688s][1][129][trace] GC(79) _eden_chunk_array[115]=0x00000000f8ac4d88
[2025-08-08T15:28:13.041+0000][458.688s][1][129][trace] GC(79) _eden_chunk_array[116]=0x00000000f8aebd28
[2025-08-08T15:28:13.041+0000][458.688s][1][129][trace] GC(79) _eden_chunk_array[117]=0x00000000f8b48a38
[2025-08-08T15:28:13.041+0000][458.688s][1][129][trace] GC(79) _eden_chunk_array[118]=0x00000000f8b6d790
[2025-08-08T15:28:13.041+0000][458.688s][1][129][trace] GC(79) _eden_chunk_array[119]=0x00000000f8b911e8
[2025-08-08T15:28:13.041+0000][458.688s][1][129][trace] GC(79) _eden_chunk_array[120]=0x00000000f8bef900
[2025-08-08T15:28:13.041+0000][458.688s][1][129][trace] GC(79) _eden_chunk_array[121]=0x00000000f8c335d8
[2025-08-08T15:28:13.041+0000][458.688s][1][129][trace] GC(79) _eden_chunk_array[122]=0x00000000f8c8e5a0
[2025-08-08T15:28:13.041+0000][458.688s][1][129][trace] GC(79) _eden_chunk_array[123]=0x00000000f8caff78
[2025-08-08T15:28:13.041+0000][458.688s][1][129][trace] GC(79) _eden_chunk_array[124]=0x00000000f8cdd530
[2025-08-08T15:28:13.041+0000][458.688s][1][129][trace] GC(79) _eden_chunk_array[125]=0x00000000f8d08b20
[2025-08-08T15:28:13.041+0000][458.688s][1][129][trace] GC(79) _eden_chunk_array[126]=0x00000000f8d3f138
[2025-08-08T15:28:13.041+0000][458.688s][1][129][trace] GC(79) _eden_chunk_array[127]=0x00000000f8daaec8
[2025-08-08T15:28:13.041+0000][458.688s][1][129][trace] GC(79) _eden_chunk_array[128]=0x00000000f8ddf970
[2025-08-08T15:28:13.041+0000][458.688s][1][129][trace] GC(79) _eden_chunk_array[129]=0x00000000f8e14438
[2025-08-08T15:28:13.041+0000][458.688s][1][129][trace] GC(79) _eden_chunk_array[130]=0x00000000f8e36208
[2025-08-08T15:28:13.041+0000][458.688s][1][129][trace] GC(79) _eden_chunk_array[131]=0x00000000f8e60288
[2025-08-08T15:28:13.041+0000][458.688s][1][129][trace] GC(79) _eden_chunk_array[132]=0x00000000f8eace78
[2025-08-08T15:28:13.041+0000][458.688s][1][129][trace] GC(79) _eden_chunk_array[133]=0x00000000f8ee1548
[2025-08-08T15:28:13.041+0000][458.688s][1][129][trace] GC(79) _eden_chunk_array[134]=0x00000000f8f07f38
[2025-08-08T15:28:13.041+0000][458.688s][1][129][trace] GC(79) _eden_chunk_array[135]=0x00000000f8f3d1f8
[2025-08-08T15:28:13.041+0000][458.688s][1][129][trace] GC(79) _eden_chunk_array[136]=0x00000000f8f6c388
[2025-08-08T15:28:13.041+0000][458.688s][1][129][trace] GC(79) _eden_chunk_array[137]=0x00000000f8f9b4f0
[2025-08-08T15:28:13.041+0000][458.688s][1][129][trace] GC(79) _eden_chunk_array[138]=0x00000000f8fd1ce8
[2025-08-08T15:28:13.041+0000][458.688s][1][129][trace] GC(79) _eden_chunk_array[139]=0x00000000f9000e68
[2025-08-08T15:28:13.041+0000][458.688s][1][129][trace] GC(79) _eden_chunk_array[140]=0x00000000f902ffd0
[2025-08-08T15:28:13.041+0000][458.688s][1][129][trace] GC(79) _eden_chunk_array[141]=0x00000000f9064aa0
[2025-08-08T15:28:13.041+0000][458.688s][1][129][trace] GC(79) _eden_chunk_array[142]=0x00000000f90b31d8
[2025-08-08T15:28:13.041+0000][458.688s][1][129][trace] GC(79) _eden_chunk_array[143]=0x00000000f90da820
[2025-08-08T15:28:13.041+0000][458.688s][1][129][trace] GC(79) _eden_chunk_array[144]=0x00000000f9101ba0
[2025-08-08T15:28:13.041+0000][458.688s][1][129][trace] GC(79) _eden_chunk_array[145]=0x00000000f912f280
[2025-08-08T15:28:13.041+0000][458.688s][1][129][trace] GC(79) _eden_chunk_array[146]=0x00000000f9189620
[2025-08-08T15:28:13.041+0000][458.688s][1][129][trace] GC(79) _eden_chunk_array[147]=0x00000000f91bd578
[2025-08-08T15:28:13.041+0000][458.688s][1][129][trace] GC(79) _eden_chunk_array[148]=0x00000000f91e7e78
[2025-08-08T15:28:13.041+0000][458.688s][1][129][trace] GC(79) _eden_chunk_array[149]=0x00000000f924aa20
[2025-08-08T15:28:13.041+0000][458.688s][1][129][trace] GC(79) _eden_chunk_array[150]=0x00000000f9272000
[2025-08-08T15:28:13.041+0000][458.688s][1][129][trace] GC(79) _eden_chunk_array[151]=0x00000000f9297998
[2025-08-08T15:28:13.041+0000][458.688s][1][129][trace] GC(79) _eden_chunk_array[152]=0x00000000f92c8138
[2025-08-08T15:28:13.041+0000][458.688s][1][129][trace] GC(79) _eden_chunk_array[153]=0x00000000f92edaa0
[2025-08-08T15:28:13.041+0000][458.688s][1][129][trace] GC(79) _eden_chunk_array[154]=0x00000000f9313428
[2025-08-08T15:28:13.041+0000][458.688s][1][129][trace] GC(79) _eden_chunk_array[155]=0x00000000f9338dc8
[2025-08-08T15:28:13.041+0000][458.688s][1][129][trace] GC(79) _eden_chunk_array[156]=0x00000000f935e778
[2025-08-08T15:28:13.041+0000][458.688s][1][129][trace] GC(79) _eden_chunk_array[157]=0x00000000f9387c48
[2025-08-08T15:28:13.041+0000][458.688s][1][129][trace] GC(79) _eden_chunk_array[158]=0x00000000f93b50b8
[2025-08-08T15:28:13.041+0000][458.688s][1][129][trace] GC(79) _eden_chunk_array[159]=0x00000000f93da618
[2025-08-08T15:28:13.041+0000][458.688s][1][129][trace] GC(79) _eden_chunk_array[160]=0x00000000f9417650
[2025-08-08T15:28:13.041+0000][458.688s][1][129][trace] GC(79) _eden_chunk_array[161]=0x00000000f943acc8
[2025-08-08T15:28:13.041+0000][458.688s][1][129][trace] GC(79) _eden_chunk_array[162]=0x00000000f9464500
[2025-08-08T15:28:13.041+0000][458.688s][1][129][trace] GC(79) _eden_chunk_array[163]=0x00000000f948e178
[2025-08-08T15:28:13.041+0000][458.688s][1][129][trace] GC(79) _eden_chunk_array[164]=0x00000000f94b8238
[2025-08-08T15:28:13.041+0000][458.688s][1][129][trace] GC(79) _eden_chunk_array[165]=0x00000000f95197e8
[2025-08-08T15:28:13.041+0000][458.688s][1][129][trace] GC(79) _eden_chunk_array[166]=0x00000000f9542118
[2025-08-08T15:28:13.041+0000][458.688s][1][129][trace] GC(79) _eden_chunk_array[167]=0x00000000f9567aa0
[2025-08-08T15:28:13.041+0000][458.688s][1][129][trace] GC(79) _eden_chunk_array[168]=0x00000000f9591b48
[2025-08-08T15:28:13.041+0000][458.688s][1][129][trace] GC(79) _eden_chunk_array[169]=0x00000000f95bbc00
[2025-08-08T15:28:13.041+0000][458.688s][1][129][trace] GC(79) _eden_chunk_array[170]=0x00000000f95e5cc0
[2025-08-08T15:28:13.041+0000][458.688s][1][129][trace] GC(79) _eden_chunk_array[171]=0x00000000f960fd68
[2025-08-08T15:28:13.041+0000][458.688s][1][129][trace] GC(79) _eden_chunk_array[172]=0x00000000f965e498
[2025-08-08T15:28:13.041+0000][458.688s][1][129][trace] GC(79) _eden_chunk_array[173]=0x00000000f9681860
[2025-08-08T15:28:13.041+0000][458.688s][1][129][trace] GC(79) _eden_chunk_array[174]=0x00000000f96a4070
[2025-08-08T15:28:13.041+0000][458.688s][1][129][trace] GC(79) _eden_chunk_array[175]=0x00000000f96c6188
[2025-08-08T15:28:13.041+0000][458.688s][1][129][trace] GC(79) _eden_chunk_array[176]=0x00000000f96f0fd8
[2025-08-08T15:28:13.041+0000][458.688s][1][129][trace] GC(79) _eden_chunk_array[177]=0x00000000f9713e68
[2025-08-08T15:28:13.041+0000][458.688s][1][129][trace] GC(79) _eden_chunk_array[178]=0x00000000f97368f0
[2025-08-08T15:28:13.041+0000][458.688s][1][129][trace] GC(79) _eden_chunk_array[179]=0x00000000f9759728
[2025-08-08T15:28:13.041+0000][458.688s][1][129][trace] GC(79) _eden_chunk_array[180]=0x00000000f977aab8
[2025-08-08T15:28:13.041+0000][458.688s][1][129][trace] GC(79) _eden_chunk_array[181]=0x00000000f979d8d8
[2025-08-08T15:28:13.041+0000][458.688s][1][129][trace] GC(79) _eden_chunk_array[182]=0x00000000f97c8718
[2025-08-08T15:28:13.041+0000][458.688s][1][129][trace] GC(79) _eden_chunk_array[183]=0x00000000f97f4440
[2025-08-08T15:28:13.041+0000][458.688s][1][129][trace] GC(79) _eden_chunk_array[184]=0x00000000f981db60
[2025-08-08T15:28:13.041+0000][458.688s][1][129][trace] GC(79) _eden_chunk_array[185]=0x00000000f9849888
[2025-08-08T15:28:13.041+0000][458.688s][1][129][trace] GC(79) _eden_chunk_array[186]=0x00000000f98b8410
[2025-08-08T15:28:13.041+0000][458.688s][1][129][trace] GC(79) _eden_chunk_array[187]=0x00000000f98ec3e8
[2025-08-08T15:28:13.041+0000][458.688s][1][129][trace] GC(79) _eden_chunk_array[188]=0x00000000f990dc78
[2025-08-08T15:28:13.041+0000][458.688s][1][129][trace] GC(79) _eden_chunk_array[189]=0x00000000f9932348
[2025-08-08T15:28:13.041+0000][458.688s][1][129][trace] GC(79) _eden_chunk_array[190]=0x00000000f99892b8
[2025-08-08T15:28:13.041+0000][458.688s][1][129][trace] GC(79) _eden_chunk_array[191]=0x00000000f99d5db8
[2025-08-08T15:28:13.041+0000][458.688s][1][129][trace] GC(79) _eden_chunk_array[192]=0x00000000f9a070a8
[2025-08-08T15:28:13.041+0000][458.688s][1][129][trace] GC(79) _eden_chunk_array[193]=0x00000000f9a308c8
[2025-08-08T15:28:13.041+0000][458.688s][1][129][trace] GC(79) _eden_chunk_array[194]=0x00000000f9a5a0f8
[2025-08-08T15:28:13.041+0000][458.688s][1][129][trace] GC(79) _eden_chunk_array[195]=0x00000000f9a83938
[2025-08-08T15:28:13.041+0000][458.688s][1][129][trace] GC(79) _eden_chunk_array[196]=0x00000000f9aad178
[2025-08-08T15:28:13.041+0000][458.688s][1][129][trace] GC(79) _eden_chunk_array[197]=0x00000000f9ad69a8
[2025-08-08T15:28:13.041+0000][458.688s][1][129][trace] GC(79) _eden_chunk_array[198]=0x00000000f9b03f40
[2025-08-08T15:28:13.041+0000][458.688s][1][129][trace] GC(79) _eden_chunk_array[199]=0x00000000f9b55758
[2025-08-08T15:28:13.041+0000][458.688s][1][129][trace] GC(79) _eden_chunk_array[200]=0x00000000f9b80550
[2025-08-08T15:28:13.041+0000][458.688s][1][129][trace] GC(79) _eden_chunk_array[201]=0x00000000f9ba7690
[2025-08-08T15:28:13.041+0000][458.688s][1][129][trace] GC(79) _eden_chunk_array[202]=0x00000000f9bc7910
[2025-08-08T15:28:13.041+0000][458.688s][1][129][trace] GC(79) _eden_chunk_array[203]=0x00000000f9c25260
[2025-08-08T15:28:13.041+0000][458.688s][1][129][trace] GC(79) _eden_chunk_array[204]=0x00000000f9c48830
[2025-08-08T15:28:13.041+0000][458.688s][1][129][trace] GC(79) _eden_chunk_array[205]=0x00000000f9c6f7f0
[2025-08-08T15:28:13.041+0000][458.688s][1][129][trace] GC(79) _eden_chunk_array[206]=0x00000000f9ca42a8
[2025-08-08T15:28:13.041+0000][458.688s][1][129][trace] GC(79) _eden_chunk_array[207]=0x00000000f9cd9558
[2025-08-08T15:28:13.041+0000][458.688s][1][129][trace] GC(79) _eden_chunk_array[208]=0x00000000f9d0e830
[2025-08-08T15:28:13.041+0000][458.688s][1][129][trace] GC(79) _eden_chunk_array[209]=0x00000000f9d38af8
[2025-08-08T15:28:13.041+0000][458.688s][1][129][trace] GC(79) _eden_chunk_array[210]=0x00000000f9d6ddd0
[2025-08-08T15:28:13.041+0000][458.688s][1][129][trace] GC(79) _eden_chunk_array[211]=0x00000000f9dd3018
[2025-08-08T15:28:13.041+0000][458.688s][1][129][trace] GC(79) _eden_chunk_array[212]=0x00000000f9df8f90
[2025-08-08T15:28:13.041+0000][458.688s][1][129][trace] GC(79) _eden_chunk_array[213]=0x00000000f9e19990
[2025-08-08T15:28:13.041+0000][458.688s][1][129][trace] GC(79) _eden_chunk_array[214]=0x00000000f9e3a3a0
[2025-08-08T15:28:13.041+0000][458.688s][1][129][trace] GC(79) _eden_chunk_array[215]=0x00000000f9e88c58
[2025-08-08T15:28:13.041+0000][458.688s][1][129][trace] GC(79) _eden_chunk_array[216]=0x00000000f9eae350
[2025-08-08T15:28:13.041+0000][458.688s][1][129][trace] GC(79) _eden_chunk_array[217]=0x00000000f9ed1930
[2025-08-08T15:28:13.041+0000][458.688s][1][129][trace] GC(79) _eden_chunk_array[218]=0x00000000f9ef8f10
[2025-08-08T15:28:13.041+0000][458.688s][1][129][trace] GC(79) _eden_chunk_array[219]=0x00000000f9f29f98
[2025-08-08T15:28:13.041+0000][458.688s][1][129][trace] GC(79) _eden_chunk_array[220]=0x00000000f9f5a8a0
[2025-08-08T15:28:13.041+0000][458.688s][1][129][trace] GC(79) _eden_chunk_array[221]=0x00000000f9f7c660
[2025-08-08T15:28:13.041+0000][458.688s][1][129][trace] GC(79) _eden_chunk_array[222]=0x00000000f9face00
[2025-08-08T15:28:13.041+0000][458.688s][1][129][trace] GC(79) _eden_chunk_array[223]=0x00000000f9ff7b10
[2025-08-08T15:28:13.041+0000][458.688s][1][129][trace] GC(79) _eden_chunk_array[224]=0x00000000fa02c5f8
[2025-08-08T15:28:13.041+0000][458.688s][1][129][trace] GC(79) _eden_chunk_array[225]=0x00000000fa062c58
[2025-08-08T15:28:13.041+0000][458.688s][1][129][trace] GC(79) _eden_chunk_array[226]=0x00000000fa097708
[2025-08-08T15:28:13.041+0000][458.688s][1][129][trace] GC(79) _eden_chunk_array[227]=0x00000000fa0bc180
[2025-08-08T15:28:13.041+0000][458.688s][1][129][trace] GC(79) _eden_chunk_array[228]=0x00000000fa0de9f8
[2025-08-08T15:28:13.041+0000][458.688s][1][129][trace] GC(79) _eden_chunk_array[229]=0x00000000fa13f660
[2025-08-08T15:28:13.041+0000][458.688s][1][129][trace] GC(79) _eden_chunk_array[230]=0x00000000fa173430
[2025-08-08T15:28:13.041+0000][458.688s][1][129][trace] GC(79) _eden_chunk_array[231]=0x00000000fa1a09b8
[2025-08-08T15:28:13.041+0000][458.688s][1][129][trace] GC(79) _eden_chunk_array[232]=0x00000000fa1ca1f8
[2025-08-08T15:28:13.041+0000][458.688s][1][129][trace] GC(79) _eden_chunk_array[233]=0x00000000fa1eb6b0
[2025-08-08T15:28:13.041+0000][458.688s][1][129][trace] GC(79) _eden_chunk_array[234]=0x00000000fa20cb48
[2025-08-08T15:28:13.041+0000][458.688s][1][129][trace] GC(79) _eden_chunk_array[235]=0x00000000fa22e018
[2025-08-08T15:28:13.041+0000][458.688s][1][129][trace] GC(79) _eden_chunk_array[236]=0x00000000fa24f4e8
[2025-08-08T15:28:13.041+0000][458.688s][1][129][trace] GC(79) _eden_chunk_array[237]=0x00000000fa278990
[2025-08-08T15:28:13.041+0000][458.688s][1][129][trace] GC(79) _eden_chunk_array[238]=0x00000000fa299e38
[2025-08-08T15:28:13.041+0000][458.688s][1][129][trace] GC(79) _eden_chunk_array[239]=0x00000000fa2c3690
[2025-08-08T15:28:13.041+0000][458.688s][1][129][trace] GC(79) _eden_chunk_array[240]=0x00000000fa2f3e38
[2025-08-08T15:28:13.041+0000][458.688s][1][129][trace] GC(79) _eden_chunk_array[241]=0x00000000fa3245e0
[2025-08-08T15:28:13.041+0000][458.688s][1][129][trace] GC(79) _eden_chunk_array[242]=0x00000000fa34aeb0
[2025-08-08T15:28:13.041+0000][458.688s][1][129][trace] GC(79) _eden_chunk_array[243]=0x00000000fa374360
[2025-08-08T15:28:13.041+0000][458.688s][1][129][trace] GC(79) _eden_chunk_array[244]=0x00000000fa3e0970
[2025-08-08T15:28:13.041+0000][458.688s][1][129][trace] GC(79) _eden_chunk_array[245]=0x00000000fa414af8
[2025-08-08T15:28:13.041+0000][458.688s][1][129][trace] GC(79) _eden_chunk_array[246]=0x00000000fa43d3d0
[2025-08-08T15:28:13.041+0000][458.688s][1][129][trace] GC(79) _eden_chunk_array[247]=0x00000000fa4615c0
[2025-08-08T15:28:13.041+0000][458.688s][1][129][trace] GC(79) _eden_chunk_array[248]=0x00000000fa4cdb48
[2025-08-08T15:28:13.041+0000][458.688s][1][129][trace] GC(79) _eden_chunk_array[249]=0x00000000fa4f7370
[2025-08-08T15:28:13.041+0000][458.688s][1][129][trace] GC(79) _eden_chunk_array[250]=0x00000000fa5203f0
[2025-08-08T15:28:13.041+0000][458.688s][1][129][trace] GC(79) _eden_chunk_array[251]=0x00000000fa549c38
[2025-08-08T15:28:13.041+0000][458.688s][1][129][trace] GC(79) _eden_chunk_array[252]=0x00000000fa57a3d8
[2025-08-08T15:28:13.041+0000][458.688s][1][129][trace] GC(79) _eden_chunk_array[253]=0x00000000fa5a3c10
[2025-08-08T15:28:13.041+0000][458.688s][1][129][trace] GC(79) _eden_chunk_array[254]=0x00000000fa5d43a0
[2025-08-08T15:28:13.041+0000][458.688s][1][129][trace] GC(79) _eden_chunk_array[255]=0x00000000fa5fdbc8
[2025-08-08T15:28:13.041+0000][458.688s][1][129][trace] GC(79) _eden_chunk_array[256]=0x00000000fa627418
[2025-08-08T15:28:13.041+0000][458.688s][1][129][trace] GC(79) _eden_chunk_array[257]=0x00000000fa64f488
[2025-08-08T15:28:13.041+0000][458.688s][1][129][trace] GC(79) _eden_chunk_array[258]=0x00000000fa67c240
[2025-08-08T15:28:13.041+0000][458.688s][1][129][trace] GC(79) _eden_chunk_array[259]=0x00000000fa6ad1c8
[2025-08-08T15:28:13.041+0000][458.688s][1][129][trace] GC(79) _eden_chunk_array[260]=0x00000000fa6d80d8
[2025-08-08T15:28:13.041+0000][458.688s][1][129][trace] GC(79) _eden_chunk_array[261]=0x00000000fa7002f0
[2025-08-08T15:28:13.041+0000][458.688s][1][129][trace] GC(79) _eden_chunk_array[262]=0x00000000fa738440
[2025-08-08T15:28:13.041+0000][458.688s][1][129][trace] GC(79) _eden_chunk_array[263]=0x00000000fa75d228
[2025-08-08T15:28:13.041+0000][458.688s][1][129][trace] GC(79) _eden_chunk_array[264]=0x00000000fa7cbab8
[2025-08-08T15:28:13.041+0000][458.688s][1][129][trace] GC(79) _eden_chunk_array[265]=0x00000000fa7f9498
[2025-08-08T15:28:13.041+0000][458.688s][1][129][trace] GC(79) _eden_chunk_array[266]=0x00000000fa8267f8
[2025-08-08T15:28:13.041+0000][458.688s][1][129][trace] GC(79) _eden_chunk_array[267]=0x00000000fa889f98
[2025-08-08T15:28:13.041+0000][458.688s][1][129][trace] GC(79) _eden_chunk_array[268]=0x00000000fa8b4048
[2025-08-08T15:28:13.041+0000][458.688s][1][129][trace] GC(79) _eden_chunk_array[269]=0x00000000fa8d4a00
[2025-08-08T15:28:13.041+0000][458.688s][1][129][trace] GC(79) _eden_chunk_array[270]=0x00000000fa8f5a80
[2025-08-08T15:28:13.041+0000][458.688s][1][129][trace] GC(79) _eden_chunk_array[271]=0x00000000fa9247a8
[2025-08-08T15:28:13.041+0000][458.688s][1][129][trace] GC(79) _eden_chunk_array[272]=0x00000000fa951fc8
[2025-08-08T15:28:13.041+0000][458.688s][1][129][trace] GC(79) _eden_chunk_array[273]=0x00000000fa97b808
[2025-08-08T15:28:13.041+0000][458.688s][1][129][trace] GC(79) _eden_chunk_array[274]=0x00000000fa9a8dd8
[2025-08-08T15:28:13.041+0000][458.688s][1][129][trace] GC(79) _eden_chunk_array[275]=0x00000000fa9da118
[2025-08-08T15:28:13.041+0000][458.688s][1][129][trace] GC(79) _eden_chunk_array[276]=0x00000000faa385f0
[2025-08-08T15:28:13.041+0000][458.688s][1][129][trace] GC(79) _eden_chunk_array[277]=0x00000000faa59c50
[2025-08-08T15:28:13.041+0000][458.688s][1][129][trace] GC(79) _eden_chunk_array[278]=0x00000000faacaf90
[2025-08-08T15:28:13.041+0000][458.688s][1][129][trace] GC(79) _eden_chunk_array[279]=0x00000000faafa878
[2025-08-08T15:28:13.041+0000][458.688s][1][129][trace] GC(79) _eden_chunk_array[280]=0x00000000fab2a140
[2025-08-08T15:28:13.041+0000][458.688s][1][129][trace] GC(79) _eden_chunk_array[281]=0x00000000fab599d8
[2025-08-08T15:28:13.041+0000][458.688s][1][129][trace] GC(79) _eden_chunk_array[282]=0x00000000fab83eb0
[2025-08-08T15:28:13.041+0000][458.688s][1][129][trace] GC(79) _eden_chunk_array[283]=0x00000000faba50e8
[2025-08-08T15:28:13.041+0000][458.688s][1][129][trace] GC(79) _eden_chunk_array[284]=0x00000000fabd8038
[2025-08-08T15:28:13.041+0000][458.688s][1][129][trace] GC(79) _eden_chunk_array[285]=0x00000000fac09340
[2025-08-08T15:28:13.041+0000][458.689s][1][129][trace] GC(79) _eden_chunk_array[286]=0x00000000fac36148
[2025-08-08T15:28:13.041+0000][458.689s][1][129][trace] GC(79) _eden_chunk_array[287]=0x00000000fac64b40
[2025-08-08T15:28:13.041+0000][458.689s][1][129][trace] GC(79) _eden_chunk_array[288]=0x00000000fac906c0
[2025-08-08T15:28:13.041+0000][458.689s][1][129][trace] GC(79) _eden_chunk_array[289]=0x00000000facc2a90
[2025-08-08T15:28:13.041+0000][458.689s][1][129][trace] GC(79) _eden_chunk_array[290]=0x00000000fad0b5d8
[2025-08-08T15:28:13.041+0000][458.689s][1][129][trace] GC(79) _eden_chunk_array[291]=0x00000000fad3b740
[2025-08-08T15:28:13.041+0000][458.689s][1][129][trace] GC(79) _eden_chunk_array[292]=0x00000000fad64048
[2025-08-08T15:28:13.041+0000][458.689s][1][129][trace] GC(79) _eden_chunk_array[293]=0x00000000fadb5870
[2025-08-08T15:28:13.041+0000][458.689s][1][129][trace] GC(79) _eden_chunk_array[294]=0x00000000fade2508
[2025-08-08T15:28:13.041+0000][458.689s][1][129][trace] GC(79) survivor 0x00000000fd410000-0x00000000fd410000-0x00000000fe780000(20381696)
[2025-08-08T15:28:13.041+0000][458.689s][1][129][trace] GC(79) _survivor_chunk_index=0, _survivor_chunk_capacity=9952
[2025-08-08T15:28:13.075+0000][458.723s][1][129][info ] GC(79) Pause Initial Mark 123M->123M(180M) 34.925ms
[2025-08-08T15:28:13.075+0000][458.723s][1][129][info ] Leaving safepoint region
[2025-08-08T15:28:13.075+0000][458.723s][1][129][info ] Total time for which application threads were stopped: 0.0351484 seconds, Stopping threads took: 0.0000223 seconds
[2025-08-08T15:28:13.076+0000][458.723s][1][128][info ] GC(79) Concurrent Mark
[2025-08-08T15:28:13.080+0000][458.727s][1][128][info ] GC(79) Concurrent Mark 4.037ms
[2025-08-08T15:28:13.080+0000][458.727s][1][128][info ] GC(79) Concurrent Preclean
[2025-08-08T15:28:13.080+0000][458.727s][1][128][info ] GC(79) Concurrent Preclean 0.246ms
[2025-08-08T15:28:13.080+0000][458.727s][1][128][info ] GC(79) Concurrent Abortable Preclean
[2025-08-08T15:28:13.080+0000][458.727s][1][128][trace] CMS: promo attempt is not safe: available(24) < av_promo(2795291), max_promo(123710168)
[2025-08-08T15:28:13.080+0000][458.727s][1][128][info ] GC(79) Concurrent Abortable Preclean 0.047ms
[2025-08-08T15:28:13.080+0000][458.727s][1][129][info ] Application time: 0.0046338 seconds
[2025-08-08T15:28:13.080+0000][458.727s][1][129][info ] Entering safepoint region: CMS_Final_Remark
[2025-08-08T15:28:13.080+0000][458.728s][1][129][trace] GC(79) eden 0x00000000f3800000-0x00000000fadfaad8-0x00000000fd410000(163643392)
[2025-08-08T15:28:13.080+0000][458.728s][1][129][trace] GC(79) _eden_chunk_index=295, _eden_chunk_capacity=11233
[2025-08-08T15:28:13.080+0000][458.728s][1][129][trace] GC(79) _eden_chunk_array[0]=0x00000000f74596b0
[2025-08-08T15:28:13.080+0000][458.728s][1][129][trace] GC(79) _eden_chunk_array[1]=0x00000000f74ac5b8
[2025-08-08T15:28:13.080+0000][458.728s][1][129][trace] GC(79) _eden_chunk_array[2]=0x00000000f74d55e8
[2025-08-08T15:28:13.080+0000][458.728s][1][129][trace] GC(79) _eden_chunk_array[3]=0x00000000f7504058
[2025-08-08T15:28:13.080+0000][458.728s][1][129][trace] GC(79) _eden_chunk_array[4]=0x00000000f7524f88
[2025-08-08T15:28:13.080+0000][458.728s][1][129][trace] GC(79) _eden_chunk_array[5]=0x00000000f754e7c0
[2025-08-08T15:28:13.080+0000][458.728s][1][129][trace] GC(79) _eden_chunk_array[6]=0x00000000f7577fe0
[2025-08-08T15:28:13.080+0000][458.728s][1][129][trace] GC(79) _eden_chunk_array[7]=0x00000000f75a71a8
[2025-08-08T15:28:13.080+0000][458.728s][1][129][trace] GC(79) _eden_chunk_array[8]=0x00000000f75f58d8
[2025-08-08T15:28:13.080+0000][458.728s][1][129][trace] GC(79) _eden_chunk_array[9]=0x00000000f761a640
[2025-08-08T15:28:13.080+0000][458.728s][1][129][trace] GC(79) _eden_chunk_array[10]=0x00000000f76649c8
[2025-08-08T15:28:13.080+0000][458.728s][1][129][trace] GC(79) _eden_chunk_array[11]=0x00000000f76854f8
[2025-08-08T15:28:13.080+0000][458.728s][1][129][trace] GC(79) _eden_chunk_array[12]=0x00000000f76d4790
[2025-08-08T15:28:13.080+0000][458.728s][1][129][trace] GC(79) _eden_chunk_array[13]=0x00000000f7704f20
[2025-08-08T15:28:13.080+0000][458.728s][1][129][trace] GC(79) _eden_chunk_array[14]=0x00000000f7751bd0
[2025-08-08T15:28:13.080+0000][458.728s][1][129][trace] GC(79) _eden_chunk_array[15]=0x00000000f777a4b0
[2025-08-08T15:28:13.080+0000][458.728s][1][129][trace] GC(79) _eden_chunk_array[16]=0x00000000f77a4c70
[2025-08-08T15:28:13.080+0000][458.728s][1][129][trace] GC(79) _eden_chunk_array[17]=0x00000000f7810a48
[2025-08-08T15:28:13.080+0000][458.728s][1][129][trace] GC(79) _eden_chunk_array[18]=0x00000000f78454f8
[2025-08-08T15:28:13.080+0000][458.728s][1][129][trace] GC(79) _eden_chunk_array[19]=0x00000000f7879fb0
[2025-08-08T15:28:13.080+0000][458.728s][1][129][trace] GC(79) _eden_chunk_array[20]=0x00000000f78aea98
[2025-08-08T15:28:13.080+0000][458.728s][1][129][trace] GC(79) _eden_chunk_array[21]=0x00000000f78d8f40
[2025-08-08T15:28:13.080+0000][458.728s][1][129][trace] GC(79) _eden_chunk_array[22]=0x00000000f79059a8
[2025-08-08T15:28:13.080+0000][458.728s][1][129][trace] GC(79) _eden_chunk_array[23]=0x00000000f7968da8
[2025-08-08T15:28:13.080+0000][458.728s][1][129][trace] GC(79) _eden_chunk_array[24]=0x00000000f79891e8
[2025-08-08T15:28:13.080+0000][458.728s][1][129][trace] GC(79) _eden_chunk_array[25]=0x00000000f79b18e8
[2025-08-08T15:28:13.081+0000][458.728s][1][129][trace] GC(79) _eden_chunk_array[26]=0x00000000f79d1ad8
[2025-08-08T15:28:13.081+0000][458.728s][1][129][trace] GC(79) _eden_chunk_array[27]=0x00000000f7a16618
[2025-08-08T15:28:13.081+0000][458.728s][1][129][trace] GC(79) _eden_chunk_array[28]=0x00000000f7a46d00
[2025-08-08T15:28:13.081+0000][458.728s][1][129][trace] GC(79) _eden_chunk_array[29]=0x00000000f7a8fd38
[2025-08-08T15:28:13.081+0000][458.728s][1][129][trace] GC(79) _eden_chunk_array[30]=0x00000000f7ad8d90
[2025-08-08T15:28:13.081+0000][458.728s][1][129][trace] GC(79) _eden_chunk_array[31]=0x00000000f7b2a5c0
[2025-08-08T15:28:13.081+0000][458.728s][1][129][trace] GC(79) _eden_chunk_array[32]=0x00000000f7b87ac8
[2025-08-08T15:28:13.081+0000][458.728s][1][129][trace] GC(79) _eden_chunk_array[33]=0x00000000f7bad890
[2025-08-08T15:28:13.081+0000][458.728s][1][129][trace] GC(79) _eden_chunk_array[34]=0x00000000f7bce290
[2025-08-08T15:28:13.081+0000][458.728s][1][129][trace] GC(79) _eden_chunk_array[35]=0x00000000f7bef940
[2025-08-08T15:28:13.081+0000][458.728s][1][129][trace] GC(79) _eden_chunk_array[36]=0x00000000f7c20f50
[2025-08-08T15:28:13.081+0000][458.728s][1][129][trace] GC(79) _eden_chunk_array[37]=0x00000000f7c53e40
[2025-08-08T15:28:13.081+0000][458.728s][1][129][trace] GC(79) _eden_chunk_array[38]=0x00000000f7c79888
[2025-08-08T15:28:13.081+0000][458.728s][1][129][trace] GC(79) _eden_chunk_array[39]=0x00000000f7c9ea88
[2025-08-08T15:28:13.081+0000][458.728s][1][129][trace] GC(79) _eden_chunk_array[40]=0x00000000f7cc3cb8
[2025-08-08T15:28:13.081+0000][458.728s][1][129][trace] GC(79) _eden_chunk_array[41]=0x00000000f7ceaaa0
[2025-08-08T15:28:13.081+0000][458.728s][1][129][trace] GC(79) _eden_chunk_array[42]=0x00000000f7d0b440
[2025-08-08T15:28:13.081+0000][458.728s][1][129][trace] GC(79) _eden_chunk_array[43]=0x00000000f7d30640
[2025-08-08T15:28:13.081+0000][458.728s][1][129][trace] GC(79) _eden_chunk_array[44]=0x00000000f7d9da90
[2025-08-08T15:28:13.081+0000][458.728s][1][129][trace] GC(79) _eden_chunk_array[45]=0x00000000f7dd09f8
[2025-08-08T15:28:13.081+0000][458.728s][1][129][trace] GC(79) _eden_chunk_array[46]=0x00000000f7df56f0
[2025-08-08T15:28:13.081+0000][458.728s][1][129][trace] GC(79) _eden_chunk_array[47]=0x00000000f7e1ad98
[2025-08-08T15:28:13.081+0000][458.728s][1][129][trace] GC(79) _eden_chunk_array[48]=0x00000000f7e88158
[2025-08-08T15:28:13.081+0000][458.728s][1][129][trace] GC(79) _eden_chunk_array[49]=0x00000000f7eb0348
[2025-08-08T15:28:13.081+0000][458.728s][1][129][trace] GC(79) _eden_chunk_array[50]=0x00000000f7ed5e98
[2025-08-08T15:28:13.081+0000][458.728s][1][129][trace] GC(79) _eden_chunk_array[51]=0x00000000f7f02cb8
[2025-08-08T15:28:13.081+0000][458.728s][1][129][trace] GC(79) _eden_chunk_array[52]=0x00000000f7f29820
[2025-08-08T15:28:13.081+0000][458.728s][1][129][trace] GC(79) _eden_chunk_array[53]=0x00000000f7f50380
[2025-08-08T15:28:13.081+0000][458.728s][1][129][trace] GC(79) _eden_chunk_array[54]=0x00000000f7f78570
[2025-08-08T15:28:13.081+0000][458.728s][1][129][trace] GC(79) _eden_chunk_array[55]=0x00000000f7f9f118
[2025-08-08T15:28:13.081+0000][458.728s][1][129][trace] GC(79) _eden_chunk_array[56]=0x00000000f7fd1398
[2025-08-08T15:28:13.081+0000][458.728s][1][129][trace] GC(79) _eden_chunk_array[57]=0x00000000f7ff15f0
[2025-08-08T15:28:13.081+0000][458.728s][1][129][trace] GC(79) _eden_chunk_array[58]=0x00000000f8021d80
[2025-08-08T15:28:13.081+0000][458.728s][1][129][trace] GC(79) _eden_chunk_array[59]=0x00000000f8052520
[2025-08-08T15:28:13.081+0000][458.728s][1][129][trace] GC(79) _eden_chunk_array[60]=0x00000000f8078698
[2025-08-08T15:28:13.081+0000][458.728s][1][129][trace] GC(79) _eden_chunk_array[61]=0x00000000f809e8f8
[2025-08-08T15:28:13.081+0000][458.728s][1][129][trace] GC(79) _eden_chunk_array[62]=0x00000000f80c9470
[2025-08-08T15:28:13.081+0000][458.728s][1][129][trace] GC(79) _eden_chunk_array[63]=0x00000000f8101478
[2025-08-08T15:28:13.081+0000][458.728s][1][129][trace] GC(79) _eden_chunk_array[64]=0x00000000f8128fa8
[2025-08-08T15:28:13.081+0000][458.728s][1][129][trace] GC(79) _eden_chunk_array[65]=0x00000000f81516c0
[2025-08-08T15:28:13.081+0000][458.728s][1][129][trace] GC(79) _eden_chunk_array[66]=0x00000000f81bc790
[2025-08-08T15:28:13.081+0000][458.728s][1][129][trace] GC(79) _eden_chunk_array[67]=0x00000000f821fae0
[2025-08-08T15:28:13.081+0000][458.728s][1][129][trace] GC(79) _eden_chunk_array[68]=0x00000000f8245540
[2025-08-08T15:28:13.081+0000][458.728s][1][129][trace] GC(79) _eden_chunk_array[69]=0x00000000f826afc0
[2025-08-08T15:28:13.081+0000][458.728s][1][129][trace] GC(79) _eden_chunk_array[70]=0x00000000f82909f8
[2025-08-08T15:28:13.081+0000][458.728s][1][129][trace] GC(79) _eden_chunk_array[71]=0x00000000f82b6460
[2025-08-08T15:28:13.081+0000][458.728s][1][129][trace] GC(79) _eden_chunk_array[72]=0x00000000f82dbef0
[2025-08-08T15:28:13.081+0000][458.728s][1][129][trace] GC(79) _eden_chunk_array[73]=0x00000000f8301998
[2025-08-08T15:28:13.081+0000][458.728s][1][129][trace] GC(79) _eden_chunk_array[74]=0x00000000f83398c8
[2025-08-08T15:28:13.081+0000][458.728s][1][129][trace] GC(79) _eden_chunk_array[75]=0x00000000f835b020
[2025-08-08T15:28:13.081+0000][458.728s][1][129][trace] GC(79) _eden_chunk_array[76]=0x00000000f8381080
[2025-08-08T15:28:13.081+0000][458.728s][1][129][trace] GC(79) _eden_chunk_array[77]=0x00000000f83daa10
[2025-08-08T15:28:13.081+0000][458.728s][1][129][trace] GC(79) _eden_chunk_array[78]=0x00000000f8409a80
[2025-08-08T15:28:13.081+0000][458.728s][1][129][trace] GC(79) _eden_chunk_array[79]=0x00000000f842d588
[2025-08-08T15:28:13.081+0000][458.728s][1][129][trace] GC(79) _eden_chunk_array[80]=0x00000000f8485750
[2025-08-08T15:28:13.081+0000][458.728s][1][129][trace] GC(79) _eden_chunk_array[81]=0x00000000f84b3020
[2025-08-08T15:28:13.081+0000][458.728s][1][129][trace] GC(79) _eden_chunk_array[82]=0x00000000f84db8f8
[2025-08-08T15:28:13.081+0000][458.728s][1][129][trace] GC(79) _eden_chunk_array[83]=0x00000000f850c098
[2025-08-08T15:28:13.081+0000][458.728s][1][129][trace] GC(79) _eden_chunk_array[84]=0x00000000f8534970
[2025-08-08T15:28:13.081+0000][458.728s][1][129][trace] GC(79) _eden_chunk_array[85]=0x00000000f8565110
[2025-08-08T15:28:13.081+0000][458.728s][1][129][trace] GC(79) _eden_chunk_array[86]=0x00000000f85b6928
[2025-08-08T15:28:13.081+0000][458.728s][1][129][trace] GC(79) _eden_chunk_array[87]=0x00000000f85df230
[2025-08-08T15:28:13.081+0000][458.728s][1][129][trace] GC(79) _eden_chunk_array[88]=0x00000000f8607b20
[2025-08-08T15:28:13.081+0000][458.728s][1][129][trace] GC(79) _eden_chunk_array[89]=0x00000000f862e828
[2025-08-08T15:28:13.081+0000][458.728s][1][129][trace] GC(79) _eden_chunk_array[90]=0x00000000f8653490
[2025-08-08T15:28:13.081+0000][458.728s][1][129][trace] GC(79) _eden_chunk_array[91]=0x00000000f8674438
[2025-08-08T15:28:13.081+0000][458.728s][1][129][trace] GC(79) _eden_chunk_array[92]=0x00000000f869b2d8
[2025-08-08T15:28:13.081+0000][458.728s][1][129][trace] GC(79) _eden_chunk_array[93]=0x00000000f86bfc78
[2025-08-08T15:28:13.081+0000][458.728s][1][129][trace] GC(79) _eden_chunk_array[94]=0x00000000f86e6630
[2025-08-08T15:28:13.081+0000][458.728s][1][129][trace] GC(79) _eden_chunk_array[95]=0x00000000f871a5d0
[2025-08-08T15:28:13.081+0000][458.728s][1][129][trace] GC(79) _eden_chunk_array[96]=0x00000000f87464f8
[2025-08-08T15:28:13.081+0000][458.728s][1][129][trace] GC(79) _eden_chunk_array[97]=0x00000000f877af98
[2025-08-08T15:28:13.081+0000][458.728s][1][129][trace] GC(79) _eden_chunk_array[98]=0x00000000f87e6d28
[2025-08-08T15:28:13.081+0000][458.728s][1][129][trace] GC(79) _eden_chunk_array[99]=0x00000000f88174d0
[2025-08-08T15:28:13.081+0000][458.728s][1][129][trace] GC(79) _eden_chunk_array[100]=0x00000000f884bfe0
[2025-08-08T15:28:13.081+0000][458.728s][1][129][trace] GC(79) _eden_chunk_array[101]=0x00000000f8880a90
[2025-08-08T15:28:13.081+0000][458.728s][1][129][trace] GC(79) _eden_chunk_array[102]=0x00000000f88a8fa0
[2025-08-08T15:28:13.081+0000][458.728s][1][129][trace] GC(79) _eden_chunk_array[103]=0x00000000f88ca4d8
[2025-08-08T15:28:13.081+0000][458.728s][1][129][trace] GC(79) _eden_chunk_array[104]=0x00000000f88f0e68
[2025-08-08T15:28:13.081+0000][458.728s][1][129][trace] GC(79) _eden_chunk_array[105]=0x00000000f8914998
[2025-08-08T15:28:13.081+0000][458.728s][1][129][trace] GC(79) _eden_chunk_array[106]=0x00000000f8943b50
[2025-08-08T15:28:13.081+0000][458.728s][1][129][trace] GC(79) _eden_chunk_array[107]=0x00000000f8967d68
[2025-08-08T15:28:13.081+0000][458.728s][1][129][trace] GC(79) _eden_chunk_array[108]=0x00000000f8991360
[2025-08-08T15:28:13.081+0000][458.728s][1][129][trace] GC(79) _eden_chunk_array[109]=0x00000000f89b7ec0
[2025-08-08T15:28:13.081+0000][458.728s][1][129][trace] GC(79) _eden_chunk_array[110]=0x00000000f89deaa8
[2025-08-08T15:28:13.081+0000][458.728s][1][129][trace] GC(79) _eden_chunk_array[111]=0x00000000f8a01e48
[2025-08-08T15:28:13.081+0000][458.728s][1][129][trace] GC(79) _eden_chunk_array[112]=0x00000000f8a289a8
[2025-08-08T15:28:13.081+0000][458.728s][1][129][trace] GC(79) _eden_chunk_array[113]=0x00000000f8a4f518
[2025-08-08T15:28:13.081+0000][458.728s][1][129][trace] GC(79) _eden_chunk_array[114]=0x00000000f8a9dc58
[2025-08-08T15:28:13.081+0000][458.728s][1][129][trace] GC(79) _eden_chunk_array[115]=0x00000000f8ac4d88
[2025-08-08T15:28:13.081+0000][458.728s][1][129][trace] GC(79) _eden_chunk_array[116]=0x00000000f8aebd28
[2025-08-08T15:28:13.081+0000][458.728s][1][129][trace] GC(79) _eden_chunk_array[117]=0x00000000f8b48a38
[2025-08-08T15:28:13.081+0000][458.728s][1][129][trace] GC(79) _eden_chunk_array[118]=0x00000000f8b6d790
[2025-08-08T15:28:13.081+0000][458.728s][1][129][trace] GC(79) _eden_chunk_array[119]=0x00000000f8b911e8
[2025-08-08T15:28:13.081+0000][458.728s][1][129][trace] GC(79) _eden_chunk_array[120]=0x00000000f8bef900
[2025-08-08T15:28:13.081+0000][458.728s][1][129][trace] GC(79) _eden_chunk_array[121]=0x00000000f8c335d8
[2025-08-08T15:28:13.081+0000][458.728s][1][129][trace] GC(79) _eden_chunk_array[122]=0x00000000f8c8e5a0
[2025-08-08T15:28:13.081+0000][458.728s][1][129][trace] GC(79) _eden_chunk_array[123]=0x00000000f8caff78
[2025-08-08T15:28:13.081+0000][458.728s][1][129][trace] GC(79) _eden_chunk_array[124]=0x00000000f8cdd530
[2025-08-08T15:28:13.081+0000][458.728s][1][129][trace] GC(79) _eden_chunk_array[125]=0x00000000f8d08b20
[2025-08-08T15:28:13.081+0000][458.728s][1][129][trace] GC(79) _eden_chunk_array[126]=0x00000000f8d3f138
[2025-08-08T15:28:13.081+0000][458.728s][1][129][trace] GC(79) _eden_chunk_array[127]=0x00000000f8daaec8
[2025-08-08T15:28:13.081+0000][458.728s][1][129][trace] GC(79) _eden_chunk_array[128]=0x00000000f8ddf970
[2025-08-08T15:28:13.081+0000][458.728s][1][129][trace] GC(79) _eden_chunk_array[129]=0x00000000f8e14438
[2025-08-08T15:28:13.081+0000][458.728s][1][129][trace] GC(79) _eden_chunk_array[130]=0x00000000f8e36208
[2025-08-08T15:28:13.081+0000][458.728s][1][129][trace] GC(79) _eden_chunk_array[131]=0x00000000f8e60288
[2025-08-08T15:28:13.081+0000][458.728s][1][129][trace] GC(79) _eden_chunk_array[132]=0x00000000f8eace78
[2025-08-08T15:28:13.081+0000][458.728s][1][129][trace] GC(79) _eden_chunk_array[133]=0x00000000f8ee1548
[2025-08-08T15:28:13.081+0000][458.728s][1][129][trace] GC(79) _eden_chunk_array[134]=0x00000000f8f07f38
[2025-08-08T15:28:13.081+0000][458.728s][1][129][trace] GC(79) _eden_chunk_array[135]=0x00000000f8f3d1f8
[2025-08-08T15:28:13.081+0000][458.728s][1][129][trace] GC(79) _eden_chunk_array[136]=0x00000000f8f6c388
[2025-08-08T15:28:13.081+0000][458.728s][1][129][trace] GC(79) _eden_chunk_array[137]=0x00000000f8f9b4f0
[2025-08-08T15:28:13.081+0000][458.728s][1][129][trace] GC(79) _eden_chunk_array[138]=0x00000000f8fd1ce8
[2025-08-08T15:28:13.081+0000][458.728s][1][129][trace] GC(79) _eden_chunk_array[139]=0x00000000f9000e68
[2025-08-08T15:28:13.081+0000][458.728s][1][129][trace] GC(79) _eden_chunk_array[140]=0x00000000f902ffd0
[2025-08-08T15:28:13.081+0000][458.728s][1][129][trace] GC(79) _eden_chunk_array[141]=0x00000000f9064aa0
[2025-08-08T15:28:13.081+0000][458.728s][1][129][trace] GC(79) _eden_chunk_array[142]=0x00000000f90b31d8
[2025-08-08T15:28:13.081+0000][458.728s][1][129][trace] GC(79) _eden_chunk_array[143]=0x00000000f90da820
[2025-08-08T15:28:13.081+0000][458.728s][1][129][trace] GC(79) _eden_chunk_array[144]=0x00000000f9101ba0
[2025-08-08T15:28:13.081+0000][458.728s][1][129][trace] GC(79) _eden_chunk_array[145]=0x00000000f912f280
[2025-08-08T15:28:13.081+0000][458.728s][1][129][trace] GC(79) _eden_chunk_array[146]=0x00000000f9189620
[2025-08-08T15:28:13.081+0000][458.728s][1][129][trace] GC(79) _eden_chunk_array[147]=0x00000000f91bd578
[2025-08-08T15:28:13.081+0000][458.728s][1][129][trace] GC(79) _eden_chunk_array[148]=0x00000000f91e7e78
[2025-08-08T15:28:13.081+0000][458.728s][1][129][trace] GC(79) _eden_chunk_array[149]=0x00000000f924aa20
[2025-08-08T15:28:13.081+0000][458.728s][1][129][trace] GC(79) _eden_chunk_array[150]=0x00000000f9272000
[2025-08-08T15:28:13.081+0000][458.728s][1][129][trace] GC(79) _eden_chunk_array[151]=0x00000000f9297998
[2025-08-08T15:28:13.081+0000][458.728s][1][129][trace] GC(79) _eden_chunk_array[152]=0x00000000f92c8138
[2025-08-08T15:28:13.081+0000][458.728s][1][129][trace] GC(79) _eden_chunk_array[153]=0x00000000f92edaa0
[2025-08-08T15:28:13.081+0000][458.728s][1][129][trace] GC(79) _eden_chunk_array[154]=0x00000000f9313428
[2025-08-08T15:28:13.081+0000][458.728s][1][129][trace] GC(79) _eden_chunk_array[155]=0x00000000f9338dc8
[2025-08-08T15:28:13.081+0000][458.728s][1][129][trace] GC(79) _eden_chunk_array[156]=0x00000000f935e778
[2025-08-08T15:28:13.081+0000][458.728s][1][129][trace] GC(79) _eden_chunk_array[157]=0x00000000f9387c48
[2025-08-08T15:28:13.081+0000][458.728s][1][129][trace] GC(79) _eden_chunk_array[158]=0x00000000f93b50b8
[2025-08-08T15:28:13.081+0000][458.728s][1][129][trace] GC(79) _eden_chunk_array[159]=0x00000000f93da618
[2025-08-08T15:28:13.081+0000][458.728s][1][129][trace] GC(79) _eden_chunk_array[160]=0x00000000f9417650
[2025-08-08T15:28:13.081+0000][458.728s][1][129][trace] GC(79) _eden_chunk_array[161]=0x00000000f943acc8
[2025-08-08T15:28:13.081+0000][458.728s][1][129][trace] GC(79) _eden_chunk_array[162]=0x00000000f9464500
[2025-08-08T15:28:13.081+0000][458.728s][1][129][trace] GC(79) _eden_chunk_array[163]=0x00000000f948e178
[2025-08-08T15:28:13.081+0000][458.728s][1][129][trace] GC(79) _eden_chunk_array[164]=0x00000000f94b8238
[2025-08-08T15:28:13.081+0000][458.728s][1][129][trace] GC(79) _eden_chunk_array[165]=0x00000000f95197e8
[2025-08-08T15:28:13.081+0000][458.728s][1][129][trace] GC(79) _eden_chunk_array[166]=0x00000000f9542118
[2025-08-08T15:28:13.081+0000][458.728s][1][129][trace] GC(79) _eden_chunk_array[167]=0x00000000f9567aa0
[2025-08-08T15:28:13.081+0000][458.728s][1][129][trace] GC(79) _eden_chunk_array[168]=0x00000000f9591b48
[2025-08-08T15:28:13.081+0000][458.728s][1][129][trace] GC(79) _eden_chunk_array[169]=0x00000000f95bbc00
[2025-08-08T15:28:13.081+0000][458.728s][1][129][trace] GC(79) _eden_chunk_array[170]=0x00000000f95e5cc0
[2025-08-08T15:28:13.081+0000][458.728s][1][129][trace] GC(79) _eden_chunk_array[171]=0x00000000f960fd68
[2025-08-08T15:28:13.081+0000][458.728s][1][129][trace] GC(79) _eden_chunk_array[172]=0x00000000f965e498
[2025-08-08T15:28:13.081+0000][458.728s][1][129][trace] GC(79) _eden_chunk_array[173]=0x00000000f9681860
[2025-08-08T15:28:13.081+0000][458.728s][1][129][trace] GC(79) _eden_chunk_array[174]=0x00000000f96a4070
[2025-08-08T15:28:13.081+0000][458.729s][1][129][trace] GC(79) _eden_chunk_array[175]=0x00000000f96c6188
[2025-08-08T15:28:13.081+0000][458.729s][1][129][trace] GC(79) _eden_chunk_array[176]=0x00000000f96f0fd8
[2025-08-08T15:28:13.081+0000][458.729s][1][129][trace] GC(79) _eden_chunk_array[177]=0x00000000f9713e68
[2025-08-08T15:28:13.081+0000][458.729s][1][129][trace] GC(79) _eden_chunk_array[178]=0x00000000f97368f0
[2025-08-08T15:28:13.081+0000][458.729s][1][129][trace] GC(79) _eden_chunk_array[179]=0x00000000f9759728
[2025-08-08T15:28:13.081+0000][458.729s][1][129][trace] GC(79) _eden_chunk_array[180]=0x00000000f977aab8
[2025-08-08T15:28:13.081+0000][458.729s][1][129][trace] GC(79) _eden_chunk_array[181]=0x00000000f979d8d8
[2025-08-08T15:28:13.081+0000][458.729s][1][129][trace] GC(79) _eden_chunk_array[182]=0x00000000f97c8718
[2025-08-08T15:28:13.081+0000][458.729s][1][129][trace] GC(79) _eden_chunk_array[183]=0x00000000f97f4440
[2025-08-08T15:28:13.081+0000][458.729s][1][129][trace] GC(79) _eden_chunk_array[184]=0x00000000f981db60
[2025-08-08T15:28:13.081+0000][458.729s][1][129][trace] GC(79) _eden_chunk_array[185]=0x00000000f9849888
[2025-08-08T15:28:13.081+0000][458.729s][1][129][trace] GC(79) _eden_chunk_array[186]=0x00000000f98b8410
[2025-08-08T15:28:13.081+0000][458.729s][1][129][trace] GC(79) _eden_chunk_array[187]=0x00000000f98ec3e8
[2025-08-08T15:28:13.081+0000][458.729s][1][129][trace] GC(79) _eden_chunk_array[188]=0x00000000f990dc78
[2025-08-08T15:28:13.081+0000][458.729s][1][129][trace] GC(79) _eden_chunk_array[189]=0x00000000f9932348
[2025-08-08T15:28:13.081+0000][458.729s][1][129][trace] GC(79) _eden_chunk_array[190]=0x00000000f99892b8
[2025-08-08T15:28:13.081+0000][458.729s][1][129][trace] GC(79) _eden_chunk_array[191]=0x00000000f99d5db8
[2025-08-08T15:28:13.081+0000][458.729s][1][129][trace] GC(79) _eden_chunk_array[192]=0x00000000f9a070a8
[2025-08-08T15:28:13.081+0000][458.729s][1][129][trace] GC(79) _eden_chunk_array[193]=0x00000000f9a308c8
[2025-08-08T15:28:13.081+0000][458.729s][1][129][trace] GC(79) _eden_chunk_array[194]=0x00000000f9a5a0f8
[2025-08-08T15:28:13.081+0000][458.729s][1][129][trace] GC(79) _eden_chunk_array[195]=0x00000000f9a83938
[2025-08-08T15:28:13.081+0000][458.729s][1][129][trace] GC(79) _eden_chunk_array[196]=0x00000000f9aad178
[2025-08-08T15:28:13.081+0000][458.729s][1][129][trace] GC(79) _eden_chunk_array[197]=0x00000000f9ad69a8
[2025-08-08T15:28:13.081+0000][458.729s][1][129][trace] GC(79) _eden_chunk_array[198]=0x00000000f9b03f40
[2025-08-08T15:28:13.081+0000][458.729s][1][129][trace] GC(79) _eden_chunk_array[199]=0x00000000f9b55758
[2025-08-08T15:28:13.081+0000][458.729s][1][129][trace] GC(79) _eden_chunk_array[200]=0x00000000f9b80550
[2025-08-08T15:28:13.081+0000][458.729s][1][129][trace] GC(79) _eden_chunk_array[201]=0x00000000f9ba7690
[2025-08-08T15:28:13.081+0000][458.729s][1][129][trace] GC(79) _eden_chunk_array[202]=0x00000000f9bc7910
[2025-08-08T15:28:13.081+0000][458.729s][1][129][trace] GC(79) _eden_chunk_array[203]=0x00000000f9c25260
[2025-08-08T15:28:13.081+0000][458.729s][1][129][trace] GC(79) _eden_chunk_array[204]=0x00000000f9c48830
[2025-08-08T15:28:13.081+0000][458.729s][1][129][trace] GC(79) _eden_chunk_array[205]=0x00000000f9c6f7f0
[2025-08-08T15:28:13.081+0000][458.729s][1][129][trace] GC(79) _eden_chunk_array[206]=0x00000000f9ca42a8
[2025-08-08T15:28:13.081+0000][458.729s][1][129][trace] GC(79) _eden_chunk_array[207]=0x00000000f9cd9558
[2025-08-08T15:28:13.081+0000][458.729s][1][129][trace] GC(79) _eden_chunk_array[208]=0x00000000f9d0e830
[2025-08-08T15:28:13.081+0000][458.729s][1][129][trace] GC(79) _eden_chunk_array[209]=0x00000000f9d38af8
[2025-08-08T15:28:13.081+0000][458.729s][1][129][trace] GC(79) _eden_chunk_array[210]=0x00000000f9d6ddd0
[2025-08-08T15:28:13.081+0000][458.729s][1][129][trace] GC(79) _eden_chunk_array[211]=0x00000000f9dd3018
[2025-08-08T15:28:13.081+0000][458.729s][1][129][trace] GC(79) _eden_chunk_array[212]=0x00000000f9df8f90
[2025-08-08T15:28:13.081+0000][458.729s][1][129][trace] GC(79) _eden_chunk_array[213]=0x00000000f9e19990
[2025-08-08T15:28:13.081+0000][458.729s][1][129][trace] GC(79) _eden_chunk_array[214]=0x00000000f9e3a3a0
[2025-08-08T15:28:13.081+0000][458.729s][1][129][trace] GC(79) _eden_chunk_array[215]=0x00000000f9e88c58
[2025-08-08T15:28:13.081+0000][458.729s][1][129][trace] GC(79) _eden_chunk_array[216]=0x00000000f9eae350
[2025-08-08T15:28:13.081+0000][458.729s][1][129][trace] GC(79) _eden_chunk_array[217]=0x00000000f9ed1930
[2025-08-08T15:28:13.081+0000][458.729s][1][129][trace] GC(79) _eden_chunk_array[218]=0x00000000f9ef8f10
[2025-08-08T15:28:13.081+0000][458.729s][1][129][trace] GC(79) _eden_chunk_array[219]=0x00000000f9f29f98
[2025-08-08T15:28:13.081+0000][458.729s][1][129][trace] GC(79) _eden_chunk_array[220]=0x00000000f9f5a8a0
[2025-08-08T15:28:13.081+0000][458.729s][1][129][trace] GC(79) _eden_chunk_array[221]=0x00000000f9f7c660
[2025-08-08T15:28:13.081+0000][458.729s][1][129][trace] GC(79) _eden_chunk_array[222]=0x00000000f9face00
[2025-08-08T15:28:13.081+0000][458.729s][1][129][trace] GC(79) _eden_chunk_array[223]=0x00000000f9ff7b10
[2025-08-08T15:28:13.081+0000][458.729s][1][129][trace] GC(79) _eden_chunk_array[224]=0x00000000fa02c5f8
[2025-08-08T15:28:13.081+0000][458.729s][1][129][trace] GC(79) _eden_chunk_array[225]=0x00000000fa062c58
[2025-08-08T15:28:13.081+0000][458.729s][1][129][trace] GC(79) _eden_chunk_array[226]=0x00000000fa097708
[2025-08-08T15:28:13.081+0000][458.729s][1][129][trace] GC(79) _eden_chunk_array[227]=0x00000000fa0bc180
[2025-08-08T15:28:13.081+0000][458.729s][1][129][trace] GC(79) _eden_chunk_array[228]=0x00000000fa0de9f8
[2025-08-08T15:28:13.081+0000][458.729s][1][129][trace] GC(79) _eden_chunk_array[229]=0x00000000fa13f660
[2025-08-08T15:28:13.081+0000][458.729s][1][129][trace] GC(79) _eden_chunk_array[230]=0x00000000fa173430
[2025-08-08T15:28:13.081+0000][458.729s][1][129][trace] GC(79) _eden_chunk_array[231]=0x00000000fa1a09b8
[2025-08-08T15:28:13.081+0000][458.729s][1][129][trace] GC(79) _eden_chunk_array[232]=0x00000000fa1ca1f8
[2025-08-08T15:28:13.081+0000][458.729s][1][129][trace] GC(79) _eden_chunk_array[233]=0x00000000fa1eb6b0
[2025-08-08T15:28:13.081+0000][458.729s][1][129][trace] GC(79) _eden_chunk_array[234]=0x00000000fa20cb48
[2025-08-08T15:28:13.081+0000][458.729s][1][129][trace] GC(79) _eden_chunk_array[235]=0x00000000fa22e018
[2025-08-08T15:28:13.081+0000][458.729s][1][129][trace] GC(79) _eden_chunk_array[236]=0x00000000fa24f4e8
[2025-08-08T15:28:13.081+0000][458.729s][1][129][trace] GC(79) _eden_chunk_array[237]=0x00000000fa278990
[2025-08-08T15:28:13.081+0000][458.729s][1][129][trace] GC(79) _eden_chunk_array[238]=0x00000000fa299e38
[2025-08-08T15:28:13.081+0000][458.729s][1][129][trace] GC(79) _eden_chunk_array[239]=0x00000000fa2c3690
[2025-08-08T15:28:13.081+0000][458.729s][1][129][trace] GC(79) _eden_chunk_array[240]=0x00000000fa2f3e38
[2025-08-08T15:28:13.081+0000][458.729s][1][129][trace] GC(79) _eden_chunk_array[241]=0x00000000fa3245e0
[2025-08-08T15:28:13.081+0000][458.729s][1][129][trace] GC(79) _eden_chunk_array[242]=0x00000000fa34aeb0
[2025-08-08T15:28:13.082+0000][458.729s][1][129][trace] GC(79) _eden_chunk_array[243]=0x00000000fa374360
[2025-08-08T15:28:13.082+0000][458.729s][1][129][trace] GC(79) _eden_chunk_array[244]=0x00000000fa3e0970
[2025-08-08T15:28:13.082+0000][458.729s][1][129][trace] GC(79) _eden_chunk_array[245]=0x00000000fa414af8
[2025-08-08T15:28:13.082+0000][458.729s][1][129][trace] GC(79) _eden_chunk_array[246]=0x00000000fa43d3d0
[2025-08-08T15:28:13.082+0000][458.729s][1][129][trace] GC(79) _eden_chunk_array[247]=0x00000000fa4615c0
[2025-08-08T15:28:13.082+0000][458.729s][1][129][trace] GC(79) _eden_chunk_array[248]=0x00000000fa4cdb48
[2025-08-08T15:28:13.082+0000][458.729s][1][129][trace] GC(79) _eden_chunk_array[249]=0x00000000fa4f7370
[2025-08-08T15:28:13.082+0000][458.729s][1][129][trace] GC(79) _eden_chunk_array[250]=0x00000000fa5203f0
[2025-08-08T15:28:13.082+0000][458.729s][1][129][trace] GC(79) _eden_chunk_array[251]=0x00000000fa549c38
[2025-08-08T15:28:13.082+0000][458.729s][1][129][trace] GC(79) _eden_chunk_array[252]=0x00000000fa57a3d8
[2025-08-08T15:28:13.082+0000][458.729s][1][129][trace] GC(79) _eden_chunk_array[253]=0x00000000fa5a3c10
[2025-08-08T15:28:13.082+0000][458.729s][1][129][trace] GC(79) _eden_chunk_array[254]=0x00000000fa5d43a0
[2025-08-08T15:28:13.082+0000][458.729s][1][129][trace] GC(79) _eden_chunk_array[255]=0x00000000fa5fdbc8
[2025-08-08T15:28:13.082+0000][458.729s][1][129][trace] GC(79) _eden_chunk_array[256]=0x00000000fa627418
[2025-08-08T15:28:13.082+0000][458.729s][1][129][trace] GC(79) _eden_chunk_array[257]=0x00000000fa64f488
[2025-08-08T15:28:13.082+0000][458.729s][1][129][trace] GC(79) _eden_chunk_array[258]=0x00000000fa67c240
[2025-08-08T15:28:13.082+0000][458.729s][1][129][trace] GC(79) _eden_chunk_array[259]=0x00000000fa6ad1c8
[2025-08-08T15:28:13.082+0000][458.729s][1][129][trace] GC(79) _eden_chunk_array[260]=0x00000000fa6d80d8
[2025-08-08T15:28:13.082+0000][458.729s][1][129][trace] GC(79) _eden_chunk_array[261]=0x00000000fa7002f0
[2025-08-08T15:28:13.082+0000][458.729s][1][129][trace] GC(79) _eden_chunk_array[262]=0x00000000fa738440
[2025-08-08T15:28:13.082+0000][458.729s][1][129][trace] GC(79) _eden_chunk_array[263]=0x00000000fa75d228
[2025-08-08T15:28:13.082+0000][458.729s][1][129][trace] GC(79) _eden_chunk_array[264]=0x00000000fa7cbab8
[2025-08-08T15:28:13.082+0000][458.729s][1][129][trace] GC(79) _eden_chunk_array[265]=0x00000000fa7f9498
[2025-08-08T15:28:13.082+0000][458.729s][1][129][trace] GC(79) _eden_chunk_array[266]=0x00000000fa8267f8
[2025-08-08T15:28:13.082+0000][458.729s][1][129][trace] GC(79) _eden_chunk_array[267]=0x00000000fa889f98
[2025-08-08T15:28:13.082+0000][458.729s][1][129][trace] GC(79) _eden_chunk_array[268]=0x00000000fa8b4048
[2025-08-08T15:28:13.082+0000][458.729s][1][129][trace] GC(79) _eden_chunk_array[269]=0x00000000fa8d4a00
[2025-08-08T15:28:13.082+0000][458.729s][1][129][trace] GC(79) _eden_chunk_array[270]=0x00000000fa8f5a80
[2025-08-08T15:28:13.082+0000][458.729s][1][129][trace] GC(79) _eden_chunk_array[271]=0x00000000fa9247a8
[2025-08-08T15:28:13.082+0000][458.729s][1][129][trace] GC(79) _eden_chunk_array[272]=0x00000000fa951fc8
[2025-08-08T15:28:13.082+0000][458.729s][1][129][trace] GC(79) _eden_chunk_array[273]=0x00000000fa97b808
[2025-08-08T15:28:13.082+0000][458.729s][1][129][trace] GC(79) _eden_chunk_array[274]=0x00000000fa9a8dd8
[2025-08-08T15:28:13.082+0000][458.729s][1][129][trace] GC(79) _eden_chunk_array[275]=0x00000000fa9da118
[2025-08-08T15:28:13.082+0000][458.729s][1][129][trace] GC(79) _eden_chunk_array[276]=0x00000000faa385f0
[2025-08-08T15:28:13.082+0000][458.729s][1][129][trace] GC(79) _eden_chunk_array[277]=0x00000000faa59c50
[2025-08-08T15:28:13.082+0000][458.729s][1][129][trace] GC(79) _eden_chunk_array[278]=0x00000000faacaf90
[2025-08-08T15:28:13.082+0000][458.729s][1][129][trace] GC(79) _eden_chunk_array[279]=0x00000000faafa878
[2025-08-08T15:28:13.082+0000][458.729s][1][129][trace] GC(79) _eden_chunk_array[280]=0x00000000fab2a140
[2025-08-08T15:28:13.082+0000][458.729s][1][129][trace] GC(79) _eden_chunk_array[281]=0x00000000fab599d8
[2025-08-08T15:28:13.082+0000][458.729s][1][129][trace] GC(79) _eden_chunk_array[282]=0x00000000fab83eb0
[2025-08-08T15:28:13.082+0000][458.729s][1][129][trace] GC(79) _eden_chunk_array[283]=0x00000000faba50e8
[2025-08-08T15:28:13.082+0000][458.729s][1][129][trace] GC(79) _eden_chunk_array[284]=0x00000000fabd8038
[2025-08-08T15:28:13.082+0000][458.729s][1][129][trace] GC(79) _eden_chunk_array[285]=0x00000000fac09340
[2025-08-08T15:28:13.082+0000][458.729s][1][129][trace] GC(79) _eden_chunk_array[286]=0x00000000fac36148
[2025-08-08T15:28:13.082+0000][458.729s][1][129][trace] GC(79) _eden_chunk_array[287]=0x00000000fac64b40
[2025-08-08T15:28:13.082+0000][458.729s][1][129][trace] GC(79) _eden_chunk_array[288]=0x00000000fac906c0
[2025-08-08T15:28:13.082+0000][458.729s][1][129][trace] GC(79) _eden_chunk_array[289]=0x00000000facc2a90
[2025-08-08T15:28:13.082+0000][458.729s][1][129][trace] GC(79) _eden_chunk_array[290]=0x00000000fad0b5d8
[2025-08-08T15:28:13.082+0000][458.729s][1][129][trace] GC(79) _eden_chunk_array[291]=0x00000000fad3b740
[2025-08-08T15:28:13.082+0000][458.729s][1][129][trace] GC(79) _eden_chunk_array[292]=0x00000000fad64048
[2025-08-08T15:28:13.082+0000][458.729s][1][129][trace] GC(79) _eden_chunk_array[293]=0x00000000fadb5870
[2025-08-08T15:28:13.082+0000][458.729s][1][129][trace] GC(79) _eden_chunk_array[294]=0x00000000fade2508
[2025-08-08T15:28:13.082+0000][458.729s][1][129][trace] GC(79) survivor 0x00000000fd410000-0x00000000fd410000-0x00000000fe780000(20381696)
[2025-08-08T15:28:13.082+0000][458.729s][1][129][trace] GC(79) _survivor_chunk_index=0, _survivor_chunk_capacity=9952
[2025-08-08T15:28:13.119+0000][458.767s][1][129][info ] GC(79) Pause Remark 123M->123M(180M) 38.881ms
[2025-08-08T15:28:13.119+0000][458.767s][1][129][info ] Leaving safepoint region
[2025-08-08T15:28:13.119+0000][458.767s][1][129][info ] Total time for which application threads were stopped: 0.0391651 seconds, Stopping threads took: 0.0000341 seconds
[2025-08-08T15:28:13.119+0000][458.767s][1][128][info ] GC(79) Concurrent Sweep
[2025-08-08T15:28:13.121+0000][458.768s][1][128][info ] GC(79) Concurrent Sweep 1.518ms
[2025-08-08T15:28:13.121+0000][458.768s][1][128][info ] GC(79) Concurrent Reset
[2025-08-08T15:28:13.121+0000][458.768s][1][128][info ] GC(79) Concurrent Reset 0.019ms
[2025-08-08T15:28:13.121+0000][458.768s][1][128][info ] GC(79) Old: 5183K->5183K(5184K)
[2025-08-08T15:28:14.120+0000][459.767s][1][129][info ] Application time: 1.0007821 seconds
[2025-08-08T15:28:14.120+0000][459.768s][1][129][info ] Entering safepoint region: Cleanup
[2025-08-08T15:28:14.120+0000][459.768s][1][129][info ] Leaving safepoint region
[2025-08-08T15:28:14.120+0000][459.768s][1][129][info ] Total time for which application threads were stopped: 0.0002697 seconds, Stopping threads took: 0.0000786 seconds
[2025-08-08T15:28:20.123+0000][465.770s][1][129][info ] Application time: 6.0021836 seconds
[2025-08-08T15:28:20.123+0000][465.770s][1][129][info ] Entering safepoint region: Cleanup
[2025-08-08T15:28:20.123+0000][465.770s][1][129][info ] Leaving safepoint region
[2025-08-08T15:28:20.123+0000][465.771s][1][129][info ] Total time for which application threads were stopped: 0.0005137 seconds, Stopping threads took: 0.0001553 seconds
[2025-08-08T15:28:23.121+0000][468.769s][1][129][info ] Application time: 2.9980281 seconds
[2025-08-08T15:28:23.121+0000][468.769s][1][129][info ] Entering safepoint region: CMS_Initial_Mark
[2025-08-08T15:28:23.122+0000][468.769s][1][129][trace] GC(80) eden 0x00000000f3800000-0x00000000fb853308-0x00000000fd410000(163643392)
[2025-08-08T15:28:23.122+0000][468.769s][1][129][trace] GC(80) _eden_chunk_index=347, _eden_chunk_capacity=11233
[2025-08-08T15:28:23.122+0000][468.769s][1][129][trace] GC(80) _eden_chunk_array[0]=0x00000000f74596b0
[2025-08-08T15:28:23.122+0000][468.769s][1][129][trace] GC(80) _eden_chunk_array[1]=0x00000000f74ac5b8
[2025-08-08T15:28:23.122+0000][468.769s][1][129][trace] GC(80) _eden_chunk_array[2]=0x00000000f74d55e8
[2025-08-08T15:28:23.122+0000][468.769s][1][129][trace] GC(80) _eden_chunk_array[3]=0x00000000f7504058
[2025-08-08T15:28:23.122+0000][468.769s][1][129][trace] GC(80) _eden_chunk_array[4]=0x00000000f7524f88
[2025-08-08T15:28:23.122+0000][468.769s][1][129][trace] GC(80) _eden_chunk_array[5]=0x00000000f754e7c0
[2025-08-08T15:28:23.122+0000][468.769s][1][129][trace] GC(80) _eden_chunk_array[6]=0x00000000f7577fe0
[2025-08-08T15:28:23.122+0000][468.769s][1][129][trace] GC(80) _eden_chunk_array[7]=0x00000000f75a71a8
[2025-08-08T15:28:23.122+0000][468.769s][1][129][trace] GC(80) _eden_chunk_array[8]=0x00000000f75f58d8
[2025-08-08T15:28:23.122+0000][468.769s][1][129][trace] GC(80) _eden_chunk_array[9]=0x00000000f761a640
[2025-08-08T15:28:23.122+0000][468.769s][1][129][trace] GC(80) _eden_chunk_array[10]=0x00000000f76649c8
[2025-08-08T15:28:23.122+0000][468.769s][1][129][trace] GC(80) _eden_chunk_array[11]=0x00000000f76854f8
[2025-08-08T15:28:23.122+0000][468.769s][1][129][trace] GC(80) _eden_chunk_array[12]=0x00000000f76d4790
[2025-08-08T15:28:23.122+0000][468.769s][1][129][trace] GC(80) _eden_chunk_array[13]=0x00000000f7704f20
[2025-08-08T15:28:23.122+0000][468.769s][1][129][trace] GC(80) _eden_chunk_array[14]=0x00000000f7751bd0
[2025-08-08T15:28:23.122+0000][468.769s][1][129][trace] GC(80) _eden_chunk_array[15]=0x00000000f777a4b0
[2025-08-08T15:28:23.122+0000][468.769s][1][129][trace] GC(80) _eden_chunk_array[16]=0x00000000f77a4c70
[2025-08-08T15:28:23.122+0000][468.769s][1][129][trace] GC(80) _eden_chunk_array[17]=0x00000000f7810a48
[2025-08-08T15:28:23.122+0000][468.769s][1][129][trace] GC(80) _eden_chunk_array[18]=0x00000000f78454f8
[2025-08-08T15:28:23.122+0000][468.769s][1][129][trace] GC(80) _eden_chunk_array[19]=0x00000000f7879fb0
[2025-08-08T15:28:23.122+0000][468.769s][1][129][trace] GC(80) _eden_chunk_array[20]=0x00000000f78aea98
[2025-08-08T15:28:23.122+0000][468.769s][1][129][trace] GC(80) _eden_chunk_array[21]=0x00000000f78d8f40
[2025-08-08T15:28:23.122+0000][468.769s][1][129][trace] GC(80) _eden_chunk_array[22]=0x00000000f79059a8
[2025-08-08T15:28:23.122+0000][468.769s][1][129][trace] GC(80) _eden_chunk_array[23]=0x00000000f7968da8
[2025-08-08T15:28:23.122+0000][468.769s][1][129][trace] GC(80) _eden_chunk_array[24]=0x00000000f79891e8
[2025-08-08T15:28:23.122+0000][468.769s][1][129][trace] GC(80) _eden_chunk_array[25]=0x00000000f79b18e8
[2025-08-08T15:28:23.122+0000][468.769s][1][129][trace] GC(80) _eden_chunk_array[26]=0x00000000f79d1ad8
[2025-08-08T15:28:23.122+0000][468.769s][1][129][trace] GC(80) _eden_chunk_array[27]=0x00000000f7a16618
[2025-08-08T15:28:23.122+0000][468.769s][1][129][trace] GC(80) _eden_chunk_array[28]=0x00000000f7a46d00
[2025-08-08T15:28:23.122+0000][468.769s][1][129][trace] GC(80) _eden_chunk_array[29]=0x00000000f7a8fd38
[2025-08-08T15:28:23.122+0000][468.769s][1][129][trace] GC(80) _eden_chunk_array[30]=0x00000000f7ad8d90
[2025-08-08T15:28:23.122+0000][468.769s][1][129][trace] GC(80) _eden_chunk_array[31]=0x00000000f7b2a5c0
[2025-08-08T15:28:23.122+0000][468.769s][1][129][trace] GC(80) _eden_chunk_array[32]=0x00000000f7b87ac8
[2025-08-08T15:28:23.122+0000][468.769s][1][129][trace] GC(80) _eden_chunk_array[33]=0x00000000f7bad890
[2025-08-08T15:28:23.122+0000][468.769s][1][129][trace] GC(80) _eden_chunk_array[34]=0x00000000f7bce290
[2025-08-08T15:28:23.122+0000][468.769s][1][129][trace] GC(80) _eden_chunk_array[35]=0x00000000f7bef940
[2025-08-08T15:28:23.122+0000][468.769s][1][129][trace] GC(80) _eden_chunk_array[36]=0x00000000f7c20f50
[2025-08-08T15:28:23.122+0000][468.769s][1][129][trace] GC(80) _eden_chunk_array[37]=0x00000000f7c53e40
[2025-08-08T15:28:23.122+0000][468.769s][1][129][trace] GC(80) _eden_chunk_array[38]=0x00000000f7c79888
[2025-08-08T15:28:23.122+0000][468.769s][1][129][trace] GC(80) _eden_chunk_array[39]=0x00000000f7c9ea88
[2025-08-08T15:28:23.122+0000][468.769s][1][129][trace] GC(80) _eden_chunk_array[40]=0x00000000f7cc3cb8
[2025-08-08T15:28:23.122+0000][468.769s][1][129][trace] GC(80) _eden_chunk_array[41]=0x00000000f7ceaaa0
[2025-08-08T15:28:23.122+0000][468.769s][1][129][trace] GC(80) _eden_chunk_array[42]=0x00000000f7d0b440
[2025-08-08T15:28:23.122+0000][468.769s][1][129][trace] GC(80) _eden_chunk_array[43]=0x00000000f7d30640
[2025-08-08T15:28:23.122+0000][468.769s][1][129][trace] GC(80) _eden_chunk_array[44]=0x00000000f7d9da90
[2025-08-08T15:28:23.122+0000][468.769s][1][129][trace] GC(80) _eden_chunk_array[45]=0x00000000f7dd09f8
[2025-08-08T15:28:23.122+0000][468.769s][1][129][trace] GC(80) _eden_chunk_array[46]=0x00000000f7df56f0
[2025-08-08T15:28:23.122+0000][468.769s][1][129][trace] GC(80) _eden_chunk_array[47]=0x00000000f7e1ad98
[2025-08-08T15:28:23.122+0000][468.769s][1][129][trace] GC(80) _eden_chunk_array[48]=0x00000000f7e88158
[2025-08-08T15:28:23.122+0000][468.769s][1][129][trace] GC(80) _eden_chunk_array[49]=0x00000000f7eb0348
[2025-08-08T15:28:23.122+0000][468.770s][1][129][trace] GC(80) _eden_chunk_array[50]=0x00000000f7ed5e98
[2025-08-08T15:28:23.122+0000][468.770s][1][129][trace] GC(80) _eden_chunk_array[51]=0x00000000f7f02cb8
[2025-08-08T15:28:23.122+0000][468.770s][1][129][trace] GC(80) _eden_chunk_array[52]=0x00000000f7f29820
[2025-08-08T15:28:23.122+0000][468.770s][1][129][trace] GC(80) _eden_chunk_array[53]=0x00000000f7f50380
[2025-08-08T15:28:23.122+0000][468.770s][1][129][trace] GC(80) _eden_chunk_array[54]=0x00000000f7f78570
[2025-08-08T15:28:23.122+0000][468.770s][1][129][trace] GC(80) _eden_chunk_array[55]=0x00000000f7f9f118
[2025-08-08T15:28:23.122+0000][468.770s][1][129][trace] GC(80) _eden_chunk_array[56]=0x00000000f7fd1398
[2025-08-08T15:28:23.122+0000][468.770s][1][129][trace] GC(80) _eden_chunk_array[57]=0x00000000f7ff15f0
[2025-08-08T15:28:23.122+0000][468.770s][1][129][trace] GC(80) _eden_chunk_array[58]=0x00000000f8021d80
[2025-08-08T15:28:23.122+0000][468.770s][1][129][trace] GC(80) _eden_chunk_array[59]=0x00000000f8052520
[2025-08-08T15:28:23.122+0000][468.770s][1][129][trace] GC(80) _eden_chunk_array[60]=0x00000000f8078698
[2025-08-08T15:28:23.122+0000][468.770s][1][129][trace] GC(80) _eden_chunk_array[61]=0x00000000f809e8f8
[2025-08-08T15:28:23.122+0000][468.770s][1][129][trace] GC(80) _eden_chunk_array[62]=0x00000000f80c9470
[2025-08-08T15:28:23.122+0000][468.770s][1][129][trace] GC(80) _eden_chunk_array[63]=0x00000000f8101478
[2025-08-08T15:28:23.122+0000][468.770s][1][129][trace] GC(80) _eden_chunk_array[64]=0x00000000f8128fa8
[2025-08-08T15:28:23.122+0000][468.770s][1][129][trace] GC(80) _eden_chunk_array[65]=0x00000000f81516c0
[2025-08-08T15:28:23.122+0000][468.770s][1][129][trace] GC(80) _eden_chunk_array[66]=0x00000000f81bc790
[2025-08-08T15:28:23.122+0000][468.770s][1][129][trace] GC(80) _eden_chunk_array[67]=0x00000000f821fae0
[2025-08-08T15:28:23.122+0000][468.770s][1][129][trace] GC(80) _eden_chunk_array[68]=0x00000000f8245540
[2025-08-08T15:28:23.122+0000][468.770s][1][129][trace] GC(80) _eden_chunk_array[69]=0x00000000f826afc0
[2025-08-08T15:28:23.122+0000][468.770s][1][129][trace] GC(80) _eden_chunk_array[70]=0x00000000f82909f8
[2025-08-08T15:28:23.122+0000][468.770s][1][129][trace] GC(80) _eden_chunk_array[71]=0x00000000f82b6460
[2025-08-08T15:28:23.122+0000][468.770s][1][129][trace] GC(80) _eden_chunk_array[72]=0x00000000f82dbef0
[2025-08-08T15:28:23.122+0000][468.770s][1][129][trace] GC(80) _eden_chunk_array[73]=0x00000000f8301998
[2025-08-08T15:28:23.122+0000][468.770s][1][129][trace] GC(80) _eden_chunk_array[74]=0x00000000f83398c8
[2025-08-08T15:28:23.122+0000][468.770s][1][129][trace] GC(80) _eden_chunk_array[75]=0x00000000f835b020
[2025-08-08T15:28:23.122+0000][468.770s][1][129][trace] GC(80) _eden_chunk_array[76]=0x00000000f8381080
[2025-08-08T15:28:23.122+0000][468.770s][1][129][trace] GC(80) _eden_chunk_array[77]=0x00000000f83daa10
[2025-08-08T15:28:23.122+0000][468.770s][1][129][trace] GC(80) _eden_chunk_array[78]=0x00000000f8409a80
[2025-08-08T15:28:23.122+0000][468.770s][1][129][trace] GC(80) _eden_chunk_array[79]=0x00000000f842d588
[2025-08-08T15:28:23.122+0000][468.770s][1][129][trace] GC(80) _eden_chunk_array[80]=0x00000000f8485750
[2025-08-08T15:28:23.122+0000][468.770s][1][129][trace] GC(80) _eden_chunk_array[81]=0x00000000f84b3020
[2025-08-08T15:28:23.122+0000][468.770s][1][129][trace] GC(80) _eden_chunk_array[82]=0x00000000f84db8f8
[2025-08-08T15:28:23.122+0000][468.770s][1][129][trace] GC(80) _eden_chunk_array[83]=0x00000000f850c098
[2025-08-08T15:28:23.122+0000][468.770s][1][129][trace] GC(80) _eden_chunk_array[84]=0x00000000f8534970
[2025-08-08T15:28:23.122+0000][468.770s][1][129][trace] GC(80) _eden_chunk_array[85]=0x00000000f8565110
[2025-08-08T15:28:23.122+0000][468.770s][1][129][trace] GC(80) _eden_chunk_array[86]=0x00000000f85b6928
[2025-08-08T15:28:23.122+0000][468.770s][1][129][trace] GC(80) _eden_chunk_array[87]=0x00000000f85df230
[2025-08-08T15:28:23.122+0000][468.770s][1][129][trace] GC(80) _eden_chunk_array[88]=0x00000000f8607b20
[2025-08-08T15:28:23.123+0000][468.770s][1][129][trace] GC(80) _eden_chunk_array[89]=0x00000000f862e828
[2025-08-08T15:28:23.123+0000][468.770s][1][129][trace] GC(80) _eden_chunk_array[90]=0x00000000f8653490
[2025-08-08T15:28:23.123+0000][468.770s][1][129][trace] GC(80) _eden_chunk_array[91]=0x00000000f8674438
[2025-08-08T15:28:23.123+0000][468.770s][1][129][trace] GC(80) _eden_chunk_array[92]=0x00000000f869b2d8
[2025-08-08T15:28:23.123+0000][468.770s][1][129][trace] GC(80) _eden_chunk_array[93]=0x00000000f86bfc78
[2025-08-08T15:28:23.123+0000][468.770s][1][129][trace] GC(80) _eden_chunk_array[94]=0x00000000f86e6630
[2025-08-08T15:28:23.123+0000][468.770s][1][129][trace] GC(80) _eden_chunk_array[95]=0x00000000f871a5d0
[2025-08-08T15:28:23.123+0000][468.770s][1][129][trace] GC(80) _eden_chunk_array[96]=0x00000000f87464f8
[2025-08-08T15:28:23.123+0000][468.770s][1][129][trace] GC(80) _eden_chunk_array[97]=0x00000000f877af98
[2025-08-08T15:28:23.123+0000][468.770s][1][129][trace] GC(80) _eden_chunk_array[98]=0x00000000f87e6d28
[2025-08-08T15:28:23.123+0000][468.770s][1][129][trace] GC(80) _eden_chunk_array[99]=0x00000000f88174d0
[2025-08-08T15:28:23.123+0000][468.770s][1][129][trace] GC(80) _eden_chunk_array[100]=0x00000000f884bfe0
[2025-08-08T15:28:23.123+0000][468.770s][1][129][trace] GC(80) _eden_chunk_array[101]=0x00000000f8880a90
[2025-08-08T15:28:23.123+0000][468.770s][1][129][trace] GC(80) _eden_chunk_array[102]=0x00000000f88a8fa0
[2025-08-08T15:28:23.123+0000][468.770s][1][129][trace] GC(80) _eden_chunk_array[103]=0x00000000f88ca4d8
[2025-08-08T15:28:23.123+0000][468.770s][1][129][trace] GC(80) _eden_chunk_array[104]=0x00000000f88f0e68
[2025-08-08T15:28:23.123+0000][468.770s][1][129][trace] GC(80) _eden_chunk_array[105]=0x00000000f8914998
[2025-08-08T15:28:23.123+0000][468.770s][1][129][trace] GC(80) _eden_chunk_array[106]=0x00000000f8943b50
[2025-08-08T15:28:23.123+0000][468.770s][1][129][trace] GC(80) _eden_chunk_array[107]=0x00000000f8967d68
[2025-08-08T15:28:23.123+0000][468.770s][1][129][trace] GC(80) _eden_chunk_array[108]=0x00000000f8991360
[2025-08-08T15:28:23.123+0000][468.770s][1][129][trace] GC(80) _eden_chunk_array[109]=0x00000000f89b7ec0
[2025-08-08T15:28:23.123+0000][468.770s][1][129][trace] GC(80) _eden_chunk_array[110]=0x00000000f89deaa8
[2025-08-08T15:28:23.123+0000][468.770s][1][129][trace] GC(80) _eden_chunk_array[111]=0x00000000f8a01e48
[2025-08-08T15:28:23.123+0000][468.770s][1][129][trace] GC(80) _eden_chunk_array[112]=0x00000000f8a289a8
[2025-08-08T15:28:23.123+0000][468.770s][1][129][trace] GC(80) _eden_chunk_array[113]=0x00000000f8a4f518
[2025-08-08T15:28:23.123+0000][468.770s][1][129][trace] GC(80) _eden_chunk_array[114]=0x00000000f8a9dc58
[2025-08-08T15:28:23.123+0000][468.770s][1][129][trace] GC(80) _eden_chunk_array[115]=0x00000000f8ac4d88
[2025-08-08T15:28:23.123+0000][468.770s][1][129][trace] GC(80) _eden_chunk_array[116]=0x00000000f8aebd28
[2025-08-08T15:28:23.123+0000][468.770s][1][129][trace] GC(80) _eden_chunk_array[117]=0x00000000f8b48a38
[2025-08-08T15:28:23.123+0000][468.770s][1][129][trace] GC(80) _eden_chunk_array[118]=0x00000000f8b6d790
[2025-08-08T15:28:23.123+0000][468.770s][1][129][trace] GC(80) _eden_chunk_array[119]=0x00000000f8b911e8
[2025-08-08T15:28:23.123+0000][468.770s][1][129][trace] GC(80) _eden_chunk_array[120]=0x00000000f8bef900
[2025-08-08T15:28:23.123+0000][468.770s][1][129][trace] GC(80) _eden_chunk_array[121]=0x00000000f8c335d8
[2025-08-08T15:28:23.123+0000][468.770s][1][129][trace] GC(80) _eden_chunk_array[122]=0x00000000f8c8e5a0
[2025-08-08T15:28:23.123+0000][468.770s][1][129][trace] GC(80) _eden_chunk_array[123]=0x00000000f8caff78
[2025-08-08T15:28:23.123+0000][468.770s][1][129][trace] GC(80) _eden_chunk_array[124]=0x00000000f8cdd530
[2025-08-08T15:28:23.123+0000][468.770s][1][129][trace] GC(80) _eden_chunk_array[125]=0x00000000f8d08b20
[2025-08-08T15:28:23.123+0000][468.770s][1][129][trace] GC(80) _eden_chunk_array[126]=0x00000000f8d3f138
[2025-08-08T15:28:23.123+0000][468.770s][1][129][trace] GC(80) _eden_chunk_array[127]=0x00000000f8daaec8
[2025-08-08T15:28:23.123+0000][468.770s][1][129][trace] GC(80) _eden_chunk_array[128]=0x00000000f8ddf970
[2025-08-08T15:28:23.123+0000][468.770s][1][129][trace] GC(80) _eden_chunk_array[129]=0x00000000f8e14438
[2025-08-08T15:28:23.123+0000][468.770s][1][129][trace] GC(80) _eden_chunk_array[130]=0x00000000f8e36208
[2025-08-08T15:28:23.123+0000][468.770s][1][129][trace] GC(80) _eden_chunk_array[131]=0x00000000f8e60288
[2025-08-08T15:28:23.123+0000][468.770s][1][129][trace] GC(80) _eden_chunk_array[132]=0x00000000f8eace78
[2025-08-08T15:28:23.123+0000][468.770s][1][129][trace] GC(80) _eden_chunk_array[133]=0x00000000f8ee1548
[2025-08-08T15:28:23.123+0000][468.770s][1][129][trace] GC(80) _eden_chunk_array[134]=0x00000000f8f07f38
[2025-08-08T15:28:23.123+0000][468.770s][1][129][trace] GC(80) _eden_chunk_array[135]=0x00000000f8f3d1f8
[2025-08-08T15:28:23.123+0000][468.770s][1][129][trace] GC(80) _eden_chunk_array[136]=0x00000000f8f6c388
[2025-08-08T15:28:23.123+0000][468.770s][1][129][trace] GC(80) _eden_chunk_array[137]=0x00000000f8f9b4f0
[2025-08-08T15:28:23.123+0000][468.770s][1][129][trace] GC(80) _eden_chunk_array[138]=0x00000000f8fd1ce8
[2025-08-08T15:28:23.123+0000][468.770s][1][129][trace] GC(80) _eden_chunk_array[139]=0x00000000f9000e68
[2025-08-08T15:28:23.123+0000][468.770s][1][129][trace] GC(80) _eden_chunk_array[140]=0x00000000f902ffd0
[2025-08-08T15:28:23.123+0000][468.770s][1][129][trace] GC(80) _eden_chunk_array[141]=0x00000000f9064aa0
[2025-08-08T15:28:23.123+0000][468.770s][1][129][trace] GC(80) _eden_chunk_array[142]=0x00000000f90b31d8
[2025-08-08T15:28:23.123+0000][468.770s][1][129][trace] GC(80) _eden_chunk_array[143]=0x00000000f90da820
[2025-08-08T15:28:23.123+0000][468.770s][1][129][trace] GC(80) _eden_chunk_array[144]=0x00000000f9101ba0
[2025-08-08T15:28:23.123+0000][468.770s][1][129][trace] GC(80) _eden_chunk_array[145]=0x00000000f912f280
[2025-08-08T15:28:23.123+0000][468.770s][1][129][trace] GC(80) _eden_chunk_array[146]=0x00000000f9189620
[2025-08-08T15:28:23.123+0000][468.770s][1][129][trace] GC(80) _eden_chunk_array[147]=0x00000000f91bd578
[2025-08-08T15:28:23.123+0000][468.770s][1][129][trace] GC(80) _eden_chunk_array[148]=0x00000000f91e7e78
[2025-08-08T15:28:23.123+0000][468.770s][1][129][trace] GC(80) _eden_chunk_array[149]=0x00000000f924aa20
[2025-08-08T15:28:23.123+0000][468.770s][1][129][trace] GC(80) _eden_chunk_array[150]=0x00000000f9272000
[2025-08-08T15:28:23.123+0000][468.770s][1][129][trace] GC(80) _eden_chunk_array[151]=0x00000000f9297998
[2025-08-08T15:28:23.123+0000][468.770s][1][129][trace] GC(80) _eden_chunk_array[152]=0x00000000f92c8138
[2025-08-08T15:28:23.123+0000][468.770s][1][129][trace] GC(80) _eden_chunk_array[153]=0x00000000f92edaa0
[2025-08-08T15:28:23.123+0000][468.770s][1][129][trace] GC(80) _eden_chunk_array[154]=0x00000000f9313428
[2025-08-08T15:28:23.123+0000][468.770s][1][129][trace] GC(80) _eden_chunk_array[155]=0x00000000f9338dc8
[2025-08-08T15:28:23.123+0000][468.770s][1][129][trace] GC(80) _eden_chunk_array[156]=0x00000000f935e778
[2025-08-08T15:28:23.123+0000][468.770s][1][129][trace] GC(80) _eden_chunk_array[157]=0x00000000f9387c48
[2025-08-08T15:28:23.123+0000][468.770s][1][129][trace] GC(80) _eden_chunk_array[158]=0x00000000f93b50b8
[2025-08-08T15:28:23.123+0000][468.770s][1][129][trace] GC(80) _eden_chunk_array[159]=0x00000000f93da618
[2025-08-08T15:28:23.123+0000][468.770s][1][129][trace] GC(80) _eden_chunk_array[160]=0x00000000f9417650
[2025-08-08T15:28:23.123+0000][468.770s][1][129][trace] GC(80) _eden_chunk_array[161]=0x00000000f943acc8
[2025-08-08T15:28:23.123+0000][468.770s][1][129][trace] GC(80) _eden_chunk_array[162]=0x00000000f9464500
[2025-08-08T15:28:23.123+0000][468.770s][1][129][trace] GC(80) _eden_chunk_array[163]=0x00000000f948e178
[2025-08-08T15:28:23.123+0000][468.770s][1][129][trace] GC(80) _eden_chunk_array[164]=0x00000000f94b8238
[2025-08-08T15:28:23.123+0000][468.771s][1][129][trace] GC(80) _eden_chunk_array[165]=0x00000000f95197e8
[2025-08-08T15:28:23.123+0000][468.771s][1][129][trace] GC(80) _eden_chunk_array[166]=0x00000000f9542118
[2025-08-08T15:28:23.123+0000][468.771s][1][129][trace] GC(80) _eden_chunk_array[167]=0x00000000f9567aa0
[2025-08-08T15:28:23.123+0000][468.771s][1][129][trace] GC(80) _eden_chunk_array[168]=0x00000000f9591b48
[2025-08-08T15:28:23.123+0000][468.771s][1][129][trace] GC(80) _eden_chunk_array[169]=0x00000000f95bbc00
[2025-08-08T15:28:23.123+0000][468.771s][1][129][trace] GC(80) _eden_chunk_array[170]=0x00000000f95e5cc0
[2025-08-08T15:28:23.123+0000][468.771s][1][129][trace] GC(80) _eden_chunk_array[171]=0x00000000f960fd68
[2025-08-08T15:28:23.123+0000][468.771s][1][129][trace] GC(80) _eden_chunk_array[172]=0x00000000f965e498
[2025-08-08T15:28:23.123+0000][468.771s][1][129][trace] GC(80) _eden_chunk_array[173]=0x00000000f9681860
[2025-08-08T15:28:23.123+0000][468.771s][1][129][trace] GC(80) _eden_chunk_array[174]=0x00000000f96a4070
[2025-08-08T15:28:23.123+0000][468.771s][1][129][trace] GC(80) _eden_chunk_array[175]=0x00000000f96c6188
[2025-08-08T15:28:23.123+0000][468.771s][1][129][trace] GC(80) _eden_chunk_array[176]=0x00000000f96f0fd8
[2025-08-08T15:28:23.123+0000][468.771s][1][129][trace] GC(80) _eden_chunk_array[177]=0x00000000f9713e68
[2025-08-08T15:28:23.123+0000][468.771s][1][129][trace] GC(80) _eden_chunk_array[178]=0x00000000f97368f0
[2025-08-08T15:28:23.123+0000][468.771s][1][129][trace] GC(80) _eden_chunk_array[179]=0x00000000f9759728
[2025-08-08T15:28:23.123+0000][468.771s][1][129][trace] GC(80) _eden_chunk_array[180]=0x00000000f977aab8
[2025-08-08T15:28:23.123+0000][468.771s][1][129][trace] GC(80) _eden_chunk_array[181]=0x00000000f979d8d8
[2025-08-08T15:28:23.123+0000][468.771s][1][129][trace] GC(80) _eden_chunk_array[182]=0x00000000f97c8718
[2025-08-08T15:28:23.123+0000][468.771s][1][129][trace] GC(80) _eden_chunk_array[183]=0x00000000f97f4440
[2025-08-08T15:28:23.123+0000][468.771s][1][129][trace] GC(80) _eden_chunk_array[184]=0x00000000f981db60
[2025-08-08T15:28:23.123+0000][468.771s][1][129][trace] GC(80) _eden_chunk_array[185]=0x00000000f9849888
[2025-08-08T15:28:23.123+0000][468.771s][1][129][trace] GC(80) _eden_chunk_array[186]=0x00000000f98b8410
[2025-08-08T15:28:23.123+0000][468.771s][1][129][trace] GC(80) _eden_chunk_array[187]=0x00000000f98ec3e8
[2025-08-08T15:28:23.123+0000][468.771s][1][129][trace] GC(80) _eden_chunk_array[188]=0x00000000f990dc78
[2025-08-08T15:28:23.123+0000][468.771s][1][129][trace] GC(80) _eden_chunk_array[189]=0x00000000f9932348
[2025-08-08T15:28:23.123+0000][468.771s][1][129][trace] GC(80) _eden_chunk_array[190]=0x00000000f99892b8
[2025-08-08T15:28:23.123+0000][468.771s][1][129][trace] GC(80) _eden_chunk_array[191]=0x00000000f99d5db8
[2025-08-08T15:28:23.123+0000][468.771s][1][129][trace] GC(80) _eden_chunk_array[192]=0x00000000f9a070a8
[2025-08-08T15:28:23.123+0000][468.771s][1][129][trace] GC(80) _eden_chunk_array[193]=0x00000000f9a308c8
[2025-08-08T15:28:23.123+0000][468.771s][1][129][trace] GC(80) _eden_chunk_array[194]=0x00000000f9a5a0f8
[2025-08-08T15:28:23.123+0000][468.771s][1][129][trace] GC(80) _eden_chunk_array[195]=0x00000000f9a83938
[2025-08-08T15:28:23.123+0000][468.771s][1][129][trace] GC(80) _eden_chunk_array[196]=0x00000000f9aad178
[2025-08-08T15:28:23.123+0000][468.771s][1][129][trace] GC(80) _eden_chunk_array[197]=0x00000000f9ad69a8
[2025-08-08T15:28:23.123+0000][468.771s][1][129][trace] GC(80) _eden_chunk_array[198]=0x00000000f9b03f40
[2025-08-08T15:28:23.123+0000][468.771s][1][129][trace] GC(80) _eden_chunk_array[199]=0x00000000f9b55758
[2025-08-08T15:28:23.123+0000][468.771s][1][129][trace] GC(80) _eden_chunk_array[200]=0x00000000f9b80550
[2025-08-08T15:28:23.123+0000][468.771s][1][129][trace] GC(80) _eden_chunk_array[201]=0x00000000f9ba7690
[2025-08-08T15:28:23.123+0000][468.771s][1][129][trace] GC(80) _eden_chunk_array[202]=0x00000000f9bc7910
[2025-08-08T15:28:23.123+0000][468.771s][1][129][trace] GC(80) _eden_chunk_array[203]=0x00000000f9c25260
[2025-08-08T15:28:23.124+0000][468.771s][1][129][trace] GC(80) _eden_chunk_array[204]=0x00000000f9c48830
[2025-08-08T15:28:23.124+0000][468.771s][1][129][trace] GC(80) _eden_chunk_array[205]=0x00000000f9c6f7f0
[2025-08-08T15:28:23.124+0000][468.771s][1][129][trace] GC(80) _eden_chunk_array[206]=0x00000000f9ca42a8
[2025-08-08T15:28:23.124+0000][468.771s][1][129][trace] GC(80) _eden_chunk_array[207]=0x00000000f9cd9558
[2025-08-08T15:28:23.124+0000][468.771s][1][129][trace] GC(80) _eden_chunk_array[208]=0x00000000f9d0e830
[2025-08-08T15:28:23.124+0000][468.771s][1][129][trace] GC(80) _eden_chunk_array[209]=0x00000000f9d38af8
[2025-08-08T15:28:23.124+0000][468.771s][1][129][trace] GC(80) _eden_chunk_array[210]=0x00000000f9d6ddd0
[2025-08-08T15:28:23.124+0000][468.771s][1][129][trace] GC(80) _eden_chunk_array[211]=0x00000000f9dd3018
[2025-08-08T15:28:23.124+0000][468.771s][1][129][trace] GC(80) _eden_chunk_array[212]=0x00000000f9df8f90
[2025-08-08T15:28:23.124+0000][468.771s][1][129][trace] GC(80) _eden_chunk_array[213]=0x00000000f9e19990
[2025-08-08T15:28:23.124+0000][468.771s][1][129][trace] GC(80) _eden_chunk_array[214]=0x00000000f9e3a3a0
[2025-08-08T15:28:23.124+0000][468.771s][1][129][trace] GC(80) _eden_chunk_array[215]=0x00000000f9e88c58
[2025-08-08T15:28:23.124+0000][468.771s][1][129][trace] GC(80) _eden_chunk_array[216]=0x00000000f9eae350
[2025-08-08T15:28:23.124+0000][468.771s][1][129][trace] GC(80) _eden_chunk_array[217]=0x00000000f9ed1930
[2025-08-08T15:28:23.124+0000][468.771s][1][129][trace] GC(80) _eden_chunk_array[218]=0x00000000f9ef8f10
[2025-08-08T15:28:23.124+0000][468.771s][1][129][trace] GC(80) _eden_chunk_array[219]=0x00000000f9f29f98
[2025-08-08T15:28:23.124+0000][468.771s][1][129][trace] GC(80) _eden_chunk_array[220]=0x00000000f9f5a8a0
[2025-08-08T15:28:23.124+0000][468.771s][1][129][trace] GC(80) _eden_chunk_array[221]=0x00000000f9f7c660
[2025-08-08T15:28:23.124+0000][468.771s][1][129][trace] GC(80) _eden_chunk_array[222]=0x00000000f9face00
[2025-08-08T15:28:23.124+0000][468.771s][1][129][trace] GC(80) _eden_chunk_array[223]=0x00000000f9ff7b10
[2025-08-08T15:28:23.124+0000][468.771s][1][129][trace] GC(80) _eden_chunk_array[224]=0x00000000fa02c5f8
[2025-08-08T15:28:23.124+0000][468.771s][1][129][trace] GC(80) _eden_chunk_array[225]=0x00000000fa062c58
[2025-08-08T15:28:23.124+0000][468.771s][1][129][trace] GC(80) _eden_chunk_array[226]=0x00000000fa097708
[2025-08-08T15:28:23.124+0000][468.771s][1][129][trace] GC(80) _eden_chunk_array[227]=0x00000000fa0bc180
[2025-08-08T15:28:23.124+0000][468.771s][1][129][trace] GC(80) _eden_chunk_array[228]=0x00000000fa0de9f8
[2025-08-08T15:28:23.124+0000][468.771s][1][129][trace] GC(80) _eden_chunk_array[229]=0x00000000fa13f660
[2025-08-08T15:28:23.124+0000][468.771s][1][129][trace] GC(80) _eden_chunk_array[230]=0x00000000fa173430
[2025-08-08T15:28:23.124+0000][468.771s][1][129][trace] GC(80) _eden_chunk_array[231]=0x00000000fa1a09b8
[2025-08-08T15:28:23.124+0000][468.771s][1][129][trace] GC(80) _eden_chunk_array[232]=0x00000000fa1ca1f8
[2025-08-08T15:28:23.124+0000][468.771s][1][129][trace] GC(80) _eden_chunk_array[233]=0x00000000fa1eb6b0
[2025-08-08T15:28:23.124+0000][468.771s][1][129][trace] GC(80) _eden_chunk_array[234]=0x00000000fa20cb48
[2025-08-08T15:28:23.124+0000][468.771s][1][129][trace] GC(80) _eden_chunk_array[235]=0x00000000fa22e018
[2025-08-08T15:28:23.124+0000][468.771s][1][129][trace] GC(80) _eden_chunk_array[236]=0x00000000fa24f4e8
[2025-08-08T15:28:23.124+0000][468.771s][1][129][trace] GC(80) _eden_chunk_array[237]=0x00000000fa278990
[2025-08-08T15:28:23.124+0000][468.771s][1][129][trace] GC(80) _eden_chunk_array[238]=0x00000000fa299e38
[2025-08-08T15:28:23.124+0000][468.771s][1][129][trace] GC(80) _eden_chunk_array[239]=0x00000000fa2c3690
[2025-08-08T15:28:23.124+0000][468.771s][1][129][trace] GC(80) _eden_chunk_array[240]=0x00000000fa2f3e38
[2025-08-08T15:28:23.124+0000][468.771s][1][129][trace] GC(80) _eden_chunk_array[241]=0x00000000fa3245e0
[2025-08-08T15:28:23.124+0000][468.771s][1][129][trace] GC(80) _eden_chunk_array[242]=0x00000000fa34aeb0
[2025-08-08T15:28:23.124+0000][468.771s][1][129][trace] GC(80) _eden_chunk_array[243]=0x00000000fa374360
[2025-08-08T15:28:23.124+0000][468.771s][1][129][trace] GC(80) _eden_chunk_array[244]=0x00000000fa3e0970
[2025-08-08T15:28:23.124+0000][468.771s][1][129][trace] GC(80) _eden_chunk_array[245]=0x00000000fa414af8
[2025-08-08T15:28:23.124+0000][468.771s][1][129][trace] GC(80) _eden_chunk_array[246]=0x00000000fa43d3d0
[2025-08-08T15:28:23.124+0000][468.771s][1][129][trace] GC(80) _eden_chunk_array[247]=0x00000000fa4615c0
[2025-08-08T15:28:23.124+0000][468.771s][1][129][trace] GC(80) _eden_chunk_array[248]=0x00000000fa4cdb48
[2025-08-08T15:28:23.124+0000][468.771s][1][129][trace] GC(80) _eden_chunk_array[249]=0x00000000fa4f7370
[2025-08-08T15:28:23.124+0000][468.771s][1][129][trace] GC(80) _eden_chunk_array[250]=0x00000000fa5203f0
[2025-08-08T15:28:23.124+0000][468.771s][1][129][trace] GC(80) _eden_chunk_array[251]=0x00000000fa549c38
[2025-08-08T15:28:23.124+0000][468.771s][1][129][trace] GC(80) _eden_chunk_array[252]=0x00000000fa57a3d8
[2025-08-08T15:28:23.124+0000][468.771s][1][129][trace] GC(80) _eden_chunk_array[253]=0x00000000fa5a3c10
[2025-08-08T15:28:23.124+0000][468.771s][1][129][trace] GC(80) _eden_chunk_array[254]=0x00000000fa5d43a0
[2025-08-08T15:28:23.124+0000][468.771s][1][129][trace] GC(80) _eden_chunk_array[255]=0x00000000fa5fdbc8
[2025-08-08T15:28:23.124+0000][468.771s][1][129][trace] GC(80) _eden_chunk_array[256]=0x00000000fa627418
[2025-08-08T15:28:23.124+0000][468.771s][1][129][trace] GC(80) _eden_chunk_array[257]=0x00000000fa64f488
[2025-08-08T15:28:23.124+0000][468.771s][1][129][trace] GC(80) _eden_chunk_array[258]=0x00000000fa67c240
[2025-08-08T15:28:23.124+0000][468.771s][1][129][trace] GC(80) _eden_chunk_array[259]=0x00000000fa6ad1c8
[2025-08-08T15:28:23.124+0000][468.771s][1][129][trace] GC(80) _eden_chunk_array[260]=0x00000000fa6d80d8
[2025-08-08T15:28:23.124+0000][468.771s][1][129][trace] GC(80) _eden_chunk_array[261]=0x00000000fa7002f0
[2025-08-08T15:28:23.124+0000][468.771s][1][129][trace] GC(80) _eden_chunk_array[262]=0x00000000fa738440
[2025-08-08T15:28:23.124+0000][468.772s][1][129][trace] GC(80) _eden_chunk_array[263]=0x00000000fa75d228
[2025-08-08T15:28:23.124+0000][468.772s][1][129][trace] GC(80) _eden_chunk_array[264]=0x00000000fa7cbab8
[2025-08-08T15:28:23.124+0000][468.772s][1][129][trace] GC(80) _eden_chunk_array[265]=0x00000000fa7f9498
[2025-08-08T15:28:23.124+0000][468.772s][1][129][trace] GC(80) _eden_chunk_array[266]=0x00000000fa8267f8
[2025-08-08T15:28:23.124+0000][468.772s][1][129][trace] GC(80) _eden_chunk_array[267]=0x00000000fa889f98
[2025-08-08T15:28:23.124+0000][468.772s][1][129][trace] GC(80) _eden_chunk_array[268]=0x00000000fa8b4048
[2025-08-08T15:28:23.124+0000][468.772s][1][129][trace] GC(80) _eden_chunk_array[269]=0x00000000fa8d4a00
[2025-08-08T15:28:23.124+0000][468.772s][1][129][trace] GC(80) _eden_chunk_array[270]=0x00000000fa8f5a80
[2025-08-08T15:28:23.124+0000][468.772s][1][129][trace] GC(80) _eden_chunk_array[271]=0x00000000fa9247a8
[2025-08-08T15:28:23.124+0000][468.772s][1][129][trace] GC(80) _eden_chunk_array[272]=0x00000000fa951fc8
[2025-08-08T15:28:23.124+0000][468.772s][1][129][trace] GC(80) _eden_chunk_array[273]=0x00000000fa97b808
[2025-08-08T15:28:23.124+0000][468.772s][1][129][trace] GC(80) _eden_chunk_array[274]=0x00000000fa9a8dd8
[2025-08-08T15:28:23.124+0000][468.772s][1][129][trace] GC(80) _eden_chunk_array[275]=0x00000000fa9da118
[2025-08-08T15:28:23.124+0000][468.772s][1][129][trace] GC(80) _eden_chunk_array[276]=0x00000000faa385f0
[2025-08-08T15:28:23.124+0000][468.772s][1][129][trace] GC(80) _eden_chunk_array[277]=0x00000000faa59c50
[2025-08-08T15:28:23.124+0000][468.772s][1][129][trace] GC(80) _eden_chunk_array[278]=0x00000000faacaf90
[2025-08-08T15:28:23.124+0000][468.772s][1][129][trace] GC(80) _eden_chunk_array[279]=0x00000000faafa878
[2025-08-08T15:28:23.124+0000][468.772s][1][129][trace] GC(80) _eden_chunk_array[280]=0x00000000fab2a140
[2025-08-08T15:28:23.124+0000][468.772s][1][129][trace] GC(80) _eden_chunk_array[281]=0x00000000fab599d8
[2025-08-08T15:28:23.124+0000][468.772s][1][129][trace] GC(80) _eden_chunk_array[282]=0x00000000fab83eb0
[2025-08-08T15:28:23.124+0000][468.772s][1][129][trace] GC(80) _eden_chunk_array[283]=0x00000000faba50e8
[2025-08-08T15:28:23.124+0000][468.772s][1][129][trace] GC(80) _eden_chunk_array[284]=0x00000000fabd8038
[2025-08-08T15:28:23.124+0000][468.772s][1][129][trace] GC(80) _eden_chunk_array[285]=0x00000000fac09340
[2025-08-08T15:28:23.124+0000][468.772s][1][129][trace] GC(80) _eden_chunk_array[286]=0x00000000fac36148
[2025-08-08T15:28:23.124+0000][468.772s][1][129][trace] GC(80) _eden_chunk_array[287]=0x00000000fac64b40
[2025-08-08T15:28:23.124+0000][468.772s][1][129][trace] GC(80) _eden_chunk_array[288]=0x00000000fac906c0
[2025-08-08T15:28:23.124+0000][468.772s][1][129][trace] GC(80) _eden_chunk_array[289]=0x00000000facc2a90
[2025-08-08T15:28:23.124+0000][468.772s][1][129][trace] GC(80) _eden_chunk_array[290]=0x00000000fad0b5d8
[2025-08-08T15:28:23.124+0000][468.772s][1][129][trace] GC(80) _eden_chunk_array[291]=0x00000000fad3b740
[2025-08-08T15:28:23.124+0000][468.772s][1][129][trace] GC(80) _eden_chunk_array[292]=0x00000000fad64048
[2025-08-08T15:28:23.124+0000][468.772s][1][129][trace] GC(80) _eden_chunk_array[293]=0x00000000fadb5870
[2025-08-08T15:28:23.124+0000][468.772s][1][129][trace] GC(80) _eden_chunk_array[294]=0x00000000fade2508
[2025-08-08T15:28:23.124+0000][468.772s][1][129][trace] GC(80) _eden_chunk_array[295]=0x00000000fae101b8
[2025-08-08T15:28:23.124+0000][468.772s][1][129][trace] GC(80) _eden_chunk_array[296]=0x00000000fae6a220
[2025-08-08T15:28:23.124+0000][468.772s][1][129][trace] GC(80) _eden_chunk_array[297]=0x00000000fae9d038
[2025-08-08T15:28:23.124+0000][468.772s][1][129][trace] GC(80) _eden_chunk_array[298]=0x00000000faec4668
[2025-08-08T15:28:23.124+0000][468.772s][1][129][trace] GC(80) _eden_chunk_array[299]=0x00000000faef0388
[2025-08-08T15:28:23.125+0000][468.772s][1][129][trace] GC(80) _eden_chunk_array[300]=0x00000000faf1c0e0
[2025-08-08T15:28:23.125+0000][468.772s][1][129][trace] GC(80) _eden_chunk_array[301]=0x00000000faf416b0
[2025-08-08T15:28:23.125+0000][468.772s][1][129][trace] GC(80) _eden_chunk_array[302]=0x00000000faf6d400
[2025-08-08T15:28:23.125+0000][468.772s][1][129][trace] GC(80) _eden_chunk_array[303]=0x00000000faf909d0
[2025-08-08T15:28:23.125+0000][468.772s][1][129][trace] GC(80) _eden_chunk_array[304]=0x00000000fafbc6f0
[2025-08-08T15:28:23.125+0000][468.772s][1][129][trace] GC(80) _eden_chunk_array[305]=0x00000000fafdfcc8
[2025-08-08T15:28:23.125+0000][468.772s][1][129][trace] GC(80) _eden_chunk_array[306]=0x00000000fb03fea8
[2025-08-08T15:28:23.125+0000][468.772s][1][129][trace] GC(80) _eden_chunk_array[307]=0x00000000fb068fc8
[2025-08-08T15:28:23.125+0000][468.772s][1][129][trace] GC(80) _eden_chunk_array[308]=0x00000000fb08c800
[2025-08-08T15:28:23.125+0000][468.772s][1][129][trace] GC(80) _eden_chunk_array[309]=0x00000000fb0b4558
[2025-08-08T15:28:23.125+0000][468.772s][1][129][trace] GC(80) _eden_chunk_array[310]=0x00000000fb110230
[2025-08-08T15:28:23.125+0000][468.772s][1][129][trace] GC(80) _eden_chunk_array[311]=0x00000000fb13b0b8
[2025-08-08T15:28:23.125+0000][468.772s][1][129][trace] GC(80) _eden_chunk_array[312]=0x00000000fb16aa28
[2025-08-08T15:28:23.125+0000][468.772s][1][129][trace] GC(80) _eden_chunk_array[313]=0x00000000fb18d858
[2025-08-08T15:28:23.125+0000][468.772s][1][129][trace] GC(80) _eden_chunk_array[314]=0x00000000fb1b0678
[2025-08-08T15:28:23.125+0000][468.772s][1][129][trace] GC(80) _eden_chunk_array[315]=0x00000000fb1e34d8
[2025-08-08T15:28:23.125+0000][468.772s][1][129][trace] GC(80) _eden_chunk_array[316]=0x00000000fb217f80
[2025-08-08T15:28:23.125+0000][468.772s][1][129][trace] GC(80) _eden_chunk_array[317]=0x00000000fb24e680
[2025-08-08T15:28:23.125+0000][468.772s][1][129][trace] GC(80) _eden_chunk_array[318]=0x00000000fb2b7300
[2025-08-08T15:28:23.125+0000][468.772s][1][129][trace] GC(80) _eden_chunk_array[319]=0x00000000fb2ebdc0
[2025-08-08T15:28:23.125+0000][468.772s][1][129][trace] GC(80) _eden_chunk_array[320]=0x00000000fb359a38
[2025-08-08T15:28:23.125+0000][468.772s][1][129][trace] GC(80) _eden_chunk_array[321]=0x00000000fb37c338
[2025-08-08T15:28:23.125+0000][468.772s][1][129][trace] GC(80) _eden_chunk_array[322]=0x00000000fb3ddb78
[2025-08-08T15:28:23.125+0000][468.772s][1][129][trace] GC(80) _eden_chunk_array[323]=0x00000000fb40e928
[2025-08-08T15:28:23.125+0000][468.772s][1][129][trace] GC(80) _eden_chunk_array[324]=0x00000000fb43d268
[2025-08-08T15:28:23.125+0000][468.772s][1][129][trace] GC(80) _eden_chunk_array[325]=0x00000000fb466300
[2025-08-08T15:28:23.125+0000][468.772s][1][129][trace] GC(80) _eden_chunk_array[326]=0x00000000fb497390
[2025-08-08T15:28:23.125+0000][468.772s][1][129][trace] GC(80) _eden_chunk_array[327]=0x00000000fb4c41a0
[2025-08-08T15:28:23.125+0000][468.772s][1][129][trace] GC(80) _eden_chunk_array[328]=0x00000000fb4f5250
[2025-08-08T15:28:23.125+0000][468.772s][1][129][trace] GC(80) _eden_chunk_array[329]=0x00000000fb51db58
[2025-08-08T15:28:23.125+0000][468.772s][1][129][trace] GC(80) _eden_chunk_array[330]=0x00000000fb546478
[2025-08-08T15:28:23.125+0000][468.772s][1][129][trace] GC(80) _eden_chunk_array[331]=0x00000000fb594bc0
[2025-08-08T15:28:23.125+0000][468.772s][1][129][trace] GC(80) _eden_chunk_array[332]=0x00000000fb5c3578
[2025-08-08T15:28:23.125+0000][468.772s][1][129][trace] GC(80) _eden_chunk_array[333]=0x00000000fb5eb7a8
[2025-08-08T15:28:23.125+0000][468.772s][1][129][trace] GC(80) _eden_chunk_array[334]=0x00000000fb6143a8
[2025-08-08T15:28:23.125+0000][468.772s][1][129][trace] GC(80) _eden_chunk_array[335]=0x00000000fb635f20
[2025-08-08T15:28:23.125+0000][468.772s][1][129][trace] GC(80) _eden_chunk_array[336]=0x00000000fb65efc0
[2025-08-08T15:28:23.125+0000][468.772s][1][129][trace] GC(80) _eden_chunk_array[337]=0x00000000fb6831a8
[2025-08-08T15:28:23.125+0000][468.772s][1][129][trace] GC(80) _eden_chunk_array[338]=0x00000000fb6b2380
[2025-08-08T15:28:23.125+0000][468.772s][1][129][trace] GC(80) _eden_chunk_array[339]=0x00000000fb6e30d8
[2025-08-08T15:28:23.125+0000][468.772s][1][129][trace] GC(80) _eden_chunk_array[340]=0x00000000fb711a90
[2025-08-08T15:28:23.125+0000][468.772s][1][129][trace] GC(80) _eden_chunk_array[341]=0x00000000fb7632b8
[2025-08-08T15:28:23.125+0000][468.772s][1][129][trace] GC(80) _eden_chunk_array[342]=0x00000000fb799c88
[2025-08-08T15:28:23.125+0000][468.772s][1][129][trace] GC(80) _eden_chunk_array[343]=0x00000000fb7c25c8
[2025-08-08T15:28:23.125+0000][468.772s][1][129][trace] GC(80) _eden_chunk_array[344]=0x00000000fb7e32c8
[2025-08-08T15:28:23.125+0000][468.772s][1][129][trace] GC(80) _eden_chunk_array[345]=0x00000000fb831a10
[2025-08-08T15:28:23.125+0000][468.772s][1][129][trace] GC(80) _eden_chunk_array[346]=0x00000000fb853308
[2025-08-08T15:28:23.125+0000][468.772s][1][129][trace] GC(80) survivor 0x00000000fd410000-0x00000000fd410000-0x00000000fe780000(20381696)
[2025-08-08T15:28:23.125+0000][468.772s][1][129][trace] GC(80) _survivor_chunk_index=0, _survivor_chunk_capacity=9952
[2025-08-08T15:28:23.163+0000][468.811s][1][129][info ] GC(80) Pause Initial Mark 133M->133M(180M) 41.816ms
[2025-08-08T15:28:23.163+0000][468.811s][1][129][info ] Leaving safepoint region
[2025-08-08T15:28:23.164+0000][468.811s][1][129][info ] Total time for which application threads were stopped: 0.0421991 seconds, Stopping threads took: 0.0000505 seconds
[2025-08-08T15:28:23.164+0000][468.811s][1][128][info ] GC(80) Concurrent Mark
[2025-08-08T15:28:23.169+0000][468.817s][1][128][info ] GC(80) Concurrent Mark 5.679ms
[2025-08-08T15:28:23.169+0000][468.817s][1][128][info ] GC(80) Concurrent Preclean
[2025-08-08T15:28:23.170+0000][468.817s][1][128][info ] GC(80) Concurrent Preclean 0.451ms
[2025-08-08T15:28:23.170+0000][468.817s][1][128][info ] GC(80) Concurrent Abortable Preclean
[2025-08-08T15:28:23.170+0000][468.817s][1][128][trace] CMS: promo attempt is not safe: available(24) < av_promo(2795291), max_promo(134558472)
[2025-08-08T15:28:23.170+0000][468.817s][1][128][info ] GC(80) Concurrent Abortable Preclean 0.030ms
[2025-08-08T15:28:23.170+0000][468.817s][1][129][info ] Application time: 0.0065774 seconds
[2025-08-08T15:28:23.170+0000][468.817s][1][129][info ] Entering safepoint region: CMS_Final_Remark
[2025-08-08T15:28:23.170+0000][468.818s][1][129][trace] GC(80) eden 0x00000000f3800000-0x00000000fb853308-0x00000000fd410000(163643392)
[2025-08-08T15:28:23.170+0000][468.818s][1][129][trace] GC(80) _eden_chunk_index=347, _eden_chunk_capacity=11233
[2025-08-08T15:28:23.170+0000][468.818s][1][129][trace] GC(80) _eden_chunk_array[0]=0x00000000f74596b0
[2025-08-08T15:28:23.170+0000][468.818s][1][129][trace] GC(80) _eden_chunk_array[1]=0x00000000f74ac5b8
[2025-08-08T15:28:23.171+0000][468.818s][1][129][trace] GC(80) _eden_chunk_array[2]=0x00000000f74d55e8
[2025-08-08T15:28:23.171+0000][468.818s][1][129][trace] GC(80) _eden_chunk_array[3]=0x00000000f7504058
[2025-08-08T15:28:23.171+0000][468.818s][1][129][trace] GC(80) _eden_chunk_array[4]=0x00000000f7524f88
[2025-08-08T15:28:23.171+0000][468.818s][1][129][trace] GC(80) _eden_chunk_array[5]=0x00000000f754e7c0
[2025-08-08T15:28:23.171+0000][468.818s][1][129][trace] GC(80) _eden_chunk_array[6]=0x00000000f7577fe0
[2025-08-08T15:28:23.171+0000][468.818s][1][129][trace] GC(80) _eden_chunk_array[7]=0x00000000f75a71a8
[2025-08-08T15:28:23.171+0000][468.818s][1][129][trace] GC(80) _eden_chunk_array[8]=0x00000000f75f58d8
[2025-08-08T15:28:23.171+0000][468.818s][1][129][trace] GC(80) _eden_chunk_array[9]=0x00000000f761a640
[2025-08-08T15:28:23.171+0000][468.818s][1][129][trace] GC(80) _eden_chunk_array[10]=0x00000000f76649c8
[2025-08-08T15:28:23.171+0000][468.818s][1][129][trace] GC(80) _eden_chunk_array[11]=0x00000000f76854f8
[2025-08-08T15:28:23.171+0000][468.818s][1][129][trace] GC(80) _eden_chunk_array[12]=0x00000000f76d4790
[2025-08-08T15:28:23.171+0000][468.818s][1][129][trace] GC(80) _eden_chunk_array[13]=0x00000000f7704f20
[2025-08-08T15:28:23.171+0000][468.818s][1][129][trace] GC(80) _eden_chunk_array[14]=0x00000000f7751bd0
[2025-08-08T15:28:23.171+0000][468.818s][1][129][trace] GC(80) _eden_chunk_array[15]=0x00000000f777a4b0
[2025-08-08T15:28:23.171+0000][468.818s][1][129][trace] GC(80) _eden_chunk_array[16]=0x00000000f77a4c70
[2025-08-08T15:28:23.171+0000][468.818s][1][129][trace] GC(80) _eden_chunk_array[17]=0x00000000f7810a48
[2025-08-08T15:28:23.171+0000][468.818s][1][129][trace] GC(80) _eden_chunk_array[18]=0x00000000f78454f8
[2025-08-08T15:28:23.171+0000][468.818s][1][129][trace] GC(80) _eden_chunk_array[19]=0x00000000f7879fb0
[2025-08-08T15:28:23.171+0000][468.818s][1][129][trace] GC(80) _eden_chunk_array[20]=0x00000000f78aea98
[2025-08-08T15:28:23.171+0000][468.818s][1][129][trace] GC(80) _eden_chunk_array[21]=0x00000000f78d8f40
[2025-08-08T15:28:23.171+0000][468.818s][1][129][trace] GC(80) _eden_chunk_array[22]=0x00000000f79059a8
[2025-08-08T15:28:23.171+0000][468.818s][1][129][trace] GC(80) _eden_chunk_array[23]=0x00000000f7968da8
[2025-08-08T15:28:23.171+0000][468.818s][1][129][trace] GC(80) _eden_chunk_array[24]=0x00000000f79891e8
[2025-08-08T15:28:23.171+0000][468.818s][1][129][trace] GC(80) _eden_chunk_array[25]=0x00000000f79b18e8
[2025-08-08T15:28:23.171+0000][468.818s][1][129][trace] GC(80) _eden_chunk_array[26]=0x00000000f79d1ad8
[2025-08-08T15:28:23.171+0000][468.818s][1][129][trace] GC(80) _eden_chunk_array[27]=0x00000000f7a16618
[2025-08-08T15:28:23.171+0000][468.818s][1][129][trace] GC(80) _eden_chunk_array[28]=0x00000000f7a46d00
[2025-08-08T15:28:23.171+0000][468.818s][1][129][trace] GC(80) _eden_chunk_array[29]=0x00000000f7a8fd38
[2025-08-08T15:28:23.171+0000][468.818s][1][129][trace] GC(80) _eden_chunk_array[30]=0x00000000f7ad8d90
[2025-08-08T15:28:23.171+0000][468.818s][1][129][trace] GC(80) _eden_chunk_array[31]=0x00000000f7b2a5c0
[2025-08-08T15:28:23.171+0000][468.818s][1][129][trace] GC(80) _eden_chunk_array[32]=0x00000000f7b87ac8
[2025-08-08T15:28:23.171+0000][468.818s][1][129][trace] GC(80) _eden_chunk_array[33]=0x00000000f7bad890
[2025-08-08T15:28:23.171+0000][468.818s][1][129][trace] GC(80) _eden_chunk_array[34]=0x00000000f7bce290
[2025-08-08T15:28:23.171+0000][468.818s][1][129][trace] GC(80) _eden_chunk_array[35]=0x00000000f7bef940
[2025-08-08T15:28:23.171+0000][468.818s][1][129][trace] GC(80) _eden_chunk_array[36]=0x00000000f7c20f50
[2025-08-08T15:28:23.171+0000][468.818s][1][129][trace] GC(80) _eden_chunk_array[37]=0x00000000f7c53e40
[2025-08-08T15:28:23.171+0000][468.818s][1][129][trace] GC(80) _eden_chunk_array[38]=0x00000000f7c79888
[2025-08-08T15:28:23.171+0000][468.818s][1][129][trace] GC(80) _eden_chunk_array[39]=0x00000000f7c9ea88
[2025-08-08T15:28:23.171+0000][468.818s][1][129][trace] GC(80) _eden_chunk_array[40]=0x00000000f7cc3cb8
[2025-08-08T15:28:23.171+0000][468.818s][1][129][trace] GC(80) _eden_chunk_array[41]=0x00000000f7ceaaa0
[2025-08-08T15:28:23.171+0000][468.818s][1][129][trace] GC(80) _eden_chunk_array[42]=0x00000000f7d0b440
[2025-08-08T15:28:23.171+0000][468.818s][1][129][trace] GC(80) _eden_chunk_array[43]=0x00000000f7d30640
[2025-08-08T15:28:23.171+0000][468.818s][1][129][trace] GC(80) _eden_chunk_array[44]=0x00000000f7d9da90
[2025-08-08T15:28:23.171+0000][468.818s][1][129][trace] GC(80) _eden_chunk_array[45]=0x00000000f7dd09f8
[2025-08-08T15:28:23.171+0000][468.818s][1][129][trace] GC(80) _eden_chunk_array[46]=0x00000000f7df56f0
[2025-08-08T15:28:23.171+0000][468.818s][1][129][trace] GC(80) _eden_chunk_array[47]=0x00000000f7e1ad98
[2025-08-08T15:28:23.171+0000][468.818s][1][129][trace] GC(80) _eden_chunk_array[48]=0x00000000f7e88158
[2025-08-08T15:28:23.171+0000][468.818s][1][129][trace] GC(80) _eden_chunk_array[49]=0x00000000f7eb0348
[2025-08-08T15:28:23.171+0000][468.818s][1][129][trace] GC(80) _eden_chunk_array[50]=0x00000000f7ed5e98
[2025-08-08T15:28:23.171+0000][468.818s][1][129][trace] GC(80) _eden_chunk_array[51]=0x00000000f7f02cb8
[2025-08-08T15:28:23.171+0000][468.818s][1][129][trace] GC(80) _eden_chunk_array[52]=0x00000000f7f29820
[2025-08-08T15:28:23.171+0000][468.818s][1][129][trace] GC(80) _eden_chunk_array[53]=0x00000000f7f50380
[2025-08-08T15:28:23.171+0000][468.818s][1][129][trace] GC(80) _eden_chunk_array[54]=0x00000000f7f78570
[2025-08-08T15:28:23.171+0000][468.818s][1][129][trace] GC(80) _eden_chunk_array[55]=0x00000000f7f9f118
[2025-08-08T15:28:23.171+0000][468.818s][1][129][trace] GC(80) _eden_chunk_array[56]=0x00000000f7fd1398
[2025-08-08T15:28:23.171+0000][468.818s][1][129][trace] GC(80) _eden_chunk_array[57]=0x00000000f7ff15f0
[2025-08-08T15:28:23.171+0000][468.818s][1][129][trace] GC(80) _eden_chunk_array[58]=0x00000000f8021d80
[2025-08-08T15:28:23.171+0000][468.818s][1][129][trace] GC(80) _eden_chunk_array[59]=0x00000000f8052520
[2025-08-08T15:28:23.171+0000][468.818s][1][129][trace] GC(80) _eden_chunk_array[60]=0x00000000f8078698
[2025-08-08T15:28:23.171+0000][468.818s][1][129][trace] GC(80) _eden_chunk_array[61]=0x00000000f809e8f8
[2025-08-08T15:28:23.171+0000][468.818s][1][129][trace] GC(80) _eden_chunk_array[62]=0x00000000f80c9470
[2025-08-08T15:28:23.171+0000][468.818s][1][129][trace] GC(80) _eden_chunk_array[63]=0x00000000f8101478
[2025-08-08T15:28:23.171+0000][468.818s][1][129][trace] GC(80) _eden_chunk_array[64]=0x00000000f8128fa8
[2025-08-08T15:28:23.171+0000][468.818s][1][129][trace] GC(80) _eden_chunk_array[65]=0x00000000f81516c0
[2025-08-08T15:28:23.171+0000][468.818s][1][129][trace] GC(80) _eden_chunk_array[66]=0x00000000f81bc790
[2025-08-08T15:28:23.171+0000][468.818s][1][129][trace] GC(80) _eden_chunk_array[67]=0x00000000f821fae0
[2025-08-08T15:28:23.171+0000][468.818s][1][129][trace] GC(80) _eden_chunk_array[68]=0x00000000f8245540
[2025-08-08T15:28:23.171+0000][468.818s][1][129][trace] GC(80) _eden_chunk_array[69]=0x00000000f826afc0
[2025-08-08T15:28:23.171+0000][468.818s][1][129][trace] GC(80) _eden_chunk_array[70]=0x00000000f82909f8
[2025-08-08T15:28:23.171+0000][468.818s][1][129][trace] GC(80) _eden_chunk_array[71]=0x00000000f82b6460
[2025-08-08T15:28:23.171+0000][468.818s][1][129][trace] GC(80) _eden_chunk_array[72]=0x00000000f82dbef0
[2025-08-08T15:28:23.171+0000][468.818s][1][129][trace] GC(80) _eden_chunk_array[73]=0x00000000f8301998
[2025-08-08T15:28:23.171+0000][468.818s][1][129][trace] GC(80) _eden_chunk_array[74]=0x00000000f83398c8
[2025-08-08T15:28:23.171+0000][468.818s][1][129][trace] GC(80) _eden_chunk_array[75]=0x00000000f835b020
[2025-08-08T15:28:23.171+0000][468.818s][1][129][trace] GC(80) _eden_chunk_array[76]=0x00000000f8381080
[2025-08-08T15:28:23.171+0000][468.818s][1][129][trace] GC(80) _eden_chunk_array[77]=0x00000000f83daa10
[2025-08-08T15:28:23.171+0000][468.818s][1][129][trace] GC(80) _eden_chunk_array[78]=0x00000000f8409a80
[2025-08-08T15:28:23.171+0000][468.818s][1][129][trace] GC(80) _eden_chunk_array[79]=0x00000000f842d588
[2025-08-08T15:28:23.171+0000][468.818s][1][129][trace] GC(80) _eden_chunk_array[80]=0x00000000f8485750
[2025-08-08T15:28:23.171+0000][468.818s][1][129][trace] GC(80) _eden_chunk_array[81]=0x00000000f84b3020
[2025-08-08T15:28:23.171+0000][468.818s][1][129][trace] GC(80) _eden_chunk_array[82]=0x00000000f84db8f8
[2025-08-08T15:28:23.171+0000][468.818s][1][129][trace] GC(80) _eden_chunk_array[83]=0x00000000f850c098
[2025-08-08T15:28:23.171+0000][468.818s][1][129][trace] GC(80) _eden_chunk_array[84]=0x00000000f8534970
[2025-08-08T15:28:23.171+0000][468.818s][1][129][trace] GC(80) _eden_chunk_array[85]=0x00000000f8565110
[2025-08-08T15:28:23.171+0000][468.818s][1][129][trace] GC(80) _eden_chunk_array[86]=0x00000000f85b6928
[2025-08-08T15:28:23.171+0000][468.818s][1][129][trace] GC(80) _eden_chunk_array[87]=0x00000000f85df230
[2025-08-08T15:28:23.171+0000][468.819s][1][129][trace] GC(80) _eden_chunk_array[88]=0x00000000f8607b20
[2025-08-08T15:28:23.171+0000][468.819s][1][129][trace] GC(80) _eden_chunk_array[89]=0x00000000f862e828
[2025-08-08T15:28:23.171+0000][468.819s][1][129][trace] GC(80) _eden_chunk_array[90]=0x00000000f8653490
[2025-08-08T15:28:23.171+0000][468.819s][1][129][trace] GC(80) _eden_chunk_array[91]=0x00000000f8674438
[2025-08-08T15:28:23.171+0000][468.819s][1][129][trace] GC(80) _eden_chunk_array[92]=0x00000000f869b2d8
[2025-08-08T15:28:23.171+0000][468.819s][1][129][trace] GC(80) _eden_chunk_array[93]=0x00000000f86bfc78
[2025-08-08T15:28:23.171+0000][468.819s][1][129][trace] GC(80) _eden_chunk_array[94]=0x00000000f86e6630
[2025-08-08T15:28:23.171+0000][468.819s][1][129][trace] GC(80) _eden_chunk_array[95]=0x00000000f871a5d0
[2025-08-08T15:28:23.171+0000][468.819s][1][129][trace] GC(80) _eden_chunk_array[96]=0x00000000f87464f8
[2025-08-08T15:28:23.171+0000][468.819s][1][129][trace] GC(80) _eden_chunk_array[97]=0x00000000f877af98
[2025-08-08T15:28:23.172+0000][468.819s][1][129][trace] GC(80) _eden_chunk_array[98]=0x00000000f87e6d28
[2025-08-08T15:28:23.172+0000][468.819s][1][129][trace] GC(80) _eden_chunk_array[99]=0x00000000f88174d0
[2025-08-08T15:28:23.172+0000][468.819s][1][129][trace] GC(80) _eden_chunk_array[100]=0x00000000f884bfe0
[2025-08-08T15:28:23.172+0000][468.819s][1][129][trace] GC(80) _eden_chunk_array[101]=0x00000000f8880a90
[2025-08-08T15:28:23.172+0000][468.819s][1][129][trace] GC(80) _eden_chunk_array[102]=0x00000000f88a8fa0
[2025-08-08T15:28:23.172+0000][468.819s][1][129][trace] GC(80) _eden_chunk_array[103]=0x00000000f88ca4d8
[2025-08-08T15:28:23.172+0000][468.819s][1][129][trace] GC(80) _eden_chunk_array[104]=0x00000000f88f0e68
[2025-08-08T15:28:23.172+0000][468.819s][1][129][trace] GC(80) _eden_chunk_array[105]=0x00000000f8914998
[2025-08-08T15:28:23.172+0000][468.819s][1][129][trace] GC(80) _eden_chunk_array[106]=0x00000000f8943b50
[2025-08-08T15:28:23.172+0000][468.819s][1][129][trace] GC(80) _eden_chunk_array[107]=0x00000000f8967d68
[2025-08-08T15:28:23.172+0000][468.819s][1][129][trace] GC(80) _eden_chunk_array[108]=0x00000000f8991360
[2025-08-08T15:28:23.172+0000][468.819s][1][129][trace] GC(80) _eden_chunk_array[109]=0x00000000f89b7ec0
[2025-08-08T15:28:23.172+0000][468.819s][1][129][trace] GC(80) _eden_chunk_array[110]=0x00000000f89deaa8
[2025-08-08T15:28:23.172+0000][468.819s][1][129][trace] GC(80) _eden_chunk_array[111]=0x00000000f8a01e48
[2025-08-08T15:28:23.172+0000][468.819s][1][129][trace] GC(80) _eden_chunk_array[112]=0x00000000f8a289a8
[2025-08-08T15:28:23.172+0000][468.819s][1][129][trace] GC(80) _eden_chunk_array[113]=0x00000000f8a4f518
[2025-08-08T15:28:23.172+0000][468.819s][1][129][trace] GC(80) _eden_chunk_array[114]=0x00000000f8a9dc58
[2025-08-08T15:28:23.172+0000][468.819s][1][129][trace] GC(80) _eden_chunk_array[115]=0x00000000f8ac4d88
[2025-08-08T15:28:23.172+0000][468.819s][1][129][trace] GC(80) _eden_chunk_array[116]=0x00000000f8aebd28
[2025-08-08T15:28:23.172+0000][468.819s][1][129][trace] GC(80) _eden_chunk_array[117]=0x00000000f8b48a38
[2025-08-08T15:28:23.172+0000][468.819s][1][129][trace] GC(80) _eden_chunk_array[118]=0x00000000f8b6d790
[2025-08-08T15:28:23.172+0000][468.819s][1][129][trace] GC(80) _eden_chunk_array[119]=0x00000000f8b911e8
[2025-08-08T15:28:23.172+0000][468.819s][1][129][trace] GC(80) _eden_chunk_array[120]=0x00000000f8bef900
[2025-08-08T15:28:23.172+0000][468.819s][1][129][trace] GC(80) _eden_chunk_array[121]=0x00000000f8c335d8
[2025-08-08T15:28:23.172+0000][468.819s][1][129][trace] GC(80) _eden_chunk_array[122]=0x00000000f8c8e5a0
[2025-08-08T15:28:23.172+0000][468.819s][1][129][trace] GC(80) _eden_chunk_array[123]=0x00000000f8caff78
[2025-08-08T15:28:23.172+0000][468.819s][1][129][trace] GC(80) _eden_chunk_array[124]=0x00000000f8cdd530
[2025-08-08T15:28:23.172+0000][468.819s][1][129][trace] GC(80) _eden_chunk_array[125]=0x00000000f8d08b20
[2025-08-08T15:28:23.172+0000][468.819s][1][129][trace] GC(80) _eden_chunk_array[126]=0x00000000f8d3f138
[2025-08-08T15:28:23.172+0000][468.819s][1][129][trace] GC(80) _eden_chunk_array[127]=0x00000000f8daaec8
[2025-08-08T15:28:23.172+0000][468.819s][1][129][trace] GC(80) _eden_chunk_array[128]=0x00000000f8ddf970
[2025-08-08T15:28:23.172+0000][468.819s][1][129][trace] GC(80) _eden_chunk_array[129]=0x00000000f8e14438
[2025-08-08T15:28:23.172+0000][468.819s][1][129][trace] GC(80) _eden_chunk_array[130]=0x00000000f8e36208
[2025-08-08T15:28:23.172+0000][468.819s][1][129][trace] GC(80) _eden_chunk_array[131]=0x00000000f8e60288
[2025-08-08T15:28:23.172+0000][468.819s][1][129][trace] GC(80) _eden_chunk_array[132]=0x00000000f8eace78
[2025-08-08T15:28:23.172+0000][468.819s][1][129][trace] GC(80) _eden_chunk_array[133]=0x00000000f8ee1548
[2025-08-08T15:28:23.172+0000][468.819s][1][129][trace] GC(80) _eden_chunk_array[134]=0x00000000f8f07f38
[2025-08-08T15:28:23.172+0000][468.819s][1][129][trace] GC(80) _eden_chunk_array[135]=0x00000000f8f3d1f8
[2025-08-08T15:28:23.172+0000][468.819s][1][129][trace] GC(80) _eden_chunk_array[136]=0x00000000f8f6c388
[2025-08-08T15:28:23.172+0000][468.819s][1][129][trace] GC(80) _eden_chunk_array[137]=0x00000000f8f9b4f0
[2025-08-08T15:28:23.172+0000][468.819s][1][129][trace] GC(80) _eden_chunk_array[138]=0x00000000f8fd1ce8
[2025-08-08T15:28:23.172+0000][468.819s][1][129][trace] GC(80) _eden_chunk_array[139]=0x00000000f9000e68
[2025-08-08T15:28:23.172+0000][468.819s][1][129][trace] GC(80) _eden_chunk_array[140]=0x00000000f902ffd0
[2025-08-08T15:28:23.172+0000][468.819s][1][129][trace] GC(80) _eden_chunk_array[141]=0x00000000f9064aa0
[2025-08-08T15:28:23.172+0000][468.819s][1][129][trace] GC(80) _eden_chunk_array[142]=0x00000000f90b31d8
[2025-08-08T15:28:23.172+0000][468.819s][1][129][trace] GC(80) _eden_chunk_array[143]=0x00000000f90da820
[2025-08-08T15:28:23.172+0000][468.819s][1][129][trace] GC(80) _eden_chunk_array[144]=0x00000000f9101ba0
[2025-08-08T15:28:23.172+0000][468.819s][1][129][trace] GC(80) _eden_chunk_array[145]=0x00000000f912f280
[2025-08-08T15:28:23.172+0000][468.819s][1][129][trace] GC(80) _eden_chunk_array[146]=0x00000000f9189620
[2025-08-08T15:28:23.172+0000][468.819s][1][129][trace] GC(80) _eden_chunk_array[147]=0x00000000f91bd578
[2025-08-08T15:28:23.172+0000][468.819s][1][129][trace] GC(80) _eden_chunk_array[148]=0x00000000f91e7e78
[2025-08-08T15:28:23.172+0000][468.819s][1][129][trace] GC(80) _eden_chunk_array[149]=0x00000000f924aa20
[2025-08-08T15:28:23.172+0000][468.819s][1][129][trace] GC(80) _eden_chunk_array[150]=0x00000000f9272000
[2025-08-08T15:28:23.172+0000][468.819s][1][129][trace] GC(80) _eden_chunk_array[151]=0x00000000f9297998
[2025-08-08T15:28:23.172+0000][468.819s][1][129][trace] GC(80) _eden_chunk_array[152]=0x00000000f92c8138
[2025-08-08T15:28:23.172+0000][468.819s][1][129][trace] GC(80) _eden_chunk_array[153]=0x00000000f92edaa0
[2025-08-08T15:28:23.172+0000][468.819s][1][129][trace] GC(80) _eden_chunk_array[154]=0x00000000f9313428
[2025-08-08T15:28:23.172+0000][468.819s][1][129][trace] GC(80) _eden_chunk_array[155]=0x00000000f9338dc8
[2025-08-08T15:28:23.172+0000][468.819s][1][129][trace] GC(80) _eden_chunk_array[156]=0x00000000f935e778
[2025-08-08T15:28:23.172+0000][468.819s][1][129][trace] GC(80) _eden_chunk_array[157]=0x00000000f9387c48
[2025-08-08T15:28:23.172+0000][468.819s][1][129][trace] GC(80) _eden_chunk_array[158]=0x00000000f93b50b8
[2025-08-08T15:28:23.172+0000][468.819s][1][129][trace] GC(80) _eden_chunk_array[159]=0x00000000f93da618
[2025-08-08T15:28:23.172+0000][468.819s][1][129][trace] GC(80) _eden_chunk_array[160]=0x00000000f9417650
[2025-08-08T15:28:23.172+0000][468.819s][1][129][trace] GC(80) _eden_chunk_array[161]=0x00000000f943acc8
[2025-08-08T15:28:23.172+0000][468.819s][1][129][trace] GC(80) _eden_chunk_array[162]=0x00000000f9464500
[2025-08-08T15:28:23.172+0000][468.819s][1][129][trace] GC(80) _eden_chunk_array[163]=0x00000000f948e178
[2025-08-08T15:28:23.172+0000][468.819s][1][129][trace] GC(80) _eden_chunk_array[164]=0x00000000f94b8238
[2025-08-08T15:28:23.172+0000][468.819s][1][129][trace] GC(80) _eden_chunk_array[165]=0x00000000f95197e8
[2025-08-08T15:28:23.172+0000][468.819s][1][129][trace] GC(80) _eden_chunk_array[166]=0x00000000f9542118
[2025-08-08T15:28:23.172+0000][468.819s][1][129][trace] GC(80) _eden_chunk_array[167]=0x00000000f9567aa0
[2025-08-08T15:28:23.172+0000][468.819s][1][129][trace] GC(80) _eden_chunk_array[168]=0x00000000f9591b48
[2025-08-08T15:28:23.172+0000][468.819s][1][129][trace] GC(80) _eden_chunk_array[169]=0x00000000f95bbc00
[2025-08-08T15:28:23.172+0000][468.819s][1][129][trace] GC(80) _eden_chunk_array[170]=0x00000000f95e5cc0
[2025-08-08T15:28:23.172+0000][468.819s][1][129][trace] GC(80) _eden_chunk_array[171]=0x00000000f960fd68
[2025-08-08T15:28:23.172+0000][468.819s][1][129][trace] GC(80) _eden_chunk_array[172]=0x00000000f965e498
[2025-08-08T15:28:23.172+0000][468.819s][1][129][trace] GC(80) _eden_chunk_array[173]=0x00000000f9681860
[2025-08-08T15:28:23.172+0000][468.819s][1][129][trace] GC(80) _eden_chunk_array[174]=0x00000000f96a4070
[2025-08-08T15:28:23.172+0000][468.819s][1][129][trace] GC(80) _eden_chunk_array[175]=0x00000000f96c6188
[2025-08-08T15:28:23.172+0000][468.819s][1][129][trace] GC(80) _eden_chunk_array[176]=0x00000000f96f0fd8
[2025-08-08T15:28:23.172+0000][468.820s][1][129][trace] GC(80) _eden_chunk_array[177]=0x00000000f9713e68
[2025-08-08T15:28:23.172+0000][468.820s][1][129][trace] GC(80) _eden_chunk_array[178]=0x00000000f97368f0
[2025-08-08T15:28:23.172+0000][468.820s][1][129][trace] GC(80) _eden_chunk_array[179]=0x00000000f9759728
[2025-08-08T15:28:23.172+0000][468.820s][1][129][trace] GC(80) _eden_chunk_array[180]=0x00000000f977aab8
[2025-08-08T15:28:23.172+0000][468.820s][1][129][trace] GC(80) _eden_chunk_array[181]=0x00000000f979d8d8
[2025-08-08T15:28:23.172+0000][468.820s][1][129][trace] GC(80) _eden_chunk_array[182]=0x00000000f97c8718
[2025-08-08T15:28:23.172+0000][468.820s][1][129][trace] GC(80) _eden_chunk_array[183]=0x00000000f97f4440
[2025-08-08T15:28:23.172+0000][468.820s][1][129][trace] GC(80) _eden_chunk_array[184]=0x00000000f981db60
[2025-08-08T15:28:23.172+0000][468.820s][1][129][trace] GC(80) _eden_chunk_array[185]=0x00000000f9849888
[2025-08-08T15:28:23.172+0000][468.820s][1][129][trace] GC(80) _eden_chunk_array[186]=0x00000000f98b8410
[2025-08-08T15:28:23.172+0000][468.820s][1][129][trace] GC(80) _eden_chunk_array[187]=0x00000000f98ec3e8
[2025-08-08T15:28:23.172+0000][468.820s][1][129][trace] GC(80) _eden_chunk_array[188]=0x00000000f990dc78
[2025-08-08T15:28:23.172+0000][468.820s][1][129][trace] GC(80) _eden_chunk_array[189]=0x00000000f9932348
[2025-08-08T15:28:23.172+0000][468.820s][1][129][trace] GC(80) _eden_chunk_array[190]=0x00000000f99892b8
[2025-08-08T15:28:23.172+0000][468.820s][1][129][trace] GC(80) _eden_chunk_array[191]=0x00000000f99d5db8
[2025-08-08T15:28:23.172+0000][468.820s][1][129][trace] GC(80) _eden_chunk_array[192]=0x00000000f9a070a8
[2025-08-08T15:28:23.172+0000][468.820s][1][129][trace] GC(80) _eden_chunk_array[193]=0x00000000f9a308c8
[2025-08-08T15:28:23.172+0000][468.820s][1][129][trace] GC(80) _eden_chunk_array[194]=0x00000000f9a5a0f8
[2025-08-08T15:28:23.172+0000][468.820s][1][129][trace] GC(80) _eden_chunk_array[195]=0x00000000f9a83938
[2025-08-08T15:28:23.172+0000][468.820s][1][129][trace] GC(80) _eden_chunk_array[196]=0x00000000f9aad178
[2025-08-08T15:28:23.172+0000][468.820s][1][129][trace] GC(80) _eden_chunk_array[197]=0x00000000f9ad69a8
[2025-08-08T15:28:23.172+0000][468.820s][1][129][trace] GC(80) _eden_chunk_array[198]=0x00000000f9b03f40
[2025-08-08T15:28:23.172+0000][468.820s][1][129][trace] GC(80) _eden_chunk_array[199]=0x00000000f9b55758
[2025-08-08T15:28:23.172+0000][468.820s][1][129][trace] GC(80) _eden_chunk_array[200]=0x00000000f9b80550
[2025-08-08T15:28:23.172+0000][468.820s][1][129][trace] GC(80) _eden_chunk_array[201]=0x00000000f9ba7690
[2025-08-08T15:28:23.172+0000][468.820s][1][129][trace] GC(80) _eden_chunk_array[202]=0x00000000f9bc7910
[2025-08-08T15:28:23.172+0000][468.820s][1][129][trace] GC(80) _eden_chunk_array[203]=0x00000000f9c25260
[2025-08-08T15:28:23.172+0000][468.820s][1][129][trace] GC(80) _eden_chunk_array[204]=0x00000000f9c48830
[2025-08-08T15:28:23.172+0000][468.820s][1][129][trace] GC(80) _eden_chunk_array[205]=0x00000000f9c6f7f0
[2025-08-08T15:28:23.172+0000][468.820s][1][129][trace] GC(80) _eden_chunk_array[206]=0x00000000f9ca42a8
[2025-08-08T15:28:23.172+0000][468.820s][1][129][trace] GC(80) _eden_chunk_array[207]=0x00000000f9cd9558
[2025-08-08T15:28:23.172+0000][468.820s][1][129][trace] GC(80) _eden_chunk_array[208]=0x00000000f9d0e830
[2025-08-08T15:28:23.172+0000][468.820s][1][129][trace] GC(80) _eden_chunk_array[209]=0x00000000f9d38af8
[2025-08-08T15:28:23.172+0000][468.820s][1][129][trace] GC(80) _eden_chunk_array[210]=0x00000000f9d6ddd0
[2025-08-08T15:28:23.173+0000][468.820s][1][129][trace] GC(80) _eden_chunk_array[211]=0x00000000f9dd3018
[2025-08-08T15:28:23.173+0000][468.820s][1][129][trace] GC(80) _eden_chunk_array[212]=0x00000000f9df8f90
[2025-08-08T15:28:23.173+0000][468.820s][1][129][trace] GC(80) _eden_chunk_array[213]=0x00000000f9e19990
[2025-08-08T15:28:23.173+0000][468.820s][1][129][trace] GC(80) _eden_chunk_array[214]=0x00000000f9e3a3a0
[2025-08-08T15:28:23.173+0000][468.820s][1][129][trace] GC(80) _eden_chunk_array[215]=0x00000000f9e88c58
[2025-08-08T15:28:23.173+0000][468.820s][1][129][trace] GC(80) _eden_chunk_array[216]=0x00000000f9eae350
[2025-08-08T15:28:23.173+0000][468.820s][1][129][trace] GC(80) _eden_chunk_array[217]=0x00000000f9ed1930
[2025-08-08T15:28:23.173+0000][468.820s][1][129][trace] GC(80) _eden_chunk_array[218]=0x00000000f9ef8f10
[2025-08-08T15:28:23.173+0000][468.820s][1][129][trace] GC(80) _eden_chunk_array[219]=0x00000000f9f29f98
[2025-08-08T15:28:23.173+0000][468.820s][1][129][trace] GC(80) _eden_chunk_array[220]=0x00000000f9f5a8a0
[2025-08-08T15:28:23.173+0000][468.820s][1][129][trace] GC(80) _eden_chunk_array[221]=0x00000000f9f7c660
[2025-08-08T15:28:23.173+0000][468.820s][1][129][trace] GC(80) _eden_chunk_array[222]=0x00000000f9face00
[2025-08-08T15:28:23.173+0000][468.820s][1][129][trace] GC(80) _eden_chunk_array[223]=0x00000000f9ff7b10
[2025-08-08T15:28:23.173+0000][468.820s][1][129][trace] GC(80) _eden_chunk_array[224]=0x00000000fa02c5f8
[2025-08-08T15:28:23.173+0000][468.820s][1][129][trace] GC(80) _eden_chunk_array[225]=0x00000000fa062c58
[2025-08-08T15:28:23.173+0000][468.820s][1][129][trace] GC(80) _eden_chunk_array[226]=0x00000000fa097708
[2025-08-08T15:28:23.173+0000][468.820s][1][129][trace] GC(80) _eden_chunk_array[227]=0x00000000fa0bc180
[2025-08-08T15:28:23.173+0000][468.820s][1][129][trace] GC(80) _eden_chunk_array[228]=0x00000000fa0de9f8
[2025-08-08T15:28:23.173+0000][468.820s][1][129][trace] GC(80) _eden_chunk_array[229]=0x00000000fa13f660
[2025-08-08T15:28:23.173+0000][468.820s][1][129][trace] GC(80) _eden_chunk_array[230]=0x00000000fa173430
[2025-08-08T15:28:23.173+0000][468.820s][1][129][trace] GC(80) _eden_chunk_array[231]=0x00000000fa1a09b8
[2025-08-08T15:28:23.173+0000][468.820s][1][129][trace] GC(80) _eden_chunk_array[232]=0x00000000fa1ca1f8
[2025-08-08T15:28:23.173+0000][468.820s][1][129][trace] GC(80) _eden_chunk_array[233]=0x00000000fa1eb6b0
[2025-08-08T15:28:23.173+0000][468.820s][1][129][trace] GC(80) _eden_chunk_array[234]=0x00000000fa20cb48
[2025-08-08T15:28:23.173+0000][468.820s][1][129][trace] GC(80) _eden_chunk_array[235]=0x00000000fa22e018
[2025-08-08T15:28:23.173+0000][468.820s][1][129][trace] GC(80) _eden_chunk_array[236]=0x00000000fa24f4e8
[2025-08-08T15:28:23.173+0000][468.820s][1][129][trace] GC(80) _eden_chunk_array[237]=0x00000000fa278990
[2025-08-08T15:28:23.173+0000][468.820s][1][129][trace] GC(80) _eden_chunk_array[238]=0x00000000fa299e38
[2025-08-08T15:28:23.173+0000][468.820s][1][129][trace] GC(80) _eden_chunk_array[239]=0x00000000fa2c3690
[2025-08-08T15:28:23.173+0000][468.820s][1][129][trace] GC(80) _eden_chunk_array[240]=0x00000000fa2f3e38
[2025-08-08T15:28:23.173+0000][468.820s][1][129][trace] GC(80) _eden_chunk_array[241]=0x00000000fa3245e0
[2025-08-08T15:28:23.173+0000][468.820s][1][129][trace] GC(80) _eden_chunk_array[242]=0x00000000fa34aeb0
[2025-08-08T15:28:23.173+0000][468.820s][1][129][trace] GC(80) _eden_chunk_array[243]=0x00000000fa374360
[2025-08-08T15:28:23.173+0000][468.820s][1][129][trace] GC(80) _eden_chunk_array[244]=0x00000000fa3e0970
[2025-08-08T15:28:23.173+0000][468.820s][1][129][trace] GC(80) _eden_chunk_array[245]=0x00000000fa414af8
[2025-08-08T15:28:23.173+0000][468.820s][1][129][trace] GC(80) _eden_chunk_array[246]=0x00000000fa43d3d0
[2025-08-08T15:28:23.173+0000][468.820s][1][129][trace] GC(80) _eden_chunk_array[247]=0x00000000fa4615c0
[2025-08-08T15:28:23.173+0000][468.820s][1][129][trace] GC(80) _eden_chunk_array[248]=0x00000000fa4cdb48
[2025-08-08T15:28:23.173+0000][468.820s][1][129][trace] GC(80) _eden_chunk_array[249]=0x00000000fa4f7370
[2025-08-08T15:28:23.173+0000][468.820s][1][129][trace] GC(80) _eden_chunk_array[250]=0x00000000fa5203f0
[2025-08-08T15:28:23.173+0000][468.820s][1][129][trace] GC(80) _eden_chunk_array[251]=0x00000000fa549c38
[2025-08-08T15:28:23.173+0000][468.820s][1][129][trace] GC(80) _eden_chunk_array[252]=0x00000000fa57a3d8
[2025-08-08T15:28:23.173+0000][468.820s][1][129][trace] GC(80) _eden_chunk_array[253]=0x00000000fa5a3c10
[2025-08-08T15:28:23.173+0000][468.820s][1][129][trace] GC(80) _eden_chunk_array[254]=0x00000000fa5d43a0
[2025-08-08T15:28:23.173+0000][468.820s][1][129][trace] GC(80) _eden_chunk_array[255]=0x00000000fa5fdbc8
[2025-08-08T15:28:23.173+0000][468.820s][1][129][trace] GC(80) _eden_chunk_array[256]=0x00000000fa627418
[2025-08-08T15:28:23.173+0000][468.820s][1][129][trace] GC(80) _eden_chunk_array[257]=0x00000000fa64f488
[2025-08-08T15:28:23.173+0000][468.820s][1][129][trace] GC(80) _eden_chunk_array[258]=0x00000000fa67c240
[2025-08-08T15:28:23.173+0000][468.820s][1][129][trace] GC(80) _eden_chunk_array[259]=0x00000000fa6ad1c8
[2025-08-08T15:28:23.173+0000][468.820s][1][129][trace] GC(80) _eden_chunk_array[260]=0x00000000fa6d80d8
[2025-08-08T15:28:23.173+0000][468.820s][1][129][trace] GC(80) _eden_chunk_array[261]=0x00000000fa7002f0
[2025-08-08T15:28:23.173+0000][468.820s][1][129][trace] GC(80) _eden_chunk_array[262]=0x00000000fa738440
[2025-08-08T15:28:23.173+0000][468.820s][1][129][trace] GC(80) _eden_chunk_array[263]=0x00000000fa75d228
[2025-08-08T15:28:23.173+0000][468.820s][1][129][trace] GC(80) _eden_chunk_array[264]=0x00000000fa7cbab8
[2025-08-08T15:28:23.173+0000][468.820s][1][129][trace] GC(80) _eden_chunk_array[265]=0x00000000fa7f9498
[2025-08-08T15:28:23.173+0000][468.820s][1][129][trace] GC(80) _eden_chunk_array[266]=0x00000000fa8267f8
[2025-08-08T15:28:23.173+0000][468.820s][1][129][trace] GC(80) _eden_chunk_array[267]=0x00000000fa889f98
[2025-08-08T15:28:23.173+0000][468.820s][1][129][trace] GC(80) _eden_chunk_array[268]=0x00000000fa8b4048
[2025-08-08T15:28:23.173+0000][468.820s][1][129][trace] GC(80) _eden_chunk_array[269]=0x00000000fa8d4a00
[2025-08-08T15:28:23.173+0000][468.820s][1][129][trace] GC(80) _eden_chunk_array[270]=0x00000000fa8f5a80
[2025-08-08T15:28:23.173+0000][468.820s][1][129][trace] GC(80) _eden_chunk_array[271]=0x00000000fa9247a8
[2025-08-08T15:28:23.173+0000][468.820s][1][129][trace] GC(80) _eden_chunk_array[272]=0x00000000fa951fc8
[2025-08-08T15:28:23.173+0000][468.820s][1][129][trace] GC(80) _eden_chunk_array[273]=0x00000000fa97b808
[2025-08-08T15:28:23.173+0000][468.820s][1][129][trace] GC(80) _eden_chunk_array[274]=0x00000000fa9a8dd8
[2025-08-08T15:28:23.173+0000][468.820s][1][129][trace] GC(80) _eden_chunk_array[275]=0x00000000fa9da118
[2025-08-08T15:28:23.173+0000][468.820s][1][129][trace] GC(80) _eden_chunk_array[276]=0x00000000faa385f0
[2025-08-08T15:28:23.173+0000][468.820s][1][129][trace] GC(80) _eden_chunk_array[277]=0x00000000faa59c50
[2025-08-08T15:28:23.173+0000][468.820s][1][129][trace] GC(80) _eden_chunk_array[278]=0x00000000faacaf90
[2025-08-08T15:28:23.173+0000][468.820s][1][129][trace] GC(80) _eden_chunk_array[279]=0x00000000faafa878
[2025-08-08T15:28:23.173+0000][468.820s][1][129][trace] GC(80) _eden_chunk_array[280]=0x00000000fab2a140
[2025-08-08T15:28:23.173+0000][468.820s][1][129][trace] GC(80) _eden_chunk_array[281]=0x00000000fab599d8
[2025-08-08T15:28:23.173+0000][468.820s][1][129][trace] GC(80) _eden_chunk_array[282]=0x00000000fab83eb0
[2025-08-08T15:28:23.173+0000][468.820s][1][129][trace] GC(80) _eden_chunk_array[283]=0x00000000faba50e8
[2025-08-08T15:28:23.173+0000][468.820s][1][129][trace] GC(80) _eden_chunk_array[284]=0x00000000fabd8038
[2025-08-08T15:28:23.173+0000][468.820s][1][129][trace] GC(80) _eden_chunk_array[285]=0x00000000fac09340
[2025-08-08T15:28:23.173+0000][468.820s][1][129][trace] GC(80) _eden_chunk_array[286]=0x00000000fac36148
[2025-08-08T15:28:23.173+0000][468.820s][1][129][trace] GC(80) _eden_chunk_array[287]=0x00000000fac64b40
[2025-08-08T15:28:23.173+0000][468.820s][1][129][trace] GC(80) _eden_chunk_array[288]=0x00000000fac906c0
[2025-08-08T15:28:23.173+0000][468.820s][1][129][trace] GC(80) _eden_chunk_array[289]=0x00000000facc2a90
[2025-08-08T15:28:23.173+0000][468.820s][1][129][trace] GC(80) _eden_chunk_array[290]=0x00000000fad0b5d8
[2025-08-08T15:28:23.173+0000][468.820s][1][129][trace] GC(80) _eden_chunk_array[291]=0x00000000fad3b740
[2025-08-08T15:28:23.173+0000][468.820s][1][129][trace] GC(80) _eden_chunk_array[292]=0x00000000fad64048
[2025-08-08T15:28:23.173+0000][468.820s][1][129][trace] GC(80) _eden_chunk_array[293]=0x00000000fadb5870
[2025-08-08T15:28:23.173+0000][468.820s][1][129][trace] GC(80) _eden_chunk_array[294]=0x00000000fade2508
[2025-08-08T15:28:23.173+0000][468.820s][1][129][trace] GC(80) _eden_chunk_array[295]=0x00000000fae101b8
[2025-08-08T15:28:23.173+0000][468.820s][1][129][trace] GC(80) _eden_chunk_array[296]=0x00000000fae6a220
[2025-08-08T15:28:23.173+0000][468.820s][1][129][trace] GC(80) _eden_chunk_array[297]=0x00000000fae9d038
[2025-08-08T15:28:23.173+0000][468.820s][1][129][trace] GC(80) _eden_chunk_array[298]=0x00000000faec4668
[2025-08-08T15:28:23.173+0000][468.820s][1][129][trace] GC(80) _eden_chunk_array[299]=0x00000000faef0388
[2025-08-08T15:28:23.173+0000][468.821s][1][129][trace] GC(80) _eden_chunk_array[300]=0x00000000faf1c0e0
[2025-08-08T15:28:23.173+0000][468.821s][1][129][trace] GC(80) _eden_chunk_array[301]=0x00000000faf416b0
[2025-08-08T15:28:23.173+0000][468.821s][1][129][trace] GC(80) _eden_chunk_array[302]=0x00000000faf6d400
[2025-08-08T15:28:23.173+0000][468.821s][1][129][trace] GC(80) _eden_chunk_array[303]=0x00000000faf909d0
[2025-08-08T15:28:23.173+0000][468.821s][1][129][trace] GC(80) _eden_chunk_array[304]=0x00000000fafbc6f0
[2025-08-08T15:28:23.173+0000][468.821s][1][129][trace] GC(80) _eden_chunk_array[305]=0x00000000fafdfcc8
[2025-08-08T15:28:23.173+0000][468.821s][1][129][trace] GC(80) _eden_chunk_array[306]=0x00000000fb03fea8
[2025-08-08T15:28:23.173+0000][468.821s][1][129][trace] GC(80) _eden_chunk_array[307]=0x00000000fb068fc8
[2025-08-08T15:28:23.173+0000][468.821s][1][129][trace] GC(80) _eden_chunk_array[308]=0x00000000fb08c800
[2025-08-08T15:28:23.173+0000][468.821s][1][129][trace] GC(80) _eden_chunk_array[309]=0x00000000fb0b4558
[2025-08-08T15:28:23.173+0000][468.821s][1][129][trace] GC(80) _eden_chunk_array[310]=0x00000000fb110230
[2025-08-08T15:28:23.173+0000][468.821s][1][129][trace] GC(80) _eden_chunk_array[311]=0x00000000fb13b0b8
[2025-08-08T15:28:23.173+0000][468.821s][1][129][trace] GC(80) _eden_chunk_array[312]=0x00000000fb16aa28
[2025-08-08T15:28:23.173+0000][468.821s][1][129][trace] GC(80) _eden_chunk_array[313]=0x00000000fb18d858
[2025-08-08T15:28:23.173+0000][468.821s][1][129][trace] GC(80) _eden_chunk_array[314]=0x00000000fb1b0678
[2025-08-08T15:28:23.173+0000][468.821s][1][129][trace] GC(80) _eden_chunk_array[315]=0x00000000fb1e34d8
[2025-08-08T15:28:23.173+0000][468.821s][1][129][trace] GC(80) _eden_chunk_array[316]=0x00000000fb217f80
[2025-08-08T15:28:23.173+0000][468.821s][1][129][trace] GC(80) _eden_chunk_array[317]=0x00000000fb24e680
[2025-08-08T15:28:23.173+0000][468.821s][1][129][trace] GC(80) _eden_chunk_array[318]=0x00000000fb2b7300
[2025-08-08T15:28:23.173+0000][468.821s][1][129][trace] GC(80) _eden_chunk_array[319]=0x00000000fb2ebdc0
[2025-08-08T15:28:23.173+0000][468.821s][1][129][trace] GC(80) _eden_chunk_array[320]=0x00000000fb359a38
[2025-08-08T15:28:23.173+0000][468.821s][1][129][trace] GC(80) _eden_chunk_array[321]=0x00000000fb37c338
[2025-08-08T15:28:23.173+0000][468.821s][1][129][trace] GC(80) _eden_chunk_array[322]=0x00000000fb3ddb78
[2025-08-08T15:28:23.173+0000][468.821s][1][129][trace] GC(80) _eden_chunk_array[323]=0x00000000fb40e928
[2025-08-08T15:28:23.173+0000][468.821s][1][129][trace] GC(80) _eden_chunk_array[324]=0x00000000fb43d268
[2025-08-08T15:28:23.173+0000][468.821s][1][129][trace] GC(80) _eden_chunk_array[325]=0x00000000fb466300
[2025-08-08T15:28:23.173+0000][468.821s][1][129][trace] GC(80) _eden_chunk_array[326]=0x00000000fb497390
[2025-08-08T15:28:23.173+0000][468.821s][1][129][trace] GC(80) _eden_chunk_array[327]=0x00000000fb4c41a0
[2025-08-08T15:28:23.173+0000][468.821s][1][129][trace] GC(80) _eden_chunk_array[328]=0x00000000fb4f5250
[2025-08-08T15:28:23.173+0000][468.821s][1][129][trace] GC(80) _eden_chunk_array[329]=0x00000000fb51db58
[2025-08-08T15:28:23.173+0000][468.821s][1][129][trace] GC(80) _eden_chunk_array[330]=0x00000000fb546478
[2025-08-08T15:28:23.173+0000][468.821s][1][129][trace] GC(80) _eden_chunk_array[331]=0x00000000fb594bc0
[2025-08-08T15:28:23.174+0000][468.821s][1][129][trace] GC(80) _eden_chunk_array[332]=0x00000000fb5c3578
[2025-08-08T15:28:23.174+0000][468.821s][1][129][trace] GC(80) _eden_chunk_array[333]=0x00000000fb5eb7a8
[2025-08-08T15:28:23.174+0000][468.821s][1][129][trace] GC(80) _eden_chunk_array[334]=0x00000000fb6143a8
[2025-08-08T15:28:23.174+0000][468.821s][1][129][trace] GC(80) _eden_chunk_array[335]=0x00000000fb635f20
[2025-08-08T15:28:23.174+0000][468.821s][1][129][trace] GC(80) _eden_chunk_array[336]=0x00000000fb65efc0
[2025-08-08T15:28:23.174+0000][468.821s][1][129][trace] GC(80) _eden_chunk_array[337]=0x00000000fb6831a8
[2025-08-08T15:28:23.174+0000][468.821s][1][129][trace] GC(80) _eden_chunk_array[338]=0x00000000fb6b2380
[2025-08-08T15:28:23.174+0000][468.821s][1][129][trace] GC(80) _eden_chunk_array[339]=0x00000000fb6e30d8
[2025-08-08T15:28:23.174+0000][468.821s][1][129][trace] GC(80) _eden_chunk_array[340]=0x00000000fb711a90
[2025-08-08T15:28:23.174+0000][468.821s][1][129][trace] GC(80) _eden_chunk_array[341]=0x00000000fb7632b8
[2025-08-08T15:28:23.174+0000][468.821s][1][129][trace] GC(80) _eden_chunk_array[342]=0x00000000fb799c88
[2025-08-08T15:28:23.174+0000][468.821s][1][129][trace] GC(80) _eden_chunk_array[343]=0x00000000fb7c25c8
[2025-08-08T15:28:23.174+0000][468.821s][1][129][trace] GC(80) _eden_chunk_array[344]=0x00000000fb7e32c8
[2025-08-08T15:28:23.174+0000][468.821s][1][129][trace] GC(80) _eden_chunk_array[345]=0x00000000fb831a10
[2025-08-08T15:28:23.174+0000][468.821s][1][129][trace] GC(80) _eden_chunk_array[346]=0x00000000fb853308
[2025-08-08T15:28:23.174+0000][468.821s][1][129][trace] GC(80) survivor 0x00000000fd410000-0x00000000fd410000-0x00000000fe780000(20381696)
[2025-08-08T15:28:23.174+0000][468.821s][1][129][trace] GC(80) _survivor_chunk_index=0, _survivor_chunk_capacity=9952
[2025-08-08T15:28:23.238+0000][468.886s][1][129][info ] GC(80) Pause Remark 133M->133M(180M) 67.846ms
[2025-08-08T15:28:23.238+0000][468.886s][1][129][info ] Leaving safepoint region
[2025-08-08T15:28:23.238+0000][468.886s][1][129][info ] Total time for which application threads were stopped: 0.0682249 seconds, Stopping threads took: 0.0000462 seconds
[2025-08-08T15:28:23.239+0000][468.886s][1][128][info ] GC(80) Concurrent Sweep
[2025-08-08T15:28:23.241+0000][468.888s][1][128][info ] GC(80) Concurrent Sweep 2.540ms
[2025-08-08T15:28:23.241+0000][468.889s][1][128][info ] GC(80) Concurrent Reset
[2025-08-08T15:28:23.241+0000][468.889s][1][128][info ] GC(80) Concurrent Reset 0.027ms
[2025-08-08T15:28:23.241+0000][468.889s][1][128][info ] GC(80) Old: 5183K->5183K(5184K)
[2025-08-08T15:28:24.239+0000][469.887s][1][129][info ] Application time: 1.0010083 seconds
[2025-08-08T15:28:24.240+0000][469.887s][1][129][info ] Entering safepoint region: Cleanup
[2025-08-08T15:28:24.240+0000][469.887s][1][129][info ] Leaving safepoint region
[2025-08-08T15:28:24.240+0000][469.887s][1][129][info ] Total time for which application threads were stopped: 0.0003222 seconds, Stopping threads took: 0.0000535 seconds
[2025-08-08T15:28:29.245+0000][474.892s][1][129][info ] Application time: 5.0049268 seconds
[2025-08-08T15:28:29.245+0000][474.892s][1][129][info ] Entering safepoint region: Cleanup
[2025-08-08T15:28:29.245+0000][474.892s][1][129][info ] Leaving safepoint region
[2025-08-08T15:28:29.245+0000][474.892s][1][129][info ] Total time for which application threads were stopped: 0.0002252 seconds, Stopping threads took: 0.0000368 seconds
[2025-08-08T15:28:33.242+0000][478.889s][1][129][info ] Application time: 3.9966907 seconds
[2025-08-08T15:28:33.242+0000][478.889s][1][129][info ] Entering safepoint region: CMS_Initial_Mark
[2025-08-08T15:28:33.243+0000][478.890s][1][129][trace] GC(81) eden 0x00000000f3800000-0x00000000fc07a240-0x00000000fd410000(163643392)
[2025-08-08T15:28:33.243+0000][478.890s][1][129][trace] GC(81) _eden_chunk_index=384, _eden_chunk_capacity=11233
[2025-08-08T15:28:33.243+0000][478.890s][1][129][trace] GC(81) _eden_chunk_array[0]=0x00000000f74596b0
[2025-08-08T15:28:33.243+0000][478.890s][1][129][trace] GC(81) _eden_chunk_array[1]=0x00000000f74ac5b8
[2025-08-08T15:28:33.243+0000][478.890s][1][129][trace] GC(81) _eden_chunk_array[2]=0x00000000f74d55e8
[2025-08-08T15:28:33.243+0000][478.890s][1][129][trace] GC(81) _eden_chunk_array[3]=0x00000000f7504058
[2025-08-08T15:28:33.243+0000][478.890s][1][129][trace] GC(81) _eden_chunk_array[4]=0x00000000f7524f88
[2025-08-08T15:28:33.243+0000][478.890s][1][129][trace] GC(81) _eden_chunk_array[5]=0x00000000f754e7c0
[2025-08-08T15:28:33.243+0000][478.890s][1][129][trace] GC(81) _eden_chunk_array[6]=0x00000000f7577fe0
[2025-08-08T15:28:33.243+0000][478.890s][1][129][trace] GC(81) _eden_chunk_array[7]=0x00000000f75a71a8
[2025-08-08T15:28:33.243+0000][478.890s][1][129][trace] GC(81) _eden_chunk_array[8]=0x00000000f75f58d8
[2025-08-08T15:28:33.243+0000][478.890s][1][129][trace] GC(81) _eden_chunk_array[9]=0x00000000f761a640
[2025-08-08T15:28:33.243+0000][478.890s][1][129][trace] GC(81) _eden_chunk_array[10]=0x00000000f76649c8
[2025-08-08T15:28:33.243+0000][478.890s][1][129][trace] GC(81) _eden_chunk_array[11]=0x00000000f76854f8
[2025-08-08T15:28:33.243+0000][478.890s][1][129][trace] GC(81) _eden_chunk_array[12]=0x00000000f76d4790
[2025-08-08T15:28:33.243+0000][478.890s][1][129][trace] GC(81) _eden_chunk_array[13]=0x00000000f7704f20
[2025-08-08T15:28:33.243+0000][478.890s][1][129][trace] GC(81) _eden_chunk_array[14]=0x00000000f7751bd0
[2025-08-08T15:28:33.243+0000][478.890s][1][129][trace] GC(81) _eden_chunk_array[15]=0x00000000f777a4b0
[2025-08-08T15:28:33.243+0000][478.890s][1][129][trace] GC(81) _eden_chunk_array[16]=0x00000000f77a4c70
[2025-08-08T15:28:33.243+0000][478.890s][1][129][trace] GC(81) _eden_chunk_array[17]=0x00000000f7810a48
[2025-08-08T15:28:33.243+0000][478.890s][1][129][trace] GC(81) _eden_chunk_array[18]=0x00000000f78454f8
[2025-08-08T15:28:33.243+0000][478.890s][1][129][trace] GC(81) _eden_chunk_array[19]=0x00000000f7879fb0
[2025-08-08T15:28:33.243+0000][478.890s][1][129][trace] GC(81) _eden_chunk_array[20]=0x00000000f78aea98
[2025-08-08T15:28:33.243+0000][478.890s][1][129][trace] GC(81) _eden_chunk_array[21]=0x00000000f78d8f40
[2025-08-08T15:28:33.243+0000][478.890s][1][129][trace] GC(81) _eden_chunk_array[22]=0x00000000f79059a8
[2025-08-08T15:28:33.243+0000][478.890s][1][129][trace] GC(81) _eden_chunk_array[23]=0x00000000f7968da8
[2025-08-08T15:28:33.243+0000][478.890s][1][129][trace] GC(81) _eden_chunk_array[24]=0x00000000f79891e8
[2025-08-08T15:28:33.243+0000][478.890s][1][129][trace] GC(81) _eden_chunk_array[25]=0x00000000f79b18e8
[2025-08-08T15:28:33.243+0000][478.890s][1][129][trace] GC(81) _eden_chunk_array[26]=0x00000000f79d1ad8
[2025-08-08T15:28:33.243+0000][478.890s][1][129][trace] GC(81) _eden_chunk_array[27]=0x00000000f7a16618
[2025-08-08T15:28:33.243+0000][478.890s][1][129][trace] GC(81) _eden_chunk_array[28]=0x00000000f7a46d00
[2025-08-08T15:28:33.243+0000][478.890s][1][129][trace] GC(81) _eden_chunk_array[29]=0x00000000f7a8fd38
[2025-08-08T15:28:33.243+0000][478.890s][1][129][trace] GC(81) _eden_chunk_array[30]=0x00000000f7ad8d90
[2025-08-08T15:28:33.243+0000][478.890s][1][129][trace] GC(81) _eden_chunk_array[31]=0x00000000f7b2a5c0
[2025-08-08T15:28:33.243+0000][478.890s][1][129][trace] GC(81) _eden_chunk_array[32]=0x00000000f7b87ac8
[2025-08-08T15:28:33.243+0000][478.890s][1][129][trace] GC(81) _eden_chunk_array[33]=0x00000000f7bad890
[2025-08-08T15:28:33.243+0000][478.890s][1][129][trace] GC(81) _eden_chunk_array[34]=0x00000000f7bce290
[2025-08-08T15:28:33.243+0000][478.890s][1][129][trace] GC(81) _eden_chunk_array[35]=0x00000000f7bef940
[2025-08-08T15:28:33.243+0000][478.890s][1][129][trace] GC(81) _eden_chunk_array[36]=0x00000000f7c20f50
[2025-08-08T15:28:33.243+0000][478.890s][1][129][trace] GC(81) _eden_chunk_array[37]=0x00000000f7c53e40
[2025-08-08T15:28:33.243+0000][478.890s][1][129][trace] GC(81) _eden_chunk_array[38]=0x00000000f7c79888
[2025-08-08T15:28:33.243+0000][478.890s][1][129][trace] GC(81) _eden_chunk_array[39]=0x00000000f7c9ea88
[2025-08-08T15:28:33.243+0000][478.890s][1][129][trace] GC(81) _eden_chunk_array[40]=0x00000000f7cc3cb8
[2025-08-08T15:28:33.243+0000][478.890s][1][129][trace] GC(81) _eden_chunk_array[41]=0x00000000f7ceaaa0
[2025-08-08T15:28:33.243+0000][478.890s][1][129][trace] GC(81) _eden_chunk_array[42]=0x00000000f7d0b440
[2025-08-08T15:28:33.243+0000][478.890s][1][129][trace] GC(81) _eden_chunk_array[43]=0x00000000f7d30640
[2025-08-08T15:28:33.243+0000][478.890s][1][129][trace] GC(81) _eden_chunk_array[44]=0x00000000f7d9da90
[2025-08-08T15:28:33.243+0000][478.890s][1][129][trace] GC(81) _eden_chunk_array[45]=0x00000000f7dd09f8
[2025-08-08T15:28:33.243+0000][478.890s][1][129][trace] GC(81) _eden_chunk_array[46]=0x00000000f7df56f0
[2025-08-08T15:28:33.243+0000][478.890s][1][129][trace] GC(81) _eden_chunk_array[47]=0x00000000f7e1ad98
[2025-08-08T15:28:33.243+0000][478.890s][1][129][trace] GC(81) _eden_chunk_array[48]=0x00000000f7e88158
[2025-08-08T15:28:33.243+0000][478.890s][1][129][trace] GC(81) _eden_chunk_array[49]=0x00000000f7eb0348
[2025-08-08T15:28:33.243+0000][478.891s][1][129][trace] GC(81) _eden_chunk_array[50]=0x00000000f7ed5e98
[2025-08-08T15:28:33.243+0000][478.891s][1][129][trace] GC(81) _eden_chunk_array[51]=0x00000000f7f02cb8
[2025-08-08T15:28:33.243+0000][478.891s][1][129][trace] GC(81) _eden_chunk_array[52]=0x00000000f7f29820
[2025-08-08T15:28:33.243+0000][478.891s][1][129][trace] GC(81) _eden_chunk_array[53]=0x00000000f7f50380
[2025-08-08T15:28:33.243+0000][478.891s][1][129][trace] GC(81) _eden_chunk_array[54]=0x00000000f7f78570
[2025-08-08T15:28:33.243+0000][478.891s][1][129][trace] GC(81) _eden_chunk_array[55]=0x00000000f7f9f118
[2025-08-08T15:28:33.243+0000][478.891s][1][129][trace] GC(81) _eden_chunk_array[56]=0x00000000f7fd1398
[2025-08-08T15:28:33.243+0000][478.891s][1][129][trace] GC(81) _eden_chunk_array[57]=0x00000000f7ff15f0
[2025-08-08T15:28:33.243+0000][478.891s][1][129][trace] GC(81) _eden_chunk_array[58]=0x00000000f8021d80
[2025-08-08T15:28:33.243+0000][478.891s][1][129][trace] GC(81) _eden_chunk_array[59]=0x00000000f8052520
[2025-08-08T15:28:33.243+0000][478.891s][1][129][trace] GC(81) _eden_chunk_array[60]=0x00000000f8078698
[2025-08-08T15:28:33.243+0000][478.891s][1][129][trace] GC(81) _eden_chunk_array[61]=0x00000000f809e8f8
[2025-08-08T15:28:33.243+0000][478.891s][1][129][trace] GC(81) _eden_chunk_array[62]=0x00000000f80c9470
[2025-08-08T15:28:33.243+0000][478.891s][1][129][trace] GC(81) _eden_chunk_array[63]=0x00000000f8101478
[2025-08-08T15:28:33.243+0000][478.891s][1][129][trace] GC(81) _eden_chunk_array[64]=0x00000000f8128fa8
[2025-08-08T15:28:33.243+0000][478.891s][1][129][trace] GC(81) _eden_chunk_array[65]=0x00000000f81516c0
[2025-08-08T15:28:33.243+0000][478.891s][1][129][trace] GC(81) _eden_chunk_array[66]=0x00000000f81bc790
[2025-08-08T15:28:33.243+0000][478.891s][1][129][trace] GC(81) _eden_chunk_array[67]=0x00000000f821fae0
[2025-08-08T15:28:33.243+0000][478.891s][1][129][trace] GC(81) _eden_chunk_array[68]=0x00000000f8245540
[2025-08-08T15:28:33.243+0000][478.891s][1][129][trace] GC(81) _eden_chunk_array[69]=0x00000000f826afc0
[2025-08-08T15:28:33.243+0000][478.891s][1][129][trace] GC(81) _eden_chunk_array[70]=0x00000000f82909f8
[2025-08-08T15:28:33.243+0000][478.891s][1][129][trace] GC(81) _eden_chunk_array[71]=0x00000000f82b6460
[2025-08-08T15:28:33.243+0000][478.891s][1][129][trace] GC(81) _eden_chunk_array[72]=0x00000000f82dbef0
[2025-08-08T15:28:33.243+0000][478.891s][1][129][trace] GC(81) _eden_chunk_array[73]=0x00000000f8301998
[2025-08-08T15:28:33.243+0000][478.891s][1][129][trace] GC(81) _eden_chunk_array[74]=0x00000000f83398c8
[2025-08-08T15:28:33.243+0000][478.891s][1][129][trace] GC(81) _eden_chunk_array[75]=0x00000000f835b020
[2025-08-08T15:28:33.243+0000][478.891s][1][129][trace] GC(81) _eden_chunk_array[76]=0x00000000f8381080
[2025-08-08T15:28:33.243+0000][478.891s][1][129][trace] GC(81) _eden_chunk_array[77]=0x00000000f83daa10
[2025-08-08T15:28:33.243+0000][478.891s][1][129][trace] GC(81) _eden_chunk_array[78]=0x00000000f8409a80
[2025-08-08T15:28:33.243+0000][478.891s][1][129][trace] GC(81) _eden_chunk_array[79]=0x00000000f842d588
[2025-08-08T15:28:33.243+0000][478.891s][1][129][trace] GC(81) _eden_chunk_array[80]=0x00000000f8485750
[2025-08-08T15:28:33.243+0000][478.891s][1][129][trace] GC(81) _eden_chunk_array[81]=0x00000000f84b3020
[2025-08-08T15:28:33.243+0000][478.891s][1][129][trace] GC(81) _eden_chunk_array[82]=0x00000000f84db8f8
[2025-08-08T15:28:33.243+0000][478.891s][1][129][trace] GC(81) _eden_chunk_array[83]=0x00000000f850c098
[2025-08-08T15:28:33.243+0000][478.891s][1][129][trace] GC(81) _eden_chunk_array[84]=0x00000000f8534970
[2025-08-08T15:28:33.243+0000][478.891s][1][129][trace] GC(81) _eden_chunk_array[85]=0x00000000f8565110
[2025-08-08T15:28:33.243+0000][478.891s][1][129][trace] GC(81) _eden_chunk_array[86]=0x00000000f85b6928
[2025-08-08T15:28:33.243+0000][478.891s][1][129][trace] GC(81) _eden_chunk_array[87]=0x00000000f85df230
[2025-08-08T15:28:33.243+0000][478.891s][1][129][trace] GC(81) _eden_chunk_array[88]=0x00000000f8607b20
[2025-08-08T15:28:33.243+0000][478.891s][1][129][trace] GC(81) _eden_chunk_array[89]=0x00000000f862e828
[2025-08-08T15:28:33.243+0000][478.891s][1][129][trace] GC(81) _eden_chunk_array[90]=0x00000000f8653490
[2025-08-08T15:28:33.243+0000][478.891s][1][129][trace] GC(81) _eden_chunk_array[91]=0x00000000f8674438
[2025-08-08T15:28:33.243+0000][478.891s][1][129][trace] GC(81) _eden_chunk_array[92]=0x00000000f869b2d8
[2025-08-08T15:28:33.243+0000][478.891s][1][129][trace] GC(81) _eden_chunk_array[93]=0x00000000f86bfc78
[2025-08-08T15:28:33.243+0000][478.891s][1][129][trace] GC(81) _eden_chunk_array[94]=0x00000000f86e6630
[2025-08-08T15:28:33.243+0000][478.891s][1][129][trace] GC(81) _eden_chunk_array[95]=0x00000000f871a5d0
[2025-08-08T15:28:33.243+0000][478.891s][1][129][trace] GC(81) _eden_chunk_array[96]=0x00000000f87464f8
[2025-08-08T15:28:33.243+0000][478.891s][1][129][trace] GC(81) _eden_chunk_array[97]=0x00000000f877af98
[2025-08-08T15:28:33.243+0000][478.891s][1][129][trace] GC(81) _eden_chunk_array[98]=0x00000000f87e6d28
[2025-08-08T15:28:33.243+0000][478.891s][1][129][trace] GC(81) _eden_chunk_array[99]=0x00000000f88174d0
[2025-08-08T15:28:33.243+0000][478.891s][1][129][trace] GC(81) _eden_chunk_array[100]=0x00000000f884bfe0
[2025-08-08T15:28:33.243+0000][478.891s][1][129][trace] GC(81) _eden_chunk_array[101]=0x00000000f8880a90
[2025-08-08T15:28:33.243+0000][478.891s][1][129][trace] GC(81) _eden_chunk_array[102]=0x00000000f88a8fa0
[2025-08-08T15:28:33.243+0000][478.891s][1][129][trace] GC(81) _eden_chunk_array[103]=0x00000000f88ca4d8
[2025-08-08T15:28:33.243+0000][478.891s][1][129][trace] GC(81) _eden_chunk_array[104]=0x00000000f88f0e68
[2025-08-08T15:28:33.243+0000][478.891s][1][129][trace] GC(81) _eden_chunk_array[105]=0x00000000f8914998
[2025-08-08T15:28:33.243+0000][478.891s][1][129][trace] GC(81) _eden_chunk_array[106]=0x00000000f8943b50
[2025-08-08T15:28:33.244+0000][478.891s][1][129][trace] GC(81) _eden_chunk_array[107]=0x00000000f8967d68
[2025-08-08T15:28:33.244+0000][478.891s][1][129][trace] GC(81) _eden_chunk_array[108]=0x00000000f8991360
[2025-08-08T15:28:33.244+0000][478.891s][1][129][trace] GC(81) _eden_chunk_array[109]=0x00000000f89b7ec0
[2025-08-08T15:28:33.244+0000][478.891s][1][129][trace] GC(81) _eden_chunk_array[110]=0x00000000f89deaa8
[2025-08-08T15:28:33.244+0000][478.891s][1][129][trace] GC(81) _eden_chunk_array[111]=0x00000000f8a01e48
[2025-08-08T15:28:33.244+0000][478.891s][1][129][trace] GC(81) _eden_chunk_array[112]=0x00000000f8a289a8
[2025-08-08T15:28:33.244+0000][478.891s][1][129][trace] GC(81) _eden_chunk_array[113]=0x00000000f8a4f518
[2025-08-08T15:28:33.244+0000][478.891s][1][129][trace] GC(81) _eden_chunk_array[114]=0x00000000f8a9dc58
[2025-08-08T15:28:33.244+0000][478.891s][1][129][trace] GC(81) _eden_chunk_array[115]=0x00000000f8ac4d88
[2025-08-08T15:28:33.244+0000][478.891s][1][129][trace] GC(81) _eden_chunk_array[116]=0x00000000f8aebd28
[2025-08-08T15:28:33.244+0000][478.891s][1][129][trace] GC(81) _eden_chunk_array[117]=0x00000000f8b48a38
[2025-08-08T15:28:33.244+0000][478.891s][1][129][trace] GC(81) _eden_chunk_array[118]=0x00000000f8b6d790
[2025-08-08T15:28:33.244+0000][478.891s][1][129][trace] GC(81) _eden_chunk_array[119]=0x00000000f8b911e8
[2025-08-08T15:28:33.244+0000][478.891s][1][129][trace] GC(81) _eden_chunk_array[120]=0x00000000f8bef900
[2025-08-08T15:28:33.244+0000][478.891s][1][129][trace] GC(81) _eden_chunk_array[121]=0x00000000f8c335d8
[2025-08-08T15:28:33.244+0000][478.891s][1][129][trace] GC(81) _eden_chunk_array[122]=0x00000000f8c8e5a0
[2025-08-08T15:28:33.244+0000][478.891s][1][129][trace] GC(81) _eden_chunk_array[123]=0x00000000f8caff78
[2025-08-08T15:28:33.244+0000][478.891s][1][129][trace] GC(81) _eden_chunk_array[124]=0x00000000f8cdd530
[2025-08-08T15:28:33.244+0000][478.891s][1][129][trace] GC(81) _eden_chunk_array[125]=0x00000000f8d08b20
[2025-08-08T15:28:33.244+0000][478.891s][1][129][trace] GC(81) _eden_chunk_array[126]=0x00000000f8d3f138
[2025-08-08T15:28:33.244+0000][478.891s][1][129][trace] GC(81) _eden_chunk_array[127]=0x00000000f8daaec8
[2025-08-08T15:28:33.244+0000][478.891s][1][129][trace] GC(81) _eden_chunk_array[128]=0x00000000f8ddf970
[2025-08-08T15:28:33.244+0000][478.891s][1][129][trace] GC(81) _eden_chunk_array[129]=0x00000000f8e14438
[2025-08-08T15:28:33.244+0000][478.891s][1][129][trace] GC(81) _eden_chunk_array[130]=0x00000000f8e36208
[2025-08-08T15:28:33.244+0000][478.891s][1][129][trace] GC(81) _eden_chunk_array[131]=0x00000000f8e60288
[2025-08-08T15:28:33.244+0000][478.891s][1][129][trace] GC(81) _eden_chunk_array[132]=0x00000000f8eace78
[2025-08-08T15:28:33.244+0000][478.891s][1][129][trace] GC(81) _eden_chunk_array[133]=0x00000000f8ee1548
[2025-08-08T15:28:33.244+0000][478.891s][1][129][trace] GC(81) _eden_chunk_array[134]=0x00000000f8f07f38
[2025-08-08T15:28:33.244+0000][478.891s][1][129][trace] GC(81) _eden_chunk_array[135]=0x00000000f8f3d1f8
[2025-08-08T15:28:33.244+0000][478.891s][1][129][trace] GC(81) _eden_chunk_array[136]=0x00000000f8f6c388
[2025-08-08T15:28:33.244+0000][478.891s][1][129][trace] GC(81) _eden_chunk_array[137]=0x00000000f8f9b4f0
[2025-08-08T15:28:33.244+0000][478.891s][1][129][trace] GC(81) _eden_chunk_array[138]=0x00000000f8fd1ce8
[2025-08-08T15:28:33.244+0000][478.891s][1][129][trace] GC(81) _eden_chunk_array[139]=0x00000000f9000e68
[2025-08-08T15:28:33.244+0000][478.891s][1][129][trace] GC(81) _eden_chunk_array[140]=0x00000000f902ffd0
[2025-08-08T15:28:33.244+0000][478.891s][1][129][trace] GC(81) _eden_chunk_array[141]=0x00000000f9064aa0
[2025-08-08T15:28:33.244+0000][478.891s][1][129][trace] GC(81) _eden_chunk_array[142]=0x00000000f90b31d8
[2025-08-08T15:28:33.244+0000][478.891s][1][129][trace] GC(81) _eden_chunk_array[143]=0x00000000f90da820
[2025-08-08T15:28:33.244+0000][478.891s][1][129][trace] GC(81) _eden_chunk_array[144]=0x00000000f9101ba0
[2025-08-08T15:28:33.244+0000][478.891s][1][129][trace] GC(81) _eden_chunk_array[145]=0x00000000f912f280
[2025-08-08T15:28:33.244+0000][478.891s][1][129][trace] GC(81) _eden_chunk_array[146]=0x00000000f9189620
[2025-08-08T15:28:33.244+0000][478.891s][1][129][trace] GC(81) _eden_chunk_array[147]=0x00000000f91bd578
[2025-08-08T15:28:33.244+0000][478.891s][1][129][trace] GC(81) _eden_chunk_array[148]=0x00000000f91e7e78
[2025-08-08T15:28:33.244+0000][478.891s][1][129][trace] GC(81) _eden_chunk_array[149]=0x00000000f924aa20
[2025-08-08T15:28:33.244+0000][478.891s][1][129][trace] GC(81) _eden_chunk_array[150]=0x00000000f9272000
[2025-08-08T15:28:33.244+0000][478.891s][1][129][trace] GC(81) _eden_chunk_array[151]=0x00000000f9297998
[2025-08-08T15:28:33.244+0000][478.891s][1][129][trace] GC(81) _eden_chunk_array[152]=0x00000000f92c8138
[2025-08-08T15:28:33.244+0000][478.891s][1][129][trace] GC(81) _eden_chunk_array[153]=0x00000000f92edaa0
[2025-08-08T15:28:33.244+0000][478.891s][1][129][trace] GC(81) _eden_chunk_array[154]=0x00000000f9313428
[2025-08-08T15:28:33.244+0000][478.891s][1][129][trace] GC(81) _eden_chunk_array[155]=0x00000000f9338dc8
[2025-08-08T15:28:33.244+0000][478.891s][1][129][trace] GC(81) _eden_chunk_array[156]=0x00000000f935e778
[2025-08-08T15:28:33.244+0000][478.891s][1][129][trace] GC(81) _eden_chunk_array[157]=0x00000000f9387c48
[2025-08-08T15:28:33.244+0000][478.891s][1][129][trace] GC(81) _eden_chunk_array[158]=0x00000000f93b50b8
[2025-08-08T15:28:33.244+0000][478.891s][1][129][trace] GC(81) _eden_chunk_array[159]=0x00000000f93da618
[2025-08-08T15:28:33.244+0000][478.891s][1][129][trace] GC(81) _eden_chunk_array[160]=0x00000000f9417650
[2025-08-08T15:28:33.244+0000][478.891s][1][129][trace] GC(81) _eden_chunk_array[161]=0x00000000f943acc8
[2025-08-08T15:28:33.244+0000][478.891s][1][129][trace] GC(81) _eden_chunk_array[162]=0x00000000f9464500
[2025-08-08T15:28:33.244+0000][478.891s][1][129][trace] GC(81) _eden_chunk_array[163]=0x00000000f948e178
[2025-08-08T15:28:33.244+0000][478.891s][1][129][trace] GC(81) _eden_chunk_array[164]=0x00000000f94b8238
[2025-08-08T15:28:33.244+0000][478.891s][1][129][trace] GC(81) _eden_chunk_array[165]=0x00000000f95197e8
[2025-08-08T15:28:33.244+0000][478.891s][1][129][trace] GC(81) _eden_chunk_array[166]=0x00000000f9542118
[2025-08-08T15:28:33.244+0000][478.891s][1][129][trace] GC(81) _eden_chunk_array[167]=0x00000000f9567aa0
[2025-08-08T15:28:33.244+0000][478.891s][1][129][trace] GC(81) _eden_chunk_array[168]=0x00000000f9591b48
[2025-08-08T15:28:33.244+0000][478.891s][1][129][trace] GC(81) _eden_chunk_array[169]=0x00000000f95bbc00
[2025-08-08T15:28:33.244+0000][478.891s][1][129][trace] GC(81) _eden_chunk_array[170]=0x00000000f95e5cc0
[2025-08-08T15:28:33.244+0000][478.891s][1][129][trace] GC(81) _eden_chunk_array[171]=0x00000000f960fd68
[2025-08-08T15:28:33.244+0000][478.891s][1][129][trace] GC(81) _eden_chunk_array[172]=0x00000000f965e498
[2025-08-08T15:28:33.244+0000][478.891s][1][129][trace] GC(81) _eden_chunk_array[173]=0x00000000f9681860
[2025-08-08T15:28:33.244+0000][478.891s][1][129][trace] GC(81) _eden_chunk_array[174]=0x00000000f96a4070
[2025-08-08T15:28:33.244+0000][478.891s][1][129][trace] GC(81) _eden_chunk_array[175]=0x00000000f96c6188
[2025-08-08T15:28:33.244+0000][478.891s][1][129][trace] GC(81) _eden_chunk_array[176]=0x00000000f96f0fd8
[2025-08-08T15:28:33.244+0000][478.891s][1][129][trace] GC(81) _eden_chunk_array[177]=0x00000000f9713e68
[2025-08-08T15:28:33.244+0000][478.891s][1][129][trace] GC(81) _eden_chunk_array[178]=0x00000000f97368f0
[2025-08-08T15:28:33.244+0000][478.891s][1][129][trace] GC(81) _eden_chunk_array[179]=0x00000000f9759728
[2025-08-08T15:28:33.244+0000][478.891s][1][129][trace] GC(81) _eden_chunk_array[180]=0x00000000f977aab8
[2025-08-08T15:28:33.244+0000][478.891s][1][129][trace] GC(81) _eden_chunk_array[181]=0x00000000f979d8d8
[2025-08-08T15:28:33.244+0000][478.891s][1][129][trace] GC(81) _eden_chunk_array[182]=0x00000000f97c8718
[2025-08-08T15:28:33.244+0000][478.891s][1][129][trace] GC(81) _eden_chunk_array[183]=0x00000000f97f4440
[2025-08-08T15:28:33.244+0000][478.891s][1][129][trace] GC(81) _eden_chunk_array[184]=0x00000000f981db60
[2025-08-08T15:28:33.244+0000][478.891s][1][129][trace] GC(81) _eden_chunk_array[185]=0x00000000f9849888
[2025-08-08T15:28:33.244+0000][478.891s][1][129][trace] GC(81) _eden_chunk_array[186]=0x00000000f98b8410
[2025-08-08T15:28:33.244+0000][478.891s][1][129][trace] GC(81) _eden_chunk_array[187]=0x00000000f98ec3e8
[2025-08-08T15:28:33.244+0000][478.891s][1][129][trace] GC(81) _eden_chunk_array[188]=0x00000000f990dc78
[2025-08-08T15:28:33.244+0000][478.891s][1][129][trace] GC(81) _eden_chunk_array[189]=0x00000000f9932348
[2025-08-08T15:28:33.244+0000][478.891s][1][129][trace] GC(81) _eden_chunk_array[190]=0x00000000f99892b8
[2025-08-08T15:28:33.244+0000][478.891s][1][129][trace] GC(81) _eden_chunk_array[191]=0x00000000f99d5db8
[2025-08-08T15:28:33.244+0000][478.891s][1][129][trace] GC(81) _eden_chunk_array[192]=0x00000000f9a070a8
[2025-08-08T15:28:33.244+0000][478.891s][1][129][trace] GC(81) _eden_chunk_array[193]=0x00000000f9a308c8
[2025-08-08T15:28:33.244+0000][478.891s][1][129][trace] GC(81) _eden_chunk_array[194]=0x00000000f9a5a0f8
[2025-08-08T15:28:33.244+0000][478.891s][1][129][trace] GC(81) _eden_chunk_array[195]=0x00000000f9a83938
[2025-08-08T15:28:33.244+0000][478.891s][1][129][trace] GC(81) _eden_chunk_array[196]=0x00000000f9aad178
[2025-08-08T15:28:33.244+0000][478.891s][1][129][trace] GC(81) _eden_chunk_array[197]=0x00000000f9ad69a8
[2025-08-08T15:28:33.244+0000][478.891s][1][129][trace] GC(81) _eden_chunk_array[198]=0x00000000f9b03f40
[2025-08-08T15:28:33.244+0000][478.891s][1][129][trace] GC(81) _eden_chunk_array[199]=0x00000000f9b55758
[2025-08-08T15:28:33.244+0000][478.891s][1][129][trace] GC(81) _eden_chunk_array[200]=0x00000000f9b80550
[2025-08-08T15:28:33.244+0000][478.891s][1][129][trace] GC(81) _eden_chunk_array[201]=0x00000000f9ba7690
[2025-08-08T15:28:33.244+0000][478.891s][1][129][trace] GC(81) _eden_chunk_array[202]=0x00000000f9bc7910
[2025-08-08T15:28:33.244+0000][478.891s][1][129][trace] GC(81) _eden_chunk_array[203]=0x00000000f9c25260
[2025-08-08T15:28:33.244+0000][478.891s][1][129][trace] GC(81) _eden_chunk_array[204]=0x00000000f9c48830
[2025-08-08T15:28:33.244+0000][478.891s][1][129][trace] GC(81) _eden_chunk_array[205]=0x00000000f9c6f7f0
[2025-08-08T15:28:33.244+0000][478.891s][1][129][trace] GC(81) _eden_chunk_array[206]=0x00000000f9ca42a8
[2025-08-08T15:28:33.244+0000][478.891s][1][129][trace] GC(81) _eden_chunk_array[207]=0x00000000f9cd9558
[2025-08-08T15:28:33.244+0000][478.891s][1][129][trace] GC(81) _eden_chunk_array[208]=0x00000000f9d0e830
[2025-08-08T15:28:33.244+0000][478.891s][1][129][trace] GC(81) _eden_chunk_array[209]=0x00000000f9d38af8
[2025-08-08T15:28:33.244+0000][478.891s][1][129][trace] GC(81) _eden_chunk_array[210]=0x00000000f9d6ddd0
[2025-08-08T15:28:33.244+0000][478.891s][1][129][trace] GC(81) _eden_chunk_array[211]=0x00000000f9dd3018
[2025-08-08T15:28:33.244+0000][478.891s][1][129][trace] GC(81) _eden_chunk_array[212]=0x00000000f9df8f90
[2025-08-08T15:28:33.244+0000][478.891s][1][129][trace] GC(81) _eden_chunk_array[213]=0x00000000f9e19990
[2025-08-08T15:28:33.244+0000][478.891s][1][129][trace] GC(81) _eden_chunk_array[214]=0x00000000f9e3a3a0
[2025-08-08T15:28:33.244+0000][478.891s][1][129][trace] GC(81) _eden_chunk_array[215]=0x00000000f9e88c58
[2025-08-08T15:28:33.244+0000][478.891s][1][129][trace] GC(81) _eden_chunk_array[216]=0x00000000f9eae350
[2025-08-08T15:28:33.244+0000][478.891s][1][129][trace] GC(81) _eden_chunk_array[217]=0x00000000f9ed1930
[2025-08-08T15:28:33.244+0000][478.891s][1][129][trace] GC(81) _eden_chunk_array[218]=0x00000000f9ef8f10
[2025-08-08T15:28:33.244+0000][478.891s][1][129][trace] GC(81) _eden_chunk_array[219]=0x00000000f9f29f98
[2025-08-08T15:28:33.244+0000][478.891s][1][129][trace] GC(81) _eden_chunk_array[220]=0x00000000f9f5a8a0
[2025-08-08T15:28:33.244+0000][478.891s][1][129][trace] GC(81) _eden_chunk_array[221]=0x00000000f9f7c660
[2025-08-08T15:28:33.244+0000][478.891s][1][129][trace] GC(81) _eden_chunk_array[222]=0x00000000f9face00
[2025-08-08T15:28:33.244+0000][478.891s][1][129][trace] GC(81) _eden_chunk_array[223]=0x00000000f9ff7b10
[2025-08-08T15:28:33.244+0000][478.891s][1][129][trace] GC(81) _eden_chunk_array[224]=0x00000000fa02c5f8
[2025-08-08T15:28:33.244+0000][478.891s][1][129][trace] GC(81) _eden_chunk_array[225]=0x00000000fa062c58
[2025-08-08T15:28:33.244+0000][478.891s][1][129][trace] GC(81) _eden_chunk_array[226]=0x00000000fa097708
[2025-08-08T15:28:33.244+0000][478.891s][1][129][trace] GC(81) _eden_chunk_array[227]=0x00000000fa0bc180
[2025-08-08T15:28:33.244+0000][478.891s][1][129][trace] GC(81) _eden_chunk_array[228]=0x00000000fa0de9f8
[2025-08-08T15:28:33.244+0000][478.891s][1][129][trace] GC(81) _eden_chunk_array[229]=0x00000000fa13f660
[2025-08-08T15:28:33.244+0000][478.891s][1][129][trace] GC(81) _eden_chunk_array[230]=0x00000000fa173430
[2025-08-08T15:28:33.244+0000][478.891s][1][129][trace] GC(81) _eden_chunk_array[231]=0x00000000fa1a09b8
[2025-08-08T15:28:33.244+0000][478.891s][1][129][trace] GC(81) _eden_chunk_array[232]=0x00000000fa1ca1f8
[2025-08-08T15:28:33.244+0000][478.891s][1][129][trace] GC(81) _eden_chunk_array[233]=0x00000000fa1eb6b0
[2025-08-08T15:28:33.244+0000][478.891s][1][129][trace] GC(81) _eden_chunk_array[234]=0x00000000fa20cb48
[2025-08-08T15:28:33.244+0000][478.891s][1][129][trace] GC(81) _eden_chunk_array[235]=0x00000000fa22e018
[2025-08-08T15:28:33.244+0000][478.891s][1][129][trace] GC(81) _eden_chunk_array[236]=0x00000000fa24f4e8
[2025-08-08T15:28:33.244+0000][478.891s][1][129][trace] GC(81) _eden_chunk_array[237]=0x00000000fa278990
[2025-08-08T15:28:33.244+0000][478.891s][1][129][trace] GC(81) _eden_chunk_array[238]=0x00000000fa299e38
[2025-08-08T15:28:33.244+0000][478.891s][1][129][trace] GC(81) _eden_chunk_array[239]=0x00000000fa2c3690
[2025-08-08T15:28:33.244+0000][478.891s][1][129][trace] GC(81) _eden_chunk_array[240]=0x00000000fa2f3e38
[2025-08-08T15:28:33.244+0000][478.891s][1][129][trace] GC(81) _eden_chunk_array[241]=0x00000000fa3245e0
[2025-08-08T15:28:33.244+0000][478.891s][1][129][trace] GC(81) _eden_chunk_array[242]=0x00000000fa34aeb0
[2025-08-08T15:28:33.244+0000][478.891s][1][129][trace] GC(81) _eden_chunk_array[243]=0x00000000fa374360
[2025-08-08T15:28:33.244+0000][478.891s][1][129][trace] GC(81) _eden_chunk_array[244]=0x00000000fa3e0970
[2025-08-08T15:28:33.244+0000][478.891s][1][129][trace] GC(81) _eden_chunk_array[245]=0x00000000fa414af8
[2025-08-08T15:28:33.244+0000][478.891s][1][129][trace] GC(81) _eden_chunk_array[246]=0x00000000fa43d3d0
[2025-08-08T15:28:33.244+0000][478.891s][1][129][trace] GC(81) _eden_chunk_array[247]=0x00000000fa4615c0
[2025-08-08T15:28:33.244+0000][478.891s][1][129][trace] GC(81) _eden_chunk_array[248]=0x00000000fa4cdb48
[2025-08-08T15:28:33.244+0000][478.891s][1][129][trace] GC(81) _eden_chunk_array[249]=0x00000000fa4f7370
[2025-08-08T15:28:33.244+0000][478.891s][1][129][trace] GC(81) _eden_chunk_array[250]=0x00000000fa5203f0
[2025-08-08T15:28:33.244+0000][478.891s][1][129][trace] GC(81) _eden_chunk_array[251]=0x00000000fa549c38
[2025-08-08T15:28:33.244+0000][478.891s][1][129][trace] GC(81) _eden_chunk_array[252]=0x00000000fa57a3d8
[2025-08-08T15:28:33.244+0000][478.891s][1][129][trace] GC(81) _eden_chunk_array[253]=0x00000000fa5a3c10
[2025-08-08T15:28:33.244+0000][478.891s][1][129][trace] GC(81) _eden_chunk_array[254]=0x00000000fa5d43a0
[2025-08-08T15:28:33.244+0000][478.891s][1][129][trace] GC(81) _eden_chunk_array[255]=0x00000000fa5fdbc8
[2025-08-08T15:28:33.244+0000][478.891s][1][129][trace] GC(81) _eden_chunk_array[256]=0x00000000fa627418
[2025-08-08T15:28:33.244+0000][478.892s][1][129][trace] GC(81) _eden_chunk_array[257]=0x00000000fa64f488
[2025-08-08T15:28:33.244+0000][478.892s][1][129][trace] GC(81) _eden_chunk_array[258]=0x00000000fa67c240
[2025-08-08T15:28:33.244+0000][478.892s][1][129][trace] GC(81) _eden_chunk_array[259]=0x00000000fa6ad1c8
[2025-08-08T15:28:33.244+0000][478.892s][1][129][trace] GC(81) _eden_chunk_array[260]=0x00000000fa6d80d8
[2025-08-08T15:28:33.244+0000][478.892s][1][129][trace] GC(81) _eden_chunk_array[261]=0x00000000fa7002f0
[2025-08-08T15:28:33.244+0000][478.892s][1][129][trace] GC(81) _eden_chunk_array[262]=0x00000000fa738440
[2025-08-08T15:28:33.244+0000][478.892s][1][129][trace] GC(81) _eden_chunk_array[263]=0x00000000fa75d228
[2025-08-08T15:28:33.244+0000][478.892s][1][129][trace] GC(81) _eden_chunk_array[264]=0x00000000fa7cbab8
[2025-08-08T15:28:33.244+0000][478.892s][1][129][trace] GC(81) _eden_chunk_array[265]=0x00000000fa7f9498
[2025-08-08T15:28:33.244+0000][478.892s][1][129][trace] GC(81) _eden_chunk_array[266]=0x00000000fa8267f8
[2025-08-08T15:28:33.244+0000][478.892s][1][129][trace] GC(81) _eden_chunk_array[267]=0x00000000fa889f98
[2025-08-08T15:28:33.244+0000][478.892s][1][129][trace] GC(81) _eden_chunk_array[268]=0x00000000fa8b4048
[2025-08-08T15:28:33.244+0000][478.892s][1][129][trace] GC(81) _eden_chunk_array[269]=0x00000000fa8d4a00
[2025-08-08T15:28:33.244+0000][478.892s][1][129][trace] GC(81) _eden_chunk_array[270]=0x00000000fa8f5a80
[2025-08-08T15:28:33.244+0000][478.892s][1][129][trace] GC(81) _eden_chunk_array[271]=0x00000000fa9247a8
[2025-08-08T15:28:33.244+0000][478.892s][1][129][trace] GC(81) _eden_chunk_array[272]=0x00000000fa951fc8
[2025-08-08T15:28:33.244+0000][478.892s][1][129][trace] GC(81) _eden_chunk_array[273]=0x00000000fa97b808
[2025-08-08T15:28:33.244+0000][478.892s][1][129][trace] GC(81) _eden_chunk_array[274]=0x00000000fa9a8dd8
[2025-08-08T15:28:33.244+0000][478.892s][1][129][trace] GC(81) _eden_chunk_array[275]=0x00000000fa9da118
[2025-08-08T15:28:33.244+0000][478.892s][1][129][trace] GC(81) _eden_chunk_array[276]=0x00000000faa385f0
[2025-08-08T15:28:33.244+0000][478.892s][1][129][trace] GC(81) _eden_chunk_array[277]=0x00000000faa59c50
[2025-08-08T15:28:33.244+0000][478.892s][1][129][trace] GC(81) _eden_chunk_array[278]=0x00000000faacaf90
[2025-08-08T15:28:33.244+0000][478.892s][1][129][trace] GC(81) _eden_chunk_array[279]=0x00000000faafa878
[2025-08-08T15:28:33.244+0000][478.892s][1][129][trace] GC(81) _eden_chunk_array[280]=0x00000000fab2a140
[2025-08-08T15:28:33.244+0000][478.892s][1][129][trace] GC(81) _eden_chunk_array[281]=0x00000000fab599d8
[2025-08-08T15:28:33.244+0000][478.892s][1][129][trace] GC(81) _eden_chunk_array[282]=0x00000000fab83eb0
[2025-08-08T15:28:33.244+0000][478.892s][1][129][trace] GC(81) _eden_chunk_array[283]=0x00000000faba50e8
[2025-08-08T15:28:33.244+0000][478.892s][1][129][trace] GC(81) _eden_chunk_array[284]=0x00000000fabd8038
[2025-08-08T15:28:33.244+0000][478.892s][1][129][trace] GC(81) _eden_chunk_array[285]=0x00000000fac09340
[2025-08-08T15:28:33.244+0000][478.892s][1][129][trace] GC(81) _eden_chunk_array[286]=0x00000000fac36148
[2025-08-08T15:28:33.244+0000][478.892s][1][129][trace] GC(81) _eden_chunk_array[287]=0x00000000fac64b40
[2025-08-08T15:28:33.244+0000][478.892s][1][129][trace] GC(81) _eden_chunk_array[288]=0x00000000fac906c0
[2025-08-08T15:28:33.244+0000][478.892s][1][129][trace] GC(81) _eden_chunk_array[289]=0x00000000facc2a90
[2025-08-08T15:28:33.244+0000][478.892s][1][129][trace] GC(81) _eden_chunk_array[290]=0x00000000fad0b5d8
[2025-08-08T15:28:33.244+0000][478.892s][1][129][trace] GC(81) _eden_chunk_array[291]=0x00000000fad3b740
[2025-08-08T15:28:33.244+0000][478.892s][1][129][trace] GC(81) _eden_chunk_array[292]=0x00000000fad64048
[2025-08-08T15:28:33.244+0000][478.892s][1][129][trace] GC(81) _eden_chunk_array[293]=0x00000000fadb5870
[2025-08-08T15:28:33.244+0000][478.892s][1][129][trace] GC(81) _eden_chunk_array[294]=0x00000000fade2508
[2025-08-08T15:28:33.244+0000][478.892s][1][129][trace] GC(81) _eden_chunk_array[295]=0x00000000fae101b8
[2025-08-08T15:28:33.244+0000][478.892s][1][129][trace] GC(81) _eden_chunk_array[296]=0x00000000fae6a220
[2025-08-08T15:28:33.244+0000][478.892s][1][129][trace] GC(81) _eden_chunk_array[297]=0x00000000fae9d038
[2025-08-08T15:28:33.244+0000][478.892s][1][129][trace] GC(81) _eden_chunk_array[298]=0x00000000faec4668
[2025-08-08T15:28:33.244+0000][478.892s][1][129][trace] GC(81) _eden_chunk_array[299]=0x00000000faef0388
[2025-08-08T15:28:33.244+0000][478.892s][1][129][trace] GC(81) _eden_chunk_array[300]=0x00000000faf1c0e0
[2025-08-08T15:28:33.244+0000][478.892s][1][129][trace] GC(81) _eden_chunk_array[301]=0x00000000faf416b0
[2025-08-08T15:28:33.244+0000][478.892s][1][129][trace] GC(81) _eden_chunk_array[302]=0x00000000faf6d400
[2025-08-08T15:28:33.244+0000][478.892s][1][129][trace] GC(81) _eden_chunk_array[303]=0x00000000faf909d0
[2025-08-08T15:28:33.244+0000][478.892s][1][129][trace] GC(81) _eden_chunk_array[304]=0x00000000fafbc6f0
[2025-08-08T15:28:33.244+0000][478.892s][1][129][trace] GC(81) _eden_chunk_array[305]=0x00000000fafdfcc8
[2025-08-08T15:28:33.244+0000][478.892s][1][129][trace] GC(81) _eden_chunk_array[306]=0x00000000fb03fea8
[2025-08-08T15:28:33.244+0000][478.892s][1][129][trace] GC(81) _eden_chunk_array[307]=0x00000000fb068fc8
[2025-08-08T15:28:33.244+0000][478.892s][1][129][trace] GC(81) _eden_chunk_array[308]=0x00000000fb08c800
[2025-08-08T15:28:33.244+0000][478.892s][1][129][trace] GC(81) _eden_chunk_array[309]=0x00000000fb0b4558
[2025-08-08T15:28:33.244+0000][478.892s][1][129][trace] GC(81) _eden_chunk_array[310]=0x00000000fb110230
[2025-08-08T15:28:33.244+0000][478.892s][1][129][trace] GC(81) _eden_chunk_array[311]=0x00000000fb13b0b8
[2025-08-08T15:28:33.244+0000][478.892s][1][129][trace] GC(81) _eden_chunk_array[312]=0x00000000fb16aa28
[2025-08-08T15:28:33.244+0000][478.892s][1][129][trace] GC(81) _eden_chunk_array[313]=0x00000000fb18d858
[2025-08-08T15:28:33.244+0000][478.892s][1][129][trace] GC(81) _eden_chunk_array[314]=0x00000000fb1b0678
[2025-08-08T15:28:33.244+0000][478.892s][1][129][trace] GC(81) _eden_chunk_array[315]=0x00000000fb1e34d8
[2025-08-08T15:28:33.244+0000][478.892s][1][129][trace] GC(81) _eden_chunk_array[316]=0x00000000fb217f80
[2025-08-08T15:28:33.244+0000][478.892s][1][129][trace] GC(81) _eden_chunk_array[317]=0x00000000fb24e680
[2025-08-08T15:28:33.244+0000][478.892s][1][129][trace] GC(81) _eden_chunk_array[318]=0x00000000fb2b7300
[2025-08-08T15:28:33.244+0000][478.892s][1][129][trace] GC(81) _eden_chunk_array[319]=0x00000000fb2ebdc0
[2025-08-08T15:28:33.244+0000][478.892s][1][129][trace] GC(81) _eden_chunk_array[320]=0x00000000fb359a38
[2025-08-08T15:28:33.244+0000][478.892s][1][129][trace] GC(81) _eden_chunk_array[321]=0x00000000fb37c338
[2025-08-08T15:28:33.244+0000][478.892s][1][129][trace] GC(81) _eden_chunk_array[322]=0x00000000fb3ddb78
[2025-08-08T15:28:33.245+0000][478.892s][1][129][trace] GC(81) _eden_chunk_array[323]=0x00000000fb40e928
[2025-08-08T15:28:33.245+0000][478.892s][1][129][trace] GC(81) _eden_chunk_array[324]=0x00000000fb43d268
[2025-08-08T15:28:33.245+0000][478.892s][1][129][trace] GC(81) _eden_chunk_array[325]=0x00000000fb466300
[2025-08-08T15:28:33.245+0000][478.892s][1][129][trace] GC(81) _eden_chunk_array[326]=0x00000000fb497390
[2025-08-08T15:28:33.245+0000][478.892s][1][129][trace] GC(81) _eden_chunk_array[327]=0x00000000fb4c41a0
[2025-08-08T15:28:33.245+0000][478.892s][1][129][trace] GC(81) _eden_chunk_array[328]=0x00000000fb4f5250
[2025-08-08T15:28:33.245+0000][478.892s][1][129][trace] GC(81) _eden_chunk_array[329]=0x00000000fb51db58
[2025-08-08T15:28:33.245+0000][478.892s][1][129][trace] GC(81) _eden_chunk_array[330]=0x00000000fb546478
[2025-08-08T15:28:33.245+0000][478.892s][1][129][trace] GC(81) _eden_chunk_array[331]=0x00000000fb594bc0
[2025-08-08T15:28:33.245+0000][478.892s][1][129][trace] GC(81) _eden_chunk_array[332]=0x00000000fb5c3578
[2025-08-08T15:28:33.245+0000][478.892s][1][129][trace] GC(81) _eden_chunk_array[333]=0x00000000fb5eb7a8
[2025-08-08T15:28:33.245+0000][478.892s][1][129][trace] GC(81) _eden_chunk_array[334]=0x00000000fb6143a8
[2025-08-08T15:28:33.245+0000][478.892s][1][129][trace] GC(81) _eden_chunk_array[335]=0x00000000fb635f20
[2025-08-08T15:28:33.245+0000][478.892s][1][129][trace] GC(81) _eden_chunk_array[336]=0x00000000fb65efc0
[2025-08-08T15:28:33.245+0000][478.892s][1][129][trace] GC(81) _eden_chunk_array[337]=0x00000000fb6831a8
[2025-08-08T15:28:33.245+0000][478.892s][1][129][trace] GC(81) _eden_chunk_array[338]=0x00000000fb6b2380
[2025-08-08T15:28:33.245+0000][478.892s][1][129][trace] GC(81) _eden_chunk_array[339]=0x00000000fb6e30d8
[2025-08-08T15:28:33.245+0000][478.892s][1][129][trace] GC(81) _eden_chunk_array[340]=0x00000000fb711a90
[2025-08-08T15:28:33.245+0000][478.892s][1][129][trace] GC(81) _eden_chunk_array[341]=0x00000000fb7632b8
[2025-08-08T15:28:33.245+0000][478.892s][1][129][trace] GC(81) _eden_chunk_array[342]=0x00000000fb799c88
[2025-08-08T15:28:33.245+0000][478.892s][1][129][trace] GC(81) _eden_chunk_array[343]=0x00000000fb7c25c8
[2025-08-08T15:28:33.245+0000][478.892s][1][129][trace] GC(81) _eden_chunk_array[344]=0x00000000fb7e32c8
[2025-08-08T15:28:33.245+0000][478.892s][1][129][trace] GC(81) _eden_chunk_array[345]=0x00000000fb831a10
[2025-08-08T15:28:33.245+0000][478.892s][1][129][trace] GC(81) _eden_chunk_array[346]=0x00000000fb853308
[2025-08-08T15:28:33.245+0000][478.892s][1][129][trace] GC(81) _eden_chunk_array[347]=0x00000000fb874cf0
[2025-08-08T15:28:33.245+0000][478.892s][1][129][trace] GC(81) _eden_chunk_array[348]=0x00000000fb89c368
[2025-08-08T15:28:33.245+0000][478.892s][1][129][trace] GC(81) _eden_chunk_array[349]=0x00000000fb8e6d50
[2025-08-08T15:28:33.245+0000][478.892s][1][129][trace] GC(81) _eden_chunk_array[350]=0x00000000fb9174e0
[2025-08-08T15:28:33.245+0000][478.892s][1][129][trace] GC(81) _eden_chunk_array[351]=0x00000000fb956550
[2025-08-08T15:28:33.245+0000][478.892s][1][129][trace] GC(81) _eden_chunk_array[352]=0x00000000fb9bd658
[2025-08-08T15:28:33.245+0000][478.892s][1][129][trace] GC(81) _eden_chunk_array[353]=0x00000000fba082c0
[2025-08-08T15:28:33.245+0000][478.892s][1][129][trace] GC(81) _eden_chunk_array[354]=0x00000000fba6df60
[2025-08-08T15:28:33.245+0000][478.892s][1][129][trace] GC(81) _eden_chunk_array[355]=0x00000000fbaa2a30
[2025-08-08T15:28:33.245+0000][478.892s][1][129][trace] GC(81) _eden_chunk_array[356]=0x00000000fbad74d8
[2025-08-08T15:28:33.245+0000][478.892s][1][129][trace] GC(81) _eden_chunk_array[357]=0x00000000fbb0bf98
[2025-08-08T15:28:33.245+0000][478.892s][1][129][trace] GC(81) _eden_chunk_array[358]=0x00000000fbb40a80
[2025-08-08T15:28:33.245+0000][478.892s][1][129][trace] GC(81) _eden_chunk_array[359]=0x00000000fbb62f08
[2025-08-08T15:28:33.245+0000][478.892s][1][129][trace] GC(81) _eden_chunk_array[360]=0x00000000fbb85970
[2025-08-08T15:28:33.245+0000][478.892s][1][129][trace] GC(81) _eden_chunk_array[361]=0x00000000fbba6c80
[2025-08-08T15:28:33.245+0000][478.892s][1][129][trace] GC(81) _eden_chunk_array[362]=0x00000000fbbd6648
[2025-08-08T15:28:33.245+0000][478.892s][1][129][trace] GC(81) _eden_chunk_array[363]=0x00000000fbc097d8
[2025-08-08T15:28:33.245+0000][478.892s][1][129][trace] GC(81) _eden_chunk_array[364]=0x00000000fbc36d68
[2025-08-08T15:28:33.245+0000][478.892s][1][129][trace] GC(81) _eden_chunk_array[365]=0x00000000fbc64318
[2025-08-08T15:28:33.245+0000][478.892s][1][129][trace] GC(81) _eden_chunk_array[366]=0x00000000fbcb2a90
[2025-08-08T15:28:33.245+0000][478.892s][1][129][trace] GC(81) _eden_chunk_array[367]=0x00000000fbd1cc30
[2025-08-08T15:28:33.245+0000][478.892s][1][129][trace] GC(81) _eden_chunk_array[368]=0x00000000fbd4df30
[2025-08-08T15:28:33.245+0000][478.892s][1][129][trace] GC(81) _eden_chunk_array[369]=0x00000000fbd7f260
[2025-08-08T15:28:33.245+0000][478.892s][1][129][trace] GC(81) _eden_chunk_array[370]=0x00000000fbdb21a0
[2025-08-08T15:28:33.245+0000][478.892s][1][129][trace] GC(81) _eden_chunk_array[371]=0x00000000fbe14d48
[2025-08-08T15:28:33.245+0000][478.892s][1][129][trace] GC(81) _eden_chunk_array[372]=0x00000000fbe374a0
[2025-08-08T15:28:33.245+0000][478.892s][1][129][trace] GC(81) _eden_chunk_array[373]=0x00000000fbe61598
[2025-08-08T15:28:33.245+0000][478.892s][1][129][trace] GC(81) _eden_chunk_array[374]=0x00000000fbe861c8
[2025-08-08T15:28:33.245+0000][478.892s][1][129][trace] GC(81) _eden_chunk_array[375]=0x00000000fbeaf9f8
[2025-08-08T15:28:33.245+0000][478.892s][1][129][trace] GC(81) _eden_chunk_array[376]=0x00000000fbed0e88
[2025-08-08T15:28:33.245+0000][478.892s][1][129][trace] GC(81) _eden_chunk_array[377]=0x00000000fbefe178
[2025-08-08T15:28:33.245+0000][478.892s][1][129][trace] GC(81) _eden_chunk_array[378]=0x00000000fbf69f18
[2025-08-08T15:28:33.245+0000][478.892s][1][129][trace] GC(81) _eden_chunk_array[379]=0x00000000fbf9a5e0
[2025-08-08T15:28:33.245+0000][478.892s][1][129][trace] GC(81) _eden_chunk_array[380]=0x00000000fbfcaca0
[2025-08-08T15:28:33.245+0000][478.892s][1][129][trace] GC(81) _eden_chunk_array[381]=0x00000000fbffb368
[2025-08-08T15:28:33.245+0000][478.892s][1][129][trace] GC(81) _eden_chunk_array[382]=0x00000000fc02ba30
[2025-08-08T15:28:33.245+0000][478.892s][1][129][trace] GC(81) _eden_chunk_array[383]=0x00000000fc05f3a0
[2025-08-08T15:28:33.245+0000][478.892s][1][129][trace] GC(81) survivor 0x00000000fd410000-0x00000000fd410000-0x00000000fe780000(20381696)
[2025-08-08T15:28:33.245+0000][478.892s][1][129][trace] GC(81) _survivor_chunk_index=0, _survivor_chunk_capacity=9952
[2025-08-08T15:28:33.275+0000][478.922s][1][129][info ] GC(81) Pause Initial Mark 141M->141M(180M) 32.008ms
[2025-08-08T15:28:33.275+0000][478.922s][1][129][info ] Leaving safepoint region
[2025-08-08T15:28:33.275+0000][478.922s][1][129][info ] Total time for which application threads were stopped: 0.0327137 seconds, Stopping threads took: 0.0001022 seconds
[2025-08-08T15:28:33.275+0000][478.922s][1][128][info ] GC(81) Concurrent Mark
[2025-08-08T15:28:33.279+0000][478.926s][1][128][info ] GC(81) Concurrent Mark 4.077ms
[2025-08-08T15:28:33.279+0000][478.926s][1][128][info ] GC(81) Concurrent Preclean
[2025-08-08T15:28:33.279+0000][478.926s][1][128][info ] GC(81) Concurrent Preclean 0.225ms
[2025-08-08T15:28:33.279+0000][478.926s][1][128][info ] GC(81) Concurrent Abortable Preclean
[2025-08-08T15:28:33.279+0000][478.926s][1][128][trace] CMS: promo attempt is not safe: available(24) < av_promo(2795291), max_promo(143106624)
[2025-08-08T15:28:33.279+0000][478.927s][1][128][info ] GC(81) Concurrent Abortable Preclean 0.018ms
[2025-08-08T15:28:33.279+0000][478.927s][1][129][info ] Application time: 0.0047212 seconds
[2025-08-08T15:28:33.279+0000][478.927s][1][129][info ] Entering safepoint region: CMS_Final_Remark
[2025-08-08T15:28:33.280+0000][478.927s][1][129][trace] GC(81) eden 0x00000000f3800000-0x00000000fc07a240-0x00000000fd410000(163643392)
[2025-08-08T15:28:33.280+0000][478.927s][1][129][trace] GC(81) _eden_chunk_index=384, _eden_chunk_capacity=11233
[2025-08-08T15:28:33.280+0000][478.927s][1][129][trace] GC(81) _eden_chunk_array[0]=0x00000000f74596b0
[2025-08-08T15:28:33.280+0000][478.927s][1][129][trace] GC(81) _eden_chunk_array[1]=0x00000000f74ac5b8
[2025-08-08T15:28:33.280+0000][478.927s][1][129][trace] GC(81) _eden_chunk_array[2]=0x00000000f74d55e8
[2025-08-08T15:28:33.280+0000][478.927s][1][129][trace] GC(81) _eden_chunk_array[3]=0x00000000f7504058
[2025-08-08T15:28:33.280+0000][478.927s][1][129][trace] GC(81) _eden_chunk_array[4]=0x00000000f7524f88
[2025-08-08T15:28:33.280+0000][478.927s][1][129][trace] GC(81) _eden_chunk_array[5]=0x00000000f754e7c0
[2025-08-08T15:28:33.280+0000][478.927s][1][129][trace] GC(81) _eden_chunk_array[6]=0x00000000f7577fe0
[2025-08-08T15:28:33.280+0000][478.927s][1][129][trace] GC(81) _eden_chunk_array[7]=0x00000000f75a71a8
[2025-08-08T15:28:33.280+0000][478.927s][1][129][trace] GC(81) _eden_chunk_array[8]=0x00000000f75f58d8
[2025-08-08T15:28:33.280+0000][478.927s][1][129][trace] GC(81) _eden_chunk_array[9]=0x00000000f761a640
[2025-08-08T15:28:33.280+0000][478.927s][1][129][trace] GC(81) _eden_chunk_array[10]=0x00000000f76649c8
[2025-08-08T15:28:33.280+0000][478.927s][1][129][trace] GC(81) _eden_chunk_array[11]=0x00000000f76854f8
[2025-08-08T15:28:33.280+0000][478.927s][1][129][trace] GC(81) _eden_chunk_array[12]=0x00000000f76d4790
[2025-08-08T15:28:33.280+0000][478.927s][1][129][trace] GC(81) _eden_chunk_array[13]=0x00000000f7704f20
[2025-08-08T15:28:33.280+0000][478.927s][1][129][trace] GC(81) _eden_chunk_array[14]=0x00000000f7751bd0
[2025-08-08T15:28:33.280+0000][478.927s][1][129][trace] GC(81) _eden_chunk_array[15]=0x00000000f777a4b0
[2025-08-08T15:28:33.280+0000][478.927s][1][129][trace] GC(81) _eden_chunk_array[16]=0x00000000f77a4c70
[2025-08-08T15:28:33.280+0000][478.927s][1][129][trace] GC(81) _eden_chunk_array[17]=0x00000000f7810a48
[2025-08-08T15:28:33.280+0000][478.927s][1][129][trace] GC(81) _eden_chunk_array[18]=0x00000000f78454f8
[2025-08-08T15:28:33.280+0000][478.927s][1][129][trace] GC(81) _eden_chunk_array[19]=0x00000000f7879fb0
[2025-08-08T15:28:33.280+0000][478.927s][1][129][trace] GC(81) _eden_chunk_array[20]=0x00000000f78aea98
[2025-08-08T15:28:33.280+0000][478.927s][1][129][trace] GC(81) _eden_chunk_array[21]=0x00000000f78d8f40
[2025-08-08T15:28:33.280+0000][478.927s][1][129][trace] GC(81) _eden_chunk_array[22]=0x00000000f79059a8
[2025-08-08T15:28:33.280+0000][478.927s][1][129][trace] GC(81) _eden_chunk_array[23]=0x00000000f7968da8
[2025-08-08T15:28:33.280+0000][478.927s][1][129][trace] GC(81) _eden_chunk_array[24]=0x00000000f79891e8
[2025-08-08T15:28:33.280+0000][478.927s][1][129][trace] GC(81) _eden_chunk_array[25]=0x00000000f79b18e8
[2025-08-08T15:28:33.280+0000][478.927s][1][129][trace] GC(81) _eden_chunk_array[26]=0x00000000f79d1ad8
[2025-08-08T15:28:33.280+0000][478.927s][1][129][trace] GC(81) _eden_chunk_array[27]=0x00000000f7a16618
[2025-08-08T15:28:33.280+0000][478.927s][1][129][trace] GC(81) _eden_chunk_array[28]=0x00000000f7a46d00
[2025-08-08T15:28:33.280+0000][478.927s][1][129][trace] GC(81) _eden_chunk_array[29]=0x00000000f7a8fd38
[2025-08-08T15:28:33.280+0000][478.927s][1][129][trace] GC(81) _eden_chunk_array[30]=0x00000000f7ad8d90
[2025-08-08T15:28:33.280+0000][478.927s][1][129][trace] GC(81) _eden_chunk_array[31]=0x00000000f7b2a5c0
[2025-08-08T15:28:33.280+0000][478.927s][1][129][trace] GC(81) _eden_chunk_array[32]=0x00000000f7b87ac8
[2025-08-08T15:28:33.280+0000][478.927s][1][129][trace] GC(81) _eden_chunk_array[33]=0x00000000f7bad890
[2025-08-08T15:28:33.280+0000][478.927s][1][129][trace] GC(81) _eden_chunk_array[34]=0x00000000f7bce290
[2025-08-08T15:28:33.280+0000][478.927s][1][129][trace] GC(81) _eden_chunk_array[35]=0x00000000f7bef940
[2025-08-08T15:28:33.280+0000][478.927s][1][129][trace] GC(81) _eden_chunk_array[36]=0x00000000f7c20f50
[2025-08-08T15:28:33.280+0000][478.927s][1][129][trace] GC(81) _eden_chunk_array[37]=0x00000000f7c53e40
[2025-08-08T15:28:33.280+0000][478.927s][1][129][trace] GC(81) _eden_chunk_array[38]=0x00000000f7c79888
[2025-08-08T15:28:33.280+0000][478.927s][1][129][trace] GC(81) _eden_chunk_array[39]=0x00000000f7c9ea88
[2025-08-08T15:28:33.280+0000][478.927s][1][129][trace] GC(81) _eden_chunk_array[40]=0x00000000f7cc3cb8
[2025-08-08T15:28:33.280+0000][478.927s][1][129][trace] GC(81) _eden_chunk_array[41]=0x00000000f7ceaaa0
[2025-08-08T15:28:33.280+0000][478.927s][1][129][trace] GC(81) _eden_chunk_array[42]=0x00000000f7d0b440
[2025-08-08T15:28:33.280+0000][478.927s][1][129][trace] GC(81) _eden_chunk_array[43]=0x00000000f7d30640
[2025-08-08T15:28:33.280+0000][478.927s][1][129][trace] GC(81) _eden_chunk_array[44]=0x00000000f7d9da90
[2025-08-08T15:28:33.280+0000][478.927s][1][129][trace] GC(81) _eden_chunk_array[45]=0x00000000f7dd09f8
[2025-08-08T15:28:33.280+0000][478.927s][1][129][trace] GC(81) _eden_chunk_array[46]=0x00000000f7df56f0
[2025-08-08T15:28:33.280+0000][478.927s][1][129][trace] GC(81) _eden_chunk_array[47]=0x00000000f7e1ad98
[2025-08-08T15:28:33.280+0000][478.927s][1][129][trace] GC(81) _eden_chunk_array[48]=0x00000000f7e88158
[2025-08-08T15:28:33.280+0000][478.927s][1][129][trace] GC(81) _eden_chunk_array[49]=0x00000000f7eb0348
[2025-08-08T15:28:33.280+0000][478.927s][1][129][trace] GC(81) _eden_chunk_array[50]=0x00000000f7ed5e98
[2025-08-08T15:28:33.280+0000][478.927s][1][129][trace] GC(81) _eden_chunk_array[51]=0x00000000f7f02cb8
[2025-08-08T15:28:33.280+0000][478.927s][1][129][trace] GC(81) _eden_chunk_array[52]=0x00000000f7f29820
[2025-08-08T15:28:33.280+0000][478.927s][1][129][trace] GC(81) _eden_chunk_array[53]=0x00000000f7f50380
[2025-08-08T15:28:33.280+0000][478.927s][1][129][trace] GC(81) _eden_chunk_array[54]=0x00000000f7f78570
[2025-08-08T15:28:33.280+0000][478.927s][1][129][trace] GC(81) _eden_chunk_array[55]=0x00000000f7f9f118
[2025-08-08T15:28:33.280+0000][478.927s][1][129][trace] GC(81) _eden_chunk_array[56]=0x00000000f7fd1398
[2025-08-08T15:28:33.280+0000][478.927s][1][129][trace] GC(81) _eden_chunk_array[57]=0x00000000f7ff15f0
[2025-08-08T15:28:33.280+0000][478.927s][1][129][trace] GC(81) _eden_chunk_array[58]=0x00000000f8021d80
[2025-08-08T15:28:33.280+0000][478.927s][1][129][trace] GC(81) _eden_chunk_array[59]=0x00000000f8052520
[2025-08-08T15:28:33.280+0000][478.927s][1][129][trace] GC(81) _eden_chunk_array[60]=0x00000000f8078698
[2025-08-08T15:28:33.280+0000][478.927s][1][129][trace] GC(81) _eden_chunk_array[61]=0x00000000f809e8f8
[2025-08-08T15:28:33.280+0000][478.927s][1][129][trace] GC(81) _eden_chunk_array[62]=0x00000000f80c9470
[2025-08-08T15:28:33.280+0000][478.927s][1][129][trace] GC(81) _eden_chunk_array[63]=0x00000000f8101478
[2025-08-08T15:28:33.280+0000][478.927s][1][129][trace] GC(81) _eden_chunk_array[64]=0x00000000f8128fa8
[2025-08-08T15:28:33.280+0000][478.927s][1][129][trace] GC(81) _eden_chunk_array[65]=0x00000000f81516c0
[2025-08-08T15:28:33.280+0000][478.927s][1][129][trace] GC(81) _eden_chunk_array[66]=0x00000000f81bc790
[2025-08-08T15:28:33.280+0000][478.927s][1][129][trace] GC(81) _eden_chunk_array[67]=0x00000000f821fae0
[2025-08-08T15:28:33.280+0000][478.927s][1][129][trace] GC(81) _eden_chunk_array[68]=0x00000000f8245540
[2025-08-08T15:28:33.280+0000][478.927s][1][129][trace] GC(81) _eden_chunk_array[69]=0x00000000f826afc0
[2025-08-08T15:28:33.280+0000][478.927s][1][129][trace] GC(81) _eden_chunk_array[70]=0x00000000f82909f8
[2025-08-08T15:28:33.280+0000][478.927s][1][129][trace] GC(81) _eden_chunk_array[71]=0x00000000f82b6460
[2025-08-08T15:28:33.280+0000][478.927s][1][129][trace] GC(81) _eden_chunk_array[72]=0x00000000f82dbef0
[2025-08-08T15:28:33.280+0000][478.927s][1][129][trace] GC(81) _eden_chunk_array[73]=0x00000000f8301998
[2025-08-08T15:28:33.280+0000][478.927s][1][129][trace] GC(81) _eden_chunk_array[74]=0x00000000f83398c8
[2025-08-08T15:28:33.280+0000][478.927s][1][129][trace] GC(81) _eden_chunk_array[75]=0x00000000f835b020
[2025-08-08T15:28:33.280+0000][478.927s][1][129][trace] GC(81) _eden_chunk_array[76]=0x00000000f8381080
[2025-08-08T15:28:33.280+0000][478.927s][1][129][trace] GC(81) _eden_chunk_array[77]=0x00000000f83daa10
[2025-08-08T15:28:33.280+0000][478.927s][1][129][trace] GC(81) _eden_chunk_array[78]=0x00000000f8409a80
[2025-08-08T15:28:33.280+0000][478.927s][1][129][trace] GC(81) _eden_chunk_array[79]=0x00000000f842d588
[2025-08-08T15:28:33.280+0000][478.927s][1][129][trace] GC(81) _eden_chunk_array[80]=0x00000000f8485750
[2025-08-08T15:28:33.280+0000][478.927s][1][129][trace] GC(81) _eden_chunk_array[81]=0x00000000f84b3020
[2025-08-08T15:28:33.280+0000][478.927s][1][129][trace] GC(81) _eden_chunk_array[82]=0x00000000f84db8f8
[2025-08-08T15:28:33.280+0000][478.927s][1][129][trace] GC(81) _eden_chunk_array[83]=0x00000000f850c098
[2025-08-08T15:28:33.280+0000][478.927s][1][129][trace] GC(81) _eden_chunk_array[84]=0x00000000f8534970
[2025-08-08T15:28:33.280+0000][478.927s][1][129][trace] GC(81) _eden_chunk_array[85]=0x00000000f8565110
[2025-08-08T15:28:33.280+0000][478.927s][1][129][trace] GC(81) _eden_chunk_array[86]=0x00000000f85b6928
[2025-08-08T15:28:33.280+0000][478.927s][1][129][trace] GC(81) _eden_chunk_array[87]=0x00000000f85df230
[2025-08-08T15:28:33.280+0000][478.927s][1][129][trace] GC(81) _eden_chunk_array[88]=0x00000000f8607b20
[2025-08-08T15:28:33.280+0000][478.927s][1][129][trace] GC(81) _eden_chunk_array[89]=0x00000000f862e828
[2025-08-08T15:28:33.280+0000][478.927s][1][129][trace] GC(81) _eden_chunk_array[90]=0x00000000f8653490
[2025-08-08T15:28:33.280+0000][478.927s][1][129][trace] GC(81) _eden_chunk_array[91]=0x00000000f8674438
[2025-08-08T15:28:33.280+0000][478.927s][1][129][trace] GC(81) _eden_chunk_array[92]=0x00000000f869b2d8
[2025-08-08T15:28:33.280+0000][478.927s][1][129][trace] GC(81) _eden_chunk_array[93]=0x00000000f86bfc78
[2025-08-08T15:28:33.280+0000][478.927s][1][129][trace] GC(81) _eden_chunk_array[94]=0x00000000f86e6630
[2025-08-08T15:28:33.280+0000][478.927s][1][129][trace] GC(81) _eden_chunk_array[95]=0x00000000f871a5d0
[2025-08-08T15:28:33.280+0000][478.927s][1][129][trace] GC(81) _eden_chunk_array[96]=0x00000000f87464f8
[2025-08-08T15:28:33.280+0000][478.927s][1][129][trace] GC(81) _eden_chunk_array[97]=0x00000000f877af98
[2025-08-08T15:28:33.280+0000][478.927s][1][129][trace] GC(81) _eden_chunk_array[98]=0x00000000f87e6d28
[2025-08-08T15:28:33.280+0000][478.927s][1][129][trace] GC(81) _eden_chunk_array[99]=0x00000000f88174d0
[2025-08-08T15:28:33.280+0000][478.927s][1][129][trace] GC(81) _eden_chunk_array[100]=0x00000000f884bfe0
[2025-08-08T15:28:33.280+0000][478.927s][1][129][trace] GC(81) _eden_chunk_array[101]=0x00000000f8880a90
[2025-08-08T15:28:33.280+0000][478.927s][1][129][trace] GC(81) _eden_chunk_array[102]=0x00000000f88a8fa0
[2025-08-08T15:28:33.280+0000][478.927s][1][129][trace] GC(81) _eden_chunk_array[103]=0x00000000f88ca4d8
[2025-08-08T15:28:33.280+0000][478.927s][1][129][trace] GC(81) _eden_chunk_array[104]=0x00000000f88f0e68
[2025-08-08T15:28:33.280+0000][478.927s][1][129][trace] GC(81) _eden_chunk_array[105]=0x00000000f8914998
[2025-08-08T15:28:33.280+0000][478.927s][1][129][trace] GC(81) _eden_chunk_array[106]=0x00000000f8943b50
[2025-08-08T15:28:33.280+0000][478.927s][1][129][trace] GC(81) _eden_chunk_array[107]=0x00000000f8967d68
[2025-08-08T15:28:33.280+0000][478.927s][1][129][trace] GC(81) _eden_chunk_array[108]=0x00000000f8991360
[2025-08-08T15:28:33.280+0000][478.927s][1][129][trace] GC(81) _eden_chunk_array[109]=0x00000000f89b7ec0
[2025-08-08T15:28:33.280+0000][478.927s][1][129][trace] GC(81) _eden_chunk_array[110]=0x00000000f89deaa8
[2025-08-08T15:28:33.280+0000][478.927s][1][129][trace] GC(81) _eden_chunk_array[111]=0x00000000f8a01e48
[2025-08-08T15:28:33.280+0000][478.927s][1][129][trace] GC(81) _eden_chunk_array[112]=0x00000000f8a289a8
[2025-08-08T15:28:33.280+0000][478.927s][1][129][trace] GC(81) _eden_chunk_array[113]=0x00000000f8a4f518
[2025-08-08T15:28:33.280+0000][478.927s][1][129][trace] GC(81) _eden_chunk_array[114]=0x00000000f8a9dc58
[2025-08-08T15:28:33.280+0000][478.927s][1][129][trace] GC(81) _eden_chunk_array[115]=0x00000000f8ac4d88
[2025-08-08T15:28:33.280+0000][478.927s][1][129][trace] GC(81) _eden_chunk_array[116]=0x00000000f8aebd28
[2025-08-08T15:28:33.280+0000][478.927s][1][129][trace] GC(81) _eden_chunk_array[117]=0x00000000f8b48a38
[2025-08-08T15:28:33.280+0000][478.927s][1][129][trace] GC(81) _eden_chunk_array[118]=0x00000000f8b6d790
[2025-08-08T15:28:33.280+0000][478.927s][1][129][trace] GC(81) _eden_chunk_array[119]=0x00000000f8b911e8
[2025-08-08T15:28:33.280+0000][478.927s][1][129][trace] GC(81) _eden_chunk_array[120]=0x00000000f8bef900
[2025-08-08T15:28:33.280+0000][478.927s][1][129][trace] GC(81) _eden_chunk_array[121]=0x00000000f8c335d8
[2025-08-08T15:28:33.280+0000][478.927s][1][129][trace] GC(81) _eden_chunk_array[122]=0x00000000f8c8e5a0
[2025-08-08T15:28:33.280+0000][478.928s][1][129][trace] GC(81) _eden_chunk_array[123]=0x00000000f8caff78
[2025-08-08T15:28:33.280+0000][478.928s][1][129][trace] GC(81) _eden_chunk_array[124]=0x00000000f8cdd530
[2025-08-08T15:28:33.280+0000][478.928s][1][129][trace] GC(81) _eden_chunk_array[125]=0x00000000f8d08b20
[2025-08-08T15:28:33.280+0000][478.928s][1][129][trace] GC(81) _eden_chunk_array[126]=0x00000000f8d3f138
[2025-08-08T15:28:33.280+0000][478.928s][1][129][trace] GC(81) _eden_chunk_array[127]=0x00000000f8daaec8
[2025-08-08T15:28:33.280+0000][478.928s][1][129][trace] GC(81) _eden_chunk_array[128]=0x00000000f8ddf970
[2025-08-08T15:28:33.280+0000][478.928s][1][129][trace] GC(81) _eden_chunk_array[129]=0x00000000f8e14438
[2025-08-08T15:28:33.280+0000][478.928s][1][129][trace] GC(81) _eden_chunk_array[130]=0x00000000f8e36208
[2025-08-08T15:28:33.280+0000][478.928s][1][129][trace] GC(81) _eden_chunk_array[131]=0x00000000f8e60288
[2025-08-08T15:28:33.280+0000][478.928s][1][129][trace] GC(81) _eden_chunk_array[132]=0x00000000f8eace78
[2025-08-08T15:28:33.280+0000][478.928s][1][129][trace] GC(81) _eden_chunk_array[133]=0x00000000f8ee1548
[2025-08-08T15:28:33.280+0000][478.928s][1][129][trace] GC(81) _eden_chunk_array[134]=0x00000000f8f07f38
[2025-08-08T15:28:33.280+0000][478.928s][1][129][trace] GC(81) _eden_chunk_array[135]=0x00000000f8f3d1f8
[2025-08-08T15:28:33.280+0000][478.928s][1][129][trace] GC(81) _eden_chunk_array[136]=0x00000000f8f6c388
[2025-08-08T15:28:33.280+0000][478.928s][1][129][trace] GC(81) _eden_chunk_array[137]=0x00000000f8f9b4f0
[2025-08-08T15:28:33.280+0000][478.928s][1][129][trace] GC(81) _eden_chunk_array[138]=0x00000000f8fd1ce8
[2025-08-08T15:28:33.280+0000][478.928s][1][129][trace] GC(81) _eden_chunk_array[139]=0x00000000f9000e68
[2025-08-08T15:28:33.280+0000][478.928s][1][129][trace] GC(81) _eden_chunk_array[140]=0x00000000f902ffd0
[2025-08-08T15:28:33.280+0000][478.928s][1][129][trace] GC(81) _eden_chunk_array[141]=0x00000000f9064aa0
[2025-08-08T15:28:33.280+0000][478.928s][1][129][trace] GC(81) _eden_chunk_array[142]=0x00000000f90b31d8
[2025-08-08T15:28:33.280+0000][478.928s][1][129][trace] GC(81) _eden_chunk_array[143]=0x00000000f90da820
[2025-08-08T15:28:33.280+0000][478.928s][1][129][trace] GC(81) _eden_chunk_array[144]=0x00000000f9101ba0
[2025-08-08T15:28:33.280+0000][478.928s][1][129][trace] GC(81) _eden_chunk_array[145]=0x00000000f912f280
[2025-08-08T15:28:33.280+0000][478.928s][1][129][trace] GC(81) _eden_chunk_array[146]=0x00000000f9189620
[2025-08-08T15:28:33.280+0000][478.928s][1][129][trace] GC(81) _eden_chunk_array[147]=0x00000000f91bd578
[2025-08-08T15:28:33.280+0000][478.928s][1][129][trace] GC(81) _eden_chunk_array[148]=0x00000000f91e7e78
[2025-08-08T15:28:33.280+0000][478.928s][1][129][trace] GC(81) _eden_chunk_array[149]=0x00000000f924aa20
[2025-08-08T15:28:33.280+0000][478.928s][1][129][trace] GC(81) _eden_chunk_array[150]=0x00000000f9272000
[2025-08-08T15:28:33.280+0000][478.928s][1][129][trace] GC(81) _eden_chunk_array[151]=0x00000000f9297998
[2025-08-08T15:28:33.280+0000][478.928s][1][129][trace] GC(81) _eden_chunk_array[152]=0x00000000f92c8138
[2025-08-08T15:28:33.280+0000][478.928s][1][129][trace] GC(81) _eden_chunk_array[153]=0x00000000f92edaa0
[2025-08-08T15:28:33.280+0000][478.928s][1][129][trace] GC(81) _eden_chunk_array[154]=0x00000000f9313428
[2025-08-08T15:28:33.280+0000][478.928s][1][129][trace] GC(81) _eden_chunk_array[155]=0x00000000f9338dc8
[2025-08-08T15:28:33.280+0000][478.928s][1][129][trace] GC(81) _eden_chunk_array[156]=0x00000000f935e778
[2025-08-08T15:28:33.280+0000][478.928s][1][129][trace] GC(81) _eden_chunk_array[157]=0x00000000f9387c48
[2025-08-08T15:28:33.280+0000][478.928s][1][129][trace] GC(81) _eden_chunk_array[158]=0x00000000f93b50b8
[2025-08-08T15:28:33.280+0000][478.928s][1][129][trace] GC(81) _eden_chunk_array[159]=0x00000000f93da618
[2025-08-08T15:28:33.280+0000][478.928s][1][129][trace] GC(81) _eden_chunk_array[160]=0x00000000f9417650
[2025-08-08T15:28:33.280+0000][478.928s][1][129][trace] GC(81) _eden_chunk_array[161]=0x00000000f943acc8
[2025-08-08T15:28:33.280+0000][478.928s][1][129][trace] GC(81) _eden_chunk_array[162]=0x00000000f9464500
[2025-08-08T15:28:33.280+0000][478.928s][1][129][trace] GC(81) _eden_chunk_array[163]=0x00000000f948e178
[2025-08-08T15:28:33.280+0000][478.928s][1][129][trace] GC(81) _eden_chunk_array[164]=0x00000000f94b8238
[2025-08-08T15:28:33.280+0000][478.928s][1][129][trace] GC(81) _eden_chunk_array[165]=0x00000000f95197e8
[2025-08-08T15:28:33.280+0000][478.928s][1][129][trace] GC(81) _eden_chunk_array[166]=0x00000000f9542118
[2025-08-08T15:28:33.280+0000][478.928s][1][129][trace] GC(81) _eden_chunk_array[167]=0x00000000f9567aa0
[2025-08-08T15:28:33.280+0000][478.928s][1][129][trace] GC(81) _eden_chunk_array[168]=0x00000000f9591b48
[2025-08-08T15:28:33.280+0000][478.928s][1][129][trace] GC(81) _eden_chunk_array[169]=0x00000000f95bbc00
[2025-08-08T15:28:33.280+0000][478.928s][1][129][trace] GC(81) _eden_chunk_array[170]=0x00000000f95e5cc0
[2025-08-08T15:28:33.280+0000][478.928s][1][129][trace] GC(81) _eden_chunk_array[171]=0x00000000f960fd68
[2025-08-08T15:28:33.280+0000][478.928s][1][129][trace] GC(81) _eden_chunk_array[172]=0x00000000f965e498
[2025-08-08T15:28:33.280+0000][478.928s][1][129][trace] GC(81) _eden_chunk_array[173]=0x00000000f9681860
[2025-08-08T15:28:33.280+0000][478.928s][1][129][trace] GC(81) _eden_chunk_array[174]=0x00000000f96a4070
[2025-08-08T15:28:33.280+0000][478.928s][1][129][trace] GC(81) _eden_chunk_array[175]=0x00000000f96c6188
[2025-08-08T15:28:33.280+0000][478.928s][1][129][trace] GC(81) _eden_chunk_array[176]=0x00000000f96f0fd8
[2025-08-08T15:28:33.280+0000][478.928s][1][129][trace] GC(81) _eden_chunk_array[177]=0x00000000f9713e68
[2025-08-08T15:28:33.280+0000][478.928s][1][129][trace] GC(81) _eden_chunk_array[178]=0x00000000f97368f0
[2025-08-08T15:28:33.280+0000][478.928s][1][129][trace] GC(81) _eden_chunk_array[179]=0x00000000f9759728
[2025-08-08T15:28:33.280+0000][478.928s][1][129][trace] GC(81) _eden_chunk_array[180]=0x00000000f977aab8
[2025-08-08T15:28:33.280+0000][478.928s][1][129][trace] GC(81) _eden_chunk_array[181]=0x00000000f979d8d8
[2025-08-08T15:28:33.280+0000][478.928s][1][129][trace] GC(81) _eden_chunk_array[182]=0x00000000f97c8718
[2025-08-08T15:28:33.280+0000][478.928s][1][129][trace] GC(81) _eden_chunk_array[183]=0x00000000f97f4440
[2025-08-08T15:28:33.280+0000][478.928s][1][129][trace] GC(81) _eden_chunk_array[184]=0x00000000f981db60
[2025-08-08T15:28:33.280+0000][478.928s][1][129][trace] GC(81) _eden_chunk_array[185]=0x00000000f9849888
[2025-08-08T15:28:33.280+0000][478.928s][1][129][trace] GC(81) _eden_chunk_array[186]=0x00000000f98b8410
[2025-08-08T15:28:33.281+0000][478.928s][1][129][trace] GC(81) _eden_chunk_array[187]=0x00000000f98ec3e8
[2025-08-08T15:28:33.281+0000][478.928s][1][129][trace] GC(81) _eden_chunk_array[188]=0x00000000f990dc78
[2025-08-08T15:28:33.281+0000][478.928s][1][129][trace] GC(81) _eden_chunk_array[189]=0x00000000f9932348
[2025-08-08T15:28:33.281+0000][478.928s][1][129][trace] GC(81) _eden_chunk_array[190]=0x00000000f99892b8
[2025-08-08T15:28:33.281+0000][478.928s][1][129][trace] GC(81) _eden_chunk_array[191]=0x00000000f99d5db8
[2025-08-08T15:28:33.281+0000][478.928s][1][129][trace] GC(81) _eden_chunk_array[192]=0x00000000f9a070a8
[2025-08-08T15:28:33.281+0000][478.928s][1][129][trace] GC(81) _eden_chunk_array[193]=0x00000000f9a308c8
[2025-08-08T15:28:33.281+0000][478.928s][1][129][trace] GC(81) _eden_chunk_array[194]=0x00000000f9a5a0f8
[2025-08-08T15:28:33.281+0000][478.928s][1][129][trace] GC(81) _eden_chunk_array[195]=0x00000000f9a83938
[2025-08-08T15:28:33.281+0000][478.928s][1][129][trace] GC(81) _eden_chunk_array[196]=0x00000000f9aad178
[2025-08-08T15:28:33.281+0000][478.928s][1][129][trace] GC(81) _eden_chunk_array[197]=0x00000000f9ad69a8
[2025-08-08T15:28:33.281+0000][478.928s][1][129][trace] GC(81) _eden_chunk_array[198]=0x00000000f9b03f40
[2025-08-08T15:28:33.281+0000][478.928s][1][129][trace] GC(81) _eden_chunk_array[199]=0x00000000f9b55758
[2025-08-08T15:28:33.281+0000][478.928s][1][129][trace] GC(81) _eden_chunk_array[200]=0x00000000f9b80550
[2025-08-08T15:28:33.281+0000][478.928s][1][129][trace] GC(81) _eden_chunk_array[201]=0x00000000f9ba7690
[2025-08-08T15:28:33.281+0000][478.928s][1][129][trace] GC(81) _eden_chunk_array[202]=0x00000000f9bc7910
[2025-08-08T15:28:33.281+0000][478.928s][1][129][trace] GC(81) _eden_chunk_array[203]=0x00000000f9c25260
[2025-08-08T15:28:33.281+0000][478.928s][1][129][trace] GC(81) _eden_chunk_array[204]=0x00000000f9c48830
[2025-08-08T15:28:33.281+0000][478.928s][1][129][trace] GC(81) _eden_chunk_array[205]=0x00000000f9c6f7f0
[2025-08-08T15:28:33.281+0000][478.928s][1][129][trace] GC(81) _eden_chunk_array[206]=0x00000000f9ca42a8
[2025-08-08T15:28:33.281+0000][478.928s][1][129][trace] GC(81) _eden_chunk_array[207]=0x00000000f9cd9558
[2025-08-08T15:28:33.281+0000][478.928s][1][129][trace] GC(81) _eden_chunk_array[208]=0x00000000f9d0e830
[2025-08-08T15:28:33.281+0000][478.928s][1][129][trace] GC(81) _eden_chunk_array[209]=0x00000000f9d38af8
[2025-08-08T15:28:33.281+0000][478.928s][1][129][trace] GC(81) _eden_chunk_array[210]=0x00000000f9d6ddd0
[2025-08-08T15:28:33.281+0000][478.928s][1][129][trace] GC(81) _eden_chunk_array[211]=0x00000000f9dd3018
[2025-08-08T15:28:33.281+0000][478.928s][1][129][trace] GC(81) _eden_chunk_array[212]=0x00000000f9df8f90
[2025-08-08T15:28:33.281+0000][478.928s][1][129][trace] GC(81) _eden_chunk_array[213]=0x00000000f9e19990
[2025-08-08T15:28:33.281+0000][478.928s][1][129][trace] GC(81) _eden_chunk_array[214]=0x00000000f9e3a3a0
[2025-08-08T15:28:33.281+0000][478.928s][1][129][trace] GC(81) _eden_chunk_array[215]=0x00000000f9e88c58
[2025-08-08T15:28:33.281+0000][478.928s][1][129][trace] GC(81) _eden_chunk_array[216]=0x00000000f9eae350
[2025-08-08T15:28:33.281+0000][478.928s][1][129][trace] GC(81) _eden_chunk_array[217]=0x00000000f9ed1930
[2025-08-08T15:28:33.281+0000][478.928s][1][129][trace] GC(81) _eden_chunk_array[218]=0x00000000f9ef8f10
[2025-08-08T15:28:33.281+0000][478.928s][1][129][trace] GC(81) _eden_chunk_array[219]=0x00000000f9f29f98
[2025-08-08T15:28:33.281+0000][478.928s][1][129][trace] GC(81) _eden_chunk_array[220]=0x00000000f9f5a8a0
[2025-08-08T15:28:33.281+0000][478.928s][1][129][trace] GC(81) _eden_chunk_array[221]=0x00000000f9f7c660
[2025-08-08T15:28:33.281+0000][478.928s][1][129][trace] GC(81) _eden_chunk_array[222]=0x00000000f9face00
[2025-08-08T15:28:33.281+0000][478.928s][1][129][trace] GC(81) _eden_chunk_array[223]=0x00000000f9ff7b10
[2025-08-08T15:28:33.281+0000][478.928s][1][129][trace] GC(81) _eden_chunk_array[224]=0x00000000fa02c5f8
[2025-08-08T15:28:33.281+0000][478.928s][1][129][trace] GC(81) _eden_chunk_array[225]=0x00000000fa062c58
[2025-08-08T15:28:33.281+0000][478.928s][1][129][trace] GC(81) _eden_chunk_array[226]=0x00000000fa097708
[2025-08-08T15:28:33.281+0000][478.928s][1][129][trace] GC(81) _eden_chunk_array[227]=0x00000000fa0bc180
[2025-08-08T15:28:33.281+0000][478.928s][1][129][trace] GC(81) _eden_chunk_array[228]=0x00000000fa0de9f8
[2025-08-08T15:28:33.281+0000][478.928s][1][129][trace] GC(81) _eden_chunk_array[229]=0x00000000fa13f660
[2025-08-08T15:28:33.281+0000][478.928s][1][129][trace] GC(81) _eden_chunk_array[230]=0x00000000fa173430
[2025-08-08T15:28:33.281+0000][478.928s][1][129][trace] GC(81) _eden_chunk_array[231]=0x00000000fa1a09b8
[2025-08-08T15:28:33.281+0000][478.928s][1][129][trace] GC(81) _eden_chunk_array[232]=0x00000000fa1ca1f8
[2025-08-08T15:28:33.281+0000][478.928s][1][129][trace] GC(81) _eden_chunk_array[233]=0x00000000fa1eb6b0
[2025-08-08T15:28:33.281+0000][478.928s][1][129][trace] GC(81) _eden_chunk_array[234]=0x00000000fa20cb48
[2025-08-08T15:28:33.281+0000][478.928s][1][129][trace] GC(81) _eden_chunk_array[235]=0x00000000fa22e018
[2025-08-08T15:28:33.281+0000][478.928s][1][129][trace] GC(81) _eden_chunk_array[236]=0x00000000fa24f4e8
[2025-08-08T15:28:33.281+0000][478.928s][1][129][trace] GC(81) _eden_chunk_array[237]=0x00000000fa278990
[2025-08-08T15:28:33.281+0000][478.928s][1][129][trace] GC(81) _eden_chunk_array[238]=0x00000000fa299e38
[2025-08-08T15:28:33.281+0000][478.928s][1][129][trace] GC(81) _eden_chunk_array[239]=0x00000000fa2c3690
[2025-08-08T15:28:33.281+0000][478.928s][1][129][trace] GC(81) _eden_chunk_array[240]=0x00000000fa2f3e38
[2025-08-08T15:28:33.281+0000][478.928s][1][129][trace] GC(81) _eden_chunk_array[241]=0x00000000fa3245e0
[2025-08-08T15:28:33.281+0000][478.928s][1][129][trace] GC(81) _eden_chunk_array[242]=0x00000000fa34aeb0
[2025-08-08T15:28:33.281+0000][478.928s][1][129][trace] GC(81) _eden_chunk_array[243]=0x00000000fa374360
[2025-08-08T15:28:33.281+0000][478.928s][1][129][trace] GC(81) _eden_chunk_array[244]=0x00000000fa3e0970
[2025-08-08T15:28:33.281+0000][478.928s][1][129][trace] GC(81) _eden_chunk_array[245]=0x00000000fa414af8
[2025-08-08T15:28:33.281+0000][478.928s][1][129][trace] GC(81) _eden_chunk_array[246]=0x00000000fa43d3d0
[2025-08-08T15:28:33.281+0000][478.928s][1][129][trace] GC(81) _eden_chunk_array[247]=0x00000000fa4615c0
[2025-08-08T15:28:33.281+0000][478.928s][1][129][trace] GC(81) _eden_chunk_array[248]=0x00000000fa4cdb48
[2025-08-08T15:28:33.281+0000][478.928s][1][129][trace] GC(81) _eden_chunk_array[249]=0x00000000fa4f7370
[2025-08-08T15:28:33.281+0000][478.928s][1][129][trace] GC(81) _eden_chunk_array[250]=0x00000000fa5203f0
[2025-08-08T15:28:33.281+0000][478.928s][1][129][trace] GC(81) _eden_chunk_array[251]=0x00000000fa549c38
[2025-08-08T15:28:33.281+0000][478.928s][1][129][trace] GC(81) _eden_chunk_array[252]=0x00000000fa57a3d8
[2025-08-08T15:28:33.281+0000][478.928s][1][129][trace] GC(81) _eden_chunk_array[253]=0x00000000fa5a3c10
[2025-08-08T15:28:33.281+0000][478.928s][1][129][trace] GC(81) _eden_chunk_array[254]=0x00000000fa5d43a0
[2025-08-08T15:28:33.281+0000][478.928s][1][129][trace] GC(81) _eden_chunk_array[255]=0x00000000fa5fdbc8
[2025-08-08T15:28:33.281+0000][478.928s][1][129][trace] GC(81) _eden_chunk_array[256]=0x00000000fa627418
[2025-08-08T15:28:33.281+0000][478.928s][1][129][trace] GC(81) _eden_chunk_array[257]=0x00000000fa64f488
[2025-08-08T15:28:33.281+0000][478.928s][1][129][trace] GC(81) _eden_chunk_array[258]=0x00000000fa67c240
[2025-08-08T15:28:33.281+0000][478.928s][1][129][trace] GC(81) _eden_chunk_array[259]=0x00000000fa6ad1c8
[2025-08-08T15:28:33.281+0000][478.928s][1][129][trace] GC(81) _eden_chunk_array[260]=0x00000000fa6d80d8
[2025-08-08T15:28:33.281+0000][478.928s][1][129][trace] GC(81) _eden_chunk_array[261]=0x00000000fa7002f0
[2025-08-08T15:28:33.281+0000][478.928s][1][129][trace] GC(81) _eden_chunk_array[262]=0x00000000fa738440
[2025-08-08T15:28:33.281+0000][478.928s][1][129][trace] GC(81) _eden_chunk_array[263]=0x00000000fa75d228
[2025-08-08T15:28:33.281+0000][478.928s][1][129][trace] GC(81) _eden_chunk_array[264]=0x00000000fa7cbab8
[2025-08-08T15:28:33.281+0000][478.928s][1][129][trace] GC(81) _eden_chunk_array[265]=0x00000000fa7f9498
[2025-08-08T15:28:33.281+0000][478.928s][1][129][trace] GC(81) _eden_chunk_array[266]=0x00000000fa8267f8
[2025-08-08T15:28:33.281+0000][478.928s][1][129][trace] GC(81) _eden_chunk_array[267]=0x00000000fa889f98
[2025-08-08T15:28:33.281+0000][478.928s][1][129][trace] GC(81) _eden_chunk_array[268]=0x00000000fa8b4048
[2025-08-08T15:28:33.281+0000][478.928s][1][129][trace] GC(81) _eden_chunk_array[269]=0x00000000fa8d4a00
[2025-08-08T15:28:33.281+0000][478.928s][1][129][trace] GC(81) _eden_chunk_array[270]=0x00000000fa8f5a80
[2025-08-08T15:28:33.281+0000][478.928s][1][129][trace] GC(81) _eden_chunk_array[271]=0x00000000fa9247a8
[2025-08-08T15:28:33.281+0000][478.928s][1][129][trace] GC(81) _eden_chunk_array[272]=0x00000000fa951fc8
[2025-08-08T15:28:33.281+0000][478.928s][1][129][trace] GC(81) _eden_chunk_array[273]=0x00000000fa97b808
[2025-08-08T15:28:33.281+0000][478.928s][1][129][trace] GC(81) _eden_chunk_array[274]=0x00000000fa9a8dd8
[2025-08-08T15:28:33.281+0000][478.928s][1][129][trace] GC(81) _eden_chunk_array[275]=0x00000000fa9da118
[2025-08-08T15:28:33.281+0000][478.928s][1][129][trace] GC(81) _eden_chunk_array[276]=0x00000000faa385f0
[2025-08-08T15:28:33.281+0000][478.928s][1][129][trace] GC(81) _eden_chunk_array[277]=0x00000000faa59c50
[2025-08-08T15:28:33.281+0000][478.928s][1][129][trace] GC(81) _eden_chunk_array[278]=0x00000000faacaf90
[2025-08-08T15:28:33.281+0000][478.928s][1][129][trace] GC(81) _eden_chunk_array[279]=0x00000000faafa878
[2025-08-08T15:28:33.281+0000][478.928s][1][129][trace] GC(81) _eden_chunk_array[280]=0x00000000fab2a140
[2025-08-08T15:28:33.281+0000][478.928s][1][129][trace] GC(81) _eden_chunk_array[281]=0x00000000fab599d8
[2025-08-08T15:28:33.281+0000][478.928s][1][129][trace] GC(81) _eden_chunk_array[282]=0x00000000fab83eb0
[2025-08-08T15:28:33.281+0000][478.928s][1][129][trace] GC(81) _eden_chunk_array[283]=0x00000000faba50e8
[2025-08-08T15:28:33.281+0000][478.928s][1][129][trace] GC(81) _eden_chunk_array[284]=0x00000000fabd8038
[2025-08-08T15:28:33.281+0000][478.928s][1][129][trace] GC(81) _eden_chunk_array[285]=0x00000000fac09340
[2025-08-08T15:28:33.281+0000][478.928s][1][129][trace] GC(81) _eden_chunk_array[286]=0x00000000fac36148
[2025-08-08T15:28:33.281+0000][478.928s][1][129][trace] GC(81) _eden_chunk_array[287]=0x00000000fac64b40
[2025-08-08T15:28:33.281+0000][478.928s][1][129][trace] GC(81) _eden_chunk_array[288]=0x00000000fac906c0
[2025-08-08T15:28:33.281+0000][478.928s][1][129][trace] GC(81) _eden_chunk_array[289]=0x00000000facc2a90
[2025-08-08T15:28:33.281+0000][478.928s][1][129][trace] GC(81) _eden_chunk_array[290]=0x00000000fad0b5d8
[2025-08-08T15:28:33.281+0000][478.928s][1][129][trace] GC(81) _eden_chunk_array[291]=0x00000000fad3b740
[2025-08-08T15:28:33.281+0000][478.928s][1][129][trace] GC(81) _eden_chunk_array[292]=0x00000000fad64048
[2025-08-08T15:28:33.281+0000][478.928s][1][129][trace] GC(81) _eden_chunk_array[293]=0x00000000fadb5870
[2025-08-08T15:28:33.281+0000][478.928s][1][129][trace] GC(81) _eden_chunk_array[294]=0x00000000fade2508
[2025-08-08T15:28:33.281+0000][478.928s][1][129][trace] GC(81) _eden_chunk_array[295]=0x00000000fae101b8
[2025-08-08T15:28:33.281+0000][478.928s][1][129][trace] GC(81) _eden_chunk_array[296]=0x00000000fae6a220
[2025-08-08T15:28:33.281+0000][478.928s][1][129][trace] GC(81) _eden_chunk_array[297]=0x00000000fae9d038
[2025-08-08T15:28:33.281+0000][478.928s][1][129][trace] GC(81) _eden_chunk_array[298]=0x00000000faec4668
[2025-08-08T15:28:33.281+0000][478.928s][1][129][trace] GC(81) _eden_chunk_array[299]=0x00000000faef0388
[2025-08-08T15:28:33.281+0000][478.928s][1][129][trace] GC(81) _eden_chunk_array[300]=0x00000000faf1c0e0
[2025-08-08T15:28:33.281+0000][478.928s][1][129][trace] GC(81) _eden_chunk_array[301]=0x00000000faf416b0
[2025-08-08T15:28:33.281+0000][478.928s][1][129][trace] GC(81) _eden_chunk_array[302]=0x00000000faf6d400
[2025-08-08T15:28:33.281+0000][478.928s][1][129][trace] GC(81) _eden_chunk_array[303]=0x00000000faf909d0
[2025-08-08T15:28:33.281+0000][478.928s][1][129][trace] GC(81) _eden_chunk_array[304]=0x00000000fafbc6f0
[2025-08-08T15:28:33.281+0000][478.928s][1][129][trace] GC(81) _eden_chunk_array[305]=0x00000000fafdfcc8
[2025-08-08T15:28:33.281+0000][478.928s][1][129][trace] GC(81) _eden_chunk_array[306]=0x00000000fb03fea8
[2025-08-08T15:28:33.281+0000][478.928s][1][129][trace] GC(81) _eden_chunk_array[307]=0x00000000fb068fc8
[2025-08-08T15:28:33.281+0000][478.928s][1][129][trace] GC(81) _eden_chunk_array[308]=0x00000000fb08c800
[2025-08-08T15:28:33.281+0000][478.928s][1][129][trace] GC(81) _eden_chunk_array[309]=0x00000000fb0b4558
[2025-08-08T15:28:33.281+0000][478.928s][1][129][trace] GC(81) _eden_chunk_array[310]=0x00000000fb110230
[2025-08-08T15:28:33.281+0000][478.928s][1][129][trace] GC(81) _eden_chunk_array[311]=0x00000000fb13b0b8
[2025-08-08T15:28:33.281+0000][478.928s][1][129][trace] GC(81) _eden_chunk_array[312]=0x00000000fb16aa28
[2025-08-08T15:28:33.281+0000][478.928s][1][129][trace] GC(81) _eden_chunk_array[313]=0x00000000fb18d858
[2025-08-08T15:28:33.281+0000][478.928s][1][129][trace] GC(81) _eden_chunk_array[314]=0x00000000fb1b0678
[2025-08-08T15:28:33.281+0000][478.928s][1][129][trace] GC(81) _eden_chunk_array[315]=0x00000000fb1e34d8
[2025-08-08T15:28:33.281+0000][478.928s][1][129][trace] GC(81) _eden_chunk_array[316]=0x00000000fb217f80
[2025-08-08T15:28:33.281+0000][478.928s][1][129][trace] GC(81) _eden_chunk_array[317]=0x00000000fb24e680
[2025-08-08T15:28:33.281+0000][478.928s][1][129][trace] GC(81) _eden_chunk_array[318]=0x00000000fb2b7300
[2025-08-08T15:28:33.281+0000][478.928s][1][129][trace] GC(81) _eden_chunk_array[319]=0x00000000fb2ebdc0
[2025-08-08T15:28:33.281+0000][478.928s][1][129][trace] GC(81) _eden_chunk_array[320]=0x00000000fb359a38
[2025-08-08T15:28:33.281+0000][478.928s][1][129][trace] GC(81) _eden_chunk_array[321]=0x00000000fb37c338
[2025-08-08T15:28:33.281+0000][478.928s][1][129][trace] GC(81) _eden_chunk_array[322]=0x00000000fb3ddb78
[2025-08-08T15:28:33.281+0000][478.928s][1][129][trace] GC(81) _eden_chunk_array[323]=0x00000000fb40e928
[2025-08-08T15:28:33.281+0000][478.928s][1][129][trace] GC(81) _eden_chunk_array[324]=0x00000000fb43d268
[2025-08-08T15:28:33.281+0000][478.929s][1][129][trace] GC(81) _eden_chunk_array[325]=0x00000000fb466300
[2025-08-08T15:28:33.281+0000][478.929s][1][129][trace] GC(81) _eden_chunk_array[326]=0x00000000fb497390
[2025-08-08T15:28:33.281+0000][478.929s][1][129][trace] GC(81) _eden_chunk_array[327]=0x00000000fb4c41a0
[2025-08-08T15:28:33.281+0000][478.929s][1][129][trace] GC(81) _eden_chunk_array[328]=0x00000000fb4f5250
[2025-08-08T15:28:33.281+0000][478.929s][1][129][trace] GC(81) _eden_chunk_array[329]=0x00000000fb51db58
[2025-08-08T15:28:33.281+0000][478.929s][1][129][trace] GC(81) _eden_chunk_array[330]=0x00000000fb546478
[2025-08-08T15:28:33.281+0000][478.929s][1][129][trace] GC(81) _eden_chunk_array[331]=0x00000000fb594bc0
[2025-08-08T15:28:33.281+0000][478.929s][1][129][trace] GC(81) _eden_chunk_array[332]=0x00000000fb5c3578
[2025-08-08T15:28:33.281+0000][478.929s][1][129][trace] GC(81) _eden_chunk_array[333]=0x00000000fb5eb7a8
[2025-08-08T15:28:33.281+0000][478.929s][1][129][trace] GC(81) _eden_chunk_array[334]=0x00000000fb6143a8
[2025-08-08T15:28:33.281+0000][478.929s][1][129][trace] GC(81) _eden_chunk_array[335]=0x00000000fb635f20
[2025-08-08T15:28:33.281+0000][478.929s][1][129][trace] GC(81) _eden_chunk_array[336]=0x00000000fb65efc0
[2025-08-08T15:28:33.281+0000][478.929s][1][129][trace] GC(81) _eden_chunk_array[337]=0x00000000fb6831a8
[2025-08-08T15:28:33.281+0000][478.929s][1][129][trace] GC(81) _eden_chunk_array[338]=0x00000000fb6b2380
[2025-08-08T15:28:33.281+0000][478.929s][1][129][trace] GC(81) _eden_chunk_array[339]=0x00000000fb6e30d8
[2025-08-08T15:28:33.281+0000][478.929s][1][129][trace] GC(81) _eden_chunk_array[340]=0x00000000fb711a90
[2025-08-08T15:28:33.281+0000][478.929s][1][129][trace] GC(81) _eden_chunk_array[341]=0x00000000fb7632b8
[2025-08-08T15:28:33.281+0000][478.929s][1][129][trace] GC(81) _eden_chunk_array[342]=0x00000000fb799c88
[2025-08-08T15:28:33.281+0000][478.929s][1][129][trace] GC(81) _eden_chunk_array[343]=0x00000000fb7c25c8
[2025-08-08T15:28:33.281+0000][478.929s][1][129][trace] GC(81) _eden_chunk_array[344]=0x00000000fb7e32c8
[2025-08-08T15:28:33.281+0000][478.929s][1][129][trace] GC(81) _eden_chunk_array[345]=0x00000000fb831a10
[2025-08-08T15:28:33.281+0000][478.929s][1][129][trace] GC(81) _eden_chunk_array[346]=0x00000000fb853308
[2025-08-08T15:28:33.281+0000][478.929s][1][129][trace] GC(81) _eden_chunk_array[347]=0x00000000fb874cf0
[2025-08-08T15:28:33.281+0000][478.929s][1][129][trace] GC(81) _eden_chunk_array[348]=0x00000000fb89c368
[2025-08-08T15:28:33.281+0000][478.929s][1][129][trace] GC(81) _eden_chunk_array[349]=0x00000000fb8e6d50
[2025-08-08T15:28:33.281+0000][478.929s][1][129][trace] GC(81) _eden_chunk_array[350]=0x00000000fb9174e0
[2025-08-08T15:28:33.281+0000][478.929s][1][129][trace] GC(81) _eden_chunk_array[351]=0x00000000fb956550
[2025-08-08T15:28:33.281+0000][478.929s][1][129][trace] GC(81) _eden_chunk_array[352]=0x00000000fb9bd658
[2025-08-08T15:28:33.281+0000][478.929s][1][129][trace] GC(81) _eden_chunk_array[353]=0x00000000fba082c0
[2025-08-08T15:28:33.281+0000][478.929s][1][129][trace] GC(81) _eden_chunk_array[354]=0x00000000fba6df60
[2025-08-08T15:28:33.281+0000][478.929s][1][129][trace] GC(81) _eden_chunk_array[355]=0x00000000fbaa2a30
[2025-08-08T15:28:33.281+0000][478.929s][1][129][trace] GC(81) _eden_chunk_array[356]=0x00000000fbad74d8
[2025-08-08T15:28:33.281+0000][478.929s][1][129][trace] GC(81) _eden_chunk_array[357]=0x00000000fbb0bf98
[2025-08-08T15:28:33.281+0000][478.929s][1][129][trace] GC(81) _eden_chunk_array[358]=0x00000000fbb40a80
[2025-08-08T15:28:33.281+0000][478.929s][1][129][trace] GC(81) _eden_chunk_array[359]=0x00000000fbb62f08
[2025-08-08T15:28:33.281+0000][478.929s][1][129][trace] GC(81) _eden_chunk_array[360]=0x00000000fbb85970
[2025-08-08T15:28:33.281+0000][478.929s][1][129][trace] GC(81) _eden_chunk_array[361]=0x00000000fbba6c80
[2025-08-08T15:28:33.281+0000][478.929s][1][129][trace] GC(81) _eden_chunk_array[362]=0x00000000fbbd6648
[2025-08-08T15:28:33.281+0000][478.929s][1][129][trace] GC(81) _eden_chunk_array[363]=0x00000000fbc097d8
[2025-08-08T15:28:33.281+0000][478.929s][1][129][trace] GC(81) _eden_chunk_array[364]=0x00000000fbc36d68
[2025-08-08T15:28:33.281+0000][478.929s][1][129][trace] GC(81) _eden_chunk_array[365]=0x00000000fbc64318
[2025-08-08T15:28:33.281+0000][478.929s][1][129][trace] GC(81) _eden_chunk_array[366]=0x00000000fbcb2a90
[2025-08-08T15:28:33.281+0000][478.929s][1][129][trace] GC(81) _eden_chunk_array[367]=0x00000000fbd1cc30
[2025-08-08T15:28:33.281+0000][478.929s][1][129][trace] GC(81) _eden_chunk_array[368]=0x00000000fbd4df30
[2025-08-08T15:28:33.281+0000][478.929s][1][129][trace] GC(81) _eden_chunk_array[369]=0x00000000fbd7f260
[2025-08-08T15:28:33.281+0000][478.929s][1][129][trace] GC(81) _eden_chunk_array[370]=0x00000000fbdb21a0
[2025-08-08T15:28:33.281+0000][478.929s][1][129][trace] GC(81) _eden_chunk_array[371]=0x00000000fbe14d48
[2025-08-08T15:28:33.281+0000][478.929s][1][129][trace] GC(81) _eden_chunk_array[372]=0x00000000fbe374a0
[2025-08-08T15:28:33.281+0000][478.929s][1][129][trace] GC(81) _eden_chunk_array[373]=0x00000000fbe61598
[2025-08-08T15:28:33.281+0000][478.929s][1][129][trace] GC(81) _eden_chunk_array[374]=0x00000000fbe861c8
[2025-08-08T15:28:33.281+0000][478.929s][1][129][trace] GC(81) _eden_chunk_array[375]=0x00000000fbeaf9f8
[2025-08-08T15:28:33.281+0000][478.929s][1][129][trace] GC(81) _eden_chunk_array[376]=0x00000000fbed0e88
[2025-08-08T15:28:33.281+0000][478.929s][1][129][trace] GC(81) _eden_chunk_array[377]=0x00000000fbefe178
[2025-08-08T15:28:33.281+0000][478.929s][1][129][trace] GC(81) _eden_chunk_array[378]=0x00000000fbf69f18
[2025-08-08T15:28:33.281+0000][478.929s][1][129][trace] GC(81) _eden_chunk_array[379]=0x00000000fbf9a5e0
[2025-08-08T15:28:33.281+0000][478.929s][1][129][trace] GC(81) _eden_chunk_array[380]=0x00000000fbfcaca0
[2025-08-08T15:28:33.281+0000][478.929s][1][129][trace] GC(81) _eden_chunk_array[381]=0x00000000fbffb368
[2025-08-08T15:28:33.281+0000][478.929s][1][129][trace] GC(81) _eden_chunk_array[382]=0x00000000fc02ba30
[2025-08-08T15:28:33.281+0000][478.929s][1][129][trace] GC(81) _eden_chunk_array[383]=0x00000000fc05f3a0
[2025-08-08T15:28:33.281+0000][478.929s][1][129][trace] GC(81) survivor 0x00000000fd410000-0x00000000fd410000-0x00000000fe780000(20381696)
[2025-08-08T15:28:33.281+0000][478.929s][1][129][trace] GC(81) _survivor_chunk_index=0, _survivor_chunk_capacity=9952
[2025-08-08T15:28:33.330+0000][478.977s][1][129][info ] GC(81) Pause Remark 141M->141M(180M) 50.202ms
[2025-08-08T15:28:33.330+0000][478.977s][1][129][info ] Leaving safepoint region
[2025-08-08T15:28:33.330+0000][478.977s][1][129][info ] Total time for which application threads were stopped: 0.0505211 seconds, Stopping threads took: 0.0000365 seconds
[2025-08-08T15:28:33.330+0000][478.977s][1][128][info ] GC(81) Concurrent Sweep
[2025-08-08T15:28:33.332+0000][478.979s][1][128][info ] GC(81) Concurrent Sweep 1.770ms
[2025-08-08T15:28:33.332+0000][478.979s][1][128][info ] GC(81) Concurrent Reset
[2025-08-08T15:28:33.332+0000][478.979s][1][128][info ] GC(81) Concurrent Reset 0.017ms
[2025-08-08T15:28:33.332+0000][478.979s][1][128][info ] GC(81) Old: 5183K->5183K(5184K)
[2025-08-08T15:28:35.331+0000][480.978s][1][129][info ] Application time: 2.0010917 seconds
[2025-08-08T15:28:35.331+0000][480.978s][1][129][info ] Entering safepoint region: Cleanup
[2025-08-08T15:28:35.331+0000][480.978s][1][129][info ] Leaving safepoint region
[2025-08-08T15:28:35.331+0000][480.978s][1][129][info ] Total time for which application threads were stopped: 0.0001460 seconds, Stopping threads took: 0.0000206 seconds
[2025-08-08T15:28:38.333+0000][483.980s][1][129][info ] Application time: 3.0015238 seconds
[2025-08-08T15:28:38.333+0000][483.980s][1][129][info ] Entering safepoint region: Cleanup
[2025-08-08T15:28:38.333+0000][483.980s][1][129][info ] Leaving safepoint region
[2025-08-08T15:28:38.333+0000][483.980s][1][129][info ] Total time for which application threads were stopped: 0.0002607 seconds, Stopping threads took: 0.0000448 seconds
[2025-08-08T15:28:40.334+0000][485.982s][1][129][info ] Application time: 2.0014249 seconds
[2025-08-08T15:28:40.335+0000][485.982s][1][129][info ] Entering safepoint region: Cleanup
[2025-08-08T15:28:40.335+0000][485.982s][1][129][info ] Leaving safepoint region
[2025-08-08T15:28:40.335+0000][485.982s][1][129][info ] Total time for which application threads were stopped: 0.0002984 seconds, Stopping threads took: 0.0000696 seconds
[2025-08-08T15:28:41.335+0000][486.982s][1][129][info ] Application time: 1.0001814 seconds
[2025-08-08T15:28:41.335+0000][486.982s][1][129][info ] Entering safepoint region: Cleanup
[2025-08-08T15:28:41.335+0000][486.983s][1][129][info ] Leaving safepoint region
[2025-08-08T15:28:41.335+0000][486.983s][1][129][info ] Total time for which application threads were stopped: 0.0002219 seconds, Stopping threads took: 0.0000345 seconds
[2025-08-08T15:28:42.336+0000][487.983s][1][129][info ] Application time: 1.0002595 seconds
[2025-08-08T15:28:42.336+0000][487.983s][1][129][info ] Entering safepoint region: Cleanup
[2025-08-08T15:28:42.336+0000][487.983s][1][129][info ] Leaving safepoint region
[2025-08-08T15:28:42.336+0000][487.983s][1][129][info ] Total time for which application threads were stopped: 0.0001898 seconds, Stopping threads took: 0.0000335 seconds
[2025-08-08T15:28:43.333+0000][488.980s][1][129][info ] Application time: 0.9972049 seconds
[2025-08-08T15:28:43.333+0000][488.980s][1][129][info ] Entering safepoint region: CMS_Initial_Mark
[2025-08-08T15:28:43.333+0000][488.981s][1][129][trace] GC(82) eden 0x00000000f3800000-0x00000000fcb5a4a8-0x00000000fd410000(163643392)
[2025-08-08T15:28:43.333+0000][488.981s][1][129][trace] GC(82) _eden_chunk_index=440, _eden_chunk_capacity=11233
[2025-08-08T15:28:43.333+0000][488.981s][1][129][trace] GC(82) _eden_chunk_array[0]=0x00000000f74596b0
[2025-08-08T15:28:43.333+0000][488.981s][1][129][trace] GC(82) _eden_chunk_array[1]=0x00000000f74ac5b8
[2025-08-08T15:28:43.333+0000][488.981s][1][129][trace] GC(82) _eden_chunk_array[2]=0x00000000f74d55e8
[2025-08-08T15:28:43.333+0000][488.981s][1][129][trace] GC(82) _eden_chunk_array[3]=0x00000000f7504058
[2025-08-08T15:28:43.333+0000][488.981s][1][129][trace] GC(82) _eden_chunk_array[4]=0x00000000f7524f88
[2025-08-08T15:28:43.333+0000][488.981s][1][129][trace] GC(82) _eden_chunk_array[5]=0x00000000f754e7c0
[2025-08-08T15:28:43.333+0000][488.981s][1][129][trace] GC(82) _eden_chunk_array[6]=0x00000000f7577fe0
[2025-08-08T15:28:43.333+0000][488.981s][1][129][trace] GC(82) _eden_chunk_array[7]=0x00000000f75a71a8
[2025-08-08T15:28:43.333+0000][488.981s][1][129][trace] GC(82) _eden_chunk_array[8]=0x00000000f75f58d8
[2025-08-08T15:28:43.333+0000][488.981s][1][129][trace] GC(82) _eden_chunk_array[9]=0x00000000f761a640
[2025-08-08T15:28:43.333+0000][488.981s][1][129][trace] GC(82) _eden_chunk_array[10]=0x00000000f76649c8
[2025-08-08T15:28:43.333+0000][488.981s][1][129][trace] GC(82) _eden_chunk_array[11]=0x00000000f76854f8
[2025-08-08T15:28:43.333+0000][488.981s][1][129][trace] GC(82) _eden_chunk_array[12]=0x00000000f76d4790
[2025-08-08T15:28:43.333+0000][488.981s][1][129][trace] GC(82) _eden_chunk_array[13]=0x00000000f7704f20
[2025-08-08T15:28:43.333+0000][488.981s][1][129][trace] GC(82) _eden_chunk_array[14]=0x00000000f7751bd0
[2025-08-08T15:28:43.333+0000][488.981s][1][129][trace] GC(82) _eden_chunk_array[15]=0x00000000f777a4b0
[2025-08-08T15:28:43.333+0000][488.981s][1][129][trace] GC(82) _eden_chunk_array[16]=0x00000000f77a4c70
[2025-08-08T15:28:43.333+0000][488.981s][1][129][trace] GC(82) _eden_chunk_array[17]=0x00000000f7810a48
[2025-08-08T15:28:43.333+0000][488.981s][1][129][trace] GC(82) _eden_chunk_array[18]=0x00000000f78454f8
[2025-08-08T15:28:43.333+0000][488.981s][1][129][trace] GC(82) _eden_chunk_array[19]=0x00000000f7879fb0
[2025-08-08T15:28:43.333+0000][488.981s][1][129][trace] GC(82) _eden_chunk_array[20]=0x00000000f78aea98
[2025-08-08T15:28:43.333+0000][488.981s][1][129][trace] GC(82) _eden_chunk_array[21]=0x00000000f78d8f40
[2025-08-08T15:28:43.333+0000][488.981s][1][129][trace] GC(82) _eden_chunk_array[22]=0x00000000f79059a8
[2025-08-08T15:28:43.333+0000][488.981s][1][129][trace] GC(82) _eden_chunk_array[23]=0x00000000f7968da8
[2025-08-08T15:28:43.333+0000][488.981s][1][129][trace] GC(82) _eden_chunk_array[24]=0x00000000f79891e8
[2025-08-08T15:28:43.333+0000][488.981s][1][129][trace] GC(82) _eden_chunk_array[25]=0x00000000f79b18e8
[2025-08-08T15:28:43.333+0000][488.981s][1][129][trace] GC(82) _eden_chunk_array[26]=0x00000000f79d1ad8
[2025-08-08T15:28:43.333+0000][488.981s][1][129][trace] GC(82) _eden_chunk_array[27]=0x00000000f7a16618
[2025-08-08T15:28:43.333+0000][488.981s][1][129][trace] GC(82) _eden_chunk_array[28]=0x00000000f7a46d00
[2025-08-08T15:28:43.333+0000][488.981s][1][129][trace] GC(82) _eden_chunk_array[29]=0x00000000f7a8fd38
[2025-08-08T15:28:43.333+0000][488.981s][1][129][trace] GC(82) _eden_chunk_array[30]=0x00000000f7ad8d90
[2025-08-08T15:28:43.333+0000][488.981s][1][129][trace] GC(82) _eden_chunk_array[31]=0x00000000f7b2a5c0
[2025-08-08T15:28:43.333+0000][488.981s][1][129][trace] GC(82) _eden_chunk_array[32]=0x00000000f7b87ac8
[2025-08-08T15:28:43.333+0000][488.981s][1][129][trace] GC(82) _eden_chunk_array[33]=0x00000000f7bad890
[2025-08-08T15:28:43.333+0000][488.981s][1][129][trace] GC(82) _eden_chunk_array[34]=0x00000000f7bce290
[2025-08-08T15:28:43.334+0000][488.981s][1][129][trace] GC(82) _eden_chunk_array[35]=0x00000000f7bef940
[2025-08-08T15:28:43.334+0000][488.981s][1][129][trace] GC(82) _eden_chunk_array[36]=0x00000000f7c20f50
[2025-08-08T15:28:43.334+0000][488.981s][1][129][trace] GC(82) _eden_chunk_array[37]=0x00000000f7c53e40
[2025-08-08T15:28:43.334+0000][488.981s][1][129][trace] GC(82) _eden_chunk_array[38]=0x00000000f7c79888
[2025-08-08T15:28:43.334+0000][488.981s][1][129][trace] GC(82) _eden_chunk_array[39]=0x00000000f7c9ea88
[2025-08-08T15:28:43.334+0000][488.981s][1][129][trace] GC(82) _eden_chunk_array[40]=0x00000000f7cc3cb8
[2025-08-08T15:28:43.334+0000][488.981s][1][129][trace] GC(82) _eden_chunk_array[41]=0x00000000f7ceaaa0
[2025-08-08T15:28:43.334+0000][488.981s][1][129][trace] GC(82) _eden_chunk_array[42]=0x00000000f7d0b440
[2025-08-08T15:28:43.334+0000][488.981s][1][129][trace] GC(82) _eden_chunk_array[43]=0x00000000f7d30640
[2025-08-08T15:28:43.334+0000][488.981s][1][129][trace] GC(82) _eden_chunk_array[44]=0x00000000f7d9da90
[2025-08-08T15:28:43.334+0000][488.981s][1][129][trace] GC(82) _eden_chunk_array[45]=0x00000000f7dd09f8
[2025-08-08T15:28:43.334+0000][488.981s][1][129][trace] GC(82) _eden_chunk_array[46]=0x00000000f7df56f0
[2025-08-08T15:28:43.334+0000][488.981s][1][129][trace] GC(82) _eden_chunk_array[47]=0x00000000f7e1ad98
[2025-08-08T15:28:43.334+0000][488.981s][1][129][trace] GC(82) _eden_chunk_array[48]=0x00000000f7e88158
[2025-08-08T15:28:43.334+0000][488.981s][1][129][trace] GC(82) _eden_chunk_array[49]=0x00000000f7eb0348
[2025-08-08T15:28:43.334+0000][488.981s][1][129][trace] GC(82) _eden_chunk_array[50]=0x00000000f7ed5e98
[2025-08-08T15:28:43.334+0000][488.981s][1][129][trace] GC(82) _eden_chunk_array[51]=0x00000000f7f02cb8
[2025-08-08T15:28:43.334+0000][488.981s][1][129][trace] GC(82) _eden_chunk_array[52]=0x00000000f7f29820
[2025-08-08T15:28:43.334+0000][488.981s][1][129][trace] GC(82) _eden_chunk_array[53]=0x00000000f7f50380
[2025-08-08T15:28:43.334+0000][488.981s][1][129][trace] GC(82) _eden_chunk_array[54]=0x00000000f7f78570
[2025-08-08T15:28:43.334+0000][488.981s][1][129][trace] GC(82) _eden_chunk_array[55]=0x00000000f7f9f118
[2025-08-08T15:28:43.334+0000][488.981s][1][129][trace] GC(82) _eden_chunk_array[56]=0x00000000f7fd1398
[2025-08-08T15:28:43.334+0000][488.981s][1][129][trace] GC(82) _eden_chunk_array[57]=0x00000000f7ff15f0
[2025-08-08T15:28:43.334+0000][488.981s][1][129][trace] GC(82) _eden_chunk_array[58]=0x00000000f8021d80
[2025-08-08T15:28:43.334+0000][488.981s][1][129][trace] GC(82) _eden_chunk_array[59]=0x00000000f8052520
[2025-08-08T15:28:43.334+0000][488.981s][1][129][trace] GC(82) _eden_chunk_array[60]=0x00000000f8078698
[2025-08-08T15:28:43.334+0000][488.981s][1][129][trace] GC(82) _eden_chunk_array[61]=0x00000000f809e8f8
[2025-08-08T15:28:43.334+0000][488.981s][1][129][trace] GC(82) _eden_chunk_array[62]=0x00000000f80c9470
[2025-08-08T15:28:43.334+0000][488.981s][1][129][trace] GC(82) _eden_chunk_array[63]=0x00000000f8101478
[2025-08-08T15:28:43.334+0000][488.981s][1][129][trace] GC(82) _eden_chunk_array[64]=0x00000000f8128fa8
[2025-08-08T15:28:43.334+0000][488.981s][1][129][trace] GC(82) _eden_chunk_array[65]=0x00000000f81516c0
[2025-08-08T15:28:43.334+0000][488.981s][1][129][trace] GC(82) _eden_chunk_array[66]=0x00000000f81bc790
[2025-08-08T15:28:43.334+0000][488.981s][1][129][trace] GC(82) _eden_chunk_array[67]=0x00000000f821fae0
[2025-08-08T15:28:43.334+0000][488.981s][1][129][trace] GC(82) _eden_chunk_array[68]=0x00000000f8245540
[2025-08-08T15:28:43.334+0000][488.981s][1][129][trace] GC(82) _eden_chunk_array[69]=0x00000000f826afc0
[2025-08-08T15:28:43.334+0000][488.981s][1][129][trace] GC(82) _eden_chunk_array[70]=0x00000000f82909f8
[2025-08-08T15:28:43.334+0000][488.981s][1][129][trace] GC(82) _eden_chunk_array[71]=0x00000000f82b6460
[2025-08-08T15:28:43.334+0000][488.981s][1][129][trace] GC(82) _eden_chunk_array[72]=0x00000000f82dbef0
[2025-08-08T15:28:43.334+0000][488.981s][1][129][trace] GC(82) _eden_chunk_array[73]=0x00000000f8301998
[2025-08-08T15:28:43.334+0000][488.981s][1][129][trace] GC(82) _eden_chunk_array[74]=0x00000000f83398c8
[2025-08-08T15:28:43.334+0000][488.981s][1][129][trace] GC(82) _eden_chunk_array[75]=0x00000000f835b020
[2025-08-08T15:28:43.334+0000][488.981s][1][129][trace] GC(82) _eden_chunk_array[76]=0x00000000f8381080
[2025-08-08T15:28:43.334+0000][488.981s][1][129][trace] GC(82) _eden_chunk_array[77]=0x00000000f83daa10
[2025-08-08T15:28:43.334+0000][488.981s][1][129][trace] GC(82) _eden_chunk_array[78]=0x00000000f8409a80
[2025-08-08T15:28:43.334+0000][488.981s][1][129][trace] GC(82) _eden_chunk_array[79]=0x00000000f842d588
[2025-08-08T15:28:43.334+0000][488.981s][1][129][trace] GC(82) _eden_chunk_array[80]=0x00000000f8485750
[2025-08-08T15:28:43.334+0000][488.981s][1][129][trace] GC(82) _eden_chunk_array[81]=0x00000000f84b3020
[2025-08-08T15:28:43.334+0000][488.981s][1][129][trace] GC(82) _eden_chunk_array[82]=0x00000000f84db8f8
[2025-08-08T15:28:43.334+0000][488.981s][1][129][trace] GC(82) _eden_chunk_array[83]=0x00000000f850c098
[2025-08-08T15:28:43.334+0000][488.981s][1][129][trace] GC(82) _eden_chunk_array[84]=0x00000000f8534970
[2025-08-08T15:28:43.334+0000][488.981s][1][129][trace] GC(82) _eden_chunk_array[85]=0x00000000f8565110
[2025-08-08T15:28:43.334+0000][488.981s][1][129][trace] GC(82) _eden_chunk_array[86]=0x00000000f85b6928
[2025-08-08T15:28:43.334+0000][488.981s][1][129][trace] GC(82) _eden_chunk_array[87]=0x00000000f85df230
[2025-08-08T15:28:43.334+0000][488.981s][1][129][trace] GC(82) _eden_chunk_array[88]=0x00000000f8607b20
[2025-08-08T15:28:43.334+0000][488.981s][1][129][trace] GC(82) _eden_chunk_array[89]=0x00000000f862e828
[2025-08-08T15:28:43.334+0000][488.981s][1][129][trace] GC(82) _eden_chunk_array[90]=0x00000000f8653490
[2025-08-08T15:28:43.334+0000][488.981s][1][129][trace] GC(82) _eden_chunk_array[91]=0x00000000f8674438
[2025-08-08T15:28:43.334+0000][488.981s][1][129][trace] GC(82) _eden_chunk_array[92]=0x00000000f869b2d8
[2025-08-08T15:28:43.334+0000][488.981s][1][129][trace] GC(82) _eden_chunk_array[93]=0x00000000f86bfc78
[2025-08-08T15:28:43.334+0000][488.981s][1][129][trace] GC(82) _eden_chunk_array[94]=0x00000000f86e6630
[2025-08-08T15:28:43.334+0000][488.981s][1][129][trace] GC(82) _eden_chunk_array[95]=0x00000000f871a5d0
[2025-08-08T15:28:43.334+0000][488.981s][1][129][trace] GC(82) _eden_chunk_array[96]=0x00000000f87464f8
[2025-08-08T15:28:43.334+0000][488.981s][1][129][trace] GC(82) _eden_chunk_array[97]=0x00000000f877af98
[2025-08-08T15:28:43.334+0000][488.981s][1][129][trace] GC(82) _eden_chunk_array[98]=0x00000000f87e6d28
[2025-08-08T15:28:43.334+0000][488.981s][1][129][trace] GC(82) _eden_chunk_array[99]=0x00000000f88174d0
[2025-08-08T15:28:43.334+0000][488.981s][1][129][trace] GC(82) _eden_chunk_array[100]=0x00000000f884bfe0
[2025-08-08T15:28:43.334+0000][488.981s][1][129][trace] GC(82) _eden_chunk_array[101]=0x00000000f8880a90
[2025-08-08T15:28:43.334+0000][488.981s][1][129][trace] GC(82) _eden_chunk_array[102]=0x00000000f88a8fa0
[2025-08-08T15:28:43.334+0000][488.981s][1][129][trace] GC(82) _eden_chunk_array[103]=0x00000000f88ca4d8
[2025-08-08T15:28:43.334+0000][488.981s][1][129][trace] GC(82) _eden_chunk_array[104]=0x00000000f88f0e68
[2025-08-08T15:28:43.334+0000][488.981s][1][129][trace] GC(82) _eden_chunk_array[105]=0x00000000f8914998
[2025-08-08T15:28:43.334+0000][488.981s][1][129][trace] GC(82) _eden_chunk_array[106]=0x00000000f8943b50
[2025-08-08T15:28:43.334+0000][488.981s][1][129][trace] GC(82) _eden_chunk_array[107]=0x00000000f8967d68
[2025-08-08T15:28:43.334+0000][488.981s][1][129][trace] GC(82) _eden_chunk_array[108]=0x00000000f8991360
[2025-08-08T15:28:43.334+0000][488.981s][1][129][trace] GC(82) _eden_chunk_array[109]=0x00000000f89b7ec0
[2025-08-08T15:28:43.334+0000][488.981s][1][129][trace] GC(82) _eden_chunk_array[110]=0x00000000f89deaa8
[2025-08-08T15:28:43.334+0000][488.981s][1][129][trace] GC(82) _eden_chunk_array[111]=0x00000000f8a01e48
[2025-08-08T15:28:43.334+0000][488.981s][1][129][trace] GC(82) _eden_chunk_array[112]=0x00000000f8a289a8
[2025-08-08T15:28:43.334+0000][488.981s][1][129][trace] GC(82) _eden_chunk_array[113]=0x00000000f8a4f518
[2025-08-08T15:28:43.334+0000][488.981s][1][129][trace] GC(82) _eden_chunk_array[114]=0x00000000f8a9dc58
[2025-08-08T15:28:43.334+0000][488.981s][1][129][trace] GC(82) _eden_chunk_array[115]=0x00000000f8ac4d88
[2025-08-08T15:28:43.334+0000][488.981s][1][129][trace] GC(82) _eden_chunk_array[116]=0x00000000f8aebd28
[2025-08-08T15:28:43.334+0000][488.981s][1][129][trace] GC(82) _eden_chunk_array[117]=0x00000000f8b48a38
[2025-08-08T15:28:43.334+0000][488.981s][1][129][trace] GC(82) _eden_chunk_array[118]=0x00000000f8b6d790
[2025-08-08T15:28:43.334+0000][488.981s][1][129][trace] GC(82) _eden_chunk_array[119]=0x00000000f8b911e8
[2025-08-08T15:28:43.334+0000][488.981s][1][129][trace] GC(82) _eden_chunk_array[120]=0x00000000f8bef900
[2025-08-08T15:28:43.334+0000][488.981s][1][129][trace] GC(82) _eden_chunk_array[121]=0x00000000f8c335d8
[2025-08-08T15:28:43.334+0000][488.981s][1][129][trace] GC(82) _eden_chunk_array[122]=0x00000000f8c8e5a0
[2025-08-08T15:28:43.334+0000][488.981s][1][129][trace] GC(82) _eden_chunk_array[123]=0x00000000f8caff78
[2025-08-08T15:28:43.334+0000][488.981s][1][129][trace] GC(82) _eden_chunk_array[124]=0x00000000f8cdd530
[2025-08-08T15:28:43.334+0000][488.981s][1][129][trace] GC(82) _eden_chunk_array[125]=0x00000000f8d08b20
[2025-08-08T15:28:43.334+0000][488.981s][1][129][trace] GC(82) _eden_chunk_array[126]=0x00000000f8d3f138
[2025-08-08T15:28:43.334+0000][488.981s][1][129][trace] GC(82) _eden_chunk_array[127]=0x00000000f8daaec8
[2025-08-08T15:28:43.334+0000][488.981s][1][129][trace] GC(82) _eden_chunk_array[128]=0x00000000f8ddf970
[2025-08-08T15:28:43.334+0000][488.981s][1][129][trace] GC(82) _eden_chunk_array[129]=0x00000000f8e14438
[2025-08-08T15:28:43.334+0000][488.981s][1][129][trace] GC(82) _eden_chunk_array[130]=0x00000000f8e36208
[2025-08-08T15:28:43.334+0000][488.981s][1][129][trace] GC(82) _eden_chunk_array[131]=0x00000000f8e60288
[2025-08-08T15:28:43.334+0000][488.981s][1][129][trace] GC(82) _eden_chunk_array[132]=0x00000000f8eace78
[2025-08-08T15:28:43.334+0000][488.981s][1][129][trace] GC(82) _eden_chunk_array[133]=0x00000000f8ee1548
[2025-08-08T15:28:43.334+0000][488.981s][1][129][trace] GC(82) _eden_chunk_array[134]=0x00000000f8f07f38
[2025-08-08T15:28:43.334+0000][488.981s][1][129][trace] GC(82) _eden_chunk_array[135]=0x00000000f8f3d1f8
[2025-08-08T15:28:43.334+0000][488.981s][1][129][trace] GC(82) _eden_chunk_array[136]=0x00000000f8f6c388
[2025-08-08T15:28:43.334+0000][488.981s][1][129][trace] GC(82) _eden_chunk_array[137]=0x00000000f8f9b4f0
[2025-08-08T15:28:43.334+0000][488.981s][1][129][trace] GC(82) _eden_chunk_array[138]=0x00000000f8fd1ce8
[2025-08-08T15:28:43.334+0000][488.981s][1][129][trace] GC(82) _eden_chunk_array[139]=0x00000000f9000e68
[2025-08-08T15:28:43.334+0000][488.981s][1][129][trace] GC(82) _eden_chunk_array[140]=0x00000000f902ffd0
[2025-08-08T15:28:43.334+0000][488.981s][1][129][trace] GC(82) _eden_chunk_array[141]=0x00000000f9064aa0
[2025-08-08T15:28:43.334+0000][488.981s][1][129][trace] GC(82) _eden_chunk_array[142]=0x00000000f90b31d8
[2025-08-08T15:28:43.334+0000][488.981s][1][129][trace] GC(82) _eden_chunk_array[143]=0x00000000f90da820
[2025-08-08T15:28:43.334+0000][488.981s][1][129][trace] GC(82) _eden_chunk_array[144]=0x00000000f9101ba0
[2025-08-08T15:28:43.334+0000][488.981s][1][129][trace] GC(82) _eden_chunk_array[145]=0x00000000f912f280
[2025-08-08T15:28:43.334+0000][488.981s][1][129][trace] GC(82) _eden_chunk_array[146]=0x00000000f9189620
[2025-08-08T15:28:43.334+0000][488.981s][1][129][trace] GC(82) _eden_chunk_array[147]=0x00000000f91bd578
[2025-08-08T15:28:43.334+0000][488.981s][1][129][trace] GC(82) _eden_chunk_array[148]=0x00000000f91e7e78
[2025-08-08T15:28:43.334+0000][488.981s][1][129][trace] GC(82) _eden_chunk_array[149]=0x00000000f924aa20
[2025-08-08T15:28:43.334+0000][488.981s][1][129][trace] GC(82) _eden_chunk_array[150]=0x00000000f9272000
[2025-08-08T15:28:43.334+0000][488.981s][1][129][trace] GC(82) _eden_chunk_array[151]=0x00000000f9297998
[2025-08-08T15:28:43.334+0000][488.981s][1][129][trace] GC(82) _eden_chunk_array[152]=0x00000000f92c8138
[2025-08-08T15:28:43.334+0000][488.981s][1][129][trace] GC(82) _eden_chunk_array[153]=0x00000000f92edaa0
[2025-08-08T15:28:43.334+0000][488.981s][1][129][trace] GC(82) _eden_chunk_array[154]=0x00000000f9313428
[2025-08-08T15:28:43.334+0000][488.981s][1][129][trace] GC(82) _eden_chunk_array[155]=0x00000000f9338dc8
[2025-08-08T15:28:43.334+0000][488.981s][1][129][trace] GC(82) _eden_chunk_array[156]=0x00000000f935e778
[2025-08-08T15:28:43.334+0000][488.981s][1][129][trace] GC(82) _eden_chunk_array[157]=0x00000000f9387c48
[2025-08-08T15:28:43.334+0000][488.981s][1][129][trace] GC(82) _eden_chunk_array[158]=0x00000000f93b50b8
[2025-08-08T15:28:43.334+0000][488.981s][1][129][trace] GC(82) _eden_chunk_array[159]=0x00000000f93da618
[2025-08-08T15:28:43.334+0000][488.981s][1][129][trace] GC(82) _eden_chunk_array[160]=0x00000000f9417650
[2025-08-08T15:28:43.334+0000][488.981s][1][129][trace] GC(82) _eden_chunk_array[161]=0x00000000f943acc8
[2025-08-08T15:28:43.334+0000][488.981s][1][129][trace] GC(82) _eden_chunk_array[162]=0x00000000f9464500
[2025-08-08T15:28:43.334+0000][488.981s][1][129][trace] GC(82) _eden_chunk_array[163]=0x00000000f948e178
[2025-08-08T15:28:43.334+0000][488.981s][1][129][trace] GC(82) _eden_chunk_array[164]=0x00000000f94b8238
[2025-08-08T15:28:43.334+0000][488.981s][1][129][trace] GC(82) _eden_chunk_array[165]=0x00000000f95197e8
[2025-08-08T15:28:43.334+0000][488.981s][1][129][trace] GC(82) _eden_chunk_array[166]=0x00000000f9542118
[2025-08-08T15:28:43.334+0000][488.981s][1][129][trace] GC(82) _eden_chunk_array[167]=0x00000000f9567aa0
[2025-08-08T15:28:43.334+0000][488.981s][1][129][trace] GC(82) _eden_chunk_array[168]=0x00000000f9591b48
[2025-08-08T15:28:43.334+0000][488.981s][1][129][trace] GC(82) _eden_chunk_array[169]=0x00000000f95bbc00
[2025-08-08T15:28:43.334+0000][488.981s][1][129][trace] GC(82) _eden_chunk_array[170]=0x00000000f95e5cc0
[2025-08-08T15:28:43.334+0000][488.981s][1][129][trace] GC(82) _eden_chunk_array[171]=0x00000000f960fd68
[2025-08-08T15:28:43.334+0000][488.981s][1][129][trace] GC(82) _eden_chunk_array[172]=0x00000000f965e498
[2025-08-08T15:28:43.334+0000][488.981s][1][129][trace] GC(82) _eden_chunk_array[173]=0x00000000f9681860
[2025-08-08T15:28:43.334+0000][488.981s][1][129][trace] GC(82) _eden_chunk_array[174]=0x00000000f96a4070
[2025-08-08T15:28:43.334+0000][488.981s][1][129][trace] GC(82) _eden_chunk_array[175]=0x00000000f96c6188
[2025-08-08T15:28:43.334+0000][488.981s][1][129][trace] GC(82) _eden_chunk_array[176]=0x00000000f96f0fd8
[2025-08-08T15:28:43.334+0000][488.981s][1][129][trace] GC(82) _eden_chunk_array[177]=0x00000000f9713e68
[2025-08-08T15:28:43.334+0000][488.981s][1][129][trace] GC(82) _eden_chunk_array[178]=0x00000000f97368f0
[2025-08-08T15:28:43.334+0000][488.981s][1][129][trace] GC(82) _eden_chunk_array[179]=0x00000000f9759728
[2025-08-08T15:28:43.334+0000][488.981s][1][129][trace] GC(82) _eden_chunk_array[180]=0x00000000f977aab8
[2025-08-08T15:28:43.334+0000][488.981s][1][129][trace] GC(82) _eden_chunk_array[181]=0x00000000f979d8d8
[2025-08-08T15:28:43.334+0000][488.981s][1][129][trace] GC(82) _eden_chunk_array[182]=0x00000000f97c8718
[2025-08-08T15:28:43.334+0000][488.982s][1][129][trace] GC(82) _eden_chunk_array[183]=0x00000000f97f4440
[2025-08-08T15:28:43.334+0000][488.982s][1][129][trace] GC(82) _eden_chunk_array[184]=0x00000000f981db60
[2025-08-08T15:28:43.334+0000][488.982s][1][129][trace] GC(82) _eden_chunk_array[185]=0x00000000f9849888
[2025-08-08T15:28:43.334+0000][488.982s][1][129][trace] GC(82) _eden_chunk_array[186]=0x00000000f98b8410
[2025-08-08T15:28:43.334+0000][488.982s][1][129][trace] GC(82) _eden_chunk_array[187]=0x00000000f98ec3e8
[2025-08-08T15:28:43.334+0000][488.982s][1][129][trace] GC(82) _eden_chunk_array[188]=0x00000000f990dc78
[2025-08-08T15:28:43.334+0000][488.982s][1][129][trace] GC(82) _eden_chunk_array[189]=0x00000000f9932348
[2025-08-08T15:28:43.334+0000][488.982s][1][129][trace] GC(82) _eden_chunk_array[190]=0x00000000f99892b8
[2025-08-08T15:28:43.334+0000][488.982s][1][129][trace] GC(82) _eden_chunk_array[191]=0x00000000f99d5db8
[2025-08-08T15:28:43.334+0000][488.982s][1][129][trace] GC(82) _eden_chunk_array[192]=0x00000000f9a070a8
[2025-08-08T15:28:43.334+0000][488.982s][1][129][trace] GC(82) _eden_chunk_array[193]=0x00000000f9a308c8
[2025-08-08T15:28:43.334+0000][488.982s][1][129][trace] GC(82) _eden_chunk_array[194]=0x00000000f9a5a0f8
[2025-08-08T15:28:43.334+0000][488.982s][1][129][trace] GC(82) _eden_chunk_array[195]=0x00000000f9a83938
[2025-08-08T15:28:43.334+0000][488.982s][1][129][trace] GC(82) _eden_chunk_array[196]=0x00000000f9aad178
[2025-08-08T15:28:43.334+0000][488.982s][1][129][trace] GC(82) _eden_chunk_array[197]=0x00000000f9ad69a8
[2025-08-08T15:28:43.334+0000][488.982s][1][129][trace] GC(82) _eden_chunk_array[198]=0x00000000f9b03f40
[2025-08-08T15:28:43.334+0000][488.982s][1][129][trace] GC(82) _eden_chunk_array[199]=0x00000000f9b55758
[2025-08-08T15:28:43.334+0000][488.982s][1][129][trace] GC(82) _eden_chunk_array[200]=0x00000000f9b80550
[2025-08-08T15:28:43.334+0000][488.982s][1][129][trace] GC(82) _eden_chunk_array[201]=0x00000000f9ba7690
[2025-08-08T15:28:43.334+0000][488.982s][1][129][trace] GC(82) _eden_chunk_array[202]=0x00000000f9bc7910
[2025-08-08T15:28:43.334+0000][488.982s][1][129][trace] GC(82) _eden_chunk_array[203]=0x00000000f9c25260
[2025-08-08T15:28:43.334+0000][488.982s][1][129][trace] GC(82) _eden_chunk_array[204]=0x00000000f9c48830
[2025-08-08T15:28:43.334+0000][488.982s][1][129][trace] GC(82) _eden_chunk_array[205]=0x00000000f9c6f7f0
[2025-08-08T15:28:43.334+0000][488.982s][1][129][trace] GC(82) _eden_chunk_array[206]=0x00000000f9ca42a8
[2025-08-08T15:28:43.334+0000][488.982s][1][129][trace] GC(82) _eden_chunk_array[207]=0x00000000f9cd9558
[2025-08-08T15:28:43.334+0000][488.982s][1][129][trace] GC(82) _eden_chunk_array[208]=0x00000000f9d0e830
[2025-08-08T15:28:43.334+0000][488.982s][1][129][trace] GC(82) _eden_chunk_array[209]=0x00000000f9d38af8
[2025-08-08T15:28:43.334+0000][488.982s][1][129][trace] GC(82) _eden_chunk_array[210]=0x00000000f9d6ddd0
[2025-08-08T15:28:43.334+0000][488.982s][1][129][trace] GC(82) _eden_chunk_array[211]=0x00000000f9dd3018
[2025-08-08T15:28:43.334+0000][488.982s][1][129][trace] GC(82) _eden_chunk_array[212]=0x00000000f9df8f90
[2025-08-08T15:28:43.334+0000][488.982s][1][129][trace] GC(82) _eden_chunk_array[213]=0x00000000f9e19990
[2025-08-08T15:28:43.334+0000][488.982s][1][129][trace] GC(82) _eden_chunk_array[214]=0x00000000f9e3a3a0
[2025-08-08T15:28:43.334+0000][488.982s][1][129][trace] GC(82) _eden_chunk_array[215]=0x00000000f9e88c58
[2025-08-08T15:28:43.334+0000][488.982s][1][129][trace] GC(82) _eden_chunk_array[216]=0x00000000f9eae350
[2025-08-08T15:28:43.334+0000][488.982s][1][129][trace] GC(82) _eden_chunk_array[217]=0x00000000f9ed1930
[2025-08-08T15:28:43.334+0000][488.982s][1][129][trace] GC(82) _eden_chunk_array[218]=0x00000000f9ef8f10
[2025-08-08T15:28:43.334+0000][488.982s][1][129][trace] GC(82) _eden_chunk_array[219]=0x00000000f9f29f98
[2025-08-08T15:28:43.334+0000][488.982s][1][129][trace] GC(82) _eden_chunk_array[220]=0x00000000f9f5a8a0
[2025-08-08T15:28:43.334+0000][488.982s][1][129][trace] GC(82) _eden_chunk_array[221]=0x00000000f9f7c660
[2025-08-08T15:28:43.334+0000][488.982s][1][129][trace] GC(82) _eden_chunk_array[222]=0x00000000f9face00
[2025-08-08T15:28:43.334+0000][488.982s][1][129][trace] GC(82) _eden_chunk_array[223]=0x00000000f9ff7b10
[2025-08-08T15:28:43.334+0000][488.982s][1][129][trace] GC(82) _eden_chunk_array[224]=0x00000000fa02c5f8
[2025-08-08T15:28:43.334+0000][488.982s][1][129][trace] GC(82) _eden_chunk_array[225]=0x00000000fa062c58
[2025-08-08T15:28:43.334+0000][488.982s][1][129][trace] GC(82) _eden_chunk_array[226]=0x00000000fa097708
[2025-08-08T15:28:43.334+0000][488.982s][1][129][trace] GC(82) _eden_chunk_array[227]=0x00000000fa0bc180
[2025-08-08T15:28:43.334+0000][488.982s][1][129][trace] GC(82) _eden_chunk_array[228]=0x00000000fa0de9f8
[2025-08-08T15:28:43.334+0000][488.982s][1][129][trace] GC(82) _eden_chunk_array[229]=0x00000000fa13f660
[2025-08-08T15:28:43.334+0000][488.982s][1][129][trace] GC(82) _eden_chunk_array[230]=0x00000000fa173430
[2025-08-08T15:28:43.334+0000][488.982s][1][129][trace] GC(82) _eden_chunk_array[231]=0x00000000fa1a09b8
[2025-08-08T15:28:43.334+0000][488.982s][1][129][trace] GC(82) _eden_chunk_array[232]=0x00000000fa1ca1f8
[2025-08-08T15:28:43.334+0000][488.982s][1][129][trace] GC(82) _eden_chunk_array[233]=0x00000000fa1eb6b0
[2025-08-08T15:28:43.334+0000][488.982s][1][129][trace] GC(82) _eden_chunk_array[234]=0x00000000fa20cb48
[2025-08-08T15:28:43.334+0000][488.982s][1][129][trace] GC(82) _eden_chunk_array[235]=0x00000000fa22e018
[2025-08-08T15:28:43.334+0000][488.982s][1][129][trace] GC(82) _eden_chunk_array[236]=0x00000000fa24f4e8
[2025-08-08T15:28:43.334+0000][488.982s][1][129][trace] GC(82) _eden_chunk_array[237]=0x00000000fa278990
[2025-08-08T15:28:43.334+0000][488.982s][1][129][trace] GC(82) _eden_chunk_array[238]=0x00000000fa299e38
[2025-08-08T15:28:43.334+0000][488.982s][1][129][trace] GC(82) _eden_chunk_array[239]=0x00000000fa2c3690
[2025-08-08T15:28:43.334+0000][488.982s][1][129][trace] GC(82) _eden_chunk_array[240]=0x00000000fa2f3e38
[2025-08-08T15:28:43.334+0000][488.982s][1][129][trace] GC(82) _eden_chunk_array[241]=0x00000000fa3245e0
[2025-08-08T15:28:43.334+0000][488.982s][1][129][trace] GC(82) _eden_chunk_array[242]=0x00000000fa34aeb0
[2025-08-08T15:28:43.334+0000][488.982s][1][129][trace] GC(82) _eden_chunk_array[243]=0x00000000fa374360
[2025-08-08T15:28:43.334+0000][488.982s][1][129][trace] GC(82) _eden_chunk_array[244]=0x00000000fa3e0970
[2025-08-08T15:28:43.334+0000][488.982s][1][129][trace] GC(82) _eden_chunk_array[245]=0x00000000fa414af8
[2025-08-08T15:28:43.334+0000][488.982s][1][129][trace] GC(82) _eden_chunk_array[246]=0x00000000fa43d3d0
[2025-08-08T15:28:43.334+0000][488.982s][1][129][trace] GC(82) _eden_chunk_array[247]=0x00000000fa4615c0
[2025-08-08T15:28:43.334+0000][488.982s][1][129][trace] GC(82) _eden_chunk_array[248]=0x00000000fa4cdb48
[2025-08-08T15:28:43.334+0000][488.982s][1][129][trace] GC(82) _eden_chunk_array[249]=0x00000000fa4f7370
[2025-08-08T15:28:43.335+0000][488.982s][1][129][trace] GC(82) _eden_chunk_array[250]=0x00000000fa5203f0
[2025-08-08T15:28:43.335+0000][488.982s][1][129][trace] GC(82) _eden_chunk_array[251]=0x00000000fa549c38
[2025-08-08T15:28:43.335+0000][488.982s][1][129][trace] GC(82) _eden_chunk_array[252]=0x00000000fa57a3d8
[2025-08-08T15:28:43.335+0000][488.982s][1][129][trace] GC(82) _eden_chunk_array[253]=0x00000000fa5a3c10
[2025-08-08T15:28:43.335+0000][488.982s][1][129][trace] GC(82) _eden_chunk_array[254]=0x00000000fa5d43a0
[2025-08-08T15:28:43.335+0000][488.982s][1][129][trace] GC(82) _eden_chunk_array[255]=0x00000000fa5fdbc8
[2025-08-08T15:28:43.335+0000][488.982s][1][129][trace] GC(82) _eden_chunk_array[256]=0x00000000fa627418
[2025-08-08T15:28:43.335+0000][488.982s][1][129][trace] GC(82) _eden_chunk_array[257]=0x00000000fa64f488
[2025-08-08T15:28:43.335+0000][488.982s][1][129][trace] GC(82) _eden_chunk_array[258]=0x00000000fa67c240
[2025-08-08T15:28:43.335+0000][488.982s][1][129][trace] GC(82) _eden_chunk_array[259]=0x00000000fa6ad1c8
[2025-08-08T15:28:43.335+0000][488.982s][1][129][trace] GC(82) _eden_chunk_array[260]=0x00000000fa6d80d8
[2025-08-08T15:28:43.335+0000][488.982s][1][129][trace] GC(82) _eden_chunk_array[261]=0x00000000fa7002f0
[2025-08-08T15:28:43.335+0000][488.982s][1][129][trace] GC(82) _eden_chunk_array[262]=0x00000000fa738440
[2025-08-08T15:28:43.335+0000][488.982s][1][129][trace] GC(82) _eden_chunk_array[263]=0x00000000fa75d228
[2025-08-08T15:28:43.335+0000][488.982s][1][129][trace] GC(82) _eden_chunk_array[264]=0x00000000fa7cbab8
[2025-08-08T15:28:43.335+0000][488.982s][1][129][trace] GC(82) _eden_chunk_array[265]=0x00000000fa7f9498
[2025-08-08T15:28:43.335+0000][488.982s][1][129][trace] GC(82) _eden_chunk_array[266]=0x00000000fa8267f8
[2025-08-08T15:28:43.335+0000][488.982s][1][129][trace] GC(82) _eden_chunk_array[267]=0x00000000fa889f98
[2025-08-08T15:28:43.335+0000][488.982s][1][129][trace] GC(82) _eden_chunk_array[268]=0x00000000fa8b4048
[2025-08-08T15:28:43.335+0000][488.982s][1][129][trace] GC(82) _eden_chunk_array[269]=0x00000000fa8d4a00
[2025-08-08T15:28:43.335+0000][488.982s][1][129][trace] GC(82) _eden_chunk_array[270]=0x00000000fa8f5a80
[2025-08-08T15:28:43.335+0000][488.982s][1][129][trace] GC(82) _eden_chunk_array[271]=0x00000000fa9247a8
[2025-08-08T15:28:43.335+0000][488.982s][1][129][trace] GC(82) _eden_chunk_array[272]=0x00000000fa951fc8
[2025-08-08T15:28:43.335+0000][488.982s][1][129][trace] GC(82) _eden_chunk_array[273]=0x00000000fa97b808
[2025-08-08T15:28:43.335+0000][488.982s][1][129][trace] GC(82) _eden_chunk_array[274]=0x00000000fa9a8dd8
[2025-08-08T15:28:43.335+0000][488.982s][1][129][trace] GC(82) _eden_chunk_array[275]=0x00000000fa9da118
[2025-08-08T15:28:43.335+0000][488.982s][1][129][trace] GC(82) _eden_chunk_array[276]=0x00000000faa385f0
[2025-08-08T15:28:43.335+0000][488.982s][1][129][trace] GC(82) _eden_chunk_array[277]=0x00000000faa59c50
[2025-08-08T15:28:43.335+0000][488.982s][1][129][trace] GC(82) _eden_chunk_array[278]=0x00000000faacaf90
[2025-08-08T15:28:43.335+0000][488.982s][1][129][trace] GC(82) _eden_chunk_array[279]=0x00000000faafa878
[2025-08-08T15:28:43.335+0000][488.982s][1][129][trace] GC(82) _eden_chunk_array[280]=0x00000000fab2a140
[2025-08-08T15:28:43.335+0000][488.982s][1][129][trace] GC(82) _eden_chunk_array[281]=0x00000000fab599d8
[2025-08-08T15:28:43.335+0000][488.982s][1][129][trace] GC(82) _eden_chunk_array[282]=0x00000000fab83eb0
[2025-08-08T15:28:43.335+0000][488.982s][1][129][trace] GC(82) _eden_chunk_array[283]=0x00000000faba50e8
[2025-08-08T15:28:43.335+0000][488.982s][1][129][trace] GC(82) _eden_chunk_array[284]=0x00000000fabd8038
[2025-08-08T15:28:43.335+0000][488.982s][1][129][trace] GC(82) _eden_chunk_array[285]=0x00000000fac09340
[2025-08-08T15:28:43.335+0000][488.982s][1][129][trace] GC(82) _eden_chunk_array[286]=0x00000000fac36148
[2025-08-08T15:28:43.335+0000][488.982s][1][129][trace] GC(82) _eden_chunk_array[287]=0x00000000fac64b40
[2025-08-08T15:28:43.335+0000][488.982s][1][129][trace] GC(82) _eden_chunk_array[288]=0x00000000fac906c0
[2025-08-08T15:28:43.335+0000][488.982s][1][129][trace] GC(82) _eden_chunk_array[289]=0x00000000facc2a90
[2025-08-08T15:28:43.335+0000][488.982s][1][129][trace] GC(82) _eden_chunk_array[290]=0x00000000fad0b5d8
[2025-08-08T15:28:43.335+0000][488.982s][1][129][trace] GC(82) _eden_chunk_array[291]=0x00000000fad3b740
[2025-08-08T15:28:43.335+0000][488.982s][1][129][trace] GC(82) _eden_chunk_array[292]=0x00000000fad64048
[2025-08-08T15:28:43.335+0000][488.982s][1][129][trace] GC(82) _eden_chunk_array[293]=0x00000000fadb5870
[2025-08-08T15:28:43.335+0000][488.982s][1][129][trace] GC(82) _eden_chunk_array[294]=0x00000000fade2508
[2025-08-08T15:28:43.335+0000][488.982s][1][129][trace] GC(82) _eden_chunk_array[295]=0x00000000fae101b8
[2025-08-08T15:28:43.335+0000][488.982s][1][129][trace] GC(82) _eden_chunk_array[296]=0x00000000fae6a220
[2025-08-08T15:28:43.335+0000][488.982s][1][129][trace] GC(82) _eden_chunk_array[297]=0x00000000fae9d038
[2025-08-08T15:28:43.335+0000][488.982s][1][129][trace] GC(82) _eden_chunk_array[298]=0x00000000faec4668
[2025-08-08T15:28:43.335+0000][488.982s][1][129][trace] GC(82) _eden_chunk_array[299]=0x00000000faef0388
[2025-08-08T15:28:43.335+0000][488.982s][1][129][trace] GC(82) _eden_chunk_array[300]=0x00000000faf1c0e0
[2025-08-08T15:28:43.335+0000][488.982s][1][129][trace] GC(82) _eden_chunk_array[301]=0x00000000faf416b0
[2025-08-08T15:28:43.335+0000][488.982s][1][129][trace] GC(82) _eden_chunk_array[302]=0x00000000faf6d400
[2025-08-08T15:28:43.335+0000][488.982s][1][129][trace] GC(82) _eden_chunk_array[303]=0x00000000faf909d0
[2025-08-08T15:28:43.335+0000][488.982s][1][129][trace] GC(82) _eden_chunk_array[304]=0x00000000fafbc6f0
[2025-08-08T15:28:43.335+0000][488.982s][1][129][trace] GC(82) _eden_chunk_array[305]=0x00000000fafdfcc8
[2025-08-08T15:28:43.335+0000][488.982s][1][129][trace] GC(82) _eden_chunk_array[306]=0x00000000fb03fea8
[2025-08-08T15:28:43.335+0000][488.982s][1][129][trace] GC(82) _eden_chunk_array[307]=0x00000000fb068fc8
[2025-08-08T15:28:43.335+0000][488.982s][1][129][trace] GC(82) _eden_chunk_array[308]=0x00000000fb08c800
[2025-08-08T15:28:43.335+0000][488.982s][1][129][trace] GC(82) _eden_chunk_array[309]=0x00000000fb0b4558
[2025-08-08T15:28:43.335+0000][488.982s][1][129][trace] GC(82) _eden_chunk_array[310]=0x00000000fb110230
[2025-08-08T15:28:43.335+0000][488.982s][1][129][trace] GC(82) _eden_chunk_array[311]=0x00000000fb13b0b8
[2025-08-08T15:28:43.335+0000][488.982s][1][129][trace] GC(82) _eden_chunk_array[312]=0x00000000fb16aa28
[2025-08-08T15:28:43.335+0000][488.982s][1][129][trace] GC(82) _eden_chunk_array[313]=0x00000000fb18d858
[2025-08-08T15:28:43.335+0000][488.982s][1][129][trace] GC(82) _eden_chunk_array[314]=0x00000000fb1b0678
[2025-08-08T15:28:43.335+0000][488.982s][1][129][trace] GC(82) _eden_chunk_array[315]=0x00000000fb1e34d8
[2025-08-08T15:28:43.335+0000][488.982s][1][129][trace] GC(82) _eden_chunk_array[316]=0x00000000fb217f80
[2025-08-08T15:28:43.335+0000][488.982s][1][129][trace] GC(82) _eden_chunk_array[317]=0x00000000fb24e680
[2025-08-08T15:28:43.335+0000][488.982s][1][129][trace] GC(82) _eden_chunk_array[318]=0x00000000fb2b7300
[2025-08-08T15:28:43.335+0000][488.982s][1][129][trace] GC(82) _eden_chunk_array[319]=0x00000000fb2ebdc0
[2025-08-08T15:28:43.335+0000][488.982s][1][129][trace] GC(82) _eden_chunk_array[320]=0x00000000fb359a38
[2025-08-08T15:28:43.335+0000][488.982s][1][129][trace] GC(82) _eden_chunk_array[321]=0x00000000fb37c338
[2025-08-08T15:28:43.335+0000][488.982s][1][129][trace] GC(82) _eden_chunk_array[322]=0x00000000fb3ddb78
[2025-08-08T15:28:43.335+0000][488.982s][1][129][trace] GC(82) _eden_chunk_array[323]=0x00000000fb40e928
[2025-08-08T15:28:43.335+0000][488.982s][1][129][trace] GC(82) _eden_chunk_array[324]=0x00000000fb43d268
[2025-08-08T15:28:43.335+0000][488.982s][1][129][trace] GC(82) _eden_chunk_array[325]=0x00000000fb466300
[2025-08-08T15:28:43.335+0000][488.982s][1][129][trace] GC(82) _eden_chunk_array[326]=0x00000000fb497390
[2025-08-08T15:28:43.335+0000][488.982s][1][129][trace] GC(82) _eden_chunk_array[327]=0x00000000fb4c41a0
[2025-08-08T15:28:43.335+0000][488.983s][1][129][trace] GC(82) _eden_chunk_array[328]=0x00000000fb4f5250
[2025-08-08T15:28:43.335+0000][488.983s][1][129][trace] GC(82) _eden_chunk_array[329]=0x00000000fb51db58
[2025-08-08T15:28:43.335+0000][488.983s][1][129][trace] GC(82) _eden_chunk_array[330]=0x00000000fb546478
[2025-08-08T15:28:43.335+0000][488.983s][1][129][trace] GC(82) _eden_chunk_array[331]=0x00000000fb594bc0
[2025-08-08T15:28:43.335+0000][488.983s][1][129][trace] GC(82) _eden_chunk_array[332]=0x00000000fb5c3578
[2025-08-08T15:28:43.335+0000][488.983s][1][129][trace] GC(82) _eden_chunk_array[333]=0x00000000fb5eb7a8
[2025-08-08T15:28:43.335+0000][488.983s][1][129][trace] GC(82) _eden_chunk_array[334]=0x00000000fb6143a8
[2025-08-08T15:28:43.335+0000][488.983s][1][129][trace] GC(82) _eden_chunk_array[335]=0x00000000fb635f20
[2025-08-08T15:28:43.335+0000][488.983s][1][129][trace] GC(82) _eden_chunk_array[336]=0x00000000fb65efc0
[2025-08-08T15:28:43.335+0000][488.983s][1][129][trace] GC(82) _eden_chunk_array[337]=0x00000000fb6831a8
[2025-08-08T15:28:43.335+0000][488.983s][1][129][trace] GC(82) _eden_chunk_array[338]=0x00000000fb6b2380
[2025-08-08T15:28:43.335+0000][488.983s][1][129][trace] GC(82) _eden_chunk_array[339]=0x00000000fb6e30d8
[2025-08-08T15:28:43.335+0000][488.983s][1][129][trace] GC(82) _eden_chunk_array[340]=0x00000000fb711a90
[2025-08-08T15:28:43.335+0000][488.983s][1][129][trace] GC(82) _eden_chunk_array[341]=0x00000000fb7632b8
[2025-08-08T15:28:43.335+0000][488.983s][1][129][trace] GC(82) _eden_chunk_array[342]=0x00000000fb799c88
[2025-08-08T15:28:43.335+0000][488.983s][1][129][trace] GC(82) _eden_chunk_array[343]=0x00000000fb7c25c8
[2025-08-08T15:28:43.335+0000][488.983s][1][129][trace] GC(82) _eden_chunk_array[344]=0x00000000fb7e32c8
[2025-08-08T15:28:43.335+0000][488.983s][1][129][trace] GC(82) _eden_chunk_array[345]=0x00000000fb831a10
[2025-08-08T15:28:43.335+0000][488.983s][1][129][trace] GC(82) _eden_chunk_array[346]=0x00000000fb853308
[2025-08-08T15:28:43.335+0000][488.983s][1][129][trace] GC(82) _eden_chunk_array[347]=0x00000000fb874cf0
[2025-08-08T15:28:43.335+0000][488.983s][1][129][trace] GC(82) _eden_chunk_array[348]=0x00000000fb89c368
[2025-08-08T15:28:43.335+0000][488.983s][1][129][trace] GC(82) _eden_chunk_array[349]=0x00000000fb8e6d50
[2025-08-08T15:28:43.335+0000][488.983s][1][129][trace] GC(82) _eden_chunk_array[350]=0x00000000fb9174e0
[2025-08-08T15:28:43.335+0000][488.983s][1][129][trace] GC(82) _eden_chunk_array[351]=0x00000000fb956550
[2025-08-08T15:28:43.335+0000][488.983s][1][129][trace] GC(82) _eden_chunk_array[352]=0x00000000fb9bd658
[2025-08-08T15:28:43.335+0000][488.983s][1][129][trace] GC(82) _eden_chunk_array[353]=0x00000000fba082c0
[2025-08-08T15:28:43.335+0000][488.983s][1][129][trace] GC(82) _eden_chunk_array[354]=0x00000000fba6df60
[2025-08-08T15:28:43.335+0000][488.983s][1][129][trace] GC(82) _eden_chunk_array[355]=0x00000000fbaa2a30
[2025-08-08T15:28:43.335+0000][488.983s][1][129][trace] GC(82) _eden_chunk_array[356]=0x00000000fbad74d8
[2025-08-08T15:28:43.335+0000][488.983s][1][129][trace] GC(82) _eden_chunk_array[357]=0x00000000fbb0bf98
[2025-08-08T15:28:43.335+0000][488.983s][1][129][trace] GC(82) _eden_chunk_array[358]=0x00000000fbb40a80
[2025-08-08T15:28:43.335+0000][488.983s][1][129][trace] GC(82) _eden_chunk_array[359]=0x00000000fbb62f08
[2025-08-08T15:28:43.335+0000][488.983s][1][129][trace] GC(82) _eden_chunk_array[360]=0x00000000fbb85970
[2025-08-08T15:28:43.335+0000][488.983s][1][129][trace] GC(82) _eden_chunk_array[361]=0x00000000fbba6c80
[2025-08-08T15:28:43.335+0000][488.983s][1][129][trace] GC(82) _eden_chunk_array[362]=0x00000000fbbd6648
[2025-08-08T15:28:43.335+0000][488.983s][1][129][trace] GC(82) _eden_chunk_array[363]=0x00000000fbc097d8
[2025-08-08T15:28:43.335+0000][488.983s][1][129][trace] GC(82) _eden_chunk_array[364]=0x00000000fbc36d68
[2025-08-08T15:28:43.335+0000][488.983s][1][129][trace] GC(82) _eden_chunk_array[365]=0x00000000fbc64318
[2025-08-08T15:28:43.335+0000][488.983s][1][129][trace] GC(82) _eden_chunk_array[366]=0x00000000fbcb2a90
[2025-08-08T15:28:43.335+0000][488.983s][1][129][trace] GC(82) _eden_chunk_array[367]=0x00000000fbd1cc30
[2025-08-08T15:28:43.335+0000][488.983s][1][129][trace] GC(82) _eden_chunk_array[368]=0x00000000fbd4df30
[2025-08-08T15:28:43.335+0000][488.983s][1][129][trace] GC(82) _eden_chunk_array[369]=0x00000000fbd7f260
[2025-08-08T15:28:43.335+0000][488.983s][1][129][trace] GC(82) _eden_chunk_array[370]=0x00000000fbdb21a0
[2025-08-08T15:28:43.335+0000][488.983s][1][129][trace] GC(82) _eden_chunk_array[371]=0x00000000fbe14d48
[2025-08-08T15:28:43.335+0000][488.983s][1][129][trace] GC(82) _eden_chunk_array[372]=0x00000000fbe374a0
[2025-08-08T15:28:43.335+0000][488.983s][1][129][trace] GC(82) _eden_chunk_array[373]=0x00000000fbe61598
[2025-08-08T15:28:43.335+0000][488.983s][1][129][trace] GC(82) _eden_chunk_array[374]=0x00000000fbe861c8
[2025-08-08T15:28:43.335+0000][488.983s][1][129][trace] GC(82) _eden_chunk_array[375]=0x00000000fbeaf9f8
[2025-08-08T15:28:43.335+0000][488.983s][1][129][trace] GC(82) _eden_chunk_array[376]=0x00000000fbed0e88
[2025-08-08T15:28:43.335+0000][488.983s][1][129][trace] GC(82) _eden_chunk_array[377]=0x00000000fbefe178
[2025-08-08T15:28:43.335+0000][488.983s][1][129][trace] GC(82) _eden_chunk_array[378]=0x00000000fbf69f18
[2025-08-08T15:28:43.335+0000][488.983s][1][129][trace] GC(82) _eden_chunk_array[379]=0x00000000fbf9a5e0
[2025-08-08T15:28:43.335+0000][488.983s][1][129][trace] GC(82) _eden_chunk_array[380]=0x00000000fbfcaca0
[2025-08-08T15:28:43.336+0000][488.983s][1][129][trace] GC(82) _eden_chunk_array[381]=0x00000000fbffb368
[2025-08-08T15:28:43.336+0000][488.983s][1][129][trace] GC(82) _eden_chunk_array[382]=0x00000000fc02ba30
[2025-08-08T15:28:43.336+0000][488.983s][1][129][trace] GC(82) _eden_chunk_array[383]=0x00000000fc05f3a0
[2025-08-08T15:28:43.336+0000][488.983s][1][129][trace] GC(82) _eden_chunk_array[384]=0x00000000fc080b58
[2025-08-08T15:28:43.336+0000][488.983s][1][129][trace] GC(82) _eden_chunk_array[385]=0x00000000fc0ecb70
[2025-08-08T15:28:43.336+0000][488.983s][1][129][trace] GC(82) _eden_chunk_array[386]=0x00000000fc113c58
[2025-08-08T15:28:43.336+0000][488.983s][1][129][trace] GC(82) _eden_chunk_array[387]=0x00000000fc140d80
[2025-08-08T15:28:43.336+0000][488.983s][1][129][trace] GC(82) _eden_chunk_array[388]=0x00000000fc168100
[2025-08-08T15:28:43.336+0000][488.983s][1][129][trace] GC(82) _eden_chunk_array[389]=0x00000000fc18f470
[2025-08-08T15:28:43.336+0000][488.983s][1][129][trace] GC(82) _eden_chunk_array[390]=0x00000000fc1c4f50
[2025-08-08T15:28:43.336+0000][488.983s][1][129][trace] GC(82) _eden_chunk_array[391]=0x00000000fc1f8650
[2025-08-08T15:28:43.336+0000][488.983s][1][129][trace] GC(82) _eden_chunk_array[392]=0x00000000fc264bd0
[2025-08-08T15:28:43.336+0000][488.983s][1][129][trace] GC(82) _eden_chunk_array[393]=0x00000000fc29a698
[2025-08-08T15:28:43.336+0000][488.983s][1][129][trace] GC(82) _eden_chunk_array[394]=0x00000000fc2d0178
[2025-08-08T15:28:43.336+0000][488.983s][1][129][trace] GC(82) _eden_chunk_array[395]=0x00000000fc2fd360
[2025-08-08T15:28:43.336+0000][488.983s][1][129][trace] GC(82) _eden_chunk_array[396]=0x00000000fc31d808
[2025-08-08T15:28:43.336+0000][488.983s][1][129][trace] GC(82) _eden_chunk_array[397]=0x00000000fc33f738
[2025-08-08T15:28:43.336+0000][488.983s][1][129][trace] GC(82) _eden_chunk_array[398]=0x00000000fc372328
[2025-08-08T15:28:43.336+0000][488.983s][1][129][trace] GC(82) _eden_chunk_array[399]=0x00000000fc395900
[2025-08-08T15:28:43.336+0000][488.983s][1][129][trace] GC(82) _eden_chunk_array[400]=0x00000000fc3bcc38
[2025-08-08T15:28:43.336+0000][488.983s][1][129][trace] GC(82) _eden_chunk_array[401]=0x00000000fc3e0260
[2025-08-08T15:28:43.336+0000][488.983s][1][129][trace] GC(82) _eden_chunk_array[402]=0x00000000fc407320
[2025-08-08T15:28:43.336+0000][488.983s][1][129][trace] GC(82) _eden_chunk_array[403]=0x00000000fc469f08
[2025-08-08T15:28:43.336+0000][488.983s][1][129][trace] GC(82) _eden_chunk_array[404]=0x00000000fc49a6a0
[2025-08-08T15:28:43.336+0000][488.983s][1][129][trace] GC(82) _eden_chunk_array[405]=0x00000000fc4cae40
[2025-08-08T15:28:43.336+0000][488.983s][1][129][trace] GC(82) _eden_chunk_array[406]=0x00000000fc4f07c0
[2025-08-08T15:28:43.336+0000][488.983s][1][129][trace] GC(82) _eden_chunk_array[407]=0x00000000fc516130
[2025-08-08T15:28:43.336+0000][488.983s][1][129][trace] GC(82) _eden_chunk_array[408]=0x00000000fc53bb00
[2025-08-08T15:28:43.336+0000][488.983s][1][129][trace] GC(82) _eden_chunk_array[409]=0x00000000fc561488
[2025-08-08T15:28:43.336+0000][488.983s][1][129][trace] GC(82) _eden_chunk_array[410]=0x00000000fc586e08
[2025-08-08T15:28:43.336+0000][488.983s][1][129][trace] GC(82) _eden_chunk_array[411]=0x00000000fc5ac790
[2025-08-08T15:28:43.336+0000][488.983s][1][129][trace] GC(82) _eden_chunk_array[412]=0x00000000fc5cdbe0
[2025-08-08T15:28:43.336+0000][488.983s][1][129][trace] GC(82) _eden_chunk_array[413]=0x00000000fc5f1a60
[2025-08-08T15:28:43.336+0000][488.983s][1][129][trace] GC(82) _eden_chunk_array[414]=0x00000000fc612c68
[2025-08-08T15:28:43.336+0000][488.983s][1][129][trace] GC(82) _eden_chunk_array[415]=0x00000000fc66ea98
[2025-08-08T15:28:43.336+0000][488.983s][1][129][trace] GC(82) _eden_chunk_array[416]=0x00000000fc69cdf8
[2025-08-08T15:28:43.336+0000][488.983s][1][129][trace] GC(82) _eden_chunk_array[417]=0x00000000fc6d3c10
[2025-08-08T15:28:43.336+0000][488.983s][1][129][trace] GC(82) _eden_chunk_array[418]=0x00000000fc6fcc90
[2025-08-08T15:28:43.336+0000][488.983s][1][129][trace] GC(82) _eden_chunk_array[419]=0x00000000fc72a228
[2025-08-08T15:28:43.336+0000][488.983s][1][129][trace] GC(82) _eden_chunk_array[420]=0x00000000fc7593f8
[2025-08-08T15:28:43.336+0000][488.983s][1][129][trace] GC(82) _eden_chunk_array[421]=0x00000000fc7bc740
[2025-08-08T15:28:43.336+0000][488.983s][1][129][trace] GC(82) _eden_chunk_array[422]=0x00000000fc7e5f68
[2025-08-08T15:28:43.336+0000][488.983s][1][129][trace] GC(82) _eden_chunk_array[423]=0x00000000fc837798
[2025-08-08T15:28:43.336+0000][488.983s][1][129][trace] GC(82) _eden_chunk_array[424]=0x00000000fc860fd0
[2025-08-08T15:28:43.336+0000][488.983s][1][129][trace] GC(82) _eden_chunk_array[425]=0x00000000fc88a810
[2025-08-08T15:28:43.336+0000][488.983s][1][129][trace] GC(82) _eden_chunk_array[426]=0x00000000fc8b5030
[2025-08-08T15:28:43.336+0000][488.983s][1][129][trace] GC(82) _eden_chunk_array[427]=0x00000000fc8e25d0
[2025-08-08T15:28:43.336+0000][488.983s][1][129][trace] GC(82) _eden_chunk_array[428]=0x00000000fc904b78
[2025-08-08T15:28:43.336+0000][488.983s][1][129][trace] GC(82) _eden_chunk_array[429]=0x00000000fc92f660
[2025-08-08T15:28:43.336+0000][488.983s][1][129][trace] GC(82) _eden_chunk_array[430]=0x00000000fc95b868
[2025-08-08T15:28:43.336+0000][488.983s][1][129][trace] GC(82) _eden_chunk_array[431]=0x00000000fc97fa70
[2025-08-08T15:28:43.336+0000][488.983s][1][129][trace] GC(82) _eden_chunk_array[432]=0x00000000fc9ebbd8
[2025-08-08T15:28:43.336+0000][488.983s][1][129][trace] GC(82) _eden_chunk_array[433]=0x00000000fca20698
[2025-08-08T15:28:43.336+0000][488.983s][1][129][trace] GC(82) _eden_chunk_array[434]=0x00000000fca6ede0
[2025-08-08T15:28:43.336+0000][488.983s][1][129][trace] GC(82) _eden_chunk_array[435]=0x00000000fcaa38b0
[2025-08-08T15:28:43.336+0000][488.983s][1][129][trace] GC(82) _eden_chunk_array[436]=0x00000000fcad8370
[2025-08-08T15:28:43.336+0000][488.983s][1][129][trace] GC(82) _eden_chunk_array[437]=0x00000000fcb0ce30
[2025-08-08T15:28:43.336+0000][488.983s][1][129][trace] GC(82) _eden_chunk_array[438]=0x00000000fcb2d7a8
[2025-08-08T15:28:43.336+0000][488.983s][1][129][trace] GC(82) _eden_chunk_array[439]=0x00000000fcb56240
[2025-08-08T15:28:43.336+0000][488.983s][1][129][trace] GC(82) survivor 0x00000000fd410000-0x00000000fd410000-0x00000000fe780000(20381696)
[2025-08-08T15:28:43.336+0000][488.983s][1][129][trace] GC(82) _survivor_chunk_index=0, _survivor_chunk_capacity=9952
[2025-08-08T15:28:43.382+0000][489.029s][1][129][info ] GC(82) Pause Initial Mark 152M->152M(180M) 48.616ms
[2025-08-08T15:28:43.382+0000][489.029s][1][129][info ] Leaving safepoint region
[2025-08-08T15:28:43.382+0000][489.029s][1][129][info ] Total time for which application threads were stopped: 0.0488720 seconds, Stopping threads took: 0.0000313 seconds
[2025-08-08T15:28:43.382+0000][489.029s][1][128][info ] GC(82) Concurrent Mark
[2025-08-08T15:28:43.384+0000][489.032s][1][128][info ] GC(82) Concurrent Mark 2.446ms
[2025-08-08T15:28:43.384+0000][489.032s][1][128][info ] GC(82) Concurrent Preclean
[2025-08-08T15:28:43.385+0000][489.032s][1][128][info ] GC(82) Concurrent Preclean 0.167ms
[2025-08-08T15:28:43.385+0000][489.032s][1][128][info ] GC(82) Concurrent Abortable Preclean
[2025-08-08T15:28:43.385+0000][489.032s][1][128][trace] CMS: promo attempt is not safe: available(24) < av_promo(2795291), max_promo(154510504)
[2025-08-08T15:28:43.385+0000][489.032s][1][128][info ] GC(82) Concurrent Abortable Preclean 0.014ms
[2025-08-08T15:28:43.385+0000][489.032s][1][129][info ] Application time: 0.0028392 seconds
[2025-08-08T15:28:43.385+0000][489.032s][1][129][info ] Entering safepoint region: CMS_Final_Remark
[2025-08-08T15:28:43.385+0000][489.032s][1][129][trace] GC(82) eden 0x00000000f3800000-0x00000000fcb5a4a8-0x00000000fd410000(163643392)
[2025-08-08T15:28:43.385+0000][489.032s][1][129][trace] GC(82) _eden_chunk_index=440, _eden_chunk_capacity=11233
[2025-08-08T15:28:43.385+0000][489.032s][1][129][trace] GC(82) _eden_chunk_array[0]=0x00000000f74596b0
[2025-08-08T15:28:43.385+0000][489.032s][1][129][trace] GC(82) _eden_chunk_array[1]=0x00000000f74ac5b8
[2025-08-08T15:28:43.385+0000][489.032s][1][129][trace] GC(82) _eden_chunk_array[2]=0x00000000f74d55e8
[2025-08-08T15:28:43.385+0000][489.032s][1][129][trace] GC(82) _eden_chunk_array[3]=0x00000000f7504058
[2025-08-08T15:28:43.385+0000][489.032s][1][129][trace] GC(82) _eden_chunk_array[4]=0x00000000f7524f88
[2025-08-08T15:28:43.385+0000][489.032s][1][129][trace] GC(82) _eden_chunk_array[5]=0x00000000f754e7c0
[2025-08-08T15:28:43.385+0000][489.032s][1][129][trace] GC(82) _eden_chunk_array[6]=0x00000000f7577fe0
[2025-08-08T15:28:43.385+0000][489.032s][1][129][trace] GC(82) _eden_chunk_array[7]=0x00000000f75a71a8
[2025-08-08T15:28:43.385+0000][489.032s][1][129][trace] GC(82) _eden_chunk_array[8]=0x00000000f75f58d8
[2025-08-08T15:28:43.385+0000][489.032s][1][129][trace] GC(82) _eden_chunk_array[9]=0x00000000f761a640
[2025-08-08T15:28:43.385+0000][489.032s][1][129][trace] GC(82) _eden_chunk_array[10]=0x00000000f76649c8
[2025-08-08T15:28:43.385+0000][489.032s][1][129][trace] GC(82) _eden_chunk_array[11]=0x00000000f76854f8
[2025-08-08T15:28:43.385+0000][489.032s][1][129][trace] GC(82) _eden_chunk_array[12]=0x00000000f76d4790
[2025-08-08T15:28:43.385+0000][489.032s][1][129][trace] GC(82) _eden_chunk_array[13]=0x00000000f7704f20
[2025-08-08T15:28:43.385+0000][489.032s][1][129][trace] GC(82) _eden_chunk_array[14]=0x00000000f7751bd0
[2025-08-08T15:28:43.385+0000][489.032s][1][129][trace] GC(82) _eden_chunk_array[15]=0x00000000f777a4b0
[2025-08-08T15:28:43.385+0000][489.032s][1][129][trace] GC(82) _eden_chunk_array[16]=0x00000000f77a4c70
[2025-08-08T15:28:43.385+0000][489.032s][1][129][trace] GC(82) _eden_chunk_array[17]=0x00000000f7810a48
[2025-08-08T15:28:43.385+0000][489.032s][1][129][trace] GC(82) _eden_chunk_array[18]=0x00000000f78454f8
[2025-08-08T15:28:43.385+0000][489.032s][1][129][trace] GC(82) _eden_chunk_array[19]=0x00000000f7879fb0
[2025-08-08T15:28:43.385+0000][489.032s][1][129][trace] GC(82) _eden_chunk_array[20]=0x00000000f78aea98
[2025-08-08T15:28:43.385+0000][489.032s][1][129][trace] GC(82) _eden_chunk_array[21]=0x00000000f78d8f40
[2025-08-08T15:28:43.385+0000][489.032s][1][129][trace] GC(82) _eden_chunk_array[22]=0x00000000f79059a8
[2025-08-08T15:28:43.385+0000][489.032s][1][129][trace] GC(82) _eden_chunk_array[23]=0x00000000f7968da8
[2025-08-08T15:28:43.385+0000][489.032s][1][129][trace] GC(82) _eden_chunk_array[24]=0x00000000f79891e8
[2025-08-08T15:28:43.385+0000][489.032s][1][129][trace] GC(82) _eden_chunk_array[25]=0x00000000f79b18e8
[2025-08-08T15:28:43.385+0000][489.032s][1][129][trace] GC(82) _eden_chunk_array[26]=0x00000000f79d1ad8
[2025-08-08T15:28:43.385+0000][489.032s][1][129][trace] GC(82) _eden_chunk_array[27]=0x00000000f7a16618
[2025-08-08T15:28:43.385+0000][489.032s][1][129][trace] GC(82) _eden_chunk_array[28]=0x00000000f7a46d00
[2025-08-08T15:28:43.385+0000][489.032s][1][129][trace] GC(82) _eden_chunk_array[29]=0x00000000f7a8fd38
[2025-08-08T15:28:43.385+0000][489.032s][1][129][trace] GC(82) _eden_chunk_array[30]=0x00000000f7ad8d90
[2025-08-08T15:28:43.385+0000][489.032s][1][129][trace] GC(82) _eden_chunk_array[31]=0x00000000f7b2a5c0
[2025-08-08T15:28:43.385+0000][489.032s][1][129][trace] GC(82) _eden_chunk_array[32]=0x00000000f7b87ac8
[2025-08-08T15:28:43.385+0000][489.032s][1][129][trace] GC(82) _eden_chunk_array[33]=0x00000000f7bad890
[2025-08-08T15:28:43.385+0000][489.032s][1][129][trace] GC(82) _eden_chunk_array[34]=0x00000000f7bce290
[2025-08-08T15:28:43.385+0000][489.032s][1][129][trace] GC(82) _eden_chunk_array[35]=0x00000000f7bef940
[2025-08-08T15:28:43.385+0000][489.032s][1][129][trace] GC(82) _eden_chunk_array[36]=0x00000000f7c20f50
[2025-08-08T15:28:43.385+0000][489.032s][1][129][trace] GC(82) _eden_chunk_array[37]=0x00000000f7c53e40
[2025-08-08T15:28:43.385+0000][489.032s][1][129][trace] GC(82) _eden_chunk_array[38]=0x00000000f7c79888
[2025-08-08T15:28:43.385+0000][489.032s][1][129][trace] GC(82) _eden_chunk_array[39]=0x00000000f7c9ea88
[2025-08-08T15:28:43.385+0000][489.032s][1][129][trace] GC(82) _eden_chunk_array[40]=0x00000000f7cc3cb8
[2025-08-08T15:28:43.385+0000][489.032s][1][129][trace] GC(82) _eden_chunk_array[41]=0x00000000f7ceaaa0
[2025-08-08T15:28:43.385+0000][489.032s][1][129][trace] GC(82) _eden_chunk_array[42]=0x00000000f7d0b440
[2025-08-08T15:28:43.385+0000][489.032s][1][129][trace] GC(82) _eden_chunk_array[43]=0x00000000f7d30640
[2025-08-08T15:28:43.385+0000][489.032s][1][129][trace] GC(82) _eden_chunk_array[44]=0x00000000f7d9da90
[2025-08-08T15:28:43.385+0000][489.032s][1][129][trace] GC(82) _eden_chunk_array[45]=0x00000000f7dd09f8
[2025-08-08T15:28:43.385+0000][489.032s][1][129][trace] GC(82) _eden_chunk_array[46]=0x00000000f7df56f0
[2025-08-08T15:28:43.385+0000][489.032s][1][129][trace] GC(82) _eden_chunk_array[47]=0x00000000f7e1ad98
[2025-08-08T15:28:43.385+0000][489.032s][1][129][trace] GC(82) _eden_chunk_array[48]=0x00000000f7e88158
[2025-08-08T15:28:43.385+0000][489.032s][1][129][trace] GC(82) _eden_chunk_array[49]=0x00000000f7eb0348
[2025-08-08T15:28:43.385+0000][489.032s][1][129][trace] GC(82) _eden_chunk_array[50]=0x00000000f7ed5e98
[2025-08-08T15:28:43.385+0000][489.032s][1][129][trace] GC(82) _eden_chunk_array[51]=0x00000000f7f02cb8
[2025-08-08T15:28:43.385+0000][489.032s][1][129][trace] GC(82) _eden_chunk_array[52]=0x00000000f7f29820
[2025-08-08T15:28:43.385+0000][489.032s][1][129][trace] GC(82) _eden_chunk_array[53]=0x00000000f7f50380
[2025-08-08T15:28:43.385+0000][489.032s][1][129][trace] GC(82) _eden_chunk_array[54]=0x00000000f7f78570
[2025-08-08T15:28:43.385+0000][489.032s][1][129][trace] GC(82) _eden_chunk_array[55]=0x00000000f7f9f118
[2025-08-08T15:28:43.385+0000][489.033s][1][129][trace] GC(82) _eden_chunk_array[56]=0x00000000f7fd1398
[2025-08-08T15:28:43.385+0000][489.033s][1][129][trace] GC(82) _eden_chunk_array[57]=0x00000000f7ff15f0
[2025-08-08T15:28:43.385+0000][489.033s][1][129][trace] GC(82) _eden_chunk_array[58]=0x00000000f8021d80
[2025-08-08T15:28:43.385+0000][489.033s][1][129][trace] GC(82) _eden_chunk_array[59]=0x00000000f8052520
[2025-08-08T15:28:43.385+0000][489.033s][1][129][trace] GC(82) _eden_chunk_array[60]=0x00000000f8078698
[2025-08-08T15:28:43.385+0000][489.033s][1][129][trace] GC(82) _eden_chunk_array[61]=0x00000000f809e8f8
[2025-08-08T15:28:43.385+0000][489.033s][1][129][trace] GC(82) _eden_chunk_array[62]=0x00000000f80c9470
[2025-08-08T15:28:43.385+0000][489.033s][1][129][trace] GC(82) _eden_chunk_array[63]=0x00000000f8101478
[2025-08-08T15:28:43.385+0000][489.033s][1][129][trace] GC(82) _eden_chunk_array[64]=0x00000000f8128fa8
[2025-08-08T15:28:43.385+0000][489.033s][1][129][trace] GC(82) _eden_chunk_array[65]=0x00000000f81516c0
[2025-08-08T15:28:43.385+0000][489.033s][1][129][trace] GC(82) _eden_chunk_array[66]=0x00000000f81bc790
[2025-08-08T15:28:43.385+0000][489.033s][1][129][trace] GC(82) _eden_chunk_array[67]=0x00000000f821fae0
[2025-08-08T15:28:43.385+0000][489.033s][1][129][trace] GC(82) _eden_chunk_array[68]=0x00000000f8245540
[2025-08-08T15:28:43.385+0000][489.033s][1][129][trace] GC(82) _eden_chunk_array[69]=0x00000000f826afc0
[2025-08-08T15:28:43.385+0000][489.033s][1][129][trace] GC(82) _eden_chunk_array[70]=0x00000000f82909f8
[2025-08-08T15:28:43.385+0000][489.033s][1][129][trace] GC(82) _eden_chunk_array[71]=0x00000000f82b6460
[2025-08-08T15:28:43.385+0000][489.033s][1][129][trace] GC(82) _eden_chunk_array[72]=0x00000000f82dbef0
[2025-08-08T15:28:43.385+0000][489.033s][1][129][trace] GC(82) _eden_chunk_array[73]=0x00000000f8301998
[2025-08-08T15:28:43.385+0000][489.033s][1][129][trace] GC(82) _eden_chunk_array[74]=0x00000000f83398c8
[2025-08-08T15:28:43.385+0000][489.033s][1][129][trace] GC(82) _eden_chunk_array[75]=0x00000000f835b020
[2025-08-08T15:28:43.385+0000][489.033s][1][129][trace] GC(82) _eden_chunk_array[76]=0x00000000f8381080
[2025-08-08T15:28:43.385+0000][489.033s][1][129][trace] GC(82) _eden_chunk_array[77]=0x00000000f83daa10
[2025-08-08T15:28:43.385+0000][489.033s][1][129][trace] GC(82) _eden_chunk_array[78]=0x00000000f8409a80
[2025-08-08T15:28:43.385+0000][489.033s][1][129][trace] GC(82) _eden_chunk_array[79]=0x00000000f842d588
[2025-08-08T15:28:43.385+0000][489.033s][1][129][trace] GC(82) _eden_chunk_array[80]=0x00000000f8485750
[2025-08-08T15:28:43.385+0000][489.033s][1][129][trace] GC(82) _eden_chunk_array[81]=0x00000000f84b3020
[2025-08-08T15:28:43.385+0000][489.033s][1][129][trace] GC(82) _eden_chunk_array[82]=0x00000000f84db8f8
[2025-08-08T15:28:43.385+0000][489.033s][1][129][trace] GC(82) _eden_chunk_array[83]=0x00000000f850c098
[2025-08-08T15:28:43.385+0000][489.033s][1][129][trace] GC(82) _eden_chunk_array[84]=0x00000000f8534970
[2025-08-08T15:28:43.385+0000][489.033s][1][129][trace] GC(82) _eden_chunk_array[85]=0x00000000f8565110
[2025-08-08T15:28:43.385+0000][489.033s][1][129][trace] GC(82) _eden_chunk_array[86]=0x00000000f85b6928
[2025-08-08T15:28:43.385+0000][489.033s][1][129][trace] GC(82) _eden_chunk_array[87]=0x00000000f85df230
[2025-08-08T15:28:43.385+0000][489.033s][1][129][trace] GC(82) _eden_chunk_array[88]=0x00000000f8607b20
[2025-08-08T15:28:43.385+0000][489.033s][1][129][trace] GC(82) _eden_chunk_array[89]=0x00000000f862e828
[2025-08-08T15:28:43.385+0000][489.033s][1][129][trace] GC(82) _eden_chunk_array[90]=0x00000000f8653490
[2025-08-08T15:28:43.385+0000][489.033s][1][129][trace] GC(82) _eden_chunk_array[91]=0x00000000f8674438
[2025-08-08T15:28:43.385+0000][489.033s][1][129][trace] GC(82) _eden_chunk_array[92]=0x00000000f869b2d8
[2025-08-08T15:28:43.385+0000][489.033s][1][129][trace] GC(82) _eden_chunk_array[93]=0x00000000f86bfc78
[2025-08-08T15:28:43.385+0000][489.033s][1][129][trace] GC(82) _eden_chunk_array[94]=0x00000000f86e6630
[2025-08-08T15:28:43.385+0000][489.033s][1][129][trace] GC(82) _eden_chunk_array[95]=0x00000000f871a5d0
[2025-08-08T15:28:43.385+0000][489.033s][1][129][trace] GC(82) _eden_chunk_array[96]=0x00000000f87464f8
[2025-08-08T15:28:43.385+0000][489.033s][1][129][trace] GC(82) _eden_chunk_array[97]=0x00000000f877af98
[2025-08-08T15:28:43.385+0000][489.033s][1][129][trace] GC(82) _eden_chunk_array[98]=0x00000000f87e6d28
[2025-08-08T15:28:43.385+0000][489.033s][1][129][trace] GC(82) _eden_chunk_array[99]=0x00000000f88174d0
[2025-08-08T15:28:43.385+0000][489.033s][1][129][trace] GC(82) _eden_chunk_array[100]=0x00000000f884bfe0
[2025-08-08T15:28:43.385+0000][489.033s][1][129][trace] GC(82) _eden_chunk_array[101]=0x00000000f8880a90
[2025-08-08T15:28:43.385+0000][489.033s][1][129][trace] GC(82) _eden_chunk_array[102]=0x00000000f88a8fa0
[2025-08-08T15:28:43.385+0000][489.033s][1][129][trace] GC(82) _eden_chunk_array[103]=0x00000000f88ca4d8
[2025-08-08T15:28:43.385+0000][489.033s][1][129][trace] GC(82) _eden_chunk_array[104]=0x00000000f88f0e68
[2025-08-08T15:28:43.385+0000][489.033s][1][129][trace] GC(82) _eden_chunk_array[105]=0x00000000f8914998
[2025-08-08T15:28:43.385+0000][489.033s][1][129][trace] GC(82) _eden_chunk_array[106]=0x00000000f8943b50
[2025-08-08T15:28:43.385+0000][489.033s][1][129][trace] GC(82) _eden_chunk_array[107]=0x00000000f8967d68
[2025-08-08T15:28:43.385+0000][489.033s][1][129][trace] GC(82) _eden_chunk_array[108]=0x00000000f8991360
[2025-08-08T15:28:43.385+0000][489.033s][1][129][trace] GC(82) _eden_chunk_array[109]=0x00000000f89b7ec0
[2025-08-08T15:28:43.385+0000][489.033s][1][129][trace] GC(82) _eden_chunk_array[110]=0x00000000f89deaa8
[2025-08-08T15:28:43.385+0000][489.033s][1][129][trace] GC(82) _eden_chunk_array[111]=0x00000000f8a01e48
[2025-08-08T15:28:43.385+0000][489.033s][1][129][trace] GC(82) _eden_chunk_array[112]=0x00000000f8a289a8
[2025-08-08T15:28:43.385+0000][489.033s][1][129][trace] GC(82) _eden_chunk_array[113]=0x00000000f8a4f518
[2025-08-08T15:28:43.385+0000][489.033s][1][129][trace] GC(82) _eden_chunk_array[114]=0x00000000f8a9dc58
[2025-08-08T15:28:43.385+0000][489.033s][1][129][trace] GC(82) _eden_chunk_array[115]=0x00000000f8ac4d88
[2025-08-08T15:28:43.385+0000][489.033s][1][129][trace] GC(82) _eden_chunk_array[116]=0x00000000f8aebd28
[2025-08-08T15:28:43.385+0000][489.033s][1][129][trace] GC(82) _eden_chunk_array[117]=0x00000000f8b48a38
[2025-08-08T15:28:43.385+0000][489.033s][1][129][trace] GC(82) _eden_chunk_array[118]=0x00000000f8b6d790
[2025-08-08T15:28:43.385+0000][489.033s][1][129][trace] GC(82) _eden_chunk_array[119]=0x00000000f8b911e8
[2025-08-08T15:28:43.385+0000][489.033s][1][129][trace] GC(82) _eden_chunk_array[120]=0x00000000f8bef900
[2025-08-08T15:28:43.385+0000][489.033s][1][129][trace] GC(82) _eden_chunk_array[121]=0x00000000f8c335d8
[2025-08-08T15:28:43.385+0000][489.033s][1][129][trace] GC(82) _eden_chunk_array[122]=0x00000000f8c8e5a0
[2025-08-08T15:28:43.385+0000][489.033s][1][129][trace] GC(82) _eden_chunk_array[123]=0x00000000f8caff78
[2025-08-08T15:28:43.385+0000][489.033s][1][129][trace] GC(82) _eden_chunk_array[124]=0x00000000f8cdd530
[2025-08-08T15:28:43.385+0000][489.033s][1][129][trace] GC(82) _eden_chunk_array[125]=0x00000000f8d08b20
[2025-08-08T15:28:43.385+0000][489.033s][1][129][trace] GC(82) _eden_chunk_array[126]=0x00000000f8d3f138
[2025-08-08T15:28:43.385+0000][489.033s][1][129][trace] GC(82) _eden_chunk_array[127]=0x00000000f8daaec8
[2025-08-08T15:28:43.385+0000][489.033s][1][129][trace] GC(82) _eden_chunk_array[128]=0x00000000f8ddf970
[2025-08-08T15:28:43.385+0000][489.033s][1][129][trace] GC(82) _eden_chunk_array[129]=0x00000000f8e14438
[2025-08-08T15:28:43.385+0000][489.033s][1][129][trace] GC(82) _eden_chunk_array[130]=0x00000000f8e36208
[2025-08-08T15:28:43.385+0000][489.033s][1][129][trace] GC(82) _eden_chunk_array[131]=0x00000000f8e60288
[2025-08-08T15:28:43.385+0000][489.033s][1][129][trace] GC(82) _eden_chunk_array[132]=0x00000000f8eace78
[2025-08-08T15:28:43.385+0000][489.033s][1][129][trace] GC(82) _eden_chunk_array[133]=0x00000000f8ee1548
[2025-08-08T15:28:43.385+0000][489.033s][1][129][trace] GC(82) _eden_chunk_array[134]=0x00000000f8f07f38
[2025-08-08T15:28:43.385+0000][489.033s][1][129][trace] GC(82) _eden_chunk_array[135]=0x00000000f8f3d1f8
[2025-08-08T15:28:43.385+0000][489.033s][1][129][trace] GC(82) _eden_chunk_array[136]=0x00000000f8f6c388
[2025-08-08T15:28:43.385+0000][489.033s][1][129][trace] GC(82) _eden_chunk_array[137]=0x00000000f8f9b4f0
[2025-08-08T15:28:43.385+0000][489.033s][1][129][trace] GC(82) _eden_chunk_array[138]=0x00000000f8fd1ce8
[2025-08-08T15:28:43.385+0000][489.033s][1][129][trace] GC(82) _eden_chunk_array[139]=0x00000000f9000e68
[2025-08-08T15:28:43.385+0000][489.033s][1][129][trace] GC(82) _eden_chunk_array[140]=0x00000000f902ffd0
[2025-08-08T15:28:43.385+0000][489.033s][1][129][trace] GC(82) _eden_chunk_array[141]=0x00000000f9064aa0
[2025-08-08T15:28:43.385+0000][489.033s][1][129][trace] GC(82) _eden_chunk_array[142]=0x00000000f90b31d8
[2025-08-08T15:28:43.385+0000][489.033s][1][129][trace] GC(82) _eden_chunk_array[143]=0x00000000f90da820
[2025-08-08T15:28:43.385+0000][489.033s][1][129][trace] GC(82) _eden_chunk_array[144]=0x00000000f9101ba0
[2025-08-08T15:28:43.385+0000][489.033s][1][129][trace] GC(82) _eden_chunk_array[145]=0x00000000f912f280
[2025-08-08T15:28:43.385+0000][489.033s][1][129][trace] GC(82) _eden_chunk_array[146]=0x00000000f9189620
[2025-08-08T15:28:43.386+0000][489.033s][1][129][trace] GC(82) _eden_chunk_array[147]=0x00000000f91bd578
[2025-08-08T15:28:43.386+0000][489.033s][1][129][trace] GC(82) _eden_chunk_array[148]=0x00000000f91e7e78
[2025-08-08T15:28:43.386+0000][489.033s][1][129][trace] GC(82) _eden_chunk_array[149]=0x00000000f924aa20
[2025-08-08T15:28:43.386+0000][489.033s][1][129][trace] GC(82) _eden_chunk_array[150]=0x00000000f9272000
[2025-08-08T15:28:43.386+0000][489.033s][1][129][trace] GC(82) _eden_chunk_array[151]=0x00000000f9297998
[2025-08-08T15:28:43.386+0000][489.033s][1][129][trace] GC(82) _eden_chunk_array[152]=0x00000000f92c8138
[2025-08-08T15:28:43.386+0000][489.033s][1][129][trace] GC(82) _eden_chunk_array[153]=0x00000000f92edaa0
[2025-08-08T15:28:43.386+0000][489.033s][1][129][trace] GC(82) _eden_chunk_array[154]=0x00000000f9313428
[2025-08-08T15:28:43.386+0000][489.033s][1][129][trace] GC(82) _eden_chunk_array[155]=0x00000000f9338dc8
[2025-08-08T15:28:43.386+0000][489.033s][1][129][trace] GC(82) _eden_chunk_array[156]=0x00000000f935e778
[2025-08-08T15:28:43.386+0000][489.033s][1][129][trace] GC(82) _eden_chunk_array[157]=0x00000000f9387c48
[2025-08-08T15:28:43.386+0000][489.033s][1][129][trace] GC(82) _eden_chunk_array[158]=0x00000000f93b50b8
[2025-08-08T15:28:43.386+0000][489.033s][1][129][trace] GC(82) _eden_chunk_array[159]=0x00000000f93da618
[2025-08-08T15:28:43.386+0000][489.033s][1][129][trace] GC(82) _eden_chunk_array[160]=0x00000000f9417650
[2025-08-08T15:28:43.386+0000][489.033s][1][129][trace] GC(82) _eden_chunk_array[161]=0x00000000f943acc8
[2025-08-08T15:28:43.386+0000][489.033s][1][129][trace] GC(82) _eden_chunk_array[162]=0x00000000f9464500
[2025-08-08T15:28:43.386+0000][489.033s][1][129][trace] GC(82) _eden_chunk_array[163]=0x00000000f948e178
[2025-08-08T15:28:43.386+0000][489.033s][1][129][trace] GC(82) _eden_chunk_array[164]=0x00000000f94b8238
[2025-08-08T15:28:43.386+0000][489.033s][1][129][trace] GC(82) _eden_chunk_array[165]=0x00000000f95197e8
[2025-08-08T15:28:43.386+0000][489.033s][1][129][trace] GC(82) _eden_chunk_array[166]=0x00000000f9542118
[2025-08-08T15:28:43.386+0000][489.033s][1][129][trace] GC(82) _eden_chunk_array[167]=0x00000000f9567aa0
[2025-08-08T15:28:43.386+0000][489.033s][1][129][trace] GC(82) _eden_chunk_array[168]=0x00000000f9591b48
[2025-08-08T15:28:43.386+0000][489.033s][1][129][trace] GC(82) _eden_chunk_array[169]=0x00000000f95bbc00
[2025-08-08T15:28:43.386+0000][489.033s][1][129][trace] GC(82) _eden_chunk_array[170]=0x00000000f95e5cc0
[2025-08-08T15:28:43.386+0000][489.033s][1][129][trace] GC(82) _eden_chunk_array[171]=0x00000000f960fd68
[2025-08-08T15:28:43.386+0000][489.033s][1][129][trace] GC(82) _eden_chunk_array[172]=0x00000000f965e498
[2025-08-08T15:28:43.386+0000][489.033s][1][129][trace] GC(82) _eden_chunk_array[173]=0x00000000f9681860
[2025-08-08T15:28:43.386+0000][489.033s][1][129][trace] GC(82) _eden_chunk_array[174]=0x00000000f96a4070
[2025-08-08T15:28:43.386+0000][489.033s][1][129][trace] GC(82) _eden_chunk_array[175]=0x00000000f96c6188
[2025-08-08T15:28:43.386+0000][489.033s][1][129][trace] GC(82) _eden_chunk_array[176]=0x00000000f96f0fd8
[2025-08-08T15:28:43.386+0000][489.033s][1][129][trace] GC(82) _eden_chunk_array[177]=0x00000000f9713e68
[2025-08-08T15:28:43.386+0000][489.033s][1][129][trace] GC(82) _eden_chunk_array[178]=0x00000000f97368f0
[2025-08-08T15:28:43.386+0000][489.033s][1][129][trace] GC(82) _eden_chunk_array[179]=0x00000000f9759728
[2025-08-08T15:28:43.386+0000][489.033s][1][129][trace] GC(82) _eden_chunk_array[180]=0x00000000f977aab8
[2025-08-08T15:28:43.386+0000][489.033s][1][129][trace] GC(82) _eden_chunk_array[181]=0x00000000f979d8d8
[2025-08-08T15:28:43.386+0000][489.033s][1][129][trace] GC(82) _eden_chunk_array[182]=0x00000000f97c8718
[2025-08-08T15:28:43.386+0000][489.033s][1][129][trace] GC(82) _eden_chunk_array[183]=0x00000000f97f4440
[2025-08-08T15:28:43.386+0000][489.033s][1][129][trace] GC(82) _eden_chunk_array[184]=0x00000000f981db60
[2025-08-08T15:28:43.386+0000][489.033s][1][129][trace] GC(82) _eden_chunk_array[185]=0x00000000f9849888
[2025-08-08T15:28:43.386+0000][489.033s][1][129][trace] GC(82) _eden_chunk_array[186]=0x00000000f98b8410
[2025-08-08T15:28:43.386+0000][489.033s][1][129][trace] GC(82) _eden_chunk_array[187]=0x00000000f98ec3e8
[2025-08-08T15:28:43.386+0000][489.033s][1][129][trace] GC(82) _eden_chunk_array[188]=0x00000000f990dc78
[2025-08-08T15:28:43.386+0000][489.033s][1][129][trace] GC(82) _eden_chunk_array[189]=0x00000000f9932348
[2025-08-08T15:28:43.386+0000][489.033s][1][129][trace] GC(82) _eden_chunk_array[190]=0x00000000f99892b8
[2025-08-08T15:28:43.386+0000][489.033s][1][129][trace] GC(82) _eden_chunk_array[191]=0x00000000f99d5db8
[2025-08-08T15:28:43.386+0000][489.033s][1][129][trace] GC(82) _eden_chunk_array[192]=0x00000000f9a070a8
[2025-08-08T15:28:43.386+0000][489.033s][1][129][trace] GC(82) _eden_chunk_array[193]=0x00000000f9a308c8
[2025-08-08T15:28:43.386+0000][489.033s][1][129][trace] GC(82) _eden_chunk_array[194]=0x00000000f9a5a0f8
[2025-08-08T15:28:43.386+0000][489.033s][1][129][trace] GC(82) _eden_chunk_array[195]=0x00000000f9a83938
[2025-08-08T15:28:43.386+0000][489.033s][1][129][trace] GC(82) _eden_chunk_array[196]=0x00000000f9aad178
[2025-08-08T15:28:43.386+0000][489.033s][1][129][trace] GC(82) _eden_chunk_array[197]=0x00000000f9ad69a8
[2025-08-08T15:28:43.386+0000][489.033s][1][129][trace] GC(82) _eden_chunk_array[198]=0x00000000f9b03f40
[2025-08-08T15:28:43.386+0000][489.033s][1][129][trace] GC(82) _eden_chunk_array[199]=0x00000000f9b55758
[2025-08-08T15:28:43.386+0000][489.033s][1][129][trace] GC(82) _eden_chunk_array[200]=0x00000000f9b80550
[2025-08-08T15:28:43.386+0000][489.033s][1][129][trace] GC(82) _eden_chunk_array[201]=0x00000000f9ba7690
[2025-08-08T15:28:43.386+0000][489.033s][1][129][trace] GC(82) _eden_chunk_array[202]=0x00000000f9bc7910
[2025-08-08T15:28:43.386+0000][489.033s][1][129][trace] GC(82) _eden_chunk_array[203]=0x00000000f9c25260
[2025-08-08T15:28:43.386+0000][489.033s][1][129][trace] GC(82) _eden_chunk_array[204]=0x00000000f9c48830
[2025-08-08T15:28:43.386+0000][489.033s][1][129][trace] GC(82) _eden_chunk_array[205]=0x00000000f9c6f7f0
[2025-08-08T15:28:43.386+0000][489.033s][1][129][trace] GC(82) _eden_chunk_array[206]=0x00000000f9ca42a8
[2025-08-08T15:28:43.386+0000][489.033s][1][129][trace] GC(82) _eden_chunk_array[207]=0x00000000f9cd9558
[2025-08-08T15:28:43.386+0000][489.033s][1][129][trace] GC(82) _eden_chunk_array[208]=0x00000000f9d0e830
[2025-08-08T15:28:43.386+0000][489.033s][1][129][trace] GC(82) _eden_chunk_array[209]=0x00000000f9d38af8
[2025-08-08T15:28:43.386+0000][489.033s][1][129][trace] GC(82) _eden_chunk_array[210]=0x00000000f9d6ddd0
[2025-08-08T15:28:43.386+0000][489.033s][1][129][trace] GC(82) _eden_chunk_array[211]=0x00000000f9dd3018
[2025-08-08T15:28:43.386+0000][489.033s][1][129][trace] GC(82) _eden_chunk_array[212]=0x00000000f9df8f90
[2025-08-08T15:28:43.386+0000][489.033s][1][129][trace] GC(82) _eden_chunk_array[213]=0x00000000f9e19990
[2025-08-08T15:28:43.386+0000][489.033s][1][129][trace] GC(82) _eden_chunk_array[214]=0x00000000f9e3a3a0
[2025-08-08T15:28:43.386+0000][489.033s][1][129][trace] GC(82) _eden_chunk_array[215]=0x00000000f9e88c58
[2025-08-08T15:28:43.386+0000][489.033s][1][129][trace] GC(82) _eden_chunk_array[216]=0x00000000f9eae350
[2025-08-08T15:28:43.386+0000][489.033s][1][129][trace] GC(82) _eden_chunk_array[217]=0x00000000f9ed1930
[2025-08-08T15:28:43.386+0000][489.033s][1][129][trace] GC(82) _eden_chunk_array[218]=0x00000000f9ef8f10
[2025-08-08T15:28:43.386+0000][489.033s][1][129][trace] GC(82) _eden_chunk_array[219]=0x00000000f9f29f98
[2025-08-08T15:28:43.386+0000][489.033s][1][129][trace] GC(82) _eden_chunk_array[220]=0x00000000f9f5a8a0
[2025-08-08T15:28:43.386+0000][489.033s][1][129][trace] GC(82) _eden_chunk_array[221]=0x00000000f9f7c660
[2025-08-08T15:28:43.386+0000][489.033s][1][129][trace] GC(82) _eden_chunk_array[222]=0x00000000f9face00
[2025-08-08T15:28:43.386+0000][489.033s][1][129][trace] GC(82) _eden_chunk_array[223]=0x00000000f9ff7b10
[2025-08-08T15:28:43.386+0000][489.033s][1][129][trace] GC(82) _eden_chunk_array[224]=0x00000000fa02c5f8
[2025-08-08T15:28:43.386+0000][489.033s][1][129][trace] GC(82) _eden_chunk_array[225]=0x00000000fa062c58
[2025-08-08T15:28:43.386+0000][489.033s][1][129][trace] GC(82) _eden_chunk_array[226]=0x00000000fa097708
[2025-08-08T15:28:43.386+0000][489.033s][1][129][trace] GC(82) _eden_chunk_array[227]=0x00000000fa0bc180
[2025-08-08T15:28:43.386+0000][489.033s][1][129][trace] GC(82) _eden_chunk_array[228]=0x00000000fa0de9f8
[2025-08-08T15:28:43.386+0000][489.033s][1][129][trace] GC(82) _eden_chunk_array[229]=0x00000000fa13f660
[2025-08-08T15:28:43.386+0000][489.033s][1][129][trace] GC(82) _eden_chunk_array[230]=0x00000000fa173430
[2025-08-08T15:28:43.386+0000][489.033s][1][129][trace] GC(82) _eden_chunk_array[231]=0x00000000fa1a09b8
[2025-08-08T15:28:43.386+0000][489.033s][1][129][trace] GC(82) _eden_chunk_array[232]=0x00000000fa1ca1f8
[2025-08-08T15:28:43.386+0000][489.033s][1][129][trace] GC(82) _eden_chunk_array[233]=0x00000000fa1eb6b0
[2025-08-08T15:28:43.386+0000][489.033s][1][129][trace] GC(82) _eden_chunk_array[234]=0x00000000fa20cb48
[2025-08-08T15:28:43.386+0000][489.033s][1][129][trace] GC(82) _eden_chunk_array[235]=0x00000000fa22e018
[2025-08-08T15:28:43.386+0000][489.033s][1][129][trace] GC(82) _eden_chunk_array[236]=0x00000000fa24f4e8
[2025-08-08T15:28:43.386+0000][489.033s][1][129][trace] GC(82) _eden_chunk_array[237]=0x00000000fa278990
[2025-08-08T15:28:43.386+0000][489.033s][1][129][trace] GC(82) _eden_chunk_array[238]=0x00000000fa299e38
[2025-08-08T15:28:43.386+0000][489.033s][1][129][trace] GC(82) _eden_chunk_array[239]=0x00000000fa2c3690
[2025-08-08T15:28:43.386+0000][489.033s][1][129][trace] GC(82) _eden_chunk_array[240]=0x00000000fa2f3e38
[2025-08-08T15:28:43.386+0000][489.033s][1][129][trace] GC(82) _eden_chunk_array[241]=0x00000000fa3245e0
[2025-08-08T15:28:43.386+0000][489.033s][1][129][trace] GC(82) _eden_chunk_array[242]=0x00000000fa34aeb0
[2025-08-08T15:28:43.386+0000][489.033s][1][129][trace] GC(82) _eden_chunk_array[243]=0x00000000fa374360
[2025-08-08T15:28:43.386+0000][489.033s][1][129][trace] GC(82) _eden_chunk_array[244]=0x00000000fa3e0970
[2025-08-08T15:28:43.386+0000][489.033s][1][129][trace] GC(82) _eden_chunk_array[245]=0x00000000fa414af8
[2025-08-08T15:28:43.386+0000][489.033s][1][129][trace] GC(82) _eden_chunk_array[246]=0x00000000fa43d3d0
[2025-08-08T15:28:43.386+0000][489.033s][1][129][trace] GC(82) _eden_chunk_array[247]=0x00000000fa4615c0
[2025-08-08T15:28:43.386+0000][489.033s][1][129][trace] GC(82) _eden_chunk_array[248]=0x00000000fa4cdb48
[2025-08-08T15:28:43.386+0000][489.033s][1][129][trace] GC(82) _eden_chunk_array[249]=0x00000000fa4f7370
[2025-08-08T15:28:43.386+0000][489.033s][1][129][trace] GC(82) _eden_chunk_array[250]=0x00000000fa5203f0
[2025-08-08T15:28:43.386+0000][489.033s][1][129][trace] GC(82) _eden_chunk_array[251]=0x00000000fa549c38
[2025-08-08T15:28:43.386+0000][489.033s][1][129][trace] GC(82) _eden_chunk_array[252]=0x00000000fa57a3d8
[2025-08-08T15:28:43.386+0000][489.033s][1][129][trace] GC(82) _eden_chunk_array[253]=0x00000000fa5a3c10
[2025-08-08T15:28:43.386+0000][489.033s][1][129][trace] GC(82) _eden_chunk_array[254]=0x00000000fa5d43a0
[2025-08-08T15:28:43.386+0000][489.033s][1][129][trace] GC(82) _eden_chunk_array[255]=0x00000000fa5fdbc8
[2025-08-08T15:28:43.386+0000][489.033s][1][129][trace] GC(82) _eden_chunk_array[256]=0x00000000fa627418
[2025-08-08T15:28:43.386+0000][489.033s][1][129][trace] GC(82) _eden_chunk_array[257]=0x00000000fa64f488
[2025-08-08T15:28:43.386+0000][489.033s][1][129][trace] GC(82) _eden_chunk_array[258]=0x00000000fa67c240
[2025-08-08T15:28:43.386+0000][489.033s][1][129][trace] GC(82) _eden_chunk_array[259]=0x00000000fa6ad1c8
[2025-08-08T15:28:43.386+0000][489.033s][1][129][trace] GC(82) _eden_chunk_array[260]=0x00000000fa6d80d8
[2025-08-08T15:28:43.386+0000][489.033s][1][129][trace] GC(82) _eden_chunk_array[261]=0x00000000fa7002f0
[2025-08-08T15:28:43.386+0000][489.033s][1][129][trace] GC(82) _eden_chunk_array[262]=0x00000000fa738440
[2025-08-08T15:28:43.386+0000][489.033s][1][129][trace] GC(82) _eden_chunk_array[263]=0x00000000fa75d228
[2025-08-08T15:28:43.386+0000][489.033s][1][129][trace] GC(82) _eden_chunk_array[264]=0x00000000fa7cbab8
[2025-08-08T15:28:43.386+0000][489.033s][1][129][trace] GC(82) _eden_chunk_array[265]=0x00000000fa7f9498
[2025-08-08T15:28:43.386+0000][489.033s][1][129][trace] GC(82) _eden_chunk_array[266]=0x00000000fa8267f8
[2025-08-08T15:28:43.386+0000][489.033s][1][129][trace] GC(82) _eden_chunk_array[267]=0x00000000fa889f98
[2025-08-08T15:28:43.386+0000][489.033s][1][129][trace] GC(82) _eden_chunk_array[268]=0x00000000fa8b4048
[2025-08-08T15:28:43.386+0000][489.033s][1][129][trace] GC(82) _eden_chunk_array[269]=0x00000000fa8d4a00
[2025-08-08T15:28:43.386+0000][489.034s][1][129][trace] GC(82) _eden_chunk_array[270]=0x00000000fa8f5a80
[2025-08-08T15:28:43.386+0000][489.034s][1][129][trace] GC(82) _eden_chunk_array[271]=0x00000000fa9247a8
[2025-08-08T15:28:43.386+0000][489.034s][1][129][trace] GC(82) _eden_chunk_array[272]=0x00000000fa951fc8
[2025-08-08T15:28:43.386+0000][489.034s][1][129][trace] GC(82) _eden_chunk_array[273]=0x00000000fa97b808
[2025-08-08T15:28:43.386+0000][489.034s][1][129][trace] GC(82) _eden_chunk_array[274]=0x00000000fa9a8dd8
[2025-08-08T15:28:43.386+0000][489.034s][1][129][trace] GC(82) _eden_chunk_array[275]=0x00000000fa9da118
[2025-08-08T15:28:43.386+0000][489.034s][1][129][trace] GC(82) _eden_chunk_array[276]=0x00000000faa385f0
[2025-08-08T15:28:43.386+0000][489.034s][1][129][trace] GC(82) _eden_chunk_array[277]=0x00000000faa59c50
[2025-08-08T15:28:43.386+0000][489.034s][1][129][trace] GC(82) _eden_chunk_array[278]=0x00000000faacaf90
[2025-08-08T15:28:43.386+0000][489.034s][1][129][trace] GC(82) _eden_chunk_array[279]=0x00000000faafa878
[2025-08-08T15:28:43.386+0000][489.034s][1][129][trace] GC(82) _eden_chunk_array[280]=0x00000000fab2a140
[2025-08-08T15:28:43.386+0000][489.034s][1][129][trace] GC(82) _eden_chunk_array[281]=0x00000000fab599d8
[2025-08-08T15:28:43.386+0000][489.034s][1][129][trace] GC(82) _eden_chunk_array[282]=0x00000000fab83eb0
[2025-08-08T15:28:43.386+0000][489.034s][1][129][trace] GC(82) _eden_chunk_array[283]=0x00000000faba50e8
[2025-08-08T15:28:43.386+0000][489.034s][1][129][trace] GC(82) _eden_chunk_array[284]=0x00000000fabd8038
[2025-08-08T15:28:43.386+0000][489.034s][1][129][trace] GC(82) _eden_chunk_array[285]=0x00000000fac09340
[2025-08-08T15:28:43.386+0000][489.034s][1][129][trace] GC(82) _eden_chunk_array[286]=0x00000000fac36148
[2025-08-08T15:28:43.386+0000][489.034s][1][129][trace] GC(82) _eden_chunk_array[287]=0x00000000fac64b40
[2025-08-08T15:28:43.386+0000][489.034s][1][129][trace] GC(82) _eden_chunk_array[288]=0x00000000fac906c0
[2025-08-08T15:28:43.386+0000][489.034s][1][129][trace] GC(82) _eden_chunk_array[289]=0x00000000facc2a90
[2025-08-08T15:28:43.386+0000][489.034s][1][129][trace] GC(82) _eden_chunk_array[290]=0x00000000fad0b5d8
[2025-08-08T15:28:43.386+0000][489.034s][1][129][trace] GC(82) _eden_chunk_array[291]=0x00000000fad3b740
[2025-08-08T15:28:43.386+0000][489.034s][1][129][trace] GC(82) _eden_chunk_array[292]=0x00000000fad64048
[2025-08-08T15:28:43.386+0000][489.034s][1][129][trace] GC(82) _eden_chunk_array[293]=0x00000000fadb5870
[2025-08-08T15:28:43.386+0000][489.034s][1][129][trace] GC(82) _eden_chunk_array[294]=0x00000000fade2508
[2025-08-08T15:28:43.386+0000][489.034s][1][129][trace] GC(82) _eden_chunk_array[295]=0x00000000fae101b8
[2025-08-08T15:28:43.386+0000][489.034s][1][129][trace] GC(82) _eden_chunk_array[296]=0x00000000fae6a220
[2025-08-08T15:28:43.386+0000][489.034s][1][129][trace] GC(82) _eden_chunk_array[297]=0x00000000fae9d038
[2025-08-08T15:28:43.386+0000][489.034s][1][129][trace] GC(82) _eden_chunk_array[298]=0x00000000faec4668
[2025-08-08T15:28:43.386+0000][489.034s][1][129][trace] GC(82) _eden_chunk_array[299]=0x00000000faef0388
[2025-08-08T15:28:43.386+0000][489.034s][1][129][trace] GC(82) _eden_chunk_array[300]=0x00000000faf1c0e0
[2025-08-08T15:28:43.386+0000][489.034s][1][129][trace] GC(82) _eden_chunk_array[301]=0x00000000faf416b0
[2025-08-08T15:28:43.386+0000][489.034s][1][129][trace] GC(82) _eden_chunk_array[302]=0x00000000faf6d400
[2025-08-08T15:28:43.386+0000][489.034s][1][129][trace] GC(82) _eden_chunk_array[303]=0x00000000faf909d0
[2025-08-08T15:28:43.386+0000][489.034s][1][129][trace] GC(82) _eden_chunk_array[304]=0x00000000fafbc6f0
[2025-08-08T15:28:43.386+0000][489.034s][1][129][trace] GC(82) _eden_chunk_array[305]=0x00000000fafdfcc8
[2025-08-08T15:28:43.386+0000][489.034s][1][129][trace] GC(82) _eden_chunk_array[306]=0x00000000fb03fea8
[2025-08-08T15:28:43.386+0000][489.034s][1][129][trace] GC(82) _eden_chunk_array[307]=0x00000000fb068fc8
[2025-08-08T15:28:43.386+0000][489.034s][1][129][trace] GC(82) _eden_chunk_array[308]=0x00000000fb08c800
[2025-08-08T15:28:43.386+0000][489.034s][1][129][trace] GC(82) _eden_chunk_array[309]=0x00000000fb0b4558
[2025-08-08T15:28:43.386+0000][489.034s][1][129][trace] GC(82) _eden_chunk_array[310]=0x00000000fb110230
[2025-08-08T15:28:43.386+0000][489.034s][1][129][trace] GC(82) _eden_chunk_array[311]=0x00000000fb13b0b8
[2025-08-08T15:28:43.386+0000][489.034s][1][129][trace] GC(82) _eden_chunk_array[312]=0x00000000fb16aa28
[2025-08-08T15:28:43.386+0000][489.034s][1][129][trace] GC(82) _eden_chunk_array[313]=0x00000000fb18d858
[2025-08-08T15:28:43.386+0000][489.034s][1][129][trace] GC(82) _eden_chunk_array[314]=0x00000000fb1b0678
[2025-08-08T15:28:43.386+0000][489.034s][1][129][trace] GC(82) _eden_chunk_array[315]=0x00000000fb1e34d8
[2025-08-08T15:28:43.386+0000][489.034s][1][129][trace] GC(82) _eden_chunk_array[316]=0x00000000fb217f80
[2025-08-08T15:28:43.386+0000][489.034s][1][129][trace] GC(82) _eden_chunk_array[317]=0x00000000fb24e680
[2025-08-08T15:28:43.386+0000][489.034s][1][129][trace] GC(82) _eden_chunk_array[318]=0x00000000fb2b7300
[2025-08-08T15:28:43.386+0000][489.034s][1][129][trace] GC(82) _eden_chunk_array[319]=0x00000000fb2ebdc0
[2025-08-08T15:28:43.386+0000][489.034s][1][129][trace] GC(82) _eden_chunk_array[320]=0x00000000fb359a38
[2025-08-08T15:28:43.386+0000][489.034s][1][129][trace] GC(82) _eden_chunk_array[321]=0x00000000fb37c338
[2025-08-08T15:28:43.386+0000][489.034s][1][129][trace] GC(82) _eden_chunk_array[322]=0x00000000fb3ddb78
[2025-08-08T15:28:43.386+0000][489.034s][1][129][trace] GC(82) _eden_chunk_array[323]=0x00000000fb40e928
[2025-08-08T15:28:43.386+0000][489.034s][1][129][trace] GC(82) _eden_chunk_array[324]=0x00000000fb43d268
[2025-08-08T15:28:43.386+0000][489.034s][1][129][trace] GC(82) _eden_chunk_array[325]=0x00000000fb466300
[2025-08-08T15:28:43.386+0000][489.034s][1][129][trace] GC(82) _eden_chunk_array[326]=0x00000000fb497390
[2025-08-08T15:28:43.386+0000][489.034s][1][129][trace] GC(82) _eden_chunk_array[327]=0x00000000fb4c41a0
[2025-08-08T15:28:43.386+0000][489.034s][1][129][trace] GC(82) _eden_chunk_array[328]=0x00000000fb4f5250
[2025-08-08T15:28:43.386+0000][489.034s][1][129][trace] GC(82) _eden_chunk_array[329]=0x00000000fb51db58
[2025-08-08T15:28:43.386+0000][489.034s][1][129][trace] GC(82) _eden_chunk_array[330]=0x00000000fb546478
[2025-08-08T15:28:43.386+0000][489.034s][1][129][trace] GC(82) _eden_chunk_array[331]=0x00000000fb594bc0
[2025-08-08T15:28:43.386+0000][489.034s][1][129][trace] GC(82) _eden_chunk_array[332]=0x00000000fb5c3578
[2025-08-08T15:28:43.386+0000][489.034s][1][129][trace] GC(82) _eden_chunk_array[333]=0x00000000fb5eb7a8
[2025-08-08T15:28:43.386+0000][489.034s][1][129][trace] GC(82) _eden_chunk_array[334]=0x00000000fb6143a8
[2025-08-08T15:28:43.386+0000][489.034s][1][129][trace] GC(82) _eden_chunk_array[335]=0x00000000fb635f20
[2025-08-08T15:28:43.386+0000][489.034s][1][129][trace] GC(82) _eden_chunk_array[336]=0x00000000fb65efc0
[2025-08-08T15:28:43.386+0000][489.034s][1][129][trace] GC(82) _eden_chunk_array[337]=0x00000000fb6831a8
[2025-08-08T15:28:43.386+0000][489.034s][1][129][trace] GC(82) _eden_chunk_array[338]=0x00000000fb6b2380
[2025-08-08T15:28:43.386+0000][489.034s][1][129][trace] GC(82) _eden_chunk_array[339]=0x00000000fb6e30d8
[2025-08-08T15:28:43.386+0000][489.034s][1][129][trace] GC(82) _eden_chunk_array[340]=0x00000000fb711a90
[2025-08-08T15:28:43.386+0000][489.034s][1][129][trace] GC(82) _eden_chunk_array[341]=0x00000000fb7632b8
[2025-08-08T15:28:43.386+0000][489.034s][1][129][trace] GC(82) _eden_chunk_array[342]=0x00000000fb799c88
[2025-08-08T15:28:43.387+0000][489.034s][1][129][trace] GC(82) _eden_chunk_array[343]=0x00000000fb7c25c8
[2025-08-08T15:28:43.387+0000][489.034s][1][129][trace] GC(82) _eden_chunk_array[344]=0x00000000fb7e32c8
[2025-08-08T15:28:43.387+0000][489.034s][1][129][trace] GC(82) _eden_chunk_array[345]=0x00000000fb831a10
[2025-08-08T15:28:43.387+0000][489.034s][1][129][trace] GC(82) _eden_chunk_array[346]=0x00000000fb853308
[2025-08-08T15:28:43.387+0000][489.034s][1][129][trace] GC(82) _eden_chunk_array[347]=0x00000000fb874cf0
[2025-08-08T15:28:43.387+0000][489.034s][1][129][trace] GC(82) _eden_chunk_array[348]=0x00000000fb89c368
[2025-08-08T15:28:43.387+0000][489.034s][1][129][trace] GC(82) _eden_chunk_array[349]=0x00000000fb8e6d50
[2025-08-08T15:28:43.387+0000][489.034s][1][129][trace] GC(82) _eden_chunk_array[350]=0x00000000fb9174e0
[2025-08-08T15:28:43.387+0000][489.034s][1][129][trace] GC(82) _eden_chunk_array[351]=0x00000000fb956550
[2025-08-08T15:28:43.387+0000][489.034s][1][129][trace] GC(82) _eden_chunk_array[352]=0x00000000fb9bd658
[2025-08-08T15:28:43.387+0000][489.034s][1][129][trace] GC(82) _eden_chunk_array[353]=0x00000000fba082c0
[2025-08-08T15:28:43.387+0000][489.034s][1][129][trace] GC(82) _eden_chunk_array[354]=0x00000000fba6df60
[2025-08-08T15:28:43.387+0000][489.034s][1][129][trace] GC(82) _eden_chunk_array[355]=0x00000000fbaa2a30
[2025-08-08T15:28:43.387+0000][489.034s][1][129][trace] GC(82) _eden_chunk_array[356]=0x00000000fbad74d8
[2025-08-08T15:28:43.387+0000][489.034s][1][129][trace] GC(82) _eden_chunk_array[357]=0x00000000fbb0bf98
[2025-08-08T15:28:43.387+0000][489.034s][1][129][trace] GC(82) _eden_chunk_array[358]=0x00000000fbb40a80
[2025-08-08T15:28:43.387+0000][489.034s][1][129][trace] GC(82) _eden_chunk_array[359]=0x00000000fbb62f08
[2025-08-08T15:28:43.387+0000][489.034s][1][129][trace] GC(82) _eden_chunk_array[360]=0x00000000fbb85970
[2025-08-08T15:28:43.387+0000][489.034s][1][129][trace] GC(82) _eden_chunk_array[361]=0x00000000fbba6c80
[2025-08-08T15:28:43.387+0000][489.034s][1][129][trace] GC(82) _eden_chunk_array[362]=0x00000000fbbd6648
[2025-08-08T15:28:43.387+0000][489.034s][1][129][trace] GC(82) _eden_chunk_array[363]=0x00000000fbc097d8
[2025-08-08T15:28:43.387+0000][489.034s][1][129][trace] GC(82) _eden_chunk_array[364]=0x00000000fbc36d68
[2025-08-08T15:28:43.387+0000][489.034s][1][129][trace] GC(82) _eden_chunk_array[365]=0x00000000fbc64318
[2025-08-08T15:28:43.387+0000][489.034s][1][129][trace] GC(82) _eden_chunk_array[366]=0x00000000fbcb2a90
[2025-08-08T15:28:43.387+0000][489.034s][1][129][trace] GC(82) _eden_chunk_array[367]=0x00000000fbd1cc30
[2025-08-08T15:28:43.387+0000][489.034s][1][129][trace] GC(82) _eden_chunk_array[368]=0x00000000fbd4df30
[2025-08-08T15:28:43.387+0000][489.034s][1][129][trace] GC(82) _eden_chunk_array[369]=0x00000000fbd7f260
[2025-08-08T15:28:43.387+0000][489.034s][1][129][trace] GC(82) _eden_chunk_array[370]=0x00000000fbdb21a0
[2025-08-08T15:28:43.387+0000][489.034s][1][129][trace] GC(82) _eden_chunk_array[371]=0x00000000fbe14d48
[2025-08-08T15:28:43.387+0000][489.034s][1][129][trace] GC(82) _eden_chunk_array[372]=0x00000000fbe374a0
[2025-08-08T15:28:43.387+0000][489.034s][1][129][trace] GC(82) _eden_chunk_array[373]=0x00000000fbe61598
[2025-08-08T15:28:43.387+0000][489.034s][1][129][trace] GC(82) _eden_chunk_array[374]=0x00000000fbe861c8
[2025-08-08T15:28:43.387+0000][489.034s][1][129][trace] GC(82) _eden_chunk_array[375]=0x00000000fbeaf9f8
[2025-08-08T15:28:43.387+0000][489.034s][1][129][trace] GC(82) _eden_chunk_array[376]=0x00000000fbed0e88
[2025-08-08T15:28:43.387+0000][489.034s][1][129][trace] GC(82) _eden_chunk_array[377]=0x00000000fbefe178
[2025-08-08T15:28:43.387+0000][489.034s][1][129][trace] GC(82) _eden_chunk_array[378]=0x00000000fbf69f18
[2025-08-08T15:28:43.387+0000][489.034s][1][129][trace] GC(82) _eden_chunk_array[379]=0x00000000fbf9a5e0
[2025-08-08T15:28:43.387+0000][489.034s][1][129][trace] GC(82) _eden_chunk_array[380]=0x00000000fbfcaca0
[2025-08-08T15:28:43.387+0000][489.034s][1][129][trace] GC(82) _eden_chunk_array[381]=0x00000000fbffb368
[2025-08-08T15:28:43.387+0000][489.034s][1][129][trace] GC(82) _eden_chunk_array[382]=0x00000000fc02ba30
[2025-08-08T15:28:43.387+0000][489.034s][1][129][trace] GC(82) _eden_chunk_array[383]=0x00000000fc05f3a0
[2025-08-08T15:28:43.387+0000][489.034s][1][129][trace] GC(82) _eden_chunk_array[384]=0x00000000fc080b58
[2025-08-08T15:28:43.387+0000][489.034s][1][129][trace] GC(82) _eden_chunk_array[385]=0x00000000fc0ecb70
[2025-08-08T15:28:43.387+0000][489.034s][1][129][trace] GC(82) _eden_chunk_array[386]=0x00000000fc113c58
[2025-08-08T15:28:43.387+0000][489.034s][1][129][trace] GC(82) _eden_chunk_array[387]=0x00000000fc140d80
[2025-08-08T15:28:43.387+0000][489.034s][1][129][trace] GC(82) _eden_chunk_array[388]=0x00000000fc168100
[2025-08-08T15:28:43.387+0000][489.034s][1][129][trace] GC(82) _eden_chunk_array[389]=0x00000000fc18f470
[2025-08-08T15:28:43.387+0000][489.034s][1][129][trace] GC(82) _eden_chunk_array[390]=0x00000000fc1c4f50
[2025-08-08T15:28:43.387+0000][489.034s][1][129][trace] GC(82) _eden_chunk_array[391]=0x00000000fc1f8650
[2025-08-08T15:28:43.387+0000][489.034s][1][129][trace] GC(82) _eden_chunk_array[392]=0x00000000fc264bd0
[2025-08-08T15:28:43.387+0000][489.034s][1][129][trace] GC(82) _eden_chunk_array[393]=0x00000000fc29a698
[2025-08-08T15:28:43.387+0000][489.034s][1][129][trace] GC(82) _eden_chunk_array[394]=0x00000000fc2d0178
[2025-08-08T15:28:43.387+0000][489.034s][1][129][trace] GC(82) _eden_chunk_array[395]=0x00000000fc2fd360
[2025-08-08T15:28:43.387+0000][489.034s][1][129][trace] GC(82) _eden_chunk_array[396]=0x00000000fc31d808
[2025-08-08T15:28:43.387+0000][489.034s][1][129][trace] GC(82) _eden_chunk_array[397]=0x00000000fc33f738
[2025-08-08T15:28:43.387+0000][489.034s][1][129][trace] GC(82) _eden_chunk_array[398]=0x00000000fc372328
[2025-08-08T15:28:43.387+0000][489.034s][1][129][trace] GC(82) _eden_chunk_array[399]=0x00000000fc395900
[2025-08-08T15:28:43.387+0000][489.034s][1][129][trace] GC(82) _eden_chunk_array[400]=0x00000000fc3bcc38
[2025-08-08T15:28:43.387+0000][489.034s][1][129][trace] GC(82) _eden_chunk_array[401]=0x00000000fc3e0260
[2025-08-08T15:28:43.387+0000][489.034s][1][129][trace] GC(82) _eden_chunk_array[402]=0x00000000fc407320
[2025-08-08T15:28:43.387+0000][489.034s][1][129][trace] GC(82) _eden_chunk_array[403]=0x00000000fc469f08
[2025-08-08T15:28:43.387+0000][489.034s][1][129][trace] GC(82) _eden_chunk_array[404]=0x00000000fc49a6a0
[2025-08-08T15:28:43.387+0000][489.034s][1][129][trace] GC(82) _eden_chunk_array[405]=0x00000000fc4cae40
[2025-08-08T15:28:43.387+0000][489.034s][1][129][trace] GC(82) _eden_chunk_array[406]=0x00000000fc4f07c0
[2025-08-08T15:28:43.387+0000][489.034s][1][129][trace] GC(82) _eden_chunk_array[407]=0x00000000fc516130
[2025-08-08T15:28:43.387+0000][489.034s][1][129][trace] GC(82) _eden_chunk_array[408]=0x00000000fc53bb00
[2025-08-08T15:28:43.387+0000][489.034s][1][129][trace] GC(82) _eden_chunk_array[409]=0x00000000fc561488
[2025-08-08T15:28:43.387+0000][489.034s][1][129][trace] GC(82) _eden_chunk_array[410]=0x00000000fc586e08
[2025-08-08T15:28:43.387+0000][489.034s][1][129][trace] GC(82) _eden_chunk_array[411]=0x00000000fc5ac790
[2025-08-08T15:28:43.387+0000][489.034s][1][129][trace] GC(82) _eden_chunk_array[412]=0x00000000fc5cdbe0
[2025-08-08T15:28:43.387+0000][489.034s][1][129][trace] GC(82) _eden_chunk_array[413]=0x00000000fc5f1a60
[2025-08-08T15:28:43.387+0000][489.034s][1][129][trace] GC(82) _eden_chunk_array[414]=0x00000000fc612c68
[2025-08-08T15:28:43.387+0000][489.034s][1][129][trace] GC(82) _eden_chunk_array[415]=0x00000000fc66ea98
[2025-08-08T15:28:43.387+0000][489.034s][1][129][trace] GC(82) _eden_chunk_array[416]=0x00000000fc69cdf8
[2025-08-08T15:28:43.387+0000][489.034s][1][129][trace] GC(82) _eden_chunk_array[417]=0x00000000fc6d3c10
[2025-08-08T15:28:43.387+0000][489.034s][1][129][trace] GC(82) _eden_chunk_array[418]=0x00000000fc6fcc90
[2025-08-08T15:28:43.387+0000][489.034s][1][129][trace] GC(82) _eden_chunk_array[419]=0x00000000fc72a228
[2025-08-08T15:28:43.387+0000][489.034s][1][129][trace] GC(82) _eden_chunk_array[420]=0x00000000fc7593f8
[2025-08-08T15:28:43.387+0000][489.034s][1][129][trace] GC(82) _eden_chunk_array[421]=0x00000000fc7bc740
[2025-08-08T15:28:43.387+0000][489.034s][1][129][trace] GC(82) _eden_chunk_array[422]=0x00000000fc7e5f68
[2025-08-08T15:28:43.387+0000][489.034s][1][129][trace] GC(82) _eden_chunk_array[423]=0x00000000fc837798
[2025-08-08T15:28:43.387+0000][489.034s][1][129][trace] GC(82) _eden_chunk_array[424]=0x00000000fc860fd0
[2025-08-08T15:28:43.387+0000][489.034s][1][129][trace] GC(82) _eden_chunk_array[425]=0x00000000fc88a810
[2025-08-08T15:28:43.387+0000][489.034s][1][129][trace] GC(82) _eden_chunk_array[426]=0x00000000fc8b5030
[2025-08-08T15:28:43.387+0000][489.034s][1][129][trace] GC(82) _eden_chunk_array[427]=0x00000000fc8e25d0
[2025-08-08T15:28:43.387+0000][489.034s][1][129][trace] GC(82) _eden_chunk_array[428]=0x00000000fc904b78
[2025-08-08T15:28:43.387+0000][489.034s][1][129][trace] GC(82) _eden_chunk_array[429]=0x00000000fc92f660
[2025-08-08T15:28:43.387+0000][489.034s][1][129][trace] GC(82) _eden_chunk_array[430]=0x00000000fc95b868
[2025-08-08T15:28:43.387+0000][489.034s][1][129][trace] GC(82) _eden_chunk_array[431]=0x00000000fc97fa70
[2025-08-08T15:28:43.387+0000][489.034s][1][129][trace] GC(82) _eden_chunk_array[432]=0x00000000fc9ebbd8
[2025-08-08T15:28:43.387+0000][489.034s][1][129][trace] GC(82) _eden_chunk_array[433]=0x00000000fca20698
[2025-08-08T15:28:43.387+0000][489.034s][1][129][trace] GC(82) _eden_chunk_array[434]=0x00000000fca6ede0
[2025-08-08T15:28:43.387+0000][489.034s][1][129][trace] GC(82) _eden_chunk_array[435]=0x00000000fcaa38b0
[2025-08-08T15:28:43.387+0000][489.034s][1][129][trace] GC(82) _eden_chunk_array[436]=0x00000000fcad8370
[2025-08-08T15:28:43.387+0000][489.034s][1][129][trace] GC(82) _eden_chunk_array[437]=0x00000000fcb0ce30
[2025-08-08T15:28:43.387+0000][489.034s][1][129][trace] GC(82) _eden_chunk_array[438]=0x00000000fcb2d7a8
[2025-08-08T15:28:43.387+0000][489.034s][1][129][trace] GC(82) _eden_chunk_array[439]=0x00000000fcb56240
[2025-08-08T15:28:43.387+0000][489.034s][1][129][trace] GC(82) survivor 0x00000000fd410000-0x00000000fd410000-0x00000000fe780000(20381696)
[2025-08-08T15:28:43.387+0000][489.034s][1][129][trace] GC(82) _survivor_chunk_index=0, _survivor_chunk_capacity=9952
[2025-08-08T15:28:43.436+0000][489.084s][1][129][info ] GC(82) Pause Remark 152M->152M(180M) 51.225ms
[2025-08-08T15:28:43.436+0000][489.084s][1][129][info ] Leaving safepoint region
[2025-08-08T15:28:43.436+0000][489.084s][1][129][info ] Total time for which application threads were stopped: 0.0514967 seconds, Stopping threads took: 0.0000413 seconds
[2025-08-08T15:28:43.436+0000][489.084s][1][128][info ] GC(82) Concurrent Sweep
[2025-08-08T15:28:43.439+0000][489.086s][1][128][info ] GC(82) Concurrent Sweep 2.595ms
[2025-08-08T15:28:43.439+0000][489.086s][1][128][info ] GC(82) Concurrent Reset
[2025-08-08T15:28:43.439+0000][489.086s][1][128][info ] GC(82) Concurrent Reset 0.012ms
[2025-08-08T15:28:43.439+0000][489.086s][1][128][info ] GC(82) Old: 5183K->5183K(5184K)
[2025-08-08T15:28:44.437+0000][490.084s][1][129][info ] Application time: 1.0005436 seconds
[2025-08-08T15:28:44.437+0000][490.084s][1][129][info ] Entering safepoint region: Cleanup
[2025-08-08T15:28:44.437+0000][490.084s][1][129][info ] Leaving safepoint region
[2025-08-08T15:28:44.437+0000][490.084s][1][129][info ] Total time for which application threads were stopped: 0.0001780 seconds, Stopping threads took: 0.0000274 seconds
[2025-08-08T15:28:45.437+0000][491.084s][1][129][info ] Application time: 1.0000551 seconds
[2025-08-08T15:28:45.437+0000][491.084s][1][129][info ] Entering safepoint region: Cleanup
[2025-08-08T15:28:45.438+0000][491.085s][1][129][info ] Leaving safepoint region
[2025-08-08T15:28:45.438+0000][491.085s][1][129][info ] Total time for which application threads were stopped: 0.0006175 seconds, Stopping threads took: 0.0000239 seconds
[2025-08-08T15:28:47.439+0000][493.086s][1][129][info ] Application time: 2.0013997 seconds
[2025-08-08T15:28:47.439+0000][493.087s][1][129][info ] Entering safepoint region: Cleanup
[2025-08-08T15:28:47.439+0000][493.087s][1][129][info ] Leaving safepoint region
[2025-08-08T15:28:47.439+0000][493.087s][1][129][info ] Total time for which application threads were stopped: 0.0001502 seconds, Stopping threads took: 0.0000237 seconds
[2025-08-08T15:28:53.440+0000][499.087s][1][129][info ] Application time: 6.0006374 seconds
[2025-08-08T15:28:53.440+0000][499.087s][1][129][info ] Entering safepoint region: CMS_Initial_Mark
[2025-08-08T15:28:53.440+0000][499.088s][1][129][trace] GC(83) eden 0x00000000f3800000-0x00000000fd35c090-0x00000000fd410000(163643392)
[2025-08-08T15:28:53.440+0000][499.088s][1][129][trace] GC(83) _eden_chunk_index=483, _eden_chunk_capacity=11233
[2025-08-08T15:28:53.440+0000][499.088s][1][129][trace] GC(83) _eden_chunk_array[0]=0x00000000f74596b0
[2025-08-08T15:28:53.440+0000][499.088s][1][129][trace] GC(83) _eden_chunk_array[1]=0x00000000f74ac5b8
[2025-08-08T15:28:53.440+0000][499.088s][1][129][trace] GC(83) _eden_chunk_array[2]=0x00000000f74d55e8
[2025-08-08T15:28:53.440+0000][499.088s][1][129][trace] GC(83) _eden_chunk_array[3]=0x00000000f7504058
[2025-08-08T15:28:53.440+0000][499.088s][1][129][trace] GC(83) _eden_chunk_array[4]=0x00000000f7524f88
[2025-08-08T15:28:53.440+0000][499.088s][1][129][trace] GC(83) _eden_chunk_array[5]=0x00000000f754e7c0
[2025-08-08T15:28:53.440+0000][499.088s][1][129][trace] GC(83) _eden_chunk_array[6]=0x00000000f7577fe0
[2025-08-08T15:28:53.440+0000][499.088s][1][129][trace] GC(83) _eden_chunk_array[7]=0x00000000f75a71a8
[2025-08-08T15:28:53.440+0000][499.088s][1][129][trace] GC(83) _eden_chunk_array[8]=0x00000000f75f58d8
[2025-08-08T15:28:53.440+0000][499.088s][1][129][trace] GC(83) _eden_chunk_array[9]=0x00000000f761a640
[2025-08-08T15:28:53.440+0000][499.088s][1][129][trace] GC(83) _eden_chunk_array[10]=0x00000000f76649c8
[2025-08-08T15:28:53.440+0000][499.088s][1][129][trace] GC(83) _eden_chunk_array[11]=0x00000000f76854f8
[2025-08-08T15:28:53.440+0000][499.088s][1][129][trace] GC(83) _eden_chunk_array[12]=0x00000000f76d4790
[2025-08-08T15:28:53.440+0000][499.088s][1][129][trace] GC(83) _eden_chunk_array[13]=0x00000000f7704f20
[2025-08-08T15:28:53.440+0000][499.088s][1][129][trace] GC(83) _eden_chunk_array[14]=0x00000000f7751bd0
[2025-08-08T15:28:53.440+0000][499.088s][1][129][trace] GC(83) _eden_chunk_array[15]=0x00000000f777a4b0
[2025-08-08T15:28:53.440+0000][499.088s][1][129][trace] GC(83) _eden_chunk_array[16]=0x00000000f77a4c70
[2025-08-08T15:28:53.440+0000][499.088s][1][129][trace] GC(83) _eden_chunk_array[17]=0x00000000f7810a48
[2025-08-08T15:28:53.440+0000][499.088s][1][129][trace] GC(83) _eden_chunk_array[18]=0x00000000f78454f8
[2025-08-08T15:28:53.440+0000][499.088s][1][129][trace] GC(83) _eden_chunk_array[19]=0x00000000f7879fb0
[2025-08-08T15:28:53.440+0000][499.088s][1][129][trace] GC(83) _eden_chunk_array[20]=0x00000000f78aea98
[2025-08-08T15:28:53.440+0000][499.088s][1][129][trace] GC(83) _eden_chunk_array[21]=0x00000000f78d8f40
[2025-08-08T15:28:53.440+0000][499.088s][1][129][trace] GC(83) _eden_chunk_array[22]=0x00000000f79059a8
[2025-08-08T15:28:53.440+0000][499.088s][1][129][trace] GC(83) _eden_chunk_array[23]=0x00000000f7968da8
[2025-08-08T15:28:53.440+0000][499.088s][1][129][trace] GC(83) _eden_chunk_array[24]=0x00000000f79891e8
[2025-08-08T15:28:53.440+0000][499.088s][1][129][trace] GC(83) _eden_chunk_array[25]=0x00000000f79b18e8
[2025-08-08T15:28:53.440+0000][499.088s][1][129][trace] GC(83) _eden_chunk_array[26]=0x00000000f79d1ad8
[2025-08-08T15:28:53.440+0000][499.088s][1][129][trace] GC(83) _eden_chunk_array[27]=0x00000000f7a16618
[2025-08-08T15:28:53.440+0000][499.088s][1][129][trace] GC(83) _eden_chunk_array[28]=0x00000000f7a46d00
[2025-08-08T15:28:53.440+0000][499.088s][1][129][trace] GC(83) _eden_chunk_array[29]=0x00000000f7a8fd38
[2025-08-08T15:28:53.440+0000][499.088s][1][129][trace] GC(83) _eden_chunk_array[30]=0x00000000f7ad8d90
[2025-08-08T15:28:53.440+0000][499.088s][1][129][trace] GC(83) _eden_chunk_array[31]=0x00000000f7b2a5c0
[2025-08-08T15:28:53.440+0000][499.088s][1][129][trace] GC(83) _eden_chunk_array[32]=0x00000000f7b87ac8
[2025-08-08T15:28:53.440+0000][499.088s][1][129][trace] GC(83) _eden_chunk_array[33]=0x00000000f7bad890
[2025-08-08T15:28:53.440+0000][499.088s][1][129][trace] GC(83) _eden_chunk_array[34]=0x00000000f7bce290
[2025-08-08T15:28:53.440+0000][499.088s][1][129][trace] GC(83) _eden_chunk_array[35]=0x00000000f7bef940
[2025-08-08T15:28:53.440+0000][499.088s][1][129][trace] GC(83) _eden_chunk_array[36]=0x00000000f7c20f50
[2025-08-08T15:28:53.440+0000][499.088s][1][129][trace] GC(83) _eden_chunk_array[37]=0x00000000f7c53e40
[2025-08-08T15:28:53.440+0000][499.088s][1][129][trace] GC(83) _eden_chunk_array[38]=0x00000000f7c79888
[2025-08-08T15:28:53.440+0000][499.088s][1][129][trace] GC(83) _eden_chunk_array[39]=0x00000000f7c9ea88
[2025-08-08T15:28:53.440+0000][499.088s][1][129][trace] GC(83) _eden_chunk_array[40]=0x00000000f7cc3cb8
[2025-08-08T15:28:53.441+0000][499.088s][1][129][trace] GC(83) _eden_chunk_array[41]=0x00000000f7ceaaa0
[2025-08-08T15:28:53.441+0000][499.088s][1][129][trace] GC(83) _eden_chunk_array[42]=0x00000000f7d0b440
[2025-08-08T15:28:53.441+0000][499.088s][1][129][trace] GC(83) _eden_chunk_array[43]=0x00000000f7d30640
[2025-08-08T15:28:53.441+0000][499.088s][1][129][trace] GC(83) _eden_chunk_array[44]=0x00000000f7d9da90
[2025-08-08T15:28:53.441+0000][499.088s][1][129][trace] GC(83) _eden_chunk_array[45]=0x00000000f7dd09f8
[2025-08-08T15:28:53.441+0000][499.088s][1][129][trace] GC(83) _eden_chunk_array[46]=0x00000000f7df56f0
[2025-08-08T15:28:53.441+0000][499.088s][1][129][trace] GC(83) _eden_chunk_array[47]=0x00000000f7e1ad98
[2025-08-08T15:28:53.441+0000][499.088s][1][129][trace] GC(83) _eden_chunk_array[48]=0x00000000f7e88158
[2025-08-08T15:28:53.441+0000][499.088s][1][129][trace] GC(83) _eden_chunk_array[49]=0x00000000f7eb0348
[2025-08-08T15:28:53.441+0000][499.088s][1][129][trace] GC(83) _eden_chunk_array[50]=0x00000000f7ed5e98
[2025-08-08T15:28:53.441+0000][499.088s][1][129][trace] GC(83) _eden_chunk_array[51]=0x00000000f7f02cb8
[2025-08-08T15:28:53.441+0000][499.088s][1][129][trace] GC(83) _eden_chunk_array[52]=0x00000000f7f29820
[2025-08-08T15:28:53.441+0000][499.088s][1][129][trace] GC(83) _eden_chunk_array[53]=0x00000000f7f50380
[2025-08-08T15:28:53.441+0000][499.088s][1][129][trace] GC(83) _eden_chunk_array[54]=0x00000000f7f78570
[2025-08-08T15:28:53.441+0000][499.088s][1][129][trace] GC(83) _eden_chunk_array[55]=0x00000000f7f9f118
[2025-08-08T15:28:53.441+0000][499.088s][1][129][trace] GC(83) _eden_chunk_array[56]=0x00000000f7fd1398
[2025-08-08T15:28:53.441+0000][499.088s][1][129][trace] GC(83) _eden_chunk_array[57]=0x00000000f7ff15f0
[2025-08-08T15:28:53.441+0000][499.088s][1][129][trace] GC(83) _eden_chunk_array[58]=0x00000000f8021d80
[2025-08-08T15:28:53.441+0000][499.088s][1][129][trace] GC(83) _eden_chunk_array[59]=0x00000000f8052520
[2025-08-08T15:28:53.441+0000][499.088s][1][129][trace] GC(83) _eden_chunk_array[60]=0x00000000f8078698
[2025-08-08T15:28:53.441+0000][499.088s][1][129][trace] GC(83) _eden_chunk_array[61]=0x00000000f809e8f8
[2025-08-08T15:28:53.441+0000][499.088s][1][129][trace] GC(83) _eden_chunk_array[62]=0x00000000f80c9470
[2025-08-08T15:28:53.441+0000][499.088s][1][129][trace] GC(83) _eden_chunk_array[63]=0x00000000f8101478
[2025-08-08T15:28:53.441+0000][499.088s][1][129][trace] GC(83) _eden_chunk_array[64]=0x00000000f8128fa8
[2025-08-08T15:28:53.441+0000][499.088s][1][129][trace] GC(83) _eden_chunk_array[65]=0x00000000f81516c0
[2025-08-08T15:28:53.441+0000][499.088s][1][129][trace] GC(83) _eden_chunk_array[66]=0x00000000f81bc790
[2025-08-08T15:28:53.441+0000][499.088s][1][129][trace] GC(83) _eden_chunk_array[67]=0x00000000f821fae0
[2025-08-08T15:28:53.441+0000][499.088s][1][129][trace] GC(83) _eden_chunk_array[68]=0x00000000f8245540
[2025-08-08T15:28:53.441+0000][499.088s][1][129][trace] GC(83) _eden_chunk_array[69]=0x00000000f826afc0
[2025-08-08T15:28:53.441+0000][499.088s][1][129][trace] GC(83) _eden_chunk_array[70]=0x00000000f82909f8
[2025-08-08T15:28:53.441+0000][499.088s][1][129][trace] GC(83) _eden_chunk_array[71]=0x00000000f82b6460
[2025-08-08T15:28:53.441+0000][499.088s][1][129][trace] GC(83) _eden_chunk_array[72]=0x00000000f82dbef0
[2025-08-08T15:28:53.441+0000][499.088s][1][129][trace] GC(83) _eden_chunk_array[73]=0x00000000f8301998
[2025-08-08T15:28:53.441+0000][499.088s][1][129][trace] GC(83) _eden_chunk_array[74]=0x00000000f83398c8
[2025-08-08T15:28:53.441+0000][499.088s][1][129][trace] GC(83) _eden_chunk_array[75]=0x00000000f835b020
[2025-08-08T15:28:53.441+0000][499.088s][1][129][trace] GC(83) _eden_chunk_array[76]=0x00000000f8381080
[2025-08-08T15:28:53.441+0000][499.088s][1][129][trace] GC(83) _eden_chunk_array[77]=0x00000000f83daa10
[2025-08-08T15:28:53.441+0000][499.088s][1][129][trace] GC(83) _eden_chunk_array[78]=0x00000000f8409a80
[2025-08-08T15:28:53.441+0000][499.088s][1][129][trace] GC(83) _eden_chunk_array[79]=0x00000000f842d588
[2025-08-08T15:28:53.441+0000][499.088s][1][129][trace] GC(83) _eden_chunk_array[80]=0x00000000f8485750
[2025-08-08T15:28:53.441+0000][499.088s][1][129][trace] GC(83) _eden_chunk_array[81]=0x00000000f84b3020
[2025-08-08T15:28:53.441+0000][499.088s][1][129][trace] GC(83) _eden_chunk_array[82]=0x00000000f84db8f8
[2025-08-08T15:28:53.441+0000][499.088s][1][129][trace] GC(83) _eden_chunk_array[83]=0x00000000f850c098
[2025-08-08T15:28:53.441+0000][499.088s][1][129][trace] GC(83) _eden_chunk_array[84]=0x00000000f8534970
[2025-08-08T15:28:53.441+0000][499.088s][1][129][trace] GC(83) _eden_chunk_array[85]=0x00000000f8565110
[2025-08-08T15:28:53.441+0000][499.088s][1][129][trace] GC(83) _eden_chunk_array[86]=0x00000000f85b6928
[2025-08-08T15:28:53.441+0000][499.088s][1][129][trace] GC(83) _eden_chunk_array[87]=0x00000000f85df230
[2025-08-08T15:28:53.441+0000][499.088s][1][129][trace] GC(83) _eden_chunk_array[88]=0x00000000f8607b20
[2025-08-08T15:28:53.441+0000][499.088s][1][129][trace] GC(83) _eden_chunk_array[89]=0x00000000f862e828
[2025-08-08T15:28:53.441+0000][499.088s][1][129][trace] GC(83) _eden_chunk_array[90]=0x00000000f8653490
[2025-08-08T15:28:53.441+0000][499.088s][1][129][trace] GC(83) _eden_chunk_array[91]=0x00000000f8674438
[2025-08-08T15:28:53.441+0000][499.088s][1][129][trace] GC(83) _eden_chunk_array[92]=0x00000000f869b2d8
[2025-08-08T15:28:53.441+0000][499.088s][1][129][trace] GC(83) _eden_chunk_array[93]=0x00000000f86bfc78
[2025-08-08T15:28:53.441+0000][499.088s][1][129][trace] GC(83) _eden_chunk_array[94]=0x00000000f86e6630
[2025-08-08T15:28:53.441+0000][499.088s][1][129][trace] GC(83) _eden_chunk_array[95]=0x00000000f871a5d0
[2025-08-08T15:28:53.441+0000][499.088s][1][129][trace] GC(83) _eden_chunk_array[96]=0x00000000f87464f8
[2025-08-08T15:28:53.441+0000][499.088s][1][129][trace] GC(83) _eden_chunk_array[97]=0x00000000f877af98
[2025-08-08T15:28:53.441+0000][499.088s][1][129][trace] GC(83) _eden_chunk_array[98]=0x00000000f87e6d28
[2025-08-08T15:28:53.441+0000][499.088s][1][129][trace] GC(83) _eden_chunk_array[99]=0x00000000f88174d0
[2025-08-08T15:28:53.441+0000][499.088s][1][129][trace] GC(83) _eden_chunk_array[100]=0x00000000f884bfe0
[2025-08-08T15:28:53.441+0000][499.088s][1][129][trace] GC(83) _eden_chunk_array[101]=0x00000000f8880a90
[2025-08-08T15:28:53.441+0000][499.088s][1][129][trace] GC(83) _eden_chunk_array[102]=0x00000000f88a8fa0
[2025-08-08T15:28:53.441+0000][499.088s][1][129][trace] GC(83) _eden_chunk_array[103]=0x00000000f88ca4d8
[2025-08-08T15:28:53.441+0000][499.088s][1][129][trace] GC(83) _eden_chunk_array[104]=0x00000000f88f0e68
[2025-08-08T15:28:53.441+0000][499.088s][1][129][trace] GC(83) _eden_chunk_array[105]=0x00000000f8914998
[2025-08-08T15:28:53.441+0000][499.088s][1][129][trace] GC(83) _eden_chunk_array[106]=0x00000000f8943b50
[2025-08-08T15:28:53.441+0000][499.088s][1][129][trace] GC(83) _eden_chunk_array[107]=0x00000000f8967d68
[2025-08-08T15:28:53.441+0000][499.088s][1][129][trace] GC(83) _eden_chunk_array[108]=0x00000000f8991360
[2025-08-08T15:28:53.441+0000][499.088s][1][129][trace] GC(83) _eden_chunk_array[109]=0x00000000f89b7ec0
[2025-08-08T15:28:53.441+0000][499.088s][1][129][trace] GC(83) _eden_chunk_array[110]=0x00000000f89deaa8
[2025-08-08T15:28:53.441+0000][499.088s][1][129][trace] GC(83) _eden_chunk_array[111]=0x00000000f8a01e48
[2025-08-08T15:28:53.441+0000][499.088s][1][129][trace] GC(83) _eden_chunk_array[112]=0x00000000f8a289a8
[2025-08-08T15:28:53.441+0000][499.088s][1][129][trace] GC(83) _eden_chunk_array[113]=0x00000000f8a4f518
[2025-08-08T15:28:53.441+0000][499.088s][1][129][trace] GC(83) _eden_chunk_array[114]=0x00000000f8a9dc58
[2025-08-08T15:28:53.441+0000][499.088s][1][129][trace] GC(83) _eden_chunk_array[115]=0x00000000f8ac4d88
[2025-08-08T15:28:53.441+0000][499.088s][1][129][trace] GC(83) _eden_chunk_array[116]=0x00000000f8aebd28
[2025-08-08T15:28:53.441+0000][499.088s][1][129][trace] GC(83) _eden_chunk_array[117]=0x00000000f8b48a38
[2025-08-08T15:28:53.441+0000][499.088s][1][129][trace] GC(83) _eden_chunk_array[118]=0x00000000f8b6d790
[2025-08-08T15:28:53.441+0000][499.088s][1][129][trace] GC(83) _eden_chunk_array[119]=0x00000000f8b911e8
[2025-08-08T15:28:53.441+0000][499.088s][1][129][trace] GC(83) _eden_chunk_array[120]=0x00000000f8bef900
[2025-08-08T15:28:53.441+0000][499.088s][1][129][trace] GC(83) _eden_chunk_array[121]=0x00000000f8c335d8
[2025-08-08T15:28:53.441+0000][499.088s][1][129][trace] GC(83) _eden_chunk_array[122]=0x00000000f8c8e5a0
[2025-08-08T15:28:53.441+0000][499.088s][1][129][trace] GC(83) _eden_chunk_array[123]=0x00000000f8caff78
[2025-08-08T15:28:53.441+0000][499.088s][1][129][trace] GC(83) _eden_chunk_array[124]=0x00000000f8cdd530
[2025-08-08T15:28:53.441+0000][499.088s][1][129][trace] GC(83) _eden_chunk_array[125]=0x00000000f8d08b20
[2025-08-08T15:28:53.441+0000][499.088s][1][129][trace] GC(83) _eden_chunk_array[126]=0x00000000f8d3f138
[2025-08-08T15:28:53.441+0000][499.088s][1][129][trace] GC(83) _eden_chunk_array[127]=0x00000000f8daaec8
[2025-08-08T15:28:53.441+0000][499.088s][1][129][trace] GC(83) _eden_chunk_array[128]=0x00000000f8ddf970
[2025-08-08T15:28:53.441+0000][499.088s][1][129][trace] GC(83) _eden_chunk_array[129]=0x00000000f8e14438
[2025-08-08T15:28:53.441+0000][499.088s][1][129][trace] GC(83) _eden_chunk_array[130]=0x00000000f8e36208
[2025-08-08T15:28:53.441+0000][499.088s][1][129][trace] GC(83) _eden_chunk_array[131]=0x00000000f8e60288
[2025-08-08T15:28:53.441+0000][499.088s][1][129][trace] GC(83) _eden_chunk_array[132]=0x00000000f8eace78
[2025-08-08T15:28:53.441+0000][499.088s][1][129][trace] GC(83) _eden_chunk_array[133]=0x00000000f8ee1548
[2025-08-08T15:28:53.441+0000][499.088s][1][129][trace] GC(83) _eden_chunk_array[134]=0x00000000f8f07f38
[2025-08-08T15:28:53.441+0000][499.088s][1][129][trace] GC(83) _eden_chunk_array[135]=0x00000000f8f3d1f8
[2025-08-08T15:28:53.441+0000][499.088s][1][129][trace] GC(83) _eden_chunk_array[136]=0x00000000f8f6c388
[2025-08-08T15:28:53.441+0000][499.088s][1][129][trace] GC(83) _eden_chunk_array[137]=0x00000000f8f9b4f0
[2025-08-08T15:28:53.441+0000][499.088s][1][129][trace] GC(83) _eden_chunk_array[138]=0x00000000f8fd1ce8
[2025-08-08T15:28:53.441+0000][499.088s][1][129][trace] GC(83) _eden_chunk_array[139]=0x00000000f9000e68
[2025-08-08T15:28:53.441+0000][499.088s][1][129][trace] GC(83) _eden_chunk_array[140]=0x00000000f902ffd0
[2025-08-08T15:28:53.441+0000][499.088s][1][129][trace] GC(83) _eden_chunk_array[141]=0x00000000f9064aa0
[2025-08-08T15:28:53.441+0000][499.088s][1][129][trace] GC(83) _eden_chunk_array[142]=0x00000000f90b31d8
[2025-08-08T15:28:53.441+0000][499.088s][1][129][trace] GC(83) _eden_chunk_array[143]=0x00000000f90da820
[2025-08-08T15:28:53.441+0000][499.088s][1][129][trace] GC(83) _eden_chunk_array[144]=0x00000000f9101ba0
[2025-08-08T15:28:53.441+0000][499.088s][1][129][trace] GC(83) _eden_chunk_array[145]=0x00000000f912f280
[2025-08-08T15:28:53.441+0000][499.088s][1][129][trace] GC(83) _eden_chunk_array[146]=0x00000000f9189620
[2025-08-08T15:28:53.441+0000][499.088s][1][129][trace] GC(83) _eden_chunk_array[147]=0x00000000f91bd578
[2025-08-08T15:28:53.441+0000][499.088s][1][129][trace] GC(83) _eden_chunk_array[148]=0x00000000f91e7e78
[2025-08-08T15:28:53.441+0000][499.088s][1][129][trace] GC(83) _eden_chunk_array[149]=0x00000000f924aa20
[2025-08-08T15:28:53.441+0000][499.088s][1][129][trace] GC(83) _eden_chunk_array[150]=0x00000000f9272000
[2025-08-08T15:28:53.441+0000][499.088s][1][129][trace] GC(83) _eden_chunk_array[151]=0x00000000f9297998
[2025-08-08T15:28:53.441+0000][499.088s][1][129][trace] GC(83) _eden_chunk_array[152]=0x00000000f92c8138
[2025-08-08T15:28:53.441+0000][499.088s][1][129][trace] GC(83) _eden_chunk_array[153]=0x00000000f92edaa0
[2025-08-08T15:28:53.441+0000][499.088s][1][129][trace] GC(83) _eden_chunk_array[154]=0x00000000f9313428
[2025-08-08T15:28:53.441+0000][499.088s][1][129][trace] GC(83) _eden_chunk_array[155]=0x00000000f9338dc8
[2025-08-08T15:28:53.441+0000][499.088s][1][129][trace] GC(83) _eden_chunk_array[156]=0x00000000f935e778
[2025-08-08T15:28:53.441+0000][499.088s][1][129][trace] GC(83) _eden_chunk_array[157]=0x00000000f9387c48
[2025-08-08T15:28:53.441+0000][499.088s][1][129][trace] GC(83) _eden_chunk_array[158]=0x00000000f93b50b8
[2025-08-08T15:28:53.441+0000][499.088s][1][129][trace] GC(83) _eden_chunk_array[159]=0x00000000f93da618
[2025-08-08T15:28:53.441+0000][499.088s][1][129][trace] GC(83) _eden_chunk_array[160]=0x00000000f9417650
[2025-08-08T15:28:53.441+0000][499.088s][1][129][trace] GC(83) _eden_chunk_array[161]=0x00000000f943acc8
[2025-08-08T15:28:53.441+0000][499.088s][1][129][trace] GC(83) _eden_chunk_array[162]=0x00000000f9464500
[2025-08-08T15:28:53.441+0000][499.088s][1][129][trace] GC(83) _eden_chunk_array[163]=0x00000000f948e178
[2025-08-08T15:28:53.441+0000][499.088s][1][129][trace] GC(83) _eden_chunk_array[164]=0x00000000f94b8238
[2025-08-08T15:28:53.441+0000][499.088s][1][129][trace] GC(83) _eden_chunk_array[165]=0x00000000f95197e8
[2025-08-08T15:28:53.441+0000][499.088s][1][129][trace] GC(83) _eden_chunk_array[166]=0x00000000f9542118
[2025-08-08T15:28:53.441+0000][499.088s][1][129][trace] GC(83) _eden_chunk_array[167]=0x00000000f9567aa0
[2025-08-08T15:28:53.441+0000][499.088s][1][129][trace] GC(83) _eden_chunk_array[168]=0x00000000f9591b48
[2025-08-08T15:28:53.441+0000][499.088s][1][129][trace] GC(83) _eden_chunk_array[169]=0x00000000f95bbc00
[2025-08-08T15:28:53.441+0000][499.088s][1][129][trace] GC(83) _eden_chunk_array[170]=0x00000000f95e5cc0
[2025-08-08T15:28:53.441+0000][499.088s][1][129][trace] GC(83) _eden_chunk_array[171]=0x00000000f960fd68
[2025-08-08T15:28:53.441+0000][499.088s][1][129][trace] GC(83) _eden_chunk_array[172]=0x00000000f965e498
[2025-08-08T15:28:53.441+0000][499.088s][1][129][trace] GC(83) _eden_chunk_array[173]=0x00000000f9681860
[2025-08-08T15:28:53.441+0000][499.088s][1][129][trace] GC(83) _eden_chunk_array[174]=0x00000000f96a4070
[2025-08-08T15:28:53.441+0000][499.088s][1][129][trace] GC(83) _eden_chunk_array[175]=0x00000000f96c6188
[2025-08-08T15:28:53.441+0000][499.088s][1][129][trace] GC(83) _eden_chunk_array[176]=0x00000000f96f0fd8
[2025-08-08T15:28:53.441+0000][499.088s][1][129][trace] GC(83) _eden_chunk_array[177]=0x00000000f9713e68
[2025-08-08T15:28:53.441+0000][499.088s][1][129][trace] GC(83) _eden_chunk_array[178]=0x00000000f97368f0
[2025-08-08T15:28:53.441+0000][499.088s][1][129][trace] GC(83) _eden_chunk_array[179]=0x00000000f9759728
[2025-08-08T15:28:53.441+0000][499.088s][1][129][trace] GC(83) _eden_chunk_array[180]=0x00000000f977aab8
[2025-08-08T15:28:53.441+0000][499.088s][1][129][trace] GC(83) _eden_chunk_array[181]=0x00000000f979d8d8
[2025-08-08T15:28:53.441+0000][499.088s][1][129][trace] GC(83) _eden_chunk_array[182]=0x00000000f97c8718
[2025-08-08T15:28:53.441+0000][499.088s][1][129][trace] GC(83) _eden_chunk_array[183]=0x00000000f97f4440
[2025-08-08T15:28:53.441+0000][499.088s][1][129][trace] GC(83) _eden_chunk_array[184]=0x00000000f981db60
[2025-08-08T15:28:53.441+0000][499.088s][1][129][trace] GC(83) _eden_chunk_array[185]=0x00000000f9849888
[2025-08-08T15:28:53.441+0000][499.088s][1][129][trace] GC(83) _eden_chunk_array[186]=0x00000000f98b8410
[2025-08-08T15:28:53.441+0000][499.088s][1][129][trace] GC(83) _eden_chunk_array[187]=0x00000000f98ec3e8
[2025-08-08T15:28:53.441+0000][499.088s][1][129][trace] GC(83) _eden_chunk_array[188]=0x00000000f990dc78
[2025-08-08T15:28:53.441+0000][499.088s][1][129][trace] GC(83) _eden_chunk_array[189]=0x00000000f9932348
[2025-08-08T15:28:53.441+0000][499.088s][1][129][trace] GC(83) _eden_chunk_array[190]=0x00000000f99892b8
[2025-08-08T15:28:53.441+0000][499.088s][1][129][trace] GC(83) _eden_chunk_array[191]=0x00000000f99d5db8
[2025-08-08T15:28:53.441+0000][499.088s][1][129][trace] GC(83) _eden_chunk_array[192]=0x00000000f9a070a8
[2025-08-08T15:28:53.441+0000][499.088s][1][129][trace] GC(83) _eden_chunk_array[193]=0x00000000f9a308c8
[2025-08-08T15:28:53.441+0000][499.088s][1][129][trace] GC(83) _eden_chunk_array[194]=0x00000000f9a5a0f8
[2025-08-08T15:28:53.441+0000][499.088s][1][129][trace] GC(83) _eden_chunk_array[195]=0x00000000f9a83938
[2025-08-08T15:28:53.441+0000][499.088s][1][129][trace] GC(83) _eden_chunk_array[196]=0x00000000f9aad178
[2025-08-08T15:28:53.441+0000][499.088s][1][129][trace] GC(83) _eden_chunk_array[197]=0x00000000f9ad69a8
[2025-08-08T15:28:53.441+0000][499.088s][1][129][trace] GC(83) _eden_chunk_array[198]=0x00000000f9b03f40
[2025-08-08T15:28:53.441+0000][499.088s][1][129][trace] GC(83) _eden_chunk_array[199]=0x00000000f9b55758
[2025-08-08T15:28:53.441+0000][499.088s][1][129][trace] GC(83) _eden_chunk_array[200]=0x00000000f9b80550
[2025-08-08T15:28:53.441+0000][499.088s][1][129][trace] GC(83) _eden_chunk_array[201]=0x00000000f9ba7690
[2025-08-08T15:28:53.441+0000][499.088s][1][129][trace] GC(83) _eden_chunk_array[202]=0x00000000f9bc7910
[2025-08-08T15:28:53.441+0000][499.088s][1][129][trace] GC(83) _eden_chunk_array[203]=0x00000000f9c25260
[2025-08-08T15:28:53.441+0000][499.088s][1][129][trace] GC(83) _eden_chunk_array[204]=0x00000000f9c48830
[2025-08-08T15:28:53.441+0000][499.088s][1][129][trace] GC(83) _eden_chunk_array[205]=0x00000000f9c6f7f0
[2025-08-08T15:28:53.441+0000][499.088s][1][129][trace] GC(83) _eden_chunk_array[206]=0x00000000f9ca42a8
[2025-08-08T15:28:53.441+0000][499.088s][1][129][trace] GC(83) _eden_chunk_array[207]=0x00000000f9cd9558
[2025-08-08T15:28:53.441+0000][499.088s][1][129][trace] GC(83) _eden_chunk_array[208]=0x00000000f9d0e830
[2025-08-08T15:28:53.441+0000][499.088s][1][129][trace] GC(83) _eden_chunk_array[209]=0x00000000f9d38af8
[2025-08-08T15:28:53.441+0000][499.088s][1][129][trace] GC(83) _eden_chunk_array[210]=0x00000000f9d6ddd0
[2025-08-08T15:28:53.441+0000][499.088s][1][129][trace] GC(83) _eden_chunk_array[211]=0x00000000f9dd3018
[2025-08-08T15:28:53.441+0000][499.088s][1][129][trace] GC(83) _eden_chunk_array[212]=0x00000000f9df8f90
[2025-08-08T15:28:53.441+0000][499.088s][1][129][trace] GC(83) _eden_chunk_array[213]=0x00000000f9e19990
[2025-08-08T15:28:53.441+0000][499.088s][1][129][trace] GC(83) _eden_chunk_array[214]=0x00000000f9e3a3a0
[2025-08-08T15:28:53.441+0000][499.088s][1][129][trace] GC(83) _eden_chunk_array[215]=0x00000000f9e88c58
[2025-08-08T15:28:53.441+0000][499.088s][1][129][trace] GC(83) _eden_chunk_array[216]=0x00000000f9eae350
[2025-08-08T15:28:53.441+0000][499.088s][1][129][trace] GC(83) _eden_chunk_array[217]=0x00000000f9ed1930
[2025-08-08T15:28:53.441+0000][499.088s][1][129][trace] GC(83) _eden_chunk_array[218]=0x00000000f9ef8f10
[2025-08-08T15:28:53.441+0000][499.088s][1][129][trace] GC(83) _eden_chunk_array[219]=0x00000000f9f29f98
[2025-08-08T15:28:53.441+0000][499.088s][1][129][trace] GC(83) _eden_chunk_array[220]=0x00000000f9f5a8a0
[2025-08-08T15:28:53.441+0000][499.088s][1][129][trace] GC(83) _eden_chunk_array[221]=0x00000000f9f7c660
[2025-08-08T15:28:53.441+0000][499.088s][1][129][trace] GC(83) _eden_chunk_array[222]=0x00000000f9face00
[2025-08-08T15:28:53.441+0000][499.088s][1][129][trace] GC(83) _eden_chunk_array[223]=0x00000000f9ff7b10
[2025-08-08T15:28:53.441+0000][499.088s][1][129][trace] GC(83) _eden_chunk_array[224]=0x00000000fa02c5f8
[2025-08-08T15:28:53.441+0000][499.088s][1][129][trace] GC(83) _eden_chunk_array[225]=0x00000000fa062c58
[2025-08-08T15:28:53.441+0000][499.088s][1][129][trace] GC(83) _eden_chunk_array[226]=0x00000000fa097708
[2025-08-08T15:28:53.441+0000][499.088s][1][129][trace] GC(83) _eden_chunk_array[227]=0x00000000fa0bc180
[2025-08-08T15:28:53.441+0000][499.088s][1][129][trace] GC(83) _eden_chunk_array[228]=0x00000000fa0de9f8
[2025-08-08T15:28:53.441+0000][499.088s][1][129][trace] GC(83) _eden_chunk_array[229]=0x00000000fa13f660
[2025-08-08T15:28:53.441+0000][499.088s][1][129][trace] GC(83) _eden_chunk_array[230]=0x00000000fa173430
[2025-08-08T15:28:53.441+0000][499.088s][1][129][trace] GC(83) _eden_chunk_array[231]=0x00000000fa1a09b8
[2025-08-08T15:28:53.441+0000][499.088s][1][129][trace] GC(83) _eden_chunk_array[232]=0x00000000fa1ca1f8
[2025-08-08T15:28:53.441+0000][499.088s][1][129][trace] GC(83) _eden_chunk_array[233]=0x00000000fa1eb6b0
[2025-08-08T15:28:53.441+0000][499.088s][1][129][trace] GC(83) _eden_chunk_array[234]=0x00000000fa20cb48
[2025-08-08T15:28:53.441+0000][499.088s][1][129][trace] GC(83) _eden_chunk_array[235]=0x00000000fa22e018
[2025-08-08T15:28:53.441+0000][499.088s][1][129][trace] GC(83) _eden_chunk_array[236]=0x00000000fa24f4e8
[2025-08-08T15:28:53.441+0000][499.088s][1][129][trace] GC(83) _eden_chunk_array[237]=0x00000000fa278990
[2025-08-08T15:28:53.441+0000][499.088s][1][129][trace] GC(83) _eden_chunk_array[238]=0x00000000fa299e38
[2025-08-08T15:28:53.441+0000][499.088s][1][129][trace] GC(83) _eden_chunk_array[239]=0x00000000fa2c3690
[2025-08-08T15:28:53.441+0000][499.088s][1][129][trace] GC(83) _eden_chunk_array[240]=0x00000000fa2f3e38
[2025-08-08T15:28:53.441+0000][499.088s][1][129][trace] GC(83) _eden_chunk_array[241]=0x00000000fa3245e0
[2025-08-08T15:28:53.441+0000][499.088s][1][129][trace] GC(83) _eden_chunk_array[242]=0x00000000fa34aeb0
[2025-08-08T15:28:53.441+0000][499.088s][1][129][trace] GC(83) _eden_chunk_array[243]=0x00000000fa374360
[2025-08-08T15:28:53.441+0000][499.088s][1][129][trace] GC(83) _eden_chunk_array[244]=0x00000000fa3e0970
[2025-08-08T15:28:53.441+0000][499.088s][1][129][trace] GC(83) _eden_chunk_array[245]=0x00000000fa414af8
[2025-08-08T15:28:53.441+0000][499.088s][1][129][trace] GC(83) _eden_chunk_array[246]=0x00000000fa43d3d0
[2025-08-08T15:28:53.441+0000][499.088s][1][129][trace] GC(83) _eden_chunk_array[247]=0x00000000fa4615c0
[2025-08-08T15:28:53.441+0000][499.088s][1][129][trace] GC(83) _eden_chunk_array[248]=0x00000000fa4cdb48
[2025-08-08T15:28:53.441+0000][499.088s][1][129][trace] GC(83) _eden_chunk_array[249]=0x00000000fa4f7370
[2025-08-08T15:28:53.441+0000][499.089s][1][129][trace] GC(83) _eden_chunk_array[250]=0x00000000fa5203f0
[2025-08-08T15:28:53.441+0000][499.089s][1][129][trace] GC(83) _eden_chunk_array[251]=0x00000000fa549c38
[2025-08-08T15:28:53.441+0000][499.089s][1][129][trace] GC(83) _eden_chunk_array[252]=0x00000000fa57a3d8
[2025-08-08T15:28:53.441+0000][499.089s][1][129][trace] GC(83) _eden_chunk_array[253]=0x00000000fa5a3c10
[2025-08-08T15:28:53.441+0000][499.089s][1][129][trace] GC(83) _eden_chunk_array[254]=0x00000000fa5d43a0
[2025-08-08T15:28:53.441+0000][499.089s][1][129][trace] GC(83) _eden_chunk_array[255]=0x00000000fa5fdbc8
[2025-08-08T15:28:53.441+0000][499.089s][1][129][trace] GC(83) _eden_chunk_array[256]=0x00000000fa627418
[2025-08-08T15:28:53.441+0000][499.089s][1][129][trace] GC(83) _eden_chunk_array[257]=0x00000000fa64f488
[2025-08-08T15:28:53.441+0000][499.089s][1][129][trace] GC(83) _eden_chunk_array[258]=0x00000000fa67c240
[2025-08-08T15:28:53.441+0000][499.089s][1][129][trace] GC(83) _eden_chunk_array[259]=0x00000000fa6ad1c8
[2025-08-08T15:28:53.441+0000][499.089s][1][129][trace] GC(83) _eden_chunk_array[260]=0x00000000fa6d80d8
[2025-08-08T15:28:53.441+0000][499.089s][1][129][trace] GC(83) _eden_chunk_array[261]=0x00000000fa7002f0
[2025-08-08T15:28:53.441+0000][499.089s][1][129][trace] GC(83) _eden_chunk_array[262]=0x00000000fa738440
[2025-08-08T15:28:53.441+0000][499.089s][1][129][trace] GC(83) _eden_chunk_array[263]=0x00000000fa75d228
[2025-08-08T15:28:53.441+0000][499.089s][1][129][trace] GC(83) _eden_chunk_array[264]=0x00000000fa7cbab8
[2025-08-08T15:28:53.441+0000][499.089s][1][129][trace] GC(83) _eden_chunk_array[265]=0x00000000fa7f9498
[2025-08-08T15:28:53.441+0000][499.089s][1][129][trace] GC(83) _eden_chunk_array[266]=0x00000000fa8267f8
[2025-08-08T15:28:53.441+0000][499.089s][1][129][trace] GC(83) _eden_chunk_array[267]=0x00000000fa889f98
[2025-08-08T15:28:53.441+0000][499.089s][1][129][trace] GC(83) _eden_chunk_array[268]=0x00000000fa8b4048
[2025-08-08T15:28:53.441+0000][499.089s][1][129][trace] GC(83) _eden_chunk_array[269]=0x00000000fa8d4a00
[2025-08-08T15:28:53.441+0000][499.089s][1][129][trace] GC(83) _eden_chunk_array[270]=0x00000000fa8f5a80
[2025-08-08T15:28:53.441+0000][499.089s][1][129][trace] GC(83) _eden_chunk_array[271]=0x00000000fa9247a8
[2025-08-08T15:28:53.441+0000][499.089s][1][129][trace] GC(83) _eden_chunk_array[272]=0x00000000fa951fc8
[2025-08-08T15:28:53.441+0000][499.089s][1][129][trace] GC(83) _eden_chunk_array[273]=0x00000000fa97b808
[2025-08-08T15:28:53.441+0000][499.089s][1][129][trace] GC(83) _eden_chunk_array[274]=0x00000000fa9a8dd8
[2025-08-08T15:28:53.441+0000][499.089s][1][129][trace] GC(83) _eden_chunk_array[275]=0x00000000fa9da118
[2025-08-08T15:28:53.441+0000][499.089s][1][129][trace] GC(83) _eden_chunk_array[276]=0x00000000faa385f0
[2025-08-08T15:28:53.441+0000][499.089s][1][129][trace] GC(83) _eden_chunk_array[277]=0x00000000faa59c50
[2025-08-08T15:28:53.441+0000][499.089s][1][129][trace] GC(83) _eden_chunk_array[278]=0x00000000faacaf90
[2025-08-08T15:28:53.441+0000][499.089s][1][129][trace] GC(83) _eden_chunk_array[279]=0x00000000faafa878
[2025-08-08T15:28:53.441+0000][499.089s][1][129][trace] GC(83) _eden_chunk_array[280]=0x00000000fab2a140
[2025-08-08T15:28:53.441+0000][499.089s][1][129][trace] GC(83) _eden_chunk_array[281]=0x00000000fab599d8
[2025-08-08T15:28:53.441+0000][499.089s][1][129][trace] GC(83) _eden_chunk_array[282]=0x00000000fab83eb0
[2025-08-08T15:28:53.441+0000][499.089s][1][129][trace] GC(83) _eden_chunk_array[283]=0x00000000faba50e8
[2025-08-08T15:28:53.441+0000][499.089s][1][129][trace] GC(83) _eden_chunk_array[284]=0x00000000fabd8038
[2025-08-08T15:28:53.441+0000][499.089s][1][129][trace] GC(83) _eden_chunk_array[285]=0x00000000fac09340
[2025-08-08T15:28:53.441+0000][499.089s][1][129][trace] GC(83) _eden_chunk_array[286]=0x00000000fac36148
[2025-08-08T15:28:53.441+0000][499.089s][1][129][trace] GC(83) _eden_chunk_array[287]=0x00000000fac64b40
[2025-08-08T15:28:53.441+0000][499.089s][1][129][trace] GC(83) _eden_chunk_array[288]=0x00000000fac906c0
[2025-08-08T15:28:53.441+0000][499.089s][1][129][trace] GC(83) _eden_chunk_array[289]=0x00000000facc2a90
[2025-08-08T15:28:53.441+0000][499.089s][1][129][trace] GC(83) _eden_chunk_array[290]=0x00000000fad0b5d8
[2025-08-08T15:28:53.441+0000][499.089s][1][129][trace] GC(83) _eden_chunk_array[291]=0x00000000fad3b740
[2025-08-08T15:28:53.441+0000][499.089s][1][129][trace] GC(83) _eden_chunk_array[292]=0x00000000fad64048
[2025-08-08T15:28:53.441+0000][499.089s][1][129][trace] GC(83) _eden_chunk_array[293]=0x00000000fadb5870
[2025-08-08T15:28:53.441+0000][499.089s][1][129][trace] GC(83) _eden_chunk_array[294]=0x00000000fade2508
[2025-08-08T15:28:53.441+0000][499.089s][1][129][trace] GC(83) _eden_chunk_array[295]=0x00000000fae101b8
[2025-08-08T15:28:53.441+0000][499.089s][1][129][trace] GC(83) _eden_chunk_array[296]=0x00000000fae6a220
[2025-08-08T15:28:53.441+0000][499.089s][1][129][trace] GC(83) _eden_chunk_array[297]=0x00000000fae9d038
[2025-08-08T15:28:53.441+0000][499.089s][1][129][trace] GC(83) _eden_chunk_array[298]=0x00000000faec4668
[2025-08-08T15:28:53.441+0000][499.089s][1][129][trace] GC(83) _eden_chunk_array[299]=0x00000000faef0388
[2025-08-08T15:28:53.441+0000][499.089s][1][129][trace] GC(83) _eden_chunk_array[300]=0x00000000faf1c0e0
[2025-08-08T15:28:53.441+0000][499.089s][1][129][trace] GC(83) _eden_chunk_array[301]=0x00000000faf416b0
[2025-08-08T15:28:53.441+0000][499.089s][1][129][trace] GC(83) _eden_chunk_array[302]=0x00000000faf6d400
[2025-08-08T15:28:53.441+0000][499.089s][1][129][trace] GC(83) _eden_chunk_array[303]=0x00000000faf909d0
[2025-08-08T15:28:53.441+0000][499.089s][1][129][trace] GC(83) _eden_chunk_array[304]=0x00000000fafbc6f0
[2025-08-08T15:28:53.441+0000][499.089s][1][129][trace] GC(83) _eden_chunk_array[305]=0x00000000fafdfcc8
[2025-08-08T15:28:53.441+0000][499.089s][1][129][trace] GC(83) _eden_chunk_array[306]=0x00000000fb03fea8
[2025-08-08T15:28:53.441+0000][499.089s][1][129][trace] GC(83) _eden_chunk_array[307]=0x00000000fb068fc8
[2025-08-08T15:28:53.441+0000][499.089s][1][129][trace] GC(83) _eden_chunk_array[308]=0x00000000fb08c800
[2025-08-08T15:28:53.441+0000][499.089s][1][129][trace] GC(83) _eden_chunk_array[309]=0x00000000fb0b4558
[2025-08-08T15:28:53.441+0000][499.089s][1][129][trace] GC(83) _eden_chunk_array[310]=0x00000000fb110230
[2025-08-08T15:28:53.441+0000][499.089s][1][129][trace] GC(83) _eden_chunk_array[311]=0x00000000fb13b0b8
[2025-08-08T15:28:53.441+0000][499.089s][1][129][trace] GC(83) _eden_chunk_array[312]=0x00000000fb16aa28
[2025-08-08T15:28:53.441+0000][499.089s][1][129][trace] GC(83) _eden_chunk_array[313]=0x00000000fb18d858
[2025-08-08T15:28:53.441+0000][499.089s][1][129][trace] GC(83) _eden_chunk_array[314]=0x00000000fb1b0678
[2025-08-08T15:28:53.441+0000][499.089s][1][129][trace] GC(83) _eden_chunk_array[315]=0x00000000fb1e34d8
[2025-08-08T15:28:53.441+0000][499.089s][1][129][trace] GC(83) _eden_chunk_array[316]=0x00000000fb217f80
[2025-08-08T15:28:53.441+0000][499.089s][1][129][trace] GC(83) _eden_chunk_array[317]=0x00000000fb24e680
[2025-08-08T15:28:53.441+0000][499.089s][1][129][trace] GC(83) _eden_chunk_array[318]=0x00000000fb2b7300
[2025-08-08T15:28:53.441+0000][499.089s][1][129][trace] GC(83) _eden_chunk_array[319]=0x00000000fb2ebdc0
[2025-08-08T15:28:53.441+0000][499.089s][1][129][trace] GC(83) _eden_chunk_array[320]=0x00000000fb359a38
[2025-08-08T15:28:53.441+0000][499.089s][1][129][trace] GC(83) _eden_chunk_array[321]=0x00000000fb37c338
[2025-08-08T15:28:53.441+0000][499.089s][1][129][trace] GC(83) _eden_chunk_array[322]=0x00000000fb3ddb78
[2025-08-08T15:28:53.441+0000][499.089s][1][129][trace] GC(83) _eden_chunk_array[323]=0x00000000fb40e928
[2025-08-08T15:28:53.441+0000][499.089s][1][129][trace] GC(83) _eden_chunk_array[324]=0x00000000fb43d268
[2025-08-08T15:28:53.441+0000][499.089s][1][129][trace] GC(83) _eden_chunk_array[325]=0x00000000fb466300
[2025-08-08T15:28:53.441+0000][499.089s][1][129][trace] GC(83) _eden_chunk_array[326]=0x00000000fb497390
[2025-08-08T15:28:53.441+0000][499.089s][1][129][trace] GC(83) _eden_chunk_array[327]=0x00000000fb4c41a0
[2025-08-08T15:28:53.441+0000][499.089s][1][129][trace] GC(83) _eden_chunk_array[328]=0x00000000fb4f5250
[2025-08-08T15:28:53.441+0000][499.089s][1][129][trace] GC(83) _eden_chunk_array[329]=0x00000000fb51db58
[2025-08-08T15:28:53.441+0000][499.089s][1][129][trace] GC(83) _eden_chunk_array[330]=0x00000000fb546478
[2025-08-08T15:28:53.441+0000][499.089s][1][129][trace] GC(83) _eden_chunk_array[331]=0x00000000fb594bc0
[2025-08-08T15:28:53.441+0000][499.089s][1][129][trace] GC(83) _eden_chunk_array[332]=0x00000000fb5c3578
[2025-08-08T15:28:53.441+0000][499.089s][1][129][trace] GC(83) _eden_chunk_array[333]=0x00000000fb5eb7a8
[2025-08-08T15:28:53.441+0000][499.089s][1][129][trace] GC(83) _eden_chunk_array[334]=0x00000000fb6143a8
[2025-08-08T15:28:53.441+0000][499.089s][1][129][trace] GC(83) _eden_chunk_array[335]=0x00000000fb635f20
[2025-08-08T15:28:53.441+0000][499.089s][1][129][trace] GC(83) _eden_chunk_array[336]=0x00000000fb65efc0
[2025-08-08T15:28:53.441+0000][499.089s][1][129][trace] GC(83) _eden_chunk_array[337]=0x00000000fb6831a8
[2025-08-08T15:28:53.441+0000][499.089s][1][129][trace] GC(83) _eden_chunk_array[338]=0x00000000fb6b2380
[2025-08-08T15:28:53.441+0000][499.089s][1][129][trace] GC(83) _eden_chunk_array[339]=0x00000000fb6e30d8
[2025-08-08T15:28:53.441+0000][499.089s][1][129][trace] GC(83) _eden_chunk_array[340]=0x00000000fb711a90
[2025-08-08T15:28:53.441+0000][499.089s][1][129][trace] GC(83) _eden_chunk_array[341]=0x00000000fb7632b8
[2025-08-08T15:28:53.442+0000][499.089s][1][129][trace] GC(83) _eden_chunk_array[342]=0x00000000fb799c88
[2025-08-08T15:28:53.442+0000][499.089s][1][129][trace] GC(83) _eden_chunk_array[343]=0x00000000fb7c25c8
[2025-08-08T15:28:53.442+0000][499.089s][1][129][trace] GC(83) _eden_chunk_array[344]=0x00000000fb7e32c8
[2025-08-08T15:28:53.442+0000][499.089s][1][129][trace] GC(83) _eden_chunk_array[345]=0x00000000fb831a10
[2025-08-08T15:28:53.442+0000][499.089s][1][129][trace] GC(83) _eden_chunk_array[346]=0x00000000fb853308
[2025-08-08T15:28:53.442+0000][499.089s][1][129][trace] GC(83) _eden_chunk_array[347]=0x00000000fb874cf0
[2025-08-08T15:28:53.442+0000][499.089s][1][129][trace] GC(83) _eden_chunk_array[348]=0x00000000fb89c368
[2025-08-08T15:28:53.442+0000][499.089s][1][129][trace] GC(83) _eden_chunk_array[349]=0x00000000fb8e6d50
[2025-08-08T15:28:53.442+0000][499.090s][1][129][trace] GC(83) _eden_chunk_array[350]=0x00000000fb9174e0
[2025-08-08T15:28:53.443+0000][499.090s][1][129][trace] GC(83) _eden_chunk_array[351]=0x00000000fb956550
[2025-08-08T15:28:53.443+0000][499.090s][1][129][trace] GC(83) _eden_chunk_array[352]=0x00000000fb9bd658
[2025-08-08T15:28:53.443+0000][499.090s][1][129][trace] GC(83) _eden_chunk_array[353]=0x00000000fba082c0
[2025-08-08T15:28:53.443+0000][499.090s][1][129][trace] GC(83) _eden_chunk_array[354]=0x00000000fba6df60
[2025-08-08T15:28:53.443+0000][499.090s][1][129][trace] GC(83) _eden_chunk_array[355]=0x00000000fbaa2a30
[2025-08-08T15:28:53.443+0000][499.090s][1][129][trace] GC(83) _eden_chunk_array[356]=0x00000000fbad74d8
[2025-08-08T15:28:53.443+0000][499.090s][1][129][trace] GC(83) _eden_chunk_array[357]=0x00000000fbb0bf98
[2025-08-08T15:28:53.443+0000][499.090s][1][129][trace] GC(83) _eden_chunk_array[358]=0x00000000fbb40a80
[2025-08-08T15:28:53.443+0000][499.090s][1][129][trace] GC(83) _eden_chunk_array[359]=0x00000000fbb62f08
[2025-08-08T15:28:53.443+0000][499.090s][1][129][trace] GC(83) _eden_chunk_array[360]=0x00000000fbb85970
[2025-08-08T15:28:53.443+0000][499.090s][1][129][trace] GC(83) _eden_chunk_array[361]=0x00000000fbba6c80
[2025-08-08T15:28:53.443+0000][499.090s][1][129][trace] GC(83) _eden_chunk_array[362]=0x00000000fbbd6648
[2025-08-08T15:28:53.443+0000][499.090s][1][129][trace] GC(83) _eden_chunk_array[363]=0x00000000fbc097d8
[2025-08-08T15:28:53.443+0000][499.090s][1][129][trace] GC(83) _eden_chunk_array[364]=0x00000000fbc36d68
[2025-08-08T15:28:53.443+0000][499.090s][1][129][trace] GC(83) _eden_chunk_array[365]=0x00000000fbc64318
[2025-08-08T15:28:53.443+0000][499.090s][1][129][trace] GC(83) _eden_chunk_array[366]=0x00000000fbcb2a90
[2025-08-08T15:28:53.443+0000][499.090s][1][129][trace] GC(83) _eden_chunk_array[367]=0x00000000fbd1cc30
[2025-08-08T15:28:53.443+0000][499.090s][1][129][trace] GC(83) _eden_chunk_array[368]=0x00000000fbd4df30
[2025-08-08T15:28:53.443+0000][499.090s][1][129][trace] GC(83) _eden_chunk_array[369]=0x00000000fbd7f260
[2025-08-08T15:28:53.443+0000][499.090s][1][129][trace] GC(83) _eden_chunk_array[370]=0x00000000fbdb21a0
[2025-08-08T15:28:53.443+0000][499.090s][1][129][trace] GC(83) _eden_chunk_array[371]=0x00000000fbe14d48
[2025-08-08T15:28:53.443+0000][499.090s][1][129][trace] GC(83) _eden_chunk_array[372]=0x00000000fbe374a0
[2025-08-08T15:28:53.443+0000][499.090s][1][129][trace] GC(83) _eden_chunk_array[373]=0x00000000fbe61598
[2025-08-08T15:28:53.443+0000][499.090s][1][129][trace] GC(83) _eden_chunk_array[374]=0x00000000fbe861c8
[2025-08-08T15:28:53.443+0000][499.090s][1][129][trace] GC(83) _eden_chunk_array[375]=0x00000000fbeaf9f8
[2025-08-08T15:28:53.443+0000][499.090s][1][129][trace] GC(83) _eden_chunk_array[376]=0x00000000fbed0e88
[2025-08-08T15:28:53.443+0000][499.090s][1][129][trace] GC(83) _eden_chunk_array[377]=0x00000000fbefe178
[2025-08-08T15:28:53.443+0000][499.090s][1][129][trace] GC(83) _eden_chunk_array[378]=0x00000000fbf69f18
[2025-08-08T15:28:53.443+0000][499.090s][1][129][trace] GC(83) _eden_chunk_array[379]=0x00000000fbf9a5e0
[2025-08-08T15:28:53.443+0000][499.090s][1][129][trace] GC(83) _eden_chunk_array[380]=0x00000000fbfcaca0
[2025-08-08T15:28:53.443+0000][499.090s][1][129][trace] GC(83) _eden_chunk_array[381]=0x00000000fbffb368
[2025-08-08T15:28:53.443+0000][499.090s][1][129][trace] GC(83) _eden_chunk_array[382]=0x00000000fc02ba30
[2025-08-08T15:28:53.443+0000][499.090s][1][129][trace] GC(83) _eden_chunk_array[383]=0x00000000fc05f3a0
[2025-08-08T15:28:53.443+0000][499.090s][1][129][trace] GC(83) _eden_chunk_array[384]=0x00000000fc080b58
[2025-08-08T15:28:53.443+0000][499.090s][1][129][trace] GC(83) _eden_chunk_array[385]=0x00000000fc0ecb70
[2025-08-08T15:28:53.443+0000][499.090s][1][129][trace] GC(83) _eden_chunk_array[386]=0x00000000fc113c58
[2025-08-08T15:28:53.443+0000][499.090s][1][129][trace] GC(83) _eden_chunk_array[387]=0x00000000fc140d80
[2025-08-08T15:28:53.443+0000][499.090s][1][129][trace] GC(83) _eden_chunk_array[388]=0x00000000fc168100
[2025-08-08T15:28:53.443+0000][499.090s][1][129][trace] GC(83) _eden_chunk_array[389]=0x00000000fc18f470
[2025-08-08T15:28:53.443+0000][499.090s][1][129][trace] GC(83) _eden_chunk_array[390]=0x00000000fc1c4f50
[2025-08-08T15:28:53.443+0000][499.090s][1][129][trace] GC(83) _eden_chunk_array[391]=0x00000000fc1f8650
[2025-08-08T15:28:53.443+0000][499.090s][1][129][trace] GC(83) _eden_chunk_array[392]=0x00000000fc264bd0
[2025-08-08T15:28:53.443+0000][499.090s][1][129][trace] GC(83) _eden_chunk_array[393]=0x00000000fc29a698
[2025-08-08T15:28:53.443+0000][499.090s][1][129][trace] GC(83) _eden_chunk_array[394]=0x00000000fc2d0178
[2025-08-08T15:28:53.443+0000][499.090s][1][129][trace] GC(83) _eden_chunk_array[395]=0x00000000fc2fd360
[2025-08-08T15:28:53.443+0000][499.090s][1][129][trace] GC(83) _eden_chunk_array[396]=0x00000000fc31d808
[2025-08-08T15:28:53.443+0000][499.090s][1][129][trace] GC(83) _eden_chunk_array[397]=0x00000000fc33f738
[2025-08-08T15:28:53.443+0000][499.090s][1][129][trace] GC(83) _eden_chunk_array[398]=0x00000000fc372328
[2025-08-08T15:28:53.443+0000][499.090s][1][129][trace] GC(83) _eden_chunk_array[399]=0x00000000fc395900
[2025-08-08T15:28:53.443+0000][499.090s][1][129][trace] GC(83) _eden_chunk_array[400]=0x00000000fc3bcc38
[2025-08-08T15:28:53.443+0000][499.090s][1][129][trace] GC(83) _eden_chunk_array[401]=0x00000000fc3e0260
[2025-08-08T15:28:53.443+0000][499.090s][1][129][trace] GC(83) _eden_chunk_array[402]=0x00000000fc407320
[2025-08-08T15:28:53.443+0000][499.090s][1][129][trace] GC(83) _eden_chunk_array[403]=0x00000000fc469f08
[2025-08-08T15:28:53.443+0000][499.090s][1][129][trace] GC(83) _eden_chunk_array[404]=0x00000000fc49a6a0
[2025-08-08T15:28:53.443+0000][499.090s][1][129][trace] GC(83) _eden_chunk_array[405]=0x00000000fc4cae40
[2025-08-08T15:28:53.443+0000][499.090s][1][129][trace] GC(83) _eden_chunk_array[406]=0x00000000fc4f07c0
[2025-08-08T15:28:53.443+0000][499.090s][1][129][trace] GC(83) _eden_chunk_array[407]=0x00000000fc516130
[2025-08-08T15:28:53.443+0000][499.090s][1][129][trace] GC(83) _eden_chunk_array[408]=0x00000000fc53bb00
[2025-08-08T15:28:53.443+0000][499.090s][1][129][trace] GC(83) _eden_chunk_array[409]=0x00000000fc561488
[2025-08-08T15:28:53.443+0000][499.090s][1][129][trace] GC(83) _eden_chunk_array[410]=0x00000000fc586e08
[2025-08-08T15:28:53.443+0000][499.090s][1][129][trace] GC(83) _eden_chunk_array[411]=0x00000000fc5ac790
[2025-08-08T15:28:53.443+0000][499.090s][1][129][trace] GC(83) _eden_chunk_array[412]=0x00000000fc5cdbe0
[2025-08-08T15:28:53.443+0000][499.090s][1][129][trace] GC(83) _eden_chunk_array[413]=0x00000000fc5f1a60
[2025-08-08T15:28:53.443+0000][499.090s][1][129][trace] GC(83) _eden_chunk_array[414]=0x00000000fc612c68
[2025-08-08T15:28:53.443+0000][499.090s][1][129][trace] GC(83) _eden_chunk_array[415]=0x00000000fc66ea98
[2025-08-08T15:28:53.443+0000][499.090s][1][129][trace] GC(83) _eden_chunk_array[416]=0x00000000fc69cdf8
[2025-08-08T15:28:53.443+0000][499.090s][1][129][trace] GC(83) _eden_chunk_array[417]=0x00000000fc6d3c10
[2025-08-08T15:28:53.443+0000][499.090s][1][129][trace] GC(83) _eden_chunk_array[418]=0x00000000fc6fcc90
[2025-08-08T15:28:53.443+0000][499.090s][1][129][trace] GC(83) _eden_chunk_array[419]=0x00000000fc72a228
[2025-08-08T15:28:53.443+0000][499.090s][1][129][trace] GC(83) _eden_chunk_array[420]=0x00000000fc7593f8
[2025-08-08T15:28:53.443+0000][499.090s][1][129][trace] GC(83) _eden_chunk_array[421]=0x00000000fc7bc740
[2025-08-08T15:28:53.443+0000][499.090s][1][129][trace] GC(83) _eden_chunk_array[422]=0x00000000fc7e5f68
[2025-08-08T15:28:53.443+0000][499.090s][1][129][trace] GC(83) _eden_chunk_array[423]=0x00000000fc837798
[2025-08-08T15:28:53.443+0000][499.091s][1][129][trace] GC(83) _eden_chunk_array[424]=0x00000000fc860fd0
[2025-08-08T15:28:53.443+0000][499.091s][1][129][trace] GC(83) _eden_chunk_array[425]=0x00000000fc88a810
[2025-08-08T15:28:53.443+0000][499.091s][1][129][trace] GC(83) _eden_chunk_array[426]=0x00000000fc8b5030
[2025-08-08T15:28:53.443+0000][499.091s][1][129][trace] GC(83) _eden_chunk_array[427]=0x00000000fc8e25d0
[2025-08-08T15:28:53.443+0000][499.091s][1][129][trace] GC(83) _eden_chunk_array[428]=0x00000000fc904b78
[2025-08-08T15:28:53.443+0000][499.091s][1][129][trace] GC(83) _eden_chunk_array[429]=0x00000000fc92f660
[2025-08-08T15:28:53.443+0000][499.091s][1][129][trace] GC(83) _eden_chunk_array[430]=0x00000000fc95b868
[2025-08-08T15:28:53.443+0000][499.091s][1][129][trace] GC(83) _eden_chunk_array[431]=0x00000000fc97fa70
[2025-08-08T15:28:53.443+0000][499.091s][1][129][trace] GC(83) _eden_chunk_array[432]=0x00000000fc9ebbd8
[2025-08-08T15:28:53.443+0000][499.091s][1][129][trace] GC(83) _eden_chunk_array[433]=0x00000000fca20698
[2025-08-08T15:28:53.443+0000][499.091s][1][129][trace] GC(83) _eden_chunk_array[434]=0x00000000fca6ede0
[2025-08-08T15:28:53.443+0000][499.091s][1][129][trace] GC(83) _eden_chunk_array[435]=0x00000000fcaa38b0
[2025-08-08T15:28:53.443+0000][499.091s][1][129][trace] GC(83) _eden_chunk_array[436]=0x00000000fcad8370
[2025-08-08T15:28:53.443+0000][499.091s][1][129][trace] GC(83) _eden_chunk_array[437]=0x00000000fcb0ce30
[2025-08-08T15:28:53.443+0000][499.091s][1][129][trace] GC(83) _eden_chunk_array[438]=0x00000000fcb2d7a8
[2025-08-08T15:28:53.443+0000][499.091s][1][129][trace] GC(83) _eden_chunk_array[439]=0x00000000fcb56240
[2025-08-08T15:28:53.443+0000][499.091s][1][129][trace] GC(83) _eden_chunk_array[440]=0x00000000fcb76308
[2025-08-08T15:28:53.443+0000][499.091s][1][129][trace] GC(83) _eden_chunk_array[441]=0x00000000fcb9d868
[2025-08-08T15:28:53.443+0000][499.091s][1][129][trace] GC(83) _eden_chunk_array[442]=0x00000000fcbc2d58
[2025-08-08T15:28:53.443+0000][499.091s][1][129][trace] GC(83) _eden_chunk_array[443]=0x00000000fcbf0e28
[2025-08-08T15:28:53.443+0000][499.091s][1][129][trace] GC(83) _eden_chunk_array[444]=0x00000000fcc1aec8
[2025-08-08T15:28:53.443+0000][499.091s][1][129][trace] GC(83) _eden_chunk_array[445]=0x00000000fcc44f70
[2025-08-08T15:28:53.443+0000][499.091s][1][129][trace] GC(83) _eden_chunk_array[446]=0x00000000fcc75710
[2025-08-08T15:28:53.443+0000][499.091s][1][129][trace] GC(83) _eden_chunk_array[447]=0x00000000fcca8328
[2025-08-08T15:28:53.443+0000][499.091s][1][129][trace] GC(83) _eden_chunk_array[448]=0x00000000fccd8ad0
[2025-08-08T15:28:53.443+0000][499.091s][1][129][trace] GC(83) _eden_chunk_array[449]=0x00000000fcd02318
[2025-08-08T15:28:53.443+0000][499.091s][1][129][trace] GC(83) _eden_chunk_array[450]=0x00000000fcd2bb50
[2025-08-08T15:28:53.443+0000][499.091s][1][129][trace] GC(83) _eden_chunk_array[451]=0x00000000fcd55378
[2025-08-08T15:28:53.443+0000][499.091s][1][129][trace] GC(83) _eden_chunk_array[452]=0x00000000fcd7ebb8
[2025-08-08T15:28:53.443+0000][499.091s][1][129][trace] GC(83) _eden_chunk_array[453]=0x00000000fcda8410
[2025-08-08T15:28:53.443+0000][499.091s][1][129][trace] GC(83) _eden_chunk_array[454]=0x00000000fcdd9350
[2025-08-08T15:28:53.443+0000][499.091s][1][129][trace] GC(83) _eden_chunk_array[455]=0x00000000fce02410
[2025-08-08T15:28:53.443+0000][499.091s][1][129][trace] GC(83) _eden_chunk_array[456]=0x00000000fce5cef0
[2025-08-08T15:28:53.443+0000][499.091s][1][129][trace] GC(83) _eden_chunk_array[457]=0x00000000fceb0450
[2025-08-08T15:28:53.443+0000][499.091s][1][129][trace] GC(83) _eden_chunk_array[458]=0x00000000fcee4b30
[2025-08-08T15:28:53.443+0000][499.091s][1][129][trace] GC(83) _eden_chunk_array[459]=0x00000000fcf0e368
[2025-08-08T15:28:53.443+0000][499.091s][1][129][trace] GC(83) _eden_chunk_array[460]=0x00000000fcf376c8
[2025-08-08T15:28:53.443+0000][499.091s][1][129][trace] GC(83) _eden_chunk_array[461]=0x00000000fcf587e8
[2025-08-08T15:28:53.443+0000][499.091s][1][129][trace] GC(83) _eden_chunk_array[462]=0x00000000fcf79cb8
[2025-08-08T15:28:53.443+0000][499.091s][1][129][trace] GC(83) _eden_chunk_array[463]=0x00000000fcf9f628
[2025-08-08T15:28:53.443+0000][499.091s][1][129][trace] GC(83) _eden_chunk_array[464]=0x00000000fcfc4fc8
[2025-08-08T15:28:53.443+0000][499.091s][1][129][trace] GC(83) _eden_chunk_array[465]=0x00000000fd01ff88
[2025-08-08T15:28:53.443+0000][499.091s][1][129][trace] GC(83) _eden_chunk_array[466]=0x00000000fd045950
[2025-08-08T15:28:53.443+0000][499.091s][1][129][trace] GC(83) _eden_chunk_array[467]=0x00000000fd06b2e8
[2025-08-08T15:28:53.443+0000][499.091s][1][129][trace] GC(83) _eden_chunk_array[468]=0x00000000fd093cb8
[2025-08-08T15:28:53.443+0000][499.091s][1][129][trace] GC(83) _eden_chunk_array[469]=0x00000000fd0badb0
[2025-08-08T15:28:53.443+0000][499.091s][1][129][trace] GC(83) _eden_chunk_array[470]=0x00000000fd0db7b0
[2025-08-08T15:28:53.443+0000][499.091s][1][129][trace] GC(83) _eden_chunk_array[471]=0x00000000fd0fc2e8
[2025-08-08T15:28:53.443+0000][499.091s][1][129][trace] GC(83) _eden_chunk_array[472]=0x00000000fd12e288
[2025-08-08T15:28:53.443+0000][499.091s][1][129][trace] GC(83) _eden_chunk_array[473]=0x00000000fd159fc8
[2025-08-08T15:28:53.443+0000][499.091s][1][129][trace] GC(83) _eden_chunk_array[474]=0x00000000fd17f358
[2025-08-08T15:28:53.443+0000][499.091s][1][129][trace] GC(83) _eden_chunk_array[475]=0x00000000fd1a3388
[2025-08-08T15:28:53.443+0000][499.091s][1][129][trace] GC(83) _eden_chunk_array[476]=0x00000000fd20f150
[2025-08-08T15:28:53.443+0000][499.091s][1][129][trace] GC(83) _eden_chunk_array[477]=0x00000000fd243c30
[2025-08-08T15:28:53.443+0000][499.091s][1][129][trace] GC(83) _eden_chunk_array[478]=0x00000000fd265a00
[2025-08-08T15:28:53.443+0000][499.091s][1][129][trace] GC(83) _eden_chunk_array[479]=0x00000000fd29a4c0
[2025-08-08T15:28:53.443+0000][499.091s][1][129][trace] GC(83) _eden_chunk_array[480]=0x00000000fd2e8c00
[2025-08-08T15:28:53.443+0000][499.091s][1][129][trace] GC(83) _eden_chunk_array[481]=0x00000000fd31d6b8
[2025-08-08T15:28:53.443+0000][499.091s][1][129][trace] GC(83) _eden_chunk_array[482]=0x00000000fd344df8
[2025-08-08T15:28:53.443+0000][499.091s][1][129][trace] GC(83) survivor 0x00000000fd410000-0x00000000fd410000-0x00000000fe780000(20381696)
[2025-08-08T15:28:53.443+0000][499.091s][1][129][trace] GC(83) _survivor_chunk_index=0, _survivor_chunk_capacity=9952
[2025-08-08T15:28:53.477+0000][499.124s][1][129][info ] GC(83) Pause Initial Mark 160M->160M(180M) 36.699ms
[2025-08-08T15:28:53.477+0000][499.124s][1][129][info ] Leaving safepoint region
[2025-08-08T15:28:53.477+0000][499.124s][1][129][info ] Total time for which application threads were stopped: 0.0369689 seconds, Stopping threads took: 0.0000331 seconds
[2025-08-08T15:28:53.477+0000][499.124s][1][128][info ] GC(83) Concurrent Mark
[2025-08-08T15:28:53.482+0000][499.129s][1][128][info ] GC(83) Concurrent Mark 4.379ms
[2025-08-08T15:28:53.482+0000][499.129s][1][128][info ] GC(83) Concurrent Preclean
[2025-08-08T15:28:53.482+0000][499.129s][1][128][info ] GC(83) Concurrent Preclean 0.286ms
[2025-08-08T15:28:53.482+0000][499.129s][1][128][info ] GC(83) Concurrent Abortable Preclean
[2025-08-08T15:28:53.482+0000][499.129s][1][128][trace] CMS: promo attempt is not safe: available(24) < av_promo(2795291), max_promo(162906256)
[2025-08-08T15:28:53.482+0000][499.129s][1][128][info ] GC(83) Concurrent Abortable Preclean 0.017ms
[2025-08-08T15:28:53.482+0000][499.129s][1][129][info ] Application time: 0.0050372 seconds
[2025-08-08T15:28:53.482+0000][499.129s][1][129][info ] Entering safepoint region: CMS_Final_Remark
[2025-08-08T15:28:53.482+0000][499.130s][1][129][trace] GC(83) eden 0x00000000f3800000-0x00000000fd35c090-0x00000000fd410000(163643392)
[2025-08-08T15:28:53.482+0000][499.130s][1][129][trace] GC(83) _eden_chunk_index=483, _eden_chunk_capacity=11233
[2025-08-08T15:28:53.482+0000][499.130s][1][129][trace] GC(83) _eden_chunk_array[0]=0x00000000f74596b0
[2025-08-08T15:28:53.482+0000][499.130s][1][129][trace] GC(83) _eden_chunk_array[1]=0x00000000f74ac5b8
[2025-08-08T15:28:53.482+0000][499.130s][1][129][trace] GC(83) _eden_chunk_array[2]=0x00000000f74d55e8
[2025-08-08T15:28:53.482+0000][499.130s][1][129][trace] GC(83) _eden_chunk_array[3]=0x00000000f7504058
[2025-08-08T15:28:53.482+0000][499.130s][1][129][trace] GC(83) _eden_chunk_array[4]=0x00000000f7524f88
[2025-08-08T15:28:53.482+0000][499.130s][1][129][trace] GC(83) _eden_chunk_array[5]=0x00000000f754e7c0
[2025-08-08T15:28:53.482+0000][499.130s][1][129][trace] GC(83) _eden_chunk_array[6]=0x00000000f7577fe0
[2025-08-08T15:28:53.482+0000][499.130s][1][129][trace] GC(83) _eden_chunk_array[7]=0x00000000f75a71a8
[2025-08-08T15:28:53.482+0000][499.130s][1][129][trace] GC(83) _eden_chunk_array[8]=0x00000000f75f58d8
[2025-08-08T15:28:53.482+0000][499.130s][1][129][trace] GC(83) _eden_chunk_array[9]=0x00000000f761a640
[2025-08-08T15:28:53.482+0000][499.130s][1][129][trace] GC(83) _eden_chunk_array[10]=0x00000000f76649c8
[2025-08-08T15:28:53.482+0000][499.130s][1][129][trace] GC(83) _eden_chunk_array[11]=0x00000000f76854f8
[2025-08-08T15:28:53.482+0000][499.130s][1][129][trace] GC(83) _eden_chunk_array[12]=0x00000000f76d4790
[2025-08-08T15:28:53.482+0000][499.130s][1][129][trace] GC(83) _eden_chunk_array[13]=0x00000000f7704f20
[2025-08-08T15:28:53.482+0000][499.130s][1][129][trace] GC(83) _eden_chunk_array[14]=0x00000000f7751bd0
[2025-08-08T15:28:53.482+0000][499.130s][1][129][trace] GC(83) _eden_chunk_array[15]=0x00000000f777a4b0
[2025-08-08T15:28:53.482+0000][499.130s][1][129][trace] GC(83) _eden_chunk_array[16]=0x00000000f77a4c70
[2025-08-08T15:28:53.482+0000][499.130s][1][129][trace] GC(83) _eden_chunk_array[17]=0x00000000f7810a48
[2025-08-08T15:28:53.482+0000][499.130s][1][129][trace] GC(83) _eden_chunk_array[18]=0x00000000f78454f8
[2025-08-08T15:28:53.482+0000][499.130s][1][129][trace] GC(83) _eden_chunk_array[19]=0x00000000f7879fb0
[2025-08-08T15:28:53.482+0000][499.130s][1][129][trace] GC(83) _eden_chunk_array[20]=0x00000000f78aea98
[2025-08-08T15:28:53.482+0000][499.130s][1][129][trace] GC(83) _eden_chunk_array[21]=0x00000000f78d8f40
[2025-08-08T15:28:53.482+0000][499.130s][1][129][trace] GC(83) _eden_chunk_array[22]=0x00000000f79059a8
[2025-08-08T15:28:53.482+0000][499.130s][1][129][trace] GC(83) _eden_chunk_array[23]=0x00000000f7968da8
[2025-08-08T15:28:53.482+0000][499.130s][1][129][trace] GC(83) _eden_chunk_array[24]=0x00000000f79891e8
[2025-08-08T15:28:53.482+0000][499.130s][1][129][trace] GC(83) _eden_chunk_array[25]=0x00000000f79b18e8
[2025-08-08T15:28:53.482+0000][499.130s][1][129][trace] GC(83) _eden_chunk_array[26]=0x00000000f79d1ad8
[2025-08-08T15:28:53.482+0000][499.130s][1][129][trace] GC(83) _eden_chunk_array[27]=0x00000000f7a16618
[2025-08-08T15:28:53.482+0000][499.130s][1][129][trace] GC(83) _eden_chunk_array[28]=0x00000000f7a46d00
[2025-08-08T15:28:53.482+0000][499.130s][1][129][trace] GC(83) _eden_chunk_array[29]=0x00000000f7a8fd38
[2025-08-08T15:28:53.482+0000][499.130s][1][129][trace] GC(83) _eden_chunk_array[30]=0x00000000f7ad8d90
[2025-08-08T15:28:53.482+0000][499.130s][1][129][trace] GC(83) _eden_chunk_array[31]=0x00000000f7b2a5c0
[2025-08-08T15:28:53.482+0000][499.130s][1][129][trace] GC(83) _eden_chunk_array[32]=0x00000000f7b87ac8
[2025-08-08T15:28:53.482+0000][499.130s][1][129][trace] GC(83) _eden_chunk_array[33]=0x00000000f7bad890
[2025-08-08T15:28:53.482+0000][499.130s][1][129][trace] GC(83) _eden_chunk_array[34]=0x00000000f7bce290
[2025-08-08T15:28:53.482+0000][499.130s][1][129][trace] GC(83) _eden_chunk_array[35]=0x00000000f7bef940
[2025-08-08T15:28:53.482+0000][499.130s][1][129][trace] GC(83) _eden_chunk_array[36]=0x00000000f7c20f50
[2025-08-08T15:28:53.482+0000][499.130s][1][129][trace] GC(83) _eden_chunk_array[37]=0x00000000f7c53e40
[2025-08-08T15:28:53.482+0000][499.130s][1][129][trace] GC(83) _eden_chunk_array[38]=0x00000000f7c79888
[2025-08-08T15:28:53.482+0000][499.130s][1][129][trace] GC(83) _eden_chunk_array[39]=0x00000000f7c9ea88
[2025-08-08T15:28:53.482+0000][499.130s][1][129][trace] GC(83) _eden_chunk_array[40]=0x00000000f7cc3cb8
[2025-08-08T15:28:53.482+0000][499.130s][1][129][trace] GC(83) _eden_chunk_array[41]=0x00000000f7ceaaa0
[2025-08-08T15:28:53.482+0000][499.130s][1][129][trace] GC(83) _eden_chunk_array[42]=0x00000000f7d0b440
[2025-08-08T15:28:53.482+0000][499.130s][1][129][trace] GC(83) _eden_chunk_array[43]=0x00000000f7d30640
[2025-08-08T15:28:53.482+0000][499.130s][1][129][trace] GC(83) _eden_chunk_array[44]=0x00000000f7d9da90
[2025-08-08T15:28:53.482+0000][499.130s][1][129][trace] GC(83) _eden_chunk_array[45]=0x00000000f7dd09f8
[2025-08-08T15:28:53.483+0000][499.130s][1][129][trace] GC(83) _eden_chunk_array[46]=0x00000000f7df56f0
[2025-08-08T15:28:53.483+0000][499.130s][1][129][trace] GC(83) _eden_chunk_array[47]=0x00000000f7e1ad98
[2025-08-08T15:28:53.483+0000][499.130s][1][129][trace] GC(83) _eden_chunk_array[48]=0x00000000f7e88158
[2025-08-08T15:28:53.483+0000][499.130s][1][129][trace] GC(83) _eden_chunk_array[49]=0x00000000f7eb0348
[2025-08-08T15:28:53.483+0000][499.130s][1][129][trace] GC(83) _eden_chunk_array[50]=0x00000000f7ed5e98
[2025-08-08T15:28:53.483+0000][499.130s][1][129][trace] GC(83) _eden_chunk_array[51]=0x00000000f7f02cb8
[2025-08-08T15:28:53.483+0000][499.130s][1][129][trace] GC(83) _eden_chunk_array[52]=0x00000000f7f29820
[2025-08-08T15:28:53.483+0000][499.130s][1][129][trace] GC(83) _eden_chunk_array[53]=0x00000000f7f50380
[2025-08-08T15:28:53.483+0000][499.130s][1][129][trace] GC(83) _eden_chunk_array[54]=0x00000000f7f78570
[2025-08-08T15:28:53.483+0000][499.130s][1][129][trace] GC(83) _eden_chunk_array[55]=0x00000000f7f9f118
[2025-08-08T15:28:53.483+0000][499.130s][1][129][trace] GC(83) _eden_chunk_array[56]=0x00000000f7fd1398
[2025-08-08T15:28:53.483+0000][499.130s][1][129][trace] GC(83) _eden_chunk_array[57]=0x00000000f7ff15f0
[2025-08-08T15:28:53.483+0000][499.130s][1][129][trace] GC(83) _eden_chunk_array[58]=0x00000000f8021d80
[2025-08-08T15:28:53.483+0000][499.130s][1][129][trace] GC(83) _eden_chunk_array[59]=0x00000000f8052520
[2025-08-08T15:28:53.483+0000][499.130s][1][129][trace] GC(83) _eden_chunk_array[60]=0x00000000f8078698
[2025-08-08T15:28:53.483+0000][499.130s][1][129][trace] GC(83) _eden_chunk_array[61]=0x00000000f809e8f8
[2025-08-08T15:28:53.483+0000][499.130s][1][129][trace] GC(83) _eden_chunk_array[62]=0x00000000f80c9470
[2025-08-08T15:28:53.483+0000][499.130s][1][129][trace] GC(83) _eden_chunk_array[63]=0x00000000f8101478
[2025-08-08T15:28:53.483+0000][499.130s][1][129][trace] GC(83) _eden_chunk_array[64]=0x00000000f8128fa8
[2025-08-08T15:28:53.483+0000][499.130s][1][129][trace] GC(83) _eden_chunk_array[65]=0x00000000f81516c0
[2025-08-08T15:28:53.483+0000][499.130s][1][129][trace] GC(83) _eden_chunk_array[66]=0x00000000f81bc790
[2025-08-08T15:28:53.483+0000][499.130s][1][129][trace] GC(83) _eden_chunk_array[67]=0x00000000f821fae0
[2025-08-08T15:28:53.483+0000][499.130s][1][129][trace] GC(83) _eden_chunk_array[68]=0x00000000f8245540
[2025-08-08T15:28:53.483+0000][499.130s][1][129][trace] GC(83) _eden_chunk_array[69]=0x00000000f826afc0
[2025-08-08T15:28:53.483+0000][499.130s][1][129][trace] GC(83) _eden_chunk_array[70]=0x00000000f82909f8
[2025-08-08T15:28:53.483+0000][499.130s][1][129][trace] GC(83) _eden_chunk_array[71]=0x00000000f82b6460
[2025-08-08T15:28:53.483+0000][499.130s][1][129][trace] GC(83) _eden_chunk_array[72]=0x00000000f82dbef0
[2025-08-08T15:28:53.483+0000][499.130s][1][129][trace] GC(83) _eden_chunk_array[73]=0x00000000f8301998
[2025-08-08T15:28:53.483+0000][499.130s][1][129][trace] GC(83) _eden_chunk_array[74]=0x00000000f83398c8
[2025-08-08T15:28:53.483+0000][499.130s][1][129][trace] GC(83) _eden_chunk_array[75]=0x00000000f835b020
[2025-08-08T15:28:53.483+0000][499.130s][1][129][trace] GC(83) _eden_chunk_array[76]=0x00000000f8381080
[2025-08-08T15:28:53.483+0000][499.130s][1][129][trace] GC(83) _eden_chunk_array[77]=0x00000000f83daa10
[2025-08-08T15:28:53.483+0000][499.130s][1][129][trace] GC(83) _eden_chunk_array[78]=0x00000000f8409a80
[2025-08-08T15:28:53.483+0000][499.130s][1][129][trace] GC(83) _eden_chunk_array[79]=0x00000000f842d588
[2025-08-08T15:28:53.483+0000][499.130s][1][129][trace] GC(83) _eden_chunk_array[80]=0x00000000f8485750
[2025-08-08T15:28:53.483+0000][499.130s][1][129][trace] GC(83) _eden_chunk_array[81]=0x00000000f84b3020
[2025-08-08T15:28:53.483+0000][499.130s][1][129][trace] GC(83) _eden_chunk_array[82]=0x00000000f84db8f8
[2025-08-08T15:28:53.483+0000][499.130s][1][129][trace] GC(83) _eden_chunk_array[83]=0x00000000f850c098
[2025-08-08T15:28:53.483+0000][499.130s][1][129][trace] GC(83) _eden_chunk_array[84]=0x00000000f8534970
[2025-08-08T15:28:53.483+0000][499.130s][1][129][trace] GC(83) _eden_chunk_array[85]=0x00000000f8565110
[2025-08-08T15:28:53.483+0000][499.130s][1][129][trace] GC(83) _eden_chunk_array[86]=0x00000000f85b6928
[2025-08-08T15:28:53.483+0000][499.130s][1][129][trace] GC(83) _eden_chunk_array[87]=0x00000000f85df230
[2025-08-08T15:28:53.483+0000][499.130s][1][129][trace] GC(83) _eden_chunk_array[88]=0x00000000f8607b20
[2025-08-08T15:28:53.483+0000][499.130s][1][129][trace] GC(83) _eden_chunk_array[89]=0x00000000f862e828
[2025-08-08T15:28:53.483+0000][499.130s][1][129][trace] GC(83) _eden_chunk_array[90]=0x00000000f8653490
[2025-08-08T15:28:53.483+0000][499.130s][1][129][trace] GC(83) _eden_chunk_array[91]=0x00000000f8674438
[2025-08-08T15:28:53.483+0000][499.130s][1][129][trace] GC(83) _eden_chunk_array[92]=0x00000000f869b2d8
[2025-08-08T15:28:53.483+0000][499.130s][1][129][trace] GC(83) _eden_chunk_array[93]=0x00000000f86bfc78
[2025-08-08T15:28:53.483+0000][499.130s][1][129][trace] GC(83) _eden_chunk_array[94]=0x00000000f86e6630
[2025-08-08T15:28:53.483+0000][499.130s][1][129][trace] GC(83) _eden_chunk_array[95]=0x00000000f871a5d0
[2025-08-08T15:28:53.483+0000][499.130s][1][129][trace] GC(83) _eden_chunk_array[96]=0x00000000f87464f8
[2025-08-08T15:28:53.483+0000][499.130s][1][129][trace] GC(83) _eden_chunk_array[97]=0x00000000f877af98
[2025-08-08T15:28:53.483+0000][499.130s][1][129][trace] GC(83) _eden_chunk_array[98]=0x00000000f87e6d28
[2025-08-08T15:28:53.483+0000][499.130s][1][129][trace] GC(83) _eden_chunk_array[99]=0x00000000f88174d0
[2025-08-08T15:28:53.483+0000][499.130s][1][129][trace] GC(83) _eden_chunk_array[100]=0x00000000f884bfe0
[2025-08-08T15:28:53.483+0000][499.130s][1][129][trace] GC(83) _eden_chunk_array[101]=0x00000000f8880a90
[2025-08-08T15:28:53.483+0000][499.130s][1][129][trace] GC(83) _eden_chunk_array[102]=0x00000000f88a8fa0
[2025-08-08T15:28:53.483+0000][499.130s][1][129][trace] GC(83) _eden_chunk_array[103]=0x00000000f88ca4d8
[2025-08-08T15:28:53.483+0000][499.130s][1][129][trace] GC(83) _eden_chunk_array[104]=0x00000000f88f0e68
[2025-08-08T15:28:53.483+0000][499.130s][1][129][trace] GC(83) _eden_chunk_array[105]=0x00000000f8914998
[2025-08-08T15:28:53.483+0000][499.130s][1][129][trace] GC(83) _eden_chunk_array[106]=0x00000000f8943b50
[2025-08-08T15:28:53.483+0000][499.130s][1][129][trace] GC(83) _eden_chunk_array[107]=0x00000000f8967d68
[2025-08-08T15:28:53.483+0000][499.130s][1][129][trace] GC(83) _eden_chunk_array[108]=0x00000000f8991360
[2025-08-08T15:28:53.483+0000][499.130s][1][129][trace] GC(83) _eden_chunk_array[109]=0x00000000f89b7ec0
[2025-08-08T15:28:53.483+0000][499.130s][1][129][trace] GC(83) _eden_chunk_array[110]=0x00000000f89deaa8
[2025-08-08T15:28:53.483+0000][499.130s][1][129][trace] GC(83) _eden_chunk_array[111]=0x00000000f8a01e48
[2025-08-08T15:28:53.483+0000][499.130s][1][129][trace] GC(83) _eden_chunk_array[112]=0x00000000f8a289a8
[2025-08-08T15:28:53.483+0000][499.130s][1][129][trace] GC(83) _eden_chunk_array[113]=0x00000000f8a4f518
[2025-08-08T15:28:53.483+0000][499.130s][1][129][trace] GC(83) _eden_chunk_array[114]=0x00000000f8a9dc58
[2025-08-08T15:28:53.483+0000][499.130s][1][129][trace] GC(83) _eden_chunk_array[115]=0x00000000f8ac4d88
[2025-08-08T15:28:53.483+0000][499.130s][1][129][trace] GC(83) _eden_chunk_array[116]=0x00000000f8aebd28
[2025-08-08T15:28:53.483+0000][499.130s][1][129][trace] GC(83) _eden_chunk_array[117]=0x00000000f8b48a38
[2025-08-08T15:28:53.483+0000][499.130s][1][129][trace] GC(83) _eden_chunk_array[118]=0x00000000f8b6d790
[2025-08-08T15:28:53.483+0000][499.130s][1][129][trace] GC(83) _eden_chunk_array[119]=0x00000000f8b911e8
[2025-08-08T15:28:53.483+0000][499.130s][1][129][trace] GC(83) _eden_chunk_array[120]=0x00000000f8bef900
[2025-08-08T15:28:53.483+0000][499.130s][1][129][trace] GC(83) _eden_chunk_array[121]=0x00000000f8c335d8
[2025-08-08T15:28:53.483+0000][499.130s][1][129][trace] GC(83) _eden_chunk_array[122]=0x00000000f8c8e5a0
[2025-08-08T15:28:53.483+0000][499.130s][1][129][trace] GC(83) _eden_chunk_array[123]=0x00000000f8caff78
[2025-08-08T15:28:53.483+0000][499.130s][1][129][trace] GC(83) _eden_chunk_array[124]=0x00000000f8cdd530
[2025-08-08T15:28:53.483+0000][499.130s][1][129][trace] GC(83) _eden_chunk_array[125]=0x00000000f8d08b20
[2025-08-08T15:28:53.483+0000][499.130s][1][129][trace] GC(83) _eden_chunk_array[126]=0x00000000f8d3f138
[2025-08-08T15:28:53.483+0000][499.130s][1][129][trace] GC(83) _eden_chunk_array[127]=0x00000000f8daaec8
[2025-08-08T15:28:53.483+0000][499.130s][1][129][trace] GC(83) _eden_chunk_array[128]=0x00000000f8ddf970
[2025-08-08T15:28:53.483+0000][499.130s][1][129][trace] GC(83) _eden_chunk_array[129]=0x00000000f8e14438
[2025-08-08T15:28:53.483+0000][499.130s][1][129][trace] GC(83) _eden_chunk_array[130]=0x00000000f8e36208
[2025-08-08T15:28:53.483+0000][499.130s][1][129][trace] GC(83) _eden_chunk_array[131]=0x00000000f8e60288
[2025-08-08T15:28:53.483+0000][499.130s][1][129][trace] GC(83) _eden_chunk_array[132]=0x00000000f8eace78
[2025-08-08T15:28:53.483+0000][499.130s][1][129][trace] GC(83) _eden_chunk_array[133]=0x00000000f8ee1548
[2025-08-08T15:28:53.483+0000][499.130s][1][129][trace] GC(83) _eden_chunk_array[134]=0x00000000f8f07f38
[2025-08-08T15:28:53.483+0000][499.130s][1][129][trace] GC(83) _eden_chunk_array[135]=0x00000000f8f3d1f8
[2025-08-08T15:28:53.483+0000][499.130s][1][129][trace] GC(83) _eden_chunk_array[136]=0x00000000f8f6c388
[2025-08-08T15:28:53.483+0000][499.130s][1][129][trace] GC(83) _eden_chunk_array[137]=0x00000000f8f9b4f0
[2025-08-08T15:28:53.483+0000][499.130s][1][129][trace] GC(83) _eden_chunk_array[138]=0x00000000f8fd1ce8
[2025-08-08T15:28:53.483+0000][499.130s][1][129][trace] GC(83) _eden_chunk_array[139]=0x00000000f9000e68
[2025-08-08T15:28:53.483+0000][499.130s][1][129][trace] GC(83) _eden_chunk_array[140]=0x00000000f902ffd0
[2025-08-08T15:28:53.483+0000][499.130s][1][129][trace] GC(83) _eden_chunk_array[141]=0x00000000f9064aa0
[2025-08-08T15:28:53.483+0000][499.130s][1][129][trace] GC(83) _eden_chunk_array[142]=0x00000000f90b31d8
[2025-08-08T15:28:53.483+0000][499.130s][1][129][trace] GC(83) _eden_chunk_array[143]=0x00000000f90da820
[2025-08-08T15:28:53.483+0000][499.130s][1][129][trace] GC(83) _eden_chunk_array[144]=0x00000000f9101ba0
[2025-08-08T15:28:53.483+0000][499.130s][1][129][trace] GC(83) _eden_chunk_array[145]=0x00000000f912f280
[2025-08-08T15:28:53.483+0000][499.130s][1][129][trace] GC(83) _eden_chunk_array[146]=0x00000000f9189620
[2025-08-08T15:28:53.483+0000][499.130s][1][129][trace] GC(83) _eden_chunk_array[147]=0x00000000f91bd578
[2025-08-08T15:28:53.483+0000][499.130s][1][129][trace] GC(83) _eden_chunk_array[148]=0x00000000f91e7e78
[2025-08-08T15:28:53.483+0000][499.130s][1][129][trace] GC(83) _eden_chunk_array[149]=0x00000000f924aa20
[2025-08-08T15:28:53.483+0000][499.130s][1][129][trace] GC(83) _eden_chunk_array[150]=0x00000000f9272000
[2025-08-08T15:28:53.483+0000][499.130s][1][129][trace] GC(83) _eden_chunk_array[151]=0x00000000f9297998
[2025-08-08T15:28:53.483+0000][499.130s][1][129][trace] GC(83) _eden_chunk_array[152]=0x00000000f92c8138
[2025-08-08T15:28:53.483+0000][499.130s][1][129][trace] GC(83) _eden_chunk_array[153]=0x00000000f92edaa0
[2025-08-08T15:28:53.483+0000][499.130s][1][129][trace] GC(83) _eden_chunk_array[154]=0x00000000f9313428
[2025-08-08T15:28:53.483+0000][499.130s][1][129][trace] GC(83) _eden_chunk_array[155]=0x00000000f9338dc8
[2025-08-08T15:28:53.483+0000][499.130s][1][129][trace] GC(83) _eden_chunk_array[156]=0x00000000f935e778
[2025-08-08T15:28:53.483+0000][499.130s][1][129][trace] GC(83) _eden_chunk_array[157]=0x00000000f9387c48
[2025-08-08T15:28:53.483+0000][499.130s][1][129][trace] GC(83) _eden_chunk_array[158]=0x00000000f93b50b8
[2025-08-08T15:28:53.483+0000][499.130s][1][129][trace] GC(83) _eden_chunk_array[159]=0x00000000f93da618
[2025-08-08T15:28:53.483+0000][499.130s][1][129][trace] GC(83) _eden_chunk_array[160]=0x00000000f9417650
[2025-08-08T15:28:53.483+0000][499.130s][1][129][trace] GC(83) _eden_chunk_array[161]=0x00000000f943acc8
[2025-08-08T15:28:53.483+0000][499.130s][1][129][trace] GC(83) _eden_chunk_array[162]=0x00000000f9464500
[2025-08-08T15:28:53.483+0000][499.130s][1][129][trace] GC(83) _eden_chunk_array[163]=0x00000000f948e178
[2025-08-08T15:28:53.483+0000][499.130s][1][129][trace] GC(83) _eden_chunk_array[164]=0x00000000f94b8238
[2025-08-08T15:28:53.483+0000][499.130s][1][129][trace] GC(83) _eden_chunk_array[165]=0x00000000f95197e8
[2025-08-08T15:28:53.483+0000][499.130s][1][129][trace] GC(83) _eden_chunk_array[166]=0x00000000f9542118
[2025-08-08T15:28:53.483+0000][499.130s][1][129][trace] GC(83) _eden_chunk_array[167]=0x00000000f9567aa0
[2025-08-08T15:28:53.483+0000][499.130s][1][129][trace] GC(83) _eden_chunk_array[168]=0x00000000f9591b48
[2025-08-08T15:28:53.483+0000][499.130s][1][129][trace] GC(83) _eden_chunk_array[169]=0x00000000f95bbc00
[2025-08-08T15:28:53.483+0000][499.130s][1][129][trace] GC(83) _eden_chunk_array[170]=0x00000000f95e5cc0
[2025-08-08T15:28:53.483+0000][499.130s][1][129][trace] GC(83) _eden_chunk_array[171]=0x00000000f960fd68
[2025-08-08T15:28:53.483+0000][499.130s][1][129][trace] GC(83) _eden_chunk_array[172]=0x00000000f965e498
[2025-08-08T15:28:53.483+0000][499.130s][1][129][trace] GC(83) _eden_chunk_array[173]=0x00000000f9681860
[2025-08-08T15:28:53.483+0000][499.130s][1][129][trace] GC(83) _eden_chunk_array[174]=0x00000000f96a4070
[2025-08-08T15:28:53.483+0000][499.130s][1][129][trace] GC(83) _eden_chunk_array[175]=0x00000000f96c6188
[2025-08-08T15:28:53.483+0000][499.130s][1][129][trace] GC(83) _eden_chunk_array[176]=0x00000000f96f0fd8
[2025-08-08T15:28:53.483+0000][499.130s][1][129][trace] GC(83) _eden_chunk_array[177]=0x00000000f9713e68
[2025-08-08T15:28:53.483+0000][499.130s][1][129][trace] GC(83) _eden_chunk_array[178]=0x00000000f97368f0
[2025-08-08T15:28:53.483+0000][499.130s][1][129][trace] GC(83) _eden_chunk_array[179]=0x00000000f9759728
[2025-08-08T15:28:53.483+0000][499.130s][1][129][trace] GC(83) _eden_chunk_array[180]=0x00000000f977aab8
[2025-08-08T15:28:53.483+0000][499.130s][1][129][trace] GC(83) _eden_chunk_array[181]=0x00000000f979d8d8
[2025-08-08T15:28:53.483+0000][499.130s][1][129][trace] GC(83) _eden_chunk_array[182]=0x00000000f97c8718
[2025-08-08T15:28:53.483+0000][499.130s][1][129][trace] GC(83) _eden_chunk_array[183]=0x00000000f97f4440
[2025-08-08T15:28:53.483+0000][499.130s][1][129][trace] GC(83) _eden_chunk_array[184]=0x00000000f981db60
[2025-08-08T15:28:53.483+0000][499.130s][1][129][trace] GC(83) _eden_chunk_array[185]=0x00000000f9849888
[2025-08-08T15:28:53.483+0000][499.130s][1][129][trace] GC(83) _eden_chunk_array[186]=0x00000000f98b8410
[2025-08-08T15:28:53.483+0000][499.130s][1][129][trace] GC(83) _eden_chunk_array[187]=0x00000000f98ec3e8
[2025-08-08T15:28:53.483+0000][499.130s][1][129][trace] GC(83) _eden_chunk_array[188]=0x00000000f990dc78
[2025-08-08T15:28:53.483+0000][499.130s][1][129][trace] GC(83) _eden_chunk_array[189]=0x00000000f9932348
[2025-08-08T15:28:53.483+0000][499.130s][1][129][trace] GC(83) _eden_chunk_array[190]=0x00000000f99892b8
[2025-08-08T15:28:53.483+0000][499.130s][1][129][trace] GC(83) _eden_chunk_array[191]=0x00000000f99d5db8
[2025-08-08T15:28:53.483+0000][499.130s][1][129][trace] GC(83) _eden_chunk_array[192]=0x00000000f9a070a8
[2025-08-08T15:28:53.483+0000][499.130s][1][129][trace] GC(83) _eden_chunk_array[193]=0x00000000f9a308c8
[2025-08-08T15:28:53.483+0000][499.130s][1][129][trace] GC(83) _eden_chunk_array[194]=0x00000000f9a5a0f8
[2025-08-08T15:28:53.483+0000][499.130s][1][129][trace] GC(83) _eden_chunk_array[195]=0x00000000f9a83938
[2025-08-08T15:28:53.483+0000][499.130s][1][129][trace] GC(83) _eden_chunk_array[196]=0x00000000f9aad178
[2025-08-08T15:28:53.483+0000][499.130s][1][129][trace] GC(83) _eden_chunk_array[197]=0x00000000f9ad69a8
[2025-08-08T15:28:53.483+0000][499.130s][1][129][trace] GC(83) _eden_chunk_array[198]=0x00000000f9b03f40
[2025-08-08T15:28:53.483+0000][499.130s][1][129][trace] GC(83) _eden_chunk_array[199]=0x00000000f9b55758
[2025-08-08T15:28:53.483+0000][499.130s][1][129][trace] GC(83) _eden_chunk_array[200]=0x00000000f9b80550
[2025-08-08T15:28:53.483+0000][499.130s][1][129][trace] GC(83) _eden_chunk_array[201]=0x00000000f9ba7690
[2025-08-08T15:28:53.483+0000][499.130s][1][129][trace] GC(83) _eden_chunk_array[202]=0x00000000f9bc7910
[2025-08-08T15:28:53.483+0000][499.130s][1][129][trace] GC(83) _eden_chunk_array[203]=0x00000000f9c25260
[2025-08-08T15:28:53.483+0000][499.130s][1][129][trace] GC(83) _eden_chunk_array[204]=0x00000000f9c48830
[2025-08-08T15:28:53.483+0000][499.130s][1][129][trace] GC(83) _eden_chunk_array[205]=0x00000000f9c6f7f0
[2025-08-08T15:28:53.483+0000][499.130s][1][129][trace] GC(83) _eden_chunk_array[206]=0x00000000f9ca42a8
[2025-08-08T15:28:53.483+0000][499.130s][1][129][trace] GC(83) _eden_chunk_array[207]=0x00000000f9cd9558
[2025-08-08T15:28:53.483+0000][499.130s][1][129][trace] GC(83) _eden_chunk_array[208]=0x00000000f9d0e830
[2025-08-08T15:28:53.483+0000][499.130s][1][129][trace] GC(83) _eden_chunk_array[209]=0x00000000f9d38af8
[2025-08-08T15:28:53.483+0000][499.130s][1][129][trace] GC(83) _eden_chunk_array[210]=0x00000000f9d6ddd0
[2025-08-08T15:28:53.483+0000][499.130s][1][129][trace] GC(83) _eden_chunk_array[211]=0x00000000f9dd3018
[2025-08-08T15:28:53.483+0000][499.130s][1][129][trace] GC(83) _eden_chunk_array[212]=0x00000000f9df8f90
[2025-08-08T15:28:53.483+0000][499.130s][1][129][trace] GC(83) _eden_chunk_array[213]=0x00000000f9e19990
[2025-08-08T15:28:53.483+0000][499.130s][1][129][trace] GC(83) _eden_chunk_array[214]=0x00000000f9e3a3a0
[2025-08-08T15:28:53.483+0000][499.130s][1][129][trace] GC(83) _eden_chunk_array[215]=0x00000000f9e88c58
[2025-08-08T15:28:53.483+0000][499.130s][1][129][trace] GC(83) _eden_chunk_array[216]=0x00000000f9eae350
[2025-08-08T15:28:53.483+0000][499.130s][1][129][trace] GC(83) _eden_chunk_array[217]=0x00000000f9ed1930
[2025-08-08T15:28:53.483+0000][499.130s][1][129][trace] GC(83) _eden_chunk_array[218]=0x00000000f9ef8f10
[2025-08-08T15:28:53.483+0000][499.130s][1][129][trace] GC(83) _eden_chunk_array[219]=0x00000000f9f29f98
[2025-08-08T15:28:53.483+0000][499.130s][1][129][trace] GC(83) _eden_chunk_array[220]=0x00000000f9f5a8a0
[2025-08-08T15:28:53.483+0000][499.130s][1][129][trace] GC(83) _eden_chunk_array[221]=0x00000000f9f7c660
[2025-08-08T15:28:53.483+0000][499.130s][1][129][trace] GC(83) _eden_chunk_array[222]=0x00000000f9face00
[2025-08-08T15:28:53.483+0000][499.130s][1][129][trace] GC(83) _eden_chunk_array[223]=0x00000000f9ff7b10
[2025-08-08T15:28:53.483+0000][499.130s][1][129][trace] GC(83) _eden_chunk_array[224]=0x00000000fa02c5f8
[2025-08-08T15:28:53.483+0000][499.130s][1][129][trace] GC(83) _eden_chunk_array[225]=0x00000000fa062c58
[2025-08-08T15:28:53.483+0000][499.130s][1][129][trace] GC(83) _eden_chunk_array[226]=0x00000000fa097708
[2025-08-08T15:28:53.483+0000][499.130s][1][129][trace] GC(83) _eden_chunk_array[227]=0x00000000fa0bc180
[2025-08-08T15:28:53.483+0000][499.131s][1][129][trace] GC(83) _eden_chunk_array[228]=0x00000000fa0de9f8
[2025-08-08T15:28:53.483+0000][499.131s][1][129][trace] GC(83) _eden_chunk_array[229]=0x00000000fa13f660
[2025-08-08T15:28:53.483+0000][499.131s][1][129][trace] GC(83) _eden_chunk_array[230]=0x00000000fa173430
[2025-08-08T15:28:53.483+0000][499.131s][1][129][trace] GC(83) _eden_chunk_array[231]=0x00000000fa1a09b8
[2025-08-08T15:28:53.483+0000][499.131s][1][129][trace] GC(83) _eden_chunk_array[232]=0x00000000fa1ca1f8
[2025-08-08T15:28:53.483+0000][499.131s][1][129][trace] GC(83) _eden_chunk_array[233]=0x00000000fa1eb6b0
[2025-08-08T15:28:53.483+0000][499.131s][1][129][trace] GC(83) _eden_chunk_array[234]=0x00000000fa20cb48
[2025-08-08T15:28:53.483+0000][499.131s][1][129][trace] GC(83) _eden_chunk_array[235]=0x00000000fa22e018
[2025-08-08T15:28:53.483+0000][499.131s][1][129][trace] GC(83) _eden_chunk_array[236]=0x00000000fa24f4e8
[2025-08-08T15:28:53.483+0000][499.131s][1][129][trace] GC(83) _eden_chunk_array[237]=0x00000000fa278990
[2025-08-08T15:28:53.483+0000][499.131s][1][129][trace] GC(83) _eden_chunk_array[238]=0x00000000fa299e38
[2025-08-08T15:28:53.483+0000][499.131s][1][129][trace] GC(83) _eden_chunk_array[239]=0x00000000fa2c3690
[2025-08-08T15:28:53.483+0000][499.131s][1][129][trace] GC(83) _eden_chunk_array[240]=0x00000000fa2f3e38
[2025-08-08T15:28:53.483+0000][499.131s][1][129][trace] GC(83) _eden_chunk_array[241]=0x00000000fa3245e0
[2025-08-08T15:28:53.483+0000][499.131s][1][129][trace] GC(83) _eden_chunk_array[242]=0x00000000fa34aeb0
[2025-08-08T15:28:53.483+0000][499.131s][1][129][trace] GC(83) _eden_chunk_array[243]=0x00000000fa374360
[2025-08-08T15:28:53.483+0000][499.131s][1][129][trace] GC(83) _eden_chunk_array[244]=0x00000000fa3e0970
[2025-08-08T15:28:53.483+0000][499.131s][1][129][trace] GC(83) _eden_chunk_array[245]=0x00000000fa414af8
[2025-08-08T15:28:53.483+0000][499.131s][1][129][trace] GC(83) _eden_chunk_array[246]=0x00000000fa43d3d0
[2025-08-08T15:28:53.483+0000][499.131s][1][129][trace] GC(83) _eden_chunk_array[247]=0x00000000fa4615c0
[2025-08-08T15:28:53.483+0000][499.131s][1][129][trace] GC(83) _eden_chunk_array[248]=0x00000000fa4cdb48
[2025-08-08T15:28:53.483+0000][499.131s][1][129][trace] GC(83) _eden_chunk_array[249]=0x00000000fa4f7370
[2025-08-08T15:28:53.483+0000][499.131s][1][129][trace] GC(83) _eden_chunk_array[250]=0x00000000fa5203f0
[2025-08-08T15:28:53.483+0000][499.131s][1][129][trace] GC(83) _eden_chunk_array[251]=0x00000000fa549c38
[2025-08-08T15:28:53.483+0000][499.131s][1][129][trace] GC(83) _eden_chunk_array[252]=0x00000000fa57a3d8
[2025-08-08T15:28:53.483+0000][499.131s][1][129][trace] GC(83) _eden_chunk_array[253]=0x00000000fa5a3c10
[2025-08-08T15:28:53.483+0000][499.131s][1][129][trace] GC(83) _eden_chunk_array[254]=0x00000000fa5d43a0
[2025-08-08T15:28:53.483+0000][499.131s][1][129][trace] GC(83) _eden_chunk_array[255]=0x00000000fa5fdbc8
[2025-08-08T15:28:53.483+0000][499.131s][1][129][trace] GC(83) _eden_chunk_array[256]=0x00000000fa627418
[2025-08-08T15:28:53.483+0000][499.131s][1][129][trace] GC(83) _eden_chunk_array[257]=0x00000000fa64f488
[2025-08-08T15:28:53.483+0000][499.131s][1][129][trace] GC(83) _eden_chunk_array[258]=0x00000000fa67c240
[2025-08-08T15:28:53.483+0000][499.131s][1][129][trace] GC(83) _eden_chunk_array[259]=0x00000000fa6ad1c8
[2025-08-08T15:28:53.483+0000][499.131s][1][129][trace] GC(83) _eden_chunk_array[260]=0x00000000fa6d80d8
[2025-08-08T15:28:53.483+0000][499.131s][1][129][trace] GC(83) _eden_chunk_array[261]=0x00000000fa7002f0
[2025-08-08T15:28:53.483+0000][499.131s][1][129][trace] GC(83) _eden_chunk_array[262]=0x00000000fa738440
[2025-08-08T15:28:53.483+0000][499.131s][1][129][trace] GC(83) _eden_chunk_array[263]=0x00000000fa75d228
[2025-08-08T15:28:53.483+0000][499.131s][1][129][trace] GC(83) _eden_chunk_array[264]=0x00000000fa7cbab8
[2025-08-08T15:28:53.483+0000][499.131s][1][129][trace] GC(83) _eden_chunk_array[265]=0x00000000fa7f9498
[2025-08-08T15:28:53.483+0000][499.131s][1][129][trace] GC(83) _eden_chunk_array[266]=0x00000000fa8267f8
[2025-08-08T15:28:53.483+0000][499.131s][1][129][trace] GC(83) _eden_chunk_array[267]=0x00000000fa889f98
[2025-08-08T15:28:53.483+0000][499.131s][1][129][trace] GC(83) _eden_chunk_array[268]=0x00000000fa8b4048
[2025-08-08T15:28:53.483+0000][499.131s][1][129][trace] GC(83) _eden_chunk_array[269]=0x00000000fa8d4a00
[2025-08-08T15:28:53.483+0000][499.131s][1][129][trace] GC(83) _eden_chunk_array[270]=0x00000000fa8f5a80
[2025-08-08T15:28:53.483+0000][499.131s][1][129][trace] GC(83) _eden_chunk_array[271]=0x00000000fa9247a8
[2025-08-08T15:28:53.483+0000][499.131s][1][129][trace] GC(83) _eden_chunk_array[272]=0x00000000fa951fc8
[2025-08-08T15:28:53.483+0000][499.131s][1][129][trace] GC(83) _eden_chunk_array[273]=0x00000000fa97b808
[2025-08-08T15:28:53.483+0000][499.131s][1][129][trace] GC(83) _eden_chunk_array[274]=0x00000000fa9a8dd8
[2025-08-08T15:28:53.483+0000][499.131s][1][129][trace] GC(83) _eden_chunk_array[275]=0x00000000fa9da118
[2025-08-08T15:28:53.483+0000][499.131s][1][129][trace] GC(83) _eden_chunk_array[276]=0x00000000faa385f0
[2025-08-08T15:28:53.483+0000][499.131s][1][129][trace] GC(83) _eden_chunk_array[277]=0x00000000faa59c50
[2025-08-08T15:28:53.483+0000][499.131s][1][129][trace] GC(83) _eden_chunk_array[278]=0x00000000faacaf90
[2025-08-08T15:28:53.483+0000][499.131s][1][129][trace] GC(83) _eden_chunk_array[279]=0x00000000faafa878
[2025-08-08T15:28:53.483+0000][499.131s][1][129][trace] GC(83) _eden_chunk_array[280]=0x00000000fab2a140
[2025-08-08T15:28:53.483+0000][499.131s][1][129][trace] GC(83) _eden_chunk_array[281]=0x00000000fab599d8
[2025-08-08T15:28:53.483+0000][499.131s][1][129][trace] GC(83) _eden_chunk_array[282]=0x00000000fab83eb0
[2025-08-08T15:28:53.483+0000][499.131s][1][129][trace] GC(83) _eden_chunk_array[283]=0x00000000faba50e8
[2025-08-08T15:28:53.483+0000][499.131s][1][129][trace] GC(83) _eden_chunk_array[284]=0x00000000fabd8038
[2025-08-08T15:28:53.483+0000][499.131s][1][129][trace] GC(83) _eden_chunk_array[285]=0x00000000fac09340
[2025-08-08T15:28:53.483+0000][499.131s][1][129][trace] GC(83) _eden_chunk_array[286]=0x00000000fac36148
[2025-08-08T15:28:53.483+0000][499.131s][1][129][trace] GC(83) _eden_chunk_array[287]=0x00000000fac64b40
[2025-08-08T15:28:53.483+0000][499.131s][1][129][trace] GC(83) _eden_chunk_array[288]=0x00000000fac906c0
[2025-08-08T15:28:53.483+0000][499.131s][1][129][trace] GC(83) _eden_chunk_array[289]=0x00000000facc2a90
[2025-08-08T15:28:53.483+0000][499.131s][1][129][trace] GC(83) _eden_chunk_array[290]=0x00000000fad0b5d8
[2025-08-08T15:28:53.484+0000][499.131s][1][129][trace] GC(83) _eden_chunk_array[291]=0x00000000fad3b740
[2025-08-08T15:28:53.484+0000][499.131s][1][129][trace] GC(83) _eden_chunk_array[292]=0x00000000fad64048
[2025-08-08T15:28:53.484+0000][499.131s][1][129][trace] GC(83) _eden_chunk_array[293]=0x00000000fadb5870
[2025-08-08T15:28:53.484+0000][499.131s][1][129][trace] GC(83) _eden_chunk_array[294]=0x00000000fade2508
[2025-08-08T15:28:53.484+0000][499.131s][1][129][trace] GC(83) _eden_chunk_array[295]=0x00000000fae101b8
[2025-08-08T15:28:53.484+0000][499.131s][1][129][trace] GC(83) _eden_chunk_array[296]=0x00000000fae6a220
[2025-08-08T15:28:53.484+0000][499.131s][1][129][trace] GC(83) _eden_chunk_array[297]=0x00000000fae9d038
[2025-08-08T15:28:53.484+0000][499.131s][1][129][trace] GC(83) _eden_chunk_array[298]=0x00000000faec4668
[2025-08-08T15:28:53.484+0000][499.131s][1][129][trace] GC(83) _eden_chunk_array[299]=0x00000000faef0388
[2025-08-08T15:28:53.484+0000][499.131s][1][129][trace] GC(83) _eden_chunk_array[300]=0x00000000faf1c0e0
[2025-08-08T15:28:53.484+0000][499.131s][1][129][trace] GC(83) _eden_chunk_array[301]=0x00000000faf416b0
[2025-08-08T15:28:53.484+0000][499.131s][1][129][trace] GC(83) _eden_chunk_array[302]=0x00000000faf6d400
[2025-08-08T15:28:53.484+0000][499.131s][1][129][trace] GC(83) _eden_chunk_array[303]=0x00000000faf909d0
[2025-08-08T15:28:53.484+0000][499.131s][1][129][trace] GC(83) _eden_chunk_array[304]=0x00000000fafbc6f0
[2025-08-08T15:28:53.484+0000][499.131s][1][129][trace] GC(83) _eden_chunk_array[305]=0x00000000fafdfcc8
[2025-08-08T15:28:53.484+0000][499.131s][1][129][trace] GC(83) _eden_chunk_array[306]=0x00000000fb03fea8
[2025-08-08T15:28:53.484+0000][499.131s][1][129][trace] GC(83) _eden_chunk_array[307]=0x00000000fb068fc8
[2025-08-08T15:28:53.484+0000][499.131s][1][129][trace] GC(83) _eden_chunk_array[308]=0x00000000fb08c800
[2025-08-08T15:28:53.484+0000][499.131s][1][129][trace] GC(83) _eden_chunk_array[309]=0x00000000fb0b4558
[2025-08-08T15:28:53.484+0000][499.131s][1][129][trace] GC(83) _eden_chunk_array[310]=0x00000000fb110230
[2025-08-08T15:28:53.484+0000][499.131s][1][129][trace] GC(83) _eden_chunk_array[311]=0x00000000fb13b0b8
[2025-08-08T15:28:53.484+0000][499.131s][1][129][trace] GC(83) _eden_chunk_array[312]=0x00000000fb16aa28
[2025-08-08T15:28:53.484+0000][499.131s][1][129][trace] GC(83) _eden_chunk_array[313]=0x00000000fb18d858
[2025-08-08T15:28:53.484+0000][499.131s][1][129][trace] GC(83) _eden_chunk_array[314]=0x00000000fb1b0678
[2025-08-08T15:28:53.484+0000][499.131s][1][129][trace] GC(83) _eden_chunk_array[315]=0x00000000fb1e34d8
[2025-08-08T15:28:53.484+0000][499.131s][1][129][trace] GC(83) _eden_chunk_array[316]=0x00000000fb217f80
[2025-08-08T15:28:53.484+0000][499.131s][1][129][trace] GC(83) _eden_chunk_array[317]=0x00000000fb24e680
[2025-08-08T15:28:53.484+0000][499.131s][1][129][trace] GC(83) _eden_chunk_array[318]=0x00000000fb2b7300
[2025-08-08T15:28:53.484+0000][499.131s][1][129][trace] GC(83) _eden_chunk_array[319]=0x00000000fb2ebdc0
[2025-08-08T15:28:53.484+0000][499.131s][1][129][trace] GC(83) _eden_chunk_array[320]=0x00000000fb359a38
[2025-08-08T15:28:53.484+0000][499.131s][1][129][trace] GC(83) _eden_chunk_array[321]=0x00000000fb37c338
[2025-08-08T15:28:53.484+0000][499.131s][1][129][trace] GC(83) _eden_chunk_array[322]=0x00000000fb3ddb78
[2025-08-08T15:28:53.484+0000][499.131s][1][129][trace] GC(83) _eden_chunk_array[323]=0x00000000fb40e928
[2025-08-08T15:28:53.484+0000][499.131s][1][129][trace] GC(83) _eden_chunk_array[324]=0x00000000fb43d268
[2025-08-08T15:28:53.484+0000][499.131s][1][129][trace] GC(83) _eden_chunk_array[325]=0x00000000fb466300
[2025-08-08T15:28:53.484+0000][499.131s][1][129][trace] GC(83) _eden_chunk_array[326]=0x00000000fb497390
[2025-08-08T15:28:53.484+0000][499.131s][1][129][trace] GC(83) _eden_chunk_array[327]=0x00000000fb4c41a0
[2025-08-08T15:28:53.484+0000][499.131s][1][129][trace] GC(83) _eden_chunk_array[328]=0x00000000fb4f5250
[2025-08-08T15:28:53.484+0000][499.131s][1][129][trace] GC(83) _eden_chunk_array[329]=0x00000000fb51db58
[2025-08-08T15:28:53.484+0000][499.131s][1][129][trace] GC(83) _eden_chunk_array[330]=0x00000000fb546478
[2025-08-08T15:28:53.484+0000][499.131s][1][129][trace] GC(83) _eden_chunk_array[331]=0x00000000fb594bc0
[2025-08-08T15:28:53.484+0000][499.131s][1][129][trace] GC(83) _eden_chunk_array[332]=0x00000000fb5c3578
[2025-08-08T15:28:53.484+0000][499.131s][1][129][trace] GC(83) _eden_chunk_array[333]=0x00000000fb5eb7a8
[2025-08-08T15:28:53.484+0000][499.131s][1][129][trace] GC(83) _eden_chunk_array[334]=0x00000000fb6143a8
[2025-08-08T15:28:53.484+0000][499.131s][1][129][trace] GC(83) _eden_chunk_array[335]=0x00000000fb635f20
[2025-08-08T15:28:53.484+0000][499.131s][1][129][trace] GC(83) _eden_chunk_array[336]=0x00000000fb65efc0
[2025-08-08T15:28:53.484+0000][499.131s][1][129][trace] GC(83) _eden_chunk_array[337]=0x00000000fb6831a8
[2025-08-08T15:28:53.484+0000][499.131s][1][129][trace] GC(83) _eden_chunk_array[338]=0x00000000fb6b2380
[2025-08-08T15:28:53.484+0000][499.131s][1][129][trace] GC(83) _eden_chunk_array[339]=0x00000000fb6e30d8
[2025-08-08T15:28:53.484+0000][499.131s][1][129][trace] GC(83) _eden_chunk_array[340]=0x00000000fb711a90
[2025-08-08T15:28:53.484+0000][499.131s][1][129][trace] GC(83) _eden_chunk_array[341]=0x00000000fb7632b8
[2025-08-08T15:28:53.484+0000][499.131s][1][129][trace] GC(83) _eden_chunk_array[342]=0x00000000fb799c88
[2025-08-08T15:28:53.484+0000][499.131s][1][129][trace] GC(83) _eden_chunk_array[343]=0x00000000fb7c25c8
[2025-08-08T15:28:53.484+0000][499.131s][1][129][trace] GC(83) _eden_chunk_array[344]=0x00000000fb7e32c8
[2025-08-08T15:28:53.484+0000][499.131s][1][129][trace] GC(83) _eden_chunk_array[345]=0x00000000fb831a10
[2025-08-08T15:28:53.484+0000][499.131s][1][129][trace] GC(83) _eden_chunk_array[346]=0x00000000fb853308
[2025-08-08T15:28:53.484+0000][499.131s][1][129][trace] GC(83) _eden_chunk_array[347]=0x00000000fb874cf0
[2025-08-08T15:28:53.484+0000][499.131s][1][129][trace] GC(83) _eden_chunk_array[348]=0x00000000fb89c368
[2025-08-08T15:28:53.484+0000][499.131s][1][129][trace] GC(83) _eden_chunk_array[349]=0x00000000fb8e6d50
[2025-08-08T15:28:53.484+0000][499.131s][1][129][trace] GC(83) _eden_chunk_array[350]=0x00000000fb9174e0
[2025-08-08T15:28:53.484+0000][499.131s][1][129][trace] GC(83) _eden_chunk_array[351]=0x00000000fb956550
[2025-08-08T15:28:53.484+0000][499.131s][1][129][trace] GC(83) _eden_chunk_array[352]=0x00000000fb9bd658
[2025-08-08T15:28:53.484+0000][499.131s][1][129][trace] GC(83) _eden_chunk_array[353]=0x00000000fba082c0
[2025-08-08T15:28:53.484+0000][499.131s][1][129][trace] GC(83) _eden_chunk_array[354]=0x00000000fba6df60
[2025-08-08T15:28:53.484+0000][499.131s][1][129][trace] GC(83) _eden_chunk_array[355]=0x00000000fbaa2a30
[2025-08-08T15:28:53.484+0000][499.131s][1][129][trace] GC(83) _eden_chunk_array[356]=0x00000000fbad74d8
[2025-08-08T15:28:53.484+0000][499.131s][1][129][trace] GC(83) _eden_chunk_array[357]=0x00000000fbb0bf98
[2025-08-08T15:28:53.484+0000][499.131s][1][129][trace] GC(83) _eden_chunk_array[358]=0x00000000fbb40a80
[2025-08-08T15:28:53.484+0000][499.131s][1][129][trace] GC(83) _eden_chunk_array[359]=0x00000000fbb62f08
[2025-08-08T15:28:53.484+0000][499.131s][1][129][trace] GC(83) _eden_chunk_array[360]=0x00000000fbb85970
[2025-08-08T15:28:53.484+0000][499.131s][1][129][trace] GC(83) _eden_chunk_array[361]=0x00000000fbba6c80
[2025-08-08T15:28:53.484+0000][499.131s][1][129][trace] GC(83) _eden_chunk_array[362]=0x00000000fbbd6648
[2025-08-08T15:28:53.484+0000][499.131s][1][129][trace] GC(83) _eden_chunk_array[363]=0x00000000fbc097d8
[2025-08-08T15:28:53.484+0000][499.131s][1][129][trace] GC(83) _eden_chunk_array[364]=0x00000000fbc36d68
[2025-08-08T15:28:53.484+0000][499.131s][1][129][trace] GC(83) _eden_chunk_array[365]=0x00000000fbc64318
[2025-08-08T15:28:53.484+0000][499.131s][1][129][trace] GC(83) _eden_chunk_array[366]=0x00000000fbcb2a90
[2025-08-08T15:28:53.484+0000][499.131s][1][129][trace] GC(83) _eden_chunk_array[367]=0x00000000fbd1cc30
[2025-08-08T15:28:53.484+0000][499.131s][1][129][trace] GC(83) _eden_chunk_array[368]=0x00000000fbd4df30
[2025-08-08T15:28:53.484+0000][499.131s][1][129][trace] GC(83) _eden_chunk_array[369]=0x00000000fbd7f260
[2025-08-08T15:28:53.484+0000][499.131s][1][129][trace] GC(83) _eden_chunk_array[370]=0x00000000fbdb21a0
[2025-08-08T15:28:53.484+0000][499.131s][1][129][trace] GC(83) _eden_chunk_array[371]=0x00000000fbe14d48
[2025-08-08T15:28:53.484+0000][499.131s][1][129][trace] GC(83) _eden_chunk_array[372]=0x00000000fbe374a0
[2025-08-08T15:28:53.484+0000][499.131s][1][129][trace] GC(83) _eden_chunk_array[373]=0x00000000fbe61598
[2025-08-08T15:28:53.484+0000][499.131s][1][129][trace] GC(83) _eden_chunk_array[374]=0x00000000fbe861c8
[2025-08-08T15:28:53.484+0000][499.131s][1][129][trace] GC(83) _eden_chunk_array[375]=0x00000000fbeaf9f8
[2025-08-08T15:28:53.484+0000][499.131s][1][129][trace] GC(83) _eden_chunk_array[376]=0x00000000fbed0e88
[2025-08-08T15:28:53.484+0000][499.131s][1][129][trace] GC(83) _eden_chunk_array[377]=0x00000000fbefe178
[2025-08-08T15:28:53.484+0000][499.131s][1][129][trace] GC(83) _eden_chunk_array[378]=0x00000000fbf69f18
[2025-08-08T15:28:53.484+0000][499.131s][1][129][trace] GC(83) _eden_chunk_array[379]=0x00000000fbf9a5e0
[2025-08-08T15:28:53.484+0000][499.131s][1][129][trace] GC(83) _eden_chunk_array[380]=0x00000000fbfcaca0
[2025-08-08T15:28:53.484+0000][499.131s][1][129][trace] GC(83) _eden_chunk_array[381]=0x00000000fbffb368
[2025-08-08T15:28:53.484+0000][499.131s][1][129][trace] GC(83) _eden_chunk_array[382]=0x00000000fc02ba30
[2025-08-08T15:28:53.484+0000][499.131s][1][129][trace] GC(83) _eden_chunk_array[383]=0x00000000fc05f3a0
[2025-08-08T15:28:53.484+0000][499.131s][1][129][trace] GC(83) _eden_chunk_array[384]=0x00000000fc080b58
[2025-08-08T15:28:53.484+0000][499.131s][1][129][trace] GC(83) _eden_chunk_array[385]=0x00000000fc0ecb70
[2025-08-08T15:28:53.484+0000][499.131s][1][129][trace] GC(83) _eden_chunk_array[386]=0x00000000fc113c58
[2025-08-08T15:28:53.484+0000][499.131s][1][129][trace] GC(83) _eden_chunk_array[387]=0x00000000fc140d80
[2025-08-08T15:28:53.484+0000][499.131s][1][129][trace] GC(83) _eden_chunk_array[388]=0x00000000fc168100
[2025-08-08T15:28:53.484+0000][499.131s][1][129][trace] GC(83) _eden_chunk_array[389]=0x00000000fc18f470
[2025-08-08T15:28:53.484+0000][499.131s][1][129][trace] GC(83) _eden_chunk_array[390]=0x00000000fc1c4f50
[2025-08-08T15:28:53.484+0000][499.131s][1][129][trace] GC(83) _eden_chunk_array[391]=0x00000000fc1f8650
[2025-08-08T15:28:53.484+0000][499.131s][1][129][trace] GC(83) _eden_chunk_array[392]=0x00000000fc264bd0
[2025-08-08T15:28:53.484+0000][499.131s][1][129][trace] GC(83) _eden_chunk_array[393]=0x00000000fc29a698
[2025-08-08T15:28:53.484+0000][499.131s][1][129][trace] GC(83) _eden_chunk_array[394]=0x00000000fc2d0178
[2025-08-08T15:28:53.484+0000][499.131s][1][129][trace] GC(83) _eden_chunk_array[395]=0x00000000fc2fd360
[2025-08-08T15:28:53.484+0000][499.131s][1][129][trace] GC(83) _eden_chunk_array[396]=0x00000000fc31d808
[2025-08-08T15:28:53.484+0000][499.131s][1][129][trace] GC(83) _eden_chunk_array[397]=0x00000000fc33f738
[2025-08-08T15:28:53.484+0000][499.131s][1][129][trace] GC(83) _eden_chunk_array[398]=0x00000000fc372328
[2025-08-08T15:28:53.484+0000][499.131s][1][129][trace] GC(83) _eden_chunk_array[399]=0x00000000fc395900
[2025-08-08T15:28:53.484+0000][499.131s][1][129][trace] GC(83) _eden_chunk_array[400]=0x00000000fc3bcc38
[2025-08-08T15:28:53.484+0000][499.131s][1][129][trace] GC(83) _eden_chunk_array[401]=0x00000000fc3e0260
[2025-08-08T15:28:53.484+0000][499.131s][1][129][trace] GC(83) _eden_chunk_array[402]=0x00000000fc407320
[2025-08-08T15:28:53.484+0000][499.131s][1][129][trace] GC(83) _eden_chunk_array[403]=0x00000000fc469f08
[2025-08-08T15:28:53.484+0000][499.131s][1][129][trace] GC(83) _eden_chunk_array[404]=0x00000000fc49a6a0
[2025-08-08T15:28:53.484+0000][499.131s][1][129][trace] GC(83) _eden_chunk_array[405]=0x00000000fc4cae40
[2025-08-08T15:28:53.484+0000][499.131s][1][129][trace] GC(83) _eden_chunk_array[406]=0x00000000fc4f07c0
[2025-08-08T15:28:53.484+0000][499.131s][1][129][trace] GC(83) _eden_chunk_array[407]=0x00000000fc516130
[2025-08-08T15:28:53.484+0000][499.131s][1][129][trace] GC(83) _eden_chunk_array[408]=0x00000000fc53bb00
[2025-08-08T15:28:53.484+0000][499.131s][1][129][trace] GC(83) _eden_chunk_array[409]=0x00000000fc561488
[2025-08-08T15:28:53.484+0000][499.131s][1][129][trace] GC(83) _eden_chunk_array[410]=0x00000000fc586e08
[2025-08-08T15:28:53.484+0000][499.131s][1][129][trace] GC(83) _eden_chunk_array[411]=0x00000000fc5ac790
[2025-08-08T15:28:53.484+0000][499.131s][1][129][trace] GC(83) _eden_chunk_array[412]=0x00000000fc5cdbe0
[2025-08-08T15:28:53.484+0000][499.131s][1][129][trace] GC(83) _eden_chunk_array[413]=0x00000000fc5f1a60
[2025-08-08T15:28:53.484+0000][499.131s][1][129][trace] GC(83) _eden_chunk_array[414]=0x00000000fc612c68
[2025-08-08T15:28:53.484+0000][499.131s][1][129][trace] GC(83) _eden_chunk_array[415]=0x00000000fc66ea98
[2025-08-08T15:28:53.484+0000][499.131s][1][129][trace] GC(83) _eden_chunk_array[416]=0x00000000fc69cdf8
[2025-08-08T15:28:53.484+0000][499.131s][1][129][trace] GC(83) _eden_chunk_array[417]=0x00000000fc6d3c10
[2025-08-08T15:28:53.484+0000][499.131s][1][129][trace] GC(83) _eden_chunk_array[418]=0x00000000fc6fcc90
[2025-08-08T15:28:53.484+0000][499.131s][1][129][trace] GC(83) _eden_chunk_array[419]=0x00000000fc72a228
[2025-08-08T15:28:53.484+0000][499.131s][1][129][trace] GC(83) _eden_chunk_array[420]=0x00000000fc7593f8
[2025-08-08T15:28:53.484+0000][499.131s][1][129][trace] GC(83) _eden_chunk_array[421]=0x00000000fc7bc740
[2025-08-08T15:28:53.484+0000][499.131s][1][129][trace] GC(83) _eden_chunk_array[422]=0x00000000fc7e5f68
[2025-08-08T15:28:53.484+0000][499.131s][1][129][trace] GC(83) _eden_chunk_array[423]=0x00000000fc837798
[2025-08-08T15:28:53.484+0000][499.131s][1][129][trace] GC(83) _eden_chunk_array[424]=0x00000000fc860fd0
[2025-08-08T15:28:53.484+0000][499.131s][1][129][trace] GC(83) _eden_chunk_array[425]=0x00000000fc88a810
[2025-08-08T15:28:53.484+0000][499.131s][1][129][trace] GC(83) _eden_chunk_array[426]=0x00000000fc8b5030
[2025-08-08T15:28:53.484+0000][499.131s][1][129][trace] GC(83) _eden_chunk_array[427]=0x00000000fc8e25d0
[2025-08-08T15:28:53.484+0000][499.131s][1][129][trace] GC(83) _eden_chunk_array[428]=0x00000000fc904b78
[2025-08-08T15:28:53.484+0000][499.131s][1][129][trace] GC(83) _eden_chunk_array[429]=0x00000000fc92f660
[2025-08-08T15:28:53.484+0000][499.131s][1][129][trace] GC(83) _eden_chunk_array[430]=0x00000000fc95b868
[2025-08-08T15:28:53.484+0000][499.131s][1][129][trace] GC(83) _eden_chunk_array[431]=0x00000000fc97fa70
[2025-08-08T15:28:53.484+0000][499.131s][1][129][trace] GC(83) _eden_chunk_array[432]=0x00000000fc9ebbd8
[2025-08-08T15:28:53.484+0000][499.131s][1][129][trace] GC(83) _eden_chunk_array[433]=0x00000000fca20698
[2025-08-08T15:28:53.484+0000][499.131s][1][129][trace] GC(83) _eden_chunk_array[434]=0x00000000fca6ede0
[2025-08-08T15:28:53.484+0000][499.131s][1][129][trace] GC(83) _eden_chunk_array[435]=0x00000000fcaa38b0
[2025-08-08T15:28:53.484+0000][499.131s][1][129][trace] GC(83) _eden_chunk_array[436]=0x00000000fcad8370
[2025-08-08T15:28:53.484+0000][499.131s][1][129][trace] GC(83) _eden_chunk_array[437]=0x00000000fcb0ce30
[2025-08-08T15:28:53.484+0000][499.131s][1][129][trace] GC(83) _eden_chunk_array[438]=0x00000000fcb2d7a8
[2025-08-08T15:28:53.484+0000][499.131s][1][129][trace] GC(83) _eden_chunk_array[439]=0x00000000fcb56240
[2025-08-08T15:28:53.484+0000][499.131s][1][129][trace] GC(83) _eden_chunk_array[440]=0x00000000fcb76308
[2025-08-08T15:28:53.484+0000][499.131s][1][129][trace] GC(83) _eden_chunk_array[441]=0x00000000fcb9d868
[2025-08-08T15:28:53.484+0000][499.131s][1][129][trace] GC(83) _eden_chunk_array[442]=0x00000000fcbc2d58
[2025-08-08T15:28:53.484+0000][499.131s][1][129][trace] GC(83) _eden_chunk_array[443]=0x00000000fcbf0e28
[2025-08-08T15:28:53.484+0000][499.132s][1][129][trace] GC(83) _eden_chunk_array[444]=0x00000000fcc1aec8
[2025-08-08T15:28:53.484+0000][499.132s][1][129][trace] GC(83) _eden_chunk_array[445]=0x00000000fcc44f70
[2025-08-08T15:28:53.484+0000][499.132s][1][129][trace] GC(83) _eden_chunk_array[446]=0x00000000fcc75710
[2025-08-08T15:28:53.484+0000][499.132s][1][129][trace] GC(83) _eden_chunk_array[447]=0x00000000fcca8328
[2025-08-08T15:28:53.484+0000][499.132s][1][129][trace] GC(83) _eden_chunk_array[448]=0x00000000fccd8ad0
[2025-08-08T15:28:53.484+0000][499.132s][1][129][trace] GC(83) _eden_chunk_array[449]=0x00000000fcd02318
[2025-08-08T15:28:53.484+0000][499.132s][1][129][trace] GC(83) _eden_chunk_array[450]=0x00000000fcd2bb50
[2025-08-08T15:28:53.484+0000][499.132s][1][129][trace] GC(83) _eden_chunk_array[451]=0x00000000fcd55378
[2025-08-08T15:28:53.484+0000][499.132s][1][129][trace] GC(83) _eden_chunk_array[452]=0x00000000fcd7ebb8
[2025-08-08T15:28:53.484+0000][499.132s][1][129][trace] GC(83) _eden_chunk_array[453]=0x00000000fcda8410
[2025-08-08T15:28:53.484+0000][499.132s][1][129][trace] GC(83) _eden_chunk_array[454]=0x00000000fcdd9350
[2025-08-08T15:28:53.484+0000][499.132s][1][129][trace] GC(83) _eden_chunk_array[455]=0x00000000fce02410
[2025-08-08T15:28:53.484+0000][499.132s][1][129][trace] GC(83) _eden_chunk_array[456]=0x00000000fce5cef0
[2025-08-08T15:28:53.484+0000][499.132s][1][129][trace] GC(83) _eden_chunk_array[457]=0x00000000fceb0450
[2025-08-08T15:28:53.484+0000][499.132s][1][129][trace] GC(83) _eden_chunk_array[458]=0x00000000fcee4b30
[2025-08-08T15:28:53.484+0000][499.132s][1][129][trace] GC(83) _eden_chunk_array[459]=0x00000000fcf0e368
[2025-08-08T15:28:53.484+0000][499.132s][1][129][trace] GC(83) _eden_chunk_array[460]=0x00000000fcf376c8
[2025-08-08T15:28:53.484+0000][499.132s][1][129][trace] GC(83) _eden_chunk_array[461]=0x00000000fcf587e8
[2025-08-08T15:28:53.484+0000][499.132s][1][129][trace] GC(83) _eden_chunk_array[462]=0x00000000fcf79cb8
[2025-08-08T15:28:53.484+0000][499.132s][1][129][trace] GC(83) _eden_chunk_array[463]=0x00000000fcf9f628
[2025-08-08T15:28:53.484+0000][499.132s][1][129][trace] GC(83) _eden_chunk_array[464]=0x00000000fcfc4fc8
[2025-08-08T15:28:53.484+0000][499.132s][1][129][trace] GC(83) _eden_chunk_array[465]=0x00000000fd01ff88
[2025-08-08T15:28:53.484+0000][499.132s][1][129][trace] GC(83) _eden_chunk_array[466]=0x00000000fd045950
[2025-08-08T15:28:53.484+0000][499.132s][1][129][trace] GC(83) _eden_chunk_array[467]=0x00000000fd06b2e8
[2025-08-08T15:28:53.484+0000][499.132s][1][129][trace] GC(83) _eden_chunk_array[468]=0x00000000fd093cb8
[2025-08-08T15:28:53.484+0000][499.132s][1][129][trace] GC(83) _eden_chunk_array[469]=0x00000000fd0badb0
[2025-08-08T15:28:53.484+0000][499.132s][1][129][trace] GC(83) _eden_chunk_array[470]=0x00000000fd0db7b0
[2025-08-08T15:28:53.484+0000][499.132s][1][129][trace] GC(83) _eden_chunk_array[471]=0x00000000fd0fc2e8
[2025-08-08T15:28:53.484+0000][499.132s][1][129][trace] GC(83) _eden_chunk_array[472]=0x00000000fd12e288
[2025-08-08T15:28:53.484+0000][499.132s][1][129][trace] GC(83) _eden_chunk_array[473]=0x00000000fd159fc8
[2025-08-08T15:28:53.484+0000][499.132s][1][129][trace] GC(83) _eden_chunk_array[474]=0x00000000fd17f358
[2025-08-08T15:28:53.484+0000][499.132s][1][129][trace] GC(83) _eden_chunk_array[475]=0x00000000fd1a3388
[2025-08-08T15:28:53.484+0000][499.132s][1][129][trace] GC(83) _eden_chunk_array[476]=0x00000000fd20f150
[2025-08-08T15:28:53.484+0000][499.132s][1][129][trace] GC(83) _eden_chunk_array[477]=0x00000000fd243c30
[2025-08-08T15:28:53.484+0000][499.132s][1][129][trace] GC(83) _eden_chunk_array[478]=0x00000000fd265a00
[2025-08-08T15:28:53.484+0000][499.132s][1][129][trace] GC(83) _eden_chunk_array[479]=0x00000000fd29a4c0
[2025-08-08T15:28:53.484+0000][499.132s][1][129][trace] GC(83) _eden_chunk_array[480]=0x00000000fd2e8c00
[2025-08-08T15:28:53.484+0000][499.132s][1][129][trace] GC(83) _eden_chunk_array[481]=0x00000000fd31d6b8
[2025-08-08T15:28:53.484+0000][499.132s][1][129][trace] GC(83) _eden_chunk_array[482]=0x00000000fd344df8
[2025-08-08T15:28:53.484+0000][499.132s][1][129][trace] GC(83) survivor 0x00000000fd410000-0x00000000fd410000-0x00000000fe780000(20381696)
[2025-08-08T15:28:53.484+0000][499.132s][1][129][trace] GC(83) _survivor_chunk_index=0, _survivor_chunk_capacity=9952
[2025-08-08T15:28:53.553+0000][499.200s][1][129][info ] GC(83) Pause Remark 160M->160M(180M) 70.480ms
[2025-08-08T15:28:53.553+0000][499.200s][1][129][info ] Leaving safepoint region
[2025-08-08T15:28:53.553+0000][499.200s][1][129][info ] Total time for which application threads were stopped: 0.0707559 seconds, Stopping threads took: 0.0000363 seconds
[2025-08-08T15:28:53.553+0000][499.200s][1][128][info ] GC(83) Concurrent Sweep
[2025-08-08T15:28:53.554+0000][499.202s][1][128][info ] GC(83) Concurrent Sweep 1.381ms
[2025-08-08T15:28:53.554+0000][499.202s][1][128][info ] GC(83) Concurrent Reset
[2025-08-08T15:28:53.554+0000][499.202s][1][128][info ] GC(83) Concurrent Reset 0.014ms
[2025-08-08T15:28:53.554+0000][499.202s][1][128][info ] GC(83) Old: 5183K->5183K(5184K)
[2025-08-08T15:28:54.553+0000][500.200s][1][129][info ] Application time: 1.0003187 seconds
[2025-08-08T15:28:54.553+0000][500.201s][1][129][info ] Entering safepoint region: Cleanup
[2025-08-08T15:28:54.553+0000][500.201s][1][129][info ] Leaving safepoint region
[2025-08-08T15:28:54.553+0000][500.201s][1][129][info ] Total time for which application threads were stopped: 0.0001473 seconds, Stopping threads took: 0.0000206 seconds
[2025-08-08T15:29:02.558+0000][508.205s][1][129][info ] Application time: 8.0043571 seconds
[2025-08-08T15:29:02.558+0000][508.205s][1][129][info ] Entering safepoint region: Cleanup
[2025-08-08T15:29:02.558+0000][508.205s][1][129][info ] Leaving safepoint region
[2025-08-08T15:29:02.558+0000][508.205s][1][129][info ] Total time for which application threads were stopped: 0.0002116 seconds, Stopping threads took: 0.0000369 seconds
[2025-08-08T15:29:03.554+0000][509.202s][1][129][info ] Application time: 0.9964477 seconds
[2025-08-08T15:29:03.554+0000][509.202s][1][129][info ] Entering safepoint region: CMS_Initial_Mark
[2025-08-08T15:29:03.555+0000][509.202s][1][129][trace] GC(84) eden 0x00000000f3800000-0x00000000fd410000-0x00000000fd410000(163643392)
[2025-08-08T15:29:03.555+0000][509.202s][1][129][trace] GC(84) _eden_chunk_index=487, _eden_chunk_capacity=11233
[2025-08-08T15:29:03.555+0000][509.202s][1][129][trace] GC(84) _eden_chunk_array[0]=0x00000000f74596b0
[2025-08-08T15:29:03.555+0000][509.202s][1][129][trace] GC(84) _eden_chunk_array[1]=0x00000000f74ac5b8
[2025-08-08T15:29:03.555+0000][509.202s][1][129][trace] GC(84) _eden_chunk_array[2]=0x00000000f74d55e8
[2025-08-08T15:29:03.555+0000][509.202s][1][129][trace] GC(84) _eden_chunk_array[3]=0x00000000f7504058
[2025-08-08T15:29:03.555+0000][509.202s][1][129][trace] GC(84) _eden_chunk_array[4]=0x00000000f7524f88
[2025-08-08T15:29:03.555+0000][509.202s][1][129][trace] GC(84) _eden_chunk_array[5]=0x00000000f754e7c0
[2025-08-08T15:29:03.555+0000][509.202s][1][129][trace] GC(84) _eden_chunk_array[6]=0x00000000f7577fe0
[2025-08-08T15:29:03.555+0000][509.202s][1][129][trace] GC(84) _eden_chunk_array[7]=0x00000000f75a71a8
[2025-08-08T15:29:03.555+0000][509.202s][1][129][trace] GC(84) _eden_chunk_array[8]=0x00000000f75f58d8
[2025-08-08T15:29:03.555+0000][509.202s][1][129][trace] GC(84) _eden_chunk_array[9]=0x00000000f761a640
[2025-08-08T15:29:03.555+0000][509.202s][1][129][trace] GC(84) _eden_chunk_array[10]=0x00000000f76649c8
[2025-08-08T15:29:03.555+0000][509.202s][1][129][trace] GC(84) _eden_chunk_array[11]=0x00000000f76854f8
[2025-08-08T15:29:03.555+0000][509.202s][1][129][trace] GC(84) _eden_chunk_array[12]=0x00000000f76d4790
[2025-08-08T15:29:03.555+0000][509.202s][1][129][trace] GC(84) _eden_chunk_array[13]=0x00000000f7704f20
[2025-08-08T15:29:03.555+0000][509.202s][1][129][trace] GC(84) _eden_chunk_array[14]=0x00000000f7751bd0
[2025-08-08T15:29:03.555+0000][509.202s][1][129][trace] GC(84) _eden_chunk_array[15]=0x00000000f777a4b0
[2025-08-08T15:29:03.555+0000][509.202s][1][129][trace] GC(84) _eden_chunk_array[16]=0x00000000f77a4c70
[2025-08-08T15:29:03.555+0000][509.202s][1][129][trace] GC(84) _eden_chunk_array[17]=0x00000000f7810a48
[2025-08-08T15:29:03.555+0000][509.202s][1][129][trace] GC(84) _eden_chunk_array[18]=0x00000000f78454f8
[2025-08-08T15:29:03.555+0000][509.202s][1][129][trace] GC(84) _eden_chunk_array[19]=0x00000000f7879fb0
[2025-08-08T15:29:03.555+0000][509.202s][1][129][trace] GC(84) _eden_chunk_array[20]=0x00000000f78aea98
[2025-08-08T15:29:03.555+0000][509.202s][1][129][trace] GC(84) _eden_chunk_array[21]=0x00000000f78d8f40
[2025-08-08T15:29:03.555+0000][509.202s][1][129][trace] GC(84) _eden_chunk_array[22]=0x00000000f79059a8
[2025-08-08T15:29:03.555+0000][509.202s][1][129][trace] GC(84) _eden_chunk_array[23]=0x00000000f7968da8
[2025-08-08T15:29:03.555+0000][509.202s][1][129][trace] GC(84) _eden_chunk_array[24]=0x00000000f79891e8
[2025-08-08T15:29:03.555+0000][509.202s][1][129][trace] GC(84) _eden_chunk_array[25]=0x00000000f79b18e8
[2025-08-08T15:29:03.555+0000][509.202s][1][129][trace] GC(84) _eden_chunk_array[26]=0x00000000f79d1ad8
[2025-08-08T15:29:03.555+0000][509.202s][1][129][trace] GC(84) _eden_chunk_array[27]=0x00000000f7a16618
[2025-08-08T15:29:03.555+0000][509.202s][1][129][trace] GC(84) _eden_chunk_array[28]=0x00000000f7a46d00
[2025-08-08T15:29:03.555+0000][509.202s][1][129][trace] GC(84) _eden_chunk_array[29]=0x00000000f7a8fd38
[2025-08-08T15:29:03.555+0000][509.202s][1][129][trace] GC(84) _eden_chunk_array[30]=0x00000000f7ad8d90
[2025-08-08T15:29:03.555+0000][509.202s][1][129][trace] GC(84) _eden_chunk_array[31]=0x00000000f7b2a5c0
[2025-08-08T15:29:03.555+0000][509.202s][1][129][trace] GC(84) _eden_chunk_array[32]=0x00000000f7b87ac8
[2025-08-08T15:29:03.555+0000][509.202s][1][129][trace] GC(84) _eden_chunk_array[33]=0x00000000f7bad890
[2025-08-08T15:29:03.555+0000][509.202s][1][129][trace] GC(84) _eden_chunk_array[34]=0x00000000f7bce290
[2025-08-08T15:29:03.555+0000][509.202s][1][129][trace] GC(84) _eden_chunk_array[35]=0x00000000f7bef940
[2025-08-08T15:29:03.555+0000][509.202s][1][129][trace] GC(84) _eden_chunk_array[36]=0x00000000f7c20f50
[2025-08-08T15:29:03.555+0000][509.202s][1][129][trace] GC(84) _eden_chunk_array[37]=0x00000000f7c53e40
[2025-08-08T15:29:03.555+0000][509.202s][1][129][trace] GC(84) _eden_chunk_array[38]=0x00000000f7c79888
[2025-08-08T15:29:03.555+0000][509.202s][1][129][trace] GC(84) _eden_chunk_array[39]=0x00000000f7c9ea88
[2025-08-08T15:29:03.555+0000][509.202s][1][129][trace] GC(84) _eden_chunk_array[40]=0x00000000f7cc3cb8
[2025-08-08T15:29:03.555+0000][509.202s][1][129][trace] GC(84) _eden_chunk_array[41]=0x00000000f7ceaaa0
[2025-08-08T15:29:03.555+0000][509.202s][1][129][trace] GC(84) _eden_chunk_array[42]=0x00000000f7d0b440
[2025-08-08T15:29:03.555+0000][509.202s][1][129][trace] GC(84) _eden_chunk_array[43]=0x00000000f7d30640
[2025-08-08T15:29:03.555+0000][509.202s][1][129][trace] GC(84) _eden_chunk_array[44]=0x00000000f7d9da90
[2025-08-08T15:29:03.555+0000][509.202s][1][129][trace] GC(84) _eden_chunk_array[45]=0x00000000f7dd09f8
[2025-08-08T15:29:03.555+0000][509.202s][1][129][trace] GC(84) _eden_chunk_array[46]=0x00000000f7df56f0
[2025-08-08T15:29:03.555+0000][509.202s][1][129][trace] GC(84) _eden_chunk_array[47]=0x00000000f7e1ad98
[2025-08-08T15:29:03.555+0000][509.202s][1][129][trace] GC(84) _eden_chunk_array[48]=0x00000000f7e88158
[2025-08-08T15:29:03.555+0000][509.202s][1][129][trace] GC(84) _eden_chunk_array[49]=0x00000000f7eb0348
[2025-08-08T15:29:03.555+0000][509.202s][1][129][trace] GC(84) _eden_chunk_array[50]=0x00000000f7ed5e98
[2025-08-08T15:29:03.555+0000][509.202s][1][129][trace] GC(84) _eden_chunk_array[51]=0x00000000f7f02cb8
[2025-08-08T15:29:03.555+0000][509.202s][1][129][trace] GC(84) _eden_chunk_array[52]=0x00000000f7f29820
[2025-08-08T15:29:03.555+0000][509.202s][1][129][trace] GC(84) _eden_chunk_array[53]=0x00000000f7f50380
[2025-08-08T15:29:03.555+0000][509.202s][1][129][trace] GC(84) _eden_chunk_array[54]=0x00000000f7f78570
[2025-08-08T15:29:03.555+0000][509.202s][1][129][trace] GC(84) _eden_chunk_array[55]=0x00000000f7f9f118
[2025-08-08T15:29:03.555+0000][509.202s][1][129][trace] GC(84) _eden_chunk_array[56]=0x00000000f7fd1398
[2025-08-08T15:29:03.555+0000][509.202s][1][129][trace] GC(84) _eden_chunk_array[57]=0x00000000f7ff15f0
[2025-08-08T15:29:03.555+0000][509.202s][1][129][trace] GC(84) _eden_chunk_array[58]=0x00000000f8021d80
[2025-08-08T15:29:03.555+0000][509.202s][1][129][trace] GC(84) _eden_chunk_array[59]=0x00000000f8052520
[2025-08-08T15:29:03.555+0000][509.202s][1][129][trace] GC(84) _eden_chunk_array[60]=0x00000000f8078698
[2025-08-08T15:29:03.555+0000][509.202s][1][129][trace] GC(84) _eden_chunk_array[61]=0x00000000f809e8f8
[2025-08-08T15:29:03.555+0000][509.202s][1][129][trace] GC(84) _eden_chunk_array[62]=0x00000000f80c9470
[2025-08-08T15:29:03.555+0000][509.202s][1][129][trace] GC(84) _eden_chunk_array[63]=0x00000000f8101478
[2025-08-08T15:29:03.555+0000][509.202s][1][129][trace] GC(84) _eden_chunk_array[64]=0x00000000f8128fa8
[2025-08-08T15:29:03.555+0000][509.202s][1][129][trace] GC(84) _eden_chunk_array[65]=0x00000000f81516c0
[2025-08-08T15:29:03.555+0000][509.202s][1][129][trace] GC(84) _eden_chunk_array[66]=0x00000000f81bc790
[2025-08-08T15:29:03.555+0000][509.202s][1][129][trace] GC(84) _eden_chunk_array[67]=0x00000000f821fae0
[2025-08-08T15:29:03.555+0000][509.202s][1][129][trace] GC(84) _eden_chunk_array[68]=0x00000000f8245540
[2025-08-08T15:29:03.555+0000][509.202s][1][129][trace] GC(84) _eden_chunk_array[69]=0x00000000f826afc0
[2025-08-08T15:29:03.555+0000][509.202s][1][129][trace] GC(84) _eden_chunk_array[70]=0x00000000f82909f8
[2025-08-08T15:29:03.555+0000][509.202s][1][129][trace] GC(84) _eden_chunk_array[71]=0x00000000f82b6460
[2025-08-08T15:29:03.555+0000][509.202s][1][129][trace] GC(84) _eden_chunk_array[72]=0x00000000f82dbef0
[2025-08-08T15:29:03.555+0000][509.202s][1][129][trace] GC(84) _eden_chunk_array[73]=0x00000000f8301998
[2025-08-08T15:29:03.555+0000][509.202s][1][129][trace] GC(84) _eden_chunk_array[74]=0x00000000f83398c8
[2025-08-08T15:29:03.555+0000][509.202s][1][129][trace] GC(84) _eden_chunk_array[75]=0x00000000f835b020
[2025-08-08T15:29:03.555+0000][509.202s][1][129][trace] GC(84) _eden_chunk_array[76]=0x00000000f8381080
[2025-08-08T15:29:03.555+0000][509.202s][1][129][trace] GC(84) _eden_chunk_array[77]=0x00000000f83daa10
[2025-08-08T15:29:03.555+0000][509.202s][1][129][trace] GC(84) _eden_chunk_array[78]=0x00000000f8409a80
[2025-08-08T15:29:03.555+0000][509.202s][1][129][trace] GC(84) _eden_chunk_array[79]=0x00000000f842d588
[2025-08-08T15:29:03.555+0000][509.202s][1][129][trace] GC(84) _eden_chunk_array[80]=0x00000000f8485750
[2025-08-08T15:29:03.555+0000][509.202s][1][129][trace] GC(84) _eden_chunk_array[81]=0x00000000f84b3020
[2025-08-08T15:29:03.555+0000][509.202s][1][129][trace] GC(84) _eden_chunk_array[82]=0x00000000f84db8f8
[2025-08-08T15:29:03.555+0000][509.202s][1][129][trace] GC(84) _eden_chunk_array[83]=0x00000000f850c098
[2025-08-08T15:29:03.555+0000][509.202s][1][129][trace] GC(84) _eden_chunk_array[84]=0x00000000f8534970
[2025-08-08T15:29:03.555+0000][509.202s][1][129][trace] GC(84) _eden_chunk_array[85]=0x00000000f8565110
[2025-08-08T15:29:03.555+0000][509.202s][1][129][trace] GC(84) _eden_chunk_array[86]=0x00000000f85b6928
[2025-08-08T15:29:03.555+0000][509.202s][1][129][trace] GC(84) _eden_chunk_array[87]=0x00000000f85df230
[2025-08-08T15:29:03.555+0000][509.202s][1][129][trace] GC(84) _eden_chunk_array[88]=0x00000000f8607b20
[2025-08-08T15:29:03.555+0000][509.202s][1][129][trace] GC(84) _eden_chunk_array[89]=0x00000000f862e828
[2025-08-08T15:29:03.555+0000][509.202s][1][129][trace] GC(84) _eden_chunk_array[90]=0x00000000f8653490
[2025-08-08T15:29:03.555+0000][509.202s][1][129][trace] GC(84) _eden_chunk_array[91]=0x00000000f8674438
[2025-08-08T15:29:03.555+0000][509.202s][1][129][trace] GC(84) _eden_chunk_array[92]=0x00000000f869b2d8
[2025-08-08T15:29:03.555+0000][509.202s][1][129][trace] GC(84) _eden_chunk_array[93]=0x00000000f86bfc78
[2025-08-08T15:29:03.555+0000][509.202s][1][129][trace] GC(84) _eden_chunk_array[94]=0x00000000f86e6630
[2025-08-08T15:29:03.555+0000][509.202s][1][129][trace] GC(84) _eden_chunk_array[95]=0x00000000f871a5d0
[2025-08-08T15:29:03.555+0000][509.202s][1][129][trace] GC(84) _eden_chunk_array[96]=0x00000000f87464f8
[2025-08-08T15:29:03.555+0000][509.203s][1][129][trace] GC(84) _eden_chunk_array[97]=0x00000000f877af98
[2025-08-08T15:29:03.555+0000][509.203s][1][129][trace] GC(84) _eden_chunk_array[98]=0x00000000f87e6d28
[2025-08-08T15:29:03.555+0000][509.203s][1][129][trace] GC(84) _eden_chunk_array[99]=0x00000000f88174d0
[2025-08-08T15:29:03.555+0000][509.203s][1][129][trace] GC(84) _eden_chunk_array[100]=0x00000000f884bfe0
[2025-08-08T15:29:03.555+0000][509.203s][1][129][trace] GC(84) _eden_chunk_array[101]=0x00000000f8880a90
[2025-08-08T15:29:03.555+0000][509.203s][1][129][trace] GC(84) _eden_chunk_array[102]=0x00000000f88a8fa0
[2025-08-08T15:29:03.555+0000][509.203s][1][129][trace] GC(84) _eden_chunk_array[103]=0x00000000f88ca4d8
[2025-08-08T15:29:03.555+0000][509.203s][1][129][trace] GC(84) _eden_chunk_array[104]=0x00000000f88f0e68
[2025-08-08T15:29:03.555+0000][509.203s][1][129][trace] GC(84) _eden_chunk_array[105]=0x00000000f8914998
[2025-08-08T15:29:03.555+0000][509.203s][1][129][trace] GC(84) _eden_chunk_array[106]=0x00000000f8943b50
[2025-08-08T15:29:03.555+0000][509.203s][1][129][trace] GC(84) _eden_chunk_array[107]=0x00000000f8967d68
[2025-08-08T15:29:03.555+0000][509.203s][1][129][trace] GC(84) _eden_chunk_array[108]=0x00000000f8991360
[2025-08-08T15:29:03.555+0000][509.203s][1][129][trace] GC(84) _eden_chunk_array[109]=0x00000000f89b7ec0
[2025-08-08T15:29:03.555+0000][509.203s][1][129][trace] GC(84) _eden_chunk_array[110]=0x00000000f89deaa8
[2025-08-08T15:29:03.555+0000][509.203s][1][129][trace] GC(84) _eden_chunk_array[111]=0x00000000f8a01e48
[2025-08-08T15:29:03.555+0000][509.203s][1][129][trace] GC(84) _eden_chunk_array[112]=0x00000000f8a289a8
[2025-08-08T15:29:03.555+0000][509.203s][1][129][trace] GC(84) _eden_chunk_array[113]=0x00000000f8a4f518
[2025-08-08T15:29:03.555+0000][509.203s][1][129][trace] GC(84) _eden_chunk_array[114]=0x00000000f8a9dc58
[2025-08-08T15:29:03.555+0000][509.203s][1][129][trace] GC(84) _eden_chunk_array[115]=0x00000000f8ac4d88
[2025-08-08T15:29:03.555+0000][509.203s][1][129][trace] GC(84) _eden_chunk_array[116]=0x00000000f8aebd28
[2025-08-08T15:29:03.555+0000][509.203s][1][129][trace] GC(84) _eden_chunk_array[117]=0x00000000f8b48a38
[2025-08-08T15:29:03.555+0000][509.203s][1][129][trace] GC(84) _eden_chunk_array[118]=0x00000000f8b6d790
[2025-08-08T15:29:03.555+0000][509.203s][1][129][trace] GC(84) _eden_chunk_array[119]=0x00000000f8b911e8
[2025-08-08T15:29:03.555+0000][509.203s][1][129][trace] GC(84) _eden_chunk_array[120]=0x00000000f8bef900
[2025-08-08T15:29:03.555+0000][509.203s][1][129][trace] GC(84) _eden_chunk_array[121]=0x00000000f8c335d8
[2025-08-08T15:29:03.555+0000][509.203s][1][129][trace] GC(84) _eden_chunk_array[122]=0x00000000f8c8e5a0
[2025-08-08T15:29:03.555+0000][509.203s][1][129][trace] GC(84) _eden_chunk_array[123]=0x00000000f8caff78
[2025-08-08T15:29:03.555+0000][509.203s][1][129][trace] GC(84) _eden_chunk_array[124]=0x00000000f8cdd530
[2025-08-08T15:29:03.555+0000][509.203s][1][129][trace] GC(84) _eden_chunk_array[125]=0x00000000f8d08b20
[2025-08-08T15:29:03.555+0000][509.203s][1][129][trace] GC(84) _eden_chunk_array[126]=0x00000000f8d3f138
[2025-08-08T15:29:03.555+0000][509.203s][1][129][trace] GC(84) _eden_chunk_array[127]=0x00000000f8daaec8
[2025-08-08T15:29:03.555+0000][509.203s][1][129][trace] GC(84) _eden_chunk_array[128]=0x00000000f8ddf970
[2025-08-08T15:29:03.555+0000][509.203s][1][129][trace] GC(84) _eden_chunk_array[129]=0x00000000f8e14438
[2025-08-08T15:29:03.555+0000][509.203s][1][129][trace] GC(84) _eden_chunk_array[130]=0x00000000f8e36208
[2025-08-08T15:29:03.555+0000][509.203s][1][129][trace] GC(84) _eden_chunk_array[131]=0x00000000f8e60288
[2025-08-08T15:29:03.555+0000][509.203s][1][129][trace] GC(84) _eden_chunk_array[132]=0x00000000f8eace78
[2025-08-08T15:29:03.555+0000][509.203s][1][129][trace] GC(84) _eden_chunk_array[133]=0x00000000f8ee1548
[2025-08-08T15:29:03.555+0000][509.203s][1][129][trace] GC(84) _eden_chunk_array[134]=0x00000000f8f07f38
[2025-08-08T15:29:03.555+0000][509.203s][1][129][trace] GC(84) _eden_chunk_array[135]=0x00000000f8f3d1f8
[2025-08-08T15:29:03.555+0000][509.203s][1][129][trace] GC(84) _eden_chunk_array[136]=0x00000000f8f6c388
[2025-08-08T15:29:03.555+0000][509.203s][1][129][trace] GC(84) _eden_chunk_array[137]=0x00000000f8f9b4f0
[2025-08-08T15:29:03.555+0000][509.203s][1][129][trace] GC(84) _eden_chunk_array[138]=0x00000000f8fd1ce8
[2025-08-08T15:29:03.555+0000][509.203s][1][129][trace] GC(84) _eden_chunk_array[139]=0x00000000f9000e68
[2025-08-08T15:29:03.555+0000][509.203s][1][129][trace] GC(84) _eden_chunk_array[140]=0x00000000f902ffd0
[2025-08-08T15:29:03.555+0000][509.203s][1][129][trace] GC(84) _eden_chunk_array[141]=0x00000000f9064aa0
[2025-08-08T15:29:03.555+0000][509.203s][1][129][trace] GC(84) _eden_chunk_array[142]=0x00000000f90b31d8
[2025-08-08T15:29:03.555+0000][509.203s][1][129][trace] GC(84) _eden_chunk_array[143]=0x00000000f90da820
[2025-08-08T15:29:03.555+0000][509.203s][1][129][trace] GC(84) _eden_chunk_array[144]=0x00000000f9101ba0
[2025-08-08T15:29:03.555+0000][509.203s][1][129][trace] GC(84) _eden_chunk_array[145]=0x00000000f912f280
[2025-08-08T15:29:03.555+0000][509.203s][1][129][trace] GC(84) _eden_chunk_array[146]=0x00000000f9189620
[2025-08-08T15:29:03.555+0000][509.203s][1][129][trace] GC(84) _eden_chunk_array[147]=0x00000000f91bd578
[2025-08-08T15:29:03.555+0000][509.203s][1][129][trace] GC(84) _eden_chunk_array[148]=0x00000000f91e7e78
[2025-08-08T15:29:03.555+0000][509.203s][1][129][trace] GC(84) _eden_chunk_array[149]=0x00000000f924aa20
[2025-08-08T15:29:03.555+0000][509.203s][1][129][trace] GC(84) _eden_chunk_array[150]=0x00000000f9272000
[2025-08-08T15:29:03.555+0000][509.203s][1][129][trace] GC(84) _eden_chunk_array[151]=0x00000000f9297998
[2025-08-08T15:29:03.555+0000][509.203s][1][129][trace] GC(84) _eden_chunk_array[152]=0x00000000f92c8138
[2025-08-08T15:29:03.555+0000][509.203s][1][129][trace] GC(84) _eden_chunk_array[153]=0x00000000f92edaa0
[2025-08-08T15:29:03.555+0000][509.203s][1][129][trace] GC(84) _eden_chunk_array[154]=0x00000000f9313428
[2025-08-08T15:29:03.555+0000][509.203s][1][129][trace] GC(84) _eden_chunk_array[155]=0x00000000f9338dc8
[2025-08-08T15:29:03.555+0000][509.203s][1][129][trace] GC(84) _eden_chunk_array[156]=0x00000000f935e778
[2025-08-08T15:29:03.555+0000][509.203s][1][129][trace] GC(84) _eden_chunk_array[157]=0x00000000f9387c48
[2025-08-08T15:29:03.555+0000][509.203s][1][129][trace] GC(84) _eden_chunk_array[158]=0x00000000f93b50b8
[2025-08-08T15:29:03.555+0000][509.203s][1][129][trace] GC(84) _eden_chunk_array[159]=0x00000000f93da618
[2025-08-08T15:29:03.555+0000][509.203s][1][129][trace] GC(84) _eden_chunk_array[160]=0x00000000f9417650
[2025-08-08T15:29:03.555+0000][509.203s][1][129][trace] GC(84) _eden_chunk_array[161]=0x00000000f943acc8
[2025-08-08T15:29:03.555+0000][509.203s][1][129][trace] GC(84) _eden_chunk_array[162]=0x00000000f9464500
[2025-08-08T15:29:03.555+0000][509.203s][1][129][trace] GC(84) _eden_chunk_array[163]=0x00000000f948e178
[2025-08-08T15:29:03.555+0000][509.203s][1][129][trace] GC(84) _eden_chunk_array[164]=0x00000000f94b8238
[2025-08-08T15:29:03.555+0000][509.203s][1][129][trace] GC(84) _eden_chunk_array[165]=0x00000000f95197e8
[2025-08-08T15:29:03.555+0000][509.203s][1][129][trace] GC(84) _eden_chunk_array[166]=0x00000000f9542118
[2025-08-08T15:29:03.555+0000][509.203s][1][129][trace] GC(84) _eden_chunk_array[167]=0x00000000f9567aa0
[2025-08-08T15:29:03.555+0000][509.203s][1][129][trace] GC(84) _eden_chunk_array[168]=0x00000000f9591b48
[2025-08-08T15:29:03.555+0000][509.203s][1][129][trace] GC(84) _eden_chunk_array[169]=0x00000000f95bbc00
[2025-08-08T15:29:03.556+0000][509.203s][1][129][trace] GC(84) _eden_chunk_array[170]=0x00000000f95e5cc0
[2025-08-08T15:29:03.556+0000][509.203s][1][129][trace] GC(84) _eden_chunk_array[171]=0x00000000f960fd68
[2025-08-08T15:29:03.556+0000][509.203s][1][129][trace] GC(84) _eden_chunk_array[172]=0x00000000f965e498
[2025-08-08T15:29:03.556+0000][509.203s][1][129][trace] GC(84) _eden_chunk_array[173]=0x00000000f9681860
[2025-08-08T15:29:03.556+0000][509.203s][1][129][trace] GC(84) _eden_chunk_array[174]=0x00000000f96a4070
[2025-08-08T15:29:03.556+0000][509.203s][1][129][trace] GC(84) _eden_chunk_array[175]=0x00000000f96c6188
[2025-08-08T15:29:03.556+0000][509.203s][1][129][trace] GC(84) _eden_chunk_array[176]=0x00000000f96f0fd8
[2025-08-08T15:29:03.556+0000][509.203s][1][129][trace] GC(84) _eden_chunk_array[177]=0x00000000f9713e68
[2025-08-08T15:29:03.556+0000][509.203s][1][129][trace] GC(84) _eden_chunk_array[178]=0x00000000f97368f0
[2025-08-08T15:29:03.556+0000][509.203s][1][129][trace] GC(84) _eden_chunk_array[179]=0x00000000f9759728
[2025-08-08T15:29:03.556+0000][509.203s][1][129][trace] GC(84) _eden_chunk_array[180]=0x00000000f977aab8
[2025-08-08T15:29:03.556+0000][509.203s][1][129][trace] GC(84) _eden_chunk_array[181]=0x00000000f979d8d8
[2025-08-08T15:29:03.556+0000][509.203s][1][129][trace] GC(84) _eden_chunk_array[182]=0x00000000f97c8718
[2025-08-08T15:29:03.556+0000][509.203s][1][129][trace] GC(84) _eden_chunk_array[183]=0x00000000f97f4440
[2025-08-08T15:29:03.556+0000][509.203s][1][129][trace] GC(84) _eden_chunk_array[184]=0x00000000f981db60
[2025-08-08T15:29:03.556+0000][509.203s][1][129][trace] GC(84) _eden_chunk_array[185]=0x00000000f9849888
[2025-08-08T15:29:03.556+0000][509.203s][1][129][trace] GC(84) _eden_chunk_array[186]=0x00000000f98b8410
[2025-08-08T15:29:03.556+0000][509.203s][1][129][trace] GC(84) _eden_chunk_array[187]=0x00000000f98ec3e8
[2025-08-08T15:29:03.556+0000][509.203s][1][129][trace] GC(84) _eden_chunk_array[188]=0x00000000f990dc78
[2025-08-08T15:29:03.556+0000][509.203s][1][129][trace] GC(84) _eden_chunk_array[189]=0x00000000f9932348
[2025-08-08T15:29:03.556+0000][509.203s][1][129][trace] GC(84) _eden_chunk_array[190]=0x00000000f99892b8
[2025-08-08T15:29:03.556+0000][509.203s][1][129][trace] GC(84) _eden_chunk_array[191]=0x00000000f99d5db8
[2025-08-08T15:29:03.556+0000][509.203s][1][129][trace] GC(84) _eden_chunk_array[192]=0x00000000f9a070a8
[2025-08-08T15:29:03.556+0000][509.203s][1][129][trace] GC(84) _eden_chunk_array[193]=0x00000000f9a308c8
[2025-08-08T15:29:03.556+0000][509.203s][1][129][trace] GC(84) _eden_chunk_array[194]=0x00000000f9a5a0f8
[2025-08-08T15:29:03.556+0000][509.203s][1][129][trace] GC(84) _eden_chunk_array[195]=0x00000000f9a83938
[2025-08-08T15:29:03.556+0000][509.203s][1][129][trace] GC(84) _eden_chunk_array[196]=0x00000000f9aad178
[2025-08-08T15:29:03.556+0000][509.203s][1][129][trace] GC(84) _eden_chunk_array[197]=0x00000000f9ad69a8
[2025-08-08T15:29:03.556+0000][509.203s][1][129][trace] GC(84) _eden_chunk_array[198]=0x00000000f9b03f40
[2025-08-08T15:29:03.556+0000][509.203s][1][129][trace] GC(84) _eden_chunk_array[199]=0x00000000f9b55758
[2025-08-08T15:29:03.556+0000][509.203s][1][129][trace] GC(84) _eden_chunk_array[200]=0x00000000f9b80550
[2025-08-08T15:29:03.556+0000][509.203s][1][129][trace] GC(84) _eden_chunk_array[201]=0x00000000f9ba7690
[2025-08-08T15:29:03.556+0000][509.203s][1][129][trace] GC(84) _eden_chunk_array[202]=0x00000000f9bc7910
[2025-08-08T15:29:03.556+0000][509.203s][1][129][trace] GC(84) _eden_chunk_array[203]=0x00000000f9c25260
[2025-08-08T15:29:03.556+0000][509.203s][1][129][trace] GC(84) _eden_chunk_array[204]=0x00000000f9c48830
[2025-08-08T15:29:03.556+0000][509.203s][1][129][trace] GC(84) _eden_chunk_array[205]=0x00000000f9c6f7f0
[2025-08-08T15:29:03.556+0000][509.203s][1][129][trace] GC(84) _eden_chunk_array[206]=0x00000000f9ca42a8
[2025-08-08T15:29:03.556+0000][509.203s][1][129][trace] GC(84) _eden_chunk_array[207]=0x00000000f9cd9558
[2025-08-08T15:29:03.556+0000][509.203s][1][129][trace] GC(84) _eden_chunk_array[208]=0x00000000f9d0e830
[2025-08-08T15:29:03.556+0000][509.203s][1][129][trace] GC(84) _eden_chunk_array[209]=0x00000000f9d38af8
[2025-08-08T15:29:03.556+0000][509.203s][1][129][trace] GC(84) _eden_chunk_array[210]=0x00000000f9d6ddd0
[2025-08-08T15:29:03.556+0000][509.203s][1][129][trace] GC(84) _eden_chunk_array[211]=0x00000000f9dd3018
[2025-08-08T15:29:03.556+0000][509.203s][1][129][trace] GC(84) _eden_chunk_array[212]=0x00000000f9df8f90
[2025-08-08T15:29:03.556+0000][509.203s][1][129][trace] GC(84) _eden_chunk_array[213]=0x00000000f9e19990
[2025-08-08T15:29:03.556+0000][509.203s][1][129][trace] GC(84) _eden_chunk_array[214]=0x00000000f9e3a3a0
[2025-08-08T15:29:03.556+0000][509.203s][1][129][trace] GC(84) _eden_chunk_array[215]=0x00000000f9e88c58
[2025-08-08T15:29:03.556+0000][509.203s][1][129][trace] GC(84) _eden_chunk_array[216]=0x00000000f9eae350
[2025-08-08T15:29:03.556+0000][509.203s][1][129][trace] GC(84) _eden_chunk_array[217]=0x00000000f9ed1930
[2025-08-08T15:29:03.556+0000][509.203s][1][129][trace] GC(84) _eden_chunk_array[218]=0x00000000f9ef8f10
[2025-08-08T15:29:03.556+0000][509.203s][1][129][trace] GC(84) _eden_chunk_array[219]=0x00000000f9f29f98
[2025-08-08T15:29:03.556+0000][509.203s][1][129][trace] GC(84) _eden_chunk_array[220]=0x00000000f9f5a8a0
[2025-08-08T15:29:03.556+0000][509.203s][1][129][trace] GC(84) _eden_chunk_array[221]=0x00000000f9f7c660
[2025-08-08T15:29:03.556+0000][509.203s][1][129][trace] GC(84) _eden_chunk_array[222]=0x00000000f9face00
[2025-08-08T15:29:03.556+0000][509.203s][1][129][trace] GC(84) _eden_chunk_array[223]=0x00000000f9ff7b10
[2025-08-08T15:29:03.556+0000][509.203s][1][129][trace] GC(84) _eden_chunk_array[224]=0x00000000fa02c5f8
[2025-08-08T15:29:03.556+0000][509.203s][1][129][trace] GC(84) _eden_chunk_array[225]=0x00000000fa062c58
[2025-08-08T15:29:03.556+0000][509.203s][1][129][trace] GC(84) _eden_chunk_array[226]=0x00000000fa097708
[2025-08-08T15:29:03.556+0000][509.203s][1][129][trace] GC(84) _eden_chunk_array[227]=0x00000000fa0bc180
[2025-08-08T15:29:03.556+0000][509.203s][1][129][trace] GC(84) _eden_chunk_array[228]=0x00000000fa0de9f8
[2025-08-08T15:29:03.556+0000][509.203s][1][129][trace] GC(84) _eden_chunk_array[229]=0x00000000fa13f660
[2025-08-08T15:29:03.556+0000][509.203s][1][129][trace] GC(84) _eden_chunk_array[230]=0x00000000fa173430
[2025-08-08T15:29:03.556+0000][509.203s][1][129][trace] GC(84) _eden_chunk_array[231]=0x00000000fa1a09b8
[2025-08-08T15:29:03.556+0000][509.203s][1][129][trace] GC(84) _eden_chunk_array[232]=0x00000000fa1ca1f8
[2025-08-08T15:29:03.556+0000][509.203s][1][129][trace] GC(84) _eden_chunk_array[233]=0x00000000fa1eb6b0
[2025-08-08T15:29:03.556+0000][509.203s][1][129][trace] GC(84) _eden_chunk_array[234]=0x00000000fa20cb48
[2025-08-08T15:29:03.556+0000][509.203s][1][129][trace] GC(84) _eden_chunk_array[235]=0x00000000fa22e018
[2025-08-08T15:29:03.556+0000][509.203s][1][129][trace] GC(84) _eden_chunk_array[236]=0x00000000fa24f4e8
[2025-08-08T15:29:03.556+0000][509.203s][1][129][trace] GC(84) _eden_chunk_array[237]=0x00000000fa278990
[2025-08-08T15:29:03.556+0000][509.203s][1][129][trace] GC(84) _eden_chunk_array[238]=0x00000000fa299e38
[2025-08-08T15:29:03.556+0000][509.203s][1][129][trace] GC(84) _eden_chunk_array[239]=0x00000000fa2c3690
[2025-08-08T15:29:03.556+0000][509.203s][1][129][trace] GC(84) _eden_chunk_array[240]=0x00000000fa2f3e38
[2025-08-08T15:29:03.556+0000][509.203s][1][129][trace] GC(84) _eden_chunk_array[241]=0x00000000fa3245e0
[2025-08-08T15:29:03.556+0000][509.203s][1][129][trace] GC(84) _eden_chunk_array[242]=0x00000000fa34aeb0
[2025-08-08T15:29:03.556+0000][509.203s][1][129][trace] GC(84) _eden_chunk_array[243]=0x00000000fa374360
[2025-08-08T15:29:03.556+0000][509.203s][1][129][trace] GC(84) _eden_chunk_array[244]=0x00000000fa3e0970
[2025-08-08T15:29:03.556+0000][509.203s][1][129][trace] GC(84) _eden_chunk_array[245]=0x00000000fa414af8
[2025-08-08T15:29:03.556+0000][509.203s][1][129][trace] GC(84) _eden_chunk_array[246]=0x00000000fa43d3d0
[2025-08-08T15:29:03.556+0000][509.203s][1][129][trace] GC(84) _eden_chunk_array[247]=0x00000000fa4615c0
[2025-08-08T15:29:03.556+0000][509.203s][1][129][trace] GC(84) _eden_chunk_array[248]=0x00000000fa4cdb48
[2025-08-08T15:29:03.556+0000][509.203s][1][129][trace] GC(84) _eden_chunk_array[249]=0x00000000fa4f7370
[2025-08-08T15:29:03.556+0000][509.203s][1][129][trace] GC(84) _eden_chunk_array[250]=0x00000000fa5203f0
[2025-08-08T15:29:03.556+0000][509.203s][1][129][trace] GC(84) _eden_chunk_array[251]=0x00000000fa549c38
[2025-08-08T15:29:03.556+0000][509.203s][1][129][trace] GC(84) _eden_chunk_array[252]=0x00000000fa57a3d8
[2025-08-08T15:29:03.556+0000][509.203s][1][129][trace] GC(84) _eden_chunk_array[253]=0x00000000fa5a3c10
[2025-08-08T15:29:03.556+0000][509.203s][1][129][trace] GC(84) _eden_chunk_array[254]=0x00000000fa5d43a0
[2025-08-08T15:29:03.556+0000][509.203s][1][129][trace] GC(84) _eden_chunk_array[255]=0x00000000fa5fdbc8
[2025-08-08T15:29:03.556+0000][509.203s][1][129][trace] GC(84) _eden_chunk_array[256]=0x00000000fa627418
[2025-08-08T15:29:03.556+0000][509.203s][1][129][trace] GC(84) _eden_chunk_array[257]=0x00000000fa64f488
[2025-08-08T15:29:03.556+0000][509.203s][1][129][trace] GC(84) _eden_chunk_array[258]=0x00000000fa67c240
[2025-08-08T15:29:03.556+0000][509.203s][1][129][trace] GC(84) _eden_chunk_array[259]=0x00000000fa6ad1c8
[2025-08-08T15:29:03.556+0000][509.203s][1][129][trace] GC(84) _eden_chunk_array[260]=0x00000000fa6d80d8
[2025-08-08T15:29:03.556+0000][509.203s][1][129][trace] GC(84) _eden_chunk_array[261]=0x00000000fa7002f0
[2025-08-08T15:29:03.556+0000][509.203s][1][129][trace] GC(84) _eden_chunk_array[262]=0x00000000fa738440
[2025-08-08T15:29:03.556+0000][509.203s][1][129][trace] GC(84) _eden_chunk_array[263]=0x00000000fa75d228
[2025-08-08T15:29:03.556+0000][509.203s][1][129][trace] GC(84) _eden_chunk_array[264]=0x00000000fa7cbab8
[2025-08-08T15:29:03.556+0000][509.203s][1][129][trace] GC(84) _eden_chunk_array[265]=0x00000000fa7f9498
[2025-08-08T15:29:03.556+0000][509.203s][1][129][trace] GC(84) _eden_chunk_array[266]=0x00000000fa8267f8
[2025-08-08T15:29:03.556+0000][509.203s][1][129][trace] GC(84) _eden_chunk_array[267]=0x00000000fa889f98
[2025-08-08T15:29:03.556+0000][509.203s][1][129][trace] GC(84) _eden_chunk_array[268]=0x00000000fa8b4048
[2025-08-08T15:29:03.556+0000][509.203s][1][129][trace] GC(84) _eden_chunk_array[269]=0x00000000fa8d4a00
[2025-08-08T15:29:03.556+0000][509.203s][1][129][trace] GC(84) _eden_chunk_array[270]=0x00000000fa8f5a80
[2025-08-08T15:29:03.556+0000][509.203s][1][129][trace] GC(84) _eden_chunk_array[271]=0x00000000fa9247a8
[2025-08-08T15:29:03.556+0000][509.203s][1][129][trace] GC(84) _eden_chunk_array[272]=0x00000000fa951fc8
[2025-08-08T15:29:03.556+0000][509.204s][1][129][trace] GC(84) _eden_chunk_array[273]=0x00000000fa97b808
[2025-08-08T15:29:03.556+0000][509.204s][1][129][trace] GC(84) _eden_chunk_array[274]=0x00000000fa9a8dd8
[2025-08-08T15:29:03.556+0000][509.204s][1][129][trace] GC(84) _eden_chunk_array[275]=0x00000000fa9da118
[2025-08-08T15:29:03.556+0000][509.204s][1][129][trace] GC(84) _eden_chunk_array[276]=0x00000000faa385f0
[2025-08-08T15:29:03.556+0000][509.204s][1][129][trace] GC(84) _eden_chunk_array[277]=0x00000000faa59c50
[2025-08-08T15:29:03.556+0000][509.204s][1][129][trace] GC(84) _eden_chunk_array[278]=0x00000000faacaf90
[2025-08-08T15:29:03.556+0000][509.204s][1][129][trace] GC(84) _eden_chunk_array[279]=0x00000000faafa878
[2025-08-08T15:29:03.556+0000][509.204s][1][129][trace] GC(84) _eden_chunk_array[280]=0x00000000fab2a140
[2025-08-08T15:29:03.556+0000][509.204s][1][129][trace] GC(84) _eden_chunk_array[281]=0x00000000fab599d8
[2025-08-08T15:29:03.556+0000][509.204s][1][129][trace] GC(84) _eden_chunk_array[282]=0x00000000fab83eb0
[2025-08-08T15:29:03.556+0000][509.204s][1][129][trace] GC(84) _eden_chunk_array[283]=0x00000000faba50e8
[2025-08-08T15:29:03.556+0000][509.204s][1][129][trace] GC(84) _eden_chunk_array[284]=0x00000000fabd8038
[2025-08-08T15:29:03.556+0000][509.204s][1][129][trace] GC(84) _eden_chunk_array[285]=0x00000000fac09340
[2025-08-08T15:29:03.556+0000][509.204s][1][129][trace] GC(84) _eden_chunk_array[286]=0x00000000fac36148
[2025-08-08T15:29:03.556+0000][509.204s][1][129][trace] GC(84) _eden_chunk_array[287]=0x00000000fac64b40
[2025-08-08T15:29:03.556+0000][509.204s][1][129][trace] GC(84) _eden_chunk_array[288]=0x00000000fac906c0
[2025-08-08T15:29:03.556+0000][509.204s][1][129][trace] GC(84) _eden_chunk_array[289]=0x00000000facc2a90
[2025-08-08T15:29:03.556+0000][509.204s][1][129][trace] GC(84) _eden_chunk_array[290]=0x00000000fad0b5d8
[2025-08-08T15:29:03.556+0000][509.204s][1][129][trace] GC(84) _eden_chunk_array[291]=0x00000000fad3b740
[2025-08-08T15:29:03.556+0000][509.204s][1][129][trace] GC(84) _eden_chunk_array[292]=0x00000000fad64048
[2025-08-08T15:29:03.556+0000][509.204s][1][129][trace] GC(84) _eden_chunk_array[293]=0x00000000fadb5870
[2025-08-08T15:29:03.556+0000][509.204s][1][129][trace] GC(84) _eden_chunk_array[294]=0x00000000fade2508
[2025-08-08T15:29:03.556+0000][509.204s][1][129][trace] GC(84) _eden_chunk_array[295]=0x00000000fae101b8
[2025-08-08T15:29:03.556+0000][509.204s][1][129][trace] GC(84) _eden_chunk_array[296]=0x00000000fae6a220
[2025-08-08T15:29:03.556+0000][509.204s][1][129][trace] GC(84) _eden_chunk_array[297]=0x00000000fae9d038
[2025-08-08T15:29:03.556+0000][509.204s][1][129][trace] GC(84) _eden_chunk_array[298]=0x00000000faec4668
[2025-08-08T15:29:03.556+0000][509.204s][1][129][trace] GC(84) _eden_chunk_array[299]=0x00000000faef0388
[2025-08-08T15:29:03.556+0000][509.204s][1][129][trace] GC(84) _eden_chunk_array[300]=0x00000000faf1c0e0
[2025-08-08T15:29:03.556+0000][509.204s][1][129][trace] GC(84) _eden_chunk_array[301]=0x00000000faf416b0
[2025-08-08T15:29:03.556+0000][509.204s][1][129][trace] GC(84) _eden_chunk_array[302]=0x00000000faf6d400
[2025-08-08T15:29:03.556+0000][509.204s][1][129][trace] GC(84) _eden_chunk_array[303]=0x00000000faf909d0
[2025-08-08T15:29:03.556+0000][509.204s][1][129][trace] GC(84) _eden_chunk_array[304]=0x00000000fafbc6f0
[2025-08-08T15:29:03.556+0000][509.204s][1][129][trace] GC(84) _eden_chunk_array[305]=0x00000000fafdfcc8
[2025-08-08T15:29:03.556+0000][509.204s][1][129][trace] GC(84) _eden_chunk_array[306]=0x00000000fb03fea8
[2025-08-08T15:29:03.556+0000][509.204s][1][129][trace] GC(84) _eden_chunk_array[307]=0x00000000fb068fc8
[2025-08-08T15:29:03.556+0000][509.204s][1][129][trace] GC(84) _eden_chunk_array[308]=0x00000000fb08c800
[2025-08-08T15:29:03.556+0000][509.204s][1][129][trace] GC(84) _eden_chunk_array[309]=0x00000000fb0b4558
[2025-08-08T15:29:03.556+0000][509.204s][1][129][trace] GC(84) _eden_chunk_array[310]=0x00000000fb110230
[2025-08-08T15:29:03.556+0000][509.204s][1][129][trace] GC(84) _eden_chunk_array[311]=0x00000000fb13b0b8
[2025-08-08T15:29:03.556+0000][509.204s][1][129][trace] GC(84) _eden_chunk_array[312]=0x00000000fb16aa28
[2025-08-08T15:29:03.556+0000][509.204s][1][129][trace] GC(84) _eden_chunk_array[313]=0x00000000fb18d858
[2025-08-08T15:29:03.556+0000][509.204s][1][129][trace] GC(84) _eden_chunk_array[314]=0x00000000fb1b0678
[2025-08-08T15:29:03.556+0000][509.204s][1][129][trace] GC(84) _eden_chunk_array[315]=0x00000000fb1e34d8
[2025-08-08T15:29:03.556+0000][509.204s][1][129][trace] GC(84) _eden_chunk_array[316]=0x00000000fb217f80
[2025-08-08T15:29:03.556+0000][509.204s][1][129][trace] GC(84) _eden_chunk_array[317]=0x00000000fb24e680
[2025-08-08T15:29:03.556+0000][509.204s][1][129][trace] GC(84) _eden_chunk_array[318]=0x00000000fb2b7300
[2025-08-08T15:29:03.556+0000][509.204s][1][129][trace] GC(84) _eden_chunk_array[319]=0x00000000fb2ebdc0
[2025-08-08T15:29:03.556+0000][509.204s][1][129][trace] GC(84) _eden_chunk_array[320]=0x00000000fb359a38
[2025-08-08T15:29:03.556+0000][509.204s][1][129][trace] GC(84) _eden_chunk_array[321]=0x00000000fb37c338
[2025-08-08T15:29:03.556+0000][509.204s][1][129][trace] GC(84) _eden_chunk_array[322]=0x00000000fb3ddb78
[2025-08-08T15:29:03.556+0000][509.204s][1][129][trace] GC(84) _eden_chunk_array[323]=0x00000000fb40e928
[2025-08-08T15:29:03.556+0000][509.204s][1][129][trace] GC(84) _eden_chunk_array[324]=0x00000000fb43d268
[2025-08-08T15:29:03.556+0000][509.204s][1][129][trace] GC(84) _eden_chunk_array[325]=0x00000000fb466300
[2025-08-08T15:29:03.556+0000][509.204s][1][129][trace] GC(84) _eden_chunk_array[326]=0x00000000fb497390
[2025-08-08T15:29:03.556+0000][509.204s][1][129][trace] GC(84) _eden_chunk_array[327]=0x00000000fb4c41a0
[2025-08-08T15:29:03.556+0000][509.204s][1][129][trace] GC(84) _eden_chunk_array[328]=0x00000000fb4f5250
[2025-08-08T15:29:03.556+0000][509.204s][1][129][trace] GC(84) _eden_chunk_array[329]=0x00000000fb51db58
[2025-08-08T15:29:03.556+0000][509.204s][1][129][trace] GC(84) _eden_chunk_array[330]=0x00000000fb546478
[2025-08-08T15:29:03.556+0000][509.204s][1][129][trace] GC(84) _eden_chunk_array[331]=0x00000000fb594bc0
[2025-08-08T15:29:03.556+0000][509.204s][1][129][trace] GC(84) _eden_chunk_array[332]=0x00000000fb5c3578
[2025-08-08T15:29:03.556+0000][509.204s][1][129][trace] GC(84) _eden_chunk_array[333]=0x00000000fb5eb7a8
[2025-08-08T15:29:03.556+0000][509.204s][1][129][trace] GC(84) _eden_chunk_array[334]=0x00000000fb6143a8
[2025-08-08T15:29:03.556+0000][509.204s][1][129][trace] GC(84) _eden_chunk_array[335]=0x00000000fb635f20
[2025-08-08T15:29:03.556+0000][509.204s][1][129][trace] GC(84) _eden_chunk_array[336]=0x00000000fb65efc0
[2025-08-08T15:29:03.556+0000][509.204s][1][129][trace] GC(84) _eden_chunk_array[337]=0x00000000fb6831a8
[2025-08-08T15:29:03.556+0000][509.204s][1][129][trace] GC(84) _eden_chunk_array[338]=0x00000000fb6b2380
[2025-08-08T15:29:03.556+0000][509.204s][1][129][trace] GC(84) _eden_chunk_array[339]=0x00000000fb6e30d8
[2025-08-08T15:29:03.556+0000][509.204s][1][129][trace] GC(84) _eden_chunk_array[340]=0x00000000fb711a90
[2025-08-08T15:29:03.556+0000][509.204s][1][129][trace] GC(84) _eden_chunk_array[341]=0x00000000fb7632b8
[2025-08-08T15:29:03.556+0000][509.204s][1][129][trace] GC(84) _eden_chunk_array[342]=0x00000000fb799c88
[2025-08-08T15:29:03.556+0000][509.204s][1][129][trace] GC(84) _eden_chunk_array[343]=0x00000000fb7c25c8
[2025-08-08T15:29:03.556+0000][509.204s][1][129][trace] GC(84) _eden_chunk_array[344]=0x00000000fb7e32c8
[2025-08-08T15:29:03.556+0000][509.204s][1][129][trace] GC(84) _eden_chunk_array[345]=0x00000000fb831a10
[2025-08-08T15:29:03.556+0000][509.204s][1][129][trace] GC(84) _eden_chunk_array[346]=0x00000000fb853308
[2025-08-08T15:29:03.556+0000][509.204s][1][129][trace] GC(84) _eden_chunk_array[347]=0x00000000fb874cf0
[2025-08-08T15:29:03.556+0000][509.204s][1][129][trace] GC(84) _eden_chunk_array[348]=0x00000000fb89c368
[2025-08-08T15:29:03.556+0000][509.204s][1][129][trace] GC(84) _eden_chunk_array[349]=0x00000000fb8e6d50
[2025-08-08T15:29:03.556+0000][509.204s][1][129][trace] GC(84) _eden_chunk_array[350]=0x00000000fb9174e0
[2025-08-08T15:29:03.557+0000][509.204s][1][129][trace] GC(84) _eden_chunk_array[351]=0x00000000fb956550
[2025-08-08T15:29:03.557+0000][509.204s][1][129][trace] GC(84) _eden_chunk_array[352]=0x00000000fb9bd658
[2025-08-08T15:29:03.557+0000][509.204s][1][129][trace] GC(84) _eden_chunk_array[353]=0x00000000fba082c0
[2025-08-08T15:29:03.557+0000][509.204s][1][129][trace] GC(84) _eden_chunk_array[354]=0x00000000fba6df60
[2025-08-08T15:29:03.557+0000][509.204s][1][129][trace] GC(84) _eden_chunk_array[355]=0x00000000fbaa2a30
[2025-08-08T15:29:03.557+0000][509.204s][1][129][trace] GC(84) _eden_chunk_array[356]=0x00000000fbad74d8
[2025-08-08T15:29:03.557+0000][509.204s][1][129][trace] GC(84) _eden_chunk_array[357]=0x00000000fbb0bf98
[2025-08-08T15:29:03.557+0000][509.204s][1][129][trace] GC(84) _eden_chunk_array[358]=0x00000000fbb40a80
[2025-08-08T15:29:03.557+0000][509.204s][1][129][trace] GC(84) _eden_chunk_array[359]=0x00000000fbb62f08
[2025-08-08T15:29:03.557+0000][509.204s][1][129][trace] GC(84) _eden_chunk_array[360]=0x00000000fbb85970
[2025-08-08T15:29:03.557+0000][509.204s][1][129][trace] GC(84) _eden_chunk_array[361]=0x00000000fbba6c80
[2025-08-08T15:29:03.557+0000][509.204s][1][129][trace] GC(84) _eden_chunk_array[362]=0x00000000fbbd6648
[2025-08-08T15:29:03.557+0000][509.204s][1][129][trace] GC(84) _eden_chunk_array[363]=0x00000000fbc097d8
[2025-08-08T15:29:03.557+0000][509.204s][1][129][trace] GC(84) _eden_chunk_array[364]=0x00000000fbc36d68
[2025-08-08T15:29:03.557+0000][509.204s][1][129][trace] GC(84) _eden_chunk_array[365]=0x00000000fbc64318
[2025-08-08T15:29:03.557+0000][509.204s][1][129][trace] GC(84) _eden_chunk_array[366]=0x00000000fbcb2a90
[2025-08-08T15:29:03.557+0000][509.204s][1][129][trace] GC(84) _eden_chunk_array[367]=0x00000000fbd1cc30
[2025-08-08T15:29:03.557+0000][509.204s][1][129][trace] GC(84) _eden_chunk_array[368]=0x00000000fbd4df30
[2025-08-08T15:29:03.557+0000][509.204s][1][129][trace] GC(84) _eden_chunk_array[369]=0x00000000fbd7f260
[2025-08-08T15:29:03.557+0000][509.204s][1][129][trace] GC(84) _eden_chunk_array[370]=0x00000000fbdb21a0
[2025-08-08T15:29:03.557+0000][509.204s][1][129][trace] GC(84) _eden_chunk_array[371]=0x00000000fbe14d48
[2025-08-08T15:29:03.557+0000][509.204s][1][129][trace] GC(84) _eden_chunk_array[372]=0x00000000fbe374a0
[2025-08-08T15:29:03.557+0000][509.204s][1][129][trace] GC(84) _eden_chunk_array[373]=0x00000000fbe61598
[2025-08-08T15:29:03.557+0000][509.204s][1][129][trace] GC(84) _eden_chunk_array[374]=0x00000000fbe861c8
[2025-08-08T15:29:03.557+0000][509.204s][1][129][trace] GC(84) _eden_chunk_array[375]=0x00000000fbeaf9f8
[2025-08-08T15:29:03.557+0000][509.204s][1][129][trace] GC(84) _eden_chunk_array[376]=0x00000000fbed0e88
[2025-08-08T15:29:03.557+0000][509.204s][1][129][trace] GC(84) _eden_chunk_array[377]=0x00000000fbefe178
[2025-08-08T15:29:03.557+0000][509.204s][1][129][trace] GC(84) _eden_chunk_array[378]=0x00000000fbf69f18
[2025-08-08T15:29:03.557+0000][509.204s][1][129][trace] GC(84) _eden_chunk_array[379]=0x00000000fbf9a5e0
[2025-08-08T15:29:03.557+0000][509.204s][1][129][trace] GC(84) _eden_chunk_array[380]=0x00000000fbfcaca0
[2025-08-08T15:29:03.557+0000][509.204s][1][129][trace] GC(84) _eden_chunk_array[381]=0x00000000fbffb368
[2025-08-08T15:29:03.557+0000][509.204s][1][129][trace] GC(84) _eden_chunk_array[382]=0x00000000fc02ba30
[2025-08-08T15:29:03.557+0000][509.204s][1][129][trace] GC(84) _eden_chunk_array[383]=0x00000000fc05f3a0
[2025-08-08T15:29:03.557+0000][509.204s][1][129][trace] GC(84) _eden_chunk_array[384]=0x00000000fc080b58
[2025-08-08T15:29:03.557+0000][509.204s][1][129][trace] GC(84) _eden_chunk_array[385]=0x00000000fc0ecb70
[2025-08-08T15:29:03.557+0000][509.204s][1][129][trace] GC(84) _eden_chunk_array[386]=0x00000000fc113c58
[2025-08-08T15:29:03.557+0000][509.204s][1][129][trace] GC(84) _eden_chunk_array[387]=0x00000000fc140d80
[2025-08-08T15:29:03.557+0000][509.204s][1][129][trace] GC(84) _eden_chunk_array[388]=0x00000000fc168100
[2025-08-08T15:29:03.557+0000][509.204s][1][129][trace] GC(84) _eden_chunk_array[389]=0x00000000fc18f470
[2025-08-08T15:29:03.557+0000][509.204s][1][129][trace] GC(84) _eden_chunk_array[390]=0x00000000fc1c4f50
[2025-08-08T15:29:03.557+0000][509.204s][1][129][trace] GC(84) _eden_chunk_array[391]=0x00000000fc1f8650
[2025-08-08T15:29:03.557+0000][509.204s][1][129][trace] GC(84) _eden_chunk_array[392]=0x00000000fc264bd0
[2025-08-08T15:29:03.557+0000][509.204s][1][129][trace] GC(84) _eden_chunk_array[393]=0x00000000fc29a698
[2025-08-08T15:29:03.557+0000][509.204s][1][129][trace] GC(84) _eden_chunk_array[394]=0x00000000fc2d0178
[2025-08-08T15:29:03.557+0000][509.204s][1][129][trace] GC(84) _eden_chunk_array[395]=0x00000000fc2fd360
[2025-08-08T15:29:03.557+0000][509.204s][1][129][trace] GC(84) _eden_chunk_array[396]=0x00000000fc31d808
[2025-08-08T15:29:03.557+0000][509.204s][1][129][trace] GC(84) _eden_chunk_array[397]=0x00000000fc33f738
[2025-08-08T15:29:03.557+0000][509.204s][1][129][trace] GC(84) _eden_chunk_array[398]=0x00000000fc372328
[2025-08-08T15:29:03.557+0000][509.204s][1][129][trace] GC(84) _eden_chunk_array[399]=0x00000000fc395900
[2025-08-08T15:29:03.557+0000][509.204s][1][129][trace] GC(84) _eden_chunk_array[400]=0x00000000fc3bcc38
[2025-08-08T15:29:03.557+0000][509.204s][1][129][trace] GC(84) _eden_chunk_array[401]=0x00000000fc3e0260
[2025-08-08T15:29:03.557+0000][509.204s][1][129][trace] GC(84) _eden_chunk_array[402]=0x00000000fc407320
[2025-08-08T15:29:03.557+0000][509.204s][1][129][trace] GC(84) _eden_chunk_array[403]=0x00000000fc469f08
[2025-08-08T15:29:03.557+0000][509.204s][1][129][trace] GC(84) _eden_chunk_array[404]=0x00000000fc49a6a0
[2025-08-08T15:29:03.557+0000][509.204s][1][129][trace] GC(84) _eden_chunk_array[405]=0x00000000fc4cae40
[2025-08-08T15:29:03.557+0000][509.204s][1][129][trace] GC(84) _eden_chunk_array[406]=0x00000000fc4f07c0
[2025-08-08T15:29:03.557+0000][509.204s][1][129][trace] GC(84) _eden_chunk_array[407]=0x00000000fc516130
[2025-08-08T15:29:03.557+0000][509.204s][1][129][trace] GC(84) _eden_chunk_array[408]=0x00000000fc53bb00
[2025-08-08T15:29:03.557+0000][509.204s][1][129][trace] GC(84) _eden_chunk_array[409]=0x00000000fc561488
[2025-08-08T15:29:03.557+0000][509.204s][1][129][trace] GC(84) _eden_chunk_array[410]=0x00000000fc586e08
[2025-08-08T15:29:03.557+0000][509.204s][1][129][trace] GC(84) _eden_chunk_array[411]=0x00000000fc5ac790
[2025-08-08T15:29:03.557+0000][509.204s][1][129][trace] GC(84) _eden_chunk_array[412]=0x00000000fc5cdbe0
[2025-08-08T15:29:03.557+0000][509.204s][1][129][trace] GC(84) _eden_chunk_array[413]=0x00000000fc5f1a60
[2025-08-08T15:29:03.557+0000][509.204s][1][129][trace] GC(84) _eden_chunk_array[414]=0x00000000fc612c68
[2025-08-08T15:29:03.557+0000][509.204s][1][129][trace] GC(84) _eden_chunk_array[415]=0x00000000fc66ea98
[2025-08-08T15:29:03.557+0000][509.204s][1][129][trace] GC(84) _eden_chunk_array[416]=0x00000000fc69cdf8
[2025-08-08T15:29:03.557+0000][509.204s][1][129][trace] GC(84) _eden_chunk_array[417]=0x00000000fc6d3c10
[2025-08-08T15:29:03.557+0000][509.204s][1][129][trace] GC(84) _eden_chunk_array[418]=0x00000000fc6fcc90
[2025-08-08T15:29:03.557+0000][509.204s][1][129][trace] GC(84) _eden_chunk_array[419]=0x00000000fc72a228
[2025-08-08T15:29:03.557+0000][509.204s][1][129][trace] GC(84) _eden_chunk_array[420]=0x00000000fc7593f8
[2025-08-08T15:29:03.557+0000][509.204s][1][129][trace] GC(84) _eden_chunk_array[421]=0x00000000fc7bc740
[2025-08-08T15:29:03.557+0000][509.204s][1][129][trace] GC(84) _eden_chunk_array[422]=0x00000000fc7e5f68
[2025-08-08T15:29:03.557+0000][509.204s][1][129][trace] GC(84) _eden_chunk_array[423]=0x00000000fc837798
[2025-08-08T15:29:03.557+0000][509.204s][1][129][trace] GC(84) _eden_chunk_array[424]=0x00000000fc860fd0
[2025-08-08T15:29:03.557+0000][509.204s][1][129][trace] GC(84) _eden_chunk_array[425]=0x00000000fc88a810
[2025-08-08T15:29:03.557+0000][509.204s][1][129][trace] GC(84) _eden_chunk_array[426]=0x00000000fc8b5030
[2025-08-08T15:29:03.557+0000][509.204s][1][129][trace] GC(84) _eden_chunk_array[427]=0x00000000fc8e25d0
[2025-08-08T15:29:03.557+0000][509.204s][1][129][trace] GC(84) _eden_chunk_array[428]=0x00000000fc904b78
[2025-08-08T15:29:03.557+0000][509.204s][1][129][trace] GC(84) _eden_chunk_array[429]=0x00000000fc92f660
[2025-08-08T15:29:03.557+0000][509.204s][1][129][trace] GC(84) _eden_chunk_array[430]=0x00000000fc95b868
[2025-08-08T15:29:03.557+0000][509.204s][1][129][trace] GC(84) _eden_chunk_array[431]=0x00000000fc97fa70
[2025-08-08T15:29:03.557+0000][509.204s][1][129][trace] GC(84) _eden_chunk_array[432]=0x00000000fc9ebbd8
[2025-08-08T15:29:03.557+0000][509.204s][1][129][trace] GC(84) _eden_chunk_array[433]=0x00000000fca20698
[2025-08-08T15:29:03.557+0000][509.204s][1][129][trace] GC(84) _eden_chunk_array[434]=0x00000000fca6ede0
[2025-08-08T15:29:03.557+0000][509.204s][1][129][trace] GC(84) _eden_chunk_array[435]=0x00000000fcaa38b0
[2025-08-08T15:29:03.557+0000][509.204s][1][129][trace] GC(84) _eden_chunk_array[436]=0x00000000fcad8370
[2025-08-08T15:29:03.557+0000][509.204s][1][129][trace] GC(84) _eden_chunk_array[437]=0x00000000fcb0ce30
[2025-08-08T15:29:03.557+0000][509.204s][1][129][trace] GC(84) _eden_chunk_array[438]=0x00000000fcb2d7a8
[2025-08-08T15:29:03.557+0000][509.204s][1][129][trace] GC(84) _eden_chunk_array[439]=0x00000000fcb56240
[2025-08-08T15:29:03.557+0000][509.204s][1][129][trace] GC(84) _eden_chunk_array[440]=0x00000000fcb76308
[2025-08-08T15:29:03.557+0000][509.204s][1][129][trace] GC(84) _eden_chunk_array[441]=0x00000000fcb9d868
[2025-08-08T15:29:03.557+0000][509.204s][1][129][trace] GC(84) _eden_chunk_array[442]=0x00000000fcbc2d58
[2025-08-08T15:29:03.557+0000][509.204s][1][129][trace] GC(84) _eden_chunk_array[443]=0x00000000fcbf0e28
[2025-08-08T15:29:03.557+0000][509.204s][1][129][trace] GC(84) _eden_chunk_array[444]=0x00000000fcc1aec8
[2025-08-08T15:29:03.557+0000][509.204s][1][129][trace] GC(84) _eden_chunk_array[445]=0x00000000fcc44f70
[2025-08-08T15:29:03.557+0000][509.204s][1][129][trace] GC(84) _eden_chunk_array[446]=0x00000000fcc75710
[2025-08-08T15:29:03.557+0000][509.204s][1][129][trace] GC(84) _eden_chunk_array[447]=0x00000000fcca8328
[2025-08-08T15:29:03.557+0000][509.204s][1][129][trace] GC(84) _eden_chunk_array[448]=0x00000000fccd8ad0
[2025-08-08T15:29:03.557+0000][509.204s][1][129][trace] GC(84) _eden_chunk_array[449]=0x00000000fcd02318
[2025-08-08T15:29:03.557+0000][509.204s][1][129][trace] GC(84) _eden_chunk_array[450]=0x00000000fcd2bb50
[2025-08-08T15:29:03.557+0000][509.204s][1][129][trace] GC(84) _eden_chunk_array[451]=0x00000000fcd55378
[2025-08-08T15:29:03.557+0000][509.204s][1][129][trace] GC(84) _eden_chunk_array[452]=0x00000000fcd7ebb8
[2025-08-08T15:29:03.557+0000][509.204s][1][129][trace] GC(84) _eden_chunk_array[453]=0x00000000fcda8410
[2025-08-08T15:29:03.557+0000][509.204s][1][129][trace] GC(84) _eden_chunk_array[454]=0x00000000fcdd9350
[2025-08-08T15:29:03.557+0000][509.204s][1][129][trace] GC(84) _eden_chunk_array[455]=0x00000000fce02410
[2025-08-08T15:29:03.557+0000][509.204s][1][129][trace] GC(84) _eden_chunk_array[456]=0x00000000fce5cef0
[2025-08-08T15:29:03.557+0000][509.204s][1][129][trace] GC(84) _eden_chunk_array[457]=0x00000000fceb0450
[2025-08-08T15:29:03.557+0000][509.204s][1][129][trace] GC(84) _eden_chunk_array[458]=0x00000000fcee4b30
[2025-08-08T15:29:03.557+0000][509.204s][1][129][trace] GC(84) _eden_chunk_array[459]=0x00000000fcf0e368
[2025-08-08T15:29:03.557+0000][509.204s][1][129][trace] GC(84) _eden_chunk_array[460]=0x00000000fcf376c8
[2025-08-08T15:29:03.557+0000][509.204s][1][129][trace] GC(84) _eden_chunk_array[461]=0x00000000fcf587e8
[2025-08-08T15:29:03.557+0000][509.204s][1][129][trace] GC(84) _eden_chunk_array[462]=0x00000000fcf79cb8
[2025-08-08T15:29:03.557+0000][509.204s][1][129][trace] GC(84) _eden_chunk_array[463]=0x00000000fcf9f628
[2025-08-08T15:29:03.557+0000][509.204s][1][129][trace] GC(84) _eden_chunk_array[464]=0x00000000fcfc4fc8
[2025-08-08T15:29:03.557+0000][509.204s][1][129][trace] GC(84) _eden_chunk_array[465]=0x00000000fd01ff88
[2025-08-08T15:29:03.557+0000][509.204s][1][129][trace] GC(84) _eden_chunk_array[466]=0x00000000fd045950
[2025-08-08T15:29:03.557+0000][509.204s][1][129][trace] GC(84) _eden_chunk_array[467]=0x00000000fd06b2e8
[2025-08-08T15:29:03.557+0000][509.204s][1][129][trace] GC(84) _eden_chunk_array[468]=0x00000000fd093cb8
[2025-08-08T15:29:03.557+0000][509.204s][1][129][trace] GC(84) _eden_chunk_array[469]=0x00000000fd0badb0
[2025-08-08T15:29:03.557+0000][509.204s][1][129][trace] GC(84) _eden_chunk_array[470]=0x00000000fd0db7b0
[2025-08-08T15:29:03.557+0000][509.204s][1][129][trace] GC(84) _eden_chunk_array[471]=0x00000000fd0fc2e8
[2025-08-08T15:29:03.557+0000][509.204s][1][129][trace] GC(84) _eden_chunk_array[472]=0x00000000fd12e288
[2025-08-08T15:29:03.557+0000][509.204s][1][129][trace] GC(84) _eden_chunk_array[473]=0x00000000fd159fc8
[2025-08-08T15:29:03.557+0000][509.204s][1][129][trace] GC(84) _eden_chunk_array[474]=0x00000000fd17f358
[2025-08-08T15:29:03.557+0000][509.204s][1][129][trace] GC(84) _eden_chunk_array[475]=0x00000000fd1a3388
[2025-08-08T15:29:03.557+0000][509.204s][1][129][trace] GC(84) _eden_chunk_array[476]=0x00000000fd20f150
[2025-08-08T15:29:03.557+0000][509.204s][1][129][trace] GC(84) _eden_chunk_array[477]=0x00000000fd243c30
[2025-08-08T15:29:03.557+0000][509.204s][1][129][trace] GC(84) _eden_chunk_array[478]=0x00000000fd265a00
[2025-08-08T15:29:03.557+0000][509.204s][1][129][trace] GC(84) _eden_chunk_array[479]=0x00000000fd29a4c0
[2025-08-08T15:29:03.557+0000][509.204s][1][129][trace] GC(84) _eden_chunk_array[480]=0x00000000fd2e8c00
[2025-08-08T15:29:03.557+0000][509.204s][1][129][trace] GC(84) _eden_chunk_array[481]=0x00000000fd31d6b8
[2025-08-08T15:29:03.557+0000][509.204s][1][129][trace] GC(84) _eden_chunk_array[482]=0x00000000fd344df8
[2025-08-08T15:29:03.557+0000][509.204s][1][129][trace] GC(84) _eden_chunk_array[483]=0x00000000fd373658
[2025-08-08T15:29:03.557+0000][509.204s][1][129][trace] GC(84) _eden_chunk_array[484]=0x00000000fd395030
[2025-08-08T15:29:03.557+0000][509.205s][1][129][trace] GC(84) _eden_chunk_array[485]=0x00000000fd3c5730
[2025-08-08T15:29:03.557+0000][509.205s][1][129][trace] GC(84) _eden_chunk_array[486]=0x00000000fd3f2698
[2025-08-08T15:29:03.557+0000][509.205s][1][129][trace] GC(84) survivor 0x00000000fd410000-0x00000000fdc8ca20-0x00000000fe780000(20381696)
[2025-08-08T15:29:03.557+0000][509.205s][1][129][trace] GC(84) _survivor_chunk_index=0, _survivor_chunk_capacity=9952
[2025-08-08T15:29:03.582+0000][509.229s][1][129][info ] GC(84) Pause Initial Mark 169M->169M(180M) 27.365ms
[2025-08-08T15:29:03.582+0000][509.229s][1][129][info ] Leaving safepoint region
[2025-08-08T15:29:03.582+0000][509.229s][1][129][info ] Total time for which application threads were stopped: 0.0275976 seconds, Stopping threads took: 0.0000292 seconds
[2025-08-08T15:29:03.582+0000][509.230s][1][128][info ] GC(84) Concurrent Mark
[2025-08-08T15:29:03.585+0000][509.232s][1][128][info ] GC(84) Concurrent Mark 2.739ms
[2025-08-08T15:29:03.585+0000][509.232s][1][128][info ] GC(84) Concurrent Preclean
[2025-08-08T15:29:03.585+0000][509.233s][1][128][info ] GC(84) Concurrent Preclean 0.215ms
[2025-08-08T15:29:03.585+0000][509.233s][1][128][info ] GC(84) Concurrent Abortable Preclean
[2025-08-08T15:29:03.585+0000][509.233s][1][128][trace] CMS: promo attempt is not safe: available(24) < av_promo(2795291), max_promo(172542560)
[2025-08-08T15:29:03.585+0000][509.233s][1][128][info ] GC(84) Concurrent Abortable Preclean 0.014ms
[2025-08-08T15:29:03.585+0000][509.233s][1][129][info ] Application time: 0.0033100 seconds
[2025-08-08T15:29:03.585+0000][509.233s][1][129][info ] Entering safepoint region: CMS_Final_Remark
[2025-08-08T15:29:03.586+0000][509.233s][1][129][trace] GC(84) eden 0x00000000f3800000-0x00000000fd410000-0x00000000fd410000(163643392)
[2025-08-08T15:29:03.586+0000][509.233s][1][129][trace] GC(84) _eden_chunk_index=487, _eden_chunk_capacity=11233
[2025-08-08T15:29:03.586+0000][509.233s][1][129][trace] GC(84) _eden_chunk_array[0]=0x00000000f74596b0
[2025-08-08T15:29:03.586+0000][509.233s][1][129][trace] GC(84) _eden_chunk_array[1]=0x00000000f74ac5b8
[2025-08-08T15:29:03.586+0000][509.233s][1][129][trace] GC(84) _eden_chunk_array[2]=0x00000000f74d55e8
[2025-08-08T15:29:03.586+0000][509.233s][1][129][trace] GC(84) _eden_chunk_array[3]=0x00000000f7504058
[2025-08-08T15:29:03.586+0000][509.233s][1][129][trace] GC(84) _eden_chunk_array[4]=0x00000000f7524f88
[2025-08-08T15:29:03.586+0000][509.233s][1][129][trace] GC(84) _eden_chunk_array[5]=0x00000000f754e7c0
[2025-08-08T15:29:03.586+0000][509.233s][1][129][trace] GC(84) _eden_chunk_array[6]=0x00000000f7577fe0
[2025-08-08T15:29:03.586+0000][509.233s][1][129][trace] GC(84) _eden_chunk_array[7]=0x00000000f75a71a8
[2025-08-08T15:29:03.586+0000][509.233s][1][129][trace] GC(84) _eden_chunk_array[8]=0x00000000f75f58d8
[2025-08-08T15:29:03.586+0000][509.233s][1][129][trace] GC(84) _eden_chunk_array[9]=0x00000000f761a640
[2025-08-08T15:29:03.586+0000][509.233s][1][129][trace] GC(84) _eden_chunk_array[10]=0x00000000f76649c8
[2025-08-08T15:29:03.586+0000][509.233s][1][129][trace] GC(84) _eden_chunk_array[11]=0x00000000f76854f8
[2025-08-08T15:29:03.586+0000][509.233s][1][129][trace] GC(84) _eden_chunk_array[12]=0x00000000f76d4790
[2025-08-08T15:29:03.586+0000][509.233s][1][129][trace] GC(84) _eden_chunk_array[13]=0x00000000f7704f20
[2025-08-08T15:29:03.586+0000][509.233s][1][129][trace] GC(84) _eden_chunk_array[14]=0x00000000f7751bd0
[2025-08-08T15:29:03.586+0000][509.233s][1][129][trace] GC(84) _eden_chunk_array[15]=0x00000000f777a4b0
[2025-08-08T15:29:03.586+0000][509.233s][1][129][trace] GC(84) _eden_chunk_array[16]=0x00000000f77a4c70
[2025-08-08T15:29:03.586+0000][509.233s][1][129][trace] GC(84) _eden_chunk_array[17]=0x00000000f7810a48
[2025-08-08T15:29:03.586+0000][509.233s][1][129][trace] GC(84) _eden_chunk_array[18]=0x00000000f78454f8
[2025-08-08T15:29:03.586+0000][509.233s][1][129][trace] GC(84) _eden_chunk_array[19]=0x00000000f7879fb0
[2025-08-08T15:29:03.586+0000][509.233s][1][129][trace] GC(84) _eden_chunk_array[20]=0x00000000f78aea98
[2025-08-08T15:29:03.586+0000][509.233s][1][129][trace] GC(84) _eden_chunk_array[21]=0x00000000f78d8f40
[2025-08-08T15:29:03.586+0000][509.233s][1][129][trace] GC(84) _eden_chunk_array[22]=0x00000000f79059a8
[2025-08-08T15:29:03.586+0000][509.233s][1][129][trace] GC(84) _eden_chunk_array[23]=0x00000000f7968da8
[2025-08-08T15:29:03.586+0000][509.233s][1][129][trace] GC(84) _eden_chunk_array[24]=0x00000000f79891e8
[2025-08-08T15:29:03.586+0000][509.233s][1][129][trace] GC(84) _eden_chunk_array[25]=0x00000000f79b18e8
[2025-08-08T15:29:03.586+0000][509.233s][1][129][trace] GC(84) _eden_chunk_array[26]=0x00000000f79d1ad8
[2025-08-08T15:29:03.586+0000][509.233s][1][129][trace] GC(84) _eden_chunk_array[27]=0x00000000f7a16618
[2025-08-08T15:29:03.586+0000][509.233s][1][129][trace] GC(84) _eden_chunk_array[28]=0x00000000f7a46d00
[2025-08-08T15:29:03.586+0000][509.233s][1][129][trace] GC(84) _eden_chunk_array[29]=0x00000000f7a8fd38
[2025-08-08T15:29:03.586+0000][509.233s][1][129][trace] GC(84) _eden_chunk_array[30]=0x00000000f7ad8d90
[2025-08-08T15:29:03.586+0000][509.233s][1][129][trace] GC(84) _eden_chunk_array[31]=0x00000000f7b2a5c0
[2025-08-08T15:29:03.586+0000][509.233s][1][129][trace] GC(84) _eden_chunk_array[32]=0x00000000f7b87ac8
[2025-08-08T15:29:03.586+0000][509.233s][1][129][trace] GC(84) _eden_chunk_array[33]=0x00000000f7bad890
[2025-08-08T15:29:03.586+0000][509.233s][1][129][trace] GC(84) _eden_chunk_array[34]=0x00000000f7bce290
[2025-08-08T15:29:03.586+0000][509.233s][1][129][trace] GC(84) _eden_chunk_array[35]=0x00000000f7bef940
[2025-08-08T15:29:03.586+0000][509.233s][1][129][trace] GC(84) _eden_chunk_array[36]=0x00000000f7c20f50
[2025-08-08T15:29:03.586+0000][509.233s][1][129][trace] GC(84) _eden_chunk_array[37]=0x00000000f7c53e40
[2025-08-08T15:29:03.586+0000][509.233s][1][129][trace] GC(84) _eden_chunk_array[38]=0x00000000f7c79888
[2025-08-08T15:29:03.586+0000][509.233s][1][129][trace] GC(84) _eden_chunk_array[39]=0x00000000f7c9ea88
[2025-08-08T15:29:03.586+0000][509.233s][1][129][trace] GC(84) _eden_chunk_array[40]=0x00000000f7cc3cb8
[2025-08-08T15:29:03.586+0000][509.233s][1][129][trace] GC(84) _eden_chunk_array[41]=0x00000000f7ceaaa0
[2025-08-08T15:29:03.586+0000][509.233s][1][129][trace] GC(84) _eden_chunk_array[42]=0x00000000f7d0b440
[2025-08-08T15:29:03.586+0000][509.233s][1][129][trace] GC(84) _eden_chunk_array[43]=0x00000000f7d30640
[2025-08-08T15:29:03.586+0000][509.233s][1][129][trace] GC(84) _eden_chunk_array[44]=0x00000000f7d9da90
[2025-08-08T15:29:03.586+0000][509.233s][1][129][trace] GC(84) _eden_chunk_array[45]=0x00000000f7dd09f8
[2025-08-08T15:29:03.586+0000][509.233s][1][129][trace] GC(84) _eden_chunk_array[46]=0x00000000f7df56f0
[2025-08-08T15:29:03.586+0000][509.233s][1][129][trace] GC(84) _eden_chunk_array[47]=0x00000000f7e1ad98
[2025-08-08T15:29:03.586+0000][509.233s][1][129][trace] GC(84) _eden_chunk_array[48]=0x00000000f7e88158
[2025-08-08T15:29:03.586+0000][509.233s][1][129][trace] GC(84) _eden_chunk_array[49]=0x00000000f7eb0348
[2025-08-08T15:29:03.586+0000][509.233s][1][129][trace] GC(84) _eden_chunk_array[50]=0x00000000f7ed5e98
[2025-08-08T15:29:03.586+0000][509.233s][1][129][trace] GC(84) _eden_chunk_array[51]=0x00000000f7f02cb8
[2025-08-08T15:29:03.586+0000][509.233s][1][129][trace] GC(84) _eden_chunk_array[52]=0x00000000f7f29820
[2025-08-08T15:29:03.586+0000][509.233s][1][129][trace] GC(84) _eden_chunk_array[53]=0x00000000f7f50380
[2025-08-08T15:29:03.586+0000][509.233s][1][129][trace] GC(84) _eden_chunk_array[54]=0x00000000f7f78570
[2025-08-08T15:29:03.586+0000][509.233s][1][129][trace] GC(84) _eden_chunk_array[55]=0x00000000f7f9f118
[2025-08-08T15:29:03.586+0000][509.233s][1][129][trace] GC(84) _eden_chunk_array[56]=0x00000000f7fd1398
[2025-08-08T15:29:03.586+0000][509.233s][1][129][trace] GC(84) _eden_chunk_array[57]=0x00000000f7ff15f0
[2025-08-08T15:29:03.586+0000][509.233s][1][129][trace] GC(84) _eden_chunk_array[58]=0x00000000f8021d80
[2025-08-08T15:29:03.586+0000][509.233s][1][129][trace] GC(84) _eden_chunk_array[59]=0x00000000f8052520
[2025-08-08T15:29:03.586+0000][509.233s][1][129][trace] GC(84) _eden_chunk_array[60]=0x00000000f8078698
[2025-08-08T15:29:03.586+0000][509.233s][1][129][trace] GC(84) _eden_chunk_array[61]=0x00000000f809e8f8
[2025-08-08T15:29:03.586+0000][509.233s][1][129][trace] GC(84) _eden_chunk_array[62]=0x00000000f80c9470
[2025-08-08T15:29:03.586+0000][509.233s][1][129][trace] GC(84) _eden_chunk_array[63]=0x00000000f8101478
[2025-08-08T15:29:03.586+0000][509.233s][1][129][trace] GC(84) _eden_chunk_array[64]=0x00000000f8128fa8
[2025-08-08T15:29:03.586+0000][509.233s][1][129][trace] GC(84) _eden_chunk_array[65]=0x00000000f81516c0
[2025-08-08T15:29:03.586+0000][509.233s][1][129][trace] GC(84) _eden_chunk_array[66]=0x00000000f81bc790
[2025-08-08T15:29:03.586+0000][509.233s][1][129][trace] GC(84) _eden_chunk_array[67]=0x00000000f821fae0
[2025-08-08T15:29:03.586+0000][509.233s][1][129][trace] GC(84) _eden_chunk_array[68]=0x00000000f8245540
[2025-08-08T15:29:03.586+0000][509.233s][1][129][trace] GC(84) _eden_chunk_array[69]=0x00000000f826afc0
[2025-08-08T15:29:03.586+0000][509.233s][1][129][trace] GC(84) _eden_chunk_array[70]=0x00000000f82909f8
[2025-08-08T15:29:03.586+0000][509.233s][1][129][trace] GC(84) _eden_chunk_array[71]=0x00000000f82b6460
[2025-08-08T15:29:03.586+0000][509.233s][1][129][trace] GC(84) _eden_chunk_array[72]=0x00000000f82dbef0
[2025-08-08T15:29:03.586+0000][509.233s][1][129][trace] GC(84) _eden_chunk_array[73]=0x00000000f8301998
[2025-08-08T15:29:03.586+0000][509.233s][1][129][trace] GC(84) _eden_chunk_array[74]=0x00000000f83398c8
[2025-08-08T15:29:03.586+0000][509.233s][1][129][trace] GC(84) _eden_chunk_array[75]=0x00000000f835b020
[2025-08-08T15:29:03.586+0000][509.233s][1][129][trace] GC(84) _eden_chunk_array[76]=0x00000000f8381080
[2025-08-08T15:29:03.586+0000][509.233s][1][129][trace] GC(84) _eden_chunk_array[77]=0x00000000f83daa10
[2025-08-08T15:29:03.586+0000][509.233s][1][129][trace] GC(84) _eden_chunk_array[78]=0x00000000f8409a80
[2025-08-08T15:29:03.586+0000][509.233s][1][129][trace] GC(84) _eden_chunk_array[79]=0x00000000f842d588
[2025-08-08T15:29:03.586+0000][509.233s][1][129][trace] GC(84) _eden_chunk_array[80]=0x00000000f8485750
[2025-08-08T15:29:03.586+0000][509.233s][1][129][trace] GC(84) _eden_chunk_array[81]=0x00000000f84b3020
[2025-08-08T15:29:03.586+0000][509.233s][1][129][trace] GC(84) _eden_chunk_array[82]=0x00000000f84db8f8
[2025-08-08T15:29:03.586+0000][509.233s][1][129][trace] GC(84) _eden_chunk_array[83]=0x00000000f850c098
[2025-08-08T15:29:03.586+0000][509.233s][1][129][trace] GC(84) _eden_chunk_array[84]=0x00000000f8534970
[2025-08-08T15:29:03.586+0000][509.233s][1][129][trace] GC(84) _eden_chunk_array[85]=0x00000000f8565110
[2025-08-08T15:29:03.586+0000][509.233s][1][129][trace] GC(84) _eden_chunk_array[86]=0x00000000f85b6928
[2025-08-08T15:29:03.586+0000][509.233s][1][129][trace] GC(84) _eden_chunk_array[87]=0x00000000f85df230
[2025-08-08T15:29:03.586+0000][509.233s][1][129][trace] GC(84) _eden_chunk_array[88]=0x00000000f8607b20
[2025-08-08T15:29:03.586+0000][509.233s][1][129][trace] GC(84) _eden_chunk_array[89]=0x00000000f862e828
[2025-08-08T15:29:03.586+0000][509.233s][1][129][trace] GC(84) _eden_chunk_array[90]=0x00000000f8653490
[2025-08-08T15:29:03.586+0000][509.233s][1][129][trace] GC(84) _eden_chunk_array[91]=0x00000000f8674438
[2025-08-08T15:29:03.586+0000][509.233s][1][129][trace] GC(84) _eden_chunk_array[92]=0x00000000f869b2d8
[2025-08-08T15:29:03.586+0000][509.233s][1][129][trace] GC(84) _eden_chunk_array[93]=0x00000000f86bfc78
[2025-08-08T15:29:03.586+0000][509.233s][1][129][trace] GC(84) _eden_chunk_array[94]=0x00000000f86e6630
[2025-08-08T15:29:03.586+0000][509.233s][1][129][trace] GC(84) _eden_chunk_array[95]=0x00000000f871a5d0
[2025-08-08T15:29:03.586+0000][509.233s][1][129][trace] GC(84) _eden_chunk_array[96]=0x00000000f87464f8
[2025-08-08T15:29:03.586+0000][509.233s][1][129][trace] GC(84) _eden_chunk_array[97]=0x00000000f877af98
[2025-08-08T15:29:03.586+0000][509.233s][1][129][trace] GC(84) _eden_chunk_array[98]=0x00000000f87e6d28
[2025-08-08T15:29:03.586+0000][509.233s][1][129][trace] GC(84) _eden_chunk_array[99]=0x00000000f88174d0
[2025-08-08T15:29:03.586+0000][509.233s][1][129][trace] GC(84) _eden_chunk_array[100]=0x00000000f884bfe0
[2025-08-08T15:29:03.586+0000][509.233s][1][129][trace] GC(84) _eden_chunk_array[101]=0x00000000f8880a90
[2025-08-08T15:29:03.586+0000][509.233s][1][129][trace] GC(84) _eden_chunk_array[102]=0x00000000f88a8fa0
[2025-08-08T15:29:03.586+0000][509.233s][1][129][trace] GC(84) _eden_chunk_array[103]=0x00000000f88ca4d8
[2025-08-08T15:29:03.586+0000][509.233s][1][129][trace] GC(84) _eden_chunk_array[104]=0x00000000f88f0e68
[2025-08-08T15:29:03.586+0000][509.233s][1][129][trace] GC(84) _eden_chunk_array[105]=0x00000000f8914998
[2025-08-08T15:29:03.586+0000][509.233s][1][129][trace] GC(84) _eden_chunk_array[106]=0x00000000f8943b50
[2025-08-08T15:29:03.586+0000][509.233s][1][129][trace] GC(84) _eden_chunk_array[107]=0x00000000f8967d68
[2025-08-08T15:29:03.586+0000][509.233s][1][129][trace] GC(84) _eden_chunk_array[108]=0x00000000f8991360
[2025-08-08T15:29:03.586+0000][509.233s][1][129][trace] GC(84) _eden_chunk_array[109]=0x00000000f89b7ec0
[2025-08-08T15:29:03.586+0000][509.233s][1][129][trace] GC(84) _eden_chunk_array[110]=0x00000000f89deaa8
[2025-08-08T15:29:03.586+0000][509.233s][1][129][trace] GC(84) _eden_chunk_array[111]=0x00000000f8a01e48
[2025-08-08T15:29:03.586+0000][509.233s][1][129][trace] GC(84) _eden_chunk_array[112]=0x00000000f8a289a8
[2025-08-08T15:29:03.586+0000][509.233s][1][129][trace] GC(84) _eden_chunk_array[113]=0x00000000f8a4f518
[2025-08-08T15:29:03.586+0000][509.233s][1][129][trace] GC(84) _eden_chunk_array[114]=0x00000000f8a9dc58
[2025-08-08T15:29:03.586+0000][509.233s][1][129][trace] GC(84) _eden_chunk_array[115]=0x00000000f8ac4d88
[2025-08-08T15:29:03.586+0000][509.233s][1][129][trace] GC(84) _eden_chunk_array[116]=0x00000000f8aebd28
[2025-08-08T15:29:03.586+0000][509.233s][1][129][trace] GC(84) _eden_chunk_array[117]=0x00000000f8b48a38
[2025-08-08T15:29:03.586+0000][509.233s][1][129][trace] GC(84) _eden_chunk_array[118]=0x00000000f8b6d790
[2025-08-08T15:29:03.586+0000][509.233s][1][129][trace] GC(84) _eden_chunk_array[119]=0x00000000f8b911e8
[2025-08-08T15:29:03.586+0000][509.233s][1][129][trace] GC(84) _eden_chunk_array[120]=0x00000000f8bef900
[2025-08-08T15:29:03.586+0000][509.233s][1][129][trace] GC(84) _eden_chunk_array[121]=0x00000000f8c335d8
[2025-08-08T15:29:03.586+0000][509.233s][1][129][trace] GC(84) _eden_chunk_array[122]=0x00000000f8c8e5a0
[2025-08-08T15:29:03.586+0000][509.233s][1][129][trace] GC(84) _eden_chunk_array[123]=0x00000000f8caff78
[2025-08-08T15:29:03.586+0000][509.233s][1][129][trace] GC(84) _eden_chunk_array[124]=0x00000000f8cdd530
[2025-08-08T15:29:03.586+0000][509.233s][1][129][trace] GC(84) _eden_chunk_array[125]=0x00000000f8d08b20
[2025-08-08T15:29:03.586+0000][509.233s][1][129][trace] GC(84) _eden_chunk_array[126]=0x00000000f8d3f138
[2025-08-08T15:29:03.586+0000][509.233s][1][129][trace] GC(84) _eden_chunk_array[127]=0x00000000f8daaec8
[2025-08-08T15:29:03.586+0000][509.233s][1][129][trace] GC(84) _eden_chunk_array[128]=0x00000000f8ddf970
[2025-08-08T15:29:03.586+0000][509.233s][1][129][trace] GC(84) _eden_chunk_array[129]=0x00000000f8e14438
[2025-08-08T15:29:03.586+0000][509.233s][1][129][trace] GC(84) _eden_chunk_array[130]=0x00000000f8e36208
[2025-08-08T15:29:03.586+0000][509.233s][1][129][trace] GC(84) _eden_chunk_array[131]=0x00000000f8e60288
[2025-08-08T15:29:03.586+0000][509.233s][1][129][trace] GC(84) _eden_chunk_array[132]=0x00000000f8eace78
[2025-08-08T15:29:03.586+0000][509.233s][1][129][trace] GC(84) _eden_chunk_array[133]=0x00000000f8ee1548
[2025-08-08T15:29:03.586+0000][509.233s][1][129][trace] GC(84) _eden_chunk_array[134]=0x00000000f8f07f38
[2025-08-08T15:29:03.586+0000][509.233s][1][129][trace] GC(84) _eden_chunk_array[135]=0x00000000f8f3d1f8
[2025-08-08T15:29:03.586+0000][509.233s][1][129][trace] GC(84) _eden_chunk_array[136]=0x00000000f8f6c388
[2025-08-08T15:29:03.586+0000][509.233s][1][129][trace] GC(84) _eden_chunk_array[137]=0x00000000f8f9b4f0
[2025-08-08T15:29:03.586+0000][509.233s][1][129][trace] GC(84) _eden_chunk_array[138]=0x00000000f8fd1ce8
[2025-08-08T15:29:03.586+0000][509.233s][1][129][trace] GC(84) _eden_chunk_array[139]=0x00000000f9000e68
[2025-08-08T15:29:03.586+0000][509.233s][1][129][trace] GC(84) _eden_chunk_array[140]=0x00000000f902ffd0
[2025-08-08T15:29:03.586+0000][509.233s][1][129][trace] GC(84) _eden_chunk_array[141]=0x00000000f9064aa0
[2025-08-08T15:29:03.586+0000][509.233s][1][129][trace] GC(84) _eden_chunk_array[142]=0x00000000f90b31d8
[2025-08-08T15:29:03.586+0000][509.233s][1][129][trace] GC(84) _eden_chunk_array[143]=0x00000000f90da820
[2025-08-08T15:29:03.586+0000][509.233s][1][129][trace] GC(84) _eden_chunk_array[144]=0x00000000f9101ba0
[2025-08-08T15:29:03.586+0000][509.233s][1][129][trace] GC(84) _eden_chunk_array[145]=0x00000000f912f280
[2025-08-08T15:29:03.586+0000][509.233s][1][129][trace] GC(84) _eden_chunk_array[146]=0x00000000f9189620
[2025-08-08T15:29:03.586+0000][509.233s][1][129][trace] GC(84) _eden_chunk_array[147]=0x00000000f91bd578
[2025-08-08T15:29:03.586+0000][509.233s][1][129][trace] GC(84) _eden_chunk_array[148]=0x00000000f91e7e78
[2025-08-08T15:29:03.586+0000][509.233s][1][129][trace] GC(84) _eden_chunk_array[149]=0x00000000f924aa20
[2025-08-08T15:29:03.586+0000][509.233s][1][129][trace] GC(84) _eden_chunk_array[150]=0x00000000f9272000
[2025-08-08T15:29:03.586+0000][509.233s][1][129][trace] GC(84) _eden_chunk_array[151]=0x00000000f9297998
[2025-08-08T15:29:03.586+0000][509.234s][1][129][trace] GC(84) _eden_chunk_array[152]=0x00000000f92c8138
[2025-08-08T15:29:03.586+0000][509.234s][1][129][trace] GC(84) _eden_chunk_array[153]=0x00000000f92edaa0
[2025-08-08T15:29:03.586+0000][509.234s][1][129][trace] GC(84) _eden_chunk_array[154]=0x00000000f9313428
[2025-08-08T15:29:03.586+0000][509.234s][1][129][trace] GC(84) _eden_chunk_array[155]=0x00000000f9338dc8
[2025-08-08T15:29:03.586+0000][509.234s][1][129][trace] GC(84) _eden_chunk_array[156]=0x00000000f935e778
[2025-08-08T15:29:03.586+0000][509.234s][1][129][trace] GC(84) _eden_chunk_array[157]=0x00000000f9387c48
[2025-08-08T15:29:03.586+0000][509.234s][1][129][trace] GC(84) _eden_chunk_array[158]=0x00000000f93b50b8
[2025-08-08T15:29:03.586+0000][509.234s][1][129][trace] GC(84) _eden_chunk_array[159]=0x00000000f93da618
[2025-08-08T15:29:03.586+0000][509.234s][1][129][trace] GC(84) _eden_chunk_array[160]=0x00000000f9417650
[2025-08-08T15:29:03.586+0000][509.234s][1][129][trace] GC(84) _eden_chunk_array[161]=0x00000000f943acc8
[2025-08-08T15:29:03.586+0000][509.234s][1][129][trace] GC(84) _eden_chunk_array[162]=0x00000000f9464500
[2025-08-08T15:29:03.586+0000][509.234s][1][129][trace] GC(84) _eden_chunk_array[163]=0x00000000f948e178
[2025-08-08T15:29:03.586+0000][509.234s][1][129][trace] GC(84) _eden_chunk_array[164]=0x00000000f94b8238
[2025-08-08T15:29:03.586+0000][509.234s][1][129][trace] GC(84) _eden_chunk_array[165]=0x00000000f95197e8
[2025-08-08T15:29:03.586+0000][509.234s][1][129][trace] GC(84) _eden_chunk_array[166]=0x00000000f9542118
[2025-08-08T15:29:03.586+0000][509.234s][1][129][trace] GC(84) _eden_chunk_array[167]=0x00000000f9567aa0
[2025-08-08T15:29:03.586+0000][509.234s][1][129][trace] GC(84) _eden_chunk_array[168]=0x00000000f9591b48
[2025-08-08T15:29:03.586+0000][509.234s][1][129][trace] GC(84) _eden_chunk_array[169]=0x00000000f95bbc00
[2025-08-08T15:29:03.586+0000][509.234s][1][129][trace] GC(84) _eden_chunk_array[170]=0x00000000f95e5cc0
[2025-08-08T15:29:03.586+0000][509.234s][1][129][trace] GC(84) _eden_chunk_array[171]=0x00000000f960fd68
[2025-08-08T15:29:03.586+0000][509.234s][1][129][trace] GC(84) _eden_chunk_array[172]=0x00000000f965e498
[2025-08-08T15:29:03.586+0000][509.234s][1][129][trace] GC(84) _eden_chunk_array[173]=0x00000000f9681860
[2025-08-08T15:29:03.586+0000][509.234s][1][129][trace] GC(84) _eden_chunk_array[174]=0x00000000f96a4070
[2025-08-08T15:29:03.586+0000][509.234s][1][129][trace] GC(84) _eden_chunk_array[175]=0x00000000f96c6188
[2025-08-08T15:29:03.586+0000][509.234s][1][129][trace] GC(84) _eden_chunk_array[176]=0x00000000f96f0fd8
[2025-08-08T15:29:03.586+0000][509.234s][1][129][trace] GC(84) _eden_chunk_array[177]=0x00000000f9713e68
[2025-08-08T15:29:03.586+0000][509.234s][1][129][trace] GC(84) _eden_chunk_array[178]=0x00000000f97368f0
[2025-08-08T15:29:03.586+0000][509.234s][1][129][trace] GC(84) _eden_chunk_array[179]=0x00000000f9759728
[2025-08-08T15:29:03.586+0000][509.234s][1][129][trace] GC(84) _eden_chunk_array[180]=0x00000000f977aab8
[2025-08-08T15:29:03.586+0000][509.234s][1][129][trace] GC(84) _eden_chunk_array[181]=0x00000000f979d8d8
[2025-08-08T15:29:03.586+0000][509.234s][1][129][trace] GC(84) _eden_chunk_array[182]=0x00000000f97c8718
[2025-08-08T15:29:03.586+0000][509.234s][1][129][trace] GC(84) _eden_chunk_array[183]=0x00000000f97f4440
[2025-08-08T15:29:03.586+0000][509.234s][1][129][trace] GC(84) _eden_chunk_array[184]=0x00000000f981db60
[2025-08-08T15:29:03.586+0000][509.234s][1][129][trace] GC(84) _eden_chunk_array[185]=0x00000000f9849888
[2025-08-08T15:29:03.586+0000][509.234s][1][129][trace] GC(84) _eden_chunk_array[186]=0x00000000f98b8410
[2025-08-08T15:29:03.586+0000][509.234s][1][129][trace] GC(84) _eden_chunk_array[187]=0x00000000f98ec3e8
[2025-08-08T15:29:03.586+0000][509.234s][1][129][trace] GC(84) _eden_chunk_array[188]=0x00000000f990dc78
[2025-08-08T15:29:03.586+0000][509.234s][1][129][trace] GC(84) _eden_chunk_array[189]=0x00000000f9932348
[2025-08-08T15:29:03.586+0000][509.234s][1][129][trace] GC(84) _eden_chunk_array[190]=0x00000000f99892b8
[2025-08-08T15:29:03.586+0000][509.234s][1][129][trace] GC(84) _eden_chunk_array[191]=0x00000000f99d5db8
[2025-08-08T15:29:03.586+0000][509.234s][1][129][trace] GC(84) _eden_chunk_array[192]=0x00000000f9a070a8
[2025-08-08T15:29:03.586+0000][509.234s][1][129][trace] GC(84) _eden_chunk_array[193]=0x00000000f9a308c8
[2025-08-08T15:29:03.586+0000][509.234s][1][129][trace] GC(84) _eden_chunk_array[194]=0x00000000f9a5a0f8
[2025-08-08T15:29:03.586+0000][509.234s][1][129][trace] GC(84) _eden_chunk_array[195]=0x00000000f9a83938
[2025-08-08T15:29:03.586+0000][509.234s][1][129][trace] GC(84) _eden_chunk_array[196]=0x00000000f9aad178
[2025-08-08T15:29:03.586+0000][509.234s][1][129][trace] GC(84) _eden_chunk_array[197]=0x00000000f9ad69a8
[2025-08-08T15:29:03.586+0000][509.234s][1][129][trace] GC(84) _eden_chunk_array[198]=0x00000000f9b03f40
[2025-08-08T15:29:03.586+0000][509.234s][1][129][trace] GC(84) _eden_chunk_array[199]=0x00000000f9b55758
[2025-08-08T15:29:03.586+0000][509.234s][1][129][trace] GC(84) _eden_chunk_array[200]=0x00000000f9b80550
[2025-08-08T15:29:03.586+0000][509.234s][1][129][trace] GC(84) _eden_chunk_array[201]=0x00000000f9ba7690
[2025-08-08T15:29:03.586+0000][509.234s][1][129][trace] GC(84) _eden_chunk_array[202]=0x00000000f9bc7910
[2025-08-08T15:29:03.586+0000][509.234s][1][129][trace] GC(84) _eden_chunk_array[203]=0x00000000f9c25260
[2025-08-08T15:29:03.586+0000][509.234s][1][129][trace] GC(84) _eden_chunk_array[204]=0x00000000f9c48830
[2025-08-08T15:29:03.586+0000][509.234s][1][129][trace] GC(84) _eden_chunk_array[205]=0x00000000f9c6f7f0
[2025-08-08T15:29:03.586+0000][509.234s][1][129][trace] GC(84) _eden_chunk_array[206]=0x00000000f9ca42a8
[2025-08-08T15:29:03.586+0000][509.234s][1][129][trace] GC(84) _eden_chunk_array[207]=0x00000000f9cd9558
[2025-08-08T15:29:03.586+0000][509.234s][1][129][trace] GC(84) _eden_chunk_array[208]=0x00000000f9d0e830
[2025-08-08T15:29:03.586+0000][509.234s][1][129][trace] GC(84) _eden_chunk_array[209]=0x00000000f9d38af8
[2025-08-08T15:29:03.586+0000][509.234s][1][129][trace] GC(84) _eden_chunk_array[210]=0x00000000f9d6ddd0
[2025-08-08T15:29:03.586+0000][509.234s][1][129][trace] GC(84) _eden_chunk_array[211]=0x00000000f9dd3018
[2025-08-08T15:29:03.586+0000][509.234s][1][129][trace] GC(84) _eden_chunk_array[212]=0x00000000f9df8f90
[2025-08-08T15:29:03.586+0000][509.234s][1][129][trace] GC(84) _eden_chunk_array[213]=0x00000000f9e19990
[2025-08-08T15:29:03.586+0000][509.234s][1][129][trace] GC(84) _eden_chunk_array[214]=0x00000000f9e3a3a0
[2025-08-08T15:29:03.586+0000][509.234s][1][129][trace] GC(84) _eden_chunk_array[215]=0x00000000f9e88c58
[2025-08-08T15:29:03.586+0000][509.234s][1][129][trace] GC(84) _eden_chunk_array[216]=0x00000000f9eae350
[2025-08-08T15:29:03.586+0000][509.234s][1][129][trace] GC(84) _eden_chunk_array[217]=0x00000000f9ed1930
[2025-08-08T15:29:03.586+0000][509.234s][1][129][trace] GC(84) _eden_chunk_array[218]=0x00000000f9ef8f10
[2025-08-08T15:29:03.586+0000][509.234s][1][129][trace] GC(84) _eden_chunk_array[219]=0x00000000f9f29f98
[2025-08-08T15:29:03.586+0000][509.234s][1][129][trace] GC(84) _eden_chunk_array[220]=0x00000000f9f5a8a0
[2025-08-08T15:29:03.586+0000][509.234s][1][129][trace] GC(84) _eden_chunk_array[221]=0x00000000f9f7c660
[2025-08-08T15:29:03.586+0000][509.234s][1][129][trace] GC(84) _eden_chunk_array[222]=0x00000000f9face00
[2025-08-08T15:29:03.586+0000][509.234s][1][129][trace] GC(84) _eden_chunk_array[223]=0x00000000f9ff7b10
[2025-08-08T15:29:03.586+0000][509.234s][1][129][trace] GC(84) _eden_chunk_array[224]=0x00000000fa02c5f8
[2025-08-08T15:29:03.586+0000][509.234s][1][129][trace] GC(84) _eden_chunk_array[225]=0x00000000fa062c58
[2025-08-08T15:29:03.586+0000][509.234s][1][129][trace] GC(84) _eden_chunk_array[226]=0x00000000fa097708
[2025-08-08T15:29:03.586+0000][509.234s][1][129][trace] GC(84) _eden_chunk_array[227]=0x00000000fa0bc180
[2025-08-08T15:29:03.586+0000][509.234s][1][129][trace] GC(84) _eden_chunk_array[228]=0x00000000fa0de9f8
[2025-08-08T15:29:03.586+0000][509.234s][1][129][trace] GC(84) _eden_chunk_array[229]=0x00000000fa13f660
[2025-08-08T15:29:03.586+0000][509.234s][1][129][trace] GC(84) _eden_chunk_array[230]=0x00000000fa173430
[2025-08-08T15:29:03.586+0000][509.234s][1][129][trace] GC(84) _eden_chunk_array[231]=0x00000000fa1a09b8
[2025-08-08T15:29:03.587+0000][509.234s][1][129][trace] GC(84) _eden_chunk_array[232]=0x00000000fa1ca1f8
[2025-08-08T15:29:03.587+0000][509.234s][1][129][trace] GC(84) _eden_chunk_array[233]=0x00000000fa1eb6b0
[2025-08-08T15:29:03.587+0000][509.234s][1][129][trace] GC(84) _eden_chunk_array[234]=0x00000000fa20cb48
[2025-08-08T15:29:03.587+0000][509.234s][1][129][trace] GC(84) _eden_chunk_array[235]=0x00000000fa22e018
[2025-08-08T15:29:03.587+0000][509.234s][1][129][trace] GC(84) _eden_chunk_array[236]=0x00000000fa24f4e8
[2025-08-08T15:29:03.587+0000][509.234s][1][129][trace] GC(84) _eden_chunk_array[237]=0x00000000fa278990
[2025-08-08T15:29:03.587+0000][509.234s][1][129][trace] GC(84) _eden_chunk_array[238]=0x00000000fa299e38
[2025-08-08T15:29:03.587+0000][509.234s][1][129][trace] GC(84) _eden_chunk_array[239]=0x00000000fa2c3690
[2025-08-08T15:29:03.587+0000][509.234s][1][129][trace] GC(84) _eden_chunk_array[240]=0x00000000fa2f3e38
[2025-08-08T15:29:03.587+0000][509.234s][1][129][trace] GC(84) _eden_chunk_array[241]=0x00000000fa3245e0
[2025-08-08T15:29:03.587+0000][509.234s][1][129][trace] GC(84) _eden_chunk_array[242]=0x00000000fa34aeb0
[2025-08-08T15:29:03.587+0000][509.234s][1][129][trace] GC(84) _eden_chunk_array[243]=0x00000000fa374360
[2025-08-08T15:29:03.587+0000][509.234s][1][129][trace] GC(84) _eden_chunk_array[244]=0x00000000fa3e0970
[2025-08-08T15:29:03.587+0000][509.234s][1][129][trace] GC(84) _eden_chunk_array[245]=0x00000000fa414af8
[2025-08-08T15:29:03.587+0000][509.234s][1][129][trace] GC(84) _eden_chunk_array[246]=0x00000000fa43d3d0
[2025-08-08T15:29:03.587+0000][509.234s][1][129][trace] GC(84) _eden_chunk_array[247]=0x00000000fa4615c0
[2025-08-08T15:29:03.587+0000][509.234s][1][129][trace] GC(84) _eden_chunk_array[248]=0x00000000fa4cdb48
[2025-08-08T15:29:03.587+0000][509.234s][1][129][trace] GC(84) _eden_chunk_array[249]=0x00000000fa4f7370
[2025-08-08T15:29:03.587+0000][509.234s][1][129][trace] GC(84) _eden_chunk_array[250]=0x00000000fa5203f0
[2025-08-08T15:29:03.587+0000][509.234s][1][129][trace] GC(84) _eden_chunk_array[251]=0x00000000fa549c38
[2025-08-08T15:29:03.587+0000][509.234s][1][129][trace] GC(84) _eden_chunk_array[252]=0x00000000fa57a3d8
[2025-08-08T15:29:03.587+0000][509.234s][1][129][trace] GC(84) _eden_chunk_array[253]=0x00000000fa5a3c10
[2025-08-08T15:29:03.587+0000][509.234s][1][129][trace] GC(84) _eden_chunk_array[254]=0x00000000fa5d43a0
[2025-08-08T15:29:03.587+0000][509.234s][1][129][trace] GC(84) _eden_chunk_array[255]=0x00000000fa5fdbc8
[2025-08-08T15:29:03.587+0000][509.234s][1][129][trace] GC(84) _eden_chunk_array[256]=0x00000000fa627418
[2025-08-08T15:29:03.587+0000][509.234s][1][129][trace] GC(84) _eden_chunk_array[257]=0x00000000fa64f488
[2025-08-08T15:29:03.587+0000][509.234s][1][129][trace] GC(84) _eden_chunk_array[258]=0x00000000fa67c240
[2025-08-08T15:29:03.587+0000][509.234s][1][129][trace] GC(84) _eden_chunk_array[259]=0x00000000fa6ad1c8
[2025-08-08T15:29:03.587+0000][509.234s][1][129][trace] GC(84) _eden_chunk_array[260]=0x00000000fa6d80d8
[2025-08-08T15:29:03.587+0000][509.234s][1][129][trace] GC(84) _eden_chunk_array[261]=0x00000000fa7002f0
[2025-08-08T15:29:03.587+0000][509.234s][1][129][trace] GC(84) _eden_chunk_array[262]=0x00000000fa738440
[2025-08-08T15:29:03.587+0000][509.234s][1][129][trace] GC(84) _eden_chunk_array[263]=0x00000000fa75d228
[2025-08-08T15:29:03.587+0000][509.234s][1][129][trace] GC(84) _eden_chunk_array[264]=0x00000000fa7cbab8
[2025-08-08T15:29:03.587+0000][509.234s][1][129][trace] GC(84) _eden_chunk_array[265]=0x00000000fa7f9498
[2025-08-08T15:29:03.587+0000][509.234s][1][129][trace] GC(84) _eden_chunk_array[266]=0x00000000fa8267f8
[2025-08-08T15:29:03.587+0000][509.234s][1][129][trace] GC(84) _eden_chunk_array[267]=0x00000000fa889f98
[2025-08-08T15:29:03.587+0000][509.234s][1][129][trace] GC(84) _eden_chunk_array[268]=0x00000000fa8b4048
[2025-08-08T15:29:03.587+0000][509.234s][1][129][trace] GC(84) _eden_chunk_array[269]=0x00000000fa8d4a00
[2025-08-08T15:29:03.587+0000][509.234s][1][129][trace] GC(84) _eden_chunk_array[270]=0x00000000fa8f5a80
[2025-08-08T15:29:03.587+0000][509.234s][1][129][trace] GC(84) _eden_chunk_array[271]=0x00000000fa9247a8
[2025-08-08T15:29:03.587+0000][509.234s][1][129][trace] GC(84) _eden_chunk_array[272]=0x00000000fa951fc8
[2025-08-08T15:29:03.587+0000][509.234s][1][129][trace] GC(84) _eden_chunk_array[273]=0x00000000fa97b808
[2025-08-08T15:29:03.587+0000][509.234s][1][129][trace] GC(84) _eden_chunk_array[274]=0x00000000fa9a8dd8
[2025-08-08T15:29:03.587+0000][509.234s][1][129][trace] GC(84) _eden_chunk_array[275]=0x00000000fa9da118
[2025-08-08T15:29:03.587+0000][509.234s][1][129][trace] GC(84) _eden_chunk_array[276]=0x00000000faa385f0
[2025-08-08T15:29:03.587+0000][509.234s][1][129][trace] GC(84) _eden_chunk_array[277]=0x00000000faa59c50
[2025-08-08T15:29:03.587+0000][509.234s][1][129][trace] GC(84) _eden_chunk_array[278]=0x00000000faacaf90
[2025-08-08T15:29:03.587+0000][509.234s][1][129][trace] GC(84) _eden_chunk_array[279]=0x00000000faafa878
[2025-08-08T15:29:03.587+0000][509.234s][1][129][trace] GC(84) _eden_chunk_array[280]=0x00000000fab2a140
[2025-08-08T15:29:03.587+0000][509.234s][1][129][trace] GC(84) _eden_chunk_array[281]=0x00000000fab599d8
[2025-08-08T15:29:03.587+0000][509.234s][1][129][trace] GC(84) _eden_chunk_array[282]=0x00000000fab83eb0
[2025-08-08T15:29:03.587+0000][509.234s][1][129][trace] GC(84) _eden_chunk_array[283]=0x00000000faba50e8
[2025-08-08T15:29:03.587+0000][509.234s][1][129][trace] GC(84) _eden_chunk_array[284]=0x00000000fabd8038
[2025-08-08T15:29:03.587+0000][509.234s][1][129][trace] GC(84) _eden_chunk_array[285]=0x00000000fac09340
[2025-08-08T15:29:03.587+0000][509.234s][1][129][trace] GC(84) _eden_chunk_array[286]=0x00000000fac36148
[2025-08-08T15:29:03.587+0000][509.234s][1][129][trace] GC(84) _eden_chunk_array[287]=0x00000000fac64b40
[2025-08-08T15:29:03.587+0000][509.234s][1][129][trace] GC(84) _eden_chunk_array[288]=0x00000000fac906c0
[2025-08-08T15:29:03.587+0000][509.234s][1][129][trace] GC(84) _eden_chunk_array[289]=0x00000000facc2a90
[2025-08-08T15:29:03.587+0000][509.234s][1][129][trace] GC(84) _eden_chunk_array[290]=0x00000000fad0b5d8
[2025-08-08T15:29:03.587+0000][509.234s][1][129][trace] GC(84) _eden_chunk_array[291]=0x00000000fad3b740
[2025-08-08T15:29:03.587+0000][509.234s][1][129][trace] GC(84) _eden_chunk_array[292]=0x00000000fad64048
[2025-08-08T15:29:03.587+0000][509.234s][1][129][trace] GC(84) _eden_chunk_array[293]=0x00000000fadb5870
[2025-08-08T15:29:03.587+0000][509.234s][1][129][trace] GC(84) _eden_chunk_array[294]=0x00000000fade2508
[2025-08-08T15:29:03.587+0000][509.234s][1][129][trace] GC(84) _eden_chunk_array[295]=0x00000000fae101b8
[2025-08-08T15:29:03.587+0000][509.234s][1][129][trace] GC(84) _eden_chunk_array[296]=0x00000000fae6a220
[2025-08-08T15:29:03.587+0000][509.234s][1][129][trace] GC(84) _eden_chunk_array[297]=0x00000000fae9d038
[2025-08-08T15:29:03.587+0000][509.234s][1][129][trace] GC(84) _eden_chunk_array[298]=0x00000000faec4668
[2025-08-08T15:29:03.587+0000][509.234s][1][129][trace] GC(84) _eden_chunk_array[299]=0x00000000faef0388
[2025-08-08T15:29:03.587+0000][509.234s][1][129][trace] GC(84) _eden_chunk_array[300]=0x00000000faf1c0e0
[2025-08-08T15:29:03.587+0000][509.234s][1][129][trace] GC(84) _eden_chunk_array[301]=0x00000000faf416b0
[2025-08-08T15:29:03.587+0000][509.234s][1][129][trace] GC(84) _eden_chunk_array[302]=0x00000000faf6d400
[2025-08-08T15:29:03.587+0000][509.234s][1][129][trace] GC(84) _eden_chunk_array[303]=0x00000000faf909d0
[2025-08-08T15:29:03.587+0000][509.234s][1][129][trace] GC(84) _eden_chunk_array[304]=0x00000000fafbc6f0
[2025-08-08T15:29:03.587+0000][509.234s][1][129][trace] GC(84) _eden_chunk_array[305]=0x00000000fafdfcc8
[2025-08-08T15:29:03.587+0000][509.234s][1][129][trace] GC(84) _eden_chunk_array[306]=0x00000000fb03fea8
[2025-08-08T15:29:03.587+0000][509.234s][1][129][trace] GC(84) _eden_chunk_array[307]=0x00000000fb068fc8
[2025-08-08T15:29:03.587+0000][509.234s][1][129][trace] GC(84) _eden_chunk_array[308]=0x00000000fb08c800
[2025-08-08T15:29:03.587+0000][509.234s][1][129][trace] GC(84) _eden_chunk_array[309]=0x00000000fb0b4558
[2025-08-08T15:29:03.587+0000][509.234s][1][129][trace] GC(84) _eden_chunk_array[310]=0x00000000fb110230
[2025-08-08T15:29:03.587+0000][509.234s][1][129][trace] GC(84) _eden_chunk_array[311]=0x00000000fb13b0b8
[2025-08-08T15:29:03.587+0000][509.234s][1][129][trace] GC(84) _eden_chunk_array[312]=0x00000000fb16aa28
[2025-08-08T15:29:03.587+0000][509.234s][1][129][trace] GC(84) _eden_chunk_array[313]=0x00000000fb18d858
[2025-08-08T15:29:03.587+0000][509.234s][1][129][trace] GC(84) _eden_chunk_array[314]=0x00000000fb1b0678
[2025-08-08T15:29:03.587+0000][509.234s][1][129][trace] GC(84) _eden_chunk_array[315]=0x00000000fb1e34d8
[2025-08-08T15:29:03.587+0000][509.234s][1][129][trace] GC(84) _eden_chunk_array[316]=0x00000000fb217f80
[2025-08-08T15:29:03.587+0000][509.234s][1][129][trace] GC(84) _eden_chunk_array[317]=0x00000000fb24e680
[2025-08-08T15:29:03.587+0000][509.234s][1][129][trace] GC(84) _eden_chunk_array[318]=0x00000000fb2b7300
[2025-08-08T15:29:03.587+0000][509.234s][1][129][trace] GC(84) _eden_chunk_array[319]=0x00000000fb2ebdc0
[2025-08-08T15:29:03.587+0000][509.234s][1][129][trace] GC(84) _eden_chunk_array[320]=0x00000000fb359a38
[2025-08-08T15:29:03.587+0000][509.234s][1][129][trace] GC(84) _eden_chunk_array[321]=0x00000000fb37c338
[2025-08-08T15:29:03.587+0000][509.234s][1][129][trace] GC(84) _eden_chunk_array[322]=0x00000000fb3ddb78
[2025-08-08T15:29:03.587+0000][509.234s][1][129][trace] GC(84) _eden_chunk_array[323]=0x00000000fb40e928
[2025-08-08T15:29:03.587+0000][509.234s][1][129][trace] GC(84) _eden_chunk_array[324]=0x00000000fb43d268
[2025-08-08T15:29:03.587+0000][509.234s][1][129][trace] GC(84) _eden_chunk_array[325]=0x00000000fb466300
[2025-08-08T15:29:03.587+0000][509.234s][1][129][trace] GC(84) _eden_chunk_array[326]=0x00000000fb497390
[2025-08-08T15:29:03.587+0000][509.234s][1][129][trace] GC(84) _eden_chunk_array[327]=0x00000000fb4c41a0
[2025-08-08T15:29:03.587+0000][509.234s][1][129][trace] GC(84) _eden_chunk_array[328]=0x00000000fb4f5250
[2025-08-08T15:29:03.587+0000][509.234s][1][129][trace] GC(84) _eden_chunk_array[329]=0x00000000fb51db58
[2025-08-08T15:29:03.587+0000][509.234s][1][129][trace] GC(84) _eden_chunk_array[330]=0x00000000fb546478
[2025-08-08T15:29:03.587+0000][509.234s][1][129][trace] GC(84) _eden_chunk_array[331]=0x00000000fb594bc0
[2025-08-08T15:29:03.587+0000][509.234s][1][129][trace] GC(84) _eden_chunk_array[332]=0x00000000fb5c3578
[2025-08-08T15:29:03.587+0000][509.234s][1][129][trace] GC(84) _eden_chunk_array[333]=0x00000000fb5eb7a8
[2025-08-08T15:29:03.587+0000][509.234s][1][129][trace] GC(84) _eden_chunk_array[334]=0x00000000fb6143a8
[2025-08-08T15:29:03.587+0000][509.234s][1][129][trace] GC(84) _eden_chunk_array[335]=0x00000000fb635f20
[2025-08-08T15:29:03.587+0000][509.234s][1][129][trace] GC(84) _eden_chunk_array[336]=0x00000000fb65efc0
[2025-08-08T15:29:03.587+0000][509.234s][1][129][trace] GC(84) _eden_chunk_array[337]=0x00000000fb6831a8
[2025-08-08T15:29:03.587+0000][509.234s][1][129][trace] GC(84) _eden_chunk_array[338]=0x00000000fb6b2380
[2025-08-08T15:29:03.587+0000][509.234s][1][129][trace] GC(84) _eden_chunk_array[339]=0x00000000fb6e30d8
[2025-08-08T15:29:03.587+0000][509.234s][1][129][trace] GC(84) _eden_chunk_array[340]=0x00000000fb711a90
[2025-08-08T15:29:03.587+0000][509.234s][1][129][trace] GC(84) _eden_chunk_array[341]=0x00000000fb7632b8
[2025-08-08T15:29:03.587+0000][509.234s][1][129][trace] GC(84) _eden_chunk_array[342]=0x00000000fb799c88
[2025-08-08T15:29:03.587+0000][509.234s][1][129][trace] GC(84) _eden_chunk_array[343]=0x00000000fb7c25c8
[2025-08-08T15:29:03.587+0000][509.234s][1][129][trace] GC(84) _eden_chunk_array[344]=0x00000000fb7e32c8
[2025-08-08T15:29:03.587+0000][509.234s][1][129][trace] GC(84) _eden_chunk_array[345]=0x00000000fb831a10
[2025-08-08T15:29:03.587+0000][509.234s][1][129][trace] GC(84) _eden_chunk_array[346]=0x00000000fb853308
[2025-08-08T15:29:03.587+0000][509.234s][1][129][trace] GC(84) _eden_chunk_array[347]=0x00000000fb874cf0
[2025-08-08T15:29:03.587+0000][509.234s][1][129][trace] GC(84) _eden_chunk_array[348]=0x00000000fb89c368
[2025-08-08T15:29:03.587+0000][509.234s][1][129][trace] GC(84) _eden_chunk_array[349]=0x00000000fb8e6d50
[2025-08-08T15:29:03.587+0000][509.234s][1][129][trace] GC(84) _eden_chunk_array[350]=0x00000000fb9174e0
[2025-08-08T15:29:03.587+0000][509.234s][1][129][trace] GC(84) _eden_chunk_array[351]=0x00000000fb956550
[2025-08-08T15:29:03.587+0000][509.234s][1][129][trace] GC(84) _eden_chunk_array[352]=0x00000000fb9bd658
[2025-08-08T15:29:03.587+0000][509.234s][1][129][trace] GC(84) _eden_chunk_array[353]=0x00000000fba082c0
[2025-08-08T15:29:03.587+0000][509.234s][1][129][trace] GC(84) _eden_chunk_array[354]=0x00000000fba6df60
[2025-08-08T15:29:03.587+0000][509.234s][1][129][trace] GC(84) _eden_chunk_array[355]=0x00000000fbaa2a30
[2025-08-08T15:29:03.587+0000][509.234s][1][129][trace] GC(84) _eden_chunk_array[356]=0x00000000fbad74d8
[2025-08-08T15:29:03.587+0000][509.234s][1][129][trace] GC(84) _eden_chunk_array[357]=0x00000000fbb0bf98
[2025-08-08T15:29:03.587+0000][509.234s][1][129][trace] GC(84) _eden_chunk_array[358]=0x00000000fbb40a80
[2025-08-08T15:29:03.587+0000][509.234s][1][129][trace] GC(84) _eden_chunk_array[359]=0x00000000fbb62f08
[2025-08-08T15:29:03.587+0000][509.234s][1][129][trace] GC(84) _eden_chunk_array[360]=0x00000000fbb85970
[2025-08-08T15:29:03.587+0000][509.234s][1][129][trace] GC(84) _eden_chunk_array[361]=0x00000000fbba6c80
[2025-08-08T15:29:03.587+0000][509.234s][1][129][trace] GC(84) _eden_chunk_array[362]=0x00000000fbbd6648
[2025-08-08T15:29:03.587+0000][509.234s][1][129][trace] GC(84) _eden_chunk_array[363]=0x00000000fbc097d8
[2025-08-08T15:29:03.587+0000][509.234s][1][129][trace] GC(84) _eden_chunk_array[364]=0x00000000fbc36d68
[2025-08-08T15:29:03.587+0000][509.234s][1][129][trace] GC(84) _eden_chunk_array[365]=0x00000000fbc64318
[2025-08-08T15:29:03.587+0000][509.234s][1][129][trace] GC(84) _eden_chunk_array[366]=0x00000000fbcb2a90
[2025-08-08T15:29:03.587+0000][509.234s][1][129][trace] GC(84) _eden_chunk_array[367]=0x00000000fbd1cc30
[2025-08-08T15:29:03.587+0000][509.234s][1][129][trace] GC(84) _eden_chunk_array[368]=0x00000000fbd4df30
[2025-08-08T15:29:03.587+0000][509.234s][1][129][trace] GC(84) _eden_chunk_array[369]=0x00000000fbd7f260
[2025-08-08T15:29:03.587+0000][509.234s][1][129][trace] GC(84) _eden_chunk_array[370]=0x00000000fbdb21a0
[2025-08-08T15:29:03.587+0000][509.234s][1][129][trace] GC(84) _eden_chunk_array[371]=0x00000000fbe14d48
[2025-08-08T15:29:03.587+0000][509.234s][1][129][trace] GC(84) _eden_chunk_array[372]=0x00000000fbe374a0
[2025-08-08T15:29:03.587+0000][509.234s][1][129][trace] GC(84) _eden_chunk_array[373]=0x00000000fbe61598
[2025-08-08T15:29:03.587+0000][509.234s][1][129][trace] GC(84) _eden_chunk_array[374]=0x00000000fbe861c8
[2025-08-08T15:29:03.587+0000][509.234s][1][129][trace] GC(84) _eden_chunk_array[375]=0x00000000fbeaf9f8
[2025-08-08T15:29:03.587+0000][509.234s][1][129][trace] GC(84) _eden_chunk_array[376]=0x00000000fbed0e88
[2025-08-08T15:29:03.587+0000][509.234s][1][129][trace] GC(84) _eden_chunk_array[377]=0x00000000fbefe178
[2025-08-08T15:29:03.587+0000][509.234s][1][129][trace] GC(84) _eden_chunk_array[378]=0x00000000fbf69f18
[2025-08-08T15:29:03.587+0000][509.234s][1][129][trace] GC(84) _eden_chunk_array[379]=0x00000000fbf9a5e0
[2025-08-08T15:29:03.587+0000][509.234s][1][129][trace] GC(84) _eden_chunk_array[380]=0x00000000fbfcaca0
[2025-08-08T15:29:03.587+0000][509.234s][1][129][trace] GC(84) _eden_chunk_array[381]=0x00000000fbffb368
[2025-08-08T15:29:03.587+0000][509.234s][1][129][trace] GC(84) _eden_chunk_array[382]=0x00000000fc02ba30
[2025-08-08T15:29:03.587+0000][509.234s][1][129][trace] GC(84) _eden_chunk_array[383]=0x00000000fc05f3a0
[2025-08-08T15:29:03.587+0000][509.234s][1][129][trace] GC(84) _eden_chunk_array[384]=0x00000000fc080b58
[2025-08-08T15:29:03.587+0000][509.234s][1][129][trace] GC(84) _eden_chunk_array[385]=0x00000000fc0ecb70
[2025-08-08T15:29:03.587+0000][509.234s][1][129][trace] GC(84) _eden_chunk_array[386]=0x00000000fc113c58
[2025-08-08T15:29:03.587+0000][509.234s][1][129][trace] GC(84) _eden_chunk_array[387]=0x00000000fc140d80
[2025-08-08T15:29:03.587+0000][509.234s][1][129][trace] GC(84) _eden_chunk_array[388]=0x00000000fc168100
[2025-08-08T15:29:03.587+0000][509.234s][1][129][trace] GC(84) _eden_chunk_array[389]=0x00000000fc18f470
[2025-08-08T15:29:03.587+0000][509.234s][1][129][trace] GC(84) _eden_chunk_array[390]=0x00000000fc1c4f50
[2025-08-08T15:29:03.587+0000][509.234s][1][129][trace] GC(84) _eden_chunk_array[391]=0x00000000fc1f8650
[2025-08-08T15:29:03.587+0000][509.234s][1][129][trace] GC(84) _eden_chunk_array[392]=0x00000000fc264bd0
[2025-08-08T15:29:03.587+0000][509.234s][1][129][trace] GC(84) _eden_chunk_array[393]=0x00000000fc29a698
[2025-08-08T15:29:03.587+0000][509.234s][1][129][trace] GC(84) _eden_chunk_array[394]=0x00000000fc2d0178
[2025-08-08T15:29:03.587+0000][509.234s][1][129][trace] GC(84) _eden_chunk_array[395]=0x00000000fc2fd360
[2025-08-08T15:29:03.587+0000][509.234s][1][129][trace] GC(84) _eden_chunk_array[396]=0x00000000fc31d808
[2025-08-08T15:29:03.587+0000][509.234s][1][129][trace] GC(84) _eden_chunk_array[397]=0x00000000fc33f738
[2025-08-08T15:29:03.587+0000][509.235s][1][129][trace] GC(84) _eden_chunk_array[398]=0x00000000fc372328
[2025-08-08T15:29:03.587+0000][509.235s][1][129][trace] GC(84) _eden_chunk_array[399]=0x00000000fc395900
[2025-08-08T15:29:03.587+0000][509.235s][1][129][trace] GC(84) _eden_chunk_array[400]=0x00000000fc3bcc38
[2025-08-08T15:29:03.587+0000][509.235s][1][129][trace] GC(84) _eden_chunk_array[401]=0x00000000fc3e0260
[2025-08-08T15:29:03.587+0000][509.235s][1][129][trace] GC(84) _eden_chunk_array[402]=0x00000000fc407320
[2025-08-08T15:29:03.587+0000][509.235s][1][129][trace] GC(84) _eden_chunk_array[403]=0x00000000fc469f08
[2025-08-08T15:29:03.587+0000][509.235s][1][129][trace] GC(84) _eden_chunk_array[404]=0x00000000fc49a6a0
[2025-08-08T15:29:03.587+0000][509.235s][1][129][trace] GC(84) _eden_chunk_array[405]=0x00000000fc4cae40
[2025-08-08T15:29:03.587+0000][509.235s][1][129][trace] GC(84) _eden_chunk_array[406]=0x00000000fc4f07c0
[2025-08-08T15:29:03.587+0000][509.235s][1][129][trace] GC(84) _eden_chunk_array[407]=0x00000000fc516130
[2025-08-08T15:29:03.587+0000][509.235s][1][129][trace] GC(84) _eden_chunk_array[408]=0x00000000fc53bb00
[2025-08-08T15:29:03.587+0000][509.235s][1][129][trace] GC(84) _eden_chunk_array[409]=0x00000000fc561488
[2025-08-08T15:29:03.587+0000][509.235s][1][129][trace] GC(84) _eden_chunk_array[410]=0x00000000fc586e08
[2025-08-08T15:29:03.587+0000][509.235s][1][129][trace] GC(84) _eden_chunk_array[411]=0x00000000fc5ac790
[2025-08-08T15:29:03.587+0000][509.235s][1][129][trace] GC(84) _eden_chunk_array[412]=0x00000000fc5cdbe0
[2025-08-08T15:29:03.587+0000][509.235s][1][129][trace] GC(84) _eden_chunk_array[413]=0x00000000fc5f1a60
[2025-08-08T15:29:03.587+0000][509.235s][1][129][trace] GC(84) _eden_chunk_array[414]=0x00000000fc612c68
[2025-08-08T15:29:03.587+0000][509.235s][1][129][trace] GC(84) _eden_chunk_array[415]=0x00000000fc66ea98
[2025-08-08T15:29:03.587+0000][509.235s][1][129][trace] GC(84) _eden_chunk_array[416]=0x00000000fc69cdf8
[2025-08-08T15:29:03.587+0000][509.235s][1][129][trace] GC(84) _eden_chunk_array[417]=0x00000000fc6d3c10
[2025-08-08T15:29:03.587+0000][509.235s][1][129][trace] GC(84) _eden_chunk_array[418]=0x00000000fc6fcc90
[2025-08-08T15:29:03.587+0000][509.235s][1][129][trace] GC(84) _eden_chunk_array[419]=0x00000000fc72a228
[2025-08-08T15:29:03.587+0000][509.235s][1][129][trace] GC(84) _eden_chunk_array[420]=0x00000000fc7593f8
[2025-08-08T15:29:03.587+0000][509.235s][1][129][trace] GC(84) _eden_chunk_array[421]=0x00000000fc7bc740
[2025-08-08T15:29:03.587+0000][509.235s][1][129][trace] GC(84) _eden_chunk_array[422]=0x00000000fc7e5f68
[2025-08-08T15:29:03.587+0000][509.235s][1][129][trace] GC(84) _eden_chunk_array[423]=0x00000000fc837798
[2025-08-08T15:29:03.587+0000][509.235s][1][129][trace] GC(84) _eden_chunk_array[424]=0x00000000fc860fd0
[2025-08-08T15:29:03.587+0000][509.235s][1][129][trace] GC(84) _eden_chunk_array[425]=0x00000000fc88a810
[2025-08-08T15:29:03.587+0000][509.235s][1][129][trace] GC(84) _eden_chunk_array[426]=0x00000000fc8b5030
[2025-08-08T15:29:03.587+0000][509.235s][1][129][trace] GC(84) _eden_chunk_array[427]=0x00000000fc8e25d0
[2025-08-08T15:29:03.587+0000][509.235s][1][129][trace] GC(84) _eden_chunk_array[428]=0x00000000fc904b78
[2025-08-08T15:29:03.587+0000][509.235s][1][129][trace] GC(84) _eden_chunk_array[429]=0x00000000fc92f660
[2025-08-08T15:29:03.587+0000][509.235s][1][129][trace] GC(84) _eden_chunk_array[430]=0x00000000fc95b868
[2025-08-08T15:29:03.587+0000][509.235s][1][129][trace] GC(84) _eden_chunk_array[431]=0x00000000fc97fa70
[2025-08-08T15:29:03.587+0000][509.235s][1][129][trace] GC(84) _eden_chunk_array[432]=0x00000000fc9ebbd8
[2025-08-08T15:29:03.587+0000][509.235s][1][129][trace] GC(84) _eden_chunk_array[433]=0x00000000fca20698
[2025-08-08T15:29:03.587+0000][509.235s][1][129][trace] GC(84) _eden_chunk_array[434]=0x00000000fca6ede0
[2025-08-08T15:29:03.587+0000][509.235s][1][129][trace] GC(84) _eden_chunk_array[435]=0x00000000fcaa38b0
[2025-08-08T15:29:03.587+0000][509.235s][1][129][trace] GC(84) _eden_chunk_array[436]=0x00000000fcad8370
[2025-08-08T15:29:03.587+0000][509.235s][1][129][trace] GC(84) _eden_chunk_array[437]=0x00000000fcb0ce30
[2025-08-08T15:29:03.587+0000][509.235s][1][129][trace] GC(84) _eden_chunk_array[438]=0x00000000fcb2d7a8
[2025-08-08T15:29:03.587+0000][509.235s][1][129][trace] GC(84) _eden_chunk_array[439]=0x00000000fcb56240
[2025-08-08T15:29:03.587+0000][509.235s][1][129][trace] GC(84) _eden_chunk_array[440]=0x00000000fcb76308
[2025-08-08T15:29:03.587+0000][509.235s][1][129][trace] GC(84) _eden_chunk_array[441]=0x00000000fcb9d868
[2025-08-08T15:29:03.587+0000][509.235s][1][129][trace] GC(84) _eden_chunk_array[442]=0x00000000fcbc2d58
[2025-08-08T15:29:03.587+0000][509.235s][1][129][trace] GC(84) _eden_chunk_array[443]=0x00000000fcbf0e28
[2025-08-08T15:29:03.587+0000][509.235s][1][129][trace] GC(84) _eden_chunk_array[444]=0x00000000fcc1aec8
[2025-08-08T15:29:03.587+0000][509.235s][1][129][trace] GC(84) _eden_chunk_array[445]=0x00000000fcc44f70
[2025-08-08T15:29:03.587+0000][509.235s][1][129][trace] GC(84) _eden_chunk_array[446]=0x00000000fcc75710
[2025-08-08T15:29:03.587+0000][509.235s][1][129][trace] GC(84) _eden_chunk_array[447]=0x00000000fcca8328
[2025-08-08T15:29:03.587+0000][509.235s][1][129][trace] GC(84) _eden_chunk_array[448]=0x00000000fccd8ad0
[2025-08-08T15:29:03.587+0000][509.235s][1][129][trace] GC(84) _eden_chunk_array[449]=0x00000000fcd02318
[2025-08-08T15:29:03.587+0000][509.235s][1][129][trace] GC(84) _eden_chunk_array[450]=0x00000000fcd2bb50
[2025-08-08T15:29:03.587+0000][509.235s][1][129][trace] GC(84) _eden_chunk_array[451]=0x00000000fcd55378
[2025-08-08T15:29:03.587+0000][509.235s][1][129][trace] GC(84) _eden_chunk_array[452]=0x00000000fcd7ebb8
[2025-08-08T15:29:03.587+0000][509.235s][1][129][trace] GC(84) _eden_chunk_array[453]=0x00000000fcda8410
[2025-08-08T15:29:03.587+0000][509.235s][1][129][trace] GC(84) _eden_chunk_array[454]=0x00000000fcdd9350
[2025-08-08T15:29:03.587+0000][509.235s][1][129][trace] GC(84) _eden_chunk_array[455]=0x00000000fce02410
[2025-08-08T15:29:03.587+0000][509.235s][1][129][trace] GC(84) _eden_chunk_array[456]=0x00000000fce5cef0
[2025-08-08T15:29:03.587+0000][509.235s][1][129][trace] GC(84) _eden_chunk_array[457]=0x00000000fceb0450
[2025-08-08T15:29:03.587+0000][509.235s][1][129][trace] GC(84) _eden_chunk_array[458]=0x00000000fcee4b30
[2025-08-08T15:29:03.587+0000][509.235s][1][129][trace] GC(84) _eden_chunk_array[459]=0x00000000fcf0e368
[2025-08-08T15:29:03.587+0000][509.235s][1][129][trace] GC(84) _eden_chunk_array[460]=0x00000000fcf376c8
[2025-08-08T15:29:03.587+0000][509.235s][1][129][trace] GC(84) _eden_chunk_array[461]=0x00000000fcf587e8
[2025-08-08T15:29:03.587+0000][509.235s][1][129][trace] GC(84) _eden_chunk_array[462]=0x00000000fcf79cb8
[2025-08-08T15:29:03.587+0000][509.235s][1][129][trace] GC(84) _eden_chunk_array[463]=0x00000000fcf9f628
[2025-08-08T15:29:03.587+0000][509.235s][1][129][trace] GC(84) _eden_chunk_array[464]=0x00000000fcfc4fc8
[2025-08-08T15:29:03.587+0000][509.235s][1][129][trace] GC(84) _eden_chunk_array[465]=0x00000000fd01ff88
[2025-08-08T15:29:03.587+0000][509.235s][1][129][trace] GC(84) _eden_chunk_array[466]=0x00000000fd045950
[2025-08-08T15:29:03.587+0000][509.235s][1][129][trace] GC(84) _eden_chunk_array[467]=0x00000000fd06b2e8
[2025-08-08T15:29:03.587+0000][509.235s][1][129][trace] GC(84) _eden_chunk_array[468]=0x00000000fd093cb8
[2025-08-08T15:29:03.587+0000][509.235s][1][129][trace] GC(84) _eden_chunk_array[469]=0x00000000fd0badb0
[2025-08-08T15:29:03.587+0000][509.235s][1][129][trace] GC(84) _eden_chunk_array[470]=0x00000000fd0db7b0
[2025-08-08T15:29:03.587+0000][509.235s][1][129][trace] GC(84) _eden_chunk_array[471]=0x00000000fd0fc2e8
[2025-08-08T15:29:03.588+0000][509.235s][1][129][trace] GC(84) _eden_chunk_array[472]=0x00000000fd12e288
[2025-08-08T15:29:03.588+0000][509.235s][1][129][trace] GC(84) _eden_chunk_array[473]=0x00000000fd159fc8
[2025-08-08T15:29:03.588+0000][509.235s][1][129][trace] GC(84) _eden_chunk_array[474]=0x00000000fd17f358
[2025-08-08T15:29:03.588+0000][509.235s][1][129][trace] GC(84) _eden_chunk_array[475]=0x00000000fd1a3388
[2025-08-08T15:29:03.588+0000][509.235s][1][129][trace] GC(84) _eden_chunk_array[476]=0x00000000fd20f150
[2025-08-08T15:29:03.588+0000][509.235s][1][129][trace] GC(84) _eden_chunk_array[477]=0x00000000fd243c30
[2025-08-08T15:29:03.588+0000][509.235s][1][129][trace] GC(84) _eden_chunk_array[478]=0x00000000fd265a00
[2025-08-08T15:29:03.588+0000][509.235s][1][129][trace] GC(84) _eden_chunk_array[479]=0x00000000fd29a4c0
[2025-08-08T15:29:03.588+0000][509.235s][1][129][trace] GC(84) _eden_chunk_array[480]=0x00000000fd2e8c00
[2025-08-08T15:29:03.588+0000][509.235s][1][129][trace] GC(84) _eden_chunk_array[481]=0x00000000fd31d6b8
[2025-08-08T15:29:03.588+0000][509.235s][1][129][trace] GC(84) _eden_chunk_array[482]=0x00000000fd344df8
[2025-08-08T15:29:03.588+0000][509.235s][1][129][trace] GC(84) _eden_chunk_array[483]=0x00000000fd373658
[2025-08-08T15:29:03.588+0000][509.235s][1][129][trace] GC(84) _eden_chunk_array[484]=0x00000000fd395030
[2025-08-08T15:29:03.588+0000][509.235s][1][129][trace] GC(84) _eden_chunk_array[485]=0x00000000fd3c5730
[2025-08-08T15:29:03.588+0000][509.235s][1][129][trace] GC(84) _eden_chunk_array[486]=0x00000000fd3f2698
[2025-08-08T15:29:03.588+0000][509.235s][1][129][trace] GC(84) survivor 0x00000000fd410000-0x00000000fdc8ca60-0x00000000fe780000(20381696)
[2025-08-08T15:29:03.588+0000][509.235s][1][129][trace] GC(84) _survivor_chunk_index=0, _survivor_chunk_capacity=9952
[2025-08-08T15:29:03.635+0000][509.282s][1][129][info ] GC(84) Pause Remark 169M->169M(180M) 49.219ms
[2025-08-08T15:29:03.635+0000][509.282s][1][129][info ] Leaving safepoint region
[2025-08-08T15:29:03.635+0000][509.282s][1][129][info ] Total time for which application threads were stopped: 0.0494708 seconds, Stopping threads took: 0.0000306 seconds
[2025-08-08T15:29:03.635+0000][509.282s][1][128][info ] GC(84) Concurrent Sweep
[2025-08-08T15:29:03.636+0000][509.284s][1][128][info ] GC(84) Concurrent Sweep 1.309ms
[2025-08-08T15:29:03.636+0000][509.284s][1][128][info ] GC(84) Concurrent Reset
[2025-08-08T15:29:03.636+0000][509.284s][1][128][info ] GC(84) Concurrent Reset 0.023ms
[2025-08-08T15:29:03.636+0000][509.284s][1][128][info ] GC(84) Old: 5183K->5183K(5184K)
[2025-08-08T15:29:07.637+0000][513.285s][1][129][info ] Application time: 4.0023538 seconds
[2025-08-08T15:29:07.637+0000][513.285s][1][129][info ] Entering safepoint region: Cleanup
[2025-08-08T15:29:07.637+0000][513.285s][1][129][info ] Leaving safepoint region
[2025-08-08T15:29:07.637+0000][513.285s][1][129][info ] Total time for which application threads were stopped: 0.0001429 seconds, Stopping threads took: 0.0000198 seconds
[2025-08-08T15:29:13.636+0000][519.284s][1][129][info ] Application time: 5.9989726 seconds
[2025-08-08T15:29:13.636+0000][519.284s][1][129][info ] Entering safepoint region: CMS_Initial_Mark
[2025-08-08T15:29:13.637+0000][519.284s][1][129][trace] GC(85) eden 0x00000000f3800000-0x00000000fd410000-0x00000000fd410000(163643392)
[2025-08-08T15:29:13.637+0000][519.284s][1][129][trace] GC(85) _eden_chunk_index=487, _eden_chunk_capacity=11233
[2025-08-08T15:29:13.637+0000][519.284s][1][129][trace] GC(85) _eden_chunk_array[0]=0x00000000f74596b0
[2025-08-08T15:29:13.637+0000][519.284s][1][129][trace] GC(85) _eden_chunk_array[1]=0x00000000f74ac5b8
[2025-08-08T15:29:13.637+0000][519.284s][1][129][trace] GC(85) _eden_chunk_array[2]=0x00000000f74d55e8
[2025-08-08T15:29:13.637+0000][519.284s][1][129][trace] GC(85) _eden_chunk_array[3]=0x00000000f7504058
[2025-08-08T15:29:13.637+0000][519.284s][1][129][trace] GC(85) _eden_chunk_array[4]=0x00000000f7524f88
[2025-08-08T15:29:13.637+0000][519.284s][1][129][trace] GC(85) _eden_chunk_array[5]=0x00000000f754e7c0
[2025-08-08T15:29:13.637+0000][519.284s][1][129][trace] GC(85) _eden_chunk_array[6]=0x00000000f7577fe0
[2025-08-08T15:29:13.637+0000][519.284s][1][129][trace] GC(85) _eden_chunk_array[7]=0x00000000f75a71a8
[2025-08-08T15:29:13.637+0000][519.284s][1][129][trace] GC(85) _eden_chunk_array[8]=0x00000000f75f58d8
[2025-08-08T15:29:13.637+0000][519.284s][1][129][trace] GC(85) _eden_chunk_array[9]=0x00000000f761a640
[2025-08-08T15:29:13.637+0000][519.284s][1][129][trace] GC(85) _eden_chunk_array[10]=0x00000000f76649c8
[2025-08-08T15:29:13.637+0000][519.284s][1][129][trace] GC(85) _eden_chunk_array[11]=0x00000000f76854f8
[2025-08-08T15:29:13.637+0000][519.284s][1][129][trace] GC(85) _eden_chunk_array[12]=0x00000000f76d4790
[2025-08-08T15:29:13.637+0000][519.284s][1][129][trace] GC(85) _eden_chunk_array[13]=0x00000000f7704f20
[2025-08-08T15:29:13.637+0000][519.284s][1][129][trace] GC(85) _eden_chunk_array[14]=0x00000000f7751bd0
[2025-08-08T15:29:13.637+0000][519.284s][1][129][trace] GC(85) _eden_chunk_array[15]=0x00000000f777a4b0
[2025-08-08T15:29:13.637+0000][519.284s][1][129][trace] GC(85) _eden_chunk_array[16]=0x00000000f77a4c70
[2025-08-08T15:29:13.637+0000][519.284s][1][129][trace] GC(85) _eden_chunk_array[17]=0x00000000f7810a48
[2025-08-08T15:29:13.637+0000][519.284s][1][129][trace] GC(85) _eden_chunk_array[18]=0x00000000f78454f8
[2025-08-08T15:29:13.637+0000][519.284s][1][129][trace] GC(85) _eden_chunk_array[19]=0x00000000f7879fb0
[2025-08-08T15:29:13.637+0000][519.284s][1][129][trace] GC(85) _eden_chunk_array[20]=0x00000000f78aea98
[2025-08-08T15:29:13.637+0000][519.284s][1][129][trace] GC(85) _eden_chunk_array[21]=0x00000000f78d8f40
[2025-08-08T15:29:13.637+0000][519.284s][1][129][trace] GC(85) _eden_chunk_array[22]=0x00000000f79059a8
[2025-08-08T15:29:13.637+0000][519.284s][1][129][trace] GC(85) _eden_chunk_array[23]=0x00000000f7968da8
[2025-08-08T15:29:13.637+0000][519.284s][1][129][trace] GC(85) _eden_chunk_array[24]=0x00000000f79891e8
[2025-08-08T15:29:13.637+0000][519.284s][1][129][trace] GC(85) _eden_chunk_array[25]=0x00000000f79b18e8
[2025-08-08T15:29:13.637+0000][519.284s][1][129][trace] GC(85) _eden_chunk_array[26]=0x00000000f79d1ad8
[2025-08-08T15:29:13.637+0000][519.284s][1][129][trace] GC(85) _eden_chunk_array[27]=0x00000000f7a16618
[2025-08-08T15:29:13.637+0000][519.284s][1][129][trace] GC(85) _eden_chunk_array[28]=0x00000000f7a46d00
[2025-08-08T15:29:13.637+0000][519.284s][1][129][trace] GC(85) _eden_chunk_array[29]=0x00000000f7a8fd38
[2025-08-08T15:29:13.637+0000][519.284s][1][129][trace] GC(85) _eden_chunk_array[30]=0x00000000f7ad8d90
[2025-08-08T15:29:13.637+0000][519.284s][1][129][trace] GC(85) _eden_chunk_array[31]=0x00000000f7b2a5c0
[2025-08-08T15:29:13.637+0000][519.284s][1][129][trace] GC(85) _eden_chunk_array[32]=0x00000000f7b87ac8
[2025-08-08T15:29:13.637+0000][519.284s][1][129][trace] GC(85) _eden_chunk_array[33]=0x00000000f7bad890
[2025-08-08T15:29:13.637+0000][519.284s][1][129][trace] GC(85) _eden_chunk_array[34]=0x00000000f7bce290
[2025-08-08T15:29:13.637+0000][519.284s][1][129][trace] GC(85) _eden_chunk_array[35]=0x00000000f7bef940
[2025-08-08T15:29:13.637+0000][519.284s][1][129][trace] GC(85) _eden_chunk_array[36]=0x00000000f7c20f50
[2025-08-08T15:29:13.637+0000][519.284s][1][129][trace] GC(85) _eden_chunk_array[37]=0x00000000f7c53e40
[2025-08-08T15:29:13.637+0000][519.284s][1][129][trace] GC(85) _eden_chunk_array[38]=0x00000000f7c79888
[2025-08-08T15:29:13.637+0000][519.284s][1][129][trace] GC(85) _eden_chunk_array[39]=0x00000000f7c9ea88
[2025-08-08T15:29:13.637+0000][519.284s][1][129][trace] GC(85) _eden_chunk_array[40]=0x00000000f7cc3cb8
[2025-08-08T15:29:13.637+0000][519.284s][1][129][trace] GC(85) _eden_chunk_array[41]=0x00000000f7ceaaa0
[2025-08-08T15:29:13.637+0000][519.284s][1][129][trace] GC(85) _eden_chunk_array[42]=0x00000000f7d0b440
[2025-08-08T15:29:13.637+0000][519.284s][1][129][trace] GC(85) _eden_chunk_array[43]=0x00000000f7d30640
[2025-08-08T15:29:13.637+0000][519.284s][1][129][trace] GC(85) _eden_chunk_array[44]=0x00000000f7d9da90
[2025-08-08T15:29:13.637+0000][519.284s][1][129][trace] GC(85) _eden_chunk_array[45]=0x00000000f7dd09f8
[2025-08-08T15:29:13.637+0000][519.284s][1][129][trace] GC(85) _eden_chunk_array[46]=0x00000000f7df56f0
[2025-08-08T15:29:13.637+0000][519.284s][1][129][trace] GC(85) _eden_chunk_array[47]=0x00000000f7e1ad98
[2025-08-08T15:29:13.637+0000][519.284s][1][129][trace] GC(85) _eden_chunk_array[48]=0x00000000f7e88158
[2025-08-08T15:29:13.637+0000][519.284s][1][129][trace] GC(85) _eden_chunk_array[49]=0x00000000f7eb0348
[2025-08-08T15:29:13.637+0000][519.284s][1][129][trace] GC(85) _eden_chunk_array[50]=0x00000000f7ed5e98
[2025-08-08T15:29:13.637+0000][519.284s][1][129][trace] GC(85) _eden_chunk_array[51]=0x00000000f7f02cb8
[2025-08-08T15:29:13.637+0000][519.284s][1][129][trace] GC(85) _eden_chunk_array[52]=0x00000000f7f29820
[2025-08-08T15:29:13.637+0000][519.284s][1][129][trace] GC(85) _eden_chunk_array[53]=0x00000000f7f50380
[2025-08-08T15:29:13.637+0000][519.284s][1][129][trace] GC(85) _eden_chunk_array[54]=0x00000000f7f78570
[2025-08-08T15:29:13.637+0000][519.284s][1][129][trace] GC(85) _eden_chunk_array[55]=0x00000000f7f9f118
[2025-08-08T15:29:13.637+0000][519.284s][1][129][trace] GC(85) _eden_chunk_array[56]=0x00000000f7fd1398
[2025-08-08T15:29:13.637+0000][519.284s][1][129][trace] GC(85) _eden_chunk_array[57]=0x00000000f7ff15f0
[2025-08-08T15:29:13.637+0000][519.284s][1][129][trace] GC(85) _eden_chunk_array[58]=0x00000000f8021d80
[2025-08-08T15:29:13.637+0000][519.284s][1][129][trace] GC(85) _eden_chunk_array[59]=0x00000000f8052520
[2025-08-08T15:29:13.637+0000][519.284s][1][129][trace] GC(85) _eden_chunk_array[60]=0x00000000f8078698
[2025-08-08T15:29:13.637+0000][519.284s][1][129][trace] GC(85) _eden_chunk_array[61]=0x00000000f809e8f8
[2025-08-08T15:29:13.637+0000][519.284s][1][129][trace] GC(85) _eden_chunk_array[62]=0x00000000f80c9470
[2025-08-08T15:29:13.637+0000][519.284s][1][129][trace] GC(85) _eden_chunk_array[63]=0x00000000f8101478
[2025-08-08T15:29:13.637+0000][519.284s][1][129][trace] GC(85) _eden_chunk_array[64]=0x00000000f8128fa8
[2025-08-08T15:29:13.637+0000][519.284s][1][129][trace] GC(85) _eden_chunk_array[65]=0x00000000f81516c0
[2025-08-08T15:29:13.637+0000][519.284s][1][129][trace] GC(85) _eden_chunk_array[66]=0x00000000f81bc790
[2025-08-08T15:29:13.637+0000][519.284s][1][129][trace] GC(85) _eden_chunk_array[67]=0x00000000f821fae0
[2025-08-08T15:29:13.637+0000][519.284s][1][129][trace] GC(85) _eden_chunk_array[68]=0x00000000f8245540
[2025-08-08T15:29:13.637+0000][519.284s][1][129][trace] GC(85) _eden_chunk_array[69]=0x00000000f826afc0
[2025-08-08T15:29:13.637+0000][519.284s][1][129][trace] GC(85) _eden_chunk_array[70]=0x00000000f82909f8
[2025-08-08T15:29:13.637+0000][519.284s][1][129][trace] GC(85) _eden_chunk_array[71]=0x00000000f82b6460
[2025-08-08T15:29:13.637+0000][519.284s][1][129][trace] GC(85) _eden_chunk_array[72]=0x00000000f82dbef0
[2025-08-08T15:29:13.637+0000][519.284s][1][129][trace] GC(85) _eden_chunk_array[73]=0x00000000f8301998
[2025-08-08T15:29:13.637+0000][519.284s][1][129][trace] GC(85) _eden_chunk_array[74]=0x00000000f83398c8
[2025-08-08T15:29:13.637+0000][519.284s][1][129][trace] GC(85) _eden_chunk_array[75]=0x00000000f835b020
[2025-08-08T15:29:13.637+0000][519.284s][1][129][trace] GC(85) _eden_chunk_array[76]=0x00000000f8381080
[2025-08-08T15:29:13.637+0000][519.284s][1][129][trace] GC(85) _eden_chunk_array[77]=0x00000000f83daa10
[2025-08-08T15:29:13.637+0000][519.284s][1][129][trace] GC(85) _eden_chunk_array[78]=0x00000000f8409a80
[2025-08-08T15:29:13.637+0000][519.284s][1][129][trace] GC(85) _eden_chunk_array[79]=0x00000000f842d588
[2025-08-08T15:29:13.637+0000][519.284s][1][129][trace] GC(85) _eden_chunk_array[80]=0x00000000f8485750
[2025-08-08T15:29:13.637+0000][519.284s][1][129][trace] GC(85) _eden_chunk_array[81]=0x00000000f84b3020
[2025-08-08T15:29:13.637+0000][519.284s][1][129][trace] GC(85) _eden_chunk_array[82]=0x00000000f84db8f8
[2025-08-08T15:29:13.637+0000][519.284s][1][129][trace] GC(85) _eden_chunk_array[83]=0x00000000f850c098
[2025-08-08T15:29:13.637+0000][519.284s][1][129][trace] GC(85) _eden_chunk_array[84]=0x00000000f8534970
[2025-08-08T15:29:13.637+0000][519.284s][1][129][trace] GC(85) _eden_chunk_array[85]=0x00000000f8565110
[2025-08-08T15:29:13.637+0000][519.284s][1][129][trace] GC(85) _eden_chunk_array[86]=0x00000000f85b6928
[2025-08-08T15:29:13.637+0000][519.284s][1][129][trace] GC(85) _eden_chunk_array[87]=0x00000000f85df230
[2025-08-08T15:29:13.637+0000][519.284s][1][129][trace] GC(85) _eden_chunk_array[88]=0x00000000f8607b20
[2025-08-08T15:29:13.637+0000][519.284s][1][129][trace] GC(85) _eden_chunk_array[89]=0x00000000f862e828
[2025-08-08T15:29:13.637+0000][519.284s][1][129][trace] GC(85) _eden_chunk_array[90]=0x00000000f8653490
[2025-08-08T15:29:13.637+0000][519.284s][1][129][trace] GC(85) _eden_chunk_array[91]=0x00000000f8674438
[2025-08-08T15:29:13.637+0000][519.284s][1][129][trace] GC(85) _eden_chunk_array[92]=0x00000000f869b2d8
[2025-08-08T15:29:13.637+0000][519.284s][1][129][trace] GC(85) _eden_chunk_array[93]=0x00000000f86bfc78
[2025-08-08T15:29:13.637+0000][519.284s][1][129][trace] GC(85) _eden_chunk_array[94]=0x00000000f86e6630
[2025-08-08T15:29:13.637+0000][519.284s][1][129][trace] GC(85) _eden_chunk_array[95]=0x00000000f871a5d0
[2025-08-08T15:29:13.637+0000][519.284s][1][129][trace] GC(85) _eden_chunk_array[96]=0x00000000f87464f8
[2025-08-08T15:29:13.637+0000][519.284s][1][129][trace] GC(85) _eden_chunk_array[97]=0x00000000f877af98
[2025-08-08T15:29:13.637+0000][519.284s][1][129][trace] GC(85) _eden_chunk_array[98]=0x00000000f87e6d28
[2025-08-08T15:29:13.637+0000][519.284s][1][129][trace] GC(85) _eden_chunk_array[99]=0x00000000f88174d0
[2025-08-08T15:29:13.637+0000][519.284s][1][129][trace] GC(85) _eden_chunk_array[100]=0x00000000f884bfe0
[2025-08-08T15:29:13.637+0000][519.284s][1][129][trace] GC(85) _eden_chunk_array[101]=0x00000000f8880a90
[2025-08-08T15:29:13.637+0000][519.284s][1][129][trace] GC(85) _eden_chunk_array[102]=0x00000000f88a8fa0
[2025-08-08T15:29:13.637+0000][519.284s][1][129][trace] GC(85) _eden_chunk_array[103]=0x00000000f88ca4d8
[2025-08-08T15:29:13.637+0000][519.284s][1][129][trace] GC(85) _eden_chunk_array[104]=0x00000000f88f0e68
[2025-08-08T15:29:13.637+0000][519.284s][1][129][trace] GC(85) _eden_chunk_array[105]=0x00000000f8914998
[2025-08-08T15:29:13.637+0000][519.284s][1][129][trace] GC(85) _eden_chunk_array[106]=0x00000000f8943b50
[2025-08-08T15:29:13.637+0000][519.284s][1][129][trace] GC(85) _eden_chunk_array[107]=0x00000000f8967d68
[2025-08-08T15:29:13.637+0000][519.284s][1][129][trace] GC(85) _eden_chunk_array[108]=0x00000000f8991360
[2025-08-08T15:29:13.637+0000][519.284s][1][129][trace] GC(85) _eden_chunk_array[109]=0x00000000f89b7ec0
[2025-08-08T15:29:13.637+0000][519.284s][1][129][trace] GC(85) _eden_chunk_array[110]=0x00000000f89deaa8
[2025-08-08T15:29:13.637+0000][519.284s][1][129][trace] GC(85) _eden_chunk_array[111]=0x00000000f8a01e48
[2025-08-08T15:29:13.637+0000][519.284s][1][129][trace] GC(85) _eden_chunk_array[112]=0x00000000f8a289a8
[2025-08-08T15:29:13.637+0000][519.284s][1][129][trace] GC(85) _eden_chunk_array[113]=0x00000000f8a4f518
[2025-08-08T15:29:13.637+0000][519.284s][1][129][trace] GC(85) _eden_chunk_array[114]=0x00000000f8a9dc58
[2025-08-08T15:29:13.637+0000][519.284s][1][129][trace] GC(85) _eden_chunk_array[115]=0x00000000f8ac4d88
[2025-08-08T15:29:13.637+0000][519.284s][1][129][trace] GC(85) _eden_chunk_array[116]=0x00000000f8aebd28
[2025-08-08T15:29:13.637+0000][519.284s][1][129][trace] GC(85) _eden_chunk_array[117]=0x00000000f8b48a38
[2025-08-08T15:29:13.637+0000][519.284s][1][129][trace] GC(85) _eden_chunk_array[118]=0x00000000f8b6d790
[2025-08-08T15:29:13.637+0000][519.284s][1][129][trace] GC(85) _eden_chunk_array[119]=0x00000000f8b911e8
[2025-08-08T15:29:13.637+0000][519.284s][1][129][trace] GC(85) _eden_chunk_array[120]=0x00000000f8bef900
[2025-08-08T15:29:13.637+0000][519.284s][1][129][trace] GC(85) _eden_chunk_array[121]=0x00000000f8c335d8
[2025-08-08T15:29:13.637+0000][519.284s][1][129][trace] GC(85) _eden_chunk_array[122]=0x00000000f8c8e5a0
[2025-08-08T15:29:13.637+0000][519.284s][1][129][trace] GC(85) _eden_chunk_array[123]=0x00000000f8caff78
[2025-08-08T15:29:13.637+0000][519.284s][1][129][trace] GC(85) _eden_chunk_array[124]=0x00000000f8cdd530
[2025-08-08T15:29:13.637+0000][519.284s][1][129][trace] GC(85) _eden_chunk_array[125]=0x00000000f8d08b20
[2025-08-08T15:29:13.637+0000][519.284s][1][129][trace] GC(85) _eden_chunk_array[126]=0x00000000f8d3f138
[2025-08-08T15:29:13.637+0000][519.284s][1][129][trace] GC(85) _eden_chunk_array[127]=0x00000000f8daaec8
[2025-08-08T15:29:13.637+0000][519.284s][1][129][trace] GC(85) _eden_chunk_array[128]=0x00000000f8ddf970
[2025-08-08T15:29:13.637+0000][519.284s][1][129][trace] GC(85) _eden_chunk_array[129]=0x00000000f8e14438
[2025-08-08T15:29:13.637+0000][519.284s][1][129][trace] GC(85) _eden_chunk_array[130]=0x00000000f8e36208
[2025-08-08T15:29:13.637+0000][519.284s][1][129][trace] GC(85) _eden_chunk_array[131]=0x00000000f8e60288
[2025-08-08T15:29:13.637+0000][519.284s][1][129][trace] GC(85) _eden_chunk_array[132]=0x00000000f8eace78
[2025-08-08T15:29:13.637+0000][519.284s][1][129][trace] GC(85) _eden_chunk_array[133]=0x00000000f8ee1548
[2025-08-08T15:29:13.637+0000][519.284s][1][129][trace] GC(85) _eden_chunk_array[134]=0x00000000f8f07f38
[2025-08-08T15:29:13.637+0000][519.284s][1][129][trace] GC(85) _eden_chunk_array[135]=0x00000000f8f3d1f8
[2025-08-08T15:29:13.637+0000][519.284s][1][129][trace] GC(85) _eden_chunk_array[136]=0x00000000f8f6c388
[2025-08-08T15:29:13.637+0000][519.284s][1][129][trace] GC(85) _eden_chunk_array[137]=0x00000000f8f9b4f0
[2025-08-08T15:29:13.637+0000][519.284s][1][129][trace] GC(85) _eden_chunk_array[138]=0x00000000f8fd1ce8
[2025-08-08T15:29:13.637+0000][519.284s][1][129][trace] GC(85) _eden_chunk_array[139]=0x00000000f9000e68
[2025-08-08T15:29:13.637+0000][519.284s][1][129][trace] GC(85) _eden_chunk_array[140]=0x00000000f902ffd0
[2025-08-08T15:29:13.637+0000][519.284s][1][129][trace] GC(85) _eden_chunk_array[141]=0x00000000f9064aa0
[2025-08-08T15:29:13.637+0000][519.285s][1][129][trace] GC(85) _eden_chunk_array[142]=0x00000000f90b31d8
[2025-08-08T15:29:13.637+0000][519.285s][1][129][trace] GC(85) _eden_chunk_array[143]=0x00000000f90da820
[2025-08-08T15:29:13.637+0000][519.285s][1][129][trace] GC(85) _eden_chunk_array[144]=0x00000000f9101ba0
[2025-08-08T15:29:13.637+0000][519.285s][1][129][trace] GC(85) _eden_chunk_array[145]=0x00000000f912f280
[2025-08-08T15:29:13.637+0000][519.285s][1][129][trace] GC(85) _eden_chunk_array[146]=0x00000000f9189620
[2025-08-08T15:29:13.637+0000][519.285s][1][129][trace] GC(85) _eden_chunk_array[147]=0x00000000f91bd578
[2025-08-08T15:29:13.637+0000][519.285s][1][129][trace] GC(85) _eden_chunk_array[148]=0x00000000f91e7e78
[2025-08-08T15:29:13.638+0000][519.285s][1][129][trace] GC(85) _eden_chunk_array[149]=0x00000000f924aa20
[2025-08-08T15:29:13.638+0000][519.285s][1][129][trace] GC(85) _eden_chunk_array[150]=0x00000000f9272000
[2025-08-08T15:29:13.638+0000][519.285s][1][129][trace] GC(85) _eden_chunk_array[151]=0x00000000f9297998
[2025-08-08T15:29:13.638+0000][519.285s][1][129][trace] GC(85) _eden_chunk_array[152]=0x00000000f92c8138
[2025-08-08T15:29:13.638+0000][519.285s][1][129][trace] GC(85) _eden_chunk_array[153]=0x00000000f92edaa0
[2025-08-08T15:29:13.638+0000][519.285s][1][129][trace] GC(85) _eden_chunk_array[154]=0x00000000f9313428
[2025-08-08T15:29:13.638+0000][519.285s][1][129][trace] GC(85) _eden_chunk_array[155]=0x00000000f9338dc8
[2025-08-08T15:29:13.638+0000][519.285s][1][129][trace] GC(85) _eden_chunk_array[156]=0x00000000f935e778
[2025-08-08T15:29:13.638+0000][519.285s][1][129][trace] GC(85) _eden_chunk_array[157]=0x00000000f9387c48
[2025-08-08T15:29:13.638+0000][519.285s][1][129][trace] GC(85) _eden_chunk_array[158]=0x00000000f93b50b8
[2025-08-08T15:29:13.638+0000][519.285s][1][129][trace] GC(85) _eden_chunk_array[159]=0x00000000f93da618
[2025-08-08T15:29:13.638+0000][519.285s][1][129][trace] GC(85) _eden_chunk_array[160]=0x00000000f9417650
[2025-08-08T15:29:13.638+0000][519.285s][1][129][trace] GC(85) _eden_chunk_array[161]=0x00000000f943acc8
[2025-08-08T15:29:13.638+0000][519.285s][1][129][trace] GC(85) _eden_chunk_array[162]=0x00000000f9464500
[2025-08-08T15:29:13.638+0000][519.285s][1][129][trace] GC(85) _eden_chunk_array[163]=0x00000000f948e178
[2025-08-08T15:29:13.638+0000][519.285s][1][129][trace] GC(85) _eden_chunk_array[164]=0x00000000f94b8238
[2025-08-08T15:29:13.638+0000][519.285s][1][129][trace] GC(85) _eden_chunk_array[165]=0x00000000f95197e8
[2025-08-08T15:29:13.638+0000][519.285s][1][129][trace] GC(85) _eden_chunk_array[166]=0x00000000f9542118
[2025-08-08T15:29:13.638+0000][519.285s][1][129][trace] GC(85) _eden_chunk_array[167]=0x00000000f9567aa0
[2025-08-08T15:29:13.638+0000][519.285s][1][129][trace] GC(85) _eden_chunk_array[168]=0x00000000f9591b48
[2025-08-08T15:29:13.638+0000][519.285s][1][129][trace] GC(85) _eden_chunk_array[169]=0x00000000f95bbc00
[2025-08-08T15:29:13.638+0000][519.285s][1][129][trace] GC(85) _eden_chunk_array[170]=0x00000000f95e5cc0
[2025-08-08T15:29:13.638+0000][519.285s][1][129][trace] GC(85) _eden_chunk_array[171]=0x00000000f960fd68
[2025-08-08T15:29:13.638+0000][519.285s][1][129][trace] GC(85) _eden_chunk_array[172]=0x00000000f965e498
[2025-08-08T15:29:13.638+0000][519.285s][1][129][trace] GC(85) _eden_chunk_array[173]=0x00000000f9681860
[2025-08-08T15:29:13.638+0000][519.285s][1][129][trace] GC(85) _eden_chunk_array[174]=0x00000000f96a4070
[2025-08-08T15:29:13.638+0000][519.285s][1][129][trace] GC(85) _eden_chunk_array[175]=0x00000000f96c6188
[2025-08-08T15:29:13.638+0000][519.285s][1][129][trace] GC(85) _eden_chunk_array[176]=0x00000000f96f0fd8
[2025-08-08T15:29:13.638+0000][519.285s][1][129][trace] GC(85) _eden_chunk_array[177]=0x00000000f9713e68
[2025-08-08T15:29:13.638+0000][519.285s][1][129][trace] GC(85) _eden_chunk_array[178]=0x00000000f97368f0
[2025-08-08T15:29:13.638+0000][519.285s][1][129][trace] GC(85) _eden_chunk_array[179]=0x00000000f9759728
[2025-08-08T15:29:13.638+0000][519.286s][1][129][trace] GC(85) _eden_chunk_array[180]=0x00000000f977aab8
[2025-08-08T15:29:13.638+0000][519.286s][1][129][trace] GC(85) _eden_chunk_array[181]=0x00000000f979d8d8
[2025-08-08T15:29:13.638+0000][519.286s][1][129][trace] GC(85) _eden_chunk_array[182]=0x00000000f97c8718
[2025-08-08T15:29:13.638+0000][519.286s][1][129][trace] GC(85) _eden_chunk_array[183]=0x00000000f97f4440
[2025-08-08T15:29:13.638+0000][519.286s][1][129][trace] GC(85) _eden_chunk_array[184]=0x00000000f981db60
[2025-08-08T15:29:13.638+0000][519.286s][1][129][trace] GC(85) _eden_chunk_array[185]=0x00000000f9849888
[2025-08-08T15:29:13.638+0000][519.286s][1][129][trace] GC(85) _eden_chunk_array[186]=0x00000000f98b8410
[2025-08-08T15:29:13.638+0000][519.286s][1][129][trace] GC(85) _eden_chunk_array[187]=0x00000000f98ec3e8
[2025-08-08T15:29:13.638+0000][519.286s][1][129][trace] GC(85) _eden_chunk_array[188]=0x00000000f990dc78
[2025-08-08T15:29:13.638+0000][519.286s][1][129][trace] GC(85) _eden_chunk_array[189]=0x00000000f9932348
[2025-08-08T15:29:13.638+0000][519.286s][1][129][trace] GC(85) _eden_chunk_array[190]=0x00000000f99892b8
[2025-08-08T15:29:13.638+0000][519.286s][1][129][trace] GC(85) _eden_chunk_array[191]=0x00000000f99d5db8
[2025-08-08T15:29:13.638+0000][519.286s][1][129][trace] GC(85) _eden_chunk_array[192]=0x00000000f9a070a8
[2025-08-08T15:29:13.638+0000][519.286s][1][129][trace] GC(85) _eden_chunk_array[193]=0x00000000f9a308c8
[2025-08-08T15:29:13.638+0000][519.286s][1][129][trace] GC(85) _eden_chunk_array[194]=0x00000000f9a5a0f8
[2025-08-08T15:29:13.638+0000][519.286s][1][129][trace] GC(85) _eden_chunk_array[195]=0x00000000f9a83938
[2025-08-08T15:29:13.638+0000][519.286s][1][129][trace] GC(85) _eden_chunk_array[196]=0x00000000f9aad178
[2025-08-08T15:29:13.638+0000][519.286s][1][129][trace] GC(85) _eden_chunk_array[197]=0x00000000f9ad69a8
[2025-08-08T15:29:13.638+0000][519.286s][1][129][trace] GC(85) _eden_chunk_array[198]=0x00000000f9b03f40
[2025-08-08T15:29:13.638+0000][519.286s][1][129][trace] GC(85) _eden_chunk_array[199]=0x00000000f9b55758
[2025-08-08T15:29:13.638+0000][519.286s][1][129][trace] GC(85) _eden_chunk_array[200]=0x00000000f9b80550
[2025-08-08T15:29:13.639+0000][519.286s][1][129][trace] GC(85) _eden_chunk_array[201]=0x00000000f9ba7690
[2025-08-08T15:29:13.639+0000][519.286s][1][129][trace] GC(85) _eden_chunk_array[202]=0x00000000f9bc7910
[2025-08-08T15:29:13.639+0000][519.286s][1][129][trace] GC(85) _eden_chunk_array[203]=0x00000000f9c25260
[2025-08-08T15:29:13.639+0000][519.286s][1][129][trace] GC(85) _eden_chunk_array[204]=0x00000000f9c48830
[2025-08-08T15:29:13.639+0000][519.286s][1][129][trace] GC(85) _eden_chunk_array[205]=0x00000000f9c6f7f0
[2025-08-08T15:29:13.639+0000][519.286s][1][129][trace] GC(85) _eden_chunk_array[206]=0x00000000f9ca42a8
[2025-08-08T15:29:13.639+0000][519.286s][1][129][trace] GC(85) _eden_chunk_array[207]=0x00000000f9cd9558
[2025-08-08T15:29:13.639+0000][519.286s][1][129][trace] GC(85) _eden_chunk_array[208]=0x00000000f9d0e830
[2025-08-08T15:29:13.639+0000][519.286s][1][129][trace] GC(85) _eden_chunk_array[209]=0x00000000f9d38af8
[2025-08-08T15:29:13.639+0000][519.286s][1][129][trace] GC(85) _eden_chunk_array[210]=0x00000000f9d6ddd0
[2025-08-08T15:29:13.639+0000][519.286s][1][129][trace] GC(85) _eden_chunk_array[211]=0x00000000f9dd3018
[2025-08-08T15:29:13.639+0000][519.286s][1][129][trace] GC(85) _eden_chunk_array[212]=0x00000000f9df8f90
[2025-08-08T15:29:13.639+0000][519.286s][1][129][trace] GC(85) _eden_chunk_array[213]=0x00000000f9e19990
[2025-08-08T15:29:13.639+0000][519.286s][1][129][trace] GC(85) _eden_chunk_array[214]=0x00000000f9e3a3a0
[2025-08-08T15:29:13.639+0000][519.286s][1][129][trace] GC(85) _eden_chunk_array[215]=0x00000000f9e88c58
[2025-08-08T15:29:13.639+0000][519.286s][1][129][trace] GC(85) _eden_chunk_array[216]=0x00000000f9eae350
[2025-08-08T15:29:13.639+0000][519.286s][1][129][trace] GC(85) _eden_chunk_array[217]=0x00000000f9ed1930
[2025-08-08T15:29:13.639+0000][519.286s][1][129][trace] GC(85) _eden_chunk_array[218]=0x00000000f9ef8f10
[2025-08-08T15:29:13.639+0000][519.286s][1][129][trace] GC(85) _eden_chunk_array[219]=0x00000000f9f29f98
[2025-08-08T15:29:13.639+0000][519.286s][1][129][trace] GC(85) _eden_chunk_array[220]=0x00000000f9f5a8a0
[2025-08-08T15:29:13.639+0000][519.286s][1][129][trace] GC(85) _eden_chunk_array[221]=0x00000000f9f7c660
[2025-08-08T15:29:13.639+0000][519.286s][1][129][trace] GC(85) _eden_chunk_array[222]=0x00000000f9face00
[2025-08-08T15:29:13.639+0000][519.286s][1][129][trace] GC(85) _eden_chunk_array[223]=0x00000000f9ff7b10
[2025-08-08T15:29:13.639+0000][519.286s][1][129][trace] GC(85) _eden_chunk_array[224]=0x00000000fa02c5f8
[2025-08-08T15:29:13.639+0000][519.286s][1][129][trace] GC(85) _eden_chunk_array[225]=0x00000000fa062c58
[2025-08-08T15:29:13.639+0000][519.286s][1][129][trace] GC(85) _eden_chunk_array[226]=0x00000000fa097708
[2025-08-08T15:29:13.639+0000][519.286s][1][129][trace] GC(85) _eden_chunk_array[227]=0x00000000fa0bc180
[2025-08-08T15:29:13.639+0000][519.286s][1][129][trace] GC(85) _eden_chunk_array[228]=0x00000000fa0de9f8
[2025-08-08T15:29:13.639+0000][519.286s][1][129][trace] GC(85) _eden_chunk_array[229]=0x00000000fa13f660
[2025-08-08T15:29:13.639+0000][519.286s][1][129][trace] GC(85) _eden_chunk_array[230]=0x00000000fa173430
[2025-08-08T15:29:13.639+0000][519.286s][1][129][trace] GC(85) _eden_chunk_array[231]=0x00000000fa1a09b8
[2025-08-08T15:29:13.639+0000][519.286s][1][129][trace] GC(85) _eden_chunk_array[232]=0x00000000fa1ca1f8
[2025-08-08T15:29:13.639+0000][519.286s][1][129][trace] GC(85) _eden_chunk_array[233]=0x00000000fa1eb6b0
[2025-08-08T15:29:13.639+0000][519.286s][1][129][trace] GC(85) _eden_chunk_array[234]=0x00000000fa20cb48
[2025-08-08T15:29:13.639+0000][519.286s][1][129][trace] GC(85) _eden_chunk_array[235]=0x00000000fa22e018
[2025-08-08T15:29:13.639+0000][519.286s][1][129][trace] GC(85) _eden_chunk_array[236]=0x00000000fa24f4e8
[2025-08-08T15:29:13.639+0000][519.286s][1][129][trace] GC(85) _eden_chunk_array[237]=0x00000000fa278990
[2025-08-08T15:29:13.639+0000][519.286s][1][129][trace] GC(85) _eden_chunk_array[238]=0x00000000fa299e38
[2025-08-08T15:29:13.639+0000][519.286s][1][129][trace] GC(85) _eden_chunk_array[239]=0x00000000fa2c3690
[2025-08-08T15:29:13.639+0000][519.286s][1][129][trace] GC(85) _eden_chunk_array[240]=0x00000000fa2f3e38
[2025-08-08T15:29:13.639+0000][519.286s][1][129][trace] GC(85) _eden_chunk_array[241]=0x00000000fa3245e0
[2025-08-08T15:29:13.639+0000][519.286s][1][129][trace] GC(85) _eden_chunk_array[242]=0x00000000fa34aeb0
[2025-08-08T15:29:13.639+0000][519.286s][1][129][trace] GC(85) _eden_chunk_array[243]=0x00000000fa374360
[2025-08-08T15:29:13.639+0000][519.286s][1][129][trace] GC(85) _eden_chunk_array[244]=0x00000000fa3e0970
[2025-08-08T15:29:13.639+0000][519.286s][1][129][trace] GC(85) _eden_chunk_array[245]=0x00000000fa414af8
[2025-08-08T15:29:13.639+0000][519.286s][1][129][trace] GC(85) _eden_chunk_array[246]=0x00000000fa43d3d0
[2025-08-08T15:29:13.639+0000][519.286s][1][129][trace] GC(85) _eden_chunk_array[247]=0x00000000fa4615c0
[2025-08-08T15:29:13.639+0000][519.286s][1][129][trace] GC(85) _eden_chunk_array[248]=0x00000000fa4cdb48
[2025-08-08T15:29:13.639+0000][519.286s][1][129][trace] GC(85) _eden_chunk_array[249]=0x00000000fa4f7370
[2025-08-08T15:29:13.639+0000][519.286s][1][129][trace] GC(85) _eden_chunk_array[250]=0x00000000fa5203f0
[2025-08-08T15:29:13.639+0000][519.286s][1][129][trace] GC(85) _eden_chunk_array[251]=0x00000000fa549c38
[2025-08-08T15:29:13.639+0000][519.286s][1][129][trace] GC(85) _eden_chunk_array[252]=0x00000000fa57a3d8
[2025-08-08T15:29:13.639+0000][519.286s][1][129][trace] GC(85) _eden_chunk_array[253]=0x00000000fa5a3c10
[2025-08-08T15:29:13.639+0000][519.286s][1][129][trace] GC(85) _eden_chunk_array[254]=0x00000000fa5d43a0
[2025-08-08T15:29:13.639+0000][519.286s][1][129][trace] GC(85) _eden_chunk_array[255]=0x00000000fa5fdbc8
[2025-08-08T15:29:13.639+0000][519.286s][1][129][trace] GC(85) _eden_chunk_array[256]=0x00000000fa627418
[2025-08-08T15:29:13.639+0000][519.286s][1][129][trace] GC(85) _eden_chunk_array[257]=0x00000000fa64f488
[2025-08-08T15:29:13.639+0000][519.286s][1][129][trace] GC(85) _eden_chunk_array[258]=0x00000000fa67c240
[2025-08-08T15:29:13.639+0000][519.286s][1][129][trace] GC(85) _eden_chunk_array[259]=0x00000000fa6ad1c8
[2025-08-08T15:29:13.639+0000][519.286s][1][129][trace] GC(85) _eden_chunk_array[260]=0x00000000fa6d80d8
[2025-08-08T15:29:13.639+0000][519.286s][1][129][trace] GC(85) _eden_chunk_array[261]=0x00000000fa7002f0
[2025-08-08T15:29:13.639+0000][519.286s][1][129][trace] GC(85) _eden_chunk_array[262]=0x00000000fa738440
[2025-08-08T15:29:13.639+0000][519.286s][1][129][trace] GC(85) _eden_chunk_array[263]=0x00000000fa75d228
[2025-08-08T15:29:13.639+0000][519.286s][1][129][trace] GC(85) _eden_chunk_array[264]=0x00000000fa7cbab8
[2025-08-08T15:29:13.639+0000][519.286s][1][129][trace] GC(85) _eden_chunk_array[265]=0x00000000fa7f9498
[2025-08-08T15:29:13.639+0000][519.286s][1][129][trace] GC(85) _eden_chunk_array[266]=0x00000000fa8267f8
[2025-08-08T15:29:13.639+0000][519.286s][1][129][trace] GC(85) _eden_chunk_array[267]=0x00000000fa889f98
[2025-08-08T15:29:13.639+0000][519.286s][1][129][trace] GC(85) _eden_chunk_array[268]=0x00000000fa8b4048
[2025-08-08T15:29:13.639+0000][519.286s][1][129][trace] GC(85) _eden_chunk_array[269]=0x00000000fa8d4a00
[2025-08-08T15:29:13.639+0000][519.286s][1][129][trace] GC(85) _eden_chunk_array[270]=0x00000000fa8f5a80
[2025-08-08T15:29:13.639+0000][519.286s][1][129][trace] GC(85) _eden_chunk_array[271]=0x00000000fa9247a8
[2025-08-08T15:29:13.639+0000][519.286s][1][129][trace] GC(85) _eden_chunk_array[272]=0x00000000fa951fc8
[2025-08-08T15:29:13.639+0000][519.286s][1][129][trace] GC(85) _eden_chunk_array[273]=0x00000000fa97b808
[2025-08-08T15:29:13.639+0000][519.286s][1][129][trace] GC(85) _eden_chunk_array[274]=0x00000000fa9a8dd8
[2025-08-08T15:29:13.639+0000][519.286s][1][129][trace] GC(85) _eden_chunk_array[275]=0x00000000fa9da118
[2025-08-08T15:29:13.639+0000][519.286s][1][129][trace] GC(85) _eden_chunk_array[276]=0x00000000faa385f0
[2025-08-08T15:29:13.639+0000][519.286s][1][129][trace] GC(85) _eden_chunk_array[277]=0x00000000faa59c50
[2025-08-08T15:29:13.639+0000][519.286s][1][129][trace] GC(85) _eden_chunk_array[278]=0x00000000faacaf90
[2025-08-08T15:29:13.639+0000][519.286s][1][129][trace] GC(85) _eden_chunk_array[279]=0x00000000faafa878
[2025-08-08T15:29:13.639+0000][519.286s][1][129][trace] GC(85) _eden_chunk_array[280]=0x00000000fab2a140
[2025-08-08T15:29:13.639+0000][519.286s][1][129][trace] GC(85) _eden_chunk_array[281]=0x00000000fab599d8
[2025-08-08T15:29:13.639+0000][519.286s][1][129][trace] GC(85) _eden_chunk_array[282]=0x00000000fab83eb0
[2025-08-08T15:29:13.639+0000][519.286s][1][129][trace] GC(85) _eden_chunk_array[283]=0x00000000faba50e8
[2025-08-08T15:29:13.639+0000][519.286s][1][129][trace] GC(85) _eden_chunk_array[284]=0x00000000fabd8038
[2025-08-08T15:29:13.639+0000][519.286s][1][129][trace] GC(85) _eden_chunk_array[285]=0x00000000fac09340
[2025-08-08T15:29:13.639+0000][519.286s][1][129][trace] GC(85) _eden_chunk_array[286]=0x00000000fac36148
[2025-08-08T15:29:13.639+0000][519.286s][1][129][trace] GC(85) _eden_chunk_array[287]=0x00000000fac64b40
[2025-08-08T15:29:13.639+0000][519.286s][1][129][trace] GC(85) _eden_chunk_array[288]=0x00000000fac906c0
[2025-08-08T15:29:13.639+0000][519.286s][1][129][trace] GC(85) _eden_chunk_array[289]=0x00000000facc2a90
[2025-08-08T15:29:13.639+0000][519.286s][1][129][trace] GC(85) _eden_chunk_array[290]=0x00000000fad0b5d8
[2025-08-08T15:29:13.639+0000][519.286s][1][129][trace] GC(85) _eden_chunk_array[291]=0x00000000fad3b740
[2025-08-08T15:29:13.639+0000][519.286s][1][129][trace] GC(85) _eden_chunk_array[292]=0x00000000fad64048
[2025-08-08T15:29:13.639+0000][519.286s][1][129][trace] GC(85) _eden_chunk_array[293]=0x00000000fadb5870
[2025-08-08T15:29:13.639+0000][519.286s][1][129][trace] GC(85) _eden_chunk_array[294]=0x00000000fade2508
[2025-08-08T15:29:13.639+0000][519.286s][1][129][trace] GC(85) _eden_chunk_array[295]=0x00000000fae101b8
[2025-08-08T15:29:13.639+0000][519.286s][1][129][trace] GC(85) _eden_chunk_array[296]=0x00000000fae6a220
[2025-08-08T15:29:13.639+0000][519.286s][1][129][trace] GC(85) _eden_chunk_array[297]=0x00000000fae9d038
[2025-08-08T15:29:13.639+0000][519.286s][1][129][trace] GC(85) _eden_chunk_array[298]=0x00000000faec4668
[2025-08-08T15:29:13.639+0000][519.286s][1][129][trace] GC(85) _eden_chunk_array[299]=0x00000000faef0388
[2025-08-08T15:29:13.639+0000][519.286s][1][129][trace] GC(85) _eden_chunk_array[300]=0x00000000faf1c0e0
[2025-08-08T15:29:13.639+0000][519.286s][1][129][trace] GC(85) _eden_chunk_array[301]=0x00000000faf416b0
[2025-08-08T15:29:13.639+0000][519.286s][1][129][trace] GC(85) _eden_chunk_array[302]=0x00000000faf6d400
[2025-08-08T15:29:13.639+0000][519.286s][1][129][trace] GC(85) _eden_chunk_array[303]=0x00000000faf909d0
[2025-08-08T15:29:13.639+0000][519.286s][1][129][trace] GC(85) _eden_chunk_array[304]=0x00000000fafbc6f0
[2025-08-08T15:29:13.639+0000][519.286s][1][129][trace] GC(85) _eden_chunk_array[305]=0x00000000fafdfcc8
[2025-08-08T15:29:13.639+0000][519.286s][1][129][trace] GC(85) _eden_chunk_array[306]=0x00000000fb03fea8
[2025-08-08T15:29:13.639+0000][519.286s][1][129][trace] GC(85) _eden_chunk_array[307]=0x00000000fb068fc8
[2025-08-08T15:29:13.639+0000][519.286s][1][129][trace] GC(85) _eden_chunk_array[308]=0x00000000fb08c800
[2025-08-08T15:29:13.639+0000][519.286s][1][129][trace] GC(85) _eden_chunk_array[309]=0x00000000fb0b4558
[2025-08-08T15:29:13.639+0000][519.286s][1][129][trace] GC(85) _eden_chunk_array[310]=0x00000000fb110230
[2025-08-08T15:29:13.639+0000][519.286s][1][129][trace] GC(85) _eden_chunk_array[311]=0x00000000fb13b0b8
[2025-08-08T15:29:13.639+0000][519.286s][1][129][trace] GC(85) _eden_chunk_array[312]=0x00000000fb16aa28
[2025-08-08T15:29:13.639+0000][519.286s][1][129][trace] GC(85) _eden_chunk_array[313]=0x00000000fb18d858
[2025-08-08T15:29:13.639+0000][519.286s][1][129][trace] GC(85) _eden_chunk_array[314]=0x00000000fb1b0678
[2025-08-08T15:29:13.639+0000][519.286s][1][129][trace] GC(85) _eden_chunk_array[315]=0x00000000fb1e34d8
[2025-08-08T15:29:13.639+0000][519.286s][1][129][trace] GC(85) _eden_chunk_array[316]=0x00000000fb217f80
[2025-08-08T15:29:13.639+0000][519.286s][1][129][trace] GC(85) _eden_chunk_array[317]=0x00000000fb24e680
[2025-08-08T15:29:13.639+0000][519.286s][1][129][trace] GC(85) _eden_chunk_array[318]=0x00000000fb2b7300
[2025-08-08T15:29:13.639+0000][519.286s][1][129][trace] GC(85) _eden_chunk_array[319]=0x00000000fb2ebdc0
[2025-08-08T15:29:13.639+0000][519.286s][1][129][trace] GC(85) _eden_chunk_array[320]=0x00000000fb359a38
[2025-08-08T15:29:13.639+0000][519.286s][1][129][trace] GC(85) _eden_chunk_array[321]=0x00000000fb37c338
[2025-08-08T15:29:13.639+0000][519.286s][1][129][trace] GC(85) _eden_chunk_array[322]=0x00000000fb3ddb78
[2025-08-08T15:29:13.639+0000][519.286s][1][129][trace] GC(85) _eden_chunk_array[323]=0x00000000fb40e928
[2025-08-08T15:29:13.639+0000][519.286s][1][129][trace] GC(85) _eden_chunk_array[324]=0x00000000fb43d268
[2025-08-08T15:29:13.639+0000][519.286s][1][129][trace] GC(85) _eden_chunk_array[325]=0x00000000fb466300
[2025-08-08T15:29:13.639+0000][519.286s][1][129][trace] GC(85) _eden_chunk_array[326]=0x00000000fb497390
[2025-08-08T15:29:13.639+0000][519.286s][1][129][trace] GC(85) _eden_chunk_array[327]=0x00000000fb4c41a0
[2025-08-08T15:29:13.639+0000][519.286s][1][129][trace] GC(85) _eden_chunk_array[328]=0x00000000fb4f5250
[2025-08-08T15:29:13.639+0000][519.286s][1][129][trace] GC(85) _eden_chunk_array[329]=0x00000000fb51db58
[2025-08-08T15:29:13.639+0000][519.286s][1][129][trace] GC(85) _eden_chunk_array[330]=0x00000000fb546478
[2025-08-08T15:29:13.639+0000][519.286s][1][129][trace] GC(85) _eden_chunk_array[331]=0x00000000fb594bc0
[2025-08-08T15:29:13.639+0000][519.286s][1][129][trace] GC(85) _eden_chunk_array[332]=0x00000000fb5c3578
[2025-08-08T15:29:13.639+0000][519.286s][1][129][trace] GC(85) _eden_chunk_array[333]=0x00000000fb5eb7a8
[2025-08-08T15:29:13.639+0000][519.286s][1][129][trace] GC(85) _eden_chunk_array[334]=0x00000000fb6143a8
[2025-08-08T15:29:13.639+0000][519.286s][1][129][trace] GC(85) _eden_chunk_array[335]=0x00000000fb635f20
[2025-08-08T15:29:13.639+0000][519.286s][1][129][trace] GC(85) _eden_chunk_array[336]=0x00000000fb65efc0
[2025-08-08T15:29:13.639+0000][519.286s][1][129][trace] GC(85) _eden_chunk_array[337]=0x00000000fb6831a8
[2025-08-08T15:29:13.639+0000][519.286s][1][129][trace] GC(85) _eden_chunk_array[338]=0x00000000fb6b2380
[2025-08-08T15:29:13.639+0000][519.286s][1][129][trace] GC(85) _eden_chunk_array[339]=0x00000000fb6e30d8
[2025-08-08T15:29:13.639+0000][519.286s][1][129][trace] GC(85) _eden_chunk_array[340]=0x00000000fb711a90
[2025-08-08T15:29:13.639+0000][519.286s][1][129][trace] GC(85) _eden_chunk_array[341]=0x00000000fb7632b8
[2025-08-08T15:29:13.639+0000][519.286s][1][129][trace] GC(85) _eden_chunk_array[342]=0x00000000fb799c88
[2025-08-08T15:29:13.639+0000][519.286s][1][129][trace] GC(85) _eden_chunk_array[343]=0x00000000fb7c25c8
[2025-08-08T15:29:13.639+0000][519.286s][1][129][trace] GC(85) _eden_chunk_array[344]=0x00000000fb7e32c8
[2025-08-08T15:29:13.639+0000][519.286s][1][129][trace] GC(85) _eden_chunk_array[345]=0x00000000fb831a10
[2025-08-08T15:29:13.639+0000][519.286s][1][129][trace] GC(85) _eden_chunk_array[346]=0x00000000fb853308
[2025-08-08T15:29:13.639+0000][519.286s][1][129][trace] GC(85) _eden_chunk_array[347]=0x00000000fb874cf0
[2025-08-08T15:29:13.639+0000][519.286s][1][129][trace] GC(85) _eden_chunk_array[348]=0x00000000fb89c368
[2025-08-08T15:29:13.639+0000][519.286s][1][129][trace] GC(85) _eden_chunk_array[349]=0x00000000fb8e6d50
[2025-08-08T15:29:13.639+0000][519.286s][1][129][trace] GC(85) _eden_chunk_array[350]=0x00000000fb9174e0
[2025-08-08T15:29:13.639+0000][519.286s][1][129][trace] GC(85) _eden_chunk_array[351]=0x00000000fb956550
[2025-08-08T15:29:13.639+0000][519.286s][1][129][trace] GC(85) _eden_chunk_array[352]=0x00000000fb9bd658
[2025-08-08T15:29:13.639+0000][519.286s][1][129][trace] GC(85) _eden_chunk_array[353]=0x00000000fba082c0
[2025-08-08T15:29:13.639+0000][519.286s][1][129][trace] GC(85) _eden_chunk_array[354]=0x00000000fba6df60
[2025-08-08T15:29:13.639+0000][519.286s][1][129][trace] GC(85) _eden_chunk_array[355]=0x00000000fbaa2a30
[2025-08-08T15:29:13.639+0000][519.286s][1][129][trace] GC(85) _eden_chunk_array[356]=0x00000000fbad74d8
[2025-08-08T15:29:13.639+0000][519.286s][1][129][trace] GC(85) _eden_chunk_array[357]=0x00000000fbb0bf98
[2025-08-08T15:29:13.639+0000][519.286s][1][129][trace] GC(85) _eden_chunk_array[358]=0x00000000fbb40a80
[2025-08-08T15:29:13.639+0000][519.286s][1][129][trace] GC(85) _eden_chunk_array[359]=0x00000000fbb62f08
[2025-08-08T15:29:13.639+0000][519.286s][1][129][trace] GC(85) _eden_chunk_array[360]=0x00000000fbb85970
[2025-08-08T15:29:13.639+0000][519.286s][1][129][trace] GC(85) _eden_chunk_array[361]=0x00000000fbba6c80
[2025-08-08T15:29:13.639+0000][519.286s][1][129][trace] GC(85) _eden_chunk_array[362]=0x00000000fbbd6648
[2025-08-08T15:29:13.639+0000][519.286s][1][129][trace] GC(85) _eden_chunk_array[363]=0x00000000fbc097d8
[2025-08-08T15:29:13.639+0000][519.286s][1][129][trace] GC(85) _eden_chunk_array[364]=0x00000000fbc36d68
[2025-08-08T15:29:13.639+0000][519.286s][1][129][trace] GC(85) _eden_chunk_array[365]=0x00000000fbc64318
[2025-08-08T15:29:13.639+0000][519.286s][1][129][trace] GC(85) _eden_chunk_array[366]=0x00000000fbcb2a90
[2025-08-08T15:29:13.639+0000][519.286s][1][129][trace] GC(85) _eden_chunk_array[367]=0x00000000fbd1cc30
[2025-08-08T15:29:13.639+0000][519.286s][1][129][trace] GC(85) _eden_chunk_array[368]=0x00000000fbd4df30
[2025-08-08T15:29:13.639+0000][519.287s][1][129][trace] GC(85) _eden_chunk_array[369]=0x00000000fbd7f260
[2025-08-08T15:29:13.639+0000][519.287s][1][129][trace] GC(85) _eden_chunk_array[370]=0x00000000fbdb21a0
[2025-08-08T15:29:13.639+0000][519.287s][1][129][trace] GC(85) _eden_chunk_array[371]=0x00000000fbe14d48
[2025-08-08T15:29:13.639+0000][519.287s][1][129][trace] GC(85) _eden_chunk_array[372]=0x00000000fbe374a0
[2025-08-08T15:29:13.639+0000][519.287s][1][129][trace] GC(85) _eden_chunk_array[373]=0x00000000fbe61598
[2025-08-08T15:29:13.639+0000][519.287s][1][129][trace] GC(85) _eden_chunk_array[374]=0x00000000fbe861c8
[2025-08-08T15:29:13.639+0000][519.287s][1][129][trace] GC(85) _eden_chunk_array[375]=0x00000000fbeaf9f8
[2025-08-08T15:29:13.639+0000][519.287s][1][129][trace] GC(85) _eden_chunk_array[376]=0x00000000fbed0e88
[2025-08-08T15:29:13.639+0000][519.287s][1][129][trace] GC(85) _eden_chunk_array[377]=0x00000000fbefe178
[2025-08-08T15:29:13.639+0000][519.287s][1][129][trace] GC(85) _eden_chunk_array[378]=0x00000000fbf69f18
[2025-08-08T15:29:13.639+0000][519.287s][1][129][trace] GC(85) _eden_chunk_array[379]=0x00000000fbf9a5e0
[2025-08-08T15:29:13.639+0000][519.287s][1][129][trace] GC(85) _eden_chunk_array[380]=0x00000000fbfcaca0
[2025-08-08T15:29:13.639+0000][519.287s][1][129][trace] GC(85) _eden_chunk_array[381]=0x00000000fbffb368
[2025-08-08T15:29:13.639+0000][519.287s][1][129][trace] GC(85) _eden_chunk_array[382]=0x00000000fc02ba30
[2025-08-08T15:29:13.639+0000][519.287s][1][129][trace] GC(85) _eden_chunk_array[383]=0x00000000fc05f3a0
[2025-08-08T15:29:13.639+0000][519.287s][1][129][trace] GC(85) _eden_chunk_array[384]=0x00000000fc080b58
[2025-08-08T15:29:13.639+0000][519.287s][1][129][trace] GC(85) _eden_chunk_array[385]=0x00000000fc0ecb70
[2025-08-08T15:29:13.639+0000][519.287s][1][129][trace] GC(85) _eden_chunk_array[386]=0x00000000fc113c58
[2025-08-08T15:29:13.639+0000][519.287s][1][129][trace] GC(85) _eden_chunk_array[387]=0x00000000fc140d80
[2025-08-08T15:29:13.639+0000][519.287s][1][129][trace] GC(85) _eden_chunk_array[388]=0x00000000fc168100
[2025-08-08T15:29:13.639+0000][519.287s][1][129][trace] GC(85) _eden_chunk_array[389]=0x00000000fc18f470
[2025-08-08T15:29:13.639+0000][519.287s][1][129][trace] GC(85) _eden_chunk_array[390]=0x00000000fc1c4f50
[2025-08-08T15:29:13.639+0000][519.287s][1][129][trace] GC(85) _eden_chunk_array[391]=0x00000000fc1f8650
[2025-08-08T15:29:13.639+0000][519.287s][1][129][trace] GC(85) _eden_chunk_array[392]=0x00000000fc264bd0
[2025-08-08T15:29:13.639+0000][519.287s][1][129][trace] GC(85) _eden_chunk_array[393]=0x00000000fc29a698
[2025-08-08T15:29:13.639+0000][519.287s][1][129][trace] GC(85) _eden_chunk_array[394]=0x00000000fc2d0178
[2025-08-08T15:29:13.639+0000][519.287s][1][129][trace] GC(85) _eden_chunk_array[395]=0x00000000fc2fd360
[2025-08-08T15:29:13.639+0000][519.287s][1][129][trace] GC(85) _eden_chunk_array[396]=0x00000000fc31d808
[2025-08-08T15:29:13.639+0000][519.287s][1][129][trace] GC(85) _eden_chunk_array[397]=0x00000000fc33f738
[2025-08-08T15:29:13.639+0000][519.287s][1][129][trace] GC(85) _eden_chunk_array[398]=0x00000000fc372328
[2025-08-08T15:29:13.639+0000][519.287s][1][129][trace] GC(85) _eden_chunk_array[399]=0x00000000fc395900
[2025-08-08T15:29:13.639+0000][519.287s][1][129][trace] GC(85) _eden_chunk_array[400]=0x00000000fc3bcc38
[2025-08-08T15:29:13.639+0000][519.287s][1][129][trace] GC(85) _eden_chunk_array[401]=0x00000000fc3e0260
[2025-08-08T15:29:13.639+0000][519.287s][1][129][trace] GC(85) _eden_chunk_array[402]=0x00000000fc407320
[2025-08-08T15:29:13.639+0000][519.287s][1][129][trace] GC(85) _eden_chunk_array[403]=0x00000000fc469f08
[2025-08-08T15:29:13.639+0000][519.287s][1][129][trace] GC(85) _eden_chunk_array[404]=0x00000000fc49a6a0
[2025-08-08T15:29:13.639+0000][519.287s][1][129][trace] GC(85) _eden_chunk_array[405]=0x00000000fc4cae40
[2025-08-08T15:29:13.639+0000][519.287s][1][129][trace] GC(85) _eden_chunk_array[406]=0x00000000fc4f07c0
[2025-08-08T15:29:13.639+0000][519.287s][1][129][trace] GC(85) _eden_chunk_array[407]=0x00000000fc516130
[2025-08-08T15:29:13.639+0000][519.287s][1][129][trace] GC(85) _eden_chunk_array[408]=0x00000000fc53bb00
[2025-08-08T15:29:13.639+0000][519.287s][1][129][trace] GC(85) _eden_chunk_array[409]=0x00000000fc561488
[2025-08-08T15:29:13.639+0000][519.287s][1][129][trace] GC(85) _eden_chunk_array[410]=0x00000000fc586e08
[2025-08-08T15:29:13.639+0000][519.287s][1][129][trace] GC(85) _eden_chunk_array[411]=0x00000000fc5ac790
[2025-08-08T15:29:13.639+0000][519.287s][1][129][trace] GC(85) _eden_chunk_array[412]=0x00000000fc5cdbe0
[2025-08-08T15:29:13.639+0000][519.287s][1][129][trace] GC(85) _eden_chunk_array[413]=0x00000000fc5f1a60
[2025-08-08T15:29:13.639+0000][519.287s][1][129][trace] GC(85) _eden_chunk_array[414]=0x00000000fc612c68
[2025-08-08T15:29:13.639+0000][519.287s][1][129][trace] GC(85) _eden_chunk_array[415]=0x00000000fc66ea98
[2025-08-08T15:29:13.639+0000][519.287s][1][129][trace] GC(85) _eden_chunk_array[416]=0x00000000fc69cdf8
[2025-08-08T15:29:13.639+0000][519.287s][1][129][trace] GC(85) _eden_chunk_array[417]=0x00000000fc6d3c10
[2025-08-08T15:29:13.639+0000][519.287s][1][129][trace] GC(85) _eden_chunk_array[418]=0x00000000fc6fcc90
[2025-08-08T15:29:13.639+0000][519.287s][1][129][trace] GC(85) _eden_chunk_array[419]=0x00000000fc72a228
[2025-08-08T15:29:13.639+0000][519.287s][1][129][trace] GC(85) _eden_chunk_array[420]=0x00000000fc7593f8
[2025-08-08T15:29:13.639+0000][519.287s][1][129][trace] GC(85) _eden_chunk_array[421]=0x00000000fc7bc740
[2025-08-08T15:29:13.639+0000][519.287s][1][129][trace] GC(85) _eden_chunk_array[422]=0x00000000fc7e5f68
[2025-08-08T15:29:13.639+0000][519.287s][1][129][trace] GC(85) _eden_chunk_array[423]=0x00000000fc837798
[2025-08-08T15:29:13.639+0000][519.287s][1][129][trace] GC(85) _eden_chunk_array[424]=0x00000000fc860fd0
[2025-08-08T15:29:13.639+0000][519.287s][1][129][trace] GC(85) _eden_chunk_array[425]=0x00000000fc88a810
[2025-08-08T15:29:13.639+0000][519.287s][1][129][trace] GC(85) _eden_chunk_array[426]=0x00000000fc8b5030
[2025-08-08T15:29:13.639+0000][519.287s][1][129][trace] GC(85) _eden_chunk_array[427]=0x00000000fc8e25d0
[2025-08-08T15:29:13.639+0000][519.287s][1][129][trace] GC(85) _eden_chunk_array[428]=0x00000000fc904b78
[2025-08-08T15:29:13.639+0000][519.287s][1][129][trace] GC(85) _eden_chunk_array[429]=0x00000000fc92f660
[2025-08-08T15:29:13.639+0000][519.287s][1][129][trace] GC(85) _eden_chunk_array[430]=0x00000000fc95b868
[2025-08-08T15:29:13.639+0000][519.287s][1][129][trace] GC(85) _eden_chunk_array[431]=0x00000000fc97fa70
[2025-08-08T15:29:13.639+0000][519.287s][1][129][trace] GC(85) _eden_chunk_array[432]=0x00000000fc9ebbd8
[2025-08-08T15:29:13.639+0000][519.287s][1][129][trace] GC(85) _eden_chunk_array[433]=0x00000000fca20698
[2025-08-08T15:29:13.639+0000][519.287s][1][129][trace] GC(85) _eden_chunk_array[434]=0x00000000fca6ede0
[2025-08-08T15:29:13.639+0000][519.287s][1][129][trace] GC(85) _eden_chunk_array[435]=0x00000000fcaa38b0
[2025-08-08T15:29:13.639+0000][519.287s][1][129][trace] GC(85) _eden_chunk_array[436]=0x00000000fcad8370
[2025-08-08T15:29:13.639+0000][519.287s][1][129][trace] GC(85) _eden_chunk_array[437]=0x00000000fcb0ce30
[2025-08-08T15:29:13.639+0000][519.287s][1][129][trace] GC(85) _eden_chunk_array[438]=0x00000000fcb2d7a8
[2025-08-08T15:29:13.639+0000][519.287s][1][129][trace] GC(85) _eden_chunk_array[439]=0x00000000fcb56240
[2025-08-08T15:29:13.639+0000][519.287s][1][129][trace] GC(85) _eden_chunk_array[440]=0x00000000fcb76308
[2025-08-08T15:29:13.639+0000][519.287s][1][129][trace] GC(85) _eden_chunk_array[441]=0x00000000fcb9d868
[2025-08-08T15:29:13.639+0000][519.287s][1][129][trace] GC(85) _eden_chunk_array[442]=0x00000000fcbc2d58
[2025-08-08T15:29:13.639+0000][519.287s][1][129][trace] GC(85) _eden_chunk_array[443]=0x00000000fcbf0e28
[2025-08-08T15:29:13.639+0000][519.287s][1][129][trace] GC(85) _eden_chunk_array[444]=0x00000000fcc1aec8
[2025-08-08T15:29:13.639+0000][519.287s][1][129][trace] GC(85) _eden_chunk_array[445]=0x00000000fcc44f70
[2025-08-08T15:29:13.640+0000][519.287s][1][129][trace] GC(85) _eden_chunk_array[446]=0x00000000fcc75710
[2025-08-08T15:29:13.640+0000][519.287s][1][129][trace] GC(85) _eden_chunk_array[447]=0x00000000fcca8328
[2025-08-08T15:29:13.640+0000][519.287s][1][129][trace] GC(85) _eden_chunk_array[448]=0x00000000fccd8ad0
[2025-08-08T15:29:13.640+0000][519.287s][1][129][trace] GC(85) _eden_chunk_array[449]=0x00000000fcd02318
[2025-08-08T15:29:13.640+0000][519.287s][1][129][trace] GC(85) _eden_chunk_array[450]=0x00000000fcd2bb50
[2025-08-08T15:29:13.640+0000][519.287s][1][129][trace] GC(85) _eden_chunk_array[451]=0x00000000fcd55378
[2025-08-08T15:29:13.640+0000][519.287s][1][129][trace] GC(85) _eden_chunk_array[452]=0x00000000fcd7ebb8
[2025-08-08T15:29:13.640+0000][519.287s][1][129][trace] GC(85) _eden_chunk_array[453]=0x00000000fcda8410
[2025-08-08T15:29:13.640+0000][519.287s][1][129][trace] GC(85) _eden_chunk_array[454]=0x00000000fcdd9350
[2025-08-08T15:29:13.640+0000][519.287s][1][129][trace] GC(85) _eden_chunk_array[455]=0x00000000fce02410
[2025-08-08T15:29:13.640+0000][519.287s][1][129][trace] GC(85) _eden_chunk_array[456]=0x00000000fce5cef0
[2025-08-08T15:29:13.640+0000][519.287s][1][129][trace] GC(85) _eden_chunk_array[457]=0x00000000fceb0450
[2025-08-08T15:29:13.640+0000][519.287s][1][129][trace] GC(85) _eden_chunk_array[458]=0x00000000fcee4b30
[2025-08-08T15:29:13.640+0000][519.287s][1][129][trace] GC(85) _eden_chunk_array[459]=0x00000000fcf0e368
[2025-08-08T15:29:13.640+0000][519.287s][1][129][trace] GC(85) _eden_chunk_array[460]=0x00000000fcf376c8
[2025-08-08T15:29:13.640+0000][519.287s][1][129][trace] GC(85) _eden_chunk_array[461]=0x00000000fcf587e8
[2025-08-08T15:29:13.640+0000][519.287s][1][129][trace] GC(85) _eden_chunk_array[462]=0x00000000fcf79cb8
[2025-08-08T15:29:13.640+0000][519.287s][1][129][trace] GC(85) _eden_chunk_array[463]=0x00000000fcf9f628
[2025-08-08T15:29:13.640+0000][519.287s][1][129][trace] GC(85) _eden_chunk_array[464]=0x00000000fcfc4fc8
[2025-08-08T15:29:13.640+0000][519.287s][1][129][trace] GC(85) _eden_chunk_array[465]=0x00000000fd01ff88
[2025-08-08T15:29:13.640+0000][519.287s][1][129][trace] GC(85) _eden_chunk_array[466]=0x00000000fd045950
[2025-08-08T15:29:13.640+0000][519.287s][1][129][trace] GC(85) _eden_chunk_array[467]=0x00000000fd06b2e8
[2025-08-08T15:29:13.640+0000][519.287s][1][129][trace] GC(85) _eden_chunk_array[468]=0x00000000fd093cb8
[2025-08-08T15:29:13.640+0000][519.287s][1][129][trace] GC(85) _eden_chunk_array[469]=0x00000000fd0badb0
[2025-08-08T15:29:13.640+0000][519.287s][1][129][trace] GC(85) _eden_chunk_array[470]=0x00000000fd0db7b0
[2025-08-08T15:29:13.640+0000][519.287s][1][129][trace] GC(85) _eden_chunk_array[471]=0x00000000fd0fc2e8
[2025-08-08T15:29:13.640+0000][519.287s][1][129][trace] GC(85) _eden_chunk_array[472]=0x00000000fd12e288
[2025-08-08T15:29:13.640+0000][519.287s][1][129][trace] GC(85) _eden_chunk_array[473]=0x00000000fd159fc8
[2025-08-08T15:29:13.640+0000][519.287s][1][129][trace] GC(85) _eden_chunk_array[474]=0x00000000fd17f358
[2025-08-08T15:29:13.640+0000][519.287s][1][129][trace] GC(85) _eden_chunk_array[475]=0x00000000fd1a3388
[2025-08-08T15:29:13.640+0000][519.287s][1][129][trace] GC(85) _eden_chunk_array[476]=0x00000000fd20f150
[2025-08-08T15:29:13.640+0000][519.287s][1][129][trace] GC(85) _eden_chunk_array[477]=0x00000000fd243c30
[2025-08-08T15:29:13.640+0000][519.287s][1][129][trace] GC(85) _eden_chunk_array[478]=0x00000000fd265a00
[2025-08-08T15:29:13.640+0000][519.287s][1][129][trace] GC(85) _eden_chunk_array[479]=0x00000000fd29a4c0
[2025-08-08T15:29:13.640+0000][519.287s][1][129][trace] GC(85) _eden_chunk_array[480]=0x00000000fd2e8c00
[2025-08-08T15:29:13.640+0000][519.287s][1][129][trace] GC(85) _eden_chunk_array[481]=0x00000000fd31d6b8
[2025-08-08T15:29:13.640+0000][519.287s][1][129][trace] GC(85) _eden_chunk_array[482]=0x00000000fd344df8
[2025-08-08T15:29:13.640+0000][519.287s][1][129][trace] GC(85) _eden_chunk_array[483]=0x00000000fd373658
[2025-08-08T15:29:13.640+0000][519.287s][1][129][trace] GC(85) _eden_chunk_array[484]=0x00000000fd395030
[2025-08-08T15:29:13.640+0000][519.287s][1][129][trace] GC(85) _eden_chunk_array[485]=0x00000000fd3c5730
[2025-08-08T15:29:13.640+0000][519.287s][1][129][trace] GC(85) _eden_chunk_array[486]=0x00000000fd3f2698
[2025-08-08T15:29:13.640+0000][519.287s][1][129][trace] GC(85) survivor 0x00000000fd410000-0x00000000fe6db970-0x00000000fe780000(20381696)
[2025-08-08T15:29:13.640+0000][519.287s][1][129][trace] GC(85) _survivor_chunk_index=0, _survivor_chunk_capacity=9952
[2025-08-08T15:29:13.668+0000][519.315s][1][129][info ] GC(85) Pause Initial Mark 179M->179M(180M) 31.411ms
[2025-08-08T15:29:13.668+0000][519.315s][1][129][info ] Leaving safepoint region
[2025-08-08T15:29:13.668+0000][519.315s][1][129][info ] Total time for which application threads were stopped: 0.0316650 seconds, Stopping threads took: 0.0000294 seconds
[2025-08-08T15:29:13.668+0000][519.316s][1][128][info ] GC(85) Concurrent Mark
[2025-08-08T15:29:13.672+0000][519.320s][1][128][info ] GC(85) Concurrent Mark 4.139ms
[2025-08-08T15:29:13.672+0000][519.320s][1][128][info ] GC(85) Concurrent Preclean
[2025-08-08T15:29:13.673+0000][519.320s][1][128][info ] GC(85) Concurrent Preclean 0.518ms
[2025-08-08T15:29:13.673+0000][519.320s][1][128][info ] GC(85) Concurrent Abortable Preclean
[2025-08-08T15:29:13.673+0000][519.320s][1][128][trace] CMS: promo attempt is not safe: available(24) < av_promo(2795291), max_promo(183352824)
[2025-08-08T15:29:13.673+0000][519.320s][1][128][info ] GC(85) Concurrent Abortable Preclean 0.019ms
[2025-08-08T15:29:13.673+0000][519.320s][1][129][info ] Application time: 0.0050835 seconds
[2025-08-08T15:29:13.673+0000][519.321s][1][129][info ] Entering safepoint region: CMS_Final_Remark
[2025-08-08T15:29:13.673+0000][519.321s][1][129][trace] GC(85) eden 0x00000000f3800000-0x00000000fd410000-0x00000000fd410000(163643392)
[2025-08-08T15:29:13.673+0000][519.321s][1][129][trace] GC(85) _eden_chunk_index=487, _eden_chunk_capacity=11233
[2025-08-08T15:29:13.673+0000][519.321s][1][129][trace] GC(85) _eden_chunk_array[0]=0x00000000f74596b0
[2025-08-08T15:29:13.673+0000][519.321s][1][129][trace] GC(85) _eden_chunk_array[1]=0x00000000f74ac5b8
[2025-08-08T15:29:13.673+0000][519.321s][1][129][trace] GC(85) _eden_chunk_array[2]=0x00000000f74d55e8
[2025-08-08T15:29:13.673+0000][519.321s][1][129][trace] GC(85) _eden_chunk_array[3]=0x00000000f7504058
[2025-08-08T15:29:13.673+0000][519.321s][1][129][trace] GC(85) _eden_chunk_array[4]=0x00000000f7524f88
[2025-08-08T15:29:13.673+0000][519.321s][1][129][trace] GC(85) _eden_chunk_array[5]=0x00000000f754e7c0
[2025-08-08T15:29:13.673+0000][519.321s][1][129][trace] GC(85) _eden_chunk_array[6]=0x00000000f7577fe0
[2025-08-08T15:29:13.673+0000][519.321s][1][129][trace] GC(85) _eden_chunk_array[7]=0x00000000f75a71a8
[2025-08-08T15:29:13.673+0000][519.321s][1][129][trace] GC(85) _eden_chunk_array[8]=0x00000000f75f58d8
[2025-08-08T15:29:13.673+0000][519.321s][1][129][trace] GC(85) _eden_chunk_array[9]=0x00000000f761a640
[2025-08-08T15:29:13.673+0000][519.321s][1][129][trace] GC(85) _eden_chunk_array[10]=0x00000000f76649c8
[2025-08-08T15:29:13.674+0000][519.321s][1][129][trace] GC(85) _eden_chunk_array[11]=0x00000000f76854f8
[2025-08-08T15:29:13.674+0000][519.321s][1][129][trace] GC(85) _eden_chunk_array[12]=0x00000000f76d4790
[2025-08-08T15:29:13.674+0000][519.321s][1][129][trace] GC(85) _eden_chunk_array[13]=0x00000000f7704f20
[2025-08-08T15:29:13.674+0000][519.321s][1][129][trace] GC(85) _eden_chunk_array[14]=0x00000000f7751bd0
[2025-08-08T15:29:13.674+0000][519.321s][1][129][trace] GC(85) _eden_chunk_array[15]=0x00000000f777a4b0
[2025-08-08T15:29:13.674+0000][519.321s][1][129][trace] GC(85) _eden_chunk_array[16]=0x00000000f77a4c70
[2025-08-08T15:29:13.674+0000][519.321s][1][129][trace] GC(85) _eden_chunk_array[17]=0x00000000f7810a48
[2025-08-08T15:29:13.674+0000][519.321s][1][129][trace] GC(85) _eden_chunk_array[18]=0x00000000f78454f8
[2025-08-08T15:29:13.674+0000][519.321s][1][129][trace] GC(85) _eden_chunk_array[19]=0x00000000f7879fb0
[2025-08-08T15:29:13.674+0000][519.321s][1][129][trace] GC(85) _eden_chunk_array[20]=0x00000000f78aea98
[2025-08-08T15:29:13.674+0000][519.321s][1][129][trace] GC(85) _eden_chunk_array[21]=0x00000000f78d8f40
[2025-08-08T15:29:13.674+0000][519.321s][1][129][trace] GC(85) _eden_chunk_array[22]=0x00000000f79059a8
[2025-08-08T15:29:13.674+0000][519.321s][1][129][trace] GC(85) _eden_chunk_array[23]=0x00000000f7968da8
[2025-08-08T15:29:13.674+0000][519.321s][1][129][trace] GC(85) _eden_chunk_array[24]=0x00000000f79891e8
[2025-08-08T15:29:13.674+0000][519.321s][1][129][trace] GC(85) _eden_chunk_array[25]=0x00000000f79b18e8
[2025-08-08T15:29:13.674+0000][519.321s][1][129][trace] GC(85) _eden_chunk_array[26]=0x00000000f79d1ad8
[2025-08-08T15:29:13.674+0000][519.321s][1][129][trace] GC(85) _eden_chunk_array[27]=0x00000000f7a16618
[2025-08-08T15:29:13.674+0000][519.321s][1][129][trace] GC(85) _eden_chunk_array[28]=0x00000000f7a46d00
[2025-08-08T15:29:13.674+0000][519.321s][1][129][trace] GC(85) _eden_chunk_array[29]=0x00000000f7a8fd38
[2025-08-08T15:29:13.674+0000][519.321s][1][129][trace] GC(85) _eden_chunk_array[30]=0x00000000f7ad8d90
[2025-08-08T15:29:13.674+0000][519.321s][1][129][trace] GC(85) _eden_chunk_array[31]=0x00000000f7b2a5c0
[2025-08-08T15:29:13.674+0000][519.321s][1][129][trace] GC(85) _eden_chunk_array[32]=0x00000000f7b87ac8
[2025-08-08T15:29:13.674+0000][519.321s][1][129][trace] GC(85) _eden_chunk_array[33]=0x00000000f7bad890
[2025-08-08T15:29:13.674+0000][519.321s][1][129][trace] GC(85) _eden_chunk_array[34]=0x00000000f7bce290
[2025-08-08T15:29:13.674+0000][519.321s][1][129][trace] GC(85) _eden_chunk_array[35]=0x00000000f7bef940
[2025-08-08T15:29:13.674+0000][519.321s][1][129][trace] GC(85) _eden_chunk_array[36]=0x00000000f7c20f50
[2025-08-08T15:29:13.674+0000][519.321s][1][129][trace] GC(85) _eden_chunk_array[37]=0x00000000f7c53e40
[2025-08-08T15:29:13.674+0000][519.321s][1][129][trace] GC(85) _eden_chunk_array[38]=0x00000000f7c79888
[2025-08-08T15:29:13.674+0000][519.321s][1][129][trace] GC(85) _eden_chunk_array[39]=0x00000000f7c9ea88
[2025-08-08T15:29:13.674+0000][519.321s][1][129][trace] GC(85) _eden_chunk_array[40]=0x00000000f7cc3cb8
[2025-08-08T15:29:13.674+0000][519.321s][1][129][trace] GC(85) _eden_chunk_array[41]=0x00000000f7ceaaa0
[2025-08-08T15:29:13.674+0000][519.321s][1][129][trace] GC(85) _eden_chunk_array[42]=0x00000000f7d0b440
[2025-08-08T15:29:13.674+0000][519.321s][1][129][trace] GC(85) _eden_chunk_array[43]=0x00000000f7d30640
[2025-08-08T15:29:13.674+0000][519.321s][1][129][trace] GC(85) _eden_chunk_array[44]=0x00000000f7d9da90
[2025-08-08T15:29:13.674+0000][519.321s][1][129][trace] GC(85) _eden_chunk_array[45]=0x00000000f7dd09f8
[2025-08-08T15:29:13.674+0000][519.321s][1][129][trace] GC(85) _eden_chunk_array[46]=0x00000000f7df56f0
[2025-08-08T15:29:13.674+0000][519.321s][1][129][trace] GC(85) _eden_chunk_array[47]=0x00000000f7e1ad98
[2025-08-08T15:29:13.674+0000][519.321s][1][129][trace] GC(85) _eden_chunk_array[48]=0x00000000f7e88158
[2025-08-08T15:29:13.674+0000][519.321s][1][129][trace] GC(85) _eden_chunk_array[49]=0x00000000f7eb0348
[2025-08-08T15:29:13.674+0000][519.321s][1][129][trace] GC(85) _eden_chunk_array[50]=0x00000000f7ed5e98
[2025-08-08T15:29:13.674+0000][519.321s][1][129][trace] GC(85) _eden_chunk_array[51]=0x00000000f7f02cb8
[2025-08-08T15:29:13.674+0000][519.321s][1][129][trace] GC(85) _eden_chunk_array[52]=0x00000000f7f29820
[2025-08-08T15:29:13.674+0000][519.321s][1][129][trace] GC(85) _eden_chunk_array[53]=0x00000000f7f50380
[2025-08-08T15:29:13.674+0000][519.321s][1][129][trace] GC(85) _eden_chunk_array[54]=0x00000000f7f78570
[2025-08-08T15:29:13.674+0000][519.321s][1][129][trace] GC(85) _eden_chunk_array[55]=0x00000000f7f9f118
[2025-08-08T15:29:13.674+0000][519.321s][1][129][trace] GC(85) _eden_chunk_array[56]=0x00000000f7fd1398
[2025-08-08T15:29:13.674+0000][519.321s][1][129][trace] GC(85) _eden_chunk_array[57]=0x00000000f7ff15f0
[2025-08-08T15:29:13.674+0000][519.321s][1][129][trace] GC(85) _eden_chunk_array[58]=0x00000000f8021d80
[2025-08-08T15:29:13.674+0000][519.321s][1][129][trace] GC(85) _eden_chunk_array[59]=0x00000000f8052520
[2025-08-08T15:29:13.674+0000][519.321s][1][129][trace] GC(85) _eden_chunk_array[60]=0x00000000f8078698
[2025-08-08T15:29:13.674+0000][519.321s][1][129][trace] GC(85) _eden_chunk_array[61]=0x00000000f809e8f8
[2025-08-08T15:29:13.674+0000][519.321s][1][129][trace] GC(85) _eden_chunk_array[62]=0x00000000f80c9470
[2025-08-08T15:29:13.674+0000][519.321s][1][129][trace] GC(85) _eden_chunk_array[63]=0x00000000f8101478
[2025-08-08T15:29:13.674+0000][519.321s][1][129][trace] GC(85) _eden_chunk_array[64]=0x00000000f8128fa8
[2025-08-08T15:29:13.674+0000][519.321s][1][129][trace] GC(85) _eden_chunk_array[65]=0x00000000f81516c0
[2025-08-08T15:29:13.674+0000][519.321s][1][129][trace] GC(85) _eden_chunk_array[66]=0x00000000f81bc790
[2025-08-08T15:29:13.674+0000][519.321s][1][129][trace] GC(85) _eden_chunk_array[67]=0x00000000f821fae0
[2025-08-08T15:29:13.674+0000][519.321s][1][129][trace] GC(85) _eden_chunk_array[68]=0x00000000f8245540
[2025-08-08T15:29:13.674+0000][519.321s][1][129][trace] GC(85) _eden_chunk_array[69]=0x00000000f826afc0
[2025-08-08T15:29:13.674+0000][519.321s][1][129][trace] GC(85) _eden_chunk_array[70]=0x00000000f82909f8
[2025-08-08T15:29:13.674+0000][519.321s][1][129][trace] GC(85) _eden_chunk_array[71]=0x00000000f82b6460
[2025-08-08T15:29:13.674+0000][519.321s][1][129][trace] GC(85) _eden_chunk_array[72]=0x00000000f82dbef0
[2025-08-08T15:29:13.674+0000][519.321s][1][129][trace] GC(85) _eden_chunk_array[73]=0x00000000f8301998
[2025-08-08T15:29:13.674+0000][519.321s][1][129][trace] GC(85) _eden_chunk_array[74]=0x00000000f83398c8
[2025-08-08T15:29:13.674+0000][519.321s][1][129][trace] GC(85) _eden_chunk_array[75]=0x00000000f835b020
[2025-08-08T15:29:13.674+0000][519.321s][1][129][trace] GC(85) _eden_chunk_array[76]=0x00000000f8381080
[2025-08-08T15:29:13.674+0000][519.321s][1][129][trace] GC(85) _eden_chunk_array[77]=0x00000000f83daa10
[2025-08-08T15:29:13.674+0000][519.321s][1][129][trace] GC(85) _eden_chunk_array[78]=0x00000000f8409a80
[2025-08-08T15:29:13.674+0000][519.321s][1][129][trace] GC(85) _eden_chunk_array[79]=0x00000000f842d588
[2025-08-08T15:29:13.674+0000][519.321s][1][129][trace] GC(85) _eden_chunk_array[80]=0x00000000f8485750
[2025-08-08T15:29:13.674+0000][519.321s][1][129][trace] GC(85) _eden_chunk_array[81]=0x00000000f84b3020
[2025-08-08T15:29:13.674+0000][519.321s][1][129][trace] GC(85) _eden_chunk_array[82]=0x00000000f84db8f8
[2025-08-08T15:29:13.674+0000][519.321s][1][129][trace] GC(85) _eden_chunk_array[83]=0x00000000f850c098
[2025-08-08T15:29:13.674+0000][519.321s][1][129][trace] GC(85) _eden_chunk_array[84]=0x00000000f8534970
[2025-08-08T15:29:13.674+0000][519.321s][1][129][trace] GC(85) _eden_chunk_array[85]=0x00000000f8565110
[2025-08-08T15:29:13.674+0000][519.321s][1][129][trace] GC(85) _eden_chunk_array[86]=0x00000000f85b6928
[2025-08-08T15:29:13.674+0000][519.321s][1][129][trace] GC(85) _eden_chunk_array[87]=0x00000000f85df230
[2025-08-08T15:29:13.674+0000][519.321s][1][129][trace] GC(85) _eden_chunk_array[88]=0x00000000f8607b20
[2025-08-08T15:29:13.674+0000][519.321s][1][129][trace] GC(85) _eden_chunk_array[89]=0x00000000f862e828
[2025-08-08T15:29:13.674+0000][519.321s][1][129][trace] GC(85) _eden_chunk_array[90]=0x00000000f8653490
[2025-08-08T15:29:13.674+0000][519.321s][1][129][trace] GC(85) _eden_chunk_array[91]=0x00000000f8674438
[2025-08-08T15:29:13.674+0000][519.321s][1][129][trace] GC(85) _eden_chunk_array[92]=0x00000000f869b2d8
[2025-08-08T15:29:13.674+0000][519.321s][1][129][trace] GC(85) _eden_chunk_array[93]=0x00000000f86bfc78
[2025-08-08T15:29:13.674+0000][519.321s][1][129][trace] GC(85) _eden_chunk_array[94]=0x00000000f86e6630
[2025-08-08T15:29:13.674+0000][519.321s][1][129][trace] GC(85) _eden_chunk_array[95]=0x00000000f871a5d0
[2025-08-08T15:29:13.674+0000][519.321s][1][129][trace] GC(85) _eden_chunk_array[96]=0x00000000f87464f8
[2025-08-08T15:29:13.674+0000][519.321s][1][129][trace] GC(85) _eden_chunk_array[97]=0x00000000f877af98
[2025-08-08T15:29:13.674+0000][519.321s][1][129][trace] GC(85) _eden_chunk_array[98]=0x00000000f87e6d28
[2025-08-08T15:29:13.674+0000][519.321s][1][129][trace] GC(85) _eden_chunk_array[99]=0x00000000f88174d0
[2025-08-08T15:29:13.674+0000][519.321s][1][129][trace] GC(85) _eden_chunk_array[100]=0x00000000f884bfe0
[2025-08-08T15:29:13.674+0000][519.321s][1][129][trace] GC(85) _eden_chunk_array[101]=0x00000000f8880a90
[2025-08-08T15:29:13.674+0000][519.321s][1][129][trace] GC(85) _eden_chunk_array[102]=0x00000000f88a8fa0
[2025-08-08T15:29:13.674+0000][519.321s][1][129][trace] GC(85) _eden_chunk_array[103]=0x00000000f88ca4d8
[2025-08-08T15:29:13.674+0000][519.321s][1][129][trace] GC(85) _eden_chunk_array[104]=0x00000000f88f0e68
[2025-08-08T15:29:13.674+0000][519.321s][1][129][trace] GC(85) _eden_chunk_array[105]=0x00000000f8914998
[2025-08-08T15:29:13.674+0000][519.321s][1][129][trace] GC(85) _eden_chunk_array[106]=0x00000000f8943b50
[2025-08-08T15:29:13.674+0000][519.321s][1][129][trace] GC(85) _eden_chunk_array[107]=0x00000000f8967d68
[2025-08-08T15:29:13.674+0000][519.321s][1][129][trace] GC(85) _eden_chunk_array[108]=0x00000000f8991360
[2025-08-08T15:29:13.674+0000][519.321s][1][129][trace] GC(85) _eden_chunk_array[109]=0x00000000f89b7ec0
[2025-08-08T15:29:13.674+0000][519.321s][1][129][trace] GC(85) _eden_chunk_array[110]=0x00000000f89deaa8
[2025-08-08T15:29:13.674+0000][519.321s][1][129][trace] GC(85) _eden_chunk_array[111]=0x00000000f8a01e48
[2025-08-08T15:29:13.674+0000][519.321s][1][129][trace] GC(85) _eden_chunk_array[112]=0x00000000f8a289a8
[2025-08-08T15:29:13.674+0000][519.321s][1][129][trace] GC(85) _eden_chunk_array[113]=0x00000000f8a4f518
[2025-08-08T15:29:13.674+0000][519.321s][1][129][trace] GC(85) _eden_chunk_array[114]=0x00000000f8a9dc58
[2025-08-08T15:29:13.674+0000][519.321s][1][129][trace] GC(85) _eden_chunk_array[115]=0x00000000f8ac4d88
[2025-08-08T15:29:13.674+0000][519.321s][1][129][trace] GC(85) _eden_chunk_array[116]=0x00000000f8aebd28
[2025-08-08T15:29:13.674+0000][519.321s][1][129][trace] GC(85) _eden_chunk_array[117]=0x00000000f8b48a38
[2025-08-08T15:29:13.674+0000][519.321s][1][129][trace] GC(85) _eden_chunk_array[118]=0x00000000f8b6d790
[2025-08-08T15:29:13.674+0000][519.321s][1][129][trace] GC(85) _eden_chunk_array[119]=0x00000000f8b911e8
[2025-08-08T15:29:13.674+0000][519.321s][1][129][trace] GC(85) _eden_chunk_array[120]=0x00000000f8bef900
[2025-08-08T15:29:13.674+0000][519.321s][1][129][trace] GC(85) _eden_chunk_array[121]=0x00000000f8c335d8
[2025-08-08T15:29:13.674+0000][519.321s][1][129][trace] GC(85) _eden_chunk_array[122]=0x00000000f8c8e5a0
[2025-08-08T15:29:13.674+0000][519.321s][1][129][trace] GC(85) _eden_chunk_array[123]=0x00000000f8caff78
[2025-08-08T15:29:13.674+0000][519.321s][1][129][trace] GC(85) _eden_chunk_array[124]=0x00000000f8cdd530
[2025-08-08T15:29:13.674+0000][519.321s][1][129][trace] GC(85) _eden_chunk_array[125]=0x00000000f8d08b20
[2025-08-08T15:29:13.674+0000][519.321s][1][129][trace] GC(85) _eden_chunk_array[126]=0x00000000f8d3f138
[2025-08-08T15:29:13.674+0000][519.321s][1][129][trace] GC(85) _eden_chunk_array[127]=0x00000000f8daaec8
[2025-08-08T15:29:13.674+0000][519.321s][1][129][trace] GC(85) _eden_chunk_array[128]=0x00000000f8ddf970
[2025-08-08T15:29:13.674+0000][519.321s][1][129][trace] GC(85) _eden_chunk_array[129]=0x00000000f8e14438
[2025-08-08T15:29:13.674+0000][519.321s][1][129][trace] GC(85) _eden_chunk_array[130]=0x00000000f8e36208
[2025-08-08T15:29:13.674+0000][519.322s][1][129][trace] GC(85) _eden_chunk_array[131]=0x00000000f8e60288
[2025-08-08T15:29:13.674+0000][519.322s][1][129][trace] GC(85) _eden_chunk_array[132]=0x00000000f8eace78
[2025-08-08T15:29:13.674+0000][519.322s][1][129][trace] GC(85) _eden_chunk_array[133]=0x00000000f8ee1548
[2025-08-08T15:29:13.674+0000][519.322s][1][129][trace] GC(85) _eden_chunk_array[134]=0x00000000f8f07f38
[2025-08-08T15:29:13.674+0000][519.322s][1][129][trace] GC(85) _eden_chunk_array[135]=0x00000000f8f3d1f8
[2025-08-08T15:29:13.674+0000][519.322s][1][129][trace] GC(85) _eden_chunk_array[136]=0x00000000f8f6c388
[2025-08-08T15:29:13.674+0000][519.322s][1][129][trace] GC(85) _eden_chunk_array[137]=0x00000000f8f9b4f0
[2025-08-08T15:29:13.674+0000][519.322s][1][129][trace] GC(85) _eden_chunk_array[138]=0x00000000f8fd1ce8
[2025-08-08T15:29:13.674+0000][519.322s][1][129][trace] GC(85) _eden_chunk_array[139]=0x00000000f9000e68
[2025-08-08T15:29:13.674+0000][519.322s][1][129][trace] GC(85) _eden_chunk_array[140]=0x00000000f902ffd0
[2025-08-08T15:29:13.674+0000][519.322s][1][129][trace] GC(85) _eden_chunk_array[141]=0x00000000f9064aa0
[2025-08-08T15:29:13.674+0000][519.322s][1][129][trace] GC(85) _eden_chunk_array[142]=0x00000000f90b31d8
[2025-08-08T15:29:13.674+0000][519.322s][1][129][trace] GC(85) _eden_chunk_array[143]=0x00000000f90da820
[2025-08-08T15:29:13.674+0000][519.322s][1][129][trace] GC(85) _eden_chunk_array[144]=0x00000000f9101ba0
[2025-08-08T15:29:13.674+0000][519.322s][1][129][trace] GC(85) _eden_chunk_array[145]=0x00000000f912f280
[2025-08-08T15:29:13.674+0000][519.322s][1][129][trace] GC(85) _eden_chunk_array[146]=0x00000000f9189620
[2025-08-08T15:29:13.674+0000][519.322s][1][129][trace] GC(85) _eden_chunk_array[147]=0x00000000f91bd578
[2025-08-08T15:29:13.674+0000][519.322s][1][129][trace] GC(85) _eden_chunk_array[148]=0x00000000f91e7e78
[2025-08-08T15:29:13.674+0000][519.322s][1][129][trace] GC(85) _eden_chunk_array[149]=0x00000000f924aa20
[2025-08-08T15:29:13.674+0000][519.322s][1][129][trace] GC(85) _eden_chunk_array[150]=0x00000000f9272000
[2025-08-08T15:29:13.674+0000][519.322s][1][129][trace] GC(85) _eden_chunk_array[151]=0x00000000f9297998
[2025-08-08T15:29:13.674+0000][519.322s][1][129][trace] GC(85) _eden_chunk_array[152]=0x00000000f92c8138
[2025-08-08T15:29:13.674+0000][519.322s][1][129][trace] GC(85) _eden_chunk_array[153]=0x00000000f92edaa0
[2025-08-08T15:29:13.674+0000][519.322s][1][129][trace] GC(85) _eden_chunk_array[154]=0x00000000f9313428
[2025-08-08T15:29:13.674+0000][519.322s][1][129][trace] GC(85) _eden_chunk_array[155]=0x00000000f9338dc8
[2025-08-08T15:29:13.674+0000][519.322s][1][129][trace] GC(85) _eden_chunk_array[156]=0x00000000f935e778
[2025-08-08T15:29:13.674+0000][519.322s][1][129][trace] GC(85) _eden_chunk_array[157]=0x00000000f9387c48
[2025-08-08T15:29:13.674+0000][519.322s][1][129][trace] GC(85) _eden_chunk_array[158]=0x00000000f93b50b8
[2025-08-08T15:29:13.674+0000][519.322s][1][129][trace] GC(85) _eden_chunk_array[159]=0x00000000f93da618
[2025-08-08T15:29:13.674+0000][519.322s][1][129][trace] GC(85) _eden_chunk_array[160]=0x00000000f9417650
[2025-08-08T15:29:13.674+0000][519.322s][1][129][trace] GC(85) _eden_chunk_array[161]=0x00000000f943acc8
[2025-08-08T15:29:13.674+0000][519.322s][1][129][trace] GC(85) _eden_chunk_array[162]=0x00000000f9464500
[2025-08-08T15:29:13.674+0000][519.322s][1][129][trace] GC(85) _eden_chunk_array[163]=0x00000000f948e178
[2025-08-08T15:29:13.675+0000][519.322s][1][129][trace] GC(85) _eden_chunk_array[164]=0x00000000f94b8238
[2025-08-08T15:29:13.675+0000][519.322s][1][129][trace] GC(85) _eden_chunk_array[165]=0x00000000f95197e8
[2025-08-08T15:29:13.675+0000][519.322s][1][129][trace] GC(85) _eden_chunk_array[166]=0x00000000f9542118
[2025-08-08T15:29:13.675+0000][519.322s][1][129][trace] GC(85) _eden_chunk_array[167]=0x00000000f9567aa0
[2025-08-08T15:29:13.675+0000][519.322s][1][129][trace] GC(85) _eden_chunk_array[168]=0x00000000f9591b48
[2025-08-08T15:29:13.675+0000][519.322s][1][129][trace] GC(85) _eden_chunk_array[169]=0x00000000f95bbc00
[2025-08-08T15:29:13.675+0000][519.322s][1][129][trace] GC(85) _eden_chunk_array[170]=0x00000000f95e5cc0
[2025-08-08T15:29:13.675+0000][519.322s][1][129][trace] GC(85) _eden_chunk_array[171]=0x00000000f960fd68
[2025-08-08T15:29:13.675+0000][519.322s][1][129][trace] GC(85) _eden_chunk_array[172]=0x00000000f965e498
[2025-08-08T15:29:13.675+0000][519.322s][1][129][trace] GC(85) _eden_chunk_array[173]=0x00000000f9681860
[2025-08-08T15:29:13.675+0000][519.322s][1][129][trace] GC(85) _eden_chunk_array[174]=0x00000000f96a4070
[2025-08-08T15:29:13.675+0000][519.322s][1][129][trace] GC(85) _eden_chunk_array[175]=0x00000000f96c6188
[2025-08-08T15:29:13.675+0000][519.322s][1][129][trace] GC(85) _eden_chunk_array[176]=0x00000000f96f0fd8
[2025-08-08T15:29:13.675+0000][519.322s][1][129][trace] GC(85) _eden_chunk_array[177]=0x00000000f9713e68
[2025-08-08T15:29:13.675+0000][519.322s][1][129][trace] GC(85) _eden_chunk_array[178]=0x00000000f97368f0
[2025-08-08T15:29:13.675+0000][519.322s][1][129][trace] GC(85) _eden_chunk_array[179]=0x00000000f9759728
[2025-08-08T15:29:13.675+0000][519.322s][1][129][trace] GC(85) _eden_chunk_array[180]=0x00000000f977aab8
[2025-08-08T15:29:13.675+0000][519.322s][1][129][trace] GC(85) _eden_chunk_array[181]=0x00000000f979d8d8
[2025-08-08T15:29:13.675+0000][519.322s][1][129][trace] GC(85) _eden_chunk_array[182]=0x00000000f97c8718
[2025-08-08T15:29:13.675+0000][519.322s][1][129][trace] GC(85) _eden_chunk_array[183]=0x00000000f97f4440
[2025-08-08T15:29:13.675+0000][519.322s][1][129][trace] GC(85) _eden_chunk_array[184]=0x00000000f981db60
[2025-08-08T15:29:13.675+0000][519.322s][1][129][trace] GC(85) _eden_chunk_array[185]=0x00000000f9849888
[2025-08-08T15:29:13.675+0000][519.322s][1][129][trace] GC(85) _eden_chunk_array[186]=0x00000000f98b8410
[2025-08-08T15:29:13.675+0000][519.322s][1][129][trace] GC(85) _eden_chunk_array[187]=0x00000000f98ec3e8
[2025-08-08T15:29:13.675+0000][519.322s][1][129][trace] GC(85) _eden_chunk_array[188]=0x00000000f990dc78
[2025-08-08T15:29:13.675+0000][519.322s][1][129][trace] GC(85) _eden_chunk_array[189]=0x00000000f9932348
[2025-08-08T15:29:13.675+0000][519.322s][1][129][trace] GC(85) _eden_chunk_array[190]=0x00000000f99892b8
[2025-08-08T15:29:13.675+0000][519.322s][1][129][trace] GC(85) _eden_chunk_array[191]=0x00000000f99d5db8
[2025-08-08T15:29:13.675+0000][519.322s][1][129][trace] GC(85) _eden_chunk_array[192]=0x00000000f9a070a8
[2025-08-08T15:29:13.675+0000][519.322s][1][129][trace] GC(85) _eden_chunk_array[193]=0x00000000f9a308c8
[2025-08-08T15:29:13.675+0000][519.322s][1][129][trace] GC(85) _eden_chunk_array[194]=0x00000000f9a5a0f8
[2025-08-08T15:29:13.675+0000][519.322s][1][129][trace] GC(85) _eden_chunk_array[195]=0x00000000f9a83938
[2025-08-08T15:29:13.675+0000][519.322s][1][129][trace] GC(85) _eden_chunk_array[196]=0x00000000f9aad178
[2025-08-08T15:29:13.675+0000][519.322s][1][129][trace] GC(85) _eden_chunk_array[197]=0x00000000f9ad69a8
[2025-08-08T15:29:13.675+0000][519.322s][1][129][trace] GC(85) _eden_chunk_array[198]=0x00000000f9b03f40
[2025-08-08T15:29:13.675+0000][519.322s][1][129][trace] GC(85) _eden_chunk_array[199]=0x00000000f9b55758
[2025-08-08T15:29:13.675+0000][519.322s][1][129][trace] GC(85) _eden_chunk_array[200]=0x00000000f9b80550
[2025-08-08T15:29:13.675+0000][519.322s][1][129][trace] GC(85) _eden_chunk_array[201]=0x00000000f9ba7690
[2025-08-08T15:29:13.675+0000][519.322s][1][129][trace] GC(85) _eden_chunk_array[202]=0x00000000f9bc7910
[2025-08-08T15:29:13.675+0000][519.322s][1][129][trace] GC(85) _eden_chunk_array[203]=0x00000000f9c25260
[2025-08-08T15:29:13.675+0000][519.322s][1][129][trace] GC(85) _eden_chunk_array[204]=0x00000000f9c48830
[2025-08-08T15:29:13.675+0000][519.322s][1][129][trace] GC(85) _eden_chunk_array[205]=0x00000000f9c6f7f0
[2025-08-08T15:29:13.675+0000][519.322s][1][129][trace] GC(85) _eden_chunk_array[206]=0x00000000f9ca42a8
[2025-08-08T15:29:13.675+0000][519.322s][1][129][trace] GC(85) _eden_chunk_array[207]=0x00000000f9cd9558
[2025-08-08T15:29:13.675+0000][519.322s][1][129][trace] GC(85) _eden_chunk_array[208]=0x00000000f9d0e830
[2025-08-08T15:29:13.675+0000][519.322s][1][129][trace] GC(85) _eden_chunk_array[209]=0x00000000f9d38af8
[2025-08-08T15:29:13.675+0000][519.322s][1][129][trace] GC(85) _eden_chunk_array[210]=0x00000000f9d6ddd0
[2025-08-08T15:29:13.675+0000][519.322s][1][129][trace] GC(85) _eden_chunk_array[211]=0x00000000f9dd3018
[2025-08-08T15:29:13.675+0000][519.322s][1][129][trace] GC(85) _eden_chunk_array[212]=0x00000000f9df8f90
[2025-08-08T15:29:13.675+0000][519.322s][1][129][trace] GC(85) _eden_chunk_array[213]=0x00000000f9e19990
[2025-08-08T15:29:13.675+0000][519.322s][1][129][trace] GC(85) _eden_chunk_array[214]=0x00000000f9e3a3a0
[2025-08-08T15:29:13.675+0000][519.322s][1][129][trace] GC(85) _eden_chunk_array[215]=0x00000000f9e88c58
[2025-08-08T15:29:13.675+0000][519.322s][1][129][trace] GC(85) _eden_chunk_array[216]=0x00000000f9eae350
[2025-08-08T15:29:13.675+0000][519.322s][1][129][trace] GC(85) _eden_chunk_array[217]=0x00000000f9ed1930
[2025-08-08T15:29:13.675+0000][519.322s][1][129][trace] GC(85) _eden_chunk_array[218]=0x00000000f9ef8f10
[2025-08-08T15:29:13.675+0000][519.322s][1][129][trace] GC(85) _eden_chunk_array[219]=0x00000000f9f29f98
[2025-08-08T15:29:13.675+0000][519.322s][1][129][trace] GC(85) _eden_chunk_array[220]=0x00000000f9f5a8a0
[2025-08-08T15:29:13.675+0000][519.322s][1][129][trace] GC(85) _eden_chunk_array[221]=0x00000000f9f7c660
[2025-08-08T15:29:13.675+0000][519.322s][1][129][trace] GC(85) _eden_chunk_array[222]=0x00000000f9face00
[2025-08-08T15:29:13.675+0000][519.322s][1][129][trace] GC(85) _eden_chunk_array[223]=0x00000000f9ff7b10
[2025-08-08T15:29:13.675+0000][519.322s][1][129][trace] GC(85) _eden_chunk_array[224]=0x00000000fa02c5f8
[2025-08-08T15:29:13.675+0000][519.322s][1][129][trace] GC(85) _eden_chunk_array[225]=0x00000000fa062c58
[2025-08-08T15:29:13.675+0000][519.322s][1][129][trace] GC(85) _eden_chunk_array[226]=0x00000000fa097708
[2025-08-08T15:29:13.675+0000][519.322s][1][129][trace] GC(85) _eden_chunk_array[227]=0x00000000fa0bc180
[2025-08-08T15:29:13.675+0000][519.322s][1][129][trace] GC(85) _eden_chunk_array[228]=0x00000000fa0de9f8
[2025-08-08T15:29:13.675+0000][519.322s][1][129][trace] GC(85) _eden_chunk_array[229]=0x00000000fa13f660
[2025-08-08T15:29:13.675+0000][519.322s][1][129][trace] GC(85) _eden_chunk_array[230]=0x00000000fa173430
[2025-08-08T15:29:13.675+0000][519.322s][1][129][trace] GC(85) _eden_chunk_array[231]=0x00000000fa1a09b8
[2025-08-08T15:29:13.675+0000][519.322s][1][129][trace] GC(85) _eden_chunk_array[232]=0x00000000fa1ca1f8
[2025-08-08T15:29:13.675+0000][519.322s][1][129][trace] GC(85) _eden_chunk_array[233]=0x00000000fa1eb6b0
[2025-08-08T15:29:13.675+0000][519.322s][1][129][trace] GC(85) _eden_chunk_array[234]=0x00000000fa20cb48
[2025-08-08T15:29:13.675+0000][519.322s][1][129][trace] GC(85) _eden_chunk_array[235]=0x00000000fa22e018
[2025-08-08T15:29:13.675+0000][519.322s][1][129][trace] GC(85) _eden_chunk_array[236]=0x00000000fa24f4e8
[2025-08-08T15:29:13.675+0000][519.322s][1][129][trace] GC(85) _eden_chunk_array[237]=0x00000000fa278990
[2025-08-08T15:29:13.675+0000][519.322s][1][129][trace] GC(85) _eden_chunk_array[238]=0x00000000fa299e38
[2025-08-08T15:29:13.675+0000][519.322s][1][129][trace] GC(85) _eden_chunk_array[239]=0x00000000fa2c3690
[2025-08-08T15:29:13.675+0000][519.322s][1][129][trace] GC(85) _eden_chunk_array[240]=0x00000000fa2f3e38
[2025-08-08T15:29:13.675+0000][519.322s][1][129][trace] GC(85) _eden_chunk_array[241]=0x00000000fa3245e0
[2025-08-08T15:29:13.675+0000][519.322s][1][129][trace] GC(85) _eden_chunk_array[242]=0x00000000fa34aeb0
[2025-08-08T15:29:13.675+0000][519.322s][1][129][trace] GC(85) _eden_chunk_array[243]=0x00000000fa374360
[2025-08-08T15:29:13.675+0000][519.322s][1][129][trace] GC(85) _eden_chunk_array[244]=0x00000000fa3e0970
[2025-08-08T15:29:13.675+0000][519.322s][1][129][trace] GC(85) _eden_chunk_array[245]=0x00000000fa414af8
[2025-08-08T15:29:13.675+0000][519.322s][1][129][trace] GC(85) _eden_chunk_array[246]=0x00000000fa43d3d0
[2025-08-08T15:29:13.675+0000][519.322s][1][129][trace] GC(85) _eden_chunk_array[247]=0x00000000fa4615c0
[2025-08-08T15:29:13.675+0000][519.322s][1][129][trace] GC(85) _eden_chunk_array[248]=0x00000000fa4cdb48
[2025-08-08T15:29:13.675+0000][519.322s][1][129][trace] GC(85) _eden_chunk_array[249]=0x00000000fa4f7370
[2025-08-08T15:29:13.675+0000][519.322s][1][129][trace] GC(85) _eden_chunk_array[250]=0x00000000fa5203f0
[2025-08-08T15:29:13.675+0000][519.322s][1][129][trace] GC(85) _eden_chunk_array[251]=0x00000000fa549c38
[2025-08-08T15:29:13.675+0000][519.322s][1][129][trace] GC(85) _eden_chunk_array[252]=0x00000000fa57a3d8
[2025-08-08T15:29:13.675+0000][519.322s][1][129][trace] GC(85) _eden_chunk_array[253]=0x00000000fa5a3c10
[2025-08-08T15:29:13.675+0000][519.322s][1][129][trace] GC(85) _eden_chunk_array[254]=0x00000000fa5d43a0
[2025-08-08T15:29:13.675+0000][519.322s][1][129][trace] GC(85) _eden_chunk_array[255]=0x00000000fa5fdbc8
[2025-08-08T15:29:13.675+0000][519.322s][1][129][trace] GC(85) _eden_chunk_array[256]=0x00000000fa627418
[2025-08-08T15:29:13.675+0000][519.322s][1][129][trace] GC(85) _eden_chunk_array[257]=0x00000000fa64f488
[2025-08-08T15:29:13.675+0000][519.322s][1][129][trace] GC(85) _eden_chunk_array[258]=0x00000000fa67c240
[2025-08-08T15:29:13.675+0000][519.322s][1][129][trace] GC(85) _eden_chunk_array[259]=0x00000000fa6ad1c8
[2025-08-08T15:29:13.675+0000][519.322s][1][129][trace] GC(85) _eden_chunk_array[260]=0x00000000fa6d80d8
[2025-08-08T15:29:13.675+0000][519.322s][1][129][trace] GC(85) _eden_chunk_array[261]=0x00000000fa7002f0
[2025-08-08T15:29:13.675+0000][519.322s][1][129][trace] GC(85) _eden_chunk_array[262]=0x00000000fa738440
[2025-08-08T15:29:13.675+0000][519.322s][1][129][trace] GC(85) _eden_chunk_array[263]=0x00000000fa75d228
[2025-08-08T15:29:13.675+0000][519.322s][1][129][trace] GC(85) _eden_chunk_array[264]=0x00000000fa7cbab8
[2025-08-08T15:29:13.675+0000][519.322s][1][129][trace] GC(85) _eden_chunk_array[265]=0x00000000fa7f9498
[2025-08-08T15:29:13.675+0000][519.322s][1][129][trace] GC(85) _eden_chunk_array[266]=0x00000000fa8267f8
[2025-08-08T15:29:13.675+0000][519.322s][1][129][trace] GC(85) _eden_chunk_array[267]=0x00000000fa889f98
[2025-08-08T15:29:13.675+0000][519.322s][1][129][trace] GC(85) _eden_chunk_array[268]=0x00000000fa8b4048
[2025-08-08T15:29:13.675+0000][519.322s][1][129][trace] GC(85) _eden_chunk_array[269]=0x00000000fa8d4a00
[2025-08-08T15:29:13.675+0000][519.322s][1][129][trace] GC(85) _eden_chunk_array[270]=0x00000000fa8f5a80
[2025-08-08T15:29:13.675+0000][519.322s][1][129][trace] GC(85) _eden_chunk_array[271]=0x00000000fa9247a8
[2025-08-08T15:29:13.675+0000][519.322s][1][129][trace] GC(85) _eden_chunk_array[272]=0x00000000fa951fc8
[2025-08-08T15:29:13.675+0000][519.322s][1][129][trace] GC(85) _eden_chunk_array[273]=0x00000000fa97b808
[2025-08-08T15:29:13.675+0000][519.322s][1][129][trace] GC(85) _eden_chunk_array[274]=0x00000000fa9a8dd8
[2025-08-08T15:29:13.675+0000][519.322s][1][129][trace] GC(85) _eden_chunk_array[275]=0x00000000fa9da118
[2025-08-08T15:29:13.675+0000][519.322s][1][129][trace] GC(85) _eden_chunk_array[276]=0x00000000faa385f0
[2025-08-08T15:29:13.675+0000][519.322s][1][129][trace] GC(85) _eden_chunk_array[277]=0x00000000faa59c50
[2025-08-08T15:29:13.675+0000][519.322s][1][129][trace] GC(85) _eden_chunk_array[278]=0x00000000faacaf90
[2025-08-08T15:29:13.675+0000][519.322s][1][129][trace] GC(85) _eden_chunk_array[279]=0x00000000faafa878
[2025-08-08T15:29:13.675+0000][519.322s][1][129][trace] GC(85) _eden_chunk_array[280]=0x00000000fab2a140
[2025-08-08T15:29:13.675+0000][519.322s][1][129][trace] GC(85) _eden_chunk_array[281]=0x00000000fab599d8
[2025-08-08T15:29:13.675+0000][519.322s][1][129][trace] GC(85) _eden_chunk_array[282]=0x00000000fab83eb0
[2025-08-08T15:29:13.675+0000][519.322s][1][129][trace] GC(85) _eden_chunk_array[283]=0x00000000faba50e8
[2025-08-08T15:29:13.675+0000][519.322s][1][129][trace] GC(85) _eden_chunk_array[284]=0x00000000fabd8038
[2025-08-08T15:29:13.675+0000][519.322s][1][129][trace] GC(85) _eden_chunk_array[285]=0x00000000fac09340
[2025-08-08T15:29:13.675+0000][519.322s][1][129][trace] GC(85) _eden_chunk_array[286]=0x00000000fac36148
[2025-08-08T15:29:13.675+0000][519.322s][1][129][trace] GC(85) _eden_chunk_array[287]=0x00000000fac64b40
[2025-08-08T15:29:13.675+0000][519.322s][1][129][trace] GC(85) _eden_chunk_array[288]=0x00000000fac906c0
[2025-08-08T15:29:13.675+0000][519.322s][1][129][trace] GC(85) _eden_chunk_array[289]=0x00000000facc2a90
[2025-08-08T15:29:13.675+0000][519.322s][1][129][trace] GC(85) _eden_chunk_array[290]=0x00000000fad0b5d8
[2025-08-08T15:29:13.675+0000][519.322s][1][129][trace] GC(85) _eden_chunk_array[291]=0x00000000fad3b740
[2025-08-08T15:29:13.675+0000][519.322s][1][129][trace] GC(85) _eden_chunk_array[292]=0x00000000fad64048
[2025-08-08T15:29:13.675+0000][519.322s][1][129][trace] GC(85) _eden_chunk_array[293]=0x00000000fadb5870
[2025-08-08T15:29:13.675+0000][519.323s][1][129][trace] GC(85) _eden_chunk_array[294]=0x00000000fade2508
[2025-08-08T15:29:13.675+0000][519.323s][1][129][trace] GC(85) _eden_chunk_array[295]=0x00000000fae101b8
[2025-08-08T15:29:13.675+0000][519.323s][1][129][trace] GC(85) _eden_chunk_array[296]=0x00000000fae6a220
[2025-08-08T15:29:13.675+0000][519.323s][1][129][trace] GC(85) _eden_chunk_array[297]=0x00000000fae9d038
[2025-08-08T15:29:13.675+0000][519.323s][1][129][trace] GC(85) _eden_chunk_array[298]=0x00000000faec4668
[2025-08-08T15:29:13.675+0000][519.323s][1][129][trace] GC(85) _eden_chunk_array[299]=0x00000000faef0388
[2025-08-08T15:29:13.675+0000][519.323s][1][129][trace] GC(85) _eden_chunk_array[300]=0x00000000faf1c0e0
[2025-08-08T15:29:13.675+0000][519.323s][1][129][trace] GC(85) _eden_chunk_array[301]=0x00000000faf416b0
[2025-08-08T15:29:13.675+0000][519.323s][1][129][trace] GC(85) _eden_chunk_array[302]=0x00000000faf6d400
[2025-08-08T15:29:13.675+0000][519.323s][1][129][trace] GC(85) _eden_chunk_array[303]=0x00000000faf909d0
[2025-08-08T15:29:13.675+0000][519.323s][1][129][trace] GC(85) _eden_chunk_array[304]=0x00000000fafbc6f0
[2025-08-08T15:29:13.675+0000][519.323s][1][129][trace] GC(85) _eden_chunk_array[305]=0x00000000fafdfcc8
[2025-08-08T15:29:13.675+0000][519.323s][1][129][trace] GC(85) _eden_chunk_array[306]=0x00000000fb03fea8
[2025-08-08T15:29:13.675+0000][519.323s][1][129][trace] GC(85) _eden_chunk_array[307]=0x00000000fb068fc8
[2025-08-08T15:29:13.675+0000][519.323s][1][129][trace] GC(85) _eden_chunk_array[308]=0x00000000fb08c800
[2025-08-08T15:29:13.675+0000][519.323s][1][129][trace] GC(85) _eden_chunk_array[309]=0x00000000fb0b4558
[2025-08-08T15:29:13.675+0000][519.323s][1][129][trace] GC(85) _eden_chunk_array[310]=0x00000000fb110230
[2025-08-08T15:29:13.675+0000][519.323s][1][129][trace] GC(85) _eden_chunk_array[311]=0x00000000fb13b0b8
[2025-08-08T15:29:13.675+0000][519.323s][1][129][trace] GC(85) _eden_chunk_array[312]=0x00000000fb16aa28
[2025-08-08T15:29:13.675+0000][519.323s][1][129][trace] GC(85) _eden_chunk_array[313]=0x00000000fb18d858
[2025-08-08T15:29:13.675+0000][519.323s][1][129][trace] GC(85) _eden_chunk_array[314]=0x00000000fb1b0678
[2025-08-08T15:29:13.675+0000][519.323s][1][129][trace] GC(85) _eden_chunk_array[315]=0x00000000fb1e34d8
[2025-08-08T15:29:13.675+0000][519.323s][1][129][trace] GC(85) _eden_chunk_array[316]=0x00000000fb217f80
[2025-08-08T15:29:13.675+0000][519.323s][1][129][trace] GC(85) _eden_chunk_array[317]=0x00000000fb24e680
[2025-08-08T15:29:13.675+0000][519.323s][1][129][trace] GC(85) _eden_chunk_array[318]=0x00000000fb2b7300
[2025-08-08T15:29:13.675+0000][519.323s][1][129][trace] GC(85) _eden_chunk_array[319]=0x00000000fb2ebdc0
[2025-08-08T15:29:13.675+0000][519.323s][1][129][trace] GC(85) _eden_chunk_array[320]=0x00000000fb359a38
[2025-08-08T15:29:13.675+0000][519.323s][1][129][trace] GC(85) _eden_chunk_array[321]=0x00000000fb37c338
[2025-08-08T15:29:13.675+0000][519.323s][1][129][trace] GC(85) _eden_chunk_array[322]=0x00000000fb3ddb78
[2025-08-08T15:29:13.675+0000][519.323s][1][129][trace] GC(85) _eden_chunk_array[323]=0x00000000fb40e928
[2025-08-08T15:29:13.675+0000][519.323s][1][129][trace] GC(85) _eden_chunk_array[324]=0x00000000fb43d268
[2025-08-08T15:29:13.675+0000][519.323s][1][129][trace] GC(85) _eden_chunk_array[325]=0x00000000fb466300
[2025-08-08T15:29:13.675+0000][519.323s][1][129][trace] GC(85) _eden_chunk_array[326]=0x00000000fb497390
[2025-08-08T15:29:13.675+0000][519.323s][1][129][trace] GC(85) _eden_chunk_array[327]=0x00000000fb4c41a0
[2025-08-08T15:29:13.675+0000][519.323s][1][129][trace] GC(85) _eden_chunk_array[328]=0x00000000fb4f5250
[2025-08-08T15:29:13.675+0000][519.323s][1][129][trace] GC(85) _eden_chunk_array[329]=0x00000000fb51db58
[2025-08-08T15:29:13.675+0000][519.323s][1][129][trace] GC(85) _eden_chunk_array[330]=0x00000000fb546478
[2025-08-08T15:29:13.675+0000][519.323s][1][129][trace] GC(85) _eden_chunk_array[331]=0x00000000fb594bc0
[2025-08-08T15:29:13.675+0000][519.323s][1][129][trace] GC(85) _eden_chunk_array[332]=0x00000000fb5c3578
[2025-08-08T15:29:13.675+0000][519.323s][1][129][trace] GC(85) _eden_chunk_array[333]=0x00000000fb5eb7a8
[2025-08-08T15:29:13.675+0000][519.323s][1][129][trace] GC(85) _eden_chunk_array[334]=0x00000000fb6143a8
[2025-08-08T15:29:13.675+0000][519.323s][1][129][trace] GC(85) _eden_chunk_array[335]=0x00000000fb635f20
[2025-08-08T15:29:13.675+0000][519.323s][1][129][trace] GC(85) _eden_chunk_array[336]=0x00000000fb65efc0
[2025-08-08T15:29:13.675+0000][519.323s][1][129][trace] GC(85) _eden_chunk_array[337]=0x00000000fb6831a8
[2025-08-08T15:29:13.675+0000][519.323s][1][129][trace] GC(85) _eden_chunk_array[338]=0x00000000fb6b2380
[2025-08-08T15:29:13.675+0000][519.323s][1][129][trace] GC(85) _eden_chunk_array[339]=0x00000000fb6e30d8
[2025-08-08T15:29:13.675+0000][519.323s][1][129][trace] GC(85) _eden_chunk_array[340]=0x00000000fb711a90
[2025-08-08T15:29:13.675+0000][519.323s][1][129][trace] GC(85) _eden_chunk_array[341]=0x00000000fb7632b8
[2025-08-08T15:29:13.675+0000][519.323s][1][129][trace] GC(85) _eden_chunk_array[342]=0x00000000fb799c88
[2025-08-08T15:29:13.675+0000][519.323s][1][129][trace] GC(85) _eden_chunk_array[343]=0x00000000fb7c25c8
[2025-08-08T15:29:13.675+0000][519.323s][1][129][trace] GC(85) _eden_chunk_array[344]=0x00000000fb7e32c8
[2025-08-08T15:29:13.675+0000][519.323s][1][129][trace] GC(85) _eden_chunk_array[345]=0x00000000fb831a10
[2025-08-08T15:29:13.675+0000][519.323s][1][129][trace] GC(85) _eden_chunk_array[346]=0x00000000fb853308
[2025-08-08T15:29:13.675+0000][519.323s][1][129][trace] GC(85) _eden_chunk_array[347]=0x00000000fb874cf0
[2025-08-08T15:29:13.675+0000][519.323s][1][129][trace] GC(85) _eden_chunk_array[348]=0x00000000fb89c368
[2025-08-08T15:29:13.675+0000][519.323s][1][129][trace] GC(85) _eden_chunk_array[349]=0x00000000fb8e6d50
[2025-08-08T15:29:13.675+0000][519.323s][1][129][trace] GC(85) _eden_chunk_array[350]=0x00000000fb9174e0
[2025-08-08T15:29:13.675+0000][519.323s][1][129][trace] GC(85) _eden_chunk_array[351]=0x00000000fb956550
[2025-08-08T15:29:13.675+0000][519.323s][1][129][trace] GC(85) _eden_chunk_array[352]=0x00000000fb9bd658
[2025-08-08T15:29:13.675+0000][519.323s][1][129][trace] GC(85) _eden_chunk_array[353]=0x00000000fba082c0
[2025-08-08T15:29:13.676+0000][519.323s][1][129][trace] GC(85) _eden_chunk_array[354]=0x00000000fba6df60
[2025-08-08T15:29:13.676+0000][519.323s][1][129][trace] GC(85) _eden_chunk_array[355]=0x00000000fbaa2a30
[2025-08-08T15:29:13.676+0000][519.323s][1][129][trace] GC(85) _eden_chunk_array[356]=0x00000000fbad74d8
[2025-08-08T15:29:13.676+0000][519.323s][1][129][trace] GC(85) _eden_chunk_array[357]=0x00000000fbb0bf98
[2025-08-08T15:29:13.676+0000][519.323s][1][129][trace] GC(85) _eden_chunk_array[358]=0x00000000fbb40a80
[2025-08-08T15:29:13.676+0000][519.323s][1][129][trace] GC(85) _eden_chunk_array[359]=0x00000000fbb62f08
[2025-08-08T15:29:13.676+0000][519.323s][1][129][trace] GC(85) _eden_chunk_array[360]=0x00000000fbb85970
[2025-08-08T15:29:13.676+0000][519.323s][1][129][trace] GC(85) _eden_chunk_array[361]=0x00000000fbba6c80
[2025-08-08T15:29:13.676+0000][519.323s][1][129][trace] GC(85) _eden_chunk_array[362]=0x00000000fbbd6648
[2025-08-08T15:29:13.676+0000][519.323s][1][129][trace] GC(85) _eden_chunk_array[363]=0x00000000fbc097d8
[2025-08-08T15:29:13.676+0000][519.323s][1][129][trace] GC(85) _eden_chunk_array[364]=0x00000000fbc36d68
[2025-08-08T15:29:13.676+0000][519.323s][1][129][trace] GC(85) _eden_chunk_array[365]=0x00000000fbc64318
[2025-08-08T15:29:13.676+0000][519.323s][1][129][trace] GC(85) _eden_chunk_array[366]=0x00000000fbcb2a90
[2025-08-08T15:29:13.676+0000][519.323s][1][129][trace] GC(85) _eden_chunk_array[367]=0x00000000fbd1cc30
[2025-08-08T15:29:13.676+0000][519.323s][1][129][trace] GC(85) _eden_chunk_array[368]=0x00000000fbd4df30
[2025-08-08T15:29:13.676+0000][519.323s][1][129][trace] GC(85) _eden_chunk_array[369]=0x00000000fbd7f260
[2025-08-08T15:29:13.676+0000][519.323s][1][129][trace] GC(85) _eden_chunk_array[370]=0x00000000fbdb21a0
[2025-08-08T15:29:13.676+0000][519.323s][1][129][trace] GC(85) _eden_chunk_array[371]=0x00000000fbe14d48
[2025-08-08T15:29:13.676+0000][519.323s][1][129][trace] GC(85) _eden_chunk_array[372]=0x00000000fbe374a0
[2025-08-08T15:29:13.676+0000][519.323s][1][129][trace] GC(85) _eden_chunk_array[373]=0x00000000fbe61598
[2025-08-08T15:29:13.676+0000][519.323s][1][129][trace] GC(85) _eden_chunk_array[374]=0x00000000fbe861c8
[2025-08-08T15:29:13.676+0000][519.323s][1][129][trace] GC(85) _eden_chunk_array[375]=0x00000000fbeaf9f8
[2025-08-08T15:29:13.676+0000][519.323s][1][129][trace] GC(85) _eden_chunk_array[376]=0x00000000fbed0e88
[2025-08-08T15:29:13.676+0000][519.323s][1][129][trace] GC(85) _eden_chunk_array[377]=0x00000000fbefe178
[2025-08-08T15:29:13.676+0000][519.323s][1][129][trace] GC(85) _eden_chunk_array[378]=0x00000000fbf69f18
[2025-08-08T15:29:13.676+0000][519.323s][1][129][trace] GC(85) _eden_chunk_array[379]=0x00000000fbf9a5e0
[2025-08-08T15:29:13.676+0000][519.323s][1][129][trace] GC(85) _eden_chunk_array[380]=0x00000000fbfcaca0
[2025-08-08T15:29:13.676+0000][519.323s][1][129][trace] GC(85) _eden_chunk_array[381]=0x00000000fbffb368
[2025-08-08T15:29:13.676+0000][519.323s][1][129][trace] GC(85) _eden_chunk_array[382]=0x00000000fc02ba30
[2025-08-08T15:29:13.676+0000][519.323s][1][129][trace] GC(85) _eden_chunk_array[383]=0x00000000fc05f3a0
[2025-08-08T15:29:13.676+0000][519.323s][1][129][trace] GC(85) _eden_chunk_array[384]=0x00000000fc080b58
[2025-08-08T15:29:13.676+0000][519.323s][1][129][trace] GC(85) _eden_chunk_array[385]=0x00000000fc0ecb70
[2025-08-08T15:29:13.676+0000][519.323s][1][129][trace] GC(85) _eden_chunk_array[386]=0x00000000fc113c58
[2025-08-08T15:29:13.676+0000][519.323s][1][129][trace] GC(85) _eden_chunk_array[387]=0x00000000fc140d80
[2025-08-08T15:29:13.676+0000][519.323s][1][129][trace] GC(85) _eden_chunk_array[388]=0x00000000fc168100
[2025-08-08T15:29:13.676+0000][519.323s][1][129][trace] GC(85) _eden_chunk_array[389]=0x00000000fc18f470
[2025-08-08T15:29:13.676+0000][519.323s][1][129][trace] GC(85) _eden_chunk_array[390]=0x00000000fc1c4f50
[2025-08-08T15:29:13.676+0000][519.323s][1][129][trace] GC(85) _eden_chunk_array[391]=0x00000000fc1f8650
[2025-08-08T15:29:13.676+0000][519.323s][1][129][trace] GC(85) _eden_chunk_array[392]=0x00000000fc264bd0
[2025-08-08T15:29:13.676+0000][519.323s][1][129][trace] GC(85) _eden_chunk_array[393]=0x00000000fc29a698
[2025-08-08T15:29:13.676+0000][519.323s][1][129][trace] GC(85) _eden_chunk_array[394]=0x00000000fc2d0178
[2025-08-08T15:29:13.676+0000][519.323s][1][129][trace] GC(85) _eden_chunk_array[395]=0x00000000fc2fd360
[2025-08-08T15:29:13.676+0000][519.323s][1][129][trace] GC(85) _eden_chunk_array[396]=0x00000000fc31d808
[2025-08-08T15:29:13.676+0000][519.323s][1][129][trace] GC(85) _eden_chunk_array[397]=0x00000000fc33f738
[2025-08-08T15:29:13.676+0000][519.323s][1][129][trace] GC(85) _eden_chunk_array[398]=0x00000000fc372328
[2025-08-08T15:29:13.676+0000][519.323s][1][129][trace] GC(85) _eden_chunk_array[399]=0x00000000fc395900
[2025-08-08T15:29:13.676+0000][519.323s][1][129][trace] GC(85) _eden_chunk_array[400]=0x00000000fc3bcc38
[2025-08-08T15:29:13.676+0000][519.323s][1][129][trace] GC(85) _eden_chunk_array[401]=0x00000000fc3e0260
[2025-08-08T15:29:13.676+0000][519.323s][1][129][trace] GC(85) _eden_chunk_array[402]=0x00000000fc407320
[2025-08-08T15:29:13.676+0000][519.323s][1][129][trace] GC(85) _eden_chunk_array[403]=0x00000000fc469f08
[2025-08-08T15:29:13.676+0000][519.323s][1][129][trace] GC(85) _eden_chunk_array[404]=0x00000000fc49a6a0
[2025-08-08T15:29:13.676+0000][519.323s][1][129][trace] GC(85) _eden_chunk_array[405]=0x00000000fc4cae40
[2025-08-08T15:29:13.676+0000][519.323s][1][129][trace] GC(85) _eden_chunk_array[406]=0x00000000fc4f07c0
[2025-08-08T15:29:13.676+0000][519.323s][1][129][trace] GC(85) _eden_chunk_array[407]=0x00000000fc516130
[2025-08-08T15:29:13.676+0000][519.323s][1][129][trace] GC(85) _eden_chunk_array[408]=0x00000000fc53bb00
[2025-08-08T15:29:13.676+0000][519.323s][1][129][trace] GC(85) _eden_chunk_array[409]=0x00000000fc561488
[2025-08-08T15:29:13.676+0000][519.323s][1][129][trace] GC(85) _eden_chunk_array[410]=0x00000000fc586e08
[2025-08-08T15:29:13.676+0000][519.323s][1][129][trace] GC(85) _eden_chunk_array[411]=0x00000000fc5ac790
[2025-08-08T15:29:13.676+0000][519.323s][1][129][trace] GC(85) _eden_chunk_array[412]=0x00000000fc5cdbe0
[2025-08-08T15:29:13.676+0000][519.323s][1][129][trace] GC(85) _eden_chunk_array[413]=0x00000000fc5f1a60
[2025-08-08T15:29:13.676+0000][519.323s][1][129][trace] GC(85) _eden_chunk_array[414]=0x00000000fc612c68
[2025-08-08T15:29:13.676+0000][519.323s][1][129][trace] GC(85) _eden_chunk_array[415]=0x00000000fc66ea98
[2025-08-08T15:29:13.676+0000][519.323s][1][129][trace] GC(85) _eden_chunk_array[416]=0x00000000fc69cdf8
[2025-08-08T15:29:13.676+0000][519.323s][1][129][trace] GC(85) _eden_chunk_array[417]=0x00000000fc6d3c10
[2025-08-08T15:29:13.676+0000][519.323s][1][129][trace] GC(85) _eden_chunk_array[418]=0x00000000fc6fcc90
[2025-08-08T15:29:13.676+0000][519.323s][1][129][trace] GC(85) _eden_chunk_array[419]=0x00000000fc72a228
[2025-08-08T15:29:13.676+0000][519.323s][1][129][trace] GC(85) _eden_chunk_array[420]=0x00000000fc7593f8
[2025-08-08T15:29:13.676+0000][519.323s][1][129][trace] GC(85) _eden_chunk_array[421]=0x00000000fc7bc740
[2025-08-08T15:29:13.676+0000][519.323s][1][129][trace] GC(85) _eden_chunk_array[422]=0x00000000fc7e5f68
[2025-08-08T15:29:13.676+0000][519.323s][1][129][trace] GC(85) _eden_chunk_array[423]=0x00000000fc837798
[2025-08-08T15:29:13.676+0000][519.323s][1][129][trace] GC(85) _eden_chunk_array[424]=0x00000000fc860fd0
[2025-08-08T15:29:13.676+0000][519.323s][1][129][trace] GC(85) _eden_chunk_array[425]=0x00000000fc88a810
[2025-08-08T15:29:13.676+0000][519.323s][1][129][trace] GC(85) _eden_chunk_array[426]=0x00000000fc8b5030
[2025-08-08T15:29:13.676+0000][519.323s][1][129][trace] GC(85) _eden_chunk_array[427]=0x00000000fc8e25d0
[2025-08-08T15:29:13.676+0000][519.323s][1][129][trace] GC(85) _eden_chunk_array[428]=0x00000000fc904b78
[2025-08-08T15:29:13.676+0000][519.323s][1][129][trace] GC(85) _eden_chunk_array[429]=0x00000000fc92f660
[2025-08-08T15:29:13.676+0000][519.323s][1][129][trace] GC(85) _eden_chunk_array[430]=0x00000000fc95b868
[2025-08-08T15:29:13.676+0000][519.323s][1][129][trace] GC(85) _eden_chunk_array[431]=0x00000000fc97fa70
[2025-08-08T15:29:13.676+0000][519.323s][1][129][trace] GC(85) _eden_chunk_array[432]=0x00000000fc9ebbd8
[2025-08-08T15:29:13.676+0000][519.323s][1][129][trace] GC(85) _eden_chunk_array[433]=0x00000000fca20698
[2025-08-08T15:29:13.676+0000][519.323s][1][129][trace] GC(85) _eden_chunk_array[434]=0x00000000fca6ede0
[2025-08-08T15:29:13.676+0000][519.323s][1][129][trace] GC(85) _eden_chunk_array[435]=0x00000000fcaa38b0
[2025-08-08T15:29:13.676+0000][519.323s][1][129][trace] GC(85) _eden_chunk_array[436]=0x00000000fcad8370
[2025-08-08T15:29:13.676+0000][519.323s][1][129][trace] GC(85) _eden_chunk_array[437]=0x00000000fcb0ce30
[2025-08-08T15:29:13.676+0000][519.323s][1][129][trace] GC(85) _eden_chunk_array[438]=0x00000000fcb2d7a8
[2025-08-08T15:29:13.676+0000][519.323s][1][129][trace] GC(85) _eden_chunk_array[439]=0x00000000fcb56240
[2025-08-08T15:29:13.676+0000][519.323s][1][129][trace] GC(85) _eden_chunk_array[440]=0x00000000fcb76308
[2025-08-08T15:29:13.676+0000][519.323s][1][129][trace] GC(85) _eden_chunk_array[441]=0x00000000fcb9d868
[2025-08-08T15:29:13.676+0000][519.323s][1][129][trace] GC(85) _eden_chunk_array[442]=0x00000000fcbc2d58
[2025-08-08T15:29:13.676+0000][519.323s][1][129][trace] GC(85) _eden_chunk_array[443]=0x00000000fcbf0e28
[2025-08-08T15:29:13.676+0000][519.323s][1][129][trace] GC(85) _eden_chunk_array[444]=0x00000000fcc1aec8
[2025-08-08T15:29:13.676+0000][519.323s][1][129][trace] GC(85) _eden_chunk_array[445]=0x00000000fcc44f70
[2025-08-08T15:29:13.676+0000][519.323s][1][129][trace] GC(85) _eden_chunk_array[446]=0x00000000fcc75710
[2025-08-08T15:29:13.676+0000][519.323s][1][129][trace] GC(85) _eden_chunk_array[447]=0x00000000fcca8328
[2025-08-08T15:29:13.676+0000][519.323s][1][129][trace] GC(85) _eden_chunk_array[448]=0x00000000fccd8ad0
[2025-08-08T15:29:13.676+0000][519.323s][1][129][trace] GC(85) _eden_chunk_array[449]=0x00000000fcd02318
[2025-08-08T15:29:13.676+0000][519.323s][1][129][trace] GC(85) _eden_chunk_array[450]=0x00000000fcd2bb50
[2025-08-08T15:29:13.676+0000][519.323s][1][129][trace] GC(85) _eden_chunk_array[451]=0x00000000fcd55378
[2025-08-08T15:29:13.676+0000][519.323s][1][129][trace] GC(85) _eden_chunk_array[452]=0x00000000fcd7ebb8
[2025-08-08T15:29:13.676+0000][519.323s][1][129][trace] GC(85) _eden_chunk_array[453]=0x00000000fcda8410
[2025-08-08T15:29:13.676+0000][519.324s][1][129][trace] GC(85) _eden_chunk_array[454]=0x00000000fcdd9350
[2025-08-08T15:29:13.676+0000][519.324s][1][129][trace] GC(85) _eden_chunk_array[455]=0x00000000fce02410
[2025-08-08T15:29:13.676+0000][519.324s][1][129][trace] GC(85) _eden_chunk_array[456]=0x00000000fce5cef0
[2025-08-08T15:29:13.676+0000][519.324s][1][129][trace] GC(85) _eden_chunk_array[457]=0x00000000fceb0450
[2025-08-08T15:29:13.676+0000][519.324s][1][129][trace] GC(85) _eden_chunk_array[458]=0x00000000fcee4b30
[2025-08-08T15:29:13.676+0000][519.324s][1][129][trace] GC(85) _eden_chunk_array[459]=0x00000000fcf0e368
[2025-08-08T15:29:13.676+0000][519.324s][1][129][trace] GC(85) _eden_chunk_array[460]=0x00000000fcf376c8
[2025-08-08T15:29:13.676+0000][519.324s][1][129][trace] GC(85) _eden_chunk_array[461]=0x00000000fcf587e8
[2025-08-08T15:29:13.676+0000][519.324s][1][129][trace] GC(85) _eden_chunk_array[462]=0x00000000fcf79cb8
[2025-08-08T15:29:13.676+0000][519.324s][1][129][trace] GC(85) _eden_chunk_array[463]=0x00000000fcf9f628
[2025-08-08T15:29:13.676+0000][519.324s][1][129][trace] GC(85) _eden_chunk_array[464]=0x00000000fcfc4fc8
[2025-08-08T15:29:13.676+0000][519.324s][1][129][trace] GC(85) _eden_chunk_array[465]=0x00000000fd01ff88
[2025-08-08T15:29:13.676+0000][519.324s][1][129][trace] GC(85) _eden_chunk_array[466]=0x00000000fd045950
[2025-08-08T15:29:13.676+0000][519.324s][1][129][trace] GC(85) _eden_chunk_array[467]=0x00000000fd06b2e8
[2025-08-08T15:29:13.676+0000][519.324s][1][129][trace] GC(85) _eden_chunk_array[468]=0x00000000fd093cb8
[2025-08-08T15:29:13.676+0000][519.324s][1][129][trace] GC(85) _eden_chunk_array[469]=0x00000000fd0badb0
[2025-08-08T15:29:13.676+0000][519.324s][1][129][trace] GC(85) _eden_chunk_array[470]=0x00000000fd0db7b0
[2025-08-08T15:29:13.676+0000][519.324s][1][129][trace] GC(85) _eden_chunk_array[471]=0x00000000fd0fc2e8
[2025-08-08T15:29:13.676+0000][519.324s][1][129][trace] GC(85) _eden_chunk_array[472]=0x00000000fd12e288
[2025-08-08T15:29:13.676+0000][519.324s][1][129][trace] GC(85) _eden_chunk_array[473]=0x00000000fd159fc8
[2025-08-08T15:29:13.676+0000][519.324s][1][129][trace] GC(85) _eden_chunk_array[474]=0x00000000fd17f358
[2025-08-08T15:29:13.676+0000][519.324s][1][129][trace] GC(85) _eden_chunk_array[475]=0x00000000fd1a3388
[2025-08-08T15:29:13.676+0000][519.324s][1][129][trace] GC(85) _eden_chunk_array[476]=0x00000000fd20f150
[2025-08-08T15:29:13.676+0000][519.324s][1][129][trace] GC(85) _eden_chunk_array[477]=0x00000000fd243c30
[2025-08-08T15:29:13.676+0000][519.324s][1][129][trace] GC(85) _eden_chunk_array[478]=0x00000000fd265a00
[2025-08-08T15:29:13.676+0000][519.324s][1][129][trace] GC(85) _eden_chunk_array[479]=0x00000000fd29a4c0
[2025-08-08T15:29:13.676+0000][519.324s][1][129][trace] GC(85) _eden_chunk_array[480]=0x00000000fd2e8c00
[2025-08-08T15:29:13.676+0000][519.324s][1][129][trace] GC(85) _eden_chunk_array[481]=0x00000000fd31d6b8
[2025-08-08T15:29:13.676+0000][519.324s][1][129][trace] GC(85) _eden_chunk_array[482]=0x00000000fd344df8
[2025-08-08T15:29:13.676+0000][519.324s][1][129][trace] GC(85) _eden_chunk_array[483]=0x00000000fd373658
[2025-08-08T15:29:13.676+0000][519.324s][1][129][trace] GC(85) _eden_chunk_array[484]=0x00000000fd395030
[2025-08-08T15:29:13.676+0000][519.324s][1][129][trace] GC(85) _eden_chunk_array[485]=0x00000000fd3c5730
[2025-08-08T15:29:13.676+0000][519.324s][1][129][trace] GC(85) _eden_chunk_array[486]=0x00000000fd3f2698
[2025-08-08T15:29:13.676+0000][519.324s][1][129][trace] GC(85) survivor 0x00000000fd410000-0x00000000fe6dbdf8-0x00000000fe780000(20381696)
[2025-08-08T15:29:13.676+0000][519.324s][1][129][trace] GC(85) _survivor_chunk_index=0, _survivor_chunk_capacity=9952
[2025-08-08T15:29:13.724+0000][519.371s][1][129][info ] GC(85) Pause Remark 179M->179M(180M) 50.433ms
[2025-08-08T15:29:13.724+0000][519.371s][1][129][info ] Leaving safepoint region
[2025-08-08T15:29:13.724+0000][519.371s][1][129][info ] Total time for which application threads were stopped: 0.0507279 seconds, Stopping threads took: 0.0000383 seconds
[2025-08-08T15:29:13.724+0000][519.371s][1][128][info ] GC(85) Concurrent Sweep
[2025-08-08T15:29:13.725+0000][519.373s][1][128][info ] GC(85) Concurrent Sweep 1.413ms
[2025-08-08T15:29:13.725+0000][519.373s][1][128][info ] GC(85) Concurrent Reset
[2025-08-08T15:29:13.726+0000][519.373s][1][128][info ] GC(85) Concurrent Reset 0.014ms
[2025-08-08T15:29:13.726+0000][519.373s][1][128][info ] GC(85) Old: 5183K->5183K(5184K)
[2025-08-08T15:29:15.399+0000][521.047s][1][129][info ] Application time: 1.6753918 seconds
[2025-08-08T15:29:15.399+0000][521.047s][1][129][info ] Entering safepoint region: GenCollectForAllocation
[2025-08-08T15:29:15.400+0000][521.047s][1][129][debug] GC(86) Heap before GC invocations=15 (full 72): par new generation   total 179712K, used 179711K [0x00000000f3800000, 0x00000000ffaf0000, 0x00000000ffaf0000)
[2025-08-08T15:29:15.400+0000][521.047s][1][129][debug] GC(86)   eden space 159808K, 100% used [0x00000000f3800000, 0x00000000fd410000, 0x00000000fd410000)
[2025-08-08T15:29:15.400+0000][521.047s][1][129][debug] GC(86)   from space 19904K,  99% used [0x00000000fd410000, 0x00000000fe77fff0, 0x00000000fe780000)
[2025-08-08T15:29:15.400+0000][521.047s][1][129][debug] GC(86)   to   space 19904K,   0% used [0x00000000fe780000, 0x00000000fe780000, 0x00000000ffaf0000)
[2025-08-08T15:29:15.400+0000][521.047s][1][129][debug] GC(86)  concurrent mark-sweep generation total 5184K, used 5183K [0x00000000ffaf0000, 0x0000000100000000, 0x0000000100000000)
[2025-08-08T15:29:15.400+0000][521.047s][1][129][debug] GC(86)  Metaspace       used 51633K, capacity 53209K, committed 53780K, reserved 1097728K
[2025-08-08T15:29:15.400+0000][521.047s][1][129][debug] GC(86)   class space    used 5692K, capacity 6410K, committed 6652K, reserved 1048576K
[2025-08-08T15:29:15.400+0000][521.047s][1][129][trace] CMS: promo attempt is not safe: available(24) < av_promo(2795291), max_promo(184025072)
[2025-08-08T15:29:15.515+0000][521.162s][1][129][info ] GC(87) Pause Full (Allocation Failure) 180M->65M(180M) 115.005ms
[2025-08-08T15:29:15.515+0000][521.162s][1][129][info ] GC(86) ParNew: 179711K->61412K(179712K)
[2025-08-08T15:29:15.515+0000][521.162s][1][129][info ] GC(86) CMS: 5183K->5183K(5184K)
[2025-08-08T15:29:15.515+0000][521.162s][1][129][trace] CMS: promo attempt is not safe: available(24) < av_promo(2795063), max_promo(62886368)
[2025-08-08T15:29:15.515+0000][521.162s][1][129][info ] GC(86) Pause Young (Allocation Failure) 180M->65M(180M) 115.147ms
[2025-08-08T15:29:15.515+0000][521.162s][1][129][debug] GC(86) Heap after GC invocations=16 (full 73): par new generation   total 179712K, used 61412K [0x00000000f3800000, 0x00000000ffaf0000, 0x00000000ffaf0000)
[2025-08-08T15:29:15.515+0000][521.162s][1][129][debug] GC(86)   eden space 159808K,  38% used [0x00000000f3800000, 0x00000000f73f91e0, 0x00000000fd410000)
[2025-08-08T15:29:15.515+0000][521.162s][1][129][debug] GC(86)   from space 19904K,   0% used [0x00000000fd410000, 0x00000000fd410000, 0x00000000fe780000)
[2025-08-08T15:29:15.515+0000][521.162s][1][129][debug] GC(86)   to   space 19904K,   0% used [0x00000000fe780000, 0x00000000fe780000, 0x00000000ffaf0000)
[2025-08-08T15:29:15.515+0000][521.162s][1][129][debug] GC(86)  concurrent mark-sweep generation total 5184K, used 5183K [0x00000000ffaf0000, 0x0000000100000000, 0x0000000100000000)
[2025-08-08T15:29:15.515+0000][521.162s][1][129][debug] GC(86)  Metaspace       used 51633K, capacity 53209K, committed 53780K, reserved 1097728K
[2025-08-08T15:29:15.515+0000][521.162s][1][129][debug] GC(86)   class space    used 5692K, capacity 6410K, committed 6652K, reserved 1048576K
[2025-08-08T15:29:15.515+0000][521.162s][1][129][info ] Leaving safepoint region
[2025-08-08T15:29:15.515+0000][521.162s][1][129][info ] Total time for which application threads were stopped: 0.1155586 seconds, Stopping threads took: 0.0000910 seconds
[2025-08-08T15:29:15.515+0000][521.163s][1][129][info ] Application time: 0.0005477 seconds
[2025-08-08T15:29:15.516+0000][521.163s][1][129][info ] Entering safepoint region: CMS_Initial_Mark
[2025-08-08T15:29:15.516+0000][521.163s][1][129][trace] GC(88) eden 0x00000000f3800000-0x00000000f74ad020-0x00000000fd410000(163643392)
[2025-08-08T15:29:15.516+0000][521.164s][1][129][trace] GC(88) _eden_chunk_index=5, _eden_chunk_capacity=11233
[2025-08-08T15:29:15.516+0000][521.164s][1][129][trace] GC(88) _eden_chunk_array[0]=0x00000000f73f9200
[2025-08-08T15:29:15.516+0000][521.164s][1][129][trace] GC(88) _eden_chunk_array[1]=0x00000000f74247b8
[2025-08-08T15:29:15.516+0000][521.164s][1][129][trace] GC(88) _eden_chunk_array[2]=0x00000000f7453930
[2025-08-08T15:29:15.516+0000][521.164s][1][129][trace] GC(88) _eden_chunk_array[3]=0x00000000f747dc68
[2025-08-08T15:29:15.516+0000][521.164s][1][129][trace] GC(88) _eden_chunk_array[4]=0x00000000f74ad020
[2025-08-08T15:29:15.516+0000][521.164s][1][129][trace] GC(88) survivor 0x00000000fd410000-0x00000000fd410000-0x00000000fe780000(20381696)
[2025-08-08T15:29:15.516+0000][521.164s][1][129][trace] GC(88) _survivor_chunk_index=0, _survivor_chunk_capacity=9952
[2025-08-08T15:29:15.534+0000][521.182s][1][129][info ] GC(88) Pause Initial Mark 65M->65M(180M) 18.102ms
[2025-08-08T15:29:15.534+0000][521.182s][1][129][info ] Leaving safepoint region
[2025-08-08T15:29:15.534+0000][521.182s][1][129][info ] Total time for which application threads were stopped: 0.0187404 seconds, Stopping threads took: 0.0003160 seconds
[2025-08-08T15:29:15.534+0000][521.182s][1][128][info ] GC(88) Concurrent Mark
[2025-08-08T15:29:15.537+0000][521.184s][1][128][info ] GC(88) Concurrent Mark 2.871ms
[2025-08-08T15:29:15.537+0000][521.185s][1][128][info ] GC(88) Concurrent Preclean
[2025-08-08T15:29:15.539+0000][521.187s][1][128][info ] GC(88) Concurrent Preclean 2.133ms
[2025-08-08T15:29:15.539+0000][521.187s][1][128][info ] GC(88) Concurrent Abortable Preclean
[2025-08-08T15:29:15.539+0000][521.187s][1][128][info ] GC(88) Concurrent Abortable Preclean 0.006ms
[2025-08-08T15:29:15.539+0000][521.187s][1][129][info ] Application time: 0.0052398 seconds
[2025-08-08T15:29:15.540+0000][521.187s][1][129][info ] Entering safepoint region: CMS_Final_Remark
[2025-08-08T15:29:15.540+0000][521.187s][1][129][trace] GC(88) eden 0x00000000f3800000-0x00000000f7784d40-0x00000000fd410000(163643392)
[2025-08-08T15:29:15.540+0000][521.187s][1][129][trace] GC(88) _eden_chunk_index=18, _eden_chunk_capacity=11233
[2025-08-08T15:29:15.540+0000][521.187s][1][129][trace] GC(88) _eden_chunk_array[0]=0x00000000f73f9200
[2025-08-08T15:29:15.540+0000][521.187s][1][129][trace] GC(88) _eden_chunk_array[1]=0x00000000f74247b8
[2025-08-08T15:29:15.540+0000][521.187s][1][129][trace] GC(88) _eden_chunk_array[2]=0x00000000f7453930
[2025-08-08T15:29:15.540+0000][521.187s][1][129][trace] GC(88) _eden_chunk_array[3]=0x00000000f747dc68
[2025-08-08T15:29:15.540+0000][521.187s][1][129][trace] GC(88) _eden_chunk_array[4]=0x00000000f74ad020
[2025-08-08T15:29:15.540+0000][521.187s][1][129][trace] GC(88) _eden_chunk_array[5]=0x00000000f74d6e28
[2025-08-08T15:29:15.540+0000][521.187s][1][129][trace] GC(88) _eden_chunk_array[6]=0x00000000f74feb48
[2025-08-08T15:29:15.540+0000][521.187s][1][129][trace] GC(88) _eden_chunk_array[7]=0x00000000f7534cd8
[2025-08-08T15:29:15.540+0000][521.187s][1][129][trace] GC(88) _eden_chunk_array[8]=0x00000000f7554e70
[2025-08-08T15:29:15.540+0000][521.187s][1][129][trace] GC(88) _eden_chunk_array[9]=0x00000000f758a818
[2025-08-08T15:29:15.540+0000][521.187s][1][129][trace] GC(88) _eden_chunk_array[10]=0x00000000f75b8710
[2025-08-08T15:29:15.540+0000][521.187s][1][129][trace] GC(88) _eden_chunk_array[11]=0x00000000f75ff918
[2025-08-08T15:29:15.540+0000][521.187s][1][129][trace] GC(88) _eden_chunk_array[12]=0x00000000f7636b78
[2025-08-08T15:29:15.540+0000][521.187s][1][129][trace] GC(88) _eden_chunk_array[13]=0x00000000f767dd90
[2025-08-08T15:29:15.540+0000][521.187s][1][129][trace] GC(88) _eden_chunk_array[14]=0x00000000f76e4388
[2025-08-08T15:29:15.540+0000][521.187s][1][129][trace] GC(88) _eden_chunk_array[15]=0x00000000f7719c08
[2025-08-08T15:29:15.540+0000][521.187s][1][129][trace] GC(88) _eden_chunk_array[16]=0x00000000f774f498
[2025-08-08T15:29:15.540+0000][521.187s][1][129][trace] GC(88) _eden_chunk_array[17]=0x00000000f7784d40
[2025-08-08T15:29:15.540+0000][521.187s][1][129][trace] GC(88) survivor 0x00000000fd410000-0x00000000fd410000-0x00000000fe780000(20381696)
[2025-08-08T15:29:15.540+0000][521.187s][1][129][trace] GC(88) _survivor_chunk_index=0, _survivor_chunk_capacity=9952
[2025-08-08T15:29:15.574+0000][521.222s][1][129][info ] GC(88) Pause Remark 68M->68M(180M) 34.765ms
[2025-08-08T15:29:15.574+0000][521.222s][1][129][info ] Leaving safepoint region
[2025-08-08T15:29:15.574+0000][521.222s][1][129][info ] Total time for which application threads were stopped: 0.0349866 seconds, Stopping threads took: 0.0000228 seconds
[2025-08-08T15:29:15.575+0000][521.222s][1][128][info ] GC(88) Concurrent Sweep
[2025-08-08T15:29:15.576+0000][521.223s][1][128][info ] GC(88) Concurrent Sweep 1.348ms
[2025-08-08T15:29:15.576+0000][521.223s][1][128][info ] GC(88) Concurrent Reset
[2025-08-08T15:29:15.576+0000][521.223s][1][128][info ] GC(88) Concurrent Reset 0.010ms
[2025-08-08T15:29:15.576+0000][521.223s][1][128][info ] GC(88) Old: 5183K->5183K(5184K)
[2025-08-08T15:29:18.577+0000][524.225s][1][129][info ] Application time: 3.0028904 seconds
[2025-08-08T15:29:18.577+0000][524.225s][1][129][info ] Entering safepoint region: Cleanup
[2025-08-08T15:29:18.578+0000][524.225s][1][129][info ] Leaving safepoint region
[2025-08-08T15:29:18.578+0000][524.225s][1][129][info ] Total time for which application threads were stopped: 0.0001993 seconds, Stopping threads took: 0.0000332 seconds
[2025-08-08T15:29:21.579+0000][527.226s][1][129][info ] Application time: 3.0010453 seconds
[2025-08-08T15:29:21.579+0000][527.226s][1][129][info ] Entering safepoint region: Cleanup
[2025-08-08T15:29:21.579+0000][527.226s][1][129][info ] Leaving safepoint region
[2025-08-08T15:29:21.579+0000][527.226s][1][129][info ] Total time for which application threads were stopped: 0.0001480 seconds, Stopping threads took: 0.0000199 seconds
[2025-08-08T15:29:25.576+0000][531.223s][1][129][info ] Application time: 3.9971685 seconds
[2025-08-08T15:29:25.576+0000][531.223s][1][129][info ] Entering safepoint region: CMS_Initial_Mark
[2025-08-08T15:29:25.576+0000][531.224s][1][129][trace] GC(89) eden 0x00000000f3800000-0x00000000f7f515b8-0x00000000fd410000(163643392)
[2025-08-08T15:29:25.576+0000][531.224s][1][129][trace] GC(89) _eden_chunk_index=55, _eden_chunk_capacity=11233
[2025-08-08T15:29:25.576+0000][531.224s][1][129][trace] GC(89) _eden_chunk_array[0]=0x00000000f73f9200
[2025-08-08T15:29:25.576+0000][531.224s][1][129][trace] GC(89) _eden_chunk_array[1]=0x00000000f74247b8
[2025-08-08T15:29:25.576+0000][531.224s][1][129][trace] GC(89) _eden_chunk_array[2]=0x00000000f7453930
[2025-08-08T15:29:25.576+0000][531.224s][1][129][trace] GC(89) _eden_chunk_array[3]=0x00000000f747dc68
[2025-08-08T15:29:25.576+0000][531.224s][1][129][trace] GC(89) _eden_chunk_array[4]=0x00000000f74ad020
[2025-08-08T15:29:25.577+0000][531.224s][1][129][trace] GC(89) _eden_chunk_array[5]=0x00000000f74d6e28
[2025-08-08T15:29:25.577+0000][531.224s][1][129][trace] GC(89) _eden_chunk_array[6]=0x00000000f74feb48
[2025-08-08T15:29:25.577+0000][531.224s][1][129][trace] GC(89) _eden_chunk_array[7]=0x00000000f7534cd8
[2025-08-08T15:29:25.577+0000][531.224s][1][129][trace] GC(89) _eden_chunk_array[8]=0x00000000f7554e70
[2025-08-08T15:29:25.577+0000][531.224s][1][129][trace] GC(89) _eden_chunk_array[9]=0x00000000f758a818
[2025-08-08T15:29:25.577+0000][531.224s][1][129][trace] GC(89) _eden_chunk_array[10]=0x00000000f75b8710
[2025-08-08T15:29:25.577+0000][531.224s][1][129][trace] GC(89) _eden_chunk_array[11]=0x00000000f75ff918
[2025-08-08T15:29:25.577+0000][531.224s][1][129][trace] GC(89) _eden_chunk_array[12]=0x00000000f7636b78
[2025-08-08T15:29:25.577+0000][531.224s][1][129][trace] GC(89) _eden_chunk_array[13]=0x00000000f767dd90
[2025-08-08T15:29:25.577+0000][531.224s][1][129][trace] GC(89) _eden_chunk_array[14]=0x00000000f76e4388
[2025-08-08T15:29:25.577+0000][531.224s][1][129][trace] GC(89) _eden_chunk_array[15]=0x00000000f7719c08
[2025-08-08T15:29:25.577+0000][531.224s][1][129][trace] GC(89) _eden_chunk_array[16]=0x00000000f774f498
[2025-08-08T15:29:25.577+0000][531.224s][1][129][trace] GC(89) _eden_chunk_array[17]=0x00000000f7784d40
[2025-08-08T15:29:25.577+0000][531.224s][1][129][trace] GC(89) _eden_chunk_array[18]=0x00000000f77ab4a0
[2025-08-08T15:29:25.577+0000][531.224s][1][129][trace] GC(89) _eden_chunk_array[19]=0x00000000f77cf2b0
[2025-08-08T15:29:25.577+0000][531.224s][1][129][trace] GC(89) _eden_chunk_array[20]=0x00000000f77f2938
[2025-08-08T15:29:25.577+0000][531.224s][1][129][trace] GC(89) _eden_chunk_array[21]=0x00000000f782c488
[2025-08-08T15:29:25.577+0000][531.224s][1][129][trace] GC(89) _eden_chunk_array[22]=0x00000000f7859ad0
[2025-08-08T15:29:25.577+0000][531.224s][1][129][trace] GC(89) _eden_chunk_array[23]=0x00000000f7890740
[2025-08-08T15:29:25.577+0000][531.224s][1][129][trace] GC(89) _eden_chunk_array[24]=0x00000000f78f70b0
[2025-08-08T15:29:25.577+0000][531.224s][1][129][trace] GC(89) _eden_chunk_array[25]=0x00000000f792d058
[2025-08-08T15:29:25.577+0000][531.224s][1][129][trace] GC(89) _eden_chunk_array[26]=0x00000000f7964c08
[2025-08-08T15:29:25.577+0000][531.224s][1][129][trace] GC(89) _eden_chunk_array[27]=0x00000000f7985bb0
[2025-08-08T15:29:25.577+0000][531.224s][1][129][trace] GC(89) _eden_chunk_array[28]=0x00000000f79ccdc8
[2025-08-08T15:29:25.577+0000][531.224s][1][129][trace] GC(89) _eden_chunk_array[29]=0x00000000f79fd778
[2025-08-08T15:29:25.577+0000][531.224s][1][129][trace] GC(89) _eden_chunk_array[30]=0x00000000f7a251b0
[2025-08-08T15:29:25.577+0000][531.224s][1][129][trace] GC(89) _eden_chunk_array[31]=0x00000000f7a8f220
[2025-08-08T15:29:25.577+0000][531.224s][1][129][trace] GC(89) _eden_chunk_array[32]=0x00000000f7abcfa0
[2025-08-08T15:29:25.577+0000][531.224s][1][129][trace] GC(89) _eden_chunk_array[33]=0x00000000f7b041c8
[2025-08-08T15:29:25.577+0000][531.224s][1][129][trace] GC(89) _eden_chunk_array[34]=0x00000000f7b32af8
[2025-08-08T15:29:25.577+0000][531.224s][1][129][trace] GC(89) _eden_chunk_array[35]=0x00000000f7b55750
[2025-08-08T15:29:25.577+0000][531.224s][1][129][trace] GC(89) _eden_chunk_array[36]=0x00000000f7b8f420
[2025-08-08T15:29:25.577+0000][531.224s][1][129][trace] GC(89) _eden_chunk_array[37]=0x00000000f7bb7128
[2025-08-08T15:29:25.577+0000][531.224s][1][129][trace] GC(89) _eden_chunk_array[38]=0x00000000f7bf9a90
[2025-08-08T15:29:25.577+0000][531.224s][1][129][trace] GC(89) _eden_chunk_array[39]=0x00000000f7c2f338
[2025-08-08T15:29:25.577+0000][531.224s][1][129][trace] GC(89) _eden_chunk_array[40]=0x00000000f7c64bd0
[2025-08-08T15:29:25.577+0000][531.224s][1][129][trace] GC(89) _eden_chunk_array[41]=0x00000000f7c9a478
[2025-08-08T15:29:25.577+0000][531.224s][1][129][trace] GC(89) _eden_chunk_array[42]=0x00000000f7ccdea0
[2025-08-08T15:29:25.577+0000][531.224s][1][129][trace] GC(89) _eden_chunk_array[43]=0x00000000f7cef8c0
[2025-08-08T15:29:25.577+0000][531.224s][1][129][trace] GC(89) _eden_chunk_array[44]=0x00000000f7d28840
[2025-08-08T15:29:25.577+0000][531.224s][1][129][trace] GC(89) _eden_chunk_array[45]=0x00000000f7d52ba0
[2025-08-08T15:29:25.577+0000][531.224s][1][129][trace] GC(89) _eden_chunk_array[46]=0x00000000f7d924a8
[2025-08-08T15:29:25.577+0000][531.224s][1][129][trace] GC(89) _eden_chunk_array[47]=0x00000000f7ddde58
[2025-08-08T15:29:25.577+0000][531.224s][1][129][trace] GC(89) _eden_chunk_array[48]=0x00000000f7e25078
[2025-08-08T15:29:25.577+0000][531.224s][1][129][trace] GC(89) _eden_chunk_array[49]=0x00000000f7e53a48
[2025-08-08T15:29:25.577+0000][531.224s][1][129][trace] GC(89) _eden_chunk_array[50]=0x00000000f7e82418
[2025-08-08T15:29:25.577+0000][531.224s][1][129][trace] GC(89) _eden_chunk_array[51]=0x00000000f7eb0de0
[2025-08-08T15:29:25.577+0000][531.224s][1][129][trace] GC(89) _eden_chunk_array[52]=0x00000000f7edf7d0
[2025-08-08T15:29:25.577+0000][531.224s][1][129][trace] GC(89) _eden_chunk_array[53]=0x00000000f7f1b0b8
[2025-08-08T15:29:25.577+0000][531.224s][1][129][trace] GC(89) _eden_chunk_array[54]=0x00000000f7f44d00
[2025-08-08T15:29:25.577+0000][531.224s][1][129][trace] GC(89) survivor 0x00000000fd410000-0x00000000fd410000-0x00000000fe780000(20381696)
[2025-08-08T15:29:25.577+0000][531.224s][1][129][trace] GC(89) _survivor_chunk_index=0, _survivor_chunk_capacity=9952
[2025-08-08T15:29:25.601+0000][531.248s][1][129][info ] GC(89) Pause Initial Mark 76M->76M(180M) 24.475ms
[2025-08-08T15:29:25.601+0000][531.248s][1][129][info ] Leaving safepoint region
[2025-08-08T15:29:25.601+0000][531.248s][1][129][info ] Total time for which application threads were stopped: 0.0247149 seconds, Stopping threads took: 0.0000247 seconds
[2025-08-08T15:29:25.601+0000][531.248s][1][128][info ] GC(89) Concurrent Mark
[2025-08-08T15:29:25.604+0000][531.251s][1][128][info ] GC(89) Concurrent Mark 3.105ms
[2025-08-08T15:29:25.604+0000][531.251s][1][128][info ] GC(89) Concurrent Preclean
[2025-08-08T15:29:25.604+0000][531.252s][1][128][info ] GC(89) Concurrent Preclean 0.199ms
[2025-08-08T15:29:25.604+0000][531.252s][1][128][info ] GC(89) Concurrent Abortable Preclean
[2025-08-08T15:29:25.604+0000][531.252s][1][128][trace] CMS: promo attempt is not safe: available(24) < av_promo(2795063), max_promo(74782136)
[2025-08-08T15:29:25.604+0000][531.252s][1][128][info ] GC(89) Concurrent Abortable Preclean 0.008ms
[2025-08-08T15:29:25.604+0000][531.252s][1][129][info ] Application time: 0.0035307 seconds
[2025-08-08T15:29:25.604+0000][531.252s][1][129][info ] Entering safepoint region: CMS_Final_Remark
[2025-08-08T15:29:25.604+0000][531.252s][1][129][trace] GC(89) eden 0x00000000f3800000-0x00000000f7f515b8-0x00000000fd410000(163643392)
[2025-08-08T15:29:25.604+0000][531.252s][1][129][trace] GC(89) _eden_chunk_index=55, _eden_chunk_capacity=11233
[2025-08-08T15:29:25.604+0000][531.252s][1][129][trace] GC(89) _eden_chunk_array[0]=0x00000000f73f9200
[2025-08-08T15:29:25.605+0000][531.252s][1][129][trace] GC(89) _eden_chunk_array[1]=0x00000000f74247b8
[2025-08-08T15:29:25.605+0000][531.252s][1][129][trace] GC(89) _eden_chunk_array[2]=0x00000000f7453930
[2025-08-08T15:29:25.605+0000][531.252s][1][129][trace] GC(89) _eden_chunk_array[3]=0x00000000f747dc68
[2025-08-08T15:29:25.605+0000][531.252s][1][129][trace] GC(89) _eden_chunk_array[4]=0x00000000f74ad020
[2025-08-08T15:29:25.605+0000][531.252s][1][129][trace] GC(89) _eden_chunk_array[5]=0x00000000f74d6e28
[2025-08-08T15:29:25.605+0000][531.252s][1][129][trace] GC(89) _eden_chunk_array[6]=0x00000000f74feb48
[2025-08-08T15:29:25.605+0000][531.252s][1][129][trace] GC(89) _eden_chunk_array[7]=0x00000000f7534cd8
[2025-08-08T15:29:25.605+0000][531.252s][1][129][trace] GC(89) _eden_chunk_array[8]=0x00000000f7554e70
[2025-08-08T15:29:25.605+0000][531.252s][1][129][trace] GC(89) _eden_chunk_array[9]=0x00000000f758a818
[2025-08-08T15:29:25.605+0000][531.252s][1][129][trace] GC(89) _eden_chunk_array[10]=0x00000000f75b8710
[2025-08-08T15:29:25.605+0000][531.252s][1][129][trace] GC(89) _eden_chunk_array[11]=0x00000000f75ff918
[2025-08-08T15:29:25.605+0000][531.252s][1][129][trace] GC(89) _eden_chunk_array[12]=0x00000000f7636b78
[2025-08-08T15:29:25.605+0000][531.252s][1][129][trace] GC(89) _eden_chunk_array[13]=0x00000000f767dd90
[2025-08-08T15:29:25.605+0000][531.252s][1][129][trace] GC(89) _eden_chunk_array[14]=0x00000000f76e4388
[2025-08-08T15:29:25.605+0000][531.252s][1][129][trace] GC(89) _eden_chunk_array[15]=0x00000000f7719c08
[2025-08-08T15:29:25.605+0000][531.252s][1][129][trace] GC(89) _eden_chunk_array[16]=0x00000000f774f498
[2025-08-08T15:29:25.605+0000][531.252s][1][129][trace] GC(89) _eden_chunk_array[17]=0x00000000f7784d40
[2025-08-08T15:29:25.605+0000][531.252s][1][129][trace] GC(89) _eden_chunk_array[18]=0x00000000f77ab4a0
[2025-08-08T15:29:25.605+0000][531.252s][1][129][trace] GC(89) _eden_chunk_array[19]=0x00000000f77cf2b0
[2025-08-08T15:29:25.605+0000][531.252s][1][129][trace] GC(89) _eden_chunk_array[20]=0x00000000f77f2938
[2025-08-08T15:29:25.605+0000][531.252s][1][129][trace] GC(89) _eden_chunk_array[21]=0x00000000f782c488
[2025-08-08T15:29:25.605+0000][531.252s][1][129][trace] GC(89) _eden_chunk_array[22]=0x00000000f7859ad0
[2025-08-08T15:29:25.605+0000][531.252s][1][129][trace] GC(89) _eden_chunk_array[23]=0x00000000f7890740
[2025-08-08T15:29:25.605+0000][531.252s][1][129][trace] GC(89) _eden_chunk_array[24]=0x00000000f78f70b0
[2025-08-08T15:29:25.605+0000][531.252s][1][129][trace] GC(89) _eden_chunk_array[25]=0x00000000f792d058
[2025-08-08T15:29:25.605+0000][531.252s][1][129][trace] GC(89) _eden_chunk_array[26]=0x00000000f7964c08
[2025-08-08T15:29:25.605+0000][531.252s][1][129][trace] GC(89) _eden_chunk_array[27]=0x00000000f7985bb0
[2025-08-08T15:29:25.605+0000][531.252s][1][129][trace] GC(89) _eden_chunk_array[28]=0x00000000f79ccdc8
[2025-08-08T15:29:25.605+0000][531.252s][1][129][trace] GC(89) _eden_chunk_array[29]=0x00000000f79fd778
[2025-08-08T15:29:25.605+0000][531.252s][1][129][trace] GC(89) _eden_chunk_array[30]=0x00000000f7a251b0
[2025-08-08T15:29:25.605+0000][531.252s][1][129][trace] GC(89) _eden_chunk_array[31]=0x00000000f7a8f220
[2025-08-08T15:29:25.605+0000][531.252s][1][129][trace] GC(89) _eden_chunk_array[32]=0x00000000f7abcfa0
[2025-08-08T15:29:25.605+0000][531.252s][1][129][trace] GC(89) _eden_chunk_array[33]=0x00000000f7b041c8
[2025-08-08T15:29:25.605+0000][531.252s][1][129][trace] GC(89) _eden_chunk_array[34]=0x00000000f7b32af8
[2025-08-08T15:29:25.605+0000][531.252s][1][129][trace] GC(89) _eden_chunk_array[35]=0x00000000f7b55750
[2025-08-08T15:29:25.605+0000][531.252s][1][129][trace] GC(89) _eden_chunk_array[36]=0x00000000f7b8f420
[2025-08-08T15:29:25.605+0000][531.252s][1][129][trace] GC(89) _eden_chunk_array[37]=0x00000000f7bb7128
[2025-08-08T15:29:25.605+0000][531.252s][1][129][trace] GC(89) _eden_chunk_array[38]=0x00000000f7bf9a90
[2025-08-08T15:29:25.605+0000][531.252s][1][129][trace] GC(89) _eden_chunk_array[39]=0x00000000f7c2f338
[2025-08-08T15:29:25.605+0000][531.252s][1][129][trace] GC(89) _eden_chunk_array[40]=0x00000000f7c64bd0
[2025-08-08T15:29:25.605+0000][531.252s][1][129][trace] GC(89) _eden_chunk_array[41]=0x00000000f7c9a478
[2025-08-08T15:29:25.605+0000][531.252s][1][129][trace] GC(89) _eden_chunk_array[42]=0x00000000f7ccdea0
[2025-08-08T15:29:25.605+0000][531.252s][1][129][trace] GC(89) _eden_chunk_array[43]=0x00000000f7cef8c0
[2025-08-08T15:29:25.605+0000][531.252s][1][129][trace] GC(89) _eden_chunk_array[44]=0x00000000f7d28840
[2025-08-08T15:29:25.605+0000][531.252s][1][129][trace] GC(89) _eden_chunk_array[45]=0x00000000f7d52ba0
[2025-08-08T15:29:25.605+0000][531.252s][1][129][trace] GC(89) _eden_chunk_array[46]=0x00000000f7d924a8
[2025-08-08T15:29:25.605+0000][531.252s][1][129][trace] GC(89) _eden_chunk_array[47]=0x00000000f7ddde58
[2025-08-08T15:29:25.605+0000][531.252s][1][129][trace] GC(89) _eden_chunk_array[48]=0x00000000f7e25078
[2025-08-08T15:29:25.605+0000][531.252s][1][129][trace] GC(89) _eden_chunk_array[49]=0x00000000f7e53a48
[2025-08-08T15:29:25.605+0000][531.252s][1][129][trace] GC(89) _eden_chunk_array[50]=0x00000000f7e82418
[2025-08-08T15:29:25.605+0000][531.252s][1][129][trace] GC(89) _eden_chunk_array[51]=0x00000000f7eb0de0
[2025-08-08T15:29:25.605+0000][531.252s][1][129][trace] GC(89) _eden_chunk_array[52]=0x00000000f7edf7d0
[2025-08-08T15:29:25.605+0000][531.252s][1][129][trace] GC(89) _eden_chunk_array[53]=0x00000000f7f1b0b8
[2025-08-08T15:29:25.605+0000][531.252s][1][129][trace] GC(89) _eden_chunk_array[54]=0x00000000f7f44d00
[2025-08-08T15:29:25.605+0000][531.252s][1][129][trace] GC(89) survivor 0x00000000fd410000-0x00000000fd410000-0x00000000fe780000(20381696)
[2025-08-08T15:29:25.605+0000][531.252s][1][129][trace] GC(89) _survivor_chunk_index=0, _survivor_chunk_capacity=9952
[2025-08-08T15:29:25.635+0000][531.283s][1][129][info ] GC(89) Pause Remark 76M->76M(180M) 30.927ms
[2025-08-08T15:29:25.635+0000][531.283s][1][129][info ] Leaving safepoint region
[2025-08-08T15:29:25.635+0000][531.283s][1][129][info ] Total time for which application threads were stopped: 0.0311400 seconds, Stopping threads took: 0.0000172 seconds
[2025-08-08T15:29:25.636+0000][531.283s][1][128][info ] GC(89) Concurrent Sweep
[2025-08-08T15:29:25.637+0000][531.284s][1][128][info ] GC(89) Concurrent Sweep 1.337ms
[2025-08-08T15:29:25.637+0000][531.284s][1][128][info ] GC(89) Concurrent Reset
[2025-08-08T15:29:25.637+0000][531.284s][1][128][info ] GC(89) Concurrent Reset 0.025ms
[2025-08-08T15:29:25.637+0000][531.284s][1][128][info ] GC(89) Old: 5183K->5183K(5184K)
[2025-08-08T15:29:26.637+0000][532.284s][1][129][info ] Application time: 1.0010336 seconds
[2025-08-08T15:29:26.637+0000][532.284s][1][129][info ] Entering safepoint region: Cleanup
[2025-08-08T15:29:26.637+0000][532.284s][1][129][info ] Leaving safepoint region
[2025-08-08T15:29:26.637+0000][532.284s][1][129][info ] Total time for which application threads were stopped: 0.0002353 seconds, Stopping threads took: 0.0000335 seconds
[2025-08-08T15:29:29.639+0000][535.286s][1][129][info ] Application time: 3.0017802 seconds
[2025-08-08T15:29:29.639+0000][535.286s][1][129][info ] Entering safepoint region: Cleanup
[2025-08-08T15:29:29.639+0000][535.286s][1][129][info ] Leaving safepoint region
[2025-08-08T15:29:29.639+0000][535.286s][1][129][info ] Total time for which application threads were stopped: 0.0005098 seconds, Stopping threads took: 0.0000440 seconds
[2025-08-08T15:29:32.640+0000][538.287s][1][129][info ] Application time: 3.0009749 seconds
[2025-08-08T15:29:32.640+0000][538.288s][1][129][info ] Entering safepoint region: Cleanup
[2025-08-08T15:29:32.641+0000][538.288s][1][129][info ] Leaving safepoint region
[2025-08-08T15:29:32.641+0000][538.288s][1][129][info ] Total time for which application threads were stopped: 0.0005090 seconds, Stopping threads took: 0.0000473 seconds
[2025-08-08T15:29:33.641+0000][539.289s][1][129][info ] Application time: 1.0004729 seconds
[2025-08-08T15:29:33.641+0000][539.289s][1][129][info ] Entering safepoint region: Cleanup
[2025-08-08T15:29:33.641+0000][539.289s][1][129][info ] Leaving safepoint region
[2025-08-08T15:29:33.641+0000][539.289s][1][129][info ] Total time for which application threads were stopped: 0.0002242 seconds, Stopping threads took: 0.0000490 seconds
[2025-08-08T15:29:35.637+0000][541.284s][1][129][info ] Application time: 1.9955950 seconds
[2025-08-08T15:29:35.637+0000][541.284s][1][129][info ] Entering safepoint region: CMS_Initial_Mark
[2025-08-08T15:29:35.637+0000][541.285s][1][129][trace] GC(90) eden 0x00000000f3800000-0x00000000f89cb8e0-0x00000000fd410000(163643392)
[2025-08-08T15:29:35.637+0000][541.285s][1][129][trace] GC(90) _eden_chunk_index=109, _eden_chunk_capacity=11233
[2025-08-08T15:29:35.637+0000][541.285s][1][129][trace] GC(90) _eden_chunk_array[0]=0x00000000f73f9200
[2025-08-08T15:29:35.637+0000][541.285s][1][129][trace] GC(90) _eden_chunk_array[1]=0x00000000f74247b8
[2025-08-08T15:29:35.637+0000][541.285s][1][129][trace] GC(90) _eden_chunk_array[2]=0x00000000f7453930
[2025-08-08T15:29:35.637+0000][541.285s][1][129][trace] GC(90) _eden_chunk_array[3]=0x00000000f747dc68
[2025-08-08T15:29:35.637+0000][541.285s][1][129][trace] GC(90) _eden_chunk_array[4]=0x00000000f74ad020
[2025-08-08T15:29:35.637+0000][541.285s][1][129][trace] GC(90) _eden_chunk_array[5]=0x00000000f74d6e28
[2025-08-08T15:29:35.637+0000][541.285s][1][129][trace] GC(90) _eden_chunk_array[6]=0x00000000f74feb48
[2025-08-08T15:29:35.637+0000][541.285s][1][129][trace] GC(90) _eden_chunk_array[7]=0x00000000f7534cd8
[2025-08-08T15:29:35.637+0000][541.285s][1][129][trace] GC(90) _eden_chunk_array[8]=0x00000000f7554e70
[2025-08-08T15:29:35.637+0000][541.285s][1][129][trace] GC(90) _eden_chunk_array[9]=0x00000000f758a818
[2025-08-08T15:29:35.637+0000][541.285s][1][129][trace] GC(90) _eden_chunk_array[10]=0x00000000f75b8710
[2025-08-08T15:29:35.637+0000][541.285s][1][129][trace] GC(90) _eden_chunk_array[11]=0x00000000f75ff918
[2025-08-08T15:29:35.637+0000][541.285s][1][129][trace] GC(90) _eden_chunk_array[12]=0x00000000f7636b78
[2025-08-08T15:29:35.637+0000][541.285s][1][129][trace] GC(90) _eden_chunk_array[13]=0x00000000f767dd90
[2025-08-08T15:29:35.637+0000][541.285s][1][129][trace] GC(90) _eden_chunk_array[14]=0x00000000f76e4388
[2025-08-08T15:29:35.637+0000][541.285s][1][129][trace] GC(90) _eden_chunk_array[15]=0x00000000f7719c08
[2025-08-08T15:29:35.637+0000][541.285s][1][129][trace] GC(90) _eden_chunk_array[16]=0x00000000f774f498
[2025-08-08T15:29:35.637+0000][541.285s][1][129][trace] GC(90) _eden_chunk_array[17]=0x00000000f7784d40
[2025-08-08T15:29:35.637+0000][541.285s][1][129][trace] GC(90) _eden_chunk_array[18]=0x00000000f77ab4a0
[2025-08-08T15:29:35.637+0000][541.285s][1][129][trace] GC(90) _eden_chunk_array[19]=0x00000000f77cf2b0
[2025-08-08T15:29:35.637+0000][541.285s][1][129][trace] GC(90) _eden_chunk_array[20]=0x00000000f77f2938
[2025-08-08T15:29:35.637+0000][541.285s][1][129][trace] GC(90) _eden_chunk_array[21]=0x00000000f782c488
[2025-08-08T15:29:35.637+0000][541.285s][1][129][trace] GC(90) _eden_chunk_array[22]=0x00000000f7859ad0
[2025-08-08T15:29:35.637+0000][541.285s][1][129][trace] GC(90) _eden_chunk_array[23]=0x00000000f7890740
[2025-08-08T15:29:35.637+0000][541.285s][1][129][trace] GC(90) _eden_chunk_array[24]=0x00000000f78f70b0
[2025-08-08T15:29:35.637+0000][541.285s][1][129][trace] GC(90) _eden_chunk_array[25]=0x00000000f792d058
[2025-08-08T15:29:35.637+0000][541.285s][1][129][trace] GC(90) _eden_chunk_array[26]=0x00000000f7964c08
[2025-08-08T15:29:35.637+0000][541.285s][1][129][trace] GC(90) _eden_chunk_array[27]=0x00000000f7985bb0
[2025-08-08T15:29:35.637+0000][541.285s][1][129][trace] GC(90) _eden_chunk_array[28]=0x00000000f79ccdc8
[2025-08-08T15:29:35.637+0000][541.285s][1][129][trace] GC(90) _eden_chunk_array[29]=0x00000000f79fd778
[2025-08-08T15:29:35.637+0000][541.285s][1][129][trace] GC(90) _eden_chunk_array[30]=0x00000000f7a251b0
[2025-08-08T15:29:35.637+0000][541.285s][1][129][trace] GC(90) _eden_chunk_array[31]=0x00000000f7a8f220
[2025-08-08T15:29:35.637+0000][541.285s][1][129][trace] GC(90) _eden_chunk_array[32]=0x00000000f7abcfa0
[2025-08-08T15:29:35.637+0000][541.285s][1][129][trace] GC(90) _eden_chunk_array[33]=0x00000000f7b041c8
[2025-08-08T15:29:35.637+0000][541.285s][1][129][trace] GC(90) _eden_chunk_array[34]=0x00000000f7b32af8
[2025-08-08T15:29:35.637+0000][541.285s][1][129][trace] GC(90) _eden_chunk_array[35]=0x00000000f7b55750
[2025-08-08T15:29:35.637+0000][541.285s][1][129][trace] GC(90) _eden_chunk_array[36]=0x00000000f7b8f420
[2025-08-08T15:29:35.637+0000][541.285s][1][129][trace] GC(90) _eden_chunk_array[37]=0x00000000f7bb7128
[2025-08-08T15:29:35.637+0000][541.285s][1][129][trace] GC(90) _eden_chunk_array[38]=0x00000000f7bf9a90
[2025-08-08T15:29:35.637+0000][541.285s][1][129][trace] GC(90) _eden_chunk_array[39]=0x00000000f7c2f338
[2025-08-08T15:29:35.637+0000][541.285s][1][129][trace] GC(90) _eden_chunk_array[40]=0x00000000f7c64bd0
[2025-08-08T15:29:35.637+0000][541.285s][1][129][trace] GC(90) _eden_chunk_array[41]=0x00000000f7c9a478
[2025-08-08T15:29:35.637+0000][541.285s][1][129][trace] GC(90) _eden_chunk_array[42]=0x00000000f7ccdea0
[2025-08-08T15:29:35.637+0000][541.285s][1][129][trace] GC(90) _eden_chunk_array[43]=0x00000000f7cef8c0
[2025-08-08T15:29:35.637+0000][541.285s][1][129][trace] GC(90) _eden_chunk_array[44]=0x00000000f7d28840
[2025-08-08T15:29:35.637+0000][541.285s][1][129][trace] GC(90) _eden_chunk_array[45]=0x00000000f7d52ba0
[2025-08-08T15:29:35.637+0000][541.285s][1][129][trace] GC(90) _eden_chunk_array[46]=0x00000000f7d924a8
[2025-08-08T15:29:35.637+0000][541.285s][1][129][trace] GC(90) _eden_chunk_array[47]=0x00000000f7ddde58
[2025-08-08T15:29:35.637+0000][541.285s][1][129][trace] GC(90) _eden_chunk_array[48]=0x00000000f7e25078
[2025-08-08T15:29:35.637+0000][541.285s][1][129][trace] GC(90) _eden_chunk_array[49]=0x00000000f7e53a48
[2025-08-08T15:29:35.638+0000][541.285s][1][129][trace] GC(90) _eden_chunk_array[50]=0x00000000f7e82418
[2025-08-08T15:29:35.638+0000][541.285s][1][129][trace] GC(90) _eden_chunk_array[51]=0x00000000f7eb0de0
[2025-08-08T15:29:35.638+0000][541.285s][1][129][trace] GC(90) _eden_chunk_array[52]=0x00000000f7edf7d0
[2025-08-08T15:29:35.638+0000][541.285s][1][129][trace] GC(90) _eden_chunk_array[53]=0x00000000f7f1b0b8
[2025-08-08T15:29:35.638+0000][541.285s][1][129][trace] GC(90) _eden_chunk_array[54]=0x00000000f7f44d00
[2025-08-08T15:29:35.638+0000][541.285s][1][129][trace] GC(90) _eden_chunk_array[55]=0x00000000f7f66170
[2025-08-08T15:29:35.638+0000][541.285s][1][129][trace] GC(90) _eden_chunk_array[56]=0x00000000f7f8e538
[2025-08-08T15:29:35.638+0000][541.285s][1][129][trace] GC(90) _eden_chunk_array[57]=0x00000000f7fb15d0
[2025-08-08T15:29:35.638+0000][541.285s][1][129][trace] GC(90) _eden_chunk_array[58]=0x00000000f7fd57d0
[2025-08-08T15:29:35.638+0000][541.285s][1][129][trace] GC(90) _eden_chunk_array[59]=0x00000000f8010e90
[2025-08-08T15:29:35.638+0000][541.285s][1][129][trace] GC(90) _eden_chunk_array[60]=0x00000000f8041ae0
[2025-08-08T15:29:35.638+0000][541.285s][1][129][trace] GC(90) _eden_chunk_array[61]=0x00000000f8062088
[2025-08-08T15:29:35.638+0000][541.285s][1][129][trace] GC(90) _eden_chunk_array[62]=0x00000000f80a92a8
[2025-08-08T15:29:35.638+0000][541.285s][1][129][trace] GC(90) _eden_chunk_array[63]=0x00000000f80d7198
[2025-08-08T15:29:35.638+0000][541.285s][1][129][trace] GC(90) _eden_chunk_array[64]=0x00000000f80f80c0
[2025-08-08T15:29:35.638+0000][541.285s][1][129][trace] GC(90) _eden_chunk_array[65]=0x00000000f8125fa0
[2025-08-08T15:29:35.638+0000][541.285s][1][129][trace] GC(90) _eden_chunk_array[66]=0x00000000f8153e90
[2025-08-08T15:29:35.638+0000][541.285s][1][129][trace] GC(90) _eden_chunk_array[67]=0x00000000f8174ae8
[2025-08-08T15:29:35.638+0000][541.285s][1][129][trace] GC(90) _eden_chunk_array[68]=0x00000000f819b990
[2025-08-08T15:29:35.638+0000][541.285s][1][129][trace] GC(90) _eden_chunk_array[69]=0x00000000f81bba80
[2025-08-08T15:29:35.638+0000][541.285s][1][129][trace] GC(90) _eden_chunk_array[70]=0x00000000f820f900
[2025-08-08T15:29:35.638+0000][541.285s][1][129][trace] GC(90) _eden_chunk_array[71]=0x00000000f823d620
[2025-08-08T15:29:35.638+0000][541.285s][1][129][trace] GC(90) _eden_chunk_array[72]=0x00000000f8262ba8
[2025-08-08T15:29:35.638+0000][541.285s][1][129][trace] GC(90) _eden_chunk_array[73]=0x00000000f82ab2f8
[2025-08-08T15:29:35.638+0000][541.285s][1][129][trace] GC(90) _eden_chunk_array[74]=0x00000000f8311588
[2025-08-08T15:29:35.638+0000][541.285s][1][129][trace] GC(90) _eden_chunk_array[75]=0x00000000f834f680
[2025-08-08T15:29:35.638+0000][541.285s][1][129][trace] GC(90) _eden_chunk_array[76]=0x00000000f8373c00
[2025-08-08T15:29:35.638+0000][541.285s][1][129][trace] GC(90) _eden_chunk_array[77]=0x00000000f83b1d38
[2025-08-08T15:29:35.638+0000][541.285s][1][129][trace] GC(90) _eden_chunk_array[78]=0x00000000f83d29e0
[2025-08-08T15:29:35.638+0000][541.285s][1][129][trace] GC(90) _eden_chunk_array[79]=0x00000000f843d9b0
[2025-08-08T15:29:35.638+0000][541.285s][1][129][trace] GC(90) _eden_chunk_array[80]=0x00000000f8470448
[2025-08-08T15:29:35.638+0000][541.285s][1][129][trace] GC(90) _eden_chunk_array[81]=0x00000000f8494218
[2025-08-08T15:29:35.638+0000][541.285s][1][129][trace] GC(90) _eden_chunk_array[82]=0x00000000f84b46a0
[2025-08-08T15:29:35.638+0000][541.285s][1][129][trace] GC(90) _eden_chunk_array[83]=0x00000000f84df640
[2025-08-08T15:29:35.638+0000][541.285s][1][129][trace] GC(90) _eden_chunk_array[84]=0x00000000f8503248
[2025-08-08T15:29:35.638+0000][541.285s][1][129][trace] GC(90) _eden_chunk_array[85]=0x00000000f8525dd0
[2025-08-08T15:29:35.638+0000][541.285s][1][129][trace] GC(90) _eden_chunk_array[86]=0x00000000f8549fb0
[2025-08-08T15:29:35.638+0000][541.285s][1][129][trace] GC(90) _eden_chunk_array[87]=0x00000000f8593700
[2025-08-08T15:29:35.638+0000][541.285s][1][129][trace] GC(90) _eden_chunk_array[88]=0x00000000f85b6e98
[2025-08-08T15:29:35.638+0000][541.285s][1][129][trace] GC(90) _eden_chunk_array[89]=0x00000000f85da628
[2025-08-08T15:29:35.638+0000][541.285s][1][129][trace] GC(90) _eden_chunk_array[90]=0x00000000f8637ba0
[2025-08-08T15:29:35.638+0000][541.285s][1][129][trace] GC(90) _eden_chunk_array[91]=0x00000000f865b350
[2025-08-08T15:29:35.638+0000][541.285s][1][129][trace] GC(90) _eden_chunk_array[92]=0x00000000f867eaf8
[2025-08-08T15:29:35.638+0000][541.285s][1][129][trace] GC(90) _eden_chunk_array[93]=0x00000000f86a22b0
[2025-08-08T15:29:35.638+0000][541.285s][1][129][trace] GC(90) _eden_chunk_array[94]=0x00000000f86ce2b8
[2025-08-08T15:29:35.638+0000][541.285s][1][129][trace] GC(90) _eden_chunk_array[95]=0x00000000f871be30
[2025-08-08T15:29:35.638+0000][541.285s][1][129][trace] GC(90) _eden_chunk_array[96]=0x00000000f873c650
[2025-08-08T15:29:35.638+0000][541.285s][1][129][trace] GC(90) _eden_chunk_array[97]=0x00000000f877a548
[2025-08-08T15:29:35.638+0000][541.285s][1][129][trace] GC(90) _eden_chunk_array[98]=0x00000000f87ab198
[2025-08-08T15:29:35.638+0000][541.285s][1][129][trace] GC(90) _eden_chunk_array[99]=0x00000000f87cdba8
[2025-08-08T15:29:35.638+0000][541.285s][1][129][trace] GC(90) _eden_chunk_array[100]=0x00000000f87ff268
[2025-08-08T15:29:35.638+0000][541.285s][1][129][trace] GC(90) _eden_chunk_array[101]=0x00000000f8820d80
[2025-08-08T15:29:35.638+0000][541.285s][1][129][trace] GC(90) _eden_chunk_array[102]=0x00000000f885e7f8
[2025-08-08T15:29:35.638+0000][541.285s][1][129][trace] GC(90) _eden_chunk_array[103]=0x00000000f88976c8
[2025-08-08T15:29:35.638+0000][541.285s][1][129][trace] GC(90) _eden_chunk_array[104]=0x00000000f88e3080
[2025-08-08T15:29:35.638+0000][541.285s][1][129][trace] GC(90) _eden_chunk_array[105]=0x00000000f8910f80
[2025-08-08T15:29:35.638+0000][541.285s][1][129][trace] GC(90) _eden_chunk_array[106]=0x00000000f893eeb0
[2025-08-08T15:29:35.638+0000][541.285s][1][129][trace] GC(90) _eden_chunk_array[107]=0x00000000f89a4ac8
[2025-08-08T15:29:35.638+0000][541.285s][1][129][trace] GC(90) _eden_chunk_array[108]=0x00000000f89cb8e0
[2025-08-08T15:29:35.638+0000][541.285s][1][129][trace] GC(90) survivor 0x00000000fd410000-0x00000000fd410000-0x00000000fe780000(20381696)
[2025-08-08T15:29:35.638+0000][541.285s][1][129][trace] GC(90) _survivor_chunk_index=0, _survivor_chunk_capacity=9952
[2025-08-08T15:29:35.661+0000][541.308s][1][129][info ] GC(90) Pause Initial Mark 86M->86M(180M) 23.586ms
[2025-08-08T15:29:35.661+0000][541.308s][1][129][info ] Leaving safepoint region
[2025-08-08T15:29:35.661+0000][541.308s][1][129][info ] Total time for which application threads were stopped: 0.0238321 seconds, Stopping threads took: 0.0000231 seconds
[2025-08-08T15:29:35.662+0000][541.309s][1][128][info ] GC(90) Concurrent Mark
[2025-08-08T15:29:35.665+0000][541.312s][1][128][info ] GC(90) Concurrent Mark 2.927ms
[2025-08-08T15:29:35.665+0000][541.312s][1][128][info ] GC(90) Concurrent Preclean
[2025-08-08T15:29:35.665+0000][541.312s][1][128][info ] GC(90) Concurrent Preclean 0.409ms
[2025-08-08T15:29:35.665+0000][541.312s][1][128][info ] GC(90) Concurrent Abortable Preclean
[2025-08-08T15:29:35.665+0000][541.312s][1][128][trace] CMS: promo attempt is not safe: available(24) < av_promo(2795063), max_promo(85768416)
[2025-08-08T15:29:35.665+0000][541.312s][1][128][info ] GC(90) Concurrent Abortable Preclean 0.020ms
[2025-08-08T15:29:35.665+0000][541.313s][1][129][info ] Application time: 0.0042578 seconds
[2025-08-08T15:29:35.665+0000][541.313s][1][129][info ] Entering safepoint region: CMS_Final_Remark
[2025-08-08T15:29:35.665+0000][541.313s][1][129][trace] GC(90) eden 0x00000000f3800000-0x00000000f89cb8e0-0x00000000fd410000(163643392)
[2025-08-08T15:29:35.665+0000][541.313s][1][129][trace] GC(90) _eden_chunk_index=109, _eden_chunk_capacity=11233
[2025-08-08T15:29:35.665+0000][541.313s][1][129][trace] GC(90) _eden_chunk_array[0]=0x00000000f73f9200
[2025-08-08T15:29:35.665+0000][541.313s][1][129][trace] GC(90) _eden_chunk_array[1]=0x00000000f74247b8
[2025-08-08T15:29:35.665+0000][541.313s][1][129][trace] GC(90) _eden_chunk_array[2]=0x00000000f7453930
[2025-08-08T15:29:35.665+0000][541.313s][1][129][trace] GC(90) _eden_chunk_array[3]=0x00000000f747dc68
[2025-08-08T15:29:35.665+0000][541.313s][1][129][trace] GC(90) _eden_chunk_array[4]=0x00000000f74ad020
[2025-08-08T15:29:35.665+0000][541.313s][1][129][trace] GC(90) _eden_chunk_array[5]=0x00000000f74d6e28
[2025-08-08T15:29:35.665+0000][541.313s][1][129][trace] GC(90) _eden_chunk_array[6]=0x00000000f74feb48
[2025-08-08T15:29:35.665+0000][541.313s][1][129][trace] GC(90) _eden_chunk_array[7]=0x00000000f7534cd8
[2025-08-08T15:29:35.665+0000][541.313s][1][129][trace] GC(90) _eden_chunk_array[8]=0x00000000f7554e70
[2025-08-08T15:29:35.665+0000][541.313s][1][129][trace] GC(90) _eden_chunk_array[9]=0x00000000f758a818
[2025-08-08T15:29:35.665+0000][541.313s][1][129][trace] GC(90) _eden_chunk_array[10]=0x00000000f75b8710
[2025-08-08T15:29:35.665+0000][541.313s][1][129][trace] GC(90) _eden_chunk_array[11]=0x00000000f75ff918
[2025-08-08T15:29:35.666+0000][541.313s][1][129][trace] GC(90) _eden_chunk_array[12]=0x00000000f7636b78
[2025-08-08T15:29:35.666+0000][541.313s][1][129][trace] GC(90) _eden_chunk_array[13]=0x00000000f767dd90
[2025-08-08T15:29:35.666+0000][541.313s][1][129][trace] GC(90) _eden_chunk_array[14]=0x00000000f76e4388
[2025-08-08T15:29:35.666+0000][541.313s][1][129][trace] GC(90) _eden_chunk_array[15]=0x00000000f7719c08
[2025-08-08T15:29:35.666+0000][541.313s][1][129][trace] GC(90) _eden_chunk_array[16]=0x00000000f774f498
[2025-08-08T15:29:35.666+0000][541.313s][1][129][trace] GC(90) _eden_chunk_array[17]=0x00000000f7784d40
[2025-08-08T15:29:35.666+0000][541.313s][1][129][trace] GC(90) _eden_chunk_array[18]=0x00000000f77ab4a0
[2025-08-08T15:29:35.666+0000][541.313s][1][129][trace] GC(90) _eden_chunk_array[19]=0x00000000f77cf2b0
[2025-08-08T15:29:35.666+0000][541.313s][1][129][trace] GC(90) _eden_chunk_array[20]=0x00000000f77f2938
[2025-08-08T15:29:35.666+0000][541.313s][1][129][trace] GC(90) _eden_chunk_array[21]=0x00000000f782c488
[2025-08-08T15:29:35.666+0000][541.313s][1][129][trace] GC(90) _eden_chunk_array[22]=0x00000000f7859ad0
[2025-08-08T15:29:35.666+0000][541.313s][1][129][trace] GC(90) _eden_chunk_array[23]=0x00000000f7890740
[2025-08-08T15:29:35.666+0000][541.313s][1][129][trace] GC(90) _eden_chunk_array[24]=0x00000000f78f70b0
[2025-08-08T15:29:35.666+0000][541.313s][1][129][trace] GC(90) _eden_chunk_array[25]=0x00000000f792d058
[2025-08-08T15:29:35.666+0000][541.313s][1][129][trace] GC(90) _eden_chunk_array[26]=0x00000000f7964c08
[2025-08-08T15:29:35.666+0000][541.313s][1][129][trace] GC(90) _eden_chunk_array[27]=0x00000000f7985bb0
[2025-08-08T15:29:35.666+0000][541.313s][1][129][trace] GC(90) _eden_chunk_array[28]=0x00000000f79ccdc8
[2025-08-08T15:29:35.666+0000][541.313s][1][129][trace] GC(90) _eden_chunk_array[29]=0x00000000f79fd778
[2025-08-08T15:29:35.666+0000][541.313s][1][129][trace] GC(90) _eden_chunk_array[30]=0x00000000f7a251b0
[2025-08-08T15:29:35.666+0000][541.313s][1][129][trace] GC(90) _eden_chunk_array[31]=0x00000000f7a8f220
[2025-08-08T15:29:35.666+0000][541.313s][1][129][trace] GC(90) _eden_chunk_array[32]=0x00000000f7abcfa0
[2025-08-08T15:29:35.666+0000][541.313s][1][129][trace] GC(90) _eden_chunk_array[33]=0x00000000f7b041c8
[2025-08-08T15:29:35.666+0000][541.313s][1][129][trace] GC(90) _eden_chunk_array[34]=0x00000000f7b32af8
[2025-08-08T15:29:35.666+0000][541.313s][1][129][trace] GC(90) _eden_chunk_array[35]=0x00000000f7b55750
[2025-08-08T15:29:35.666+0000][541.313s][1][129][trace] GC(90) _eden_chunk_array[36]=0x00000000f7b8f420
[2025-08-08T15:29:35.666+0000][541.313s][1][129][trace] GC(90) _eden_chunk_array[37]=0x00000000f7bb7128
[2025-08-08T15:29:35.666+0000][541.313s][1][129][trace] GC(90) _eden_chunk_array[38]=0x00000000f7bf9a90
[2025-08-08T15:29:35.666+0000][541.313s][1][129][trace] GC(90) _eden_chunk_array[39]=0x00000000f7c2f338
[2025-08-08T15:29:35.666+0000][541.313s][1][129][trace] GC(90) _eden_chunk_array[40]=0x00000000f7c64bd0
[2025-08-08T15:29:35.666+0000][541.313s][1][129][trace] GC(90) _eden_chunk_array[41]=0x00000000f7c9a478
[2025-08-08T15:29:35.666+0000][541.313s][1][129][trace] GC(90) _eden_chunk_array[42]=0x00000000f7ccdea0
[2025-08-08T15:29:35.666+0000][541.313s][1][129][trace] GC(90) _eden_chunk_array[43]=0x00000000f7cef8c0
[2025-08-08T15:29:35.666+0000][541.313s][1][129][trace] GC(90) _eden_chunk_array[44]=0x00000000f7d28840
[2025-08-08T15:29:35.666+0000][541.313s][1][129][trace] GC(90) _eden_chunk_array[45]=0x00000000f7d52ba0
[2025-08-08T15:29:35.666+0000][541.313s][1][129][trace] GC(90) _eden_chunk_array[46]=0x00000000f7d924a8
[2025-08-08T15:29:35.666+0000][541.313s][1][129][trace] GC(90) _eden_chunk_array[47]=0x00000000f7ddde58
[2025-08-08T15:29:35.666+0000][541.313s][1][129][trace] GC(90) _eden_chunk_array[48]=0x00000000f7e25078
[2025-08-08T15:29:35.666+0000][541.313s][1][129][trace] GC(90) _eden_chunk_array[49]=0x00000000f7e53a48
[2025-08-08T15:29:35.666+0000][541.313s][1][129][trace] GC(90) _eden_chunk_array[50]=0x00000000f7e82418
[2025-08-08T15:29:35.666+0000][541.313s][1][129][trace] GC(90) _eden_chunk_array[51]=0x00000000f7eb0de0
[2025-08-08T15:29:35.666+0000][541.313s][1][129][trace] GC(90) _eden_chunk_array[52]=0x00000000f7edf7d0
[2025-08-08T15:29:35.666+0000][541.313s][1][129][trace] GC(90) _eden_chunk_array[53]=0x00000000f7f1b0b8
[2025-08-08T15:29:35.666+0000][541.313s][1][129][trace] GC(90) _eden_chunk_array[54]=0x00000000f7f44d00
[2025-08-08T15:29:35.666+0000][541.313s][1][129][trace] GC(90) _eden_chunk_array[55]=0x00000000f7f66170
[2025-08-08T15:29:35.666+0000][541.313s][1][129][trace] GC(90) _eden_chunk_array[56]=0x00000000f7f8e538
[2025-08-08T15:29:35.666+0000][541.313s][1][129][trace] GC(90) _eden_chunk_array[57]=0x00000000f7fb15d0
[2025-08-08T15:29:35.666+0000][541.313s][1][129][trace] GC(90) _eden_chunk_array[58]=0x00000000f7fd57d0
[2025-08-08T15:29:35.666+0000][541.313s][1][129][trace] GC(90) _eden_chunk_array[59]=0x00000000f8010e90
[2025-08-08T15:29:35.666+0000][541.313s][1][129][trace] GC(90) _eden_chunk_array[60]=0x00000000f8041ae0
[2025-08-08T15:29:35.666+0000][541.313s][1][129][trace] GC(90) _eden_chunk_array[61]=0x00000000f8062088
[2025-08-08T15:29:35.666+0000][541.313s][1][129][trace] GC(90) _eden_chunk_array[62]=0x00000000f80a92a8
[2025-08-08T15:29:35.666+0000][541.313s][1][129][trace] GC(90) _eden_chunk_array[63]=0x00000000f80d7198
[2025-08-08T15:29:35.666+0000][541.313s][1][129][trace] GC(90) _eden_chunk_array[64]=0x00000000f80f80c0
[2025-08-08T15:29:35.666+0000][541.313s][1][129][trace] GC(90) _eden_chunk_array[65]=0x00000000f8125fa0
[2025-08-08T15:29:35.666+0000][541.313s][1][129][trace] GC(90) _eden_chunk_array[66]=0x00000000f8153e90
[2025-08-08T15:29:35.666+0000][541.313s][1][129][trace] GC(90) _eden_chunk_array[67]=0x00000000f8174ae8
[2025-08-08T15:29:35.666+0000][541.313s][1][129][trace] GC(90) _eden_chunk_array[68]=0x00000000f819b990
[2025-08-08T15:29:35.666+0000][541.313s][1][129][trace] GC(90) _eden_chunk_array[69]=0x00000000f81bba80
[2025-08-08T15:29:35.666+0000][541.313s][1][129][trace] GC(90) _eden_chunk_array[70]=0x00000000f820f900
[2025-08-08T15:29:35.666+0000][541.313s][1][129][trace] GC(90) _eden_chunk_array[71]=0x00000000f823d620
[2025-08-08T15:29:35.666+0000][541.313s][1][129][trace] GC(90) _eden_chunk_array[72]=0x00000000f8262ba8
[2025-08-08T15:29:35.666+0000][541.313s][1][129][trace] GC(90) _eden_chunk_array[73]=0x00000000f82ab2f8
[2025-08-08T15:29:35.666+0000][541.313s][1][129][trace] GC(90) _eden_chunk_array[74]=0x00000000f8311588
[2025-08-08T15:29:35.666+0000][541.313s][1][129][trace] GC(90) _eden_chunk_array[75]=0x00000000f834f680
[2025-08-08T15:29:35.666+0000][541.313s][1][129][trace] GC(90) _eden_chunk_array[76]=0x00000000f8373c00
[2025-08-08T15:29:35.666+0000][541.313s][1][129][trace] GC(90) _eden_chunk_array[77]=0x00000000f83b1d38
[2025-08-08T15:29:35.666+0000][541.313s][1][129][trace] GC(90) _eden_chunk_array[78]=0x00000000f83d29e0
[2025-08-08T15:29:35.666+0000][541.313s][1][129][trace] GC(90) _eden_chunk_array[79]=0x00000000f843d9b0
[2025-08-08T15:29:35.666+0000][541.313s][1][129][trace] GC(90) _eden_chunk_array[80]=0x00000000f8470448
[2025-08-08T15:29:35.666+0000][541.313s][1][129][trace] GC(90) _eden_chunk_array[81]=0x00000000f8494218
[2025-08-08T15:29:35.666+0000][541.313s][1][129][trace] GC(90) _eden_chunk_array[82]=0x00000000f84b46a0
[2025-08-08T15:29:35.666+0000][541.313s][1][129][trace] GC(90) _eden_chunk_array[83]=0x00000000f84df640
[2025-08-08T15:29:35.666+0000][541.313s][1][129][trace] GC(90) _eden_chunk_array[84]=0x00000000f8503248
[2025-08-08T15:29:35.666+0000][541.313s][1][129][trace] GC(90) _eden_chunk_array[85]=0x00000000f8525dd0
[2025-08-08T15:29:35.666+0000][541.313s][1][129][trace] GC(90) _eden_chunk_array[86]=0x00000000f8549fb0
[2025-08-08T15:29:35.666+0000][541.313s][1][129][trace] GC(90) _eden_chunk_array[87]=0x00000000f8593700
[2025-08-08T15:29:35.666+0000][541.313s][1][129][trace] GC(90) _eden_chunk_array[88]=0x00000000f85b6e98
[2025-08-08T15:29:35.666+0000][541.313s][1][129][trace] GC(90) _eden_chunk_array[89]=0x00000000f85da628
[2025-08-08T15:29:35.666+0000][541.313s][1][129][trace] GC(90) _eden_chunk_array[90]=0x00000000f8637ba0
[2025-08-08T15:29:35.666+0000][541.313s][1][129][trace] GC(90) _eden_chunk_array[91]=0x00000000f865b350
[2025-08-08T15:29:35.666+0000][541.313s][1][129][trace] GC(90) _eden_chunk_array[92]=0x00000000f867eaf8
[2025-08-08T15:29:35.666+0000][541.313s][1][129][trace] GC(90) _eden_chunk_array[93]=0x00000000f86a22b0
[2025-08-08T15:29:35.666+0000][541.313s][1][129][trace] GC(90) _eden_chunk_array[94]=0x00000000f86ce2b8
[2025-08-08T15:29:35.666+0000][541.313s][1][129][trace] GC(90) _eden_chunk_array[95]=0x00000000f871be30
[2025-08-08T15:29:35.666+0000][541.313s][1][129][trace] GC(90) _eden_chunk_array[96]=0x00000000f873c650
[2025-08-08T15:29:35.666+0000][541.313s][1][129][trace] GC(90) _eden_chunk_array[97]=0x00000000f877a548
[2025-08-08T15:29:35.666+0000][541.313s][1][129][trace] GC(90) _eden_chunk_array[98]=0x00000000f87ab198
[2025-08-08T15:29:35.666+0000][541.313s][1][129][trace] GC(90) _eden_chunk_array[99]=0x00000000f87cdba8
[2025-08-08T15:29:35.666+0000][541.313s][1][129][trace] GC(90) _eden_chunk_array[100]=0x00000000f87ff268
[2025-08-08T15:29:35.666+0000][541.313s][1][129][trace] GC(90) _eden_chunk_array[101]=0x00000000f8820d80
[2025-08-08T15:29:35.666+0000][541.313s][1][129][trace] GC(90) _eden_chunk_array[102]=0x00000000f885e7f8
[2025-08-08T15:29:35.666+0000][541.313s][1][129][trace] GC(90) _eden_chunk_array[103]=0x00000000f88976c8
[2025-08-08T15:29:35.666+0000][541.313s][1][129][trace] GC(90) _eden_chunk_array[104]=0x00000000f88e3080
[2025-08-08T15:29:35.666+0000][541.313s][1][129][trace] GC(90) _eden_chunk_array[105]=0x00000000f8910f80
[2025-08-08T15:29:35.666+0000][541.313s][1][129][trace] GC(90) _eden_chunk_array[106]=0x00000000f893eeb0
[2025-08-08T15:29:35.666+0000][541.313s][1][129][trace] GC(90) _eden_chunk_array[107]=0x00000000f89a4ac8
[2025-08-08T15:29:35.666+0000][541.313s][1][129][trace] GC(90) _eden_chunk_array[108]=0x00000000f89cb8e0
[2025-08-08T15:29:35.666+0000][541.313s][1][129][trace] GC(90) survivor 0x00000000fd410000-0x00000000fd410000-0x00000000fe780000(20381696)
[2025-08-08T15:29:35.666+0000][541.313s][1][129][trace] GC(90) _survivor_chunk_index=0, _survivor_chunk_capacity=9952
[2025-08-08T15:29:35.705+0000][541.352s][1][129][info ] GC(90) Pause Remark 86M->86M(180M) 39.246ms
[2025-08-08T15:29:35.705+0000][541.352s][1][129][info ] Leaving safepoint region
[2025-08-08T15:29:35.705+0000][541.352s][1][129][info ] Total time for which application threads were stopped: 0.0395298 seconds, Stopping threads took: 0.0000261 seconds
[2025-08-08T15:29:35.705+0000][541.352s][1][128][info ] GC(90) Concurrent Sweep
[2025-08-08T15:29:35.706+0000][541.354s][1][128][info ] GC(90) Concurrent Sweep 1.517ms
[2025-08-08T15:29:35.706+0000][541.354s][1][128][info ] GC(90) Concurrent Reset
[2025-08-08T15:29:35.706+0000][541.354s][1][128][info ] GC(90) Concurrent Reset 0.012ms
[2025-08-08T15:29:35.706+0000][541.354s][1][128][info ] GC(90) Old: 5183K->5183K(5184K)
[2025-08-08T15:29:38.706+0000][544.354s][1][129][info ] Application time: 3.0014630 seconds
[2025-08-08T15:29:38.706+0000][544.354s][1][129][info ] Entering safepoint region: Cleanup
[2025-08-08T15:29:38.706+0000][544.354s][1][129][info ] Leaving safepoint region
[2025-08-08T15:29:38.707+0000][544.354s][1][129][info ] Total time for which application threads were stopped: 0.0002259 seconds, Stopping threads took: 0.0000336 seconds
[2025-08-08T15:29:40.707+0000][546.355s][1][129][info ] Application time: 2.0006797 seconds
[2025-08-08T15:29:40.707+0000][546.355s][1][129][info ] Entering safepoint region: Cleanup
[2025-08-08T15:29:40.708+0000][546.355s][1][129][info ] Leaving safepoint region
[2025-08-08T15:29:40.708+0000][546.355s][1][129][info ] Total time for which application threads were stopped: 0.0002890 seconds, Stopping threads took: 0.0000389 seconds
[2025-08-08T15:29:43.710+0000][549.358s][1][129][info ] Application time: 3.0027300 seconds
[2025-08-08T15:29:43.710+0000][549.358s][1][129][info ] Entering safepoint region: Cleanup
[2025-08-08T15:29:43.711+0000][549.358s][1][129][info ] Leaving safepoint region
[2025-08-08T15:29:43.711+0000][549.358s][1][129][info ] Total time for which application threads were stopped: 0.0003136 seconds, Stopping threads took: 0.0000539 seconds
[2025-08-08T15:29:44.712+0000][550.359s][1][129][info ] Application time: 1.0008634 seconds
[2025-08-08T15:29:44.712+0000][550.359s][1][129][info ] Entering safepoint region: Cleanup
[2025-08-08T15:29:44.712+0000][550.359s][1][129][info ] Leaving safepoint region
[2025-08-08T15:29:44.712+0000][550.359s][1][129][info ] Total time for which application threads were stopped: 0.0002030 seconds, Stopping threads took: 0.0000338 seconds
[2025-08-08T15:29:45.707+0000][551.354s][1][129][info ] Application time: 0.9951755 seconds
[2025-08-08T15:29:45.707+0000][551.354s][1][129][info ] Entering safepoint region: CMS_Initial_Mark
[2025-08-08T15:29:45.707+0000][551.355s][1][129][trace] GC(91) eden 0x00000000f3800000-0x00000000f920d020-0x00000000fd410000(163643392)
[2025-08-08T15:29:45.707+0000][551.355s][1][129][trace] GC(91) _eden_chunk_index=147, _eden_chunk_capacity=11233
[2025-08-08T15:29:45.707+0000][551.355s][1][129][trace] GC(91) _eden_chunk_array[0]=0x00000000f73f9200
[2025-08-08T15:29:45.707+0000][551.355s][1][129][trace] GC(91) _eden_chunk_array[1]=0x00000000f74247b8
[2025-08-08T15:29:45.707+0000][551.355s][1][129][trace] GC(91) _eden_chunk_array[2]=0x00000000f7453930
[2025-08-08T15:29:45.707+0000][551.355s][1][129][trace] GC(91) _eden_chunk_array[3]=0x00000000f747dc68
[2025-08-08T15:29:45.707+0000][551.355s][1][129][trace] GC(91) _eden_chunk_array[4]=0x00000000f74ad020
[2025-08-08T15:29:45.707+0000][551.355s][1][129][trace] GC(91) _eden_chunk_array[5]=0x00000000f74d6e28
[2025-08-08T15:29:45.707+0000][551.355s][1][129][trace] GC(91) _eden_chunk_array[6]=0x00000000f74feb48
[2025-08-08T15:29:45.707+0000][551.355s][1][129][trace] GC(91) _eden_chunk_array[7]=0x00000000f7534cd8
[2025-08-08T15:29:45.707+0000][551.355s][1][129][trace] GC(91) _eden_chunk_array[8]=0x00000000f7554e70
[2025-08-08T15:29:45.707+0000][551.355s][1][129][trace] GC(91) _eden_chunk_array[9]=0x00000000f758a818
[2025-08-08T15:29:45.707+0000][551.355s][1][129][trace] GC(91) _eden_chunk_array[10]=0x00000000f75b8710
[2025-08-08T15:29:45.707+0000][551.355s][1][129][trace] GC(91) _eden_chunk_array[11]=0x00000000f75ff918
[2025-08-08T15:29:45.707+0000][551.355s][1][129][trace] GC(91) _eden_chunk_array[12]=0x00000000f7636b78
[2025-08-08T15:29:45.707+0000][551.355s][1][129][trace] GC(91) _eden_chunk_array[13]=0x00000000f767dd90
[2025-08-08T15:29:45.707+0000][551.355s][1][129][trace] GC(91) _eden_chunk_array[14]=0x00000000f76e4388
[2025-08-08T15:29:45.707+0000][551.355s][1][129][trace] GC(91) _eden_chunk_array[15]=0x00000000f7719c08
[2025-08-08T15:29:45.708+0000][551.355s][1][129][trace] GC(91) _eden_chunk_array[16]=0x00000000f774f498
[2025-08-08T15:29:45.708+0000][551.355s][1][129][trace] GC(91) _eden_chunk_array[17]=0x00000000f7784d40
[2025-08-08T15:29:45.708+0000][551.355s][1][129][trace] GC(91) _eden_chunk_array[18]=0x00000000f77ab4a0
[2025-08-08T15:29:45.708+0000][551.355s][1][129][trace] GC(91) _eden_chunk_array[19]=0x00000000f77cf2b0
[2025-08-08T15:29:45.708+0000][551.355s][1][129][trace] GC(91) _eden_chunk_array[20]=0x00000000f77f2938
[2025-08-08T15:29:45.708+0000][551.355s][1][129][trace] GC(91) _eden_chunk_array[21]=0x00000000f782c488
[2025-08-08T15:29:45.708+0000][551.355s][1][129][trace] GC(91) _eden_chunk_array[22]=0x00000000f7859ad0
[2025-08-08T15:29:45.708+0000][551.355s][1][129][trace] GC(91) _eden_chunk_array[23]=0x00000000f7890740
[2025-08-08T15:29:45.708+0000][551.355s][1][129][trace] GC(91) _eden_chunk_array[24]=0x00000000f78f70b0
[2025-08-08T15:29:45.708+0000][551.355s][1][129][trace] GC(91) _eden_chunk_array[25]=0x00000000f792d058
[2025-08-08T15:29:45.708+0000][551.355s][1][129][trace] GC(91) _eden_chunk_array[26]=0x00000000f7964c08
[2025-08-08T15:29:45.708+0000][551.356s][1][129][trace] GC(91) _eden_chunk_array[27]=0x00000000f7985bb0
[2025-08-08T15:29:45.708+0000][551.356s][1][129][trace] GC(91) _eden_chunk_array[28]=0x00000000f79ccdc8
[2025-08-08T15:29:45.708+0000][551.356s][1][129][trace] GC(91) _eden_chunk_array[29]=0x00000000f79fd778
[2025-08-08T15:29:45.708+0000][551.356s][1][129][trace] GC(91) _eden_chunk_array[30]=0x00000000f7a251b0
[2025-08-08T15:29:45.708+0000][551.356s][1][129][trace] GC(91) _eden_chunk_array[31]=0x00000000f7a8f220
[2025-08-08T15:29:45.708+0000][551.356s][1][129][trace] GC(91) _eden_chunk_array[32]=0x00000000f7abcfa0
[2025-08-08T15:29:45.708+0000][551.356s][1][129][trace] GC(91) _eden_chunk_array[33]=0x00000000f7b041c8
[2025-08-08T15:29:45.708+0000][551.356s][1][129][trace] GC(91) _eden_chunk_array[34]=0x00000000f7b32af8
[2025-08-08T15:29:45.708+0000][551.356s][1][129][trace] GC(91) _eden_chunk_array[35]=0x00000000f7b55750
[2025-08-08T15:29:45.708+0000][551.356s][1][129][trace] GC(91) _eden_chunk_array[36]=0x00000000f7b8f420
[2025-08-08T15:29:45.708+0000][551.356s][1][129][trace] GC(91) _eden_chunk_array[37]=0x00000000f7bb7128
[2025-08-08T15:29:45.708+0000][551.356s][1][129][trace] GC(91) _eden_chunk_array[38]=0x00000000f7bf9a90
[2025-08-08T15:29:45.708+0000][551.356s][1][129][trace] GC(91) _eden_chunk_array[39]=0x00000000f7c2f338
[2025-08-08T15:29:45.708+0000][551.356s][1][129][trace] GC(91) _eden_chunk_array[40]=0x00000000f7c64bd0
[2025-08-08T15:29:45.708+0000][551.356s][1][129][trace] GC(91) _eden_chunk_array[41]=0x00000000f7c9a478
[2025-08-08T15:29:45.708+0000][551.356s][1][129][trace] GC(91) _eden_chunk_array[42]=0x00000000f7ccdea0
[2025-08-08T15:29:45.708+0000][551.356s][1][129][trace] GC(91) _eden_chunk_array[43]=0x00000000f7cef8c0
[2025-08-08T15:29:45.708+0000][551.356s][1][129][trace] GC(91) _eden_chunk_array[44]=0x00000000f7d28840
[2025-08-08T15:29:45.708+0000][551.356s][1][129][trace] GC(91) _eden_chunk_array[45]=0x00000000f7d52ba0
[2025-08-08T15:29:45.708+0000][551.356s][1][129][trace] GC(91) _eden_chunk_array[46]=0x00000000f7d924a8
[2025-08-08T15:29:45.708+0000][551.356s][1][129][trace] GC(91) _eden_chunk_array[47]=0x00000000f7ddde58
[2025-08-08T15:29:45.708+0000][551.356s][1][129][trace] GC(91) _eden_chunk_array[48]=0x00000000f7e25078
[2025-08-08T15:29:45.708+0000][551.356s][1][129][trace] GC(91) _eden_chunk_array[49]=0x00000000f7e53a48
[2025-08-08T15:29:45.708+0000][551.356s][1][129][trace] GC(91) _eden_chunk_array[50]=0x00000000f7e82418
[2025-08-08T15:29:45.708+0000][551.356s][1][129][trace] GC(91) _eden_chunk_array[51]=0x00000000f7eb0de0
[2025-08-08T15:29:45.708+0000][551.356s][1][129][trace] GC(91) _eden_chunk_array[52]=0x00000000f7edf7d0
[2025-08-08T15:29:45.708+0000][551.356s][1][129][trace] GC(91) _eden_chunk_array[53]=0x00000000f7f1b0b8
[2025-08-08T15:29:45.708+0000][551.356s][1][129][trace] GC(91) _eden_chunk_array[54]=0x00000000f7f44d00
[2025-08-08T15:29:45.708+0000][551.356s][1][129][trace] GC(91) _eden_chunk_array[55]=0x00000000f7f66170
[2025-08-08T15:29:45.708+0000][551.356s][1][129][trace] GC(91) _eden_chunk_array[56]=0x00000000f7f8e538
[2025-08-08T15:29:45.708+0000][551.356s][1][129][trace] GC(91) _eden_chunk_array[57]=0x00000000f7fb15d0
[2025-08-08T15:29:45.708+0000][551.356s][1][129][trace] GC(91) _eden_chunk_array[58]=0x00000000f7fd57d0
[2025-08-08T15:29:45.708+0000][551.356s][1][129][trace] GC(91) _eden_chunk_array[59]=0x00000000f8010e90
[2025-08-08T15:29:45.708+0000][551.356s][1][129][trace] GC(91) _eden_chunk_array[60]=0x00000000f8041ae0
[2025-08-08T15:29:45.708+0000][551.356s][1][129][trace] GC(91) _eden_chunk_array[61]=0x00000000f8062088
[2025-08-08T15:29:45.708+0000][551.356s][1][129][trace] GC(91) _eden_chunk_array[62]=0x00000000f80a92a8
[2025-08-08T15:29:45.708+0000][551.356s][1][129][trace] GC(91) _eden_chunk_array[63]=0x00000000f80d7198
[2025-08-08T15:29:45.708+0000][551.356s][1][129][trace] GC(91) _eden_chunk_array[64]=0x00000000f80f80c0
[2025-08-08T15:29:45.709+0000][551.356s][1][129][trace] GC(91) _eden_chunk_array[65]=0x00000000f8125fa0
[2025-08-08T15:29:45.709+0000][551.356s][1][129][trace] GC(91) _eden_chunk_array[66]=0x00000000f8153e90
[2025-08-08T15:29:45.709+0000][551.356s][1][129][trace] GC(91) _eden_chunk_array[67]=0x00000000f8174ae8
[2025-08-08T15:29:45.709+0000][551.356s][1][129][trace] GC(91) _eden_chunk_array[68]=0x00000000f819b990
[2025-08-08T15:29:45.709+0000][551.356s][1][129][trace] GC(91) _eden_chunk_array[69]=0x00000000f81bba80
[2025-08-08T15:29:45.709+0000][551.356s][1][129][trace] GC(91) _eden_chunk_array[70]=0x00000000f820f900
[2025-08-08T15:29:45.709+0000][551.356s][1][129][trace] GC(91) _eden_chunk_array[71]=0x00000000f823d620
[2025-08-08T15:29:45.709+0000][551.356s][1][129][trace] GC(91) _eden_chunk_array[72]=0x00000000f8262ba8
[2025-08-08T15:29:45.709+0000][551.356s][1][129][trace] GC(91) _eden_chunk_array[73]=0x00000000f82ab2f8
[2025-08-08T15:29:45.709+0000][551.356s][1][129][trace] GC(91) _eden_chunk_array[74]=0x00000000f8311588
[2025-08-08T15:29:45.709+0000][551.356s][1][129][trace] GC(91) _eden_chunk_array[75]=0x00000000f834f680
[2025-08-08T15:29:45.709+0000][551.356s][1][129][trace] GC(91) _eden_chunk_array[76]=0x00000000f8373c00
[2025-08-08T15:29:45.709+0000][551.356s][1][129][trace] GC(91) _eden_chunk_array[77]=0x00000000f83b1d38
[2025-08-08T15:29:45.709+0000][551.356s][1][129][trace] GC(91) _eden_chunk_array[78]=0x00000000f83d29e0
[2025-08-08T15:29:45.709+0000][551.356s][1][129][trace] GC(91) _eden_chunk_array[79]=0x00000000f843d9b0
[2025-08-08T15:29:45.709+0000][551.356s][1][129][trace] GC(91) _eden_chunk_array[80]=0x00000000f8470448
[2025-08-08T15:29:45.709+0000][551.356s][1][129][trace] GC(91) _eden_chunk_array[81]=0x00000000f8494218
[2025-08-08T15:29:45.709+0000][551.356s][1][129][trace] GC(91) _eden_chunk_array[82]=0x00000000f84b46a0
[2025-08-08T15:29:45.709+0000][551.356s][1][129][trace] GC(91) _eden_chunk_array[83]=0x00000000f84df640
[2025-08-08T15:29:45.709+0000][551.356s][1][129][trace] GC(91) _eden_chunk_array[84]=0x00000000f8503248
[2025-08-08T15:29:45.709+0000][551.356s][1][129][trace] GC(91) _eden_chunk_array[85]=0x00000000f8525dd0
[2025-08-08T15:29:45.709+0000][551.356s][1][129][trace] GC(91) _eden_chunk_array[86]=0x00000000f8549fb0
[2025-08-08T15:29:45.709+0000][551.356s][1][129][trace] GC(91) _eden_chunk_array[87]=0x00000000f8593700
[2025-08-08T15:29:45.709+0000][551.356s][1][129][trace] GC(91) _eden_chunk_array[88]=0x00000000f85b6e98
[2025-08-08T15:29:45.709+0000][551.356s][1][129][trace] GC(91) _eden_chunk_array[89]=0x00000000f85da628
[2025-08-08T15:29:45.709+0000][551.356s][1][129][trace] GC(91) _eden_chunk_array[90]=0x00000000f8637ba0
[2025-08-08T15:29:45.709+0000][551.356s][1][129][trace] GC(91) _eden_chunk_array[91]=0x00000000f865b350
[2025-08-08T15:29:45.709+0000][551.356s][1][129][trace] GC(91) _eden_chunk_array[92]=0x00000000f867eaf8
[2025-08-08T15:29:45.709+0000][551.356s][1][129][trace] GC(91) _eden_chunk_array[93]=0x00000000f86a22b0
[2025-08-08T15:29:45.709+0000][551.356s][1][129][trace] GC(91) _eden_chunk_array[94]=0x00000000f86ce2b8
[2025-08-08T15:29:45.709+0000][551.356s][1][129][trace] GC(91) _eden_chunk_array[95]=0x00000000f871be30
[2025-08-08T15:29:45.709+0000][551.356s][1][129][trace] GC(91) _eden_chunk_array[96]=0x00000000f873c650
[2025-08-08T15:29:45.709+0000][551.356s][1][129][trace] GC(91) _eden_chunk_array[97]=0x00000000f877a548
[2025-08-08T15:29:45.709+0000][551.356s][1][129][trace] GC(91) _eden_chunk_array[98]=0x00000000f87ab198
[2025-08-08T15:29:45.709+0000][551.356s][1][129][trace] GC(91) _eden_chunk_array[99]=0x00000000f87cdba8
[2025-08-08T15:29:45.709+0000][551.356s][1][129][trace] GC(91) _eden_chunk_array[100]=0x00000000f87ff268
[2025-08-08T15:29:45.709+0000][551.356s][1][129][trace] GC(91) _eden_chunk_array[101]=0x00000000f8820d80
[2025-08-08T15:29:45.709+0000][551.356s][1][129][trace] GC(91) _eden_chunk_array[102]=0x00000000f885e7f8
[2025-08-08T15:29:45.709+0000][551.356s][1][129][trace] GC(91) _eden_chunk_array[103]=0x00000000f88976c8
[2025-08-08T15:29:45.709+0000][551.356s][1][129][trace] GC(91) _eden_chunk_array[104]=0x00000000f88e3080
[2025-08-08T15:29:45.709+0000][551.356s][1][129][trace] GC(91) _eden_chunk_array[105]=0x00000000f8910f80
[2025-08-08T15:29:45.709+0000][551.356s][1][129][trace] GC(91) _eden_chunk_array[106]=0x00000000f893eeb0
[2025-08-08T15:29:45.709+0000][551.356s][1][129][trace] GC(91) _eden_chunk_array[107]=0x00000000f89a4ac8
[2025-08-08T15:29:45.709+0000][551.356s][1][129][trace] GC(91) _eden_chunk_array[108]=0x00000000f89cb8e0
[2025-08-08T15:29:45.709+0000][551.356s][1][129][trace] GC(91) _eden_chunk_array[109]=0x00000000f89ec060
[2025-08-08T15:29:45.709+0000][551.356s][1][129][trace] GC(91) _eden_chunk_array[110]=0x00000000f8a448d8
[2025-08-08T15:29:45.709+0000][551.356s][1][129][trace] GC(91) _eden_chunk_array[111]=0x00000000f8a6cea8
[2025-08-08T15:29:45.709+0000][551.356s][1][129][trace] GC(91) _eden_chunk_array[112]=0x00000000f8a9c180
[2025-08-08T15:29:45.709+0000][551.356s][1][129][trace] GC(91) _eden_chunk_array[113]=0x00000000f8abe1a8
[2025-08-08T15:29:45.709+0000][551.356s][1][129][trace] GC(91) _eden_chunk_array[114]=0x00000000f8af4148
[2025-08-08T15:29:45.709+0000][551.356s][1][129][trace] GC(91) _eden_chunk_array[115]=0x00000000f8b5a148
[2025-08-08T15:29:45.709+0000][551.356s][1][129][trace] GC(91) _eden_chunk_array[116]=0x00000000f8ba1368
[2025-08-08T15:29:45.709+0000][551.356s][1][129][trace] GC(91) _eden_chunk_array[117]=0x00000000f8bdf490
[2025-08-08T15:29:45.709+0000][551.356s][1][129][trace] GC(91) _eden_chunk_array[118]=0x00000000f8c1d598
[2025-08-08T15:29:45.709+0000][551.356s][1][129][trace] GC(91) _eden_chunk_array[119]=0x00000000f8c5b698
[2025-08-08T15:29:45.709+0000][551.356s][1][129][trace] GC(91) _eden_chunk_array[120]=0x00000000f8c7b880
[2025-08-08T15:29:45.709+0000][551.356s][1][129][trace] GC(91) _eden_chunk_array[121]=0x00000000f8cad368
[2025-08-08T15:29:45.709+0000][551.356s][1][129][trace] GC(91) _eden_chunk_array[122]=0x00000000f8ccde78
[2025-08-08T15:29:45.709+0000][551.356s][1][129][trace] GC(91) _eden_chunk_array[123]=0x00000000f8cf5a38
[2025-08-08T15:29:45.709+0000][551.356s][1][129][trace] GC(91) _eden_chunk_array[124]=0x00000000f8d26178
[2025-08-08T15:29:45.709+0000][551.356s][1][129][trace] GC(91) _eden_chunk_array[125]=0x00000000f8d49900
[2025-08-08T15:29:45.709+0000][551.356s][1][129][trace] GC(91) _eden_chunk_array[126]=0x00000000f8d8b1f8
[2025-08-08T15:29:45.709+0000][551.356s][1][129][trace] GC(91) _eden_chunk_array[127]=0x00000000f8db2f10
[2025-08-08T15:29:45.709+0000][551.356s][1][129][trace] GC(91) _eden_chunk_array[128]=0x00000000f8de18e0
[2025-08-08T15:29:45.709+0000][551.356s][1][129][trace] GC(91) _eden_chunk_array[129]=0x00000000f8e18b48
[2025-08-08T15:29:45.709+0000][551.356s][1][129][trace] GC(91) _eden_chunk_array[130]=0x00000000f8e6f270
[2025-08-08T15:29:45.709+0000][551.356s][1][129][trace] GC(91) _eden_chunk_array[131]=0x00000000f8ebac10
[2025-08-08T15:29:45.709+0000][551.356s][1][129][trace] GC(91) _eden_chunk_array[132]=0x00000000f8f065c8
[2025-08-08T15:29:45.709+0000][551.356s][1][129][trace] GC(91) _eden_chunk_array[133]=0x00000000f8f51f80
[2025-08-08T15:29:45.709+0000][551.356s][1][129][trace] GC(91) _eden_chunk_array[134]=0x00000000f8f72620
[2025-08-08T15:29:45.709+0000][551.356s][1][129][trace] GC(91) _eden_chunk_array[135]=0x00000000f8fa4040
[2025-08-08T15:29:45.709+0000][551.356s][1][129][trace] GC(91) _eden_chunk_array[136]=0x00000000f8fc4d88
[2025-08-08T15:29:45.709+0000][551.356s][1][129][trace] GC(91) _eden_chunk_array[137]=0x00000000f8fec538
[2025-08-08T15:29:45.709+0000][551.356s][1][129][trace] GC(91) _eden_chunk_array[138]=0x00000000f902a638
[2025-08-08T15:29:45.709+0000][551.356s][1][129][trace] GC(91) _eden_chunk_array[139]=0x00000000f9058bc8
[2025-08-08T15:29:45.709+0000][551.356s][1][129][trace] GC(91) _eden_chunk_array[140]=0x00000000f9091800
[2025-08-08T15:29:45.709+0000][551.356s][1][129][trace] GC(91) _eden_chunk_array[141]=0x00000000f90dd1b8
[2025-08-08T15:29:45.709+0000][551.356s][1][129][trace] GC(91) _eden_chunk_array[142]=0x00000000f91409f8
[2025-08-08T15:29:45.709+0000][551.356s][1][129][trace] GC(91) _eden_chunk_array[143]=0x00000000f9179640
[2025-08-08T15:29:45.709+0000][551.356s][1][129][trace] GC(91) _eden_chunk_array[144]=0x00000000f91b3fe8
[2025-08-08T15:29:45.709+0000][551.356s][1][129][trace] GC(91) _eden_chunk_array[145]=0x00000000f91d5010
[2025-08-08T15:29:45.709+0000][551.356s][1][129][trace] GC(91) _eden_chunk_array[146]=0x00000000f91f5710
[2025-08-08T15:29:45.709+0000][551.356s][1][129][trace] GC(91) survivor 0x00000000fd410000-0x00000000fd410000-0x00000000fe780000(20381696)
[2025-08-08T15:29:45.709+0000][551.356s][1][129][trace] GC(91) _survivor_chunk_index=0, _survivor_chunk_capacity=9952
[2025-08-08T15:29:45.738+0000][551.386s][1][129][info ] GC(91) Pause Initial Mark 95M->95M(180M) 31.164ms
[2025-08-08T15:29:45.739+0000][551.386s][1][129][info ] Leaving safepoint region
[2025-08-08T15:29:45.739+0000][551.386s][1][129][info ] Total time for which application threads were stopped: 0.0314429 seconds, Stopping threads took: 0.0000344 seconds
[2025-08-08T15:29:45.739+0000][551.386s][1][128][info ] GC(91) Concurrent Mark
[2025-08-08T15:29:45.743+0000][551.390s][1][128][info ] GC(91) Concurrent Mark 4.104ms
[2025-08-08T15:29:45.743+0000][551.390s][1][128][info ] GC(91) Concurrent Preclean
[2025-08-08T15:29:45.743+0000][551.390s][1][128][info ] GC(91) Concurrent Preclean 0.293ms
[2025-08-08T15:29:45.743+0000][551.390s][1][128][info ] GC(91) Concurrent Abortable Preclean
[2025-08-08T15:29:45.743+0000][551.390s][1][128][trace] CMS: promo attempt is not safe: available(24) < av_promo(2795063), max_promo(94425120)
[2025-08-08T15:29:45.743+0000][551.391s][1][128][info ] GC(91) Concurrent Abortable Preclean 0.017ms
[2025-08-08T15:29:45.743+0000][551.391s][1][129][info ] Application time: 0.0047711 seconds
[2025-08-08T15:29:45.743+0000][551.391s][1][129][info ] Entering safepoint region: CMS_Final_Remark
[2025-08-08T15:29:45.744+0000][551.391s][1][129][trace] GC(91) eden 0x00000000f3800000-0x00000000f920d020-0x00000000fd410000(163643392)
[2025-08-08T15:29:45.744+0000][551.391s][1][129][trace] GC(91) _eden_chunk_index=147, _eden_chunk_capacity=11233
[2025-08-08T15:29:45.744+0000][551.391s][1][129][trace] GC(91) _eden_chunk_array[0]=0x00000000f73f9200
[2025-08-08T15:29:45.744+0000][551.391s][1][129][trace] GC(91) _eden_chunk_array[1]=0x00000000f74247b8
[2025-08-08T15:29:45.744+0000][551.391s][1][129][trace] GC(91) _eden_chunk_array[2]=0x00000000f7453930
[2025-08-08T15:29:45.744+0000][551.391s][1][129][trace] GC(91) _eden_chunk_array[3]=0x00000000f747dc68
[2025-08-08T15:29:45.744+0000][551.391s][1][129][trace] GC(91) _eden_chunk_array[4]=0x00000000f74ad020
[2025-08-08T15:29:45.744+0000][551.391s][1][129][trace] GC(91) _eden_chunk_array[5]=0x00000000f74d6e28
[2025-08-08T15:29:45.744+0000][551.391s][1][129][trace] GC(91) _eden_chunk_array[6]=0x00000000f74feb48
[2025-08-08T15:29:45.744+0000][551.391s][1][129][trace] GC(91) _eden_chunk_array[7]=0x00000000f7534cd8
[2025-08-08T15:29:45.744+0000][551.391s][1][129][trace] GC(91) _eden_chunk_array[8]=0x00000000f7554e70
[2025-08-08T15:29:45.744+0000][551.391s][1][129][trace] GC(91) _eden_chunk_array[9]=0x00000000f758a818
[2025-08-08T15:29:45.744+0000][551.391s][1][129][trace] GC(91) _eden_chunk_array[10]=0x00000000f75b8710
[2025-08-08T15:29:45.744+0000][551.391s][1][129][trace] GC(91) _eden_chunk_array[11]=0x00000000f75ff918
[2025-08-08T15:29:45.744+0000][551.391s][1][129][trace] GC(91) _eden_chunk_array[12]=0x00000000f7636b78
[2025-08-08T15:29:45.744+0000][551.391s][1][129][trace] GC(91) _eden_chunk_array[13]=0x00000000f767dd90
[2025-08-08T15:29:45.744+0000][551.391s][1][129][trace] GC(91) _eden_chunk_array[14]=0x00000000f76e4388
[2025-08-08T15:29:45.744+0000][551.391s][1][129][trace] GC(91) _eden_chunk_array[15]=0x00000000f7719c08
[2025-08-08T15:29:45.744+0000][551.391s][1][129][trace] GC(91) _eden_chunk_array[16]=0x00000000f774f498
[2025-08-08T15:29:45.744+0000][551.391s][1][129][trace] GC(91) _eden_chunk_array[17]=0x00000000f7784d40
[2025-08-08T15:29:45.744+0000][551.391s][1][129][trace] GC(91) _eden_chunk_array[18]=0x00000000f77ab4a0
[2025-08-08T15:29:45.744+0000][551.391s][1][129][trace] GC(91) _eden_chunk_array[19]=0x00000000f77cf2b0
[2025-08-08T15:29:45.744+0000][551.391s][1][129][trace] GC(91) _eden_chunk_array[20]=0x00000000f77f2938
[2025-08-08T15:29:45.744+0000][551.391s][1][129][trace] GC(91) _eden_chunk_array[21]=0x00000000f782c488
[2025-08-08T15:29:45.744+0000][551.391s][1][129][trace] GC(91) _eden_chunk_array[22]=0x00000000f7859ad0
[2025-08-08T15:29:45.744+0000][551.391s][1][129][trace] GC(91) _eden_chunk_array[23]=0x00000000f7890740
[2025-08-08T15:29:45.744+0000][551.391s][1][129][trace] GC(91) _eden_chunk_array[24]=0x00000000f78f70b0
[2025-08-08T15:29:45.744+0000][551.391s][1][129][trace] GC(91) _eden_chunk_array[25]=0x00000000f792d058
[2025-08-08T15:29:45.744+0000][551.391s][1][129][trace] GC(91) _eden_chunk_array[26]=0x00000000f7964c08
[2025-08-08T15:29:45.744+0000][551.391s][1][129][trace] GC(91) _eden_chunk_array[27]=0x00000000f7985bb0
[2025-08-08T15:29:45.744+0000][551.391s][1][129][trace] GC(91) _eden_chunk_array[28]=0x00000000f79ccdc8
[2025-08-08T15:29:45.744+0000][551.391s][1][129][trace] GC(91) _eden_chunk_array[29]=0x00000000f79fd778
[2025-08-08T15:29:45.744+0000][551.391s][1][129][trace] GC(91) _eden_chunk_array[30]=0x00000000f7a251b0
[2025-08-08T15:29:45.744+0000][551.391s][1][129][trace] GC(91) _eden_chunk_array[31]=0x00000000f7a8f220
[2025-08-08T15:29:45.744+0000][551.391s][1][129][trace] GC(91) _eden_chunk_array[32]=0x00000000f7abcfa0
[2025-08-08T15:29:45.744+0000][551.391s][1][129][trace] GC(91) _eden_chunk_array[33]=0x00000000f7b041c8
[2025-08-08T15:29:45.744+0000][551.391s][1][129][trace] GC(91) _eden_chunk_array[34]=0x00000000f7b32af8
[2025-08-08T15:29:45.744+0000][551.391s][1][129][trace] GC(91) _eden_chunk_array[35]=0x00000000f7b55750
[2025-08-08T15:29:45.744+0000][551.391s][1][129][trace] GC(91) _eden_chunk_array[36]=0x00000000f7b8f420
[2025-08-08T15:29:45.744+0000][551.391s][1][129][trace] GC(91) _eden_chunk_array[37]=0x00000000f7bb7128
[2025-08-08T15:29:45.744+0000][551.391s][1][129][trace] GC(91) _eden_chunk_array[38]=0x00000000f7bf9a90
[2025-08-08T15:29:45.744+0000][551.391s][1][129][trace] GC(91) _eden_chunk_array[39]=0x00000000f7c2f338
[2025-08-08T15:29:45.744+0000][551.391s][1][129][trace] GC(91) _eden_chunk_array[40]=0x00000000f7c64bd0
[2025-08-08T15:29:45.744+0000][551.391s][1][129][trace] GC(91) _eden_chunk_array[41]=0x00000000f7c9a478
[2025-08-08T15:29:45.744+0000][551.391s][1][129][trace] GC(91) _eden_chunk_array[42]=0x00000000f7ccdea0
[2025-08-08T15:29:45.744+0000][551.391s][1][129][trace] GC(91) _eden_chunk_array[43]=0x00000000f7cef8c0
[2025-08-08T15:29:45.744+0000][551.391s][1][129][trace] GC(91) _eden_chunk_array[44]=0x00000000f7d28840
[2025-08-08T15:29:45.744+0000][551.391s][1][129][trace] GC(91) _eden_chunk_array[45]=0x00000000f7d52ba0
[2025-08-08T15:29:45.744+0000][551.391s][1][129][trace] GC(91) _eden_chunk_array[46]=0x00000000f7d924a8
[2025-08-08T15:29:45.744+0000][551.391s][1][129][trace] GC(91) _eden_chunk_array[47]=0x00000000f7ddde58
[2025-08-08T15:29:45.744+0000][551.391s][1][129][trace] GC(91) _eden_chunk_array[48]=0x00000000f7e25078
[2025-08-08T15:29:45.744+0000][551.391s][1][129][trace] GC(91) _eden_chunk_array[49]=0x00000000f7e53a48
[2025-08-08T15:29:45.744+0000][551.391s][1][129][trace] GC(91) _eden_chunk_array[50]=0x00000000f7e82418
[2025-08-08T15:29:45.744+0000][551.391s][1][129][trace] GC(91) _eden_chunk_array[51]=0x00000000f7eb0de0
[2025-08-08T15:29:45.744+0000][551.391s][1][129][trace] GC(91) _eden_chunk_array[52]=0x00000000f7edf7d0
[2025-08-08T15:29:45.744+0000][551.391s][1][129][trace] GC(91) _eden_chunk_array[53]=0x00000000f7f1b0b8
[2025-08-08T15:29:45.744+0000][551.391s][1][129][trace] GC(91) _eden_chunk_array[54]=0x00000000f7f44d00
[2025-08-08T15:29:45.744+0000][551.391s][1][129][trace] GC(91) _eden_chunk_array[55]=0x00000000f7f66170
[2025-08-08T15:29:45.744+0000][551.391s][1][129][trace] GC(91) _eden_chunk_array[56]=0x00000000f7f8e538
[2025-08-08T15:29:45.744+0000][551.391s][1][129][trace] GC(91) _eden_chunk_array[57]=0x00000000f7fb15d0
[2025-08-08T15:29:45.744+0000][551.391s][1][129][trace] GC(91) _eden_chunk_array[58]=0x00000000f7fd57d0
[2025-08-08T15:29:45.744+0000][551.391s][1][129][trace] GC(91) _eden_chunk_array[59]=0x00000000f8010e90
[2025-08-08T15:29:45.744+0000][551.391s][1][129][trace] GC(91) _eden_chunk_array[60]=0x00000000f8041ae0
[2025-08-08T15:29:45.744+0000][551.391s][1][129][trace] GC(91) _eden_chunk_array[61]=0x00000000f8062088
[2025-08-08T15:29:45.744+0000][551.391s][1][129][trace] GC(91) _eden_chunk_array[62]=0x00000000f80a92a8
[2025-08-08T15:29:45.744+0000][551.391s][1][129][trace] GC(91) _eden_chunk_array[63]=0x00000000f80d7198
[2025-08-08T15:29:45.744+0000][551.391s][1][129][trace] GC(91) _eden_chunk_array[64]=0x00000000f80f80c0
[2025-08-08T15:29:45.744+0000][551.391s][1][129][trace] GC(91) _eden_chunk_array[65]=0x00000000f8125fa0
[2025-08-08T15:29:45.744+0000][551.391s][1][129][trace] GC(91) _eden_chunk_array[66]=0x00000000f8153e90
[2025-08-08T15:29:45.744+0000][551.391s][1][129][trace] GC(91) _eden_chunk_array[67]=0x00000000f8174ae8
[2025-08-08T15:29:45.744+0000][551.391s][1][129][trace] GC(91) _eden_chunk_array[68]=0x00000000f819b990
[2025-08-08T15:29:45.744+0000][551.391s][1][129][trace] GC(91) _eden_chunk_array[69]=0x00000000f81bba80
[2025-08-08T15:29:45.744+0000][551.391s][1][129][trace] GC(91) _eden_chunk_array[70]=0x00000000f820f900
[2025-08-08T15:29:45.744+0000][551.391s][1][129][trace] GC(91) _eden_chunk_array[71]=0x00000000f823d620
[2025-08-08T15:29:45.744+0000][551.391s][1][129][trace] GC(91) _eden_chunk_array[72]=0x00000000f8262ba8
[2025-08-08T15:29:45.744+0000][551.391s][1][129][trace] GC(91) _eden_chunk_array[73]=0x00000000f82ab2f8
[2025-08-08T15:29:45.744+0000][551.391s][1][129][trace] GC(91) _eden_chunk_array[74]=0x00000000f8311588
[2025-08-08T15:29:45.744+0000][551.391s][1][129][trace] GC(91) _eden_chunk_array[75]=0x00000000f834f680
[2025-08-08T15:29:45.744+0000][551.391s][1][129][trace] GC(91) _eden_chunk_array[76]=0x00000000f8373c00
[2025-08-08T15:29:45.744+0000][551.391s][1][129][trace] GC(91) _eden_chunk_array[77]=0x00000000f83b1d38
[2025-08-08T15:29:45.744+0000][551.391s][1][129][trace] GC(91) _eden_chunk_array[78]=0x00000000f83d29e0
[2025-08-08T15:29:45.744+0000][551.391s][1][129][trace] GC(91) _eden_chunk_array[79]=0x00000000f843d9b0
[2025-08-08T15:29:45.744+0000][551.391s][1][129][trace] GC(91) _eden_chunk_array[80]=0x00000000f8470448
[2025-08-08T15:29:45.744+0000][551.391s][1][129][trace] GC(91) _eden_chunk_array[81]=0x00000000f8494218
[2025-08-08T15:29:45.744+0000][551.391s][1][129][trace] GC(91) _eden_chunk_array[82]=0x00000000f84b46a0
[2025-08-08T15:29:45.744+0000][551.391s][1][129][trace] GC(91) _eden_chunk_array[83]=0x00000000f84df640
[2025-08-08T15:29:45.744+0000][551.391s][1][129][trace] GC(91) _eden_chunk_array[84]=0x00000000f8503248
[2025-08-08T15:29:45.744+0000][551.391s][1][129][trace] GC(91) _eden_chunk_array[85]=0x00000000f8525dd0
[2025-08-08T15:29:45.744+0000][551.391s][1][129][trace] GC(91) _eden_chunk_array[86]=0x00000000f8549fb0
[2025-08-08T15:29:45.744+0000][551.391s][1][129][trace] GC(91) _eden_chunk_array[87]=0x00000000f8593700
[2025-08-08T15:29:45.744+0000][551.391s][1][129][trace] GC(91) _eden_chunk_array[88]=0x00000000f85b6e98
[2025-08-08T15:29:45.744+0000][551.391s][1][129][trace] GC(91) _eden_chunk_array[89]=0x00000000f85da628
[2025-08-08T15:29:45.744+0000][551.391s][1][129][trace] GC(91) _eden_chunk_array[90]=0x00000000f8637ba0
[2025-08-08T15:29:45.744+0000][551.391s][1][129][trace] GC(91) _eden_chunk_array[91]=0x00000000f865b350
[2025-08-08T15:29:45.744+0000][551.391s][1][129][trace] GC(91) _eden_chunk_array[92]=0x00000000f867eaf8
[2025-08-08T15:29:45.744+0000][551.391s][1][129][trace] GC(91) _eden_chunk_array[93]=0x00000000f86a22b0
[2025-08-08T15:29:45.744+0000][551.391s][1][129][trace] GC(91) _eden_chunk_array[94]=0x00000000f86ce2b8
[2025-08-08T15:29:45.744+0000][551.391s][1][129][trace] GC(91) _eden_chunk_array[95]=0x00000000f871be30
[2025-08-08T15:29:45.744+0000][551.391s][1][129][trace] GC(91) _eden_chunk_array[96]=0x00000000f873c650
[2025-08-08T15:29:45.744+0000][551.391s][1][129][trace] GC(91) _eden_chunk_array[97]=0x00000000f877a548
[2025-08-08T15:29:45.744+0000][551.391s][1][129][trace] GC(91) _eden_chunk_array[98]=0x00000000f87ab198
[2025-08-08T15:29:45.744+0000][551.391s][1][129][trace] GC(91) _eden_chunk_array[99]=0x00000000f87cdba8
[2025-08-08T15:29:45.744+0000][551.391s][1][129][trace] GC(91) _eden_chunk_array[100]=0x00000000f87ff268
[2025-08-08T15:29:45.744+0000][551.391s][1][129][trace] GC(91) _eden_chunk_array[101]=0x00000000f8820d80
[2025-08-08T15:29:45.744+0000][551.391s][1][129][trace] GC(91) _eden_chunk_array[102]=0x00000000f885e7f8
[2025-08-08T15:29:45.744+0000][551.391s][1][129][trace] GC(91) _eden_chunk_array[103]=0x00000000f88976c8
[2025-08-08T15:29:45.744+0000][551.391s][1][129][trace] GC(91) _eden_chunk_array[104]=0x00000000f88e3080
[2025-08-08T15:29:45.744+0000][551.391s][1][129][trace] GC(91) _eden_chunk_array[105]=0x00000000f8910f80
[2025-08-08T15:29:45.744+0000][551.391s][1][129][trace] GC(91) _eden_chunk_array[106]=0x00000000f893eeb0
[2025-08-08T15:29:45.744+0000][551.391s][1][129][trace] GC(91) _eden_chunk_array[107]=0x00000000f89a4ac8
[2025-08-08T15:29:45.744+0000][551.391s][1][129][trace] GC(91) _eden_chunk_array[108]=0x00000000f89cb8e0
[2025-08-08T15:29:45.744+0000][551.391s][1][129][trace] GC(91) _eden_chunk_array[109]=0x00000000f89ec060
[2025-08-08T15:29:45.744+0000][551.391s][1][129][trace] GC(91) _eden_chunk_array[110]=0x00000000f8a448d8
[2025-08-08T15:29:45.744+0000][551.391s][1][129][trace] GC(91) _eden_chunk_array[111]=0x00000000f8a6cea8
[2025-08-08T15:29:45.744+0000][551.391s][1][129][trace] GC(91) _eden_chunk_array[112]=0x00000000f8a9c180
[2025-08-08T15:29:45.744+0000][551.391s][1][129][trace] GC(91) _eden_chunk_array[113]=0x00000000f8abe1a8
[2025-08-08T15:29:45.744+0000][551.391s][1][129][trace] GC(91) _eden_chunk_array[114]=0x00000000f8af4148
[2025-08-08T15:29:45.744+0000][551.391s][1][129][trace] GC(91) _eden_chunk_array[115]=0x00000000f8b5a148
[2025-08-08T15:29:45.744+0000][551.391s][1][129][trace] GC(91) _eden_chunk_array[116]=0x00000000f8ba1368
[2025-08-08T15:29:45.744+0000][551.391s][1][129][trace] GC(91) _eden_chunk_array[117]=0x00000000f8bdf490
[2025-08-08T15:29:45.744+0000][551.391s][1][129][trace] GC(91) _eden_chunk_array[118]=0x00000000f8c1d598
[2025-08-08T15:29:45.744+0000][551.391s][1][129][trace] GC(91) _eden_chunk_array[119]=0x00000000f8c5b698
[2025-08-08T15:29:45.744+0000][551.391s][1][129][trace] GC(91) _eden_chunk_array[120]=0x00000000f8c7b880
[2025-08-08T15:29:45.744+0000][551.391s][1][129][trace] GC(91) _eden_chunk_array[121]=0x00000000f8cad368
[2025-08-08T15:29:45.744+0000][551.391s][1][129][trace] GC(91) _eden_chunk_array[122]=0x00000000f8ccde78
[2025-08-08T15:29:45.744+0000][551.391s][1][129][trace] GC(91) _eden_chunk_array[123]=0x00000000f8cf5a38
[2025-08-08T15:29:45.744+0000][551.391s][1][129][trace] GC(91) _eden_chunk_array[124]=0x00000000f8d26178
[2025-08-08T15:29:45.744+0000][551.391s][1][129][trace] GC(91) _eden_chunk_array[125]=0x00000000f8d49900
[2025-08-08T15:29:45.744+0000][551.391s][1][129][trace] GC(91) _eden_chunk_array[126]=0x00000000f8d8b1f8
[2025-08-08T15:29:45.744+0000][551.391s][1][129][trace] GC(91) _eden_chunk_array[127]=0x00000000f8db2f10
[2025-08-08T15:29:45.744+0000][551.391s][1][129][trace] GC(91) _eden_chunk_array[128]=0x00000000f8de18e0
[2025-08-08T15:29:45.744+0000][551.391s][1][129][trace] GC(91) _eden_chunk_array[129]=0x00000000f8e18b48
[2025-08-08T15:29:45.744+0000][551.391s][1][129][trace] GC(91) _eden_chunk_array[130]=0x00000000f8e6f270
[2025-08-08T15:29:45.744+0000][551.391s][1][129][trace] GC(91) _eden_chunk_array[131]=0x00000000f8ebac10
[2025-08-08T15:29:45.744+0000][551.391s][1][129][trace] GC(91) _eden_chunk_array[132]=0x00000000f8f065c8
[2025-08-08T15:29:45.744+0000][551.391s][1][129][trace] GC(91) _eden_chunk_array[133]=0x00000000f8f51f80
[2025-08-08T15:29:45.744+0000][551.391s][1][129][trace] GC(91) _eden_chunk_array[134]=0x00000000f8f72620
[2025-08-08T15:29:45.744+0000][551.391s][1][129][trace] GC(91) _eden_chunk_array[135]=0x00000000f8fa4040
[2025-08-08T15:29:45.744+0000][551.391s][1][129][trace] GC(91) _eden_chunk_array[136]=0x00000000f8fc4d88
[2025-08-08T15:29:45.744+0000][551.391s][1][129][trace] GC(91) _eden_chunk_array[137]=0x00000000f8fec538
[2025-08-08T15:29:45.744+0000][551.391s][1][129][trace] GC(91) _eden_chunk_array[138]=0x00000000f902a638
[2025-08-08T15:29:45.744+0000][551.391s][1][129][trace] GC(91) _eden_chunk_array[139]=0x00000000f9058bc8
[2025-08-08T15:29:45.744+0000][551.392s][1][129][trace] GC(91) _eden_chunk_array[140]=0x00000000f9091800
[2025-08-08T15:29:45.744+0000][551.392s][1][129][trace] GC(91) _eden_chunk_array[141]=0x00000000f90dd1b8
[2025-08-08T15:29:45.744+0000][551.392s][1][129][trace] GC(91) _eden_chunk_array[142]=0x00000000f91409f8
[2025-08-08T15:29:45.744+0000][551.392s][1][129][trace] GC(91) _eden_chunk_array[143]=0x00000000f9179640
[2025-08-08T15:29:45.744+0000][551.392s][1][129][trace] GC(91) _eden_chunk_array[144]=0x00000000f91b3fe8
[2025-08-08T15:29:45.744+0000][551.392s][1][129][trace] GC(91) _eden_chunk_array[145]=0x00000000f91d5010
[2025-08-08T15:29:45.744+0000][551.392s][1][129][trace] GC(91) _eden_chunk_array[146]=0x00000000f91f5710
[2025-08-08T15:29:45.744+0000][551.392s][1][129][trace] GC(91) survivor 0x00000000fd410000-0x00000000fd410000-0x00000000fe780000(20381696)
[2025-08-08T15:29:45.744+0000][551.392s][1][129][trace] GC(91) _survivor_chunk_index=0, _survivor_chunk_capacity=9952
[2025-08-08T15:29:45.785+0000][551.432s][1][129][info ] GC(91) Pause Remark 95M->95M(180M) 41.384ms
[2025-08-08T15:29:45.785+0000][551.432s][1][129][info ] Leaving safepoint region
[2025-08-08T15:29:45.785+0000][551.432s][1][129][info ] Total time for which application threads were stopped: 0.0416740 seconds, Stopping threads took: 0.0000320 seconds
[2025-08-08T15:29:45.785+0000][551.432s][1][128][info ] GC(91) Concurrent Sweep
[2025-08-08T15:29:45.787+0000][551.434s][1][128][info ] GC(91) Concurrent Sweep 1.574ms
[2025-08-08T15:29:45.787+0000][551.434s][1][128][info ] GC(91) Concurrent Reset
[2025-08-08T15:29:45.787+0000][551.434s][1][128][info ] GC(91) Concurrent Reset 0.013ms
[2025-08-08T15:29:45.787+0000][551.434s][1][128][info ] GC(91) Old: 5183K->5183K(5184K)
[2025-08-08T15:29:46.785+0000][552.433s][1][129][info ] Application time: 1.0003933 seconds
[2025-08-08T15:29:46.785+0000][552.433s][1][129][info ] Entering safepoint region: Cleanup
[2025-08-08T15:29:46.786+0000][552.433s][1][129][info ] Leaving safepoint region
[2025-08-08T15:29:46.786+0000][552.433s][1][129][info ] Total time for which application threads were stopped: 0.0001755 seconds, Stopping threads took: 0.0000418 seconds
[2025-08-08T15:29:49.787+0000][555.435s][1][129][info ] Application time: 3.0016573 seconds
[2025-08-08T15:29:49.787+0000][555.435s][1][129][info ] Entering safepoint region: Cleanup
[2025-08-08T15:29:49.788+0000][555.435s][1][129][info ] Leaving safepoint region
[2025-08-08T15:29:49.788+0000][555.435s][1][129][info ] Total time for which application threads were stopped: 0.0002585 seconds, Stopping threads took: 0.0000318 seconds
[2025-08-08T15:29:55.786+0000][561.434s][1][129][info ] Application time: 5.9987771 seconds
[2025-08-08T15:29:55.786+0000][561.434s][1][129][info ] Entering safepoint region: CMS_Initial_Mark
[2025-08-08T15:29:55.787+0000][561.434s][1][129][trace] GC(92) eden 0x00000000f3800000-0x00000000f9c74ce0-0x00000000fd410000(163643392)
[2025-08-08T15:29:55.787+0000][561.434s][1][129][trace] GC(92) _eden_chunk_index=200, _eden_chunk_capacity=11233
[2025-08-08T15:29:55.787+0000][561.434s][1][129][trace] GC(92) _eden_chunk_array[0]=0x00000000f73f9200
[2025-08-08T15:29:55.787+0000][561.434s][1][129][trace] GC(92) _eden_chunk_array[1]=0x00000000f74247b8
[2025-08-08T15:29:55.787+0000][561.434s][1][129][trace] GC(92) _eden_chunk_array[2]=0x00000000f7453930
[2025-08-08T15:29:55.787+0000][561.434s][1][129][trace] GC(92) _eden_chunk_array[3]=0x00000000f747dc68
[2025-08-08T15:29:55.787+0000][561.434s][1][129][trace] GC(92) _eden_chunk_array[4]=0x00000000f74ad020
[2025-08-08T15:29:55.787+0000][561.434s][1][129][trace] GC(92) _eden_chunk_array[5]=0x00000000f74d6e28
[2025-08-08T15:29:55.787+0000][561.434s][1][129][trace] GC(92) _eden_chunk_array[6]=0x00000000f74feb48
[2025-08-08T15:29:55.787+0000][561.434s][1][129][trace] GC(92) _eden_chunk_array[7]=0x00000000f7534cd8
[2025-08-08T15:29:55.787+0000][561.434s][1][129][trace] GC(92) _eden_chunk_array[8]=0x00000000f7554e70
[2025-08-08T15:29:55.787+0000][561.434s][1][129][trace] GC(92) _eden_chunk_array[9]=0x00000000f758a818
[2025-08-08T15:29:55.787+0000][561.434s][1][129][trace] GC(92) _eden_chunk_array[10]=0x00000000f75b8710
[2025-08-08T15:29:55.787+0000][561.434s][1][129][trace] GC(92) _eden_chunk_array[11]=0x00000000f75ff918
[2025-08-08T15:29:55.787+0000][561.434s][1][129][trace] GC(92) _eden_chunk_array[12]=0x00000000f7636b78
[2025-08-08T15:29:55.787+0000][561.434s][1][129][trace] GC(92) _eden_chunk_array[13]=0x00000000f767dd90
[2025-08-08T15:29:55.787+0000][561.434s][1][129][trace] GC(92) _eden_chunk_array[14]=0x00000000f76e4388
[2025-08-08T15:29:55.787+0000][561.434s][1][129][trace] GC(92) _eden_chunk_array[15]=0x00000000f7719c08
[2025-08-08T15:29:55.787+0000][561.434s][1][129][trace] GC(92) _eden_chunk_array[16]=0x00000000f774f498
[2025-08-08T15:29:55.787+0000][561.434s][1][129][trace] GC(92) _eden_chunk_array[17]=0x00000000f7784d40
[2025-08-08T15:29:55.787+0000][561.434s][1][129][trace] GC(92) _eden_chunk_array[18]=0x00000000f77ab4a0
[2025-08-08T15:29:55.787+0000][561.434s][1][129][trace] GC(92) _eden_chunk_array[19]=0x00000000f77cf2b0
[2025-08-08T15:29:55.787+0000][561.434s][1][129][trace] GC(92) _eden_chunk_array[20]=0x00000000f77f2938
[2025-08-08T15:29:55.787+0000][561.434s][1][129][trace] GC(92) _eden_chunk_array[21]=0x00000000f782c488
[2025-08-08T15:29:55.787+0000][561.434s][1][129][trace] GC(92) _eden_chunk_array[22]=0x00000000f7859ad0
[2025-08-08T15:29:55.787+0000][561.434s][1][129][trace] GC(92) _eden_chunk_array[23]=0x00000000f7890740
[2025-08-08T15:29:55.787+0000][561.434s][1][129][trace] GC(92) _eden_chunk_array[24]=0x00000000f78f70b0
[2025-08-08T15:29:55.787+0000][561.434s][1][129][trace] GC(92) _eden_chunk_array[25]=0x00000000f792d058
[2025-08-08T15:29:55.787+0000][561.434s][1][129][trace] GC(92) _eden_chunk_array[26]=0x00000000f7964c08
[2025-08-08T15:29:55.787+0000][561.434s][1][129][trace] GC(92) _eden_chunk_array[27]=0x00000000f7985bb0
[2025-08-08T15:29:55.787+0000][561.434s][1][129][trace] GC(92) _eden_chunk_array[28]=0x00000000f79ccdc8
[2025-08-08T15:29:55.787+0000][561.434s][1][129][trace] GC(92) _eden_chunk_array[29]=0x00000000f79fd778
[2025-08-08T15:29:55.787+0000][561.434s][1][129][trace] GC(92) _eden_chunk_array[30]=0x00000000f7a251b0
[2025-08-08T15:29:55.787+0000][561.434s][1][129][trace] GC(92) _eden_chunk_array[31]=0x00000000f7a8f220
[2025-08-08T15:29:55.787+0000][561.434s][1][129][trace] GC(92) _eden_chunk_array[32]=0x00000000f7abcfa0
[2025-08-08T15:29:55.787+0000][561.434s][1][129][trace] GC(92) _eden_chunk_array[33]=0x00000000f7b041c8
[2025-08-08T15:29:55.787+0000][561.434s][1][129][trace] GC(92) _eden_chunk_array[34]=0x00000000f7b32af8
[2025-08-08T15:29:55.787+0000][561.434s][1][129][trace] GC(92) _eden_chunk_array[35]=0x00000000f7b55750
[2025-08-08T15:29:55.787+0000][561.434s][1][129][trace] GC(92) _eden_chunk_array[36]=0x00000000f7b8f420
[2025-08-08T15:29:55.787+0000][561.434s][1][129][trace] GC(92) _eden_chunk_array[37]=0x00000000f7bb7128
[2025-08-08T15:29:55.787+0000][561.434s][1][129][trace] GC(92) _eden_chunk_array[38]=0x00000000f7bf9a90
[2025-08-08T15:29:55.787+0000][561.434s][1][129][trace] GC(92) _eden_chunk_array[39]=0x00000000f7c2f338
[2025-08-08T15:29:55.787+0000][561.434s][1][129][trace] GC(92) _eden_chunk_array[40]=0x00000000f7c64bd0
[2025-08-08T15:29:55.787+0000][561.434s][1][129][trace] GC(92) _eden_chunk_array[41]=0x00000000f7c9a478
[2025-08-08T15:29:55.787+0000][561.434s][1][129][trace] GC(92) _eden_chunk_array[42]=0x00000000f7ccdea0
[2025-08-08T15:29:55.787+0000][561.434s][1][129][trace] GC(92) _eden_chunk_array[43]=0x00000000f7cef8c0
[2025-08-08T15:29:55.787+0000][561.434s][1][129][trace] GC(92) _eden_chunk_array[44]=0x00000000f7d28840
[2025-08-08T15:29:55.787+0000][561.434s][1][129][trace] GC(92) _eden_chunk_array[45]=0x00000000f7d52ba0
[2025-08-08T15:29:55.787+0000][561.434s][1][129][trace] GC(92) _eden_chunk_array[46]=0x00000000f7d924a8
[2025-08-08T15:29:55.787+0000][561.434s][1][129][trace] GC(92) _eden_chunk_array[47]=0x00000000f7ddde58
[2025-08-08T15:29:55.787+0000][561.434s][1][129][trace] GC(92) _eden_chunk_array[48]=0x00000000f7e25078
[2025-08-08T15:29:55.787+0000][561.434s][1][129][trace] GC(92) _eden_chunk_array[49]=0x00000000f7e53a48
[2025-08-08T15:29:55.787+0000][561.434s][1][129][trace] GC(92) _eden_chunk_array[50]=0x00000000f7e82418
[2025-08-08T15:29:55.787+0000][561.434s][1][129][trace] GC(92) _eden_chunk_array[51]=0x00000000f7eb0de0
[2025-08-08T15:29:55.787+0000][561.434s][1][129][trace] GC(92) _eden_chunk_array[52]=0x00000000f7edf7d0
[2025-08-08T15:29:55.787+0000][561.434s][1][129][trace] GC(92) _eden_chunk_array[53]=0x00000000f7f1b0b8
[2025-08-08T15:29:55.787+0000][561.434s][1][129][trace] GC(92) _eden_chunk_array[54]=0x00000000f7f44d00
[2025-08-08T15:29:55.787+0000][561.434s][1][129][trace] GC(92) _eden_chunk_array[55]=0x00000000f7f66170
[2025-08-08T15:29:55.787+0000][561.434s][1][129][trace] GC(92) _eden_chunk_array[56]=0x00000000f7f8e538
[2025-08-08T15:29:55.787+0000][561.434s][1][129][trace] GC(92) _eden_chunk_array[57]=0x00000000f7fb15d0
[2025-08-08T15:29:55.787+0000][561.434s][1][129][trace] GC(92) _eden_chunk_array[58]=0x00000000f7fd57d0
[2025-08-08T15:29:55.787+0000][561.434s][1][129][trace] GC(92) _eden_chunk_array[59]=0x00000000f8010e90
[2025-08-08T15:29:55.787+0000][561.434s][1][129][trace] GC(92) _eden_chunk_array[60]=0x00000000f8041ae0
[2025-08-08T15:29:55.787+0000][561.434s][1][129][trace] GC(92) _eden_chunk_array[61]=0x00000000f8062088
[2025-08-08T15:29:55.787+0000][561.434s][1][129][trace] GC(92) _eden_chunk_array[62]=0x00000000f80a92a8
[2025-08-08T15:29:55.787+0000][561.434s][1][129][trace] GC(92) _eden_chunk_array[63]=0x00000000f80d7198
[2025-08-08T15:29:55.787+0000][561.434s][1][129][trace] GC(92) _eden_chunk_array[64]=0x00000000f80f80c0
[2025-08-08T15:29:55.787+0000][561.434s][1][129][trace] GC(92) _eden_chunk_array[65]=0x00000000f8125fa0
[2025-08-08T15:29:55.787+0000][561.434s][1][129][trace] GC(92) _eden_chunk_array[66]=0x00000000f8153e90
[2025-08-08T15:29:55.787+0000][561.434s][1][129][trace] GC(92) _eden_chunk_array[67]=0x00000000f8174ae8
[2025-08-08T15:29:55.787+0000][561.434s][1][129][trace] GC(92) _eden_chunk_array[68]=0x00000000f819b990
[2025-08-08T15:29:55.787+0000][561.434s][1][129][trace] GC(92) _eden_chunk_array[69]=0x00000000f81bba80
[2025-08-08T15:29:55.787+0000][561.434s][1][129][trace] GC(92) _eden_chunk_array[70]=0x00000000f820f900
[2025-08-08T15:29:55.787+0000][561.434s][1][129][trace] GC(92) _eden_chunk_array[71]=0x00000000f823d620
[2025-08-08T15:29:55.787+0000][561.434s][1][129][trace] GC(92) _eden_chunk_array[72]=0x00000000f8262ba8
[2025-08-08T15:29:55.787+0000][561.434s][1][129][trace] GC(92) _eden_chunk_array[73]=0x00000000f82ab2f8
[2025-08-08T15:29:55.787+0000][561.434s][1][129][trace] GC(92) _eden_chunk_array[74]=0x00000000f8311588
[2025-08-08T15:29:55.787+0000][561.434s][1][129][trace] GC(92) _eden_chunk_array[75]=0x00000000f834f680
[2025-08-08T15:29:55.787+0000][561.434s][1][129][trace] GC(92) _eden_chunk_array[76]=0x00000000f8373c00
[2025-08-08T15:29:55.787+0000][561.434s][1][129][trace] GC(92) _eden_chunk_array[77]=0x00000000f83b1d38
[2025-08-08T15:29:55.787+0000][561.434s][1][129][trace] GC(92) _eden_chunk_array[78]=0x00000000f83d29e0
[2025-08-08T15:29:55.787+0000][561.434s][1][129][trace] GC(92) _eden_chunk_array[79]=0x00000000f843d9b0
[2025-08-08T15:29:55.787+0000][561.434s][1][129][trace] GC(92) _eden_chunk_array[80]=0x00000000f8470448
[2025-08-08T15:29:55.787+0000][561.434s][1][129][trace] GC(92) _eden_chunk_array[81]=0x00000000f8494218
[2025-08-08T15:29:55.787+0000][561.434s][1][129][trace] GC(92) _eden_chunk_array[82]=0x00000000f84b46a0
[2025-08-08T15:29:55.787+0000][561.434s][1][129][trace] GC(92) _eden_chunk_array[83]=0x00000000f84df640
[2025-08-08T15:29:55.787+0000][561.434s][1][129][trace] GC(92) _eden_chunk_array[84]=0x00000000f8503248
[2025-08-08T15:29:55.787+0000][561.434s][1][129][trace] GC(92) _eden_chunk_array[85]=0x00000000f8525dd0
[2025-08-08T15:29:55.787+0000][561.434s][1][129][trace] GC(92) _eden_chunk_array[86]=0x00000000f8549fb0
[2025-08-08T15:29:55.787+0000][561.434s][1][129][trace] GC(92) _eden_chunk_array[87]=0x00000000f8593700
[2025-08-08T15:29:55.787+0000][561.434s][1][129][trace] GC(92) _eden_chunk_array[88]=0x00000000f85b6e98
[2025-08-08T15:29:55.787+0000][561.434s][1][129][trace] GC(92) _eden_chunk_array[89]=0x00000000f85da628
[2025-08-08T15:29:55.787+0000][561.434s][1][129][trace] GC(92) _eden_chunk_array[90]=0x00000000f8637ba0
[2025-08-08T15:29:55.787+0000][561.434s][1][129][trace] GC(92) _eden_chunk_array[91]=0x00000000f865b350
[2025-08-08T15:29:55.787+0000][561.434s][1][129][trace] GC(92) _eden_chunk_array[92]=0x00000000f867eaf8
[2025-08-08T15:29:55.787+0000][561.434s][1][129][trace] GC(92) _eden_chunk_array[93]=0x00000000f86a22b0
[2025-08-08T15:29:55.787+0000][561.434s][1][129][trace] GC(92) _eden_chunk_array[94]=0x00000000f86ce2b8
[2025-08-08T15:29:55.787+0000][561.434s][1][129][trace] GC(92) _eden_chunk_array[95]=0x00000000f871be30
[2025-08-08T15:29:55.787+0000][561.434s][1][129][trace] GC(92) _eden_chunk_array[96]=0x00000000f873c650
[2025-08-08T15:29:55.787+0000][561.434s][1][129][trace] GC(92) _eden_chunk_array[97]=0x00000000f877a548
[2025-08-08T15:29:55.787+0000][561.434s][1][129][trace] GC(92) _eden_chunk_array[98]=0x00000000f87ab198
[2025-08-08T15:29:55.787+0000][561.434s][1][129][trace] GC(92) _eden_chunk_array[99]=0x00000000f87cdba8
[2025-08-08T15:29:55.787+0000][561.434s][1][129][trace] GC(92) _eden_chunk_array[100]=0x00000000f87ff268
[2025-08-08T15:29:55.787+0000][561.434s][1][129][trace] GC(92) _eden_chunk_array[101]=0x00000000f8820d80
[2025-08-08T15:29:55.787+0000][561.434s][1][129][trace] GC(92) _eden_chunk_array[102]=0x00000000f885e7f8
[2025-08-08T15:29:55.787+0000][561.434s][1][129][trace] GC(92) _eden_chunk_array[103]=0x00000000f88976c8
[2025-08-08T15:29:55.787+0000][561.434s][1][129][trace] GC(92) _eden_chunk_array[104]=0x00000000f88e3080
[2025-08-08T15:29:55.787+0000][561.434s][1][129][trace] GC(92) _eden_chunk_array[105]=0x00000000f8910f80
[2025-08-08T15:29:55.787+0000][561.434s][1][129][trace] GC(92) _eden_chunk_array[106]=0x00000000f893eeb0
[2025-08-08T15:29:55.787+0000][561.434s][1][129][trace] GC(92) _eden_chunk_array[107]=0x00000000f89a4ac8
[2025-08-08T15:29:55.787+0000][561.434s][1][129][trace] GC(92) _eden_chunk_array[108]=0x00000000f89cb8e0
[2025-08-08T15:29:55.787+0000][561.434s][1][129][trace] GC(92) _eden_chunk_array[109]=0x00000000f89ec060
[2025-08-08T15:29:55.787+0000][561.434s][1][129][trace] GC(92) _eden_chunk_array[110]=0x00000000f8a448d8
[2025-08-08T15:29:55.787+0000][561.434s][1][129][trace] GC(92) _eden_chunk_array[111]=0x00000000f8a6cea8
[2025-08-08T15:29:55.787+0000][561.434s][1][129][trace] GC(92) _eden_chunk_array[112]=0x00000000f8a9c180
[2025-08-08T15:29:55.787+0000][561.434s][1][129][trace] GC(92) _eden_chunk_array[113]=0x00000000f8abe1a8
[2025-08-08T15:29:55.787+0000][561.434s][1][129][trace] GC(92) _eden_chunk_array[114]=0x00000000f8af4148
[2025-08-08T15:29:55.787+0000][561.434s][1][129][trace] GC(92) _eden_chunk_array[115]=0x00000000f8b5a148
[2025-08-08T15:29:55.787+0000][561.434s][1][129][trace] GC(92) _eden_chunk_array[116]=0x00000000f8ba1368
[2025-08-08T15:29:55.787+0000][561.434s][1][129][trace] GC(92) _eden_chunk_array[117]=0x00000000f8bdf490
[2025-08-08T15:29:55.787+0000][561.434s][1][129][trace] GC(92) _eden_chunk_array[118]=0x00000000f8c1d598
[2025-08-08T15:29:55.787+0000][561.434s][1][129][trace] GC(92) _eden_chunk_array[119]=0x00000000f8c5b698
[2025-08-08T15:29:55.787+0000][561.434s][1][129][trace] GC(92) _eden_chunk_array[120]=0x00000000f8c7b880
[2025-08-08T15:29:55.787+0000][561.434s][1][129][trace] GC(92) _eden_chunk_array[121]=0x00000000f8cad368
[2025-08-08T15:29:55.787+0000][561.434s][1][129][trace] GC(92) _eden_chunk_array[122]=0x00000000f8ccde78
[2025-08-08T15:29:55.787+0000][561.434s][1][129][trace] GC(92) _eden_chunk_array[123]=0x00000000f8cf5a38
[2025-08-08T15:29:55.787+0000][561.434s][1][129][trace] GC(92) _eden_chunk_array[124]=0x00000000f8d26178
[2025-08-08T15:29:55.787+0000][561.434s][1][129][trace] GC(92) _eden_chunk_array[125]=0x00000000f8d49900
[2025-08-08T15:29:55.787+0000][561.434s][1][129][trace] GC(92) _eden_chunk_array[126]=0x00000000f8d8b1f8
[2025-08-08T15:29:55.787+0000][561.434s][1][129][trace] GC(92) _eden_chunk_array[127]=0x00000000f8db2f10
[2025-08-08T15:29:55.787+0000][561.434s][1][129][trace] GC(92) _eden_chunk_array[128]=0x00000000f8de18e0
[2025-08-08T15:29:55.787+0000][561.434s][1][129][trace] GC(92) _eden_chunk_array[129]=0x00000000f8e18b48
[2025-08-08T15:29:55.787+0000][561.434s][1][129][trace] GC(92) _eden_chunk_array[130]=0x00000000f8e6f270
[2025-08-08T15:29:55.787+0000][561.434s][1][129][trace] GC(92) _eden_chunk_array[131]=0x00000000f8ebac10
[2025-08-08T15:29:55.787+0000][561.434s][1][129][trace] GC(92) _eden_chunk_array[132]=0x00000000f8f065c8
[2025-08-08T15:29:55.787+0000][561.434s][1][129][trace] GC(92) _eden_chunk_array[133]=0x00000000f8f51f80
[2025-08-08T15:29:55.787+0000][561.434s][1][129][trace] GC(92) _eden_chunk_array[134]=0x00000000f8f72620
[2025-08-08T15:29:55.787+0000][561.434s][1][129][trace] GC(92) _eden_chunk_array[135]=0x00000000f8fa4040
[2025-08-08T15:29:55.787+0000][561.434s][1][129][trace] GC(92) _eden_chunk_array[136]=0x00000000f8fc4d88
[2025-08-08T15:29:55.787+0000][561.434s][1][129][trace] GC(92) _eden_chunk_array[137]=0x00000000f8fec538
[2025-08-08T15:29:55.787+0000][561.434s][1][129][trace] GC(92) _eden_chunk_array[138]=0x00000000f902a638
[2025-08-08T15:29:55.787+0000][561.434s][1][129][trace] GC(92) _eden_chunk_array[139]=0x00000000f9058bc8
[2025-08-08T15:29:55.787+0000][561.434s][1][129][trace] GC(92) _eden_chunk_array[140]=0x00000000f9091800
[2025-08-08T15:29:55.787+0000][561.434s][1][129][trace] GC(92) _eden_chunk_array[141]=0x00000000f90dd1b8
[2025-08-08T15:29:55.787+0000][561.434s][1][129][trace] GC(92) _eden_chunk_array[142]=0x00000000f91409f8
[2025-08-08T15:29:55.787+0000][561.434s][1][129][trace] GC(92) _eden_chunk_array[143]=0x00000000f9179640
[2025-08-08T15:29:55.787+0000][561.434s][1][129][trace] GC(92) _eden_chunk_array[144]=0x00000000f91b3fe8
[2025-08-08T15:29:55.787+0000][561.434s][1][129][trace] GC(92) _eden_chunk_array[145]=0x00000000f91d5010
[2025-08-08T15:29:55.787+0000][561.434s][1][129][trace] GC(92) _eden_chunk_array[146]=0x00000000f91f5710
[2025-08-08T15:29:55.787+0000][561.434s][1][129][trace] GC(92) _eden_chunk_array[147]=0x00000000f92174a0
[2025-08-08T15:29:55.787+0000][561.434s][1][129][trace] GC(92) _eden_chunk_array[148]=0x00000000f9237f28
[2025-08-08T15:29:55.787+0000][561.434s][1][129][trace] GC(92) _eden_chunk_array[149]=0x00000000f9268880
[2025-08-08T15:29:55.787+0000][561.434s][1][129][trace] GC(92) _eden_chunk_array[150]=0x00000000f92b4220
[2025-08-08T15:29:55.787+0000][561.434s][1][129][trace] GC(92) _eden_chunk_array[151]=0x00000000f92d8e90
[2025-08-08T15:29:55.787+0000][561.434s][1][129][trace] GC(92) _eden_chunk_array[152]=0x00000000f9336e68
[2025-08-08T15:29:55.787+0000][561.434s][1][129][trace] GC(92) _eden_chunk_array[153]=0x00000000f936ce70
[2025-08-08T15:29:55.787+0000][561.434s][1][129][trace] GC(92) _eden_chunk_array[154]=0x00000000f93b8810
[2025-08-08T15:29:55.787+0000][561.434s][1][129][trace] GC(92) _eden_chunk_array[155]=0x00000000f93ffa18
[2025-08-08T15:29:55.787+0000][561.434s][1][129][trace] GC(92) _eden_chunk_array[156]=0x00000000f94267a0
[2025-08-08T15:29:55.787+0000][561.434s][1][129][trace] GC(92) _eden_chunk_array[157]=0x00000000f944e4b0
[2025-08-08T15:29:55.787+0000][561.434s][1][129][trace] GC(92) _eden_chunk_array[158]=0x00000000f94761c0
[2025-08-08T15:29:55.787+0000][561.434s][1][129][trace] GC(92) _eden_chunk_array[159]=0x00000000f94984d0
[2025-08-08T15:29:55.787+0000][561.434s][1][129][trace] GC(92) _eden_chunk_array[160]=0x00000000f94c9400
[2025-08-08T15:29:55.787+0000][561.434s][1][129][trace] GC(92) _eden_chunk_array[161]=0x00000000f94f6a80
[2025-08-08T15:29:55.787+0000][561.434s][1][129][trace] GC(92) _eden_chunk_array[162]=0x00000000f9520dc8
[2025-08-08T15:29:55.787+0000][561.434s][1][129][trace] GC(92) _eden_chunk_array[163]=0x00000000f954ecc8
[2025-08-08T15:29:55.787+0000][561.434s][1][129][trace] GC(92) _eden_chunk_array[164]=0x00000000f95aece8
[2025-08-08T15:29:55.787+0000][561.434s][1][129][trace] GC(92) _eden_chunk_array[165]=0x00000000f95dfd08
[2025-08-08T15:29:55.787+0000][561.434s][1][129][trace] GC(92) _eden_chunk_array[166]=0x00000000f9606700
[2025-08-08T15:29:55.787+0000][561.434s][1][129][trace] GC(92) _eden_chunk_array[167]=0x00000000f9628230
[2025-08-08T15:29:55.787+0000][561.434s][1][129][trace] GC(92) _eden_chunk_array[168]=0x00000000f968de50
[2025-08-08T15:29:55.787+0000][561.434s][1][129][trace] GC(92) _eden_chunk_array[169]=0x00000000f96bbd38
[2025-08-08T15:29:55.787+0000][561.434s][1][129][trace] GC(92) _eden_chunk_array[170]=0x00000000f96dc330
[2025-08-08T15:29:55.787+0000][561.434s][1][129][trace] GC(92) _eden_chunk_array[171]=0x00000000f9707340
[2025-08-08T15:29:55.787+0000][561.435s][1][129][trace] GC(92) _eden_chunk_array[172]=0x00000000f972e680
[2025-08-08T15:29:55.787+0000][561.435s][1][129][trace] GC(92) _eden_chunk_array[173]=0x00000000f97549f0
[2025-08-08T15:29:55.787+0000][561.435s][1][129][trace] GC(92) _eden_chunk_array[174]=0x00000000f97a8820
[2025-08-08T15:29:55.787+0000][561.435s][1][129][trace] GC(92) _eden_chunk_array[175]=0x00000000f97d3398
[2025-08-08T15:29:55.787+0000][561.435s][1][129][trace] GC(92) _eden_chunk_array[176]=0x00000000f97fdf80
[2025-08-08T15:29:55.787+0000][561.435s][1][129][trace] GC(92) _eden_chunk_array[177]=0x00000000f982e178
[2025-08-08T15:29:55.787+0000][561.435s][1][129][trace] GC(92) _eden_chunk_array[178]=0x00000000f9867ce0
[2025-08-08T15:29:55.787+0000][561.435s][1][129][trace] GC(92) _eden_chunk_array[179]=0x00000000f9895300
[2025-08-08T15:29:55.787+0000][561.435s][1][129][trace] GC(92) _eden_chunk_array[180]=0x00000000f98bd008
[2025-08-08T15:29:55.787+0000][561.435s][1][129][trace] GC(92) _eden_chunk_array[181]=0x00000000f98f2fb8
[2025-08-08T15:29:55.787+0000][561.435s][1][129][trace] GC(92) _eden_chunk_array[182]=0x00000000f991acd0
[2025-08-08T15:29:55.787+0000][561.435s][1][129][trace] GC(92) _eden_chunk_array[183]=0x00000000f9961bd8
[2025-08-08T15:29:55.787+0000][561.435s][1][129][trace] GC(92) _eden_chunk_array[184]=0x00000000f9997b80
[2025-08-08T15:29:55.787+0000][561.435s][1][129][trace] GC(92) _eden_chunk_array[185]=0x00000000f99cdb20
[2025-08-08T15:29:55.787+0000][561.435s][1][129][trace] GC(92) _eden_chunk_array[186]=0x00000000f99edb80
[2025-08-08T15:29:55.787+0000][561.435s][1][129][trace] GC(92) _eden_chunk_array[187]=0x00000000f9a0f7d0
[2025-08-08T15:29:55.787+0000][561.435s][1][129][trace] GC(92) _eden_chunk_array[188]=0x00000000f9a60a40
[2025-08-08T15:29:55.787+0000][561.435s][1][129][trace] GC(92) _eden_chunk_array[189]=0x00000000f9a8ad70
[2025-08-08T15:29:55.787+0000][561.435s][1][129][trace] GC(92) _eden_chunk_array[190]=0x00000000f9ad16f0
[2025-08-08T15:29:55.787+0000][561.435s][1][129][trace] GC(92) _eden_chunk_array[191]=0x00000000f9afba48
[2025-08-08T15:29:55.787+0000][561.435s][1][129][trace] GC(92) _eden_chunk_array[192]=0x00000000f9b42c60
[2025-08-08T15:29:55.787+0000][561.435s][1][129][trace] GC(92) _eden_chunk_array[193]=0x00000000f9b70b60
[2025-08-08T15:29:55.787+0000][561.435s][1][129][trace] GC(92) _eden_chunk_array[194]=0x00000000f9b9ea70
[2025-08-08T15:29:55.787+0000][561.435s][1][129][trace] GC(92) _eden_chunk_array[195]=0x00000000f9bcc968
[2025-08-08T15:29:55.787+0000][561.435s][1][129][trace] GC(92) _eden_chunk_array[196]=0x00000000f9bfa870
[2025-08-08T15:29:55.787+0000][561.435s][1][129][trace] GC(92) _eden_chunk_array[197]=0x00000000f9c28768
[2025-08-08T15:29:55.787+0000][561.435s][1][129][trace] GC(92) _eden_chunk_array[198]=0x00000000f9c48e68
[2025-08-08T15:29:55.787+0000][561.435s][1][129][trace] GC(92) _eden_chunk_array[199]=0x00000000f9c74180
[2025-08-08T15:29:55.787+0000][561.435s][1][129][trace] GC(92) survivor 0x00000000fd410000-0x00000000fd410000-0x00000000fe780000(20381696)
[2025-08-08T15:29:55.787+0000][561.435s][1][129][trace] GC(92) _survivor_chunk_index=0, _survivor_chunk_capacity=9952
[2025-08-08T15:29:55.810+0000][561.458s][1][129][info ] GC(92) Pause Initial Mark 105M->105M(180M) 23.775ms
[2025-08-08T15:29:55.810+0000][561.458s][1][129][info ] Leaving safepoint region
[2025-08-08T15:29:55.810+0000][561.458s][1][129][info ] Total time for which application threads were stopped: 0.0240631 seconds, Stopping threads took: 0.0000212 seconds
[2025-08-08T15:29:55.811+0000][561.458s][1][128][info ] GC(92) Concurrent Mark
[2025-08-08T15:29:55.813+0000][561.460s][1][128][info ] GC(92) Concurrent Mark 2.561ms
[2025-08-08T15:29:55.813+0000][561.460s][1][128][info ] GC(92) Concurrent Preclean
[2025-08-08T15:29:55.813+0000][561.461s][1][128][info ] GC(92) Concurrent Preclean 0.227ms
[2025-08-08T15:29:55.813+0000][561.461s][1][128][info ] GC(92) Concurrent Abortable Preclean
[2025-08-08T15:29:55.813+0000][561.461s][1][128][trace] CMS: promo attempt is not safe: available(24) < av_promo(2795063), max_promo(105336032)
[2025-08-08T15:29:55.813+0000][561.461s][1][128][info ] GC(92) Concurrent Abortable Preclean 0.013ms
[2025-08-08T15:29:55.814+0000][561.461s][1][129][info ] Application time: 0.0030807 seconds
[2025-08-08T15:29:55.814+0000][561.461s][1][129][info ] Entering safepoint region: CMS_Final_Remark
[2025-08-08T15:29:55.814+0000][561.461s][1][129][trace] GC(92) eden 0x00000000f3800000-0x00000000f9c74ce0-0x00000000fd410000(163643392)
[2025-08-08T15:29:55.814+0000][561.461s][1][129][trace] GC(92) _eden_chunk_index=200, _eden_chunk_capacity=11233
[2025-08-08T15:29:55.814+0000][561.461s][1][129][trace] GC(92) _eden_chunk_array[0]=0x00000000f73f9200
[2025-08-08T15:29:55.814+0000][561.461s][1][129][trace] GC(92) _eden_chunk_array[1]=0x00000000f74247b8
[2025-08-08T15:29:55.814+0000][561.461s][1][129][trace] GC(92) _eden_chunk_array[2]=0x00000000f7453930
[2025-08-08T15:29:55.814+0000][561.461s][1][129][trace] GC(92) _eden_chunk_array[3]=0x00000000f747dc68
[2025-08-08T15:29:55.814+0000][561.461s][1][129][trace] GC(92) _eden_chunk_array[4]=0x00000000f74ad020
[2025-08-08T15:29:55.814+0000][561.461s][1][129][trace] GC(92) _eden_chunk_array[5]=0x00000000f74d6e28
[2025-08-08T15:29:55.814+0000][561.461s][1][129][trace] GC(92) _eden_chunk_array[6]=0x00000000f74feb48
[2025-08-08T15:29:55.814+0000][561.461s][1][129][trace] GC(92) _eden_chunk_array[7]=0x00000000f7534cd8
[2025-08-08T15:29:55.814+0000][561.461s][1][129][trace] GC(92) _eden_chunk_array[8]=0x00000000f7554e70
[2025-08-08T15:29:55.814+0000][561.461s][1][129][trace] GC(92) _eden_chunk_array[9]=0x00000000f758a818
[2025-08-08T15:29:55.814+0000][561.461s][1][129][trace] GC(92) _eden_chunk_array[10]=0x00000000f75b8710
[2025-08-08T15:29:55.814+0000][561.461s][1][129][trace] GC(92) _eden_chunk_array[11]=0x00000000f75ff918
[2025-08-08T15:29:55.814+0000][561.461s][1][129][trace] GC(92) _eden_chunk_array[12]=0x00000000f7636b78
[2025-08-08T15:29:55.814+0000][561.461s][1][129][trace] GC(92) _eden_chunk_array[13]=0x00000000f767dd90
[2025-08-08T15:29:55.814+0000][561.461s][1][129][trace] GC(92) _eden_chunk_array[14]=0x00000000f76e4388
[2025-08-08T15:29:55.814+0000][561.461s][1][129][trace] GC(92) _eden_chunk_array[15]=0x00000000f7719c08
[2025-08-08T15:29:55.814+0000][561.461s][1][129][trace] GC(92) _eden_chunk_array[16]=0x00000000f774f498
[2025-08-08T15:29:55.814+0000][561.461s][1][129][trace] GC(92) _eden_chunk_array[17]=0x00000000f7784d40
[2025-08-08T15:29:55.814+0000][561.461s][1][129][trace] GC(92) _eden_chunk_array[18]=0x00000000f77ab4a0
[2025-08-08T15:29:55.814+0000][561.461s][1][129][trace] GC(92) _eden_chunk_array[19]=0x00000000f77cf2b0
[2025-08-08T15:29:55.814+0000][561.461s][1][129][trace] GC(92) _eden_chunk_array[20]=0x00000000f77f2938
[2025-08-08T15:29:55.814+0000][561.461s][1][129][trace] GC(92) _eden_chunk_array[21]=0x00000000f782c488
[2025-08-08T15:29:55.814+0000][561.461s][1][129][trace] GC(92) _eden_chunk_array[22]=0x00000000f7859ad0
[2025-08-08T15:29:55.814+0000][561.461s][1][129][trace] GC(92) _eden_chunk_array[23]=0x00000000f7890740
[2025-08-08T15:29:55.814+0000][561.461s][1][129][trace] GC(92) _eden_chunk_array[24]=0x00000000f78f70b0
[2025-08-08T15:29:55.814+0000][561.461s][1][129][trace] GC(92) _eden_chunk_array[25]=0x00000000f792d058
[2025-08-08T15:29:55.814+0000][561.461s][1][129][trace] GC(92) _eden_chunk_array[26]=0x00000000f7964c08
[2025-08-08T15:29:55.814+0000][561.461s][1][129][trace] GC(92) _eden_chunk_array[27]=0x00000000f7985bb0
[2025-08-08T15:29:55.814+0000][561.461s][1][129][trace] GC(92) _eden_chunk_array[28]=0x00000000f79ccdc8
[2025-08-08T15:29:55.814+0000][561.461s][1][129][trace] GC(92) _eden_chunk_array[29]=0x00000000f79fd778
[2025-08-08T15:29:55.814+0000][561.461s][1][129][trace] GC(92) _eden_chunk_array[30]=0x00000000f7a251b0
[2025-08-08T15:29:55.814+0000][561.461s][1][129][trace] GC(92) _eden_chunk_array[31]=0x00000000f7a8f220
[2025-08-08T15:29:55.814+0000][561.461s][1][129][trace] GC(92) _eden_chunk_array[32]=0x00000000f7abcfa0
[2025-08-08T15:29:55.814+0000][561.461s][1][129][trace] GC(92) _eden_chunk_array[33]=0x00000000f7b041c8
[2025-08-08T15:29:55.814+0000][561.461s][1][129][trace] GC(92) _eden_chunk_array[34]=0x00000000f7b32af8
[2025-08-08T15:29:55.814+0000][561.461s][1][129][trace] GC(92) _eden_chunk_array[35]=0x00000000f7b55750
[2025-08-08T15:29:55.814+0000][561.461s][1][129][trace] GC(92) _eden_chunk_array[36]=0x00000000f7b8f420
[2025-08-08T15:29:55.814+0000][561.461s][1][129][trace] GC(92) _eden_chunk_array[37]=0x00000000f7bb7128
[2025-08-08T15:29:55.814+0000][561.461s][1][129][trace] GC(92) _eden_chunk_array[38]=0x00000000f7bf9a90
[2025-08-08T15:29:55.814+0000][561.461s][1][129][trace] GC(92) _eden_chunk_array[39]=0x00000000f7c2f338
[2025-08-08T15:29:55.814+0000][561.461s][1][129][trace] GC(92) _eden_chunk_array[40]=0x00000000f7c64bd0
[2025-08-08T15:29:55.814+0000][561.461s][1][129][trace] GC(92) _eden_chunk_array[41]=0x00000000f7c9a478
[2025-08-08T15:29:55.814+0000][561.461s][1][129][trace] GC(92) _eden_chunk_array[42]=0x00000000f7ccdea0
[2025-08-08T15:29:55.814+0000][561.461s][1][129][trace] GC(92) _eden_chunk_array[43]=0x00000000f7cef8c0
[2025-08-08T15:29:55.814+0000][561.461s][1][129][trace] GC(92) _eden_chunk_array[44]=0x00000000f7d28840
[2025-08-08T15:29:55.814+0000][561.461s][1][129][trace] GC(92) _eden_chunk_array[45]=0x00000000f7d52ba0
[2025-08-08T15:29:55.814+0000][561.461s][1][129][trace] GC(92) _eden_chunk_array[46]=0x00000000f7d924a8
[2025-08-08T15:29:55.814+0000][561.461s][1][129][trace] GC(92) _eden_chunk_array[47]=0x00000000f7ddde58
[2025-08-08T15:29:55.814+0000][561.461s][1][129][trace] GC(92) _eden_chunk_array[48]=0x00000000f7e25078
[2025-08-08T15:29:55.814+0000][561.461s][1][129][trace] GC(92) _eden_chunk_array[49]=0x00000000f7e53a48
[2025-08-08T15:29:55.814+0000][561.461s][1][129][trace] GC(92) _eden_chunk_array[50]=0x00000000f7e82418
[2025-08-08T15:29:55.814+0000][561.461s][1][129][trace] GC(92) _eden_chunk_array[51]=0x00000000f7eb0de0
[2025-08-08T15:29:55.814+0000][561.461s][1][129][trace] GC(92) _eden_chunk_array[52]=0x00000000f7edf7d0
[2025-08-08T15:29:55.814+0000][561.461s][1][129][trace] GC(92) _eden_chunk_array[53]=0x00000000f7f1b0b8
[2025-08-08T15:29:55.814+0000][561.461s][1][129][trace] GC(92) _eden_chunk_array[54]=0x00000000f7f44d00
[2025-08-08T15:29:55.814+0000][561.461s][1][129][trace] GC(92) _eden_chunk_array[55]=0x00000000f7f66170
[2025-08-08T15:29:55.814+0000][561.461s][1][129][trace] GC(92) _eden_chunk_array[56]=0x00000000f7f8e538
[2025-08-08T15:29:55.814+0000][561.461s][1][129][trace] GC(92) _eden_chunk_array[57]=0x00000000f7fb15d0
[2025-08-08T15:29:55.814+0000][561.461s][1][129][trace] GC(92) _eden_chunk_array[58]=0x00000000f7fd57d0
[2025-08-08T15:29:55.814+0000][561.461s][1][129][trace] GC(92) _eden_chunk_array[59]=0x00000000f8010e90
[2025-08-08T15:29:55.814+0000][561.461s][1][129][trace] GC(92) _eden_chunk_array[60]=0x00000000f8041ae0
[2025-08-08T15:29:55.814+0000][561.461s][1][129][trace] GC(92) _eden_chunk_array[61]=0x00000000f8062088
[2025-08-08T15:29:55.814+0000][561.461s][1][129][trace] GC(92) _eden_chunk_array[62]=0x00000000f80a92a8
[2025-08-08T15:29:55.814+0000][561.461s][1][129][trace] GC(92) _eden_chunk_array[63]=0x00000000f80d7198
[2025-08-08T15:29:55.814+0000][561.461s][1][129][trace] GC(92) _eden_chunk_array[64]=0x00000000f80f80c0
[2025-08-08T15:29:55.814+0000][561.461s][1][129][trace] GC(92) _eden_chunk_array[65]=0x00000000f8125fa0
[2025-08-08T15:29:55.814+0000][561.461s][1][129][trace] GC(92) _eden_chunk_array[66]=0x00000000f8153e90
[2025-08-08T15:29:55.814+0000][561.461s][1][129][trace] GC(92) _eden_chunk_array[67]=0x00000000f8174ae8
[2025-08-08T15:29:55.814+0000][561.461s][1][129][trace] GC(92) _eden_chunk_array[68]=0x00000000f819b990
[2025-08-08T15:29:55.814+0000][561.461s][1][129][trace] GC(92) _eden_chunk_array[69]=0x00000000f81bba80
[2025-08-08T15:29:55.814+0000][561.461s][1][129][trace] GC(92) _eden_chunk_array[70]=0x00000000f820f900
[2025-08-08T15:29:55.814+0000][561.461s][1][129][trace] GC(92) _eden_chunk_array[71]=0x00000000f823d620
[2025-08-08T15:29:55.814+0000][561.461s][1][129][trace] GC(92) _eden_chunk_array[72]=0x00000000f8262ba8
[2025-08-08T15:29:55.814+0000][561.461s][1][129][trace] GC(92) _eden_chunk_array[73]=0x00000000f82ab2f8
[2025-08-08T15:29:55.814+0000][561.461s][1][129][trace] GC(92) _eden_chunk_array[74]=0x00000000f8311588
[2025-08-08T15:29:55.814+0000][561.461s][1][129][trace] GC(92) _eden_chunk_array[75]=0x00000000f834f680
[2025-08-08T15:29:55.814+0000][561.461s][1][129][trace] GC(92) _eden_chunk_array[76]=0x00000000f8373c00
[2025-08-08T15:29:55.814+0000][561.461s][1][129][trace] GC(92) _eden_chunk_array[77]=0x00000000f83b1d38
[2025-08-08T15:29:55.814+0000][561.461s][1][129][trace] GC(92) _eden_chunk_array[78]=0x00000000f83d29e0
[2025-08-08T15:29:55.814+0000][561.461s][1][129][trace] GC(92) _eden_chunk_array[79]=0x00000000f843d9b0
[2025-08-08T15:29:55.814+0000][561.461s][1][129][trace] GC(92) _eden_chunk_array[80]=0x00000000f8470448
[2025-08-08T15:29:55.814+0000][561.461s][1][129][trace] GC(92) _eden_chunk_array[81]=0x00000000f8494218
[2025-08-08T15:29:55.814+0000][561.461s][1][129][trace] GC(92) _eden_chunk_array[82]=0x00000000f84b46a0
[2025-08-08T15:29:55.814+0000][561.461s][1][129][trace] GC(92) _eden_chunk_array[83]=0x00000000f84df640
[2025-08-08T15:29:55.814+0000][561.461s][1][129][trace] GC(92) _eden_chunk_array[84]=0x00000000f8503248
[2025-08-08T15:29:55.814+0000][561.461s][1][129][trace] GC(92) _eden_chunk_array[85]=0x00000000f8525dd0
[2025-08-08T15:29:55.814+0000][561.461s][1][129][trace] GC(92) _eden_chunk_array[86]=0x00000000f8549fb0
[2025-08-08T15:29:55.814+0000][561.461s][1][129][trace] GC(92) _eden_chunk_array[87]=0x00000000f8593700
[2025-08-08T15:29:55.814+0000][561.461s][1][129][trace] GC(92) _eden_chunk_array[88]=0x00000000f85b6e98
[2025-08-08T15:29:55.814+0000][561.461s][1][129][trace] GC(92) _eden_chunk_array[89]=0x00000000f85da628
[2025-08-08T15:29:55.814+0000][561.461s][1][129][trace] GC(92) _eden_chunk_array[90]=0x00000000f8637ba0
[2025-08-08T15:29:55.814+0000][561.461s][1][129][trace] GC(92) _eden_chunk_array[91]=0x00000000f865b350
[2025-08-08T15:29:55.814+0000][561.461s][1][129][trace] GC(92) _eden_chunk_array[92]=0x00000000f867eaf8
[2025-08-08T15:29:55.814+0000][561.461s][1][129][trace] GC(92) _eden_chunk_array[93]=0x00000000f86a22b0
[2025-08-08T15:29:55.814+0000][561.461s][1][129][trace] GC(92) _eden_chunk_array[94]=0x00000000f86ce2b8
[2025-08-08T15:29:55.814+0000][561.461s][1][129][trace] GC(92) _eden_chunk_array[95]=0x00000000f871be30
[2025-08-08T15:29:55.814+0000][561.461s][1][129][trace] GC(92) _eden_chunk_array[96]=0x00000000f873c650
[2025-08-08T15:29:55.814+0000][561.461s][1][129][trace] GC(92) _eden_chunk_array[97]=0x00000000f877a548
[2025-08-08T15:29:55.814+0000][561.461s][1][129][trace] GC(92) _eden_chunk_array[98]=0x00000000f87ab198
[2025-08-08T15:29:55.814+0000][561.461s][1][129][trace] GC(92) _eden_chunk_array[99]=0x00000000f87cdba8
[2025-08-08T15:29:55.814+0000][561.461s][1][129][trace] GC(92) _eden_chunk_array[100]=0x00000000f87ff268
[2025-08-08T15:29:55.814+0000][561.461s][1][129][trace] GC(92) _eden_chunk_array[101]=0x00000000f8820d80
[2025-08-08T15:29:55.814+0000][561.461s][1][129][trace] GC(92) _eden_chunk_array[102]=0x00000000f885e7f8
[2025-08-08T15:29:55.814+0000][561.461s][1][129][trace] GC(92) _eden_chunk_array[103]=0x00000000f88976c8
[2025-08-08T15:29:55.814+0000][561.461s][1][129][trace] GC(92) _eden_chunk_array[104]=0x00000000f88e3080
[2025-08-08T15:29:55.814+0000][561.461s][1][129][trace] GC(92) _eden_chunk_array[105]=0x00000000f8910f80
[2025-08-08T15:29:55.814+0000][561.461s][1][129][trace] GC(92) _eden_chunk_array[106]=0x00000000f893eeb0
[2025-08-08T15:29:55.814+0000][561.461s][1][129][trace] GC(92) _eden_chunk_array[107]=0x00000000f89a4ac8
[2025-08-08T15:29:55.814+0000][561.461s][1][129][trace] GC(92) _eden_chunk_array[108]=0x00000000f89cb8e0
[2025-08-08T15:29:55.814+0000][561.461s][1][129][trace] GC(92) _eden_chunk_array[109]=0x00000000f89ec060
[2025-08-08T15:29:55.814+0000][561.461s][1][129][trace] GC(92) _eden_chunk_array[110]=0x00000000f8a448d8
[2025-08-08T15:29:55.814+0000][561.461s][1][129][trace] GC(92) _eden_chunk_array[111]=0x00000000f8a6cea8
[2025-08-08T15:29:55.814+0000][561.461s][1][129][trace] GC(92) _eden_chunk_array[112]=0x00000000f8a9c180
[2025-08-08T15:29:55.814+0000][561.461s][1][129][trace] GC(92) _eden_chunk_array[113]=0x00000000f8abe1a8
[2025-08-08T15:29:55.814+0000][561.461s][1][129][trace] GC(92) _eden_chunk_array[114]=0x00000000f8af4148
[2025-08-08T15:29:55.814+0000][561.461s][1][129][trace] GC(92) _eden_chunk_array[115]=0x00000000f8b5a148
[2025-08-08T15:29:55.814+0000][561.461s][1][129][trace] GC(92) _eden_chunk_array[116]=0x00000000f8ba1368
[2025-08-08T15:29:55.814+0000][561.461s][1][129][trace] GC(92) _eden_chunk_array[117]=0x00000000f8bdf490
[2025-08-08T15:29:55.814+0000][561.461s][1][129][trace] GC(92) _eden_chunk_array[118]=0x00000000f8c1d598
[2025-08-08T15:29:55.814+0000][561.461s][1][129][trace] GC(92) _eden_chunk_array[119]=0x00000000f8c5b698
[2025-08-08T15:29:55.814+0000][561.461s][1][129][trace] GC(92) _eden_chunk_array[120]=0x00000000f8c7b880
[2025-08-08T15:29:55.814+0000][561.461s][1][129][trace] GC(92) _eden_chunk_array[121]=0x00000000f8cad368
[2025-08-08T15:29:55.814+0000][561.461s][1][129][trace] GC(92) _eden_chunk_array[122]=0x00000000f8ccde78
[2025-08-08T15:29:55.814+0000][561.461s][1][129][trace] GC(92) _eden_chunk_array[123]=0x00000000f8cf5a38
[2025-08-08T15:29:55.814+0000][561.461s][1][129][trace] GC(92) _eden_chunk_array[124]=0x00000000f8d26178
[2025-08-08T15:29:55.814+0000][561.461s][1][129][trace] GC(92) _eden_chunk_array[125]=0x00000000f8d49900
[2025-08-08T15:29:55.814+0000][561.461s][1][129][trace] GC(92) _eden_chunk_array[126]=0x00000000f8d8b1f8
[2025-08-08T15:29:55.814+0000][561.461s][1][129][trace] GC(92) _eden_chunk_array[127]=0x00000000f8db2f10
[2025-08-08T15:29:55.814+0000][561.461s][1][129][trace] GC(92) _eden_chunk_array[128]=0x00000000f8de18e0
[2025-08-08T15:29:55.814+0000][561.461s][1][129][trace] GC(92) _eden_chunk_array[129]=0x00000000f8e18b48
[2025-08-08T15:29:55.814+0000][561.461s][1][129][trace] GC(92) _eden_chunk_array[130]=0x00000000f8e6f270
[2025-08-08T15:29:55.814+0000][561.462s][1][129][trace] GC(92) _eden_chunk_array[131]=0x00000000f8ebac10
[2025-08-08T15:29:55.814+0000][561.462s][1][129][trace] GC(92) _eden_chunk_array[132]=0x00000000f8f065c8
[2025-08-08T15:29:55.814+0000][561.462s][1][129][trace] GC(92) _eden_chunk_array[133]=0x00000000f8f51f80
[2025-08-08T15:29:55.814+0000][561.462s][1][129][trace] GC(92) _eden_chunk_array[134]=0x00000000f8f72620
[2025-08-08T15:29:55.814+0000][561.462s][1][129][trace] GC(92) _eden_chunk_array[135]=0x00000000f8fa4040
[2025-08-08T15:29:55.814+0000][561.462s][1][129][trace] GC(92) _eden_chunk_array[136]=0x00000000f8fc4d88
[2025-08-08T15:29:55.814+0000][561.462s][1][129][trace] GC(92) _eden_chunk_array[137]=0x00000000f8fec538
[2025-08-08T15:29:55.814+0000][561.462s][1][129][trace] GC(92) _eden_chunk_array[138]=0x00000000f902a638
[2025-08-08T15:29:55.814+0000][561.462s][1][129][trace] GC(92) _eden_chunk_array[139]=0x00000000f9058bc8
[2025-08-08T15:29:55.814+0000][561.462s][1][129][trace] GC(92) _eden_chunk_array[140]=0x00000000f9091800
[2025-08-08T15:29:55.814+0000][561.462s][1][129][trace] GC(92) _eden_chunk_array[141]=0x00000000f90dd1b8
[2025-08-08T15:29:55.814+0000][561.462s][1][129][trace] GC(92) _eden_chunk_array[142]=0x00000000f91409f8
[2025-08-08T15:29:55.814+0000][561.462s][1][129][trace] GC(92) _eden_chunk_array[143]=0x00000000f9179640
[2025-08-08T15:29:55.814+0000][561.462s][1][129][trace] GC(92) _eden_chunk_array[144]=0x00000000f91b3fe8
[2025-08-08T15:29:55.814+0000][561.462s][1][129][trace] GC(92) _eden_chunk_array[145]=0x00000000f91d5010
[2025-08-08T15:29:55.814+0000][561.462s][1][129][trace] GC(92) _eden_chunk_array[146]=0x00000000f91f5710
[2025-08-08T15:29:55.814+0000][561.462s][1][129][trace] GC(92) _eden_chunk_array[147]=0x00000000f92174a0
[2025-08-08T15:29:55.814+0000][561.462s][1][129][trace] GC(92) _eden_chunk_array[148]=0x00000000f9237f28
[2025-08-08T15:29:55.814+0000][561.462s][1][129][trace] GC(92) _eden_chunk_array[149]=0x00000000f9268880
[2025-08-08T15:29:55.814+0000][561.462s][1][129][trace] GC(92) _eden_chunk_array[150]=0x00000000f92b4220
[2025-08-08T15:29:55.814+0000][561.462s][1][129][trace] GC(92) _eden_chunk_array[151]=0x00000000f92d8e90
[2025-08-08T15:29:55.814+0000][561.462s][1][129][trace] GC(92) _eden_chunk_array[152]=0x00000000f9336e68
[2025-08-08T15:29:55.814+0000][561.462s][1][129][trace] GC(92) _eden_chunk_array[153]=0x00000000f936ce70
[2025-08-08T15:29:55.814+0000][561.462s][1][129][trace] GC(92) _eden_chunk_array[154]=0x00000000f93b8810
[2025-08-08T15:29:55.814+0000][561.462s][1][129][trace] GC(92) _eden_chunk_array[155]=0x00000000f93ffa18
[2025-08-08T15:29:55.814+0000][561.462s][1][129][trace] GC(92) _eden_chunk_array[156]=0x00000000f94267a0
[2025-08-08T15:29:55.814+0000][561.462s][1][129][trace] GC(92) _eden_chunk_array[157]=0x00000000f944e4b0
[2025-08-08T15:29:55.814+0000][561.462s][1][129][trace] GC(92) _eden_chunk_array[158]=0x00000000f94761c0
[2025-08-08T15:29:55.814+0000][561.462s][1][129][trace] GC(92) _eden_chunk_array[159]=0x00000000f94984d0
[2025-08-08T15:29:55.814+0000][561.462s][1][129][trace] GC(92) _eden_chunk_array[160]=0x00000000f94c9400
[2025-08-08T15:29:55.814+0000][561.462s][1][129][trace] GC(92) _eden_chunk_array[161]=0x00000000f94f6a80
[2025-08-08T15:29:55.814+0000][561.462s][1][129][trace] GC(92) _eden_chunk_array[162]=0x00000000f9520dc8
[2025-08-08T15:29:55.814+0000][561.462s][1][129][trace] GC(92) _eden_chunk_array[163]=0x00000000f954ecc8
[2025-08-08T15:29:55.814+0000][561.462s][1][129][trace] GC(92) _eden_chunk_array[164]=0x00000000f95aece8
[2025-08-08T15:29:55.814+0000][561.462s][1][129][trace] GC(92) _eden_chunk_array[165]=0x00000000f95dfd08
[2025-08-08T15:29:55.814+0000][561.462s][1][129][trace] GC(92) _eden_chunk_array[166]=0x00000000f9606700
[2025-08-08T15:29:55.814+0000][561.462s][1][129][trace] GC(92) _eden_chunk_array[167]=0x00000000f9628230
[2025-08-08T15:29:55.814+0000][561.462s][1][129][trace] GC(92) _eden_chunk_array[168]=0x00000000f968de50
[2025-08-08T15:29:55.814+0000][561.462s][1][129][trace] GC(92) _eden_chunk_array[169]=0x00000000f96bbd38
[2025-08-08T15:29:55.814+0000][561.462s][1][129][trace] GC(92) _eden_chunk_array[170]=0x00000000f96dc330
[2025-08-08T15:29:55.814+0000][561.462s][1][129][trace] GC(92) _eden_chunk_array[171]=0x00000000f9707340
[2025-08-08T15:29:55.814+0000][561.462s][1][129][trace] GC(92) _eden_chunk_array[172]=0x00000000f972e680
[2025-08-08T15:29:55.814+0000][561.462s][1][129][trace] GC(92) _eden_chunk_array[173]=0x00000000f97549f0
[2025-08-08T15:29:55.814+0000][561.462s][1][129][trace] GC(92) _eden_chunk_array[174]=0x00000000f97a8820
[2025-08-08T15:29:55.814+0000][561.462s][1][129][trace] GC(92) _eden_chunk_array[175]=0x00000000f97d3398
[2025-08-08T15:29:55.814+0000][561.462s][1][129][trace] GC(92) _eden_chunk_array[176]=0x00000000f97fdf80
[2025-08-08T15:29:55.814+0000][561.462s][1][129][trace] GC(92) _eden_chunk_array[177]=0x00000000f982e178
[2025-08-08T15:29:55.814+0000][561.462s][1][129][trace] GC(92) _eden_chunk_array[178]=0x00000000f9867ce0
[2025-08-08T15:29:55.814+0000][561.462s][1][129][trace] GC(92) _eden_chunk_array[179]=0x00000000f9895300
[2025-08-08T15:29:55.814+0000][561.462s][1][129][trace] GC(92) _eden_chunk_array[180]=0x00000000f98bd008
[2025-08-08T15:29:55.814+0000][561.462s][1][129][trace] GC(92) _eden_chunk_array[181]=0x00000000f98f2fb8
[2025-08-08T15:29:55.814+0000][561.462s][1][129][trace] GC(92) _eden_chunk_array[182]=0x00000000f991acd0
[2025-08-08T15:29:55.814+0000][561.462s][1][129][trace] GC(92) _eden_chunk_array[183]=0x00000000f9961bd8
[2025-08-08T15:29:55.814+0000][561.462s][1][129][trace] GC(92) _eden_chunk_array[184]=0x00000000f9997b80
[2025-08-08T15:29:55.814+0000][561.462s][1][129][trace] GC(92) _eden_chunk_array[185]=0x00000000f99cdb20
[2025-08-08T15:29:55.814+0000][561.462s][1][129][trace] GC(92) _eden_chunk_array[186]=0x00000000f99edb80
[2025-08-08T15:29:55.814+0000][561.462s][1][129][trace] GC(92) _eden_chunk_array[187]=0x00000000f9a0f7d0
[2025-08-08T15:29:55.814+0000][561.462s][1][129][trace] GC(92) _eden_chunk_array[188]=0x00000000f9a60a40
[2025-08-08T15:29:55.814+0000][561.462s][1][129][trace] GC(92) _eden_chunk_array[189]=0x00000000f9a8ad70
[2025-08-08T15:29:55.814+0000][561.462s][1][129][trace] GC(92) _eden_chunk_array[190]=0x00000000f9ad16f0
[2025-08-08T15:29:55.814+0000][561.462s][1][129][trace] GC(92) _eden_chunk_array[191]=0x00000000f9afba48
[2025-08-08T15:29:55.814+0000][561.462s][1][129][trace] GC(92) _eden_chunk_array[192]=0x00000000f9b42c60
[2025-08-08T15:29:55.814+0000][561.462s][1][129][trace] GC(92) _eden_chunk_array[193]=0x00000000f9b70b60
[2025-08-08T15:29:55.814+0000][561.462s][1][129][trace] GC(92) _eden_chunk_array[194]=0x00000000f9b9ea70
[2025-08-08T15:29:55.814+0000][561.462s][1][129][trace] GC(92) _eden_chunk_array[195]=0x00000000f9bcc968
[2025-08-08T15:29:55.814+0000][561.462s][1][129][trace] GC(92) _eden_chunk_array[196]=0x00000000f9bfa870
[2025-08-08T15:29:55.814+0000][561.462s][1][129][trace] GC(92) _eden_chunk_array[197]=0x00000000f9c28768
[2025-08-08T15:29:55.814+0000][561.462s][1][129][trace] GC(92) _eden_chunk_array[198]=0x00000000f9c48e68
[2025-08-08T15:29:55.814+0000][561.462s][1][129][trace] GC(92) _eden_chunk_array[199]=0x00000000f9c74180
[2025-08-08T15:29:55.814+0000][561.462s][1][129][trace] GC(92) survivor 0x00000000fd410000-0x00000000fd410000-0x00000000fe780000(20381696)
[2025-08-08T15:29:55.814+0000][561.462s][1][129][trace] GC(92) _survivor_chunk_index=0, _survivor_chunk_capacity=9952
[2025-08-08T15:29:55.845+0000][561.493s][1][129][info ] GC(92) Pause Remark 105M->105M(180M) 31.495ms
[2025-08-08T15:29:55.845+0000][561.493s][1][129][info ] Leaving safepoint region
[2025-08-08T15:29:55.845+0000][561.493s][1][129][info ] Total time for which application threads were stopped: 0.0317185 seconds, Stopping threads took: 0.0000236 seconds
[2025-08-08T15:29:55.845+0000][561.493s][1][128][info ] GC(92) Concurrent Sweep
[2025-08-08T15:29:55.847+0000][561.494s][1][128][info ] GC(92) Concurrent Sweep 1.298ms
[2025-08-08T15:29:55.847+0000][561.494s][1][128][info ] GC(92) Concurrent Reset
[2025-08-08T15:29:55.847+0000][561.494s][1][128][info ] GC(92) Concurrent Reset 0.011ms
[2025-08-08T15:29:55.847+0000][561.494s][1][128][info ] GC(92) Old: 5183K->5183K(5184K)
[2025-08-08T15:29:56.846+0000][562.493s][1][129][info ] Application time: 1.0002348 seconds
[2025-08-08T15:29:56.846+0000][562.493s][1][129][info ] Entering safepoint region: Cleanup
[2025-08-08T15:29:56.846+0000][562.493s][1][129][info ] Leaving safepoint region
[2025-08-08T15:29:56.846+0000][562.493s][1][129][info ] Total time for which application threads were stopped: 0.0001450 seconds, Stopping threads took: 0.0000217 seconds
[2025-08-08T15:30:00.847+0000][566.495s][1][129][info ] Application time: 4.0016793 seconds
[2025-08-08T15:30:00.847+0000][566.495s][1][129][info ] Entering safepoint region: Cleanup
[2025-08-08T15:30:00.848+0000][566.495s][1][129][info ] Leaving safepoint region
[2025-08-08T15:30:00.848+0000][566.495s][1][129][info ] Total time for which application threads were stopped: 0.0001952 seconds, Stopping threads took: 0.0000331 seconds
[2025-08-08T15:30:05.847+0000][571.494s][1][129][info ] Application time: 4.9993143 seconds
[2025-08-08T15:30:05.847+0000][571.494s][1][129][info ] Entering safepoint region: CMS_Initial_Mark
[2025-08-08T15:30:05.847+0000][571.495s][1][129][trace] GC(93) eden 0x00000000f3800000-0x00000000fa6d4fd0-0x00000000fd410000(163643392)
[2025-08-08T15:30:05.847+0000][571.495s][1][129][trace] GC(93) _eden_chunk_index=251, _eden_chunk_capacity=11233
[2025-08-08T15:30:05.847+0000][571.495s][1][129][trace] GC(93) _eden_chunk_array[0]=0x00000000f73f9200
[2025-08-08T15:30:05.847+0000][571.495s][1][129][trace] GC(93) _eden_chunk_array[1]=0x00000000f74247b8
[2025-08-08T15:30:05.847+0000][571.495s][1][129][trace] GC(93) _eden_chunk_array[2]=0x00000000f7453930
[2025-08-08T15:30:05.847+0000][571.495s][1][129][trace] GC(93) _eden_chunk_array[3]=0x00000000f747dc68
[2025-08-08T15:30:05.847+0000][571.495s][1][129][trace] GC(93) _eden_chunk_array[4]=0x00000000f74ad020
[2025-08-08T15:30:05.847+0000][571.495s][1][129][trace] GC(93) _eden_chunk_array[5]=0x00000000f74d6e28
[2025-08-08T15:30:05.847+0000][571.495s][1][129][trace] GC(93) _eden_chunk_array[6]=0x00000000f74feb48
[2025-08-08T15:30:05.847+0000][571.495s][1][129][trace] GC(93) _eden_chunk_array[7]=0x00000000f7534cd8
[2025-08-08T15:30:05.847+0000][571.495s][1][129][trace] GC(93) _eden_chunk_array[8]=0x00000000f7554e70
[2025-08-08T15:30:05.847+0000][571.495s][1][129][trace] GC(93) _eden_chunk_array[9]=0x00000000f758a818
[2025-08-08T15:30:05.847+0000][571.495s][1][129][trace] GC(93) _eden_chunk_array[10]=0x00000000f75b8710
[2025-08-08T15:30:05.847+0000][571.495s][1][129][trace] GC(93) _eden_chunk_array[11]=0x00000000f75ff918
[2025-08-08T15:30:05.847+0000][571.495s][1][129][trace] GC(93) _eden_chunk_array[12]=0x00000000f7636b78
[2025-08-08T15:30:05.847+0000][571.495s][1][129][trace] GC(93) _eden_chunk_array[13]=0x00000000f767dd90
[2025-08-08T15:30:05.847+0000][571.495s][1][129][trace] GC(93) _eden_chunk_array[14]=0x00000000f76e4388
[2025-08-08T15:30:05.847+0000][571.495s][1][129][trace] GC(93) _eden_chunk_array[15]=0x00000000f7719c08
[2025-08-08T15:30:05.847+0000][571.495s][1][129][trace] GC(93) _eden_chunk_array[16]=0x00000000f774f498
[2025-08-08T15:30:05.847+0000][571.495s][1][129][trace] GC(93) _eden_chunk_array[17]=0x00000000f7784d40
[2025-08-08T15:30:05.847+0000][571.495s][1][129][trace] GC(93) _eden_chunk_array[18]=0x00000000f77ab4a0
[2025-08-08T15:30:05.847+0000][571.495s][1][129][trace] GC(93) _eden_chunk_array[19]=0x00000000f77cf2b0
[2025-08-08T15:30:05.847+0000][571.495s][1][129][trace] GC(93) _eden_chunk_array[20]=0x00000000f77f2938
[2025-08-08T15:30:05.847+0000][571.495s][1][129][trace] GC(93) _eden_chunk_array[21]=0x00000000f782c488
[2025-08-08T15:30:05.847+0000][571.495s][1][129][trace] GC(93) _eden_chunk_array[22]=0x00000000f7859ad0
[2025-08-08T15:30:05.847+0000][571.495s][1][129][trace] GC(93) _eden_chunk_array[23]=0x00000000f7890740
[2025-08-08T15:30:05.847+0000][571.495s][1][129][trace] GC(93) _eden_chunk_array[24]=0x00000000f78f70b0
[2025-08-08T15:30:05.847+0000][571.495s][1][129][trace] GC(93) _eden_chunk_array[25]=0x00000000f792d058
[2025-08-08T15:30:05.847+0000][571.495s][1][129][trace] GC(93) _eden_chunk_array[26]=0x00000000f7964c08
[2025-08-08T15:30:05.847+0000][571.495s][1][129][trace] GC(93) _eden_chunk_array[27]=0x00000000f7985bb0
[2025-08-08T15:30:05.847+0000][571.495s][1][129][trace] GC(93) _eden_chunk_array[28]=0x00000000f79ccdc8
[2025-08-08T15:30:05.847+0000][571.495s][1][129][trace] GC(93) _eden_chunk_array[29]=0x00000000f79fd778
[2025-08-08T15:30:05.847+0000][571.495s][1][129][trace] GC(93) _eden_chunk_array[30]=0x00000000f7a251b0
[2025-08-08T15:30:05.847+0000][571.495s][1][129][trace] GC(93) _eden_chunk_array[31]=0x00000000f7a8f220
[2025-08-08T15:30:05.847+0000][571.495s][1][129][trace] GC(93) _eden_chunk_array[32]=0x00000000f7abcfa0
[2025-08-08T15:30:05.847+0000][571.495s][1][129][trace] GC(93) _eden_chunk_array[33]=0x00000000f7b041c8
[2025-08-08T15:30:05.848+0000][571.495s][1][129][trace] GC(93) _eden_chunk_array[34]=0x00000000f7b32af8
[2025-08-08T15:30:05.848+0000][571.495s][1][129][trace] GC(93) _eden_chunk_array[35]=0x00000000f7b55750
[2025-08-08T15:30:05.848+0000][571.495s][1][129][trace] GC(93) _eden_chunk_array[36]=0x00000000f7b8f420
[2025-08-08T15:30:05.848+0000][571.495s][1][129][trace] GC(93) _eden_chunk_array[37]=0x00000000f7bb7128
[2025-08-08T15:30:05.848+0000][571.495s][1][129][trace] GC(93) _eden_chunk_array[38]=0x00000000f7bf9a90
[2025-08-08T15:30:05.848+0000][571.495s][1][129][trace] GC(93) _eden_chunk_array[39]=0x00000000f7c2f338
[2025-08-08T15:30:05.848+0000][571.495s][1][129][trace] GC(93) _eden_chunk_array[40]=0x00000000f7c64bd0
[2025-08-08T15:30:05.848+0000][571.495s][1][129][trace] GC(93) _eden_chunk_array[41]=0x00000000f7c9a478
[2025-08-08T15:30:05.848+0000][571.495s][1][129][trace] GC(93) _eden_chunk_array[42]=0x00000000f7ccdea0
[2025-08-08T15:30:05.848+0000][571.495s][1][129][trace] GC(93) _eden_chunk_array[43]=0x00000000f7cef8c0
[2025-08-08T15:30:05.848+0000][571.495s][1][129][trace] GC(93) _eden_chunk_array[44]=0x00000000f7d28840
[2025-08-08T15:30:05.848+0000][571.495s][1][129][trace] GC(93) _eden_chunk_array[45]=0x00000000f7d52ba0
[2025-08-08T15:30:05.848+0000][571.495s][1][129][trace] GC(93) _eden_chunk_array[46]=0x00000000f7d924a8
[2025-08-08T15:30:05.848+0000][571.495s][1][129][trace] GC(93) _eden_chunk_array[47]=0x00000000f7ddde58
[2025-08-08T15:30:05.848+0000][571.495s][1][129][trace] GC(93) _eden_chunk_array[48]=0x00000000f7e25078
[2025-08-08T15:30:05.848+0000][571.495s][1][129][trace] GC(93) _eden_chunk_array[49]=0x00000000f7e53a48
[2025-08-08T15:30:05.848+0000][571.495s][1][129][trace] GC(93) _eden_chunk_array[50]=0x00000000f7e82418
[2025-08-08T15:30:05.848+0000][571.495s][1][129][trace] GC(93) _eden_chunk_array[51]=0x00000000f7eb0de0
[2025-08-08T15:30:05.848+0000][571.495s][1][129][trace] GC(93) _eden_chunk_array[52]=0x00000000f7edf7d0
[2025-08-08T15:30:05.848+0000][571.495s][1][129][trace] GC(93) _eden_chunk_array[53]=0x00000000f7f1b0b8
[2025-08-08T15:30:05.848+0000][571.495s][1][129][trace] GC(93) _eden_chunk_array[54]=0x00000000f7f44d00
[2025-08-08T15:30:05.848+0000][571.495s][1][129][trace] GC(93) _eden_chunk_array[55]=0x00000000f7f66170
[2025-08-08T15:30:05.848+0000][571.495s][1][129][trace] GC(93) _eden_chunk_array[56]=0x00000000f7f8e538
[2025-08-08T15:30:05.848+0000][571.495s][1][129][trace] GC(93) _eden_chunk_array[57]=0x00000000f7fb15d0
[2025-08-08T15:30:05.848+0000][571.495s][1][129][trace] GC(93) _eden_chunk_array[58]=0x00000000f7fd57d0
[2025-08-08T15:30:05.848+0000][571.495s][1][129][trace] GC(93) _eden_chunk_array[59]=0x00000000f8010e90
[2025-08-08T15:30:05.848+0000][571.495s][1][129][trace] GC(93) _eden_chunk_array[60]=0x00000000f8041ae0
[2025-08-08T15:30:05.848+0000][571.495s][1][129][trace] GC(93) _eden_chunk_array[61]=0x00000000f8062088
[2025-08-08T15:30:05.848+0000][571.495s][1][129][trace] GC(93) _eden_chunk_array[62]=0x00000000f80a92a8
[2025-08-08T15:30:05.848+0000][571.495s][1][129][trace] GC(93) _eden_chunk_array[63]=0x00000000f80d7198
[2025-08-08T15:30:05.848+0000][571.495s][1][129][trace] GC(93) _eden_chunk_array[64]=0x00000000f80f80c0
[2025-08-08T15:30:05.848+0000][571.495s][1][129][trace] GC(93) _eden_chunk_array[65]=0x00000000f8125fa0
[2025-08-08T15:30:05.848+0000][571.495s][1][129][trace] GC(93) _eden_chunk_array[66]=0x00000000f8153e90
[2025-08-08T15:30:05.848+0000][571.495s][1][129][trace] GC(93) _eden_chunk_array[67]=0x00000000f8174ae8
[2025-08-08T15:30:05.848+0000][571.495s][1][129][trace] GC(93) _eden_chunk_array[68]=0x00000000f819b990
[2025-08-08T15:30:05.848+0000][571.495s][1][129][trace] GC(93) _eden_chunk_array[69]=0x00000000f81bba80
[2025-08-08T15:30:05.848+0000][571.495s][1][129][trace] GC(93) _eden_chunk_array[70]=0x00000000f820f900
[2025-08-08T15:30:05.848+0000][571.495s][1][129][trace] GC(93) _eden_chunk_array[71]=0x00000000f823d620
[2025-08-08T15:30:05.848+0000][571.495s][1][129][trace] GC(93) _eden_chunk_array[72]=0x00000000f8262ba8
[2025-08-08T15:30:05.848+0000][571.495s][1][129][trace] GC(93) _eden_chunk_array[73]=0x00000000f82ab2f8
[2025-08-08T15:30:05.848+0000][571.495s][1][129][trace] GC(93) _eden_chunk_array[74]=0x00000000f8311588
[2025-08-08T15:30:05.848+0000][571.495s][1][129][trace] GC(93) _eden_chunk_array[75]=0x00000000f834f680
[2025-08-08T15:30:05.848+0000][571.495s][1][129][trace] GC(93) _eden_chunk_array[76]=0x00000000f8373c00
[2025-08-08T15:30:05.848+0000][571.495s][1][129][trace] GC(93) _eden_chunk_array[77]=0x00000000f83b1d38
[2025-08-08T15:30:05.848+0000][571.495s][1][129][trace] GC(93) _eden_chunk_array[78]=0x00000000f83d29e0
[2025-08-08T15:30:05.848+0000][571.495s][1][129][trace] GC(93) _eden_chunk_array[79]=0x00000000f843d9b0
[2025-08-08T15:30:05.848+0000][571.495s][1][129][trace] GC(93) _eden_chunk_array[80]=0x00000000f8470448
[2025-08-08T15:30:05.848+0000][571.495s][1][129][trace] GC(93) _eden_chunk_array[81]=0x00000000f8494218
[2025-08-08T15:30:05.848+0000][571.495s][1][129][trace] GC(93) _eden_chunk_array[82]=0x00000000f84b46a0
[2025-08-08T15:30:05.848+0000][571.495s][1][129][trace] GC(93) _eden_chunk_array[83]=0x00000000f84df640
[2025-08-08T15:30:05.848+0000][571.495s][1][129][trace] GC(93) _eden_chunk_array[84]=0x00000000f8503248
[2025-08-08T15:30:05.848+0000][571.495s][1][129][trace] GC(93) _eden_chunk_array[85]=0x00000000f8525dd0
[2025-08-08T15:30:05.848+0000][571.495s][1][129][trace] GC(93) _eden_chunk_array[86]=0x00000000f8549fb0
[2025-08-08T15:30:05.848+0000][571.495s][1][129][trace] GC(93) _eden_chunk_array[87]=0x00000000f8593700
[2025-08-08T15:30:05.848+0000][571.495s][1][129][trace] GC(93) _eden_chunk_array[88]=0x00000000f85b6e98
[2025-08-08T15:30:05.848+0000][571.495s][1][129][trace] GC(93) _eden_chunk_array[89]=0x00000000f85da628
[2025-08-08T15:30:05.848+0000][571.495s][1][129][trace] GC(93) _eden_chunk_array[90]=0x00000000f8637ba0
[2025-08-08T15:30:05.848+0000][571.495s][1][129][trace] GC(93) _eden_chunk_array[91]=0x00000000f865b350
[2025-08-08T15:30:05.848+0000][571.495s][1][129][trace] GC(93) _eden_chunk_array[92]=0x00000000f867eaf8
[2025-08-08T15:30:05.848+0000][571.495s][1][129][trace] GC(93) _eden_chunk_array[93]=0x00000000f86a22b0
[2025-08-08T15:30:05.848+0000][571.495s][1][129][trace] GC(93) _eden_chunk_array[94]=0x00000000f86ce2b8
[2025-08-08T15:30:05.848+0000][571.495s][1][129][trace] GC(93) _eden_chunk_array[95]=0x00000000f871be30
[2025-08-08T15:30:05.848+0000][571.495s][1][129][trace] GC(93) _eden_chunk_array[96]=0x00000000f873c650
[2025-08-08T15:30:05.848+0000][571.495s][1][129][trace] GC(93) _eden_chunk_array[97]=0x00000000f877a548
[2025-08-08T15:30:05.848+0000][571.495s][1][129][trace] GC(93) _eden_chunk_array[98]=0x00000000f87ab198
[2025-08-08T15:30:05.848+0000][571.495s][1][129][trace] GC(93) _eden_chunk_array[99]=0x00000000f87cdba8
[2025-08-08T15:30:05.848+0000][571.495s][1][129][trace] GC(93) _eden_chunk_array[100]=0x00000000f87ff268
[2025-08-08T15:30:05.848+0000][571.495s][1][129][trace] GC(93) _eden_chunk_array[101]=0x00000000f8820d80
[2025-08-08T15:30:05.848+0000][571.495s][1][129][trace] GC(93) _eden_chunk_array[102]=0x00000000f885e7f8
[2025-08-08T15:30:05.848+0000][571.495s][1][129][trace] GC(93) _eden_chunk_array[103]=0x00000000f88976c8
[2025-08-08T15:30:05.848+0000][571.495s][1][129][trace] GC(93) _eden_chunk_array[104]=0x00000000f88e3080
[2025-08-08T15:30:05.848+0000][571.495s][1][129][trace] GC(93) _eden_chunk_array[105]=0x00000000f8910f80
[2025-08-08T15:30:05.848+0000][571.495s][1][129][trace] GC(93) _eden_chunk_array[106]=0x00000000f893eeb0
[2025-08-08T15:30:05.848+0000][571.495s][1][129][trace] GC(93) _eden_chunk_array[107]=0x00000000f89a4ac8
[2025-08-08T15:30:05.848+0000][571.495s][1][129][trace] GC(93) _eden_chunk_array[108]=0x00000000f89cb8e0
[2025-08-08T15:30:05.848+0000][571.495s][1][129][trace] GC(93) _eden_chunk_array[109]=0x00000000f89ec060
[2025-08-08T15:30:05.848+0000][571.495s][1][129][trace] GC(93) _eden_chunk_array[110]=0x00000000f8a448d8
[2025-08-08T15:30:05.848+0000][571.495s][1][129][trace] GC(93) _eden_chunk_array[111]=0x00000000f8a6cea8
[2025-08-08T15:30:05.848+0000][571.495s][1][129][trace] GC(93) _eden_chunk_array[112]=0x00000000f8a9c180
[2025-08-08T15:30:05.848+0000][571.495s][1][129][trace] GC(93) _eden_chunk_array[113]=0x00000000f8abe1a8
[2025-08-08T15:30:05.848+0000][571.495s][1][129][trace] GC(93) _eden_chunk_array[114]=0x00000000f8af4148
[2025-08-08T15:30:05.848+0000][571.495s][1][129][trace] GC(93) _eden_chunk_array[115]=0x00000000f8b5a148
[2025-08-08T15:30:05.848+0000][571.495s][1][129][trace] GC(93) _eden_chunk_array[116]=0x00000000f8ba1368
[2025-08-08T15:30:05.848+0000][571.495s][1][129][trace] GC(93) _eden_chunk_array[117]=0x00000000f8bdf490
[2025-08-08T15:30:05.848+0000][571.495s][1][129][trace] GC(93) _eden_chunk_array[118]=0x00000000f8c1d598
[2025-08-08T15:30:05.848+0000][571.495s][1][129][trace] GC(93) _eden_chunk_array[119]=0x00000000f8c5b698
[2025-08-08T15:30:05.848+0000][571.495s][1][129][trace] GC(93) _eden_chunk_array[120]=0x00000000f8c7b880
[2025-08-08T15:30:05.848+0000][571.495s][1][129][trace] GC(93) _eden_chunk_array[121]=0x00000000f8cad368
[2025-08-08T15:30:05.848+0000][571.495s][1][129][trace] GC(93) _eden_chunk_array[122]=0x00000000f8ccde78
[2025-08-08T15:30:05.848+0000][571.495s][1][129][trace] GC(93) _eden_chunk_array[123]=0x00000000f8cf5a38
[2025-08-08T15:30:05.848+0000][571.495s][1][129][trace] GC(93) _eden_chunk_array[124]=0x00000000f8d26178
[2025-08-08T15:30:05.848+0000][571.495s][1][129][trace] GC(93) _eden_chunk_array[125]=0x00000000f8d49900
[2025-08-08T15:30:05.848+0000][571.495s][1][129][trace] GC(93) _eden_chunk_array[126]=0x00000000f8d8b1f8
[2025-08-08T15:30:05.848+0000][571.495s][1][129][trace] GC(93) _eden_chunk_array[127]=0x00000000f8db2f10
[2025-08-08T15:30:05.848+0000][571.495s][1][129][trace] GC(93) _eden_chunk_array[128]=0x00000000f8de18e0
[2025-08-08T15:30:05.848+0000][571.495s][1][129][trace] GC(93) _eden_chunk_array[129]=0x00000000f8e18b48
[2025-08-08T15:30:05.848+0000][571.495s][1][129][trace] GC(93) _eden_chunk_array[130]=0x00000000f8e6f270
[2025-08-08T15:30:05.848+0000][571.495s][1][129][trace] GC(93) _eden_chunk_array[131]=0x00000000f8ebac10
[2025-08-08T15:30:05.848+0000][571.495s][1][129][trace] GC(93) _eden_chunk_array[132]=0x00000000f8f065c8
[2025-08-08T15:30:05.848+0000][571.495s][1][129][trace] GC(93) _eden_chunk_array[133]=0x00000000f8f51f80
[2025-08-08T15:30:05.848+0000][571.495s][1][129][trace] GC(93) _eden_chunk_array[134]=0x00000000f8f72620
[2025-08-08T15:30:05.848+0000][571.495s][1][129][trace] GC(93) _eden_chunk_array[135]=0x00000000f8fa4040
[2025-08-08T15:30:05.848+0000][571.495s][1][129][trace] GC(93) _eden_chunk_array[136]=0x00000000f8fc4d88
[2025-08-08T15:30:05.848+0000][571.495s][1][129][trace] GC(93) _eden_chunk_array[137]=0x00000000f8fec538
[2025-08-08T15:30:05.848+0000][571.495s][1][129][trace] GC(93) _eden_chunk_array[138]=0x00000000f902a638
[2025-08-08T15:30:05.848+0000][571.495s][1][129][trace] GC(93) _eden_chunk_array[139]=0x00000000f9058bc8
[2025-08-08T15:30:05.848+0000][571.495s][1][129][trace] GC(93) _eden_chunk_array[140]=0x00000000f9091800
[2025-08-08T15:30:05.848+0000][571.495s][1][129][trace] GC(93) _eden_chunk_array[141]=0x00000000f90dd1b8
[2025-08-08T15:30:05.848+0000][571.495s][1][129][trace] GC(93) _eden_chunk_array[142]=0x00000000f91409f8
[2025-08-08T15:30:05.848+0000][571.495s][1][129][trace] GC(93) _eden_chunk_array[143]=0x00000000f9179640
[2025-08-08T15:30:05.848+0000][571.495s][1][129][trace] GC(93) _eden_chunk_array[144]=0x00000000f91b3fe8
[2025-08-08T15:30:05.848+0000][571.495s][1][129][trace] GC(93) _eden_chunk_array[145]=0x00000000f91d5010
[2025-08-08T15:30:05.848+0000][571.495s][1][129][trace] GC(93) _eden_chunk_array[146]=0x00000000f91f5710
[2025-08-08T15:30:05.848+0000][571.495s][1][129][trace] GC(93) _eden_chunk_array[147]=0x00000000f92174a0
[2025-08-08T15:30:05.848+0000][571.495s][1][129][trace] GC(93) _eden_chunk_array[148]=0x00000000f9237f28
[2025-08-08T15:30:05.848+0000][571.495s][1][129][trace] GC(93) _eden_chunk_array[149]=0x00000000f9268880
[2025-08-08T15:30:05.848+0000][571.495s][1][129][trace] GC(93) _eden_chunk_array[150]=0x00000000f92b4220
[2025-08-08T15:30:05.848+0000][571.495s][1][129][trace] GC(93) _eden_chunk_array[151]=0x00000000f92d8e90
[2025-08-08T15:30:05.848+0000][571.495s][1][129][trace] GC(93) _eden_chunk_array[152]=0x00000000f9336e68
[2025-08-08T15:30:05.848+0000][571.495s][1][129][trace] GC(93) _eden_chunk_array[153]=0x00000000f936ce70
[2025-08-08T15:30:05.848+0000][571.495s][1][129][trace] GC(93) _eden_chunk_array[154]=0x00000000f93b8810
[2025-08-08T15:30:05.848+0000][571.495s][1][129][trace] GC(93) _eden_chunk_array[155]=0x00000000f93ffa18
[2025-08-08T15:30:05.848+0000][571.495s][1][129][trace] GC(93) _eden_chunk_array[156]=0x00000000f94267a0
[2025-08-08T15:30:05.848+0000][571.495s][1][129][trace] GC(93) _eden_chunk_array[157]=0x00000000f944e4b0
[2025-08-08T15:30:05.848+0000][571.495s][1][129][trace] GC(93) _eden_chunk_array[158]=0x00000000f94761c0
[2025-08-08T15:30:05.848+0000][571.495s][1][129][trace] GC(93) _eden_chunk_array[159]=0x00000000f94984d0
[2025-08-08T15:30:05.848+0000][571.495s][1][129][trace] GC(93) _eden_chunk_array[160]=0x00000000f94c9400
[2025-08-08T15:30:05.848+0000][571.495s][1][129][trace] GC(93) _eden_chunk_array[161]=0x00000000f94f6a80
[2025-08-08T15:30:05.848+0000][571.495s][1][129][trace] GC(93) _eden_chunk_array[162]=0x00000000f9520dc8
[2025-08-08T15:30:05.848+0000][571.495s][1][129][trace] GC(93) _eden_chunk_array[163]=0x00000000f954ecc8
[2025-08-08T15:30:05.848+0000][571.495s][1][129][trace] GC(93) _eden_chunk_array[164]=0x00000000f95aece8
[2025-08-08T15:30:05.848+0000][571.495s][1][129][trace] GC(93) _eden_chunk_array[165]=0x00000000f95dfd08
[2025-08-08T15:30:05.848+0000][571.495s][1][129][trace] GC(93) _eden_chunk_array[166]=0x00000000f9606700
[2025-08-08T15:30:05.848+0000][571.495s][1][129][trace] GC(93) _eden_chunk_array[167]=0x00000000f9628230
[2025-08-08T15:30:05.848+0000][571.495s][1][129][trace] GC(93) _eden_chunk_array[168]=0x00000000f968de50
[2025-08-08T15:30:05.848+0000][571.495s][1][129][trace] GC(93) _eden_chunk_array[169]=0x00000000f96bbd38
[2025-08-08T15:30:05.848+0000][571.495s][1][129][trace] GC(93) _eden_chunk_array[170]=0x00000000f96dc330
[2025-08-08T15:30:05.848+0000][571.495s][1][129][trace] GC(93) _eden_chunk_array[171]=0x00000000f9707340
[2025-08-08T15:30:05.848+0000][571.495s][1][129][trace] GC(93) _eden_chunk_array[172]=0x00000000f972e680
[2025-08-08T15:30:05.848+0000][571.495s][1][129][trace] GC(93) _eden_chunk_array[173]=0x00000000f97549f0
[2025-08-08T15:30:05.848+0000][571.495s][1][129][trace] GC(93) _eden_chunk_array[174]=0x00000000f97a8820
[2025-08-08T15:30:05.848+0000][571.495s][1][129][trace] GC(93) _eden_chunk_array[175]=0x00000000f97d3398
[2025-08-08T15:30:05.848+0000][571.495s][1][129][trace] GC(93) _eden_chunk_array[176]=0x00000000f97fdf80
[2025-08-08T15:30:05.848+0000][571.495s][1][129][trace] GC(93) _eden_chunk_array[177]=0x00000000f982e178
[2025-08-08T15:30:05.848+0000][571.495s][1][129][trace] GC(93) _eden_chunk_array[178]=0x00000000f9867ce0
[2025-08-08T15:30:05.848+0000][571.495s][1][129][trace] GC(93) _eden_chunk_array[179]=0x00000000f9895300
[2025-08-08T15:30:05.848+0000][571.495s][1][129][trace] GC(93) _eden_chunk_array[180]=0x00000000f98bd008
[2025-08-08T15:30:05.848+0000][571.495s][1][129][trace] GC(93) _eden_chunk_array[181]=0x00000000f98f2fb8
[2025-08-08T15:30:05.848+0000][571.495s][1][129][trace] GC(93) _eden_chunk_array[182]=0x00000000f991acd0
[2025-08-08T15:30:05.848+0000][571.495s][1][129][trace] GC(93) _eden_chunk_array[183]=0x00000000f9961bd8
[2025-08-08T15:30:05.848+0000][571.495s][1][129][trace] GC(93) _eden_chunk_array[184]=0x00000000f9997b80
[2025-08-08T15:30:05.848+0000][571.495s][1][129][trace] GC(93) _eden_chunk_array[185]=0x00000000f99cdb20
[2025-08-08T15:30:05.848+0000][571.495s][1][129][trace] GC(93) _eden_chunk_array[186]=0x00000000f99edb80
[2025-08-08T15:30:05.848+0000][571.495s][1][129][trace] GC(93) _eden_chunk_array[187]=0x00000000f9a0f7d0
[2025-08-08T15:30:05.848+0000][571.495s][1][129][trace] GC(93) _eden_chunk_array[188]=0x00000000f9a60a40
[2025-08-08T15:30:05.848+0000][571.495s][1][129][trace] GC(93) _eden_chunk_array[189]=0x00000000f9a8ad70
[2025-08-08T15:30:05.848+0000][571.495s][1][129][trace] GC(93) _eden_chunk_array[190]=0x00000000f9ad16f0
[2025-08-08T15:30:05.848+0000][571.495s][1][129][trace] GC(93) _eden_chunk_array[191]=0x00000000f9afba48
[2025-08-08T15:30:05.848+0000][571.495s][1][129][trace] GC(93) _eden_chunk_array[192]=0x00000000f9b42c60
[2025-08-08T15:30:05.848+0000][571.495s][1][129][trace] GC(93) _eden_chunk_array[193]=0x00000000f9b70b60
[2025-08-08T15:30:05.848+0000][571.495s][1][129][trace] GC(93) _eden_chunk_array[194]=0x00000000f9b9ea70
[2025-08-08T15:30:05.848+0000][571.495s][1][129][trace] GC(93) _eden_chunk_array[195]=0x00000000f9bcc968
[2025-08-08T15:30:05.848+0000][571.495s][1][129][trace] GC(93) _eden_chunk_array[196]=0x00000000f9bfa870
[2025-08-08T15:30:05.848+0000][571.495s][1][129][trace] GC(93) _eden_chunk_array[197]=0x00000000f9c28768
[2025-08-08T15:30:05.848+0000][571.495s][1][129][trace] GC(93) _eden_chunk_array[198]=0x00000000f9c48e68
[2025-08-08T15:30:05.848+0000][571.495s][1][129][trace] GC(93) _eden_chunk_array[199]=0x00000000f9c74180
[2025-08-08T15:30:05.848+0000][571.495s][1][129][trace] GC(93) _eden_chunk_array[200]=0x00000000f9c985c0
[2025-08-08T15:30:05.848+0000][571.495s][1][129][trace] GC(93) _eden_chunk_array[201]=0x00000000f9ce9f48
[2025-08-08T15:30:05.848+0000][571.495s][1][129][trace] GC(93) _eden_chunk_array[202]=0x00000000f9d12820
[2025-08-08T15:30:05.848+0000][571.495s][1][129][trace] GC(93) _eden_chunk_array[203]=0x00000000f9d4b4a0
[2025-08-08T15:30:05.848+0000][571.495s][1][129][trace] GC(93) _eden_chunk_array[204]=0x00000000f9d840e8
[2025-08-08T15:30:05.848+0000][571.495s][1][129][trace] GC(93) _eden_chunk_array[205]=0x00000000f9dbf798
[2025-08-08T15:30:05.848+0000][571.495s][1][129][trace] GC(93) _eden_chunk_array[206]=0x00000000f9dfae38
[2025-08-08T15:30:05.848+0000][571.495s][1][129][trace] GC(93) _eden_chunk_array[207]=0x00000000f9e33a88
[2025-08-08T15:30:05.848+0000][571.495s][1][129][trace] GC(93) _eden_chunk_array[208]=0x00000000f9e54b10
[2025-08-08T15:30:05.848+0000][571.495s][1][129][trace] GC(93) _eden_chunk_array[209]=0x00000000f9eb6cf8
[2025-08-08T15:30:05.848+0000][571.496s][1][129][trace] GC(93) _eden_chunk_array[210]=0x00000000f9f1d658
[2025-08-08T15:30:05.848+0000][571.496s][1][129][trace] GC(93) _eden_chunk_array[211]=0x00000000f9f3ff08
[2025-08-08T15:30:05.848+0000][571.496s][1][129][trace] GC(93) _eden_chunk_array[212]=0x00000000f9f60798
[2025-08-08T15:30:05.848+0000][571.496s][1][129][trace] GC(93) _eden_chunk_array[213]=0x00000000f9f8ddd0
[2025-08-08T15:30:05.848+0000][571.496s][1][129][trace] GC(93) _eden_chunk_array[214]=0x00000000f9fb78f8
[2025-08-08T15:30:05.848+0000][571.496s][1][129][trace] GC(93) _eden_chunk_array[215]=0x00000000f9fe9b10
[2025-08-08T15:30:05.848+0000][571.496s][1][129][trace] GC(93) _eden_chunk_array[216]=0x00000000fa013e58
[2025-08-08T15:30:05.848+0000][571.496s][1][129][trace] GC(93) _eden_chunk_array[217]=0x00000000fa03bb70
[2025-08-08T15:30:05.848+0000][571.496s][1][129][trace] GC(93) _eden_chunk_array[218]=0x00000000fa063890
[2025-08-08T15:30:05.848+0000][571.496s][1][129][trace] GC(93) _eden_chunk_array[219]=0x00000000fa0aaab0
[2025-08-08T15:30:05.848+0000][571.496s][1][129][trace] GC(93) _eden_chunk_array[220]=0x00000000fa0e2618
[2025-08-08T15:30:05.848+0000][571.496s][1][129][trace] GC(93) _eden_chunk_array[221]=0x00000000fa1185b0
[2025-08-08T15:30:05.848+0000][571.496s][1][129][trace] GC(93) _eden_chunk_array[222]=0x00000000fa14e7f0
[2025-08-08T15:30:05.848+0000][571.496s][1][129][trace] GC(93) _eden_chunk_array[223]=0x00000000fa184790
[2025-08-08T15:30:05.848+0000][571.496s][1][129][trace] GC(93) _eden_chunk_array[224]=0x00000000fa1aa238
[2025-08-08T15:30:05.848+0000][571.496s][1][129][trace] GC(93) _eden_chunk_array[225]=0x00000000fa1d0718
[2025-08-08T15:30:05.848+0000][571.496s][1][129][trace] GC(93) _eden_chunk_array[226]=0x00000000fa1f12b8
[2025-08-08T15:30:05.848+0000][571.496s][1][129][trace] GC(93) _eden_chunk_array[227]=0x00000000fa240490
[2025-08-08T15:30:05.848+0000][571.496s][1][129][trace] GC(93) _eden_chunk_array[228]=0x00000000fa270f58
[2025-08-08T15:30:05.848+0000][571.496s][1][129][trace] GC(93) _eden_chunk_array[229]=0x00000000fa2a35c0
[2025-08-08T15:30:05.848+0000][571.496s][1][129][trace] GC(93) _eden_chunk_array[230]=0x00000000fa2c77a0
[2025-08-08T15:30:05.848+0000][571.496s][1][129][trace] GC(93) _eden_chunk_array[231]=0x00000000fa2ebd18
[2025-08-08T15:30:05.848+0000][571.496s][1][129][trace] GC(93) _eden_chunk_array[232]=0x00000000fa310298
[2025-08-08T15:30:05.848+0000][571.496s][1][129][trace] GC(93) _eden_chunk_array[233]=0x00000000fa3574b0
[2025-08-08T15:30:05.848+0000][571.496s][1][129][trace] GC(93) _eden_chunk_array[234]=0x00000000fa378140
[2025-08-08T15:30:05.848+0000][571.496s][1][129][trace] GC(93) _eden_chunk_array[235]=0x00000000fa3b6240
[2025-08-08T15:30:05.848+0000][571.496s][1][129][trace] GC(93) _eden_chunk_array[236]=0x00000000fa3f4350
[2025-08-08T15:30:05.848+0000][571.496s][1][129][trace] GC(93) _eden_chunk_array[237]=0x00000000fa432458
[2025-08-08T15:30:05.848+0000][571.496s][1][129][trace] GC(93) _eden_chunk_array[238]=0x00000000fa452778
[2025-08-08T15:30:05.848+0000][571.496s][1][129][trace] GC(93) _eden_chunk_array[239]=0x00000000fa472900
[2025-08-08T15:30:05.848+0000][571.496s][1][129][trace] GC(93) _eden_chunk_array[240]=0x00000000fa4c57b0
[2025-08-08T15:30:05.848+0000][571.496s][1][129][trace] GC(93) _eden_chunk_array[241]=0x00000000fa4f9720
[2025-08-08T15:30:05.848+0000][571.496s][1][129][trace] GC(93) _eden_chunk_array[242]=0x00000000fa523aa8
[2025-08-08T15:30:05.848+0000][571.496s][1][129][trace] GC(93) _eden_chunk_array[243]=0x00000000fa544b70
[2025-08-08T15:30:05.848+0000][571.496s][1][129][trace] GC(93) _eden_chunk_array[244]=0x00000000fa57c420
[2025-08-08T15:30:05.848+0000][571.496s][1][129][trace] GC(93) _eden_chunk_array[245]=0x00000000fa5b2030
[2025-08-08T15:30:05.848+0000][571.496s][1][129][trace] GC(93) _eden_chunk_array[246]=0x00000000fa5f9248
[2025-08-08T15:30:05.848+0000][571.496s][1][129][trace] GC(93) _eden_chunk_array[247]=0x00000000fa62f1c8
[2025-08-08T15:30:05.848+0000][571.496s][1][129][trace] GC(93) _eden_chunk_array[248]=0x00000000fa665150
[2025-08-08T15:30:05.848+0000][571.496s][1][129][trace] GC(93) _eden_chunk_array[249]=0x00000000fa69b110
[2025-08-08T15:30:05.848+0000][571.496s][1][129][trace] GC(93) _eden_chunk_array[250]=0x00000000fa6d10b0
[2025-08-08T15:30:05.848+0000][571.496s][1][129][trace] GC(93) survivor 0x00000000fd410000-0x00000000fd410000-0x00000000fe780000(20381696)
[2025-08-08T15:30:05.848+0000][571.496s][1][129][trace] GC(93) _survivor_chunk_index=0, _survivor_chunk_capacity=9952
[2025-08-08T15:30:05.884+0000][571.531s][1][129][info ] GC(93) Pause Initial Mark 115M->115M(180M) 36.705ms
[2025-08-08T15:30:05.884+0000][571.531s][1][129][info ] Leaving safepoint region
[2025-08-08T15:30:05.884+0000][571.531s][1][129][info ] Total time for which application threads were stopped: 0.0370159 seconds, Stopping threads took: 0.0000357 seconds
[2025-08-08T15:30:05.884+0000][571.531s][1][128][info ] GC(93) Concurrent Mark
[2025-08-08T15:30:05.887+0000][571.534s][1][128][info ] GC(93) Concurrent Mark 2.827ms
[2025-08-08T15:30:05.887+0000][571.534s][1][128][info ] GC(93) Concurrent Preclean
[2025-08-08T15:30:05.887+0000][571.535s][1][128][info ] GC(93) Concurrent Preclean 0.250ms
[2025-08-08T15:30:05.887+0000][571.535s][1][128][info ] GC(93) Concurrent Abortable Preclean
[2025-08-08T15:30:05.887+0000][571.535s][1][128][trace] CMS: promo attempt is not safe: available(24) < av_promo(2795063), max_promo(116215760)
[2025-08-08T15:30:05.887+0000][571.535s][1][128][info ] GC(93) Concurrent Abortable Preclean 0.015ms
[2025-08-08T15:30:05.887+0000][571.535s][1][129][info ] Application time: 0.0033489 seconds
[2025-08-08T15:30:05.887+0000][571.535s][1][129][info ] Entering safepoint region: CMS_Final_Remark
[2025-08-08T15:30:05.888+0000][571.535s][1][129][trace] GC(93) eden 0x00000000f3800000-0x00000000fa6d4fd0-0x00000000fd410000(163643392)
[2025-08-08T15:30:05.888+0000][571.535s][1][129][trace] GC(93) _eden_chunk_index=251, _eden_chunk_capacity=11233
[2025-08-08T15:30:05.888+0000][571.535s][1][129][trace] GC(93) _eden_chunk_array[0]=0x00000000f73f9200
[2025-08-08T15:30:05.888+0000][571.535s][1][129][trace] GC(93) _eden_chunk_array[1]=0x00000000f74247b8
[2025-08-08T15:30:05.888+0000][571.535s][1][129][trace] GC(93) _eden_chunk_array[2]=0x00000000f7453930
[2025-08-08T15:30:05.888+0000][571.535s][1][129][trace] GC(93) _eden_chunk_array[3]=0x00000000f747dc68
[2025-08-08T15:30:05.888+0000][571.535s][1][129][trace] GC(93) _eden_chunk_array[4]=0x00000000f74ad020
[2025-08-08T15:30:05.888+0000][571.535s][1][129][trace] GC(93) _eden_chunk_array[5]=0x00000000f74d6e28
[2025-08-08T15:30:05.888+0000][571.535s][1][129][trace] GC(93) _eden_chunk_array[6]=0x00000000f74feb48
[2025-08-08T15:30:05.888+0000][571.535s][1][129][trace] GC(93) _eden_chunk_array[7]=0x00000000f7534cd8
[2025-08-08T15:30:05.888+0000][571.535s][1][129][trace] GC(93) _eden_chunk_array[8]=0x00000000f7554e70
[2025-08-08T15:30:05.888+0000][571.535s][1][129][trace] GC(93) _eden_chunk_array[9]=0x00000000f758a818
[2025-08-08T15:30:05.888+0000][571.535s][1][129][trace] GC(93) _eden_chunk_array[10]=0x00000000f75b8710
[2025-08-08T15:30:05.888+0000][571.535s][1][129][trace] GC(93) _eden_chunk_array[11]=0x00000000f75ff918
[2025-08-08T15:30:05.888+0000][571.535s][1][129][trace] GC(93) _eden_chunk_array[12]=0x00000000f7636b78
[2025-08-08T15:30:05.888+0000][571.535s][1][129][trace] GC(93) _eden_chunk_array[13]=0x00000000f767dd90
[2025-08-08T15:30:05.888+0000][571.535s][1][129][trace] GC(93) _eden_chunk_array[14]=0x00000000f76e4388
[2025-08-08T15:30:05.888+0000][571.535s][1][129][trace] GC(93) _eden_chunk_array[15]=0x00000000f7719c08
[2025-08-08T15:30:05.888+0000][571.535s][1][129][trace] GC(93) _eden_chunk_array[16]=0x00000000f774f498
[2025-08-08T15:30:05.888+0000][571.535s][1][129][trace] GC(93) _eden_chunk_array[17]=0x00000000f7784d40
[2025-08-08T15:30:05.888+0000][571.535s][1][129][trace] GC(93) _eden_chunk_array[18]=0x00000000f77ab4a0
[2025-08-08T15:30:05.888+0000][571.535s][1][129][trace] GC(93) _eden_chunk_array[19]=0x00000000f77cf2b0
[2025-08-08T15:30:05.888+0000][571.535s][1][129][trace] GC(93) _eden_chunk_array[20]=0x00000000f77f2938
[2025-08-08T15:30:05.888+0000][571.535s][1][129][trace] GC(93) _eden_chunk_array[21]=0x00000000f782c488
[2025-08-08T15:30:05.888+0000][571.535s][1][129][trace] GC(93) _eden_chunk_array[22]=0x00000000f7859ad0
[2025-08-08T15:30:05.888+0000][571.535s][1][129][trace] GC(93) _eden_chunk_array[23]=0x00000000f7890740
[2025-08-08T15:30:05.888+0000][571.535s][1][129][trace] GC(93) _eden_chunk_array[24]=0x00000000f78f70b0
[2025-08-08T15:30:05.888+0000][571.535s][1][129][trace] GC(93) _eden_chunk_array[25]=0x00000000f792d058
[2025-08-08T15:30:05.888+0000][571.535s][1][129][trace] GC(93) _eden_chunk_array[26]=0x00000000f7964c08
[2025-08-08T15:30:05.888+0000][571.535s][1][129][trace] GC(93) _eden_chunk_array[27]=0x00000000f7985bb0
[2025-08-08T15:30:05.888+0000][571.535s][1][129][trace] GC(93) _eden_chunk_array[28]=0x00000000f79ccdc8
[2025-08-08T15:30:05.888+0000][571.535s][1][129][trace] GC(93) _eden_chunk_array[29]=0x00000000f79fd778
[2025-08-08T15:30:05.888+0000][571.535s][1][129][trace] GC(93) _eden_chunk_array[30]=0x00000000f7a251b0
[2025-08-08T15:30:05.888+0000][571.535s][1][129][trace] GC(93) _eden_chunk_array[31]=0x00000000f7a8f220
[2025-08-08T15:30:05.888+0000][571.535s][1][129][trace] GC(93) _eden_chunk_array[32]=0x00000000f7abcfa0
[2025-08-08T15:30:05.888+0000][571.535s][1][129][trace] GC(93) _eden_chunk_array[33]=0x00000000f7b041c8
[2025-08-08T15:30:05.888+0000][571.535s][1][129][trace] GC(93) _eden_chunk_array[34]=0x00000000f7b32af8
[2025-08-08T15:30:05.888+0000][571.535s][1][129][trace] GC(93) _eden_chunk_array[35]=0x00000000f7b55750
[2025-08-08T15:30:05.888+0000][571.535s][1][129][trace] GC(93) _eden_chunk_array[36]=0x00000000f7b8f420
[2025-08-08T15:30:05.888+0000][571.535s][1][129][trace] GC(93) _eden_chunk_array[37]=0x00000000f7bb7128
[2025-08-08T15:30:05.888+0000][571.535s][1][129][trace] GC(93) _eden_chunk_array[38]=0x00000000f7bf9a90
[2025-08-08T15:30:05.888+0000][571.535s][1][129][trace] GC(93) _eden_chunk_array[39]=0x00000000f7c2f338
[2025-08-08T15:30:05.888+0000][571.535s][1][129][trace] GC(93) _eden_chunk_array[40]=0x00000000f7c64bd0
[2025-08-08T15:30:05.888+0000][571.535s][1][129][trace] GC(93) _eden_chunk_array[41]=0x00000000f7c9a478
[2025-08-08T15:30:05.888+0000][571.535s][1][129][trace] GC(93) _eden_chunk_array[42]=0x00000000f7ccdea0
[2025-08-08T15:30:05.888+0000][571.535s][1][129][trace] GC(93) _eden_chunk_array[43]=0x00000000f7cef8c0
[2025-08-08T15:30:05.888+0000][571.535s][1][129][trace] GC(93) _eden_chunk_array[44]=0x00000000f7d28840
[2025-08-08T15:30:05.888+0000][571.535s][1][129][trace] GC(93) _eden_chunk_array[45]=0x00000000f7d52ba0
[2025-08-08T15:30:05.888+0000][571.535s][1][129][trace] GC(93) _eden_chunk_array[46]=0x00000000f7d924a8
[2025-08-08T15:30:05.888+0000][571.535s][1][129][trace] GC(93) _eden_chunk_array[47]=0x00000000f7ddde58
[2025-08-08T15:30:05.888+0000][571.535s][1][129][trace] GC(93) _eden_chunk_array[48]=0x00000000f7e25078
[2025-08-08T15:30:05.888+0000][571.535s][1][129][trace] GC(93) _eden_chunk_array[49]=0x00000000f7e53a48
[2025-08-08T15:30:05.888+0000][571.535s][1][129][trace] GC(93) _eden_chunk_array[50]=0x00000000f7e82418
[2025-08-08T15:30:05.888+0000][571.535s][1][129][trace] GC(93) _eden_chunk_array[51]=0x00000000f7eb0de0
[2025-08-08T15:30:05.888+0000][571.535s][1][129][trace] GC(93) _eden_chunk_array[52]=0x00000000f7edf7d0
[2025-08-08T15:30:05.888+0000][571.535s][1][129][trace] GC(93) _eden_chunk_array[53]=0x00000000f7f1b0b8
[2025-08-08T15:30:05.888+0000][571.535s][1][129][trace] GC(93) _eden_chunk_array[54]=0x00000000f7f44d00
[2025-08-08T15:30:05.888+0000][571.535s][1][129][trace] GC(93) _eden_chunk_array[55]=0x00000000f7f66170
[2025-08-08T15:30:05.888+0000][571.535s][1][129][trace] GC(93) _eden_chunk_array[56]=0x00000000f7f8e538
[2025-08-08T15:30:05.888+0000][571.535s][1][129][trace] GC(93) _eden_chunk_array[57]=0x00000000f7fb15d0
[2025-08-08T15:30:05.888+0000][571.535s][1][129][trace] GC(93) _eden_chunk_array[58]=0x00000000f7fd57d0
[2025-08-08T15:30:05.888+0000][571.535s][1][129][trace] GC(93) _eden_chunk_array[59]=0x00000000f8010e90
[2025-08-08T15:30:05.888+0000][571.535s][1][129][trace] GC(93) _eden_chunk_array[60]=0x00000000f8041ae0
[2025-08-08T15:30:05.888+0000][571.535s][1][129][trace] GC(93) _eden_chunk_array[61]=0x00000000f8062088
[2025-08-08T15:30:05.888+0000][571.535s][1][129][trace] GC(93) _eden_chunk_array[62]=0x00000000f80a92a8
[2025-08-08T15:30:05.888+0000][571.535s][1][129][trace] GC(93) _eden_chunk_array[63]=0x00000000f80d7198
[2025-08-08T15:30:05.888+0000][571.535s][1][129][trace] GC(93) _eden_chunk_array[64]=0x00000000f80f80c0
[2025-08-08T15:30:05.888+0000][571.535s][1][129][trace] GC(93) _eden_chunk_array[65]=0x00000000f8125fa0
[2025-08-08T15:30:05.888+0000][571.535s][1][129][trace] GC(93) _eden_chunk_array[66]=0x00000000f8153e90
[2025-08-08T15:30:05.888+0000][571.535s][1][129][trace] GC(93) _eden_chunk_array[67]=0x00000000f8174ae8
[2025-08-08T15:30:05.888+0000][571.535s][1][129][trace] GC(93) _eden_chunk_array[68]=0x00000000f819b990
[2025-08-08T15:30:05.888+0000][571.535s][1][129][trace] GC(93) _eden_chunk_array[69]=0x00000000f81bba80
[2025-08-08T15:30:05.888+0000][571.535s][1][129][trace] GC(93) _eden_chunk_array[70]=0x00000000f820f900
[2025-08-08T15:30:05.888+0000][571.535s][1][129][trace] GC(93) _eden_chunk_array[71]=0x00000000f823d620
[2025-08-08T15:30:05.888+0000][571.535s][1][129][trace] GC(93) _eden_chunk_array[72]=0x00000000f8262ba8
[2025-08-08T15:30:05.888+0000][571.535s][1][129][trace] GC(93) _eden_chunk_array[73]=0x00000000f82ab2f8
[2025-08-08T15:30:05.888+0000][571.535s][1][129][trace] GC(93) _eden_chunk_array[74]=0x00000000f8311588
[2025-08-08T15:30:05.888+0000][571.535s][1][129][trace] GC(93) _eden_chunk_array[75]=0x00000000f834f680
[2025-08-08T15:30:05.888+0000][571.535s][1][129][trace] GC(93) _eden_chunk_array[76]=0x00000000f8373c00
[2025-08-08T15:30:05.888+0000][571.535s][1][129][trace] GC(93) _eden_chunk_array[77]=0x00000000f83b1d38
[2025-08-08T15:30:05.888+0000][571.535s][1][129][trace] GC(93) _eden_chunk_array[78]=0x00000000f83d29e0
[2025-08-08T15:30:05.888+0000][571.535s][1][129][trace] GC(93) _eden_chunk_array[79]=0x00000000f843d9b0
[2025-08-08T15:30:05.888+0000][571.535s][1][129][trace] GC(93) _eden_chunk_array[80]=0x00000000f8470448
[2025-08-08T15:30:05.888+0000][571.535s][1][129][trace] GC(93) _eden_chunk_array[81]=0x00000000f8494218
[2025-08-08T15:30:05.888+0000][571.535s][1][129][trace] GC(93) _eden_chunk_array[82]=0x00000000f84b46a0
[2025-08-08T15:30:05.888+0000][571.535s][1][129][trace] GC(93) _eden_chunk_array[83]=0x00000000f84df640
[2025-08-08T15:30:05.888+0000][571.535s][1][129][trace] GC(93) _eden_chunk_array[84]=0x00000000f8503248
[2025-08-08T15:30:05.888+0000][571.535s][1][129][trace] GC(93) _eden_chunk_array[85]=0x00000000f8525dd0
[2025-08-08T15:30:05.888+0000][571.535s][1][129][trace] GC(93) _eden_chunk_array[86]=0x00000000f8549fb0
[2025-08-08T15:30:05.888+0000][571.535s][1][129][trace] GC(93) _eden_chunk_array[87]=0x00000000f8593700
[2025-08-08T15:30:05.888+0000][571.535s][1][129][trace] GC(93) _eden_chunk_array[88]=0x00000000f85b6e98
[2025-08-08T15:30:05.888+0000][571.535s][1][129][trace] GC(93) _eden_chunk_array[89]=0x00000000f85da628
[2025-08-08T15:30:05.888+0000][571.535s][1][129][trace] GC(93) _eden_chunk_array[90]=0x00000000f8637ba0
[2025-08-08T15:30:05.888+0000][571.535s][1][129][trace] GC(93) _eden_chunk_array[91]=0x00000000f865b350
[2025-08-08T15:30:05.888+0000][571.535s][1][129][trace] GC(93) _eden_chunk_array[92]=0x00000000f867eaf8
[2025-08-08T15:30:05.888+0000][571.535s][1][129][trace] GC(93) _eden_chunk_array[93]=0x00000000f86a22b0
[2025-08-08T15:30:05.888+0000][571.535s][1][129][trace] GC(93) _eden_chunk_array[94]=0x00000000f86ce2b8
[2025-08-08T15:30:05.888+0000][571.535s][1][129][trace] GC(93) _eden_chunk_array[95]=0x00000000f871be30
[2025-08-08T15:30:05.888+0000][571.535s][1][129][trace] GC(93) _eden_chunk_array[96]=0x00000000f873c650
[2025-08-08T15:30:05.888+0000][571.535s][1][129][trace] GC(93) _eden_chunk_array[97]=0x00000000f877a548
[2025-08-08T15:30:05.888+0000][571.535s][1][129][trace] GC(93) _eden_chunk_array[98]=0x00000000f87ab198
[2025-08-08T15:30:05.888+0000][571.535s][1][129][trace] GC(93) _eden_chunk_array[99]=0x00000000f87cdba8
[2025-08-08T15:30:05.888+0000][571.535s][1][129][trace] GC(93) _eden_chunk_array[100]=0x00000000f87ff268
[2025-08-08T15:30:05.888+0000][571.535s][1][129][trace] GC(93) _eden_chunk_array[101]=0x00000000f8820d80
[2025-08-08T15:30:05.888+0000][571.535s][1][129][trace] GC(93) _eden_chunk_array[102]=0x00000000f885e7f8
[2025-08-08T15:30:05.888+0000][571.535s][1][129][trace] GC(93) _eden_chunk_array[103]=0x00000000f88976c8
[2025-08-08T15:30:05.888+0000][571.535s][1][129][trace] GC(93) _eden_chunk_array[104]=0x00000000f88e3080
[2025-08-08T15:30:05.888+0000][571.535s][1][129][trace] GC(93) _eden_chunk_array[105]=0x00000000f8910f80
[2025-08-08T15:30:05.888+0000][571.535s][1][129][trace] GC(93) _eden_chunk_array[106]=0x00000000f893eeb0
[2025-08-08T15:30:05.888+0000][571.535s][1][129][trace] GC(93) _eden_chunk_array[107]=0x00000000f89a4ac8
[2025-08-08T15:30:05.888+0000][571.535s][1][129][trace] GC(93) _eden_chunk_array[108]=0x00000000f89cb8e0
[2025-08-08T15:30:05.888+0000][571.535s][1][129][trace] GC(93) _eden_chunk_array[109]=0x00000000f89ec060
[2025-08-08T15:30:05.888+0000][571.535s][1][129][trace] GC(93) _eden_chunk_array[110]=0x00000000f8a448d8
[2025-08-08T15:30:05.888+0000][571.535s][1][129][trace] GC(93) _eden_chunk_array[111]=0x00000000f8a6cea8
[2025-08-08T15:30:05.888+0000][571.535s][1][129][trace] GC(93) _eden_chunk_array[112]=0x00000000f8a9c180
[2025-08-08T15:30:05.888+0000][571.535s][1][129][trace] GC(93) _eden_chunk_array[113]=0x00000000f8abe1a8
[2025-08-08T15:30:05.888+0000][571.535s][1][129][trace] GC(93) _eden_chunk_array[114]=0x00000000f8af4148
[2025-08-08T15:30:05.888+0000][571.535s][1][129][trace] GC(93) _eden_chunk_array[115]=0x00000000f8b5a148
[2025-08-08T15:30:05.888+0000][571.535s][1][129][trace] GC(93) _eden_chunk_array[116]=0x00000000f8ba1368
[2025-08-08T15:30:05.888+0000][571.535s][1][129][trace] GC(93) _eden_chunk_array[117]=0x00000000f8bdf490
[2025-08-08T15:30:05.888+0000][571.535s][1][129][trace] GC(93) _eden_chunk_array[118]=0x00000000f8c1d598
[2025-08-08T15:30:05.888+0000][571.535s][1][129][trace] GC(93) _eden_chunk_array[119]=0x00000000f8c5b698
[2025-08-08T15:30:05.888+0000][571.535s][1][129][trace] GC(93) _eden_chunk_array[120]=0x00000000f8c7b880
[2025-08-08T15:30:05.888+0000][571.535s][1][129][trace] GC(93) _eden_chunk_array[121]=0x00000000f8cad368
[2025-08-08T15:30:05.888+0000][571.535s][1][129][trace] GC(93) _eden_chunk_array[122]=0x00000000f8ccde78
[2025-08-08T15:30:05.888+0000][571.535s][1][129][trace] GC(93) _eden_chunk_array[123]=0x00000000f8cf5a38
[2025-08-08T15:30:05.888+0000][571.535s][1][129][trace] GC(93) _eden_chunk_array[124]=0x00000000f8d26178
[2025-08-08T15:30:05.888+0000][571.535s][1][129][trace] GC(93) _eden_chunk_array[125]=0x00000000f8d49900
[2025-08-08T15:30:05.888+0000][571.535s][1][129][trace] GC(93) _eden_chunk_array[126]=0x00000000f8d8b1f8
[2025-08-08T15:30:05.888+0000][571.535s][1][129][trace] GC(93) _eden_chunk_array[127]=0x00000000f8db2f10
[2025-08-08T15:30:05.888+0000][571.535s][1][129][trace] GC(93) _eden_chunk_array[128]=0x00000000f8de18e0
[2025-08-08T15:30:05.888+0000][571.535s][1][129][trace] GC(93) _eden_chunk_array[129]=0x00000000f8e18b48
[2025-08-08T15:30:05.888+0000][571.535s][1][129][trace] GC(93) _eden_chunk_array[130]=0x00000000f8e6f270
[2025-08-08T15:30:05.888+0000][571.535s][1][129][trace] GC(93) _eden_chunk_array[131]=0x00000000f8ebac10
[2025-08-08T15:30:05.888+0000][571.535s][1][129][trace] GC(93) _eden_chunk_array[132]=0x00000000f8f065c8
[2025-08-08T15:30:05.888+0000][571.535s][1][129][trace] GC(93) _eden_chunk_array[133]=0x00000000f8f51f80
[2025-08-08T15:30:05.888+0000][571.535s][1][129][trace] GC(93) _eden_chunk_array[134]=0x00000000f8f72620
[2025-08-08T15:30:05.888+0000][571.535s][1][129][trace] GC(93) _eden_chunk_array[135]=0x00000000f8fa4040
[2025-08-08T15:30:05.888+0000][571.535s][1][129][trace] GC(93) _eden_chunk_array[136]=0x00000000f8fc4d88
[2025-08-08T15:30:05.888+0000][571.535s][1][129][trace] GC(93) _eden_chunk_array[137]=0x00000000f8fec538
[2025-08-08T15:30:05.888+0000][571.535s][1][129][trace] GC(93) _eden_chunk_array[138]=0x00000000f902a638
[2025-08-08T15:30:05.888+0000][571.535s][1][129][trace] GC(93) _eden_chunk_array[139]=0x00000000f9058bc8
[2025-08-08T15:30:05.888+0000][571.535s][1][129][trace] GC(93) _eden_chunk_array[140]=0x00000000f9091800
[2025-08-08T15:30:05.888+0000][571.536s][1][129][trace] GC(93) _eden_chunk_array[141]=0x00000000f90dd1b8
[2025-08-08T15:30:05.888+0000][571.536s][1][129][trace] GC(93) _eden_chunk_array[142]=0x00000000f91409f8
[2025-08-08T15:30:05.888+0000][571.536s][1][129][trace] GC(93) _eden_chunk_array[143]=0x00000000f9179640
[2025-08-08T15:30:05.888+0000][571.536s][1][129][trace] GC(93) _eden_chunk_array[144]=0x00000000f91b3fe8
[2025-08-08T15:30:05.888+0000][571.536s][1][129][trace] GC(93) _eden_chunk_array[145]=0x00000000f91d5010
[2025-08-08T15:30:05.888+0000][571.536s][1][129][trace] GC(93) _eden_chunk_array[146]=0x00000000f91f5710
[2025-08-08T15:30:05.888+0000][571.536s][1][129][trace] GC(93) _eden_chunk_array[147]=0x00000000f92174a0
[2025-08-08T15:30:05.888+0000][571.536s][1][129][trace] GC(93) _eden_chunk_array[148]=0x00000000f9237f28
[2025-08-08T15:30:05.888+0000][571.536s][1][129][trace] GC(93) _eden_chunk_array[149]=0x00000000f9268880
[2025-08-08T15:30:05.888+0000][571.536s][1][129][trace] GC(93) _eden_chunk_array[150]=0x00000000f92b4220
[2025-08-08T15:30:05.888+0000][571.536s][1][129][trace] GC(93) _eden_chunk_array[151]=0x00000000f92d8e90
[2025-08-08T15:30:05.888+0000][571.536s][1][129][trace] GC(93) _eden_chunk_array[152]=0x00000000f9336e68
[2025-08-08T15:30:05.888+0000][571.536s][1][129][trace] GC(93) _eden_chunk_array[153]=0x00000000f936ce70
[2025-08-08T15:30:05.888+0000][571.536s][1][129][trace] GC(93) _eden_chunk_array[154]=0x00000000f93b8810
[2025-08-08T15:30:05.888+0000][571.536s][1][129][trace] GC(93) _eden_chunk_array[155]=0x00000000f93ffa18
[2025-08-08T15:30:05.888+0000][571.536s][1][129][trace] GC(93) _eden_chunk_array[156]=0x00000000f94267a0
[2025-08-08T15:30:05.888+0000][571.536s][1][129][trace] GC(93) _eden_chunk_array[157]=0x00000000f944e4b0
[2025-08-08T15:30:05.888+0000][571.536s][1][129][trace] GC(93) _eden_chunk_array[158]=0x00000000f94761c0
[2025-08-08T15:30:05.888+0000][571.536s][1][129][trace] GC(93) _eden_chunk_array[159]=0x00000000f94984d0
[2025-08-08T15:30:05.888+0000][571.536s][1][129][trace] GC(93) _eden_chunk_array[160]=0x00000000f94c9400
[2025-08-08T15:30:05.888+0000][571.536s][1][129][trace] GC(93) _eden_chunk_array[161]=0x00000000f94f6a80
[2025-08-08T15:30:05.888+0000][571.536s][1][129][trace] GC(93) _eden_chunk_array[162]=0x00000000f9520dc8
[2025-08-08T15:30:05.888+0000][571.536s][1][129][trace] GC(93) _eden_chunk_array[163]=0x00000000f954ecc8
[2025-08-08T15:30:05.888+0000][571.536s][1][129][trace] GC(93) _eden_chunk_array[164]=0x00000000f95aece8
[2025-08-08T15:30:05.888+0000][571.536s][1][129][trace] GC(93) _eden_chunk_array[165]=0x00000000f95dfd08
[2025-08-08T15:30:05.888+0000][571.536s][1][129][trace] GC(93) _eden_chunk_array[166]=0x00000000f9606700
[2025-08-08T15:30:05.888+0000][571.536s][1][129][trace] GC(93) _eden_chunk_array[167]=0x00000000f9628230
[2025-08-08T15:30:05.888+0000][571.536s][1][129][trace] GC(93) _eden_chunk_array[168]=0x00000000f968de50
[2025-08-08T15:30:05.888+0000][571.536s][1][129][trace] GC(93) _eden_chunk_array[169]=0x00000000f96bbd38
[2025-08-08T15:30:05.888+0000][571.536s][1][129][trace] GC(93) _eden_chunk_array[170]=0x00000000f96dc330
[2025-08-08T15:30:05.888+0000][571.536s][1][129][trace] GC(93) _eden_chunk_array[171]=0x00000000f9707340
[2025-08-08T15:30:05.888+0000][571.536s][1][129][trace] GC(93) _eden_chunk_array[172]=0x00000000f972e680
[2025-08-08T15:30:05.888+0000][571.536s][1][129][trace] GC(93) _eden_chunk_array[173]=0x00000000f97549f0
[2025-08-08T15:30:05.888+0000][571.536s][1][129][trace] GC(93) _eden_chunk_array[174]=0x00000000f97a8820
[2025-08-08T15:30:05.888+0000][571.536s][1][129][trace] GC(93) _eden_chunk_array[175]=0x00000000f97d3398
[2025-08-08T15:30:05.888+0000][571.536s][1][129][trace] GC(93) _eden_chunk_array[176]=0x00000000f97fdf80
[2025-08-08T15:30:05.888+0000][571.536s][1][129][trace] GC(93) _eden_chunk_array[177]=0x00000000f982e178
[2025-08-08T15:30:05.888+0000][571.536s][1][129][trace] GC(93) _eden_chunk_array[178]=0x00000000f9867ce0
[2025-08-08T15:30:05.888+0000][571.536s][1][129][trace] GC(93) _eden_chunk_array[179]=0x00000000f9895300
[2025-08-08T15:30:05.888+0000][571.536s][1][129][trace] GC(93) _eden_chunk_array[180]=0x00000000f98bd008
[2025-08-08T15:30:05.888+0000][571.536s][1][129][trace] GC(93) _eden_chunk_array[181]=0x00000000f98f2fb8
[2025-08-08T15:30:05.888+0000][571.536s][1][129][trace] GC(93) _eden_chunk_array[182]=0x00000000f991acd0
[2025-08-08T15:30:05.888+0000][571.536s][1][129][trace] GC(93) _eden_chunk_array[183]=0x00000000f9961bd8
[2025-08-08T15:30:05.888+0000][571.536s][1][129][trace] GC(93) _eden_chunk_array[184]=0x00000000f9997b80
[2025-08-08T15:30:05.888+0000][571.536s][1][129][trace] GC(93) _eden_chunk_array[185]=0x00000000f99cdb20
[2025-08-08T15:30:05.888+0000][571.536s][1][129][trace] GC(93) _eden_chunk_array[186]=0x00000000f99edb80
[2025-08-08T15:30:05.888+0000][571.536s][1][129][trace] GC(93) _eden_chunk_array[187]=0x00000000f9a0f7d0
[2025-08-08T15:30:05.888+0000][571.536s][1][129][trace] GC(93) _eden_chunk_array[188]=0x00000000f9a60a40
[2025-08-08T15:30:05.888+0000][571.536s][1][129][trace] GC(93) _eden_chunk_array[189]=0x00000000f9a8ad70
[2025-08-08T15:30:05.888+0000][571.536s][1][129][trace] GC(93) _eden_chunk_array[190]=0x00000000f9ad16f0
[2025-08-08T15:30:05.888+0000][571.536s][1][129][trace] GC(93) _eden_chunk_array[191]=0x00000000f9afba48
[2025-08-08T15:30:05.888+0000][571.536s][1][129][trace] GC(93) _eden_chunk_array[192]=0x00000000f9b42c60
[2025-08-08T15:30:05.888+0000][571.536s][1][129][trace] GC(93) _eden_chunk_array[193]=0x00000000f9b70b60
[2025-08-08T15:30:05.888+0000][571.536s][1][129][trace] GC(93) _eden_chunk_array[194]=0x00000000f9b9ea70
[2025-08-08T15:30:05.888+0000][571.536s][1][129][trace] GC(93) _eden_chunk_array[195]=0x00000000f9bcc968
[2025-08-08T15:30:05.888+0000][571.536s][1][129][trace] GC(93) _eden_chunk_array[196]=0x00000000f9bfa870
[2025-08-08T15:30:05.888+0000][571.536s][1][129][trace] GC(93) _eden_chunk_array[197]=0x00000000f9c28768
[2025-08-08T15:30:05.888+0000][571.536s][1][129][trace] GC(93) _eden_chunk_array[198]=0x00000000f9c48e68
[2025-08-08T15:30:05.888+0000][571.536s][1][129][trace] GC(93) _eden_chunk_array[199]=0x00000000f9c74180
[2025-08-08T15:30:05.888+0000][571.536s][1][129][trace] GC(93) _eden_chunk_array[200]=0x00000000f9c985c0
[2025-08-08T15:30:05.888+0000][571.536s][1][129][trace] GC(93) _eden_chunk_array[201]=0x00000000f9ce9f48
[2025-08-08T15:30:05.888+0000][571.536s][1][129][trace] GC(93) _eden_chunk_array[202]=0x00000000f9d12820
[2025-08-08T15:30:05.888+0000][571.536s][1][129][trace] GC(93) _eden_chunk_array[203]=0x00000000f9d4b4a0
[2025-08-08T15:30:05.888+0000][571.536s][1][129][trace] GC(93) _eden_chunk_array[204]=0x00000000f9d840e8
[2025-08-08T15:30:05.888+0000][571.536s][1][129][trace] GC(93) _eden_chunk_array[205]=0x00000000f9dbf798
[2025-08-08T15:30:05.888+0000][571.536s][1][129][trace] GC(93) _eden_chunk_array[206]=0x00000000f9dfae38
[2025-08-08T15:30:05.888+0000][571.536s][1][129][trace] GC(93) _eden_chunk_array[207]=0x00000000f9e33a88
[2025-08-08T15:30:05.888+0000][571.536s][1][129][trace] GC(93) _eden_chunk_array[208]=0x00000000f9e54b10
[2025-08-08T15:30:05.888+0000][571.536s][1][129][trace] GC(93) _eden_chunk_array[209]=0x00000000f9eb6cf8
[2025-08-08T15:30:05.888+0000][571.536s][1][129][trace] GC(93) _eden_chunk_array[210]=0x00000000f9f1d658
[2025-08-08T15:30:05.888+0000][571.536s][1][129][trace] GC(93) _eden_chunk_array[211]=0x00000000f9f3ff08
[2025-08-08T15:30:05.888+0000][571.536s][1][129][trace] GC(93) _eden_chunk_array[212]=0x00000000f9f60798
[2025-08-08T15:30:05.888+0000][571.536s][1][129][trace] GC(93) _eden_chunk_array[213]=0x00000000f9f8ddd0
[2025-08-08T15:30:05.888+0000][571.536s][1][129][trace] GC(93) _eden_chunk_array[214]=0x00000000f9fb78f8
[2025-08-08T15:30:05.888+0000][571.536s][1][129][trace] GC(93) _eden_chunk_array[215]=0x00000000f9fe9b10
[2025-08-08T15:30:05.888+0000][571.536s][1][129][trace] GC(93) _eden_chunk_array[216]=0x00000000fa013e58
[2025-08-08T15:30:05.888+0000][571.536s][1][129][trace] GC(93) _eden_chunk_array[217]=0x00000000fa03bb70
[2025-08-08T15:30:05.888+0000][571.536s][1][129][trace] GC(93) _eden_chunk_array[218]=0x00000000fa063890
[2025-08-08T15:30:05.888+0000][571.536s][1][129][trace] GC(93) _eden_chunk_array[219]=0x00000000fa0aaab0
[2025-08-08T15:30:05.888+0000][571.536s][1][129][trace] GC(93) _eden_chunk_array[220]=0x00000000fa0e2618
[2025-08-08T15:30:05.888+0000][571.536s][1][129][trace] GC(93) _eden_chunk_array[221]=0x00000000fa1185b0
[2025-08-08T15:30:05.889+0000][571.536s][1][129][trace] GC(93) _eden_chunk_array[222]=0x00000000fa14e7f0
[2025-08-08T15:30:05.889+0000][571.536s][1][129][trace] GC(93) _eden_chunk_array[223]=0x00000000fa184790
[2025-08-08T15:30:05.889+0000][571.536s][1][129][trace] GC(93) _eden_chunk_array[224]=0x00000000fa1aa238
[2025-08-08T15:30:05.889+0000][571.536s][1][129][trace] GC(93) _eden_chunk_array[225]=0x00000000fa1d0718
[2025-08-08T15:30:05.889+0000][571.536s][1][129][trace] GC(93) _eden_chunk_array[226]=0x00000000fa1f12b8
[2025-08-08T15:30:05.889+0000][571.536s][1][129][trace] GC(93) _eden_chunk_array[227]=0x00000000fa240490
[2025-08-08T15:30:05.889+0000][571.536s][1][129][trace] GC(93) _eden_chunk_array[228]=0x00000000fa270f58
[2025-08-08T15:30:05.889+0000][571.536s][1][129][trace] GC(93) _eden_chunk_array[229]=0x00000000fa2a35c0
[2025-08-08T15:30:05.889+0000][571.536s][1][129][trace] GC(93) _eden_chunk_array[230]=0x00000000fa2c77a0
[2025-08-08T15:30:05.889+0000][571.536s][1][129][trace] GC(93) _eden_chunk_array[231]=0x00000000fa2ebd18
[2025-08-08T15:30:05.889+0000][571.536s][1][129][trace] GC(93) _eden_chunk_array[232]=0x00000000fa310298
[2025-08-08T15:30:05.889+0000][571.536s][1][129][trace] GC(93) _eden_chunk_array[233]=0x00000000fa3574b0
[2025-08-08T15:30:05.889+0000][571.536s][1][129][trace] GC(93) _eden_chunk_array[234]=0x00000000fa378140
[2025-08-08T15:30:05.889+0000][571.536s][1][129][trace] GC(93) _eden_chunk_array[235]=0x00000000fa3b6240
[2025-08-08T15:30:05.889+0000][571.536s][1][129][trace] GC(93) _eden_chunk_array[236]=0x00000000fa3f4350
[2025-08-08T15:30:05.889+0000][571.536s][1][129][trace] GC(93) _eden_chunk_array[237]=0x00000000fa432458
[2025-08-08T15:30:05.889+0000][571.536s][1][129][trace] GC(93) _eden_chunk_array[238]=0x00000000fa452778
[2025-08-08T15:30:05.889+0000][571.536s][1][129][trace] GC(93) _eden_chunk_array[239]=0x00000000fa472900
[2025-08-08T15:30:05.889+0000][571.536s][1][129][trace] GC(93) _eden_chunk_array[240]=0x00000000fa4c57b0
[2025-08-08T15:30:05.889+0000][571.536s][1][129][trace] GC(93) _eden_chunk_array[241]=0x00000000fa4f9720
[2025-08-08T15:30:05.889+0000][571.536s][1][129][trace] GC(93) _eden_chunk_array[242]=0x00000000fa523aa8
[2025-08-08T15:30:05.889+0000][571.536s][1][129][trace] GC(93) _eden_chunk_array[243]=0x00000000fa544b70
[2025-08-08T15:30:05.889+0000][571.536s][1][129][trace] GC(93) _eden_chunk_array[244]=0x00000000fa57c420
[2025-08-08T15:30:05.889+0000][571.536s][1][129][trace] GC(93) _eden_chunk_array[245]=0x00000000fa5b2030
[2025-08-08T15:30:05.889+0000][571.536s][1][129][trace] GC(93) _eden_chunk_array[246]=0x00000000fa5f9248
[2025-08-08T15:30:05.889+0000][571.536s][1][129][trace] GC(93) _eden_chunk_array[247]=0x00000000fa62f1c8
[2025-08-08T15:30:05.889+0000][571.536s][1][129][trace] GC(93) _eden_chunk_array[248]=0x00000000fa665150
[2025-08-08T15:30:05.889+0000][571.536s][1][129][trace] GC(93) _eden_chunk_array[249]=0x00000000fa69b110
[2025-08-08T15:30:05.889+0000][571.536s][1][129][trace] GC(93) _eden_chunk_array[250]=0x00000000fa6d10b0
[2025-08-08T15:30:05.889+0000][571.536s][1][129][trace] GC(93) survivor 0x00000000fd410000-0x00000000fd410000-0x00000000fe780000(20381696)
[2025-08-08T15:30:05.889+0000][571.536s][1][129][trace] GC(93) _survivor_chunk_index=0, _survivor_chunk_capacity=9952
[2025-08-08T15:30:05.924+0000][571.572s][1][129][info ] GC(93) Pause Remark 115M->115M(180M) 36.652ms
[2025-08-08T15:30:05.924+0000][571.572s][1][129][info ] Leaving safepoint region
[2025-08-08T15:30:05.924+0000][571.572s][1][129][info ] Total time for which application threads were stopped: 0.0369267 seconds, Stopping threads took: 0.0000321 seconds
[2025-08-08T15:30:05.924+0000][571.572s][1][128][info ] GC(93) Concurrent Sweep
[2025-08-08T15:30:05.926+0000][571.573s][1][128][info ] GC(93) Concurrent Sweep 1.557ms
[2025-08-08T15:30:05.926+0000][571.573s][1][128][info ] GC(93) Concurrent Reset
[2025-08-08T15:30:05.926+0000][571.573s][1][128][info ] GC(93) Concurrent Reset 0.013ms
[2025-08-08T15:30:05.926+0000][571.573s][1][128][info ] GC(93) Old: 5183K->5183K(5184K)
[2025-08-08T15:30:13.930+0000][579.577s][1][129][info ] Application time: 8.0058464 seconds
[2025-08-08T15:30:13.930+0000][579.578s][1][129][info ] Entering safepoint region: Cleanup
[2025-08-08T15:30:13.930+0000][579.578s][1][129][info ] Leaving safepoint region
[2025-08-08T15:30:13.930+0000][579.578s][1][129][info ] Total time for which application threads were stopped: 0.0002002 seconds, Stopping threads took: 0.0000348 seconds
[2025-08-08T15:30:15.926+0000][581.574s][1][129][info ] Application time: 1.9958489 seconds
[2025-08-08T15:30:15.926+0000][581.574s][1][129][info ] Entering safepoint region: CMS_Initial_Mark
[2025-08-08T15:30:15.927+0000][581.574s][1][129][trace] GC(94) eden 0x00000000f3800000-0x00000000faf08cc0-0x00000000fd410000(163643392)
[2025-08-08T15:30:15.927+0000][581.574s][1][129][trace] GC(94) _eden_chunk_index=292, _eden_chunk_capacity=11233
[2025-08-08T15:30:15.927+0000][581.574s][1][129][trace] GC(94) _eden_chunk_array[0]=0x00000000f73f9200
[2025-08-08T15:30:15.927+0000][581.574s][1][129][trace] GC(94) _eden_chunk_array[1]=0x00000000f74247b8
[2025-08-08T15:30:15.927+0000][581.574s][1][129][trace] GC(94) _eden_chunk_array[2]=0x00000000f7453930
[2025-08-08T15:30:15.927+0000][581.574s][1][129][trace] GC(94) _eden_chunk_array[3]=0x00000000f747dc68
[2025-08-08T15:30:15.927+0000][581.574s][1][129][trace] GC(94) _eden_chunk_array[4]=0x00000000f74ad020
[2025-08-08T15:30:15.927+0000][581.574s][1][129][trace] GC(94) _eden_chunk_array[5]=0x00000000f74d6e28
[2025-08-08T15:30:15.927+0000][581.574s][1][129][trace] GC(94) _eden_chunk_array[6]=0x00000000f74feb48
[2025-08-08T15:30:15.927+0000][581.574s][1][129][trace] GC(94) _eden_chunk_array[7]=0x00000000f7534cd8
[2025-08-08T15:30:15.927+0000][581.574s][1][129][trace] GC(94) _eden_chunk_array[8]=0x00000000f7554e70
[2025-08-08T15:30:15.927+0000][581.574s][1][129][trace] GC(94) _eden_chunk_array[9]=0x00000000f758a818
[2025-08-08T15:30:15.927+0000][581.574s][1][129][trace] GC(94) _eden_chunk_array[10]=0x00000000f75b8710
[2025-08-08T15:30:15.927+0000][581.574s][1][129][trace] GC(94) _eden_chunk_array[11]=0x00000000f75ff918
[2025-08-08T15:30:15.927+0000][581.574s][1][129][trace] GC(94) _eden_chunk_array[12]=0x00000000f7636b78
[2025-08-08T15:30:15.927+0000][581.574s][1][129][trace] GC(94) _eden_chunk_array[13]=0x00000000f767dd90
[2025-08-08T15:30:15.927+0000][581.574s][1][129][trace] GC(94) _eden_chunk_array[14]=0x00000000f76e4388
[2025-08-08T15:30:15.927+0000][581.574s][1][129][trace] GC(94) _eden_chunk_array[15]=0x00000000f7719c08
[2025-08-08T15:30:15.927+0000][581.574s][1][129][trace] GC(94) _eden_chunk_array[16]=0x00000000f774f498
[2025-08-08T15:30:15.927+0000][581.574s][1][129][trace] GC(94) _eden_chunk_array[17]=0x00000000f7784d40
[2025-08-08T15:30:15.927+0000][581.574s][1][129][trace] GC(94) _eden_chunk_array[18]=0x00000000f77ab4a0
[2025-08-08T15:30:15.927+0000][581.574s][1][129][trace] GC(94) _eden_chunk_array[19]=0x00000000f77cf2b0
[2025-08-08T15:30:15.927+0000][581.574s][1][129][trace] GC(94) _eden_chunk_array[20]=0x00000000f77f2938
[2025-08-08T15:30:15.927+0000][581.574s][1][129][trace] GC(94) _eden_chunk_array[21]=0x00000000f782c488
[2025-08-08T15:30:15.927+0000][581.574s][1][129][trace] GC(94) _eden_chunk_array[22]=0x00000000f7859ad0
[2025-08-08T15:30:15.927+0000][581.574s][1][129][trace] GC(94) _eden_chunk_array[23]=0x00000000f7890740
[2025-08-08T15:30:15.927+0000][581.575s][1][129][trace] GC(94) _eden_chunk_array[24]=0x00000000f78f70b0
[2025-08-08T15:30:15.927+0000][581.575s][1][129][trace] GC(94) _eden_chunk_array[25]=0x00000000f792d058
[2025-08-08T15:30:15.927+0000][581.575s][1][129][trace] GC(94) _eden_chunk_array[26]=0x00000000f7964c08
[2025-08-08T15:30:15.927+0000][581.575s][1][129][trace] GC(94) _eden_chunk_array[27]=0x00000000f7985bb0
[2025-08-08T15:30:15.927+0000][581.575s][1][129][trace] GC(94) _eden_chunk_array[28]=0x00000000f79ccdc8
[2025-08-08T15:30:15.927+0000][581.575s][1][129][trace] GC(94) _eden_chunk_array[29]=0x00000000f79fd778
[2025-08-08T15:30:15.927+0000][581.575s][1][129][trace] GC(94) _eden_chunk_array[30]=0x00000000f7a251b0
[2025-08-08T15:30:15.927+0000][581.575s][1][129][trace] GC(94) _eden_chunk_array[31]=0x00000000f7a8f220
[2025-08-08T15:30:15.927+0000][581.575s][1][129][trace] GC(94) _eden_chunk_array[32]=0x00000000f7abcfa0
[2025-08-08T15:30:15.927+0000][581.575s][1][129][trace] GC(94) _eden_chunk_array[33]=0x00000000f7b041c8
[2025-08-08T15:30:15.927+0000][581.575s][1][129][trace] GC(94) _eden_chunk_array[34]=0x00000000f7b32af8
[2025-08-08T15:30:15.927+0000][581.575s][1][129][trace] GC(94) _eden_chunk_array[35]=0x00000000f7b55750
[2025-08-08T15:30:15.927+0000][581.575s][1][129][trace] GC(94) _eden_chunk_array[36]=0x00000000f7b8f420
[2025-08-08T15:30:15.927+0000][581.575s][1][129][trace] GC(94) _eden_chunk_array[37]=0x00000000f7bb7128
[2025-08-08T15:30:15.927+0000][581.575s][1][129][trace] GC(94) _eden_chunk_array[38]=0x00000000f7bf9a90
[2025-08-08T15:30:15.927+0000][581.575s][1][129][trace] GC(94) _eden_chunk_array[39]=0x00000000f7c2f338
[2025-08-08T15:30:15.927+0000][581.575s][1][129][trace] GC(94) _eden_chunk_array[40]=0x00000000f7c64bd0
[2025-08-08T15:30:15.927+0000][581.575s][1][129][trace] GC(94) _eden_chunk_array[41]=0x00000000f7c9a478
[2025-08-08T15:30:15.927+0000][581.575s][1][129][trace] GC(94) _eden_chunk_array[42]=0x00000000f7ccdea0
[2025-08-08T15:30:15.927+0000][581.575s][1][129][trace] GC(94) _eden_chunk_array[43]=0x00000000f7cef8c0
[2025-08-08T15:30:15.927+0000][581.575s][1][129][trace] GC(94) _eden_chunk_array[44]=0x00000000f7d28840
[2025-08-08T15:30:15.927+0000][581.575s][1][129][trace] GC(94) _eden_chunk_array[45]=0x00000000f7d52ba0
[2025-08-08T15:30:15.927+0000][581.575s][1][129][trace] GC(94) _eden_chunk_array[46]=0x00000000f7d924a8
[2025-08-08T15:30:15.927+0000][581.575s][1][129][trace] GC(94) _eden_chunk_array[47]=0x00000000f7ddde58
[2025-08-08T15:30:15.927+0000][581.575s][1][129][trace] GC(94) _eden_chunk_array[48]=0x00000000f7e25078
[2025-08-08T15:30:15.927+0000][581.575s][1][129][trace] GC(94) _eden_chunk_array[49]=0x00000000f7e53a48
[2025-08-08T15:30:15.927+0000][581.575s][1][129][trace] GC(94) _eden_chunk_array[50]=0x00000000f7e82418
[2025-08-08T15:30:15.927+0000][581.575s][1][129][trace] GC(94) _eden_chunk_array[51]=0x00000000f7eb0de0
[2025-08-08T15:30:15.927+0000][581.575s][1][129][trace] GC(94) _eden_chunk_array[52]=0x00000000f7edf7d0
[2025-08-08T15:30:15.927+0000][581.575s][1][129][trace] GC(94) _eden_chunk_array[53]=0x00000000f7f1b0b8
[2025-08-08T15:30:15.927+0000][581.575s][1][129][trace] GC(94) _eden_chunk_array[54]=0x00000000f7f44d00
[2025-08-08T15:30:15.927+0000][581.575s][1][129][trace] GC(94) _eden_chunk_array[55]=0x00000000f7f66170
[2025-08-08T15:30:15.927+0000][581.575s][1][129][trace] GC(94) _eden_chunk_array[56]=0x00000000f7f8e538
[2025-08-08T15:30:15.927+0000][581.575s][1][129][trace] GC(94) _eden_chunk_array[57]=0x00000000f7fb15d0
[2025-08-08T15:30:15.927+0000][581.575s][1][129][trace] GC(94) _eden_chunk_array[58]=0x00000000f7fd57d0
[2025-08-08T15:30:15.927+0000][581.575s][1][129][trace] GC(94) _eden_chunk_array[59]=0x00000000f8010e90
[2025-08-08T15:30:15.927+0000][581.575s][1][129][trace] GC(94) _eden_chunk_array[60]=0x00000000f8041ae0
[2025-08-08T15:30:15.927+0000][581.575s][1][129][trace] GC(94) _eden_chunk_array[61]=0x00000000f8062088
[2025-08-08T15:30:15.927+0000][581.575s][1][129][trace] GC(94) _eden_chunk_array[62]=0x00000000f80a92a8
[2025-08-08T15:30:15.927+0000][581.575s][1][129][trace] GC(94) _eden_chunk_array[63]=0x00000000f80d7198
[2025-08-08T15:30:15.927+0000][581.575s][1][129][trace] GC(94) _eden_chunk_array[64]=0x00000000f80f80c0
[2025-08-08T15:30:15.927+0000][581.575s][1][129][trace] GC(94) _eden_chunk_array[65]=0x00000000f8125fa0
[2025-08-08T15:30:15.927+0000][581.575s][1][129][trace] GC(94) _eden_chunk_array[66]=0x00000000f8153e90
[2025-08-08T15:30:15.927+0000][581.575s][1][129][trace] GC(94) _eden_chunk_array[67]=0x00000000f8174ae8
[2025-08-08T15:30:15.927+0000][581.575s][1][129][trace] GC(94) _eden_chunk_array[68]=0x00000000f819b990
[2025-08-08T15:30:15.927+0000][581.575s][1][129][trace] GC(94) _eden_chunk_array[69]=0x00000000f81bba80
[2025-08-08T15:30:15.927+0000][581.575s][1][129][trace] GC(94) _eden_chunk_array[70]=0x00000000f820f900
[2025-08-08T15:30:15.927+0000][581.575s][1][129][trace] GC(94) _eden_chunk_array[71]=0x00000000f823d620
[2025-08-08T15:30:15.927+0000][581.575s][1][129][trace] GC(94) _eden_chunk_array[72]=0x00000000f8262ba8
[2025-08-08T15:30:15.927+0000][581.575s][1][129][trace] GC(94) _eden_chunk_array[73]=0x00000000f82ab2f8
[2025-08-08T15:30:15.927+0000][581.575s][1][129][trace] GC(94) _eden_chunk_array[74]=0x00000000f8311588
[2025-08-08T15:30:15.927+0000][581.575s][1][129][trace] GC(94) _eden_chunk_array[75]=0x00000000f834f680
[2025-08-08T15:30:15.927+0000][581.575s][1][129][trace] GC(94) _eden_chunk_array[76]=0x00000000f8373c00
[2025-08-08T15:30:15.927+0000][581.575s][1][129][trace] GC(94) _eden_chunk_array[77]=0x00000000f83b1d38
[2025-08-08T15:30:15.927+0000][581.575s][1][129][trace] GC(94) _eden_chunk_array[78]=0x00000000f83d29e0
[2025-08-08T15:30:15.927+0000][581.575s][1][129][trace] GC(94) _eden_chunk_array[79]=0x00000000f843d9b0
[2025-08-08T15:30:15.927+0000][581.575s][1][129][trace] GC(94) _eden_chunk_array[80]=0x00000000f8470448
[2025-08-08T15:30:15.927+0000][581.575s][1][129][trace] GC(94) _eden_chunk_array[81]=0x00000000f8494218
[2025-08-08T15:30:15.927+0000][581.575s][1][129][trace] GC(94) _eden_chunk_array[82]=0x00000000f84b46a0
[2025-08-08T15:30:15.927+0000][581.575s][1][129][trace] GC(94) _eden_chunk_array[83]=0x00000000f84df640
[2025-08-08T15:30:15.928+0000][581.575s][1][129][trace] GC(94) _eden_chunk_array[84]=0x00000000f8503248
[2025-08-08T15:30:15.928+0000][581.575s][1][129][trace] GC(94) _eden_chunk_array[85]=0x00000000f8525dd0
[2025-08-08T15:30:15.928+0000][581.575s][1][129][trace] GC(94) _eden_chunk_array[86]=0x00000000f8549fb0
[2025-08-08T15:30:15.928+0000][581.575s][1][129][trace] GC(94) _eden_chunk_array[87]=0x00000000f8593700
[2025-08-08T15:30:15.928+0000][581.575s][1][129][trace] GC(94) _eden_chunk_array[88]=0x00000000f85b6e98
[2025-08-08T15:30:15.928+0000][581.575s][1][129][trace] GC(94) _eden_chunk_array[89]=0x00000000f85da628
[2025-08-08T15:30:15.928+0000][581.575s][1][129][trace] GC(94) _eden_chunk_array[90]=0x00000000f8637ba0
[2025-08-08T15:30:15.928+0000][581.575s][1][129][trace] GC(94) _eden_chunk_array[91]=0x00000000f865b350
[2025-08-08T15:30:15.928+0000][581.575s][1][129][trace] GC(94) _eden_chunk_array[92]=0x00000000f867eaf8
[2025-08-08T15:30:15.928+0000][581.575s][1][129][trace] GC(94) _eden_chunk_array[93]=0x00000000f86a22b0
[2025-08-08T15:30:15.928+0000][581.575s][1][129][trace] GC(94) _eden_chunk_array[94]=0x00000000f86ce2b8
[2025-08-08T15:30:15.928+0000][581.575s][1][129][trace] GC(94) _eden_chunk_array[95]=0x00000000f871be30
[2025-08-08T15:30:15.928+0000][581.575s][1][129][trace] GC(94) _eden_chunk_array[96]=0x00000000f873c650
[2025-08-08T15:30:15.928+0000][581.575s][1][129][trace] GC(94) _eden_chunk_array[97]=0x00000000f877a548
[2025-08-08T15:30:15.928+0000][581.575s][1][129][trace] GC(94) _eden_chunk_array[98]=0x00000000f87ab198
[2025-08-08T15:30:15.928+0000][581.575s][1][129][trace] GC(94) _eden_chunk_array[99]=0x00000000f87cdba8
[2025-08-08T15:30:15.928+0000][581.575s][1][129][trace] GC(94) _eden_chunk_array[100]=0x00000000f87ff268
[2025-08-08T15:30:15.928+0000][581.575s][1][129][trace] GC(94) _eden_chunk_array[101]=0x00000000f8820d80
[2025-08-08T15:30:15.928+0000][581.575s][1][129][trace] GC(94) _eden_chunk_array[102]=0x00000000f885e7f8
[2025-08-08T15:30:15.928+0000][581.575s][1][129][trace] GC(94) _eden_chunk_array[103]=0x00000000f88976c8
[2025-08-08T15:30:15.928+0000][581.575s][1][129][trace] GC(94) _eden_chunk_array[104]=0x00000000f88e3080
[2025-08-08T15:30:15.928+0000][581.575s][1][129][trace] GC(94) _eden_chunk_array[105]=0x00000000f8910f80
[2025-08-08T15:30:15.928+0000][581.575s][1][129][trace] GC(94) _eden_chunk_array[106]=0x00000000f893eeb0
[2025-08-08T15:30:15.928+0000][581.575s][1][129][trace] GC(94) _eden_chunk_array[107]=0x00000000f89a4ac8
[2025-08-08T15:30:15.928+0000][581.575s][1][129][trace] GC(94) _eden_chunk_array[108]=0x00000000f89cb8e0
[2025-08-08T15:30:15.928+0000][581.575s][1][129][trace] GC(94) _eden_chunk_array[109]=0x00000000f89ec060
[2025-08-08T15:30:15.928+0000][581.575s][1][129][trace] GC(94) _eden_chunk_array[110]=0x00000000f8a448d8
[2025-08-08T15:30:15.928+0000][581.575s][1][129][trace] GC(94) _eden_chunk_array[111]=0x00000000f8a6cea8
[2025-08-08T15:30:15.928+0000][581.575s][1][129][trace] GC(94) _eden_chunk_array[112]=0x00000000f8a9c180
[2025-08-08T15:30:15.928+0000][581.575s][1][129][trace] GC(94) _eden_chunk_array[113]=0x00000000f8abe1a8
[2025-08-08T15:30:15.928+0000][581.575s][1][129][trace] GC(94) _eden_chunk_array[114]=0x00000000f8af4148
[2025-08-08T15:30:15.928+0000][581.575s][1][129][trace] GC(94) _eden_chunk_array[115]=0x00000000f8b5a148
[2025-08-08T15:30:15.928+0000][581.575s][1][129][trace] GC(94) _eden_chunk_array[116]=0x00000000f8ba1368
[2025-08-08T15:30:15.928+0000][581.575s][1][129][trace] GC(94) _eden_chunk_array[117]=0x00000000f8bdf490
[2025-08-08T15:30:15.928+0000][581.575s][1][129][trace] GC(94) _eden_chunk_array[118]=0x00000000f8c1d598
[2025-08-08T15:30:15.928+0000][581.575s][1][129][trace] GC(94) _eden_chunk_array[119]=0x00000000f8c5b698
[2025-08-08T15:30:15.928+0000][581.575s][1][129][trace] GC(94) _eden_chunk_array[120]=0x00000000f8c7b880
[2025-08-08T15:30:15.928+0000][581.575s][1][129][trace] GC(94) _eden_chunk_array[121]=0x00000000f8cad368
[2025-08-08T15:30:15.928+0000][581.575s][1][129][trace] GC(94) _eden_chunk_array[122]=0x00000000f8ccde78
[2025-08-08T15:30:15.928+0000][581.575s][1][129][trace] GC(94) _eden_chunk_array[123]=0x00000000f8cf5a38
[2025-08-08T15:30:15.928+0000][581.575s][1][129][trace] GC(94) _eden_chunk_array[124]=0x00000000f8d26178
[2025-08-08T15:30:15.928+0000][581.575s][1][129][trace] GC(94) _eden_chunk_array[125]=0x00000000f8d49900
[2025-08-08T15:30:15.928+0000][581.575s][1][129][trace] GC(94) _eden_chunk_array[126]=0x00000000f8d8b1f8
[2025-08-08T15:30:15.928+0000][581.575s][1][129][trace] GC(94) _eden_chunk_array[127]=0x00000000f8db2f10
[2025-08-08T15:30:15.928+0000][581.575s][1][129][trace] GC(94) _eden_chunk_array[128]=0x00000000f8de18e0
[2025-08-08T15:30:15.928+0000][581.575s][1][129][trace] GC(94) _eden_chunk_array[129]=0x00000000f8e18b48
[2025-08-08T15:30:15.928+0000][581.575s][1][129][trace] GC(94) _eden_chunk_array[130]=0x00000000f8e6f270
[2025-08-08T15:30:15.928+0000][581.575s][1][129][trace] GC(94) _eden_chunk_array[131]=0x00000000f8ebac10
[2025-08-08T15:30:15.928+0000][581.575s][1][129][trace] GC(94) _eden_chunk_array[132]=0x00000000f8f065c8
[2025-08-08T15:30:15.928+0000][581.575s][1][129][trace] GC(94) _eden_chunk_array[133]=0x00000000f8f51f80
[2025-08-08T15:30:15.928+0000][581.575s][1][129][trace] GC(94) _eden_chunk_array[134]=0x00000000f8f72620
[2025-08-08T15:30:15.928+0000][581.575s][1][129][trace] GC(94) _eden_chunk_array[135]=0x00000000f8fa4040
[2025-08-08T15:30:15.928+0000][581.575s][1][129][trace] GC(94) _eden_chunk_array[136]=0x00000000f8fc4d88
[2025-08-08T15:30:15.928+0000][581.575s][1][129][trace] GC(94) _eden_chunk_array[137]=0x00000000f8fec538
[2025-08-08T15:30:15.928+0000][581.575s][1][129][trace] GC(94) _eden_chunk_array[138]=0x00000000f902a638
[2025-08-08T15:30:15.928+0000][581.575s][1][129][trace] GC(94) _eden_chunk_array[139]=0x00000000f9058bc8
[2025-08-08T15:30:15.928+0000][581.575s][1][129][trace] GC(94) _eden_chunk_array[140]=0x00000000f9091800
[2025-08-08T15:30:15.928+0000][581.575s][1][129][trace] GC(94) _eden_chunk_array[141]=0x00000000f90dd1b8
[2025-08-08T15:30:15.928+0000][581.575s][1][129][trace] GC(94) _eden_chunk_array[142]=0x00000000f91409f8
[2025-08-08T15:30:15.928+0000][581.575s][1][129][trace] GC(94) _eden_chunk_array[143]=0x00000000f9179640
[2025-08-08T15:30:15.928+0000][581.575s][1][129][trace] GC(94) _eden_chunk_array[144]=0x00000000f91b3fe8
[2025-08-08T15:30:15.928+0000][581.575s][1][129][trace] GC(94) _eden_chunk_array[145]=0x00000000f91d5010
[2025-08-08T15:30:15.928+0000][581.575s][1][129][trace] GC(94) _eden_chunk_array[146]=0x00000000f91f5710
[2025-08-08T15:30:15.928+0000][581.575s][1][129][trace] GC(94) _eden_chunk_array[147]=0x00000000f92174a0
[2025-08-08T15:30:15.928+0000][581.575s][1][129][trace] GC(94) _eden_chunk_array[148]=0x00000000f9237f28
[2025-08-08T15:30:15.928+0000][581.575s][1][129][trace] GC(94) _eden_chunk_array[149]=0x00000000f9268880
[2025-08-08T15:30:15.928+0000][581.575s][1][129][trace] GC(94) _eden_chunk_array[150]=0x00000000f92b4220
[2025-08-08T15:30:15.928+0000][581.575s][1][129][trace] GC(94) _eden_chunk_array[151]=0x00000000f92d8e90
[2025-08-08T15:30:15.928+0000][581.575s][1][129][trace] GC(94) _eden_chunk_array[152]=0x00000000f9336e68
[2025-08-08T15:30:15.928+0000][581.575s][1][129][trace] GC(94) _eden_chunk_array[153]=0x00000000f936ce70
[2025-08-08T15:30:15.928+0000][581.575s][1][129][trace] GC(94) _eden_chunk_array[154]=0x00000000f93b8810
[2025-08-08T15:30:15.928+0000][581.575s][1][129][trace] GC(94) _eden_chunk_array[155]=0x00000000f93ffa18
[2025-08-08T15:30:15.928+0000][581.575s][1][129][trace] GC(94) _eden_chunk_array[156]=0x00000000f94267a0
[2025-08-08T15:30:15.928+0000][581.575s][1][129][trace] GC(94) _eden_chunk_array[157]=0x00000000f944e4b0
[2025-08-08T15:30:15.928+0000][581.575s][1][129][trace] GC(94) _eden_chunk_array[158]=0x00000000f94761c0
[2025-08-08T15:30:15.928+0000][581.575s][1][129][trace] GC(94) _eden_chunk_array[159]=0x00000000f94984d0
[2025-08-08T15:30:15.928+0000][581.575s][1][129][trace] GC(94) _eden_chunk_array[160]=0x00000000f94c9400
[2025-08-08T15:30:15.928+0000][581.575s][1][129][trace] GC(94) _eden_chunk_array[161]=0x00000000f94f6a80
[2025-08-08T15:30:15.928+0000][581.575s][1][129][trace] GC(94) _eden_chunk_array[162]=0x00000000f9520dc8
[2025-08-08T15:30:15.928+0000][581.575s][1][129][trace] GC(94) _eden_chunk_array[163]=0x00000000f954ecc8
[2025-08-08T15:30:15.928+0000][581.575s][1][129][trace] GC(94) _eden_chunk_array[164]=0x00000000f95aece8
[2025-08-08T15:30:15.928+0000][581.575s][1][129][trace] GC(94) _eden_chunk_array[165]=0x00000000f95dfd08
[2025-08-08T15:30:15.928+0000][581.575s][1][129][trace] GC(94) _eden_chunk_array[166]=0x00000000f9606700
[2025-08-08T15:30:15.928+0000][581.575s][1][129][trace] GC(94) _eden_chunk_array[167]=0x00000000f9628230
[2025-08-08T15:30:15.928+0000][581.575s][1][129][trace] GC(94) _eden_chunk_array[168]=0x00000000f968de50
[2025-08-08T15:30:15.928+0000][581.575s][1][129][trace] GC(94) _eden_chunk_array[169]=0x00000000f96bbd38
[2025-08-08T15:30:15.928+0000][581.575s][1][129][trace] GC(94) _eden_chunk_array[170]=0x00000000f96dc330
[2025-08-08T15:30:15.928+0000][581.575s][1][129][trace] GC(94) _eden_chunk_array[171]=0x00000000f9707340
[2025-08-08T15:30:15.928+0000][581.575s][1][129][trace] GC(94) _eden_chunk_array[172]=0x00000000f972e680
[2025-08-08T15:30:15.928+0000][581.575s][1][129][trace] GC(94) _eden_chunk_array[173]=0x00000000f97549f0
[2025-08-08T15:30:15.928+0000][581.575s][1][129][trace] GC(94) _eden_chunk_array[174]=0x00000000f97a8820
[2025-08-08T15:30:15.928+0000][581.575s][1][129][trace] GC(94) _eden_chunk_array[175]=0x00000000f97d3398
[2025-08-08T15:30:15.928+0000][581.575s][1][129][trace] GC(94) _eden_chunk_array[176]=0x00000000f97fdf80
[2025-08-08T15:30:15.928+0000][581.575s][1][129][trace] GC(94) _eden_chunk_array[177]=0x00000000f982e178
[2025-08-08T15:30:15.928+0000][581.575s][1][129][trace] GC(94) _eden_chunk_array[178]=0x00000000f9867ce0
[2025-08-08T15:30:15.928+0000][581.575s][1][129][trace] GC(94) _eden_chunk_array[179]=0x00000000f9895300
[2025-08-08T15:30:15.928+0000][581.575s][1][129][trace] GC(94) _eden_chunk_array[180]=0x00000000f98bd008
[2025-08-08T15:30:15.928+0000][581.575s][1][129][trace] GC(94) _eden_chunk_array[181]=0x00000000f98f2fb8
[2025-08-08T15:30:15.928+0000][581.575s][1][129][trace] GC(94) _eden_chunk_array[182]=0x00000000f991acd0
[2025-08-08T15:30:15.928+0000][581.575s][1][129][trace] GC(94) _eden_chunk_array[183]=0x00000000f9961bd8
[2025-08-08T15:30:15.928+0000][581.575s][1][129][trace] GC(94) _eden_chunk_array[184]=0x00000000f9997b80
[2025-08-08T15:30:15.928+0000][581.575s][1][129][trace] GC(94) _eden_chunk_array[185]=0x00000000f99cdb20
[2025-08-08T15:30:15.928+0000][581.575s][1][129][trace] GC(94) _eden_chunk_array[186]=0x00000000f99edb80
[2025-08-08T15:30:15.928+0000][581.575s][1][129][trace] GC(94) _eden_chunk_array[187]=0x00000000f9a0f7d0
[2025-08-08T15:30:15.928+0000][581.575s][1][129][trace] GC(94) _eden_chunk_array[188]=0x00000000f9a60a40
[2025-08-08T15:30:15.928+0000][581.575s][1][129][trace] GC(94) _eden_chunk_array[189]=0x00000000f9a8ad70
[2025-08-08T15:30:15.928+0000][581.575s][1][129][trace] GC(94) _eden_chunk_array[190]=0x00000000f9ad16f0
[2025-08-08T15:30:15.928+0000][581.575s][1][129][trace] GC(94) _eden_chunk_array[191]=0x00000000f9afba48
[2025-08-08T15:30:15.928+0000][581.576s][1][129][trace] GC(94) _eden_chunk_array[192]=0x00000000f9b42c60
[2025-08-08T15:30:15.928+0000][581.576s][1][129][trace] GC(94) _eden_chunk_array[193]=0x00000000f9b70b60
[2025-08-08T15:30:15.928+0000][581.576s][1][129][trace] GC(94) _eden_chunk_array[194]=0x00000000f9b9ea70
[2025-08-08T15:30:15.928+0000][581.576s][1][129][trace] GC(94) _eden_chunk_array[195]=0x00000000f9bcc968
[2025-08-08T15:30:15.928+0000][581.576s][1][129][trace] GC(94) _eden_chunk_array[196]=0x00000000f9bfa870
[2025-08-08T15:30:15.928+0000][581.576s][1][129][trace] GC(94) _eden_chunk_array[197]=0x00000000f9c28768
[2025-08-08T15:30:15.928+0000][581.576s][1][129][trace] GC(94) _eden_chunk_array[198]=0x00000000f9c48e68
[2025-08-08T15:30:15.928+0000][581.576s][1][129][trace] GC(94) _eden_chunk_array[199]=0x00000000f9c74180
[2025-08-08T15:30:15.928+0000][581.576s][1][129][trace] GC(94) _eden_chunk_array[200]=0x00000000f9c985c0
[2025-08-08T15:30:15.928+0000][581.576s][1][129][trace] GC(94) _eden_chunk_array[201]=0x00000000f9ce9f48
[2025-08-08T15:30:15.928+0000][581.576s][1][129][trace] GC(94) _eden_chunk_array[202]=0x00000000f9d12820
[2025-08-08T15:30:15.928+0000][581.576s][1][129][trace] GC(94) _eden_chunk_array[203]=0x00000000f9d4b4a0
[2025-08-08T15:30:15.928+0000][581.576s][1][129][trace] GC(94) _eden_chunk_array[204]=0x00000000f9d840e8
[2025-08-08T15:30:15.928+0000][581.576s][1][129][trace] GC(94) _eden_chunk_array[205]=0x00000000f9dbf798
[2025-08-08T15:30:15.928+0000][581.576s][1][129][trace] GC(94) _eden_chunk_array[206]=0x00000000f9dfae38
[2025-08-08T15:30:15.928+0000][581.576s][1][129][trace] GC(94) _eden_chunk_array[207]=0x00000000f9e33a88
[2025-08-08T15:30:15.928+0000][581.576s][1][129][trace] GC(94) _eden_chunk_array[208]=0x00000000f9e54b10
[2025-08-08T15:30:15.928+0000][581.576s][1][129][trace] GC(94) _eden_chunk_array[209]=0x00000000f9eb6cf8
[2025-08-08T15:30:15.928+0000][581.576s][1][129][trace] GC(94) _eden_chunk_array[210]=0x00000000f9f1d658
[2025-08-08T15:30:15.928+0000][581.576s][1][129][trace] GC(94) _eden_chunk_array[211]=0x00000000f9f3ff08
[2025-08-08T15:30:15.928+0000][581.576s][1][129][trace] GC(94) _eden_chunk_array[212]=0x00000000f9f60798
[2025-08-08T15:30:15.928+0000][581.576s][1][129][trace] GC(94) _eden_chunk_array[213]=0x00000000f9f8ddd0
[2025-08-08T15:30:15.928+0000][581.576s][1][129][trace] GC(94) _eden_chunk_array[214]=0x00000000f9fb78f8
[2025-08-08T15:30:15.928+0000][581.576s][1][129][trace] GC(94) _eden_chunk_array[215]=0x00000000f9fe9b10
[2025-08-08T15:30:15.928+0000][581.576s][1][129][trace] GC(94) _eden_chunk_array[216]=0x00000000fa013e58
[2025-08-08T15:30:15.928+0000][581.576s][1][129][trace] GC(94) _eden_chunk_array[217]=0x00000000fa03bb70
[2025-08-08T15:30:15.928+0000][581.576s][1][129][trace] GC(94) _eden_chunk_array[218]=0x00000000fa063890
[2025-08-08T15:30:15.928+0000][581.576s][1][129][trace] GC(94) _eden_chunk_array[219]=0x00000000fa0aaab0
[2025-08-08T15:30:15.928+0000][581.576s][1][129][trace] GC(94) _eden_chunk_array[220]=0x00000000fa0e2618
[2025-08-08T15:30:15.928+0000][581.576s][1][129][trace] GC(94) _eden_chunk_array[221]=0x00000000fa1185b0
[2025-08-08T15:30:15.928+0000][581.576s][1][129][trace] GC(94) _eden_chunk_array[222]=0x00000000fa14e7f0
[2025-08-08T15:30:15.928+0000][581.576s][1][129][trace] GC(94) _eden_chunk_array[223]=0x00000000fa184790
[2025-08-08T15:30:15.928+0000][581.576s][1][129][trace] GC(94) _eden_chunk_array[224]=0x00000000fa1aa238
[2025-08-08T15:30:15.928+0000][581.576s][1][129][trace] GC(94) _eden_chunk_array[225]=0x00000000fa1d0718
[2025-08-08T15:30:15.928+0000][581.576s][1][129][trace] GC(94) _eden_chunk_array[226]=0x00000000fa1f12b8
[2025-08-08T15:30:15.928+0000][581.576s][1][129][trace] GC(94) _eden_chunk_array[227]=0x00000000fa240490
[2025-08-08T15:30:15.928+0000][581.576s][1][129][trace] GC(94) _eden_chunk_array[228]=0x00000000fa270f58
[2025-08-08T15:30:15.928+0000][581.576s][1][129][trace] GC(94) _eden_chunk_array[229]=0x00000000fa2a35c0
[2025-08-08T15:30:15.928+0000][581.576s][1][129][trace] GC(94) _eden_chunk_array[230]=0x00000000fa2c77a0
[2025-08-08T15:30:15.928+0000][581.576s][1][129][trace] GC(94) _eden_chunk_array[231]=0x00000000fa2ebd18
[2025-08-08T15:30:15.928+0000][581.576s][1][129][trace] GC(94) _eden_chunk_array[232]=0x00000000fa310298
[2025-08-08T15:30:15.928+0000][581.576s][1][129][trace] GC(94) _eden_chunk_array[233]=0x00000000fa3574b0
[2025-08-08T15:30:15.928+0000][581.576s][1][129][trace] GC(94) _eden_chunk_array[234]=0x00000000fa378140
[2025-08-08T15:30:15.928+0000][581.576s][1][129][trace] GC(94) _eden_chunk_array[235]=0x00000000fa3b6240
[2025-08-08T15:30:15.928+0000][581.576s][1][129][trace] GC(94) _eden_chunk_array[236]=0x00000000fa3f4350
[2025-08-08T15:30:15.928+0000][581.576s][1][129][trace] GC(94) _eden_chunk_array[237]=0x00000000fa432458
[2025-08-08T15:30:15.928+0000][581.576s][1][129][trace] GC(94) _eden_chunk_array[238]=0x00000000fa452778
[2025-08-08T15:30:15.928+0000][581.576s][1][129][trace] GC(94) _eden_chunk_array[239]=0x00000000fa472900
[2025-08-08T15:30:15.928+0000][581.576s][1][129][trace] GC(94) _eden_chunk_array[240]=0x00000000fa4c57b0
[2025-08-08T15:30:15.928+0000][581.576s][1][129][trace] GC(94) _eden_chunk_array[241]=0x00000000fa4f9720
[2025-08-08T15:30:15.928+0000][581.576s][1][129][trace] GC(94) _eden_chunk_array[242]=0x00000000fa523aa8
[2025-08-08T15:30:15.928+0000][581.576s][1][129][trace] GC(94) _eden_chunk_array[243]=0x00000000fa544b70
[2025-08-08T15:30:15.928+0000][581.576s][1][129][trace] GC(94) _eden_chunk_array[244]=0x00000000fa57c420
[2025-08-08T15:30:15.928+0000][581.576s][1][129][trace] GC(94) _eden_chunk_array[245]=0x00000000fa5b2030
[2025-08-08T15:30:15.928+0000][581.576s][1][129][trace] GC(94) _eden_chunk_array[246]=0x00000000fa5f9248
[2025-08-08T15:30:15.929+0000][581.576s][1][129][trace] GC(94) _eden_chunk_array[247]=0x00000000fa62f1c8
[2025-08-08T15:30:15.929+0000][581.576s][1][129][trace] GC(94) _eden_chunk_array[248]=0x00000000fa665150
[2025-08-08T15:30:15.929+0000][581.576s][1][129][trace] GC(94) _eden_chunk_array[249]=0x00000000fa69b110
[2025-08-08T15:30:15.929+0000][581.576s][1][129][trace] GC(94) _eden_chunk_array[250]=0x00000000fa6d10b0
[2025-08-08T15:30:15.929+0000][581.576s][1][129][trace] GC(94) _eden_chunk_array[251]=0x00000000fa6f3ae0
[2025-08-08T15:30:15.929+0000][581.576s][1][129][trace] GC(94) _eden_chunk_array[252]=0x00000000fa714e68
[2025-08-08T15:30:15.929+0000][581.576s][1][129][trace] GC(94) _eden_chunk_array[253]=0x00000000fa760e88
[2025-08-08T15:30:15.929+0000][581.576s][1][129][trace] GC(94) _eden_chunk_array[254]=0x00000000fa796470
[2025-08-08T15:30:15.929+0000][581.576s][1][129][trace] GC(94) _eden_chunk_array[255]=0x00000000fa7b9c58
[2025-08-08T15:30:15.929+0000][581.576s][1][129][trace] GC(94) _eden_chunk_array[256]=0x00000000fa8009f0
[2025-08-08T15:30:15.929+0000][581.576s][1][129][trace] GC(94) _eden_chunk_array[257]=0x00000000fa821fc8
[2025-08-08T15:30:15.929+0000][581.576s][1][129][trace] GC(94) _eden_chunk_array[258]=0x00000000fa84fed0
[2025-08-08T15:30:15.929+0000][581.576s][1][129][trace] GC(94) _eden_chunk_array[259]=0x00000000fa87ddc8
[2025-08-08T15:30:15.929+0000][581.576s][1][129][trace] GC(94) _eden_chunk_array[260]=0x00000000fa8d8c60
[2025-08-08T15:30:15.929+0000][581.576s][1][129][trace] GC(94) _eden_chunk_array[261]=0x00000000fa906b38
[2025-08-08T15:30:15.929+0000][581.576s][1][129][trace] GC(94) _eden_chunk_array[262]=0x00000000fa934a68
[2025-08-08T15:30:15.929+0000][581.576s][1][129][trace] GC(94) _eden_chunk_array[263]=0x00000000fa955138
[2025-08-08T15:30:15.929+0000][581.576s][1][129][trace] GC(94) _eden_chunk_array[264]=0x00000000fa9a3020
[2025-08-08T15:30:15.929+0000][581.576s][1][129][trace] GC(94) _eden_chunk_array[265]=0x00000000fa9ca970
[2025-08-08T15:30:15.929+0000][581.576s][1][129][trace] GC(94) _eden_chunk_array[266]=0x00000000fa9eb948
[2025-08-08T15:30:15.929+0000][581.576s][1][129][trace] GC(94) _eden_chunk_array[267]=0x00000000faa22858
[2025-08-08T15:30:15.929+0000][581.576s][1][129][trace] GC(94) _eden_chunk_array[268]=0x00000000faa5b488
[2025-08-08T15:30:15.929+0000][581.576s][1][129][trace] GC(94) _eden_chunk_array[269]=0x00000000faa80948
[2025-08-08T15:30:15.929+0000][581.576s][1][129][trace] GC(94) _eden_chunk_array[270]=0x00000000faaa2468
[2025-08-08T15:30:15.929+0000][581.576s][1][129][trace] GC(94) _eden_chunk_array[271]=0x00000000faad0370
[2025-08-08T15:30:15.929+0000][581.576s][1][129][trace] GC(94) _eden_chunk_array[272]=0x00000000fab1bd20
[2025-08-08T15:30:15.929+0000][581.576s][1][129][trace] GC(94) _eden_chunk_array[273]=0x00000000fab41778
[2025-08-08T15:30:15.929+0000][581.576s][1][129][trace] GC(94) _eden_chunk_array[274]=0x00000000faba35d8
[2025-08-08T15:30:15.929+0000][581.576s][1][129][trace] GC(94) _eden_chunk_array[275]=0x00000000fabc3b90
[2025-08-08T15:30:15.929+0000][581.576s][1][129][trace] GC(94) _eden_chunk_array[276]=0x00000000fabf1ac0
[2025-08-08T15:30:15.929+0000][581.576s][1][129][trace] GC(94) _eden_chunk_array[277]=0x00000000fac1f9c0
[2025-08-08T15:30:15.929+0000][581.576s][1][129][trace] GC(94) _eden_chunk_array[278]=0x00000000fac43458
[2025-08-08T15:30:15.929+0000][581.576s][1][129][trace] GC(94) _eden_chunk_array[279]=0x00000000fac664a0
[2025-08-08T15:30:15.929+0000][581.576s][1][129][trace] GC(94) _eden_chunk_array[280]=0x00000000faca8880
[2025-08-08T15:30:15.929+0000][581.576s][1][129][trace] GC(94) _eden_chunk_array[281]=0x00000000facdfad8
[2025-08-08T15:30:15.929+0000][581.576s][1][129][trace] GC(94) _eden_chunk_array[282]=0x00000000fad04058
[2025-08-08T15:30:15.929+0000][581.576s][1][129][trace] GC(94) _eden_chunk_array[283]=0x00000000fad3c618
[2025-08-08T15:30:15.929+0000][581.576s][1][129][trace] GC(94) _eden_chunk_array[284]=0x00000000fad83830
[2025-08-08T15:30:15.929+0000][581.576s][1][129][trace] GC(94) _eden_chunk_array[285]=0x00000000fadebdb8
[2025-08-08T15:30:15.929+0000][581.576s][1][129][trace] GC(94) _eden_chunk_array[286]=0x00000000fae21d50
[2025-08-08T15:30:15.929+0000][581.576s][1][129][trace] GC(94) _eden_chunk_array[287]=0x00000000fae57cf0
[2025-08-08T15:30:15.929+0000][581.576s][1][129][trace] GC(94) _eden_chunk_array[288]=0x00000000fae78468
[2025-08-08T15:30:15.929+0000][581.576s][1][129][trace] GC(94) _eden_chunk_array[289]=0x00000000faebf670
[2025-08-08T15:30:15.929+0000][581.576s][1][129][trace] GC(94) _eden_chunk_array[290]=0x00000000faee8840
[2025-08-08T15:30:15.929+0000][581.576s][1][129][trace] GC(94) _eden_chunk_array[291]=0x00000000faf08cc0
[2025-08-08T15:30:15.929+0000][581.576s][1][129][trace] GC(94) survivor 0x00000000fd410000-0x00000000fd410000-0x00000000fe780000(20381696)
[2025-08-08T15:30:15.929+0000][581.576s][1][129][trace] GC(94) _survivor_chunk_index=0, _survivor_chunk_capacity=9952
[2025-08-08T15:30:15.959+0000][581.606s][1][129][info ] GC(94) Pause Initial Mark 124M->124M(180M) 31.929ms
[2025-08-08T15:30:15.959+0000][581.606s][1][129][info ] Leaving safepoint region
[2025-08-08T15:30:15.959+0000][581.606s][1][129][info ] Total time for which application threads were stopped: 0.0322672 seconds, Stopping threads took: 0.0000418 seconds
[2025-08-08T15:30:15.959+0000][581.606s][1][128][info ] GC(94) Concurrent Mark
[2025-08-08T15:30:15.963+0000][581.610s][1][128][info ] GC(94) Concurrent Mark 4.085ms
[2025-08-08T15:30:15.963+0000][581.610s][1][128][info ] GC(94) Concurrent Preclean
[2025-08-08T15:30:15.963+0000][581.611s][1][128][info ] GC(94) Concurrent Preclean 0.371ms
[2025-08-08T15:30:15.963+0000][581.611s][1][128][info ] GC(94) Concurrent Abortable Preclean
[2025-08-08T15:30:15.963+0000][581.611s][1][128][trace] CMS: promo attempt is not safe: available(24) < av_promo(2795063), max_promo(124816576)
[2025-08-08T15:30:15.963+0000][581.611s][1][128][info ] GC(94) Concurrent Abortable Preclean 0.023ms
[2025-08-08T15:30:15.963+0000][581.611s][1][129][info ] Application time: 0.0047777 seconds
[2025-08-08T15:30:15.964+0000][581.611s][1][129][info ] Entering safepoint region: CMS_Final_Remark
[2025-08-08T15:30:15.964+0000][581.611s][1][129][trace] GC(94) eden 0x00000000f3800000-0x00000000faf08cc0-0x00000000fd410000(163643392)
[2025-08-08T15:30:15.964+0000][581.611s][1][129][trace] GC(94) _eden_chunk_index=292, _eden_chunk_capacity=11233
[2025-08-08T15:30:15.964+0000][581.611s][1][129][trace] GC(94) _eden_chunk_array[0]=0x00000000f73f9200
[2025-08-08T15:30:15.964+0000][581.611s][1][129][trace] GC(94) _eden_chunk_array[1]=0x00000000f74247b8
[2025-08-08T15:30:15.964+0000][581.611s][1][129][trace] GC(94) _eden_chunk_array[2]=0x00000000f7453930
[2025-08-08T15:30:15.964+0000][581.611s][1][129][trace] GC(94) _eden_chunk_array[3]=0x00000000f747dc68
[2025-08-08T15:30:15.964+0000][581.611s][1][129][trace] GC(94) _eden_chunk_array[4]=0x00000000f74ad020
[2025-08-08T15:30:15.964+0000][581.611s][1][129][trace] GC(94) _eden_chunk_array[5]=0x00000000f74d6e28
[2025-08-08T15:30:15.964+0000][581.611s][1][129][trace] GC(94) _eden_chunk_array[6]=0x00000000f74feb48
[2025-08-08T15:30:15.964+0000][581.611s][1][129][trace] GC(94) _eden_chunk_array[7]=0x00000000f7534cd8
[2025-08-08T15:30:15.964+0000][581.611s][1][129][trace] GC(94) _eden_chunk_array[8]=0x00000000f7554e70
[2025-08-08T15:30:15.964+0000][581.611s][1][129][trace] GC(94) _eden_chunk_array[9]=0x00000000f758a818
[2025-08-08T15:30:15.964+0000][581.611s][1][129][trace] GC(94) _eden_chunk_array[10]=0x00000000f75b8710
[2025-08-08T15:30:15.964+0000][581.611s][1][129][trace] GC(94) _eden_chunk_array[11]=0x00000000f75ff918
[2025-08-08T15:30:15.964+0000][581.611s][1][129][trace] GC(94) _eden_chunk_array[12]=0x00000000f7636b78
[2025-08-08T15:30:15.964+0000][581.611s][1][129][trace] GC(94) _eden_chunk_array[13]=0x00000000f767dd90
[2025-08-08T15:30:15.964+0000][581.611s][1][129][trace] GC(94) _eden_chunk_array[14]=0x00000000f76e4388
[2025-08-08T15:30:15.964+0000][581.611s][1][129][trace] GC(94) _eden_chunk_array[15]=0x00000000f7719c08
[2025-08-08T15:30:15.964+0000][581.611s][1][129][trace] GC(94) _eden_chunk_array[16]=0x00000000f774f498
[2025-08-08T15:30:15.964+0000][581.611s][1][129][trace] GC(94) _eden_chunk_array[17]=0x00000000f7784d40
[2025-08-08T15:30:15.964+0000][581.611s][1][129][trace] GC(94) _eden_chunk_array[18]=0x00000000f77ab4a0
[2025-08-08T15:30:15.964+0000][581.611s][1][129][trace] GC(94) _eden_chunk_array[19]=0x00000000f77cf2b0
[2025-08-08T15:30:15.964+0000][581.611s][1][129][trace] GC(94) _eden_chunk_array[20]=0x00000000f77f2938
[2025-08-08T15:30:15.964+0000][581.611s][1][129][trace] GC(94) _eden_chunk_array[21]=0x00000000f782c488
[2025-08-08T15:30:15.964+0000][581.611s][1][129][trace] GC(94) _eden_chunk_array[22]=0x00000000f7859ad0
[2025-08-08T15:30:15.964+0000][581.611s][1][129][trace] GC(94) _eden_chunk_array[23]=0x00000000f7890740
[2025-08-08T15:30:15.964+0000][581.611s][1][129][trace] GC(94) _eden_chunk_array[24]=0x00000000f78f70b0
[2025-08-08T15:30:15.964+0000][581.611s][1][129][trace] GC(94) _eden_chunk_array[25]=0x00000000f792d058
[2025-08-08T15:30:15.964+0000][581.611s][1][129][trace] GC(94) _eden_chunk_array[26]=0x00000000f7964c08
[2025-08-08T15:30:15.964+0000][581.611s][1][129][trace] GC(94) _eden_chunk_array[27]=0x00000000f7985bb0
[2025-08-08T15:30:15.964+0000][581.611s][1][129][trace] GC(94) _eden_chunk_array[28]=0x00000000f79ccdc8
[2025-08-08T15:30:15.964+0000][581.611s][1][129][trace] GC(94) _eden_chunk_array[29]=0x00000000f79fd778
[2025-08-08T15:30:15.964+0000][581.611s][1][129][trace] GC(94) _eden_chunk_array[30]=0x00000000f7a251b0
[2025-08-08T15:30:15.964+0000][581.611s][1][129][trace] GC(94) _eden_chunk_array[31]=0x00000000f7a8f220
[2025-08-08T15:30:15.964+0000][581.611s][1][129][trace] GC(94) _eden_chunk_array[32]=0x00000000f7abcfa0
[2025-08-08T15:30:15.964+0000][581.611s][1][129][trace] GC(94) _eden_chunk_array[33]=0x00000000f7b041c8
[2025-08-08T15:30:15.964+0000][581.612s][1][129][trace] GC(94) _eden_chunk_array[34]=0x00000000f7b32af8
[2025-08-08T15:30:15.964+0000][581.612s][1][129][trace] GC(94) _eden_chunk_array[35]=0x00000000f7b55750
[2025-08-08T15:30:15.964+0000][581.612s][1][129][trace] GC(94) _eden_chunk_array[36]=0x00000000f7b8f420
[2025-08-08T15:30:15.964+0000][581.612s][1][129][trace] GC(94) _eden_chunk_array[37]=0x00000000f7bb7128
[2025-08-08T15:30:15.964+0000][581.612s][1][129][trace] GC(94) _eden_chunk_array[38]=0x00000000f7bf9a90
[2025-08-08T15:30:15.964+0000][581.612s][1][129][trace] GC(94) _eden_chunk_array[39]=0x00000000f7c2f338
[2025-08-08T15:30:15.964+0000][581.612s][1][129][trace] GC(94) _eden_chunk_array[40]=0x00000000f7c64bd0
[2025-08-08T15:30:15.964+0000][581.612s][1][129][trace] GC(94) _eden_chunk_array[41]=0x00000000f7c9a478
[2025-08-08T15:30:15.964+0000][581.612s][1][129][trace] GC(94) _eden_chunk_array[42]=0x00000000f7ccdea0
[2025-08-08T15:30:15.964+0000][581.612s][1][129][trace] GC(94) _eden_chunk_array[43]=0x00000000f7cef8c0
[2025-08-08T15:30:15.964+0000][581.612s][1][129][trace] GC(94) _eden_chunk_array[44]=0x00000000f7d28840
[2025-08-08T15:30:15.964+0000][581.612s][1][129][trace] GC(94) _eden_chunk_array[45]=0x00000000f7d52ba0
[2025-08-08T15:30:15.964+0000][581.612s][1][129][trace] GC(94) _eden_chunk_array[46]=0x00000000f7d924a8
[2025-08-08T15:30:15.964+0000][581.612s][1][129][trace] GC(94) _eden_chunk_array[47]=0x00000000f7ddde58
[2025-08-08T15:30:15.964+0000][581.612s][1][129][trace] GC(94) _eden_chunk_array[48]=0x00000000f7e25078
[2025-08-08T15:30:15.964+0000][581.612s][1][129][trace] GC(94) _eden_chunk_array[49]=0x00000000f7e53a48
[2025-08-08T15:30:15.964+0000][581.612s][1][129][trace] GC(94) _eden_chunk_array[50]=0x00000000f7e82418
[2025-08-08T15:30:15.964+0000][581.612s][1][129][trace] GC(94) _eden_chunk_array[51]=0x00000000f7eb0de0
[2025-08-08T15:30:15.964+0000][581.612s][1][129][trace] GC(94) _eden_chunk_array[52]=0x00000000f7edf7d0
[2025-08-08T15:30:15.964+0000][581.612s][1][129][trace] GC(94) _eden_chunk_array[53]=0x00000000f7f1b0b8
[2025-08-08T15:30:15.964+0000][581.612s][1][129][trace] GC(94) _eden_chunk_array[54]=0x00000000f7f44d00
[2025-08-08T15:30:15.964+0000][581.612s][1][129][trace] GC(94) _eden_chunk_array[55]=0x00000000f7f66170
[2025-08-08T15:30:15.964+0000][581.612s][1][129][trace] GC(94) _eden_chunk_array[56]=0x00000000f7f8e538
[2025-08-08T15:30:15.964+0000][581.612s][1][129][trace] GC(94) _eden_chunk_array[57]=0x00000000f7fb15d0
[2025-08-08T15:30:15.964+0000][581.612s][1][129][trace] GC(94) _eden_chunk_array[58]=0x00000000f7fd57d0
[2025-08-08T15:30:15.964+0000][581.612s][1][129][trace] GC(94) _eden_chunk_array[59]=0x00000000f8010e90
[2025-08-08T15:30:15.964+0000][581.612s][1][129][trace] GC(94) _eden_chunk_array[60]=0x00000000f8041ae0
[2025-08-08T15:30:15.964+0000][581.612s][1][129][trace] GC(94) _eden_chunk_array[61]=0x00000000f8062088
[2025-08-08T15:30:15.964+0000][581.612s][1][129][trace] GC(94) _eden_chunk_array[62]=0x00000000f80a92a8
[2025-08-08T15:30:15.964+0000][581.612s][1][129][trace] GC(94) _eden_chunk_array[63]=0x00000000f80d7198
[2025-08-08T15:30:15.964+0000][581.612s][1][129][trace] GC(94) _eden_chunk_array[64]=0x00000000f80f80c0
[2025-08-08T15:30:15.964+0000][581.612s][1][129][trace] GC(94) _eden_chunk_array[65]=0x00000000f8125fa0
[2025-08-08T15:30:15.964+0000][581.612s][1][129][trace] GC(94) _eden_chunk_array[66]=0x00000000f8153e90
[2025-08-08T15:30:15.964+0000][581.612s][1][129][trace] GC(94) _eden_chunk_array[67]=0x00000000f8174ae8
[2025-08-08T15:30:15.964+0000][581.612s][1][129][trace] GC(94) _eden_chunk_array[68]=0x00000000f819b990
[2025-08-08T15:30:15.964+0000][581.612s][1][129][trace] GC(94) _eden_chunk_array[69]=0x00000000f81bba80
[2025-08-08T15:30:15.964+0000][581.612s][1][129][trace] GC(94) _eden_chunk_array[70]=0x00000000f820f900
[2025-08-08T15:30:15.964+0000][581.612s][1][129][trace] GC(94) _eden_chunk_array[71]=0x00000000f823d620
[2025-08-08T15:30:15.964+0000][581.612s][1][129][trace] GC(94) _eden_chunk_array[72]=0x00000000f8262ba8
[2025-08-08T15:30:15.964+0000][581.612s][1][129][trace] GC(94) _eden_chunk_array[73]=0x00000000f82ab2f8
[2025-08-08T15:30:15.964+0000][581.612s][1][129][trace] GC(94) _eden_chunk_array[74]=0x00000000f8311588
[2025-08-08T15:30:15.964+0000][581.612s][1][129][trace] GC(94) _eden_chunk_array[75]=0x00000000f834f680
[2025-08-08T15:30:15.964+0000][581.612s][1][129][trace] GC(94) _eden_chunk_array[76]=0x00000000f8373c00
[2025-08-08T15:30:15.964+0000][581.612s][1][129][trace] GC(94) _eden_chunk_array[77]=0x00000000f83b1d38
[2025-08-08T15:30:15.964+0000][581.612s][1][129][trace] GC(94) _eden_chunk_array[78]=0x00000000f83d29e0
[2025-08-08T15:30:15.964+0000][581.612s][1][129][trace] GC(94) _eden_chunk_array[79]=0x00000000f843d9b0
[2025-08-08T15:30:15.964+0000][581.612s][1][129][trace] GC(94) _eden_chunk_array[80]=0x00000000f8470448
[2025-08-08T15:30:15.964+0000][581.612s][1][129][trace] GC(94) _eden_chunk_array[81]=0x00000000f8494218
[2025-08-08T15:30:15.964+0000][581.612s][1][129][trace] GC(94) _eden_chunk_array[82]=0x00000000f84b46a0
[2025-08-08T15:30:15.964+0000][581.612s][1][129][trace] GC(94) _eden_chunk_array[83]=0x00000000f84df640
[2025-08-08T15:30:15.964+0000][581.612s][1][129][trace] GC(94) _eden_chunk_array[84]=0x00000000f8503248
[2025-08-08T15:30:15.964+0000][581.612s][1][129][trace] GC(94) _eden_chunk_array[85]=0x00000000f8525dd0
[2025-08-08T15:30:15.964+0000][581.612s][1][129][trace] GC(94) _eden_chunk_array[86]=0x00000000f8549fb0
[2025-08-08T15:30:15.964+0000][581.612s][1][129][trace] GC(94) _eden_chunk_array[87]=0x00000000f8593700
[2025-08-08T15:30:15.964+0000][581.612s][1][129][trace] GC(94) _eden_chunk_array[88]=0x00000000f85b6e98
[2025-08-08T15:30:15.964+0000][581.612s][1][129][trace] GC(94) _eden_chunk_array[89]=0x00000000f85da628
[2025-08-08T15:30:15.964+0000][581.612s][1][129][trace] GC(94) _eden_chunk_array[90]=0x00000000f8637ba0
[2025-08-08T15:30:15.964+0000][581.612s][1][129][trace] GC(94) _eden_chunk_array[91]=0x00000000f865b350
[2025-08-08T15:30:15.964+0000][581.612s][1][129][trace] GC(94) _eden_chunk_array[92]=0x00000000f867eaf8
[2025-08-08T15:30:15.964+0000][581.612s][1][129][trace] GC(94) _eden_chunk_array[93]=0x00000000f86a22b0
[2025-08-08T15:30:15.964+0000][581.612s][1][129][trace] GC(94) _eden_chunk_array[94]=0x00000000f86ce2b8
[2025-08-08T15:30:15.964+0000][581.612s][1][129][trace] GC(94) _eden_chunk_array[95]=0x00000000f871be30
[2025-08-08T15:30:15.964+0000][581.612s][1][129][trace] GC(94) _eden_chunk_array[96]=0x00000000f873c650
[2025-08-08T15:30:15.964+0000][581.612s][1][129][trace] GC(94) _eden_chunk_array[97]=0x00000000f877a548
[2025-08-08T15:30:15.965+0000][581.612s][1][129][trace] GC(94) _eden_chunk_array[98]=0x00000000f87ab198
[2025-08-08T15:30:15.965+0000][581.612s][1][129][trace] GC(94) _eden_chunk_array[99]=0x00000000f87cdba8
[2025-08-08T15:30:15.965+0000][581.612s][1][129][trace] GC(94) _eden_chunk_array[100]=0x00000000f87ff268
[2025-08-08T15:30:15.965+0000][581.612s][1][129][trace] GC(94) _eden_chunk_array[101]=0x00000000f8820d80
[2025-08-08T15:30:15.965+0000][581.612s][1][129][trace] GC(94) _eden_chunk_array[102]=0x00000000f885e7f8
[2025-08-08T15:30:15.965+0000][581.612s][1][129][trace] GC(94) _eden_chunk_array[103]=0x00000000f88976c8
[2025-08-08T15:30:15.965+0000][581.612s][1][129][trace] GC(94) _eden_chunk_array[104]=0x00000000f88e3080
[2025-08-08T15:30:15.965+0000][581.612s][1][129][trace] GC(94) _eden_chunk_array[105]=0x00000000f8910f80
[2025-08-08T15:30:15.965+0000][581.612s][1][129][trace] GC(94) _eden_chunk_array[106]=0x00000000f893eeb0
[2025-08-08T15:30:15.965+0000][581.612s][1][129][trace] GC(94) _eden_chunk_array[107]=0x00000000f89a4ac8
[2025-08-08T15:30:15.965+0000][581.612s][1][129][trace] GC(94) _eden_chunk_array[108]=0x00000000f89cb8e0
[2025-08-08T15:30:15.965+0000][581.612s][1][129][trace] GC(94) _eden_chunk_array[109]=0x00000000f89ec060
[2025-08-08T15:30:15.965+0000][581.612s][1][129][trace] GC(94) _eden_chunk_array[110]=0x00000000f8a448d8
[2025-08-08T15:30:15.965+0000][581.612s][1][129][trace] GC(94) _eden_chunk_array[111]=0x00000000f8a6cea8
[2025-08-08T15:30:15.965+0000][581.612s][1][129][trace] GC(94) _eden_chunk_array[112]=0x00000000f8a9c180
[2025-08-08T15:30:15.965+0000][581.612s][1][129][trace] GC(94) _eden_chunk_array[113]=0x00000000f8abe1a8
[2025-08-08T15:30:15.965+0000][581.612s][1][129][trace] GC(94) _eden_chunk_array[114]=0x00000000f8af4148
[2025-08-08T15:30:15.965+0000][581.612s][1][129][trace] GC(94) _eden_chunk_array[115]=0x00000000f8b5a148
[2025-08-08T15:30:15.965+0000][581.612s][1][129][trace] GC(94) _eden_chunk_array[116]=0x00000000f8ba1368
[2025-08-08T15:30:15.965+0000][581.612s][1][129][trace] GC(94) _eden_chunk_array[117]=0x00000000f8bdf490
[2025-08-08T15:30:15.965+0000][581.612s][1][129][trace] GC(94) _eden_chunk_array[118]=0x00000000f8c1d598
[2025-08-08T15:30:15.965+0000][581.612s][1][129][trace] GC(94) _eden_chunk_array[119]=0x00000000f8c5b698
[2025-08-08T15:30:15.965+0000][581.612s][1][129][trace] GC(94) _eden_chunk_array[120]=0x00000000f8c7b880
[2025-08-08T15:30:15.965+0000][581.612s][1][129][trace] GC(94) _eden_chunk_array[121]=0x00000000f8cad368
[2025-08-08T15:30:15.965+0000][581.612s][1][129][trace] GC(94) _eden_chunk_array[122]=0x00000000f8ccde78
[2025-08-08T15:30:15.965+0000][581.612s][1][129][trace] GC(94) _eden_chunk_array[123]=0x00000000f8cf5a38
[2025-08-08T15:30:15.965+0000][581.612s][1][129][trace] GC(94) _eden_chunk_array[124]=0x00000000f8d26178
[2025-08-08T15:30:15.965+0000][581.612s][1][129][trace] GC(94) _eden_chunk_array[125]=0x00000000f8d49900
[2025-08-08T15:30:15.965+0000][581.612s][1][129][trace] GC(94) _eden_chunk_array[126]=0x00000000f8d8b1f8
[2025-08-08T15:30:15.965+0000][581.612s][1][129][trace] GC(94) _eden_chunk_array[127]=0x00000000f8db2f10
[2025-08-08T15:30:15.965+0000][581.612s][1][129][trace] GC(94) _eden_chunk_array[128]=0x00000000f8de18e0
[2025-08-08T15:30:15.965+0000][581.612s][1][129][trace] GC(94) _eden_chunk_array[129]=0x00000000f8e18b48
[2025-08-08T15:30:15.965+0000][581.612s][1][129][trace] GC(94) _eden_chunk_array[130]=0x00000000f8e6f270
[2025-08-08T15:30:15.965+0000][581.612s][1][129][trace] GC(94) _eden_chunk_array[131]=0x00000000f8ebac10
[2025-08-08T15:30:15.965+0000][581.612s][1][129][trace] GC(94) _eden_chunk_array[132]=0x00000000f8f065c8
[2025-08-08T15:30:15.965+0000][581.612s][1][129][trace] GC(94) _eden_chunk_array[133]=0x00000000f8f51f80
[2025-08-08T15:30:15.965+0000][581.612s][1][129][trace] GC(94) _eden_chunk_array[134]=0x00000000f8f72620
[2025-08-08T15:30:15.965+0000][581.612s][1][129][trace] GC(94) _eden_chunk_array[135]=0x00000000f8fa4040
[2025-08-08T15:30:15.965+0000][581.612s][1][129][trace] GC(94) _eden_chunk_array[136]=0x00000000f8fc4d88
[2025-08-08T15:30:15.965+0000][581.612s][1][129][trace] GC(94) _eden_chunk_array[137]=0x00000000f8fec538
[2025-08-08T15:30:15.965+0000][581.612s][1][129][trace] GC(94) _eden_chunk_array[138]=0x00000000f902a638
[2025-08-08T15:30:15.965+0000][581.612s][1][129][trace] GC(94) _eden_chunk_array[139]=0x00000000f9058bc8
[2025-08-08T15:30:15.965+0000][581.612s][1][129][trace] GC(94) _eden_chunk_array[140]=0x00000000f9091800
[2025-08-08T15:30:15.965+0000][581.612s][1][129][trace] GC(94) _eden_chunk_array[141]=0x00000000f90dd1b8
[2025-08-08T15:30:15.965+0000][581.612s][1][129][trace] GC(94) _eden_chunk_array[142]=0x00000000f91409f8
[2025-08-08T15:30:15.965+0000][581.612s][1][129][trace] GC(94) _eden_chunk_array[143]=0x00000000f9179640
[2025-08-08T15:30:15.965+0000][581.612s][1][129][trace] GC(94) _eden_chunk_array[144]=0x00000000f91b3fe8
[2025-08-08T15:30:15.965+0000][581.612s][1][129][trace] GC(94) _eden_chunk_array[145]=0x00000000f91d5010
[2025-08-08T15:30:15.965+0000][581.612s][1][129][trace] GC(94) _eden_chunk_array[146]=0x00000000f91f5710
[2025-08-08T15:30:15.965+0000][581.612s][1][129][trace] GC(94) _eden_chunk_array[147]=0x00000000f92174a0
[2025-08-08T15:30:15.965+0000][581.612s][1][129][trace] GC(94) _eden_chunk_array[148]=0x00000000f9237f28
[2025-08-08T15:30:15.965+0000][581.612s][1][129][trace] GC(94) _eden_chunk_array[149]=0x00000000f9268880
[2025-08-08T15:30:15.965+0000][581.612s][1][129][trace] GC(94) _eden_chunk_array[150]=0x00000000f92b4220
[2025-08-08T15:30:15.965+0000][581.612s][1][129][trace] GC(94) _eden_chunk_array[151]=0x00000000f92d8e90
[2025-08-08T15:30:15.965+0000][581.612s][1][129][trace] GC(94) _eden_chunk_array[152]=0x00000000f9336e68
[2025-08-08T15:30:15.965+0000][581.612s][1][129][trace] GC(94) _eden_chunk_array[153]=0x00000000f936ce70
[2025-08-08T15:30:15.965+0000][581.612s][1][129][trace] GC(94) _eden_chunk_array[154]=0x00000000f93b8810
[2025-08-08T15:30:15.965+0000][581.612s][1][129][trace] GC(94) _eden_chunk_array[155]=0x00000000f93ffa18
[2025-08-08T15:30:15.965+0000][581.612s][1][129][trace] GC(94) _eden_chunk_array[156]=0x00000000f94267a0
[2025-08-08T15:30:15.965+0000][581.612s][1][129][trace] GC(94) _eden_chunk_array[157]=0x00000000f944e4b0
[2025-08-08T15:30:15.965+0000][581.612s][1][129][trace] GC(94) _eden_chunk_array[158]=0x00000000f94761c0
[2025-08-08T15:30:15.965+0000][581.612s][1][129][trace] GC(94) _eden_chunk_array[159]=0x00000000f94984d0
[2025-08-08T15:30:15.965+0000][581.612s][1][129][trace] GC(94) _eden_chunk_array[160]=0x00000000f94c9400
[2025-08-08T15:30:15.965+0000][581.612s][1][129][trace] GC(94) _eden_chunk_array[161]=0x00000000f94f6a80
[2025-08-08T15:30:15.965+0000][581.612s][1][129][trace] GC(94) _eden_chunk_array[162]=0x00000000f9520dc8
[2025-08-08T15:30:15.965+0000][581.612s][1][129][trace] GC(94) _eden_chunk_array[163]=0x00000000f954ecc8
[2025-08-08T15:30:15.965+0000][581.612s][1][129][trace] GC(94) _eden_chunk_array[164]=0x00000000f95aece8
[2025-08-08T15:30:15.965+0000][581.612s][1][129][trace] GC(94) _eden_chunk_array[165]=0x00000000f95dfd08
[2025-08-08T15:30:15.965+0000][581.612s][1][129][trace] GC(94) _eden_chunk_array[166]=0x00000000f9606700
[2025-08-08T15:30:15.965+0000][581.612s][1][129][trace] GC(94) _eden_chunk_array[167]=0x00000000f9628230
[2025-08-08T15:30:15.965+0000][581.612s][1][129][trace] GC(94) _eden_chunk_array[168]=0x00000000f968de50
[2025-08-08T15:30:15.965+0000][581.612s][1][129][trace] GC(94) _eden_chunk_array[169]=0x00000000f96bbd38
[2025-08-08T15:30:15.965+0000][581.612s][1][129][trace] GC(94) _eden_chunk_array[170]=0x00000000f96dc330
[2025-08-08T15:30:15.965+0000][581.612s][1][129][trace] GC(94) _eden_chunk_array[171]=0x00000000f9707340
[2025-08-08T15:30:15.965+0000][581.612s][1][129][trace] GC(94) _eden_chunk_array[172]=0x00000000f972e680
[2025-08-08T15:30:15.965+0000][581.612s][1][129][trace] GC(94) _eden_chunk_array[173]=0x00000000f97549f0
[2025-08-08T15:30:15.965+0000][581.612s][1][129][trace] GC(94) _eden_chunk_array[174]=0x00000000f97a8820
[2025-08-08T15:30:15.965+0000][581.612s][1][129][trace] GC(94) _eden_chunk_array[175]=0x00000000f97d3398
[2025-08-08T15:30:15.965+0000][581.612s][1][129][trace] GC(94) _eden_chunk_array[176]=0x00000000f97fdf80
[2025-08-08T15:30:15.965+0000][581.612s][1][129][trace] GC(94) _eden_chunk_array[177]=0x00000000f982e178
[2025-08-08T15:30:15.965+0000][581.612s][1][129][trace] GC(94) _eden_chunk_array[178]=0x00000000f9867ce0
[2025-08-08T15:30:15.965+0000][581.612s][1][129][trace] GC(94) _eden_chunk_array[179]=0x00000000f9895300
[2025-08-08T15:30:15.965+0000][581.612s][1][129][trace] GC(94) _eden_chunk_array[180]=0x00000000f98bd008
[2025-08-08T15:30:15.965+0000][581.612s][1][129][trace] GC(94) _eden_chunk_array[181]=0x00000000f98f2fb8
[2025-08-08T15:30:15.965+0000][581.612s][1][129][trace] GC(94) _eden_chunk_array[182]=0x00000000f991acd0
[2025-08-08T15:30:15.965+0000][581.612s][1][129][trace] GC(94) _eden_chunk_array[183]=0x00000000f9961bd8
[2025-08-08T15:30:15.965+0000][581.612s][1][129][trace] GC(94) _eden_chunk_array[184]=0x00000000f9997b80
[2025-08-08T15:30:15.965+0000][581.612s][1][129][trace] GC(94) _eden_chunk_array[185]=0x00000000f99cdb20
[2025-08-08T15:30:15.965+0000][581.612s][1][129][trace] GC(94) _eden_chunk_array[186]=0x00000000f99edb80
[2025-08-08T15:30:15.965+0000][581.612s][1][129][trace] GC(94) _eden_chunk_array[187]=0x00000000f9a0f7d0
[2025-08-08T15:30:15.965+0000][581.612s][1][129][trace] GC(94) _eden_chunk_array[188]=0x00000000f9a60a40
[2025-08-08T15:30:15.965+0000][581.612s][1][129][trace] GC(94) _eden_chunk_array[189]=0x00000000f9a8ad70
[2025-08-08T15:30:15.965+0000][581.612s][1][129][trace] GC(94) _eden_chunk_array[190]=0x00000000f9ad16f0
[2025-08-08T15:30:15.965+0000][581.612s][1][129][trace] GC(94) _eden_chunk_array[191]=0x00000000f9afba48
[2025-08-08T15:30:15.965+0000][581.612s][1][129][trace] GC(94) _eden_chunk_array[192]=0x00000000f9b42c60
[2025-08-08T15:30:15.965+0000][581.612s][1][129][trace] GC(94) _eden_chunk_array[193]=0x00000000f9b70b60
[2025-08-08T15:30:15.965+0000][581.612s][1][129][trace] GC(94) _eden_chunk_array[194]=0x00000000f9b9ea70
[2025-08-08T15:30:15.965+0000][581.612s][1][129][trace] GC(94) _eden_chunk_array[195]=0x00000000f9bcc968
[2025-08-08T15:30:15.965+0000][581.612s][1][129][trace] GC(94) _eden_chunk_array[196]=0x00000000f9bfa870
[2025-08-08T15:30:15.965+0000][581.612s][1][129][trace] GC(94) _eden_chunk_array[197]=0x00000000f9c28768
[2025-08-08T15:30:15.965+0000][581.612s][1][129][trace] GC(94) _eden_chunk_array[198]=0x00000000f9c48e68
[2025-08-08T15:30:15.965+0000][581.612s][1][129][trace] GC(94) _eden_chunk_array[199]=0x00000000f9c74180
[2025-08-08T15:30:15.965+0000][581.612s][1][129][trace] GC(94) _eden_chunk_array[200]=0x00000000f9c985c0
[2025-08-08T15:30:15.965+0000][581.612s][1][129][trace] GC(94) _eden_chunk_array[201]=0x00000000f9ce9f48
[2025-08-08T15:30:15.965+0000][581.612s][1][129][trace] GC(94) _eden_chunk_array[202]=0x00000000f9d12820
[2025-08-08T15:30:15.965+0000][581.612s][1][129][trace] GC(94) _eden_chunk_array[203]=0x00000000f9d4b4a0
[2025-08-08T15:30:15.965+0000][581.612s][1][129][trace] GC(94) _eden_chunk_array[204]=0x00000000f9d840e8
[2025-08-08T15:30:15.965+0000][581.612s][1][129][trace] GC(94) _eden_chunk_array[205]=0x00000000f9dbf798
[2025-08-08T15:30:15.965+0000][581.612s][1][129][trace] GC(94) _eden_chunk_array[206]=0x00000000f9dfae38
[2025-08-08T15:30:15.965+0000][581.612s][1][129][trace] GC(94) _eden_chunk_array[207]=0x00000000f9e33a88
[2025-08-08T15:30:15.965+0000][581.612s][1][129][trace] GC(94) _eden_chunk_array[208]=0x00000000f9e54b10
[2025-08-08T15:30:15.965+0000][581.612s][1][129][trace] GC(94) _eden_chunk_array[209]=0x00000000f9eb6cf8
[2025-08-08T15:30:15.965+0000][581.612s][1][129][trace] GC(94) _eden_chunk_array[210]=0x00000000f9f1d658
[2025-08-08T15:30:15.965+0000][581.612s][1][129][trace] GC(94) _eden_chunk_array[211]=0x00000000f9f3ff08
[2025-08-08T15:30:15.965+0000][581.612s][1][129][trace] GC(94) _eden_chunk_array[212]=0x00000000f9f60798
[2025-08-08T15:30:15.965+0000][581.612s][1][129][trace] GC(94) _eden_chunk_array[213]=0x00000000f9f8ddd0
[2025-08-08T15:30:15.965+0000][581.613s][1][129][trace] GC(94) _eden_chunk_array[214]=0x00000000f9fb78f8
[2025-08-08T15:30:15.965+0000][581.613s][1][129][trace] GC(94) _eden_chunk_array[215]=0x00000000f9fe9b10
[2025-08-08T15:30:15.965+0000][581.613s][1][129][trace] GC(94) _eden_chunk_array[216]=0x00000000fa013e58
[2025-08-08T15:30:15.965+0000][581.613s][1][129][trace] GC(94) _eden_chunk_array[217]=0x00000000fa03bb70
[2025-08-08T15:30:15.965+0000][581.613s][1][129][trace] GC(94) _eden_chunk_array[218]=0x00000000fa063890
[2025-08-08T15:30:15.965+0000][581.613s][1][129][trace] GC(94) _eden_chunk_array[219]=0x00000000fa0aaab0
[2025-08-08T15:30:15.965+0000][581.613s][1][129][trace] GC(94) _eden_chunk_array[220]=0x00000000fa0e2618
[2025-08-08T15:30:15.965+0000][581.613s][1][129][trace] GC(94) _eden_chunk_array[221]=0x00000000fa1185b0
[2025-08-08T15:30:15.965+0000][581.613s][1][129][trace] GC(94) _eden_chunk_array[222]=0x00000000fa14e7f0
[2025-08-08T15:30:15.965+0000][581.613s][1][129][trace] GC(94) _eden_chunk_array[223]=0x00000000fa184790
[2025-08-08T15:30:15.965+0000][581.613s][1][129][trace] GC(94) _eden_chunk_array[224]=0x00000000fa1aa238
[2025-08-08T15:30:15.965+0000][581.613s][1][129][trace] GC(94) _eden_chunk_array[225]=0x00000000fa1d0718
[2025-08-08T15:30:15.965+0000][581.613s][1][129][trace] GC(94) _eden_chunk_array[226]=0x00000000fa1f12b8
[2025-08-08T15:30:15.965+0000][581.613s][1][129][trace] GC(94) _eden_chunk_array[227]=0x00000000fa240490
[2025-08-08T15:30:15.965+0000][581.613s][1][129][trace] GC(94) _eden_chunk_array[228]=0x00000000fa270f58
[2025-08-08T15:30:15.965+0000][581.613s][1][129][trace] GC(94) _eden_chunk_array[229]=0x00000000fa2a35c0
[2025-08-08T15:30:15.965+0000][581.613s][1][129][trace] GC(94) _eden_chunk_array[230]=0x00000000fa2c77a0
[2025-08-08T15:30:15.965+0000][581.613s][1][129][trace] GC(94) _eden_chunk_array[231]=0x00000000fa2ebd18
[2025-08-08T15:30:15.965+0000][581.613s][1][129][trace] GC(94) _eden_chunk_array[232]=0x00000000fa310298
[2025-08-08T15:30:15.965+0000][581.613s][1][129][trace] GC(94) _eden_chunk_array[233]=0x00000000fa3574b0
[2025-08-08T15:30:15.965+0000][581.613s][1][129][trace] GC(94) _eden_chunk_array[234]=0x00000000fa378140
[2025-08-08T15:30:15.965+0000][581.613s][1][129][trace] GC(94) _eden_chunk_array[235]=0x00000000fa3b6240
[2025-08-08T15:30:15.965+0000][581.613s][1][129][trace] GC(94) _eden_chunk_array[236]=0x00000000fa3f4350
[2025-08-08T15:30:15.965+0000][581.613s][1][129][trace] GC(94) _eden_chunk_array[237]=0x00000000fa432458
[2025-08-08T15:30:15.965+0000][581.613s][1][129][trace] GC(94) _eden_chunk_array[238]=0x00000000fa452778
[2025-08-08T15:30:15.965+0000][581.613s][1][129][trace] GC(94) _eden_chunk_array[239]=0x00000000fa472900
[2025-08-08T15:30:15.965+0000][581.613s][1][129][trace] GC(94) _eden_chunk_array[240]=0x00000000fa4c57b0
[2025-08-08T15:30:15.965+0000][581.613s][1][129][trace] GC(94) _eden_chunk_array[241]=0x00000000fa4f9720
[2025-08-08T15:30:15.965+0000][581.613s][1][129][trace] GC(94) _eden_chunk_array[242]=0x00000000fa523aa8
[2025-08-08T15:30:15.965+0000][581.613s][1][129][trace] GC(94) _eden_chunk_array[243]=0x00000000fa544b70
[2025-08-08T15:30:15.965+0000][581.613s][1][129][trace] GC(94) _eden_chunk_array[244]=0x00000000fa57c420
[2025-08-08T15:30:15.965+0000][581.613s][1][129][trace] GC(94) _eden_chunk_array[245]=0x00000000fa5b2030
[2025-08-08T15:30:15.965+0000][581.613s][1][129][trace] GC(94) _eden_chunk_array[246]=0x00000000fa5f9248
[2025-08-08T15:30:15.965+0000][581.613s][1][129][trace] GC(94) _eden_chunk_array[247]=0x00000000fa62f1c8
[2025-08-08T15:30:15.965+0000][581.613s][1][129][trace] GC(94) _eden_chunk_array[248]=0x00000000fa665150
[2025-08-08T15:30:15.965+0000][581.613s][1][129][trace] GC(94) _eden_chunk_array[249]=0x00000000fa69b110
[2025-08-08T15:30:15.965+0000][581.613s][1][129][trace] GC(94) _eden_chunk_array[250]=0x00000000fa6d10b0
[2025-08-08T15:30:15.965+0000][581.613s][1][129][trace] GC(94) _eden_chunk_array[251]=0x00000000fa6f3ae0
[2025-08-08T15:30:15.965+0000][581.613s][1][129][trace] GC(94) _eden_chunk_array[252]=0x00000000fa714e68
[2025-08-08T15:30:15.965+0000][581.613s][1][129][trace] GC(94) _eden_chunk_array[253]=0x00000000fa760e88
[2025-08-08T15:30:15.965+0000][581.613s][1][129][trace] GC(94) _eden_chunk_array[254]=0x00000000fa796470
[2025-08-08T15:30:15.965+0000][581.613s][1][129][trace] GC(94) _eden_chunk_array[255]=0x00000000fa7b9c58
[2025-08-08T15:30:15.965+0000][581.613s][1][129][trace] GC(94) _eden_chunk_array[256]=0x00000000fa8009f0
[2025-08-08T15:30:15.965+0000][581.613s][1][129][trace] GC(94) _eden_chunk_array[257]=0x00000000fa821fc8
[2025-08-08T15:30:15.965+0000][581.613s][1][129][trace] GC(94) _eden_chunk_array[258]=0x00000000fa84fed0
[2025-08-08T15:30:15.965+0000][581.613s][1][129][trace] GC(94) _eden_chunk_array[259]=0x00000000fa87ddc8
[2025-08-08T15:30:15.965+0000][581.613s][1][129][trace] GC(94) _eden_chunk_array[260]=0x00000000fa8d8c60
[2025-08-08T15:30:15.965+0000][581.613s][1][129][trace] GC(94) _eden_chunk_array[261]=0x00000000fa906b38
[2025-08-08T15:30:15.965+0000][581.613s][1][129][trace] GC(94) _eden_chunk_array[262]=0x00000000fa934a68
[2025-08-08T15:30:15.965+0000][581.613s][1][129][trace] GC(94) _eden_chunk_array[263]=0x00000000fa955138
[2025-08-08T15:30:15.965+0000][581.613s][1][129][trace] GC(94) _eden_chunk_array[264]=0x00000000fa9a3020
[2025-08-08T15:30:15.965+0000][581.613s][1][129][trace] GC(94) _eden_chunk_array[265]=0x00000000fa9ca970
[2025-08-08T15:30:15.965+0000][581.613s][1][129][trace] GC(94) _eden_chunk_array[266]=0x00000000fa9eb948
[2025-08-08T15:30:15.965+0000][581.613s][1][129][trace] GC(94) _eden_chunk_array[267]=0x00000000faa22858
[2025-08-08T15:30:15.965+0000][581.613s][1][129][trace] GC(94) _eden_chunk_array[268]=0x00000000faa5b488
[2025-08-08T15:30:15.965+0000][581.613s][1][129][trace] GC(94) _eden_chunk_array[269]=0x00000000faa80948
[2025-08-08T15:30:15.965+0000][581.613s][1][129][trace] GC(94) _eden_chunk_array[270]=0x00000000faaa2468
[2025-08-08T15:30:15.965+0000][581.613s][1][129][trace] GC(94) _eden_chunk_array[271]=0x00000000faad0370
[2025-08-08T15:30:15.965+0000][581.613s][1][129][trace] GC(94) _eden_chunk_array[272]=0x00000000fab1bd20
[2025-08-08T15:30:15.965+0000][581.613s][1][129][trace] GC(94) _eden_chunk_array[273]=0x00000000fab41778
[2025-08-08T15:30:15.966+0000][581.613s][1][129][trace] GC(94) _eden_chunk_array[274]=0x00000000faba35d8
[2025-08-08T15:30:15.966+0000][581.613s][1][129][trace] GC(94) _eden_chunk_array[275]=0x00000000fabc3b90
[2025-08-08T15:30:15.966+0000][581.613s][1][129][trace] GC(94) _eden_chunk_array[276]=0x00000000fabf1ac0
[2025-08-08T15:30:15.966+0000][581.613s][1][129][trace] GC(94) _eden_chunk_array[277]=0x00000000fac1f9c0
[2025-08-08T15:30:15.966+0000][581.613s][1][129][trace] GC(94) _eden_chunk_array[278]=0x00000000fac43458
[2025-08-08T15:30:15.966+0000][581.613s][1][129][trace] GC(94) _eden_chunk_array[279]=0x00000000fac664a0
[2025-08-08T15:30:15.966+0000][581.613s][1][129][trace] GC(94) _eden_chunk_array[280]=0x00000000faca8880
[2025-08-08T15:30:15.966+0000][581.613s][1][129][trace] GC(94) _eden_chunk_array[281]=0x00000000facdfad8
[2025-08-08T15:30:15.966+0000][581.613s][1][129][trace] GC(94) _eden_chunk_array[282]=0x00000000fad04058
[2025-08-08T15:30:15.966+0000][581.613s][1][129][trace] GC(94) _eden_chunk_array[283]=0x00000000fad3c618
[2025-08-08T15:30:15.966+0000][581.613s][1][129][trace] GC(94) _eden_chunk_array[284]=0x00000000fad83830
[2025-08-08T15:30:15.966+0000][581.613s][1][129][trace] GC(94) _eden_chunk_array[285]=0x00000000fadebdb8
[2025-08-08T15:30:15.966+0000][581.613s][1][129][trace] GC(94) _eden_chunk_array[286]=0x00000000fae21d50
[2025-08-08T15:30:15.966+0000][581.613s][1][129][trace] GC(94) _eden_chunk_array[287]=0x00000000fae57cf0
[2025-08-08T15:30:15.966+0000][581.613s][1][129][trace] GC(94) _eden_chunk_array[288]=0x00000000fae78468
[2025-08-08T15:30:15.966+0000][581.613s][1][129][trace] GC(94) _eden_chunk_array[289]=0x00000000faebf670
[2025-08-08T15:30:15.966+0000][581.613s][1][129][trace] GC(94) _eden_chunk_array[290]=0x00000000faee8840
[2025-08-08T15:30:15.966+0000][581.613s][1][129][trace] GC(94) _eden_chunk_array[291]=0x00000000faf08cc0
[2025-08-08T15:30:15.966+0000][581.613s][1][129][trace] GC(94) survivor 0x00000000fd410000-0x00000000fd410000-0x00000000fe780000(20381696)
[2025-08-08T15:30:15.966+0000][581.613s][1][129][trace] GC(94) _survivor_chunk_index=0, _survivor_chunk_capacity=9952
[2025-08-08T15:30:16.014+0000][581.661s][1][129][info ] GC(94) Pause Remark 124M->124M(180M) 50.232ms
[2025-08-08T15:30:16.014+0000][581.662s][1][129][info ] Leaving safepoint region
[2025-08-08T15:30:16.014+0000][581.662s][1][129][info ] Total time for which application threads were stopped: 0.0507602 seconds, Stopping threads took: 0.0000963 seconds
[2025-08-08T15:30:16.014+0000][581.662s][1][128][info ] GC(94) Concurrent Sweep
[2025-08-08T15:30:16.016+0000][581.663s][1][128][info ] GC(94) Concurrent Sweep 1.616ms
[2025-08-08T15:30:16.016+0000][581.663s][1][128][info ] GC(94) Concurrent Reset
[2025-08-08T15:30:16.016+0000][581.663s][1][128][info ] GC(94) Concurrent Reset 0.020ms
[2025-08-08T15:30:16.016+0000][581.663s][1][128][info ] GC(94) Old: 5183K->5183K(5184K)
[2025-08-08T15:30:17.015+0000][582.662s][1][129][info ] Application time: 1.0004299 seconds
[2025-08-08T15:30:17.015+0000][582.662s][1][129][info ] Entering safepoint region: Cleanup
[2025-08-08T15:30:17.015+0000][582.662s][1][129][info ] Leaving safepoint region
[2025-08-08T15:30:17.015+0000][582.662s][1][129][info ] Total time for which application threads were stopped: 0.0002180 seconds, Stopping threads took: 0.0000384 seconds
[2025-08-08T15:30:18.015+0000][583.662s][1][129][info ] Application time: 1.0001777 seconds
[2025-08-08T15:30:18.015+0000][583.662s][1][129][info ] Entering safepoint region: Cleanup
[2025-08-08T15:30:18.015+0000][583.663s][1][129][info ] Leaving safepoint region
[2025-08-08T15:30:18.015+0000][583.663s][1][129][info ] Total time for which application threads were stopped: 0.0001611 seconds, Stopping threads took: 0.0000241 seconds
[2025-08-08T15:30:20.016+0000][585.664s][1][129][info ] Application time: 2.0009644 seconds
[2025-08-08T15:30:20.016+0000][585.664s][1][129][info ] Entering safepoint region: Cleanup
[2025-08-08T15:30:20.017+0000][585.664s][1][129][info ] Leaving safepoint region
[2025-08-08T15:30:20.017+0000][585.664s][1][129][info ] Total time for which application threads were stopped: 0.0001927 seconds, Stopping threads took: 0.0000341 seconds
[2025-08-08T15:30:21.017+0000][586.664s][1][129][info ] Application time: 1.0003601 seconds
[2025-08-08T15:30:21.017+0000][586.664s][1][129][info ] Entering safepoint region: Cleanup
[2025-08-08T15:30:21.017+0000][586.664s][1][129][info ] Leaving safepoint region
[2025-08-08T15:30:21.017+0000][586.664s][1][129][info ] Total time for which application threads were stopped: 0.0002192 seconds, Stopping threads took: 0.0000409 seconds
[2025-08-08T15:30:26.026+0000][591.673s][1][129][info ] Application time: 5.0088177 seconds
[2025-08-08T15:30:26.026+0000][591.673s][1][129][info ] Entering safepoint region: CMS_Initial_Mark
[2025-08-08T15:30:26.026+0000][591.674s][1][129][trace] GC(95) eden 0x00000000f3800000-0x00000000fb954810-0x00000000fd410000(163643392)
[2025-08-08T15:30:26.026+0000][591.674s][1][129][trace] GC(95) _eden_chunk_index=347, _eden_chunk_capacity=11233
[2025-08-08T15:30:26.026+0000][591.674s][1][129][trace] GC(95) _eden_chunk_array[0]=0x00000000f73f9200
[2025-08-08T15:30:26.026+0000][591.674s][1][129][trace] GC(95) _eden_chunk_array[1]=0x00000000f74247b8
[2025-08-08T15:30:26.026+0000][591.674s][1][129][trace] GC(95) _eden_chunk_array[2]=0x00000000f7453930
[2025-08-08T15:30:26.026+0000][591.674s][1][129][trace] GC(95) _eden_chunk_array[3]=0x00000000f747dc68
[2025-08-08T15:30:26.026+0000][591.674s][1][129][trace] GC(95) _eden_chunk_array[4]=0x00000000f74ad020
[2025-08-08T15:30:26.026+0000][591.674s][1][129][trace] GC(95) _eden_chunk_array[5]=0x00000000f74d6e28
[2025-08-08T15:30:26.026+0000][591.674s][1][129][trace] GC(95) _eden_chunk_array[6]=0x00000000f74feb48
[2025-08-08T15:30:26.026+0000][591.674s][1][129][trace] GC(95) _eden_chunk_array[7]=0x00000000f7534cd8
[2025-08-08T15:30:26.026+0000][591.674s][1][129][trace] GC(95) _eden_chunk_array[8]=0x00000000f7554e70
[2025-08-08T15:30:26.027+0000][591.674s][1][129][trace] GC(95) _eden_chunk_array[9]=0x00000000f758a818
[2025-08-08T15:30:26.027+0000][591.674s][1][129][trace] GC(95) _eden_chunk_array[10]=0x00000000f75b8710
[2025-08-08T15:30:26.027+0000][591.674s][1][129][trace] GC(95) _eden_chunk_array[11]=0x00000000f75ff918
[2025-08-08T15:30:26.027+0000][591.674s][1][129][trace] GC(95) _eden_chunk_array[12]=0x00000000f7636b78
[2025-08-08T15:30:26.027+0000][591.674s][1][129][trace] GC(95) _eden_chunk_array[13]=0x00000000f767dd90
[2025-08-08T15:30:26.027+0000][591.674s][1][129][trace] GC(95) _eden_chunk_array[14]=0x00000000f76e4388
[2025-08-08T15:30:26.027+0000][591.674s][1][129][trace] GC(95) _eden_chunk_array[15]=0x00000000f7719c08
[2025-08-08T15:30:26.027+0000][591.674s][1][129][trace] GC(95) _eden_chunk_array[16]=0x00000000f774f498
[2025-08-08T15:30:26.027+0000][591.674s][1][129][trace] GC(95) _eden_chunk_array[17]=0x00000000f7784d40
[2025-08-08T15:30:26.027+0000][591.674s][1][129][trace] GC(95) _eden_chunk_array[18]=0x00000000f77ab4a0
[2025-08-08T15:30:26.027+0000][591.674s][1][129][trace] GC(95) _eden_chunk_array[19]=0x00000000f77cf2b0
[2025-08-08T15:30:26.027+0000][591.674s][1][129][trace] GC(95) _eden_chunk_array[20]=0x00000000f77f2938
[2025-08-08T15:30:26.027+0000][591.674s][1][129][trace] GC(95) _eden_chunk_array[21]=0x00000000f782c488
[2025-08-08T15:30:26.027+0000][591.674s][1][129][trace] GC(95) _eden_chunk_array[22]=0x00000000f7859ad0
[2025-08-08T15:30:26.027+0000][591.674s][1][129][trace] GC(95) _eden_chunk_array[23]=0x00000000f7890740
[2025-08-08T15:30:26.027+0000][591.674s][1][129][trace] GC(95) _eden_chunk_array[24]=0x00000000f78f70b0
[2025-08-08T15:30:26.027+0000][591.674s][1][129][trace] GC(95) _eden_chunk_array[25]=0x00000000f792d058
[2025-08-08T15:30:26.027+0000][591.674s][1][129][trace] GC(95) _eden_chunk_array[26]=0x00000000f7964c08
[2025-08-08T15:30:26.027+0000][591.674s][1][129][trace] GC(95) _eden_chunk_array[27]=0x00000000f7985bb0
[2025-08-08T15:30:26.027+0000][591.674s][1][129][trace] GC(95) _eden_chunk_array[28]=0x00000000f79ccdc8
[2025-08-08T15:30:26.027+0000][591.674s][1][129][trace] GC(95) _eden_chunk_array[29]=0x00000000f79fd778
[2025-08-08T15:30:26.027+0000][591.674s][1][129][trace] GC(95) _eden_chunk_array[30]=0x00000000f7a251b0
[2025-08-08T15:30:26.027+0000][591.674s][1][129][trace] GC(95) _eden_chunk_array[31]=0x00000000f7a8f220
[2025-08-08T15:30:26.027+0000][591.674s][1][129][trace] GC(95) _eden_chunk_array[32]=0x00000000f7abcfa0
[2025-08-08T15:30:26.027+0000][591.674s][1][129][trace] GC(95) _eden_chunk_array[33]=0x00000000f7b041c8
[2025-08-08T15:30:26.027+0000][591.674s][1][129][trace] GC(95) _eden_chunk_array[34]=0x00000000f7b32af8
[2025-08-08T15:30:26.027+0000][591.674s][1][129][trace] GC(95) _eden_chunk_array[35]=0x00000000f7b55750
[2025-08-08T15:30:26.027+0000][591.674s][1][129][trace] GC(95) _eden_chunk_array[36]=0x00000000f7b8f420
[2025-08-08T15:30:26.027+0000][591.674s][1][129][trace] GC(95) _eden_chunk_array[37]=0x00000000f7bb7128
[2025-08-08T15:30:26.027+0000][591.674s][1][129][trace] GC(95) _eden_chunk_array[38]=0x00000000f7bf9a90
[2025-08-08T15:30:26.027+0000][591.674s][1][129][trace] GC(95) _eden_chunk_array[39]=0x00000000f7c2f338
[2025-08-08T15:30:26.027+0000][591.674s][1][129][trace] GC(95) _eden_chunk_array[40]=0x00000000f7c64bd0
[2025-08-08T15:30:26.027+0000][591.674s][1][129][trace] GC(95) _eden_chunk_array[41]=0x00000000f7c9a478
[2025-08-08T15:30:26.027+0000][591.674s][1][129][trace] GC(95) _eden_chunk_array[42]=0x00000000f7ccdea0
[2025-08-08T15:30:26.027+0000][591.674s][1][129][trace] GC(95) _eden_chunk_array[43]=0x00000000f7cef8c0
[2025-08-08T15:30:26.027+0000][591.674s][1][129][trace] GC(95) _eden_chunk_array[44]=0x00000000f7d28840
[2025-08-08T15:30:26.027+0000][591.674s][1][129][trace] GC(95) _eden_chunk_array[45]=0x00000000f7d52ba0
[2025-08-08T15:30:26.027+0000][591.674s][1][129][trace] GC(95) _eden_chunk_array[46]=0x00000000f7d924a8
[2025-08-08T15:30:26.027+0000][591.674s][1][129][trace] GC(95) _eden_chunk_array[47]=0x00000000f7ddde58
[2025-08-08T15:30:26.027+0000][591.674s][1][129][trace] GC(95) _eden_chunk_array[48]=0x00000000f7e25078
[2025-08-08T15:30:26.027+0000][591.674s][1][129][trace] GC(95) _eden_chunk_array[49]=0x00000000f7e53a48
[2025-08-08T15:30:26.027+0000][591.674s][1][129][trace] GC(95) _eden_chunk_array[50]=0x00000000f7e82418
[2025-08-08T15:30:26.027+0000][591.674s][1][129][trace] GC(95) _eden_chunk_array[51]=0x00000000f7eb0de0
[2025-08-08T15:30:26.027+0000][591.674s][1][129][trace] GC(95) _eden_chunk_array[52]=0x00000000f7edf7d0
[2025-08-08T15:30:26.027+0000][591.674s][1][129][trace] GC(95) _eden_chunk_array[53]=0x00000000f7f1b0b8
[2025-08-08T15:30:26.027+0000][591.674s][1][129][trace] GC(95) _eden_chunk_array[54]=0x00000000f7f44d00
[2025-08-08T15:30:26.027+0000][591.674s][1][129][trace] GC(95) _eden_chunk_array[55]=0x00000000f7f66170
[2025-08-08T15:30:26.027+0000][591.674s][1][129][trace] GC(95) _eden_chunk_array[56]=0x00000000f7f8e538
[2025-08-08T15:30:26.027+0000][591.674s][1][129][trace] GC(95) _eden_chunk_array[57]=0x00000000f7fb15d0
[2025-08-08T15:30:26.027+0000][591.674s][1][129][trace] GC(95) _eden_chunk_array[58]=0x00000000f7fd57d0
[2025-08-08T15:30:26.027+0000][591.674s][1][129][trace] GC(95) _eden_chunk_array[59]=0x00000000f8010e90
[2025-08-08T15:30:26.027+0000][591.674s][1][129][trace] GC(95) _eden_chunk_array[60]=0x00000000f8041ae0
[2025-08-08T15:30:26.027+0000][591.674s][1][129][trace] GC(95) _eden_chunk_array[61]=0x00000000f8062088
[2025-08-08T15:30:26.027+0000][591.674s][1][129][trace] GC(95) _eden_chunk_array[62]=0x00000000f80a92a8
[2025-08-08T15:30:26.027+0000][591.674s][1][129][trace] GC(95) _eden_chunk_array[63]=0x00000000f80d7198
[2025-08-08T15:30:26.027+0000][591.674s][1][129][trace] GC(95) _eden_chunk_array[64]=0x00000000f80f80c0
[2025-08-08T15:30:26.027+0000][591.674s][1][129][trace] GC(95) _eden_chunk_array[65]=0x00000000f8125fa0
[2025-08-08T15:30:26.027+0000][591.674s][1][129][trace] GC(95) _eden_chunk_array[66]=0x00000000f8153e90
[2025-08-08T15:30:26.027+0000][591.674s][1][129][trace] GC(95) _eden_chunk_array[67]=0x00000000f8174ae8
[2025-08-08T15:30:26.027+0000][591.674s][1][129][trace] GC(95) _eden_chunk_array[68]=0x00000000f819b990
[2025-08-08T15:30:26.027+0000][591.674s][1][129][trace] GC(95) _eden_chunk_array[69]=0x00000000f81bba80
[2025-08-08T15:30:26.027+0000][591.674s][1][129][trace] GC(95) _eden_chunk_array[70]=0x00000000f820f900
[2025-08-08T15:30:26.027+0000][591.674s][1][129][trace] GC(95) _eden_chunk_array[71]=0x00000000f823d620
[2025-08-08T15:30:26.027+0000][591.674s][1][129][trace] GC(95) _eden_chunk_array[72]=0x00000000f8262ba8
[2025-08-08T15:30:26.027+0000][591.674s][1][129][trace] GC(95) _eden_chunk_array[73]=0x00000000f82ab2f8
[2025-08-08T15:30:26.027+0000][591.674s][1][129][trace] GC(95) _eden_chunk_array[74]=0x00000000f8311588
[2025-08-08T15:30:26.027+0000][591.674s][1][129][trace] GC(95) _eden_chunk_array[75]=0x00000000f834f680
[2025-08-08T15:30:26.027+0000][591.674s][1][129][trace] GC(95) _eden_chunk_array[76]=0x00000000f8373c00
[2025-08-08T15:30:26.027+0000][591.674s][1][129][trace] GC(95) _eden_chunk_array[77]=0x00000000f83b1d38
[2025-08-08T15:30:26.027+0000][591.674s][1][129][trace] GC(95) _eden_chunk_array[78]=0x00000000f83d29e0
[2025-08-08T15:30:26.027+0000][591.674s][1][129][trace] GC(95) _eden_chunk_array[79]=0x00000000f843d9b0
[2025-08-08T15:30:26.027+0000][591.674s][1][129][trace] GC(95) _eden_chunk_array[80]=0x00000000f8470448
[2025-08-08T15:30:26.027+0000][591.674s][1][129][trace] GC(95) _eden_chunk_array[81]=0x00000000f8494218
[2025-08-08T15:30:26.027+0000][591.674s][1][129][trace] GC(95) _eden_chunk_array[82]=0x00000000f84b46a0
[2025-08-08T15:30:26.027+0000][591.674s][1][129][trace] GC(95) _eden_chunk_array[83]=0x00000000f84df640
[2025-08-08T15:30:26.027+0000][591.674s][1][129][trace] GC(95) _eden_chunk_array[84]=0x00000000f8503248
[2025-08-08T15:30:26.027+0000][591.674s][1][129][trace] GC(95) _eden_chunk_array[85]=0x00000000f8525dd0
[2025-08-08T15:30:26.027+0000][591.674s][1][129][trace] GC(95) _eden_chunk_array[86]=0x00000000f8549fb0
[2025-08-08T15:30:26.027+0000][591.674s][1][129][trace] GC(95) _eden_chunk_array[87]=0x00000000f8593700
[2025-08-08T15:30:26.027+0000][591.674s][1][129][trace] GC(95) _eden_chunk_array[88]=0x00000000f85b6e98
[2025-08-08T15:30:26.027+0000][591.674s][1][129][trace] GC(95) _eden_chunk_array[89]=0x00000000f85da628
[2025-08-08T15:30:26.027+0000][591.674s][1][129][trace] GC(95) _eden_chunk_array[90]=0x00000000f8637ba0
[2025-08-08T15:30:26.027+0000][591.674s][1][129][trace] GC(95) _eden_chunk_array[91]=0x00000000f865b350
[2025-08-08T15:30:26.027+0000][591.674s][1][129][trace] GC(95) _eden_chunk_array[92]=0x00000000f867eaf8
[2025-08-08T15:30:26.027+0000][591.674s][1][129][trace] GC(95) _eden_chunk_array[93]=0x00000000f86a22b0
[2025-08-08T15:30:26.027+0000][591.674s][1][129][trace] GC(95) _eden_chunk_array[94]=0x00000000f86ce2b8
[2025-08-08T15:30:26.027+0000][591.674s][1][129][trace] GC(95) _eden_chunk_array[95]=0x00000000f871be30
[2025-08-08T15:30:26.027+0000][591.674s][1][129][trace] GC(95) _eden_chunk_array[96]=0x00000000f873c650
[2025-08-08T15:30:26.027+0000][591.674s][1][129][trace] GC(95) _eden_chunk_array[97]=0x00000000f877a548
[2025-08-08T15:30:26.027+0000][591.674s][1][129][trace] GC(95) _eden_chunk_array[98]=0x00000000f87ab198
[2025-08-08T15:30:26.027+0000][591.674s][1][129][trace] GC(95) _eden_chunk_array[99]=0x00000000f87cdba8
[2025-08-08T15:30:26.027+0000][591.674s][1][129][trace] GC(95) _eden_chunk_array[100]=0x00000000f87ff268
[2025-08-08T15:30:26.027+0000][591.674s][1][129][trace] GC(95) _eden_chunk_array[101]=0x00000000f8820d80
[2025-08-08T15:30:26.027+0000][591.674s][1][129][trace] GC(95) _eden_chunk_array[102]=0x00000000f885e7f8
[2025-08-08T15:30:26.027+0000][591.674s][1][129][trace] GC(95) _eden_chunk_array[103]=0x00000000f88976c8
[2025-08-08T15:30:26.027+0000][591.674s][1][129][trace] GC(95) _eden_chunk_array[104]=0x00000000f88e3080
[2025-08-08T15:30:26.027+0000][591.674s][1][129][trace] GC(95) _eden_chunk_array[105]=0x00000000f8910f80
[2025-08-08T15:30:26.027+0000][591.674s][1][129][trace] GC(95) _eden_chunk_array[106]=0x00000000f893eeb0
[2025-08-08T15:30:26.027+0000][591.674s][1][129][trace] GC(95) _eden_chunk_array[107]=0x00000000f89a4ac8
[2025-08-08T15:30:26.027+0000][591.674s][1][129][trace] GC(95) _eden_chunk_array[108]=0x00000000f89cb8e0
[2025-08-08T15:30:26.027+0000][591.674s][1][129][trace] GC(95) _eden_chunk_array[109]=0x00000000f89ec060
[2025-08-08T15:30:26.027+0000][591.674s][1][129][trace] GC(95) _eden_chunk_array[110]=0x00000000f8a448d8
[2025-08-08T15:30:26.027+0000][591.674s][1][129][trace] GC(95) _eden_chunk_array[111]=0x00000000f8a6cea8
[2025-08-08T15:30:26.027+0000][591.674s][1][129][trace] GC(95) _eden_chunk_array[112]=0x00000000f8a9c180
[2025-08-08T15:30:26.027+0000][591.674s][1][129][trace] GC(95) _eden_chunk_array[113]=0x00000000f8abe1a8
[2025-08-08T15:30:26.027+0000][591.674s][1][129][trace] GC(95) _eden_chunk_array[114]=0x00000000f8af4148
[2025-08-08T15:30:26.027+0000][591.674s][1][129][trace] GC(95) _eden_chunk_array[115]=0x00000000f8b5a148
[2025-08-08T15:30:26.027+0000][591.674s][1][129][trace] GC(95) _eden_chunk_array[116]=0x00000000f8ba1368
[2025-08-08T15:30:26.027+0000][591.674s][1][129][trace] GC(95) _eden_chunk_array[117]=0x00000000f8bdf490
[2025-08-08T15:30:26.027+0000][591.674s][1][129][trace] GC(95) _eden_chunk_array[118]=0x00000000f8c1d598
[2025-08-08T15:30:26.027+0000][591.674s][1][129][trace] GC(95) _eden_chunk_array[119]=0x00000000f8c5b698
[2025-08-08T15:30:26.027+0000][591.674s][1][129][trace] GC(95) _eden_chunk_array[120]=0x00000000f8c7b880
[2025-08-08T15:30:26.027+0000][591.674s][1][129][trace] GC(95) _eden_chunk_array[121]=0x00000000f8cad368
[2025-08-08T15:30:26.027+0000][591.674s][1][129][trace] GC(95) _eden_chunk_array[122]=0x00000000f8ccde78
[2025-08-08T15:30:26.027+0000][591.674s][1][129][trace] GC(95) _eden_chunk_array[123]=0x00000000f8cf5a38
[2025-08-08T15:30:26.027+0000][591.674s][1][129][trace] GC(95) _eden_chunk_array[124]=0x00000000f8d26178
[2025-08-08T15:30:26.027+0000][591.674s][1][129][trace] GC(95) _eden_chunk_array[125]=0x00000000f8d49900
[2025-08-08T15:30:26.027+0000][591.674s][1][129][trace] GC(95) _eden_chunk_array[126]=0x00000000f8d8b1f8
[2025-08-08T15:30:26.027+0000][591.674s][1][129][trace] GC(95) _eden_chunk_array[127]=0x00000000f8db2f10
[2025-08-08T15:30:26.027+0000][591.674s][1][129][trace] GC(95) _eden_chunk_array[128]=0x00000000f8de18e0
[2025-08-08T15:30:26.027+0000][591.674s][1][129][trace] GC(95) _eden_chunk_array[129]=0x00000000f8e18b48
[2025-08-08T15:30:26.027+0000][591.674s][1][129][trace] GC(95) _eden_chunk_array[130]=0x00000000f8e6f270
[2025-08-08T15:30:26.027+0000][591.674s][1][129][trace] GC(95) _eden_chunk_array[131]=0x00000000f8ebac10
[2025-08-08T15:30:26.027+0000][591.674s][1][129][trace] GC(95) _eden_chunk_array[132]=0x00000000f8f065c8
[2025-08-08T15:30:26.027+0000][591.674s][1][129][trace] GC(95) _eden_chunk_array[133]=0x00000000f8f51f80
[2025-08-08T15:30:26.027+0000][591.674s][1][129][trace] GC(95) _eden_chunk_array[134]=0x00000000f8f72620
[2025-08-08T15:30:26.027+0000][591.674s][1][129][trace] GC(95) _eden_chunk_array[135]=0x00000000f8fa4040
[2025-08-08T15:30:26.027+0000][591.674s][1][129][trace] GC(95) _eden_chunk_array[136]=0x00000000f8fc4d88
[2025-08-08T15:30:26.027+0000][591.674s][1][129][trace] GC(95) _eden_chunk_array[137]=0x00000000f8fec538
[2025-08-08T15:30:26.027+0000][591.674s][1][129][trace] GC(95) _eden_chunk_array[138]=0x00000000f902a638
[2025-08-08T15:30:26.027+0000][591.674s][1][129][trace] GC(95) _eden_chunk_array[139]=0x00000000f9058bc8
[2025-08-08T15:30:26.027+0000][591.674s][1][129][trace] GC(95) _eden_chunk_array[140]=0x00000000f9091800
[2025-08-08T15:30:26.027+0000][591.674s][1][129][trace] GC(95) _eden_chunk_array[141]=0x00000000f90dd1b8
[2025-08-08T15:30:26.027+0000][591.674s][1][129][trace] GC(95) _eden_chunk_array[142]=0x00000000f91409f8
[2025-08-08T15:30:26.027+0000][591.674s][1][129][trace] GC(95) _eden_chunk_array[143]=0x00000000f9179640
[2025-08-08T15:30:26.027+0000][591.674s][1][129][trace] GC(95) _eden_chunk_array[144]=0x00000000f91b3fe8
[2025-08-08T15:30:26.027+0000][591.674s][1][129][trace] GC(95) _eden_chunk_array[145]=0x00000000f91d5010
[2025-08-08T15:30:26.027+0000][591.674s][1][129][trace] GC(95) _eden_chunk_array[146]=0x00000000f91f5710
[2025-08-08T15:30:26.027+0000][591.674s][1][129][trace] GC(95) _eden_chunk_array[147]=0x00000000f92174a0
[2025-08-08T15:30:26.027+0000][591.674s][1][129][trace] GC(95) _eden_chunk_array[148]=0x00000000f9237f28
[2025-08-08T15:30:26.027+0000][591.674s][1][129][trace] GC(95) _eden_chunk_array[149]=0x00000000f9268880
[2025-08-08T15:30:26.027+0000][591.674s][1][129][trace] GC(95) _eden_chunk_array[150]=0x00000000f92b4220
[2025-08-08T15:30:26.027+0000][591.675s][1][129][trace] GC(95) _eden_chunk_array[151]=0x00000000f92d8e90
[2025-08-08T15:30:26.027+0000][591.675s][1][129][trace] GC(95) _eden_chunk_array[152]=0x00000000f9336e68
[2025-08-08T15:30:26.027+0000][591.675s][1][129][trace] GC(95) _eden_chunk_array[153]=0x00000000f936ce70
[2025-08-08T15:30:26.027+0000][591.675s][1][129][trace] GC(95) _eden_chunk_array[154]=0x00000000f93b8810
[2025-08-08T15:30:26.027+0000][591.675s][1][129][trace] GC(95) _eden_chunk_array[155]=0x00000000f93ffa18
[2025-08-08T15:30:26.027+0000][591.675s][1][129][trace] GC(95) _eden_chunk_array[156]=0x00000000f94267a0
[2025-08-08T15:30:26.027+0000][591.675s][1][129][trace] GC(95) _eden_chunk_array[157]=0x00000000f944e4b0
[2025-08-08T15:30:26.027+0000][591.675s][1][129][trace] GC(95) _eden_chunk_array[158]=0x00000000f94761c0
[2025-08-08T15:30:26.027+0000][591.675s][1][129][trace] GC(95) _eden_chunk_array[159]=0x00000000f94984d0
[2025-08-08T15:30:26.027+0000][591.675s][1][129][trace] GC(95) _eden_chunk_array[160]=0x00000000f94c9400
[2025-08-08T15:30:26.027+0000][591.675s][1][129][trace] GC(95) _eden_chunk_array[161]=0x00000000f94f6a80
[2025-08-08T15:30:26.027+0000][591.675s][1][129][trace] GC(95) _eden_chunk_array[162]=0x00000000f9520dc8
[2025-08-08T15:30:26.027+0000][591.675s][1][129][trace] GC(95) _eden_chunk_array[163]=0x00000000f954ecc8
[2025-08-08T15:30:26.027+0000][591.675s][1][129][trace] GC(95) _eden_chunk_array[164]=0x00000000f95aece8
[2025-08-08T15:30:26.027+0000][591.675s][1][129][trace] GC(95) _eden_chunk_array[165]=0x00000000f95dfd08
[2025-08-08T15:30:26.027+0000][591.675s][1][129][trace] GC(95) _eden_chunk_array[166]=0x00000000f9606700
[2025-08-08T15:30:26.027+0000][591.675s][1][129][trace] GC(95) _eden_chunk_array[167]=0x00000000f9628230
[2025-08-08T15:30:26.027+0000][591.675s][1][129][trace] GC(95) _eden_chunk_array[168]=0x00000000f968de50
[2025-08-08T15:30:26.027+0000][591.675s][1][129][trace] GC(95) _eden_chunk_array[169]=0x00000000f96bbd38
[2025-08-08T15:30:26.027+0000][591.675s][1][129][trace] GC(95) _eden_chunk_array[170]=0x00000000f96dc330
[2025-08-08T15:30:26.027+0000][591.675s][1][129][trace] GC(95) _eden_chunk_array[171]=0x00000000f9707340
[2025-08-08T15:30:26.027+0000][591.675s][1][129][trace] GC(95) _eden_chunk_array[172]=0x00000000f972e680
[2025-08-08T15:30:26.027+0000][591.675s][1][129][trace] GC(95) _eden_chunk_array[173]=0x00000000f97549f0
[2025-08-08T15:30:26.027+0000][591.675s][1][129][trace] GC(95) _eden_chunk_array[174]=0x00000000f97a8820
[2025-08-08T15:30:26.027+0000][591.675s][1][129][trace] GC(95) _eden_chunk_array[175]=0x00000000f97d3398
[2025-08-08T15:30:26.027+0000][591.675s][1][129][trace] GC(95) _eden_chunk_array[176]=0x00000000f97fdf80
[2025-08-08T15:30:26.027+0000][591.675s][1][129][trace] GC(95) _eden_chunk_array[177]=0x00000000f982e178
[2025-08-08T15:30:26.027+0000][591.675s][1][129][trace] GC(95) _eden_chunk_array[178]=0x00000000f9867ce0
[2025-08-08T15:30:26.027+0000][591.675s][1][129][trace] GC(95) _eden_chunk_array[179]=0x00000000f9895300
[2025-08-08T15:30:26.027+0000][591.675s][1][129][trace] GC(95) _eden_chunk_array[180]=0x00000000f98bd008
[2025-08-08T15:30:26.027+0000][591.675s][1][129][trace] GC(95) _eden_chunk_array[181]=0x00000000f98f2fb8
[2025-08-08T15:30:26.027+0000][591.675s][1][129][trace] GC(95) _eden_chunk_array[182]=0x00000000f991acd0
[2025-08-08T15:30:26.027+0000][591.675s][1][129][trace] GC(95) _eden_chunk_array[183]=0x00000000f9961bd8
[2025-08-08T15:30:26.027+0000][591.675s][1][129][trace] GC(95) _eden_chunk_array[184]=0x00000000f9997b80
[2025-08-08T15:30:26.027+0000][591.675s][1][129][trace] GC(95) _eden_chunk_array[185]=0x00000000f99cdb20
[2025-08-08T15:30:26.027+0000][591.675s][1][129][trace] GC(95) _eden_chunk_array[186]=0x00000000f99edb80
[2025-08-08T15:30:26.027+0000][591.675s][1][129][trace] GC(95) _eden_chunk_array[187]=0x00000000f9a0f7d0
[2025-08-08T15:30:26.028+0000][591.675s][1][129][trace] GC(95) _eden_chunk_array[188]=0x00000000f9a60a40
[2025-08-08T15:30:26.028+0000][591.675s][1][129][trace] GC(95) _eden_chunk_array[189]=0x00000000f9a8ad70
[2025-08-08T15:30:26.028+0000][591.675s][1][129][trace] GC(95) _eden_chunk_array[190]=0x00000000f9ad16f0
[2025-08-08T15:30:26.028+0000][591.675s][1][129][trace] GC(95) _eden_chunk_array[191]=0x00000000f9afba48
[2025-08-08T15:30:26.028+0000][591.675s][1][129][trace] GC(95) _eden_chunk_array[192]=0x00000000f9b42c60
[2025-08-08T15:30:26.028+0000][591.675s][1][129][trace] GC(95) _eden_chunk_array[193]=0x00000000f9b70b60
[2025-08-08T15:30:26.028+0000][591.675s][1][129][trace] GC(95) _eden_chunk_array[194]=0x00000000f9b9ea70
[2025-08-08T15:30:26.028+0000][591.675s][1][129][trace] GC(95) _eden_chunk_array[195]=0x00000000f9bcc968
[2025-08-08T15:30:26.028+0000][591.675s][1][129][trace] GC(95) _eden_chunk_array[196]=0x00000000f9bfa870
[2025-08-08T15:30:26.028+0000][591.675s][1][129][trace] GC(95) _eden_chunk_array[197]=0x00000000f9c28768
[2025-08-08T15:30:26.028+0000][591.675s][1][129][trace] GC(95) _eden_chunk_array[198]=0x00000000f9c48e68
[2025-08-08T15:30:26.028+0000][591.675s][1][129][trace] GC(95) _eden_chunk_array[199]=0x00000000f9c74180
[2025-08-08T15:30:26.028+0000][591.675s][1][129][trace] GC(95) _eden_chunk_array[200]=0x00000000f9c985c0
[2025-08-08T15:30:26.028+0000][591.675s][1][129][trace] GC(95) _eden_chunk_array[201]=0x00000000f9ce9f48
[2025-08-08T15:30:26.028+0000][591.675s][1][129][trace] GC(95) _eden_chunk_array[202]=0x00000000f9d12820
[2025-08-08T15:30:26.028+0000][591.675s][1][129][trace] GC(95) _eden_chunk_array[203]=0x00000000f9d4b4a0
[2025-08-08T15:30:26.028+0000][591.675s][1][129][trace] GC(95) _eden_chunk_array[204]=0x00000000f9d840e8
[2025-08-08T15:30:26.028+0000][591.675s][1][129][trace] GC(95) _eden_chunk_array[205]=0x00000000f9dbf798
[2025-08-08T15:30:26.028+0000][591.675s][1][129][trace] GC(95) _eden_chunk_array[206]=0x00000000f9dfae38
[2025-08-08T15:30:26.028+0000][591.675s][1][129][trace] GC(95) _eden_chunk_array[207]=0x00000000f9e33a88
[2025-08-08T15:30:26.028+0000][591.675s][1][129][trace] GC(95) _eden_chunk_array[208]=0x00000000f9e54b10
[2025-08-08T15:30:26.028+0000][591.675s][1][129][trace] GC(95) _eden_chunk_array[209]=0x00000000f9eb6cf8
[2025-08-08T15:30:26.028+0000][591.675s][1][129][trace] GC(95) _eden_chunk_array[210]=0x00000000f9f1d658
[2025-08-08T15:30:26.028+0000][591.675s][1][129][trace] GC(95) _eden_chunk_array[211]=0x00000000f9f3ff08
[2025-08-08T15:30:26.028+0000][591.675s][1][129][trace] GC(95) _eden_chunk_array[212]=0x00000000f9f60798
[2025-08-08T15:30:26.028+0000][591.675s][1][129][trace] GC(95) _eden_chunk_array[213]=0x00000000f9f8ddd0
[2025-08-08T15:30:26.028+0000][591.675s][1][129][trace] GC(95) _eden_chunk_array[214]=0x00000000f9fb78f8
[2025-08-08T15:30:26.028+0000][591.675s][1][129][trace] GC(95) _eden_chunk_array[215]=0x00000000f9fe9b10
[2025-08-08T15:30:26.028+0000][591.675s][1][129][trace] GC(95) _eden_chunk_array[216]=0x00000000fa013e58
[2025-08-08T15:30:26.028+0000][591.675s][1][129][trace] GC(95) _eden_chunk_array[217]=0x00000000fa03bb70
[2025-08-08T15:30:26.028+0000][591.675s][1][129][trace] GC(95) _eden_chunk_array[218]=0x00000000fa063890
[2025-08-08T15:30:26.028+0000][591.675s][1][129][trace] GC(95) _eden_chunk_array[219]=0x00000000fa0aaab0
[2025-08-08T15:30:26.028+0000][591.675s][1][129][trace] GC(95) _eden_chunk_array[220]=0x00000000fa0e2618
[2025-08-08T15:30:26.028+0000][591.675s][1][129][trace] GC(95) _eden_chunk_array[221]=0x00000000fa1185b0
[2025-08-08T15:30:26.028+0000][591.675s][1][129][trace] GC(95) _eden_chunk_array[222]=0x00000000fa14e7f0
[2025-08-08T15:30:26.028+0000][591.675s][1][129][trace] GC(95) _eden_chunk_array[223]=0x00000000fa184790
[2025-08-08T15:30:26.028+0000][591.675s][1][129][trace] GC(95) _eden_chunk_array[224]=0x00000000fa1aa238
[2025-08-08T15:30:26.028+0000][591.675s][1][129][trace] GC(95) _eden_chunk_array[225]=0x00000000fa1d0718
[2025-08-08T15:30:26.028+0000][591.675s][1][129][trace] GC(95) _eden_chunk_array[226]=0x00000000fa1f12b8
[2025-08-08T15:30:26.028+0000][591.675s][1][129][trace] GC(95) _eden_chunk_array[227]=0x00000000fa240490
[2025-08-08T15:30:26.028+0000][591.675s][1][129][trace] GC(95) _eden_chunk_array[228]=0x00000000fa270f58
[2025-08-08T15:30:26.028+0000][591.675s][1][129][trace] GC(95) _eden_chunk_array[229]=0x00000000fa2a35c0
[2025-08-08T15:30:26.028+0000][591.675s][1][129][trace] GC(95) _eden_chunk_array[230]=0x00000000fa2c77a0
[2025-08-08T15:30:26.028+0000][591.675s][1][129][trace] GC(95) _eden_chunk_array[231]=0x00000000fa2ebd18
[2025-08-08T15:30:26.028+0000][591.675s][1][129][trace] GC(95) _eden_chunk_array[232]=0x00000000fa310298
[2025-08-08T15:30:26.028+0000][591.675s][1][129][trace] GC(95) _eden_chunk_array[233]=0x00000000fa3574b0
[2025-08-08T15:30:26.028+0000][591.675s][1][129][trace] GC(95) _eden_chunk_array[234]=0x00000000fa378140
[2025-08-08T15:30:26.028+0000][591.675s][1][129][trace] GC(95) _eden_chunk_array[235]=0x00000000fa3b6240
[2025-08-08T15:30:26.028+0000][591.675s][1][129][trace] GC(95) _eden_chunk_array[236]=0x00000000fa3f4350
[2025-08-08T15:30:26.028+0000][591.675s][1][129][trace] GC(95) _eden_chunk_array[237]=0x00000000fa432458
[2025-08-08T15:30:26.028+0000][591.675s][1][129][trace] GC(95) _eden_chunk_array[238]=0x00000000fa452778
[2025-08-08T15:30:26.028+0000][591.675s][1][129][trace] GC(95) _eden_chunk_array[239]=0x00000000fa472900
[2025-08-08T15:30:26.028+0000][591.675s][1][129][trace] GC(95) _eden_chunk_array[240]=0x00000000fa4c57b0
[2025-08-08T15:30:26.028+0000][591.675s][1][129][trace] GC(95) _eden_chunk_array[241]=0x00000000fa4f9720
[2025-08-08T15:30:26.028+0000][591.675s][1][129][trace] GC(95) _eden_chunk_array[242]=0x00000000fa523aa8
[2025-08-08T15:30:26.028+0000][591.675s][1][129][trace] GC(95) _eden_chunk_array[243]=0x00000000fa544b70
[2025-08-08T15:30:26.028+0000][591.675s][1][129][trace] GC(95) _eden_chunk_array[244]=0x00000000fa57c420
[2025-08-08T15:30:26.028+0000][591.675s][1][129][trace] GC(95) _eden_chunk_array[245]=0x00000000fa5b2030
[2025-08-08T15:30:26.028+0000][591.675s][1][129][trace] GC(95) _eden_chunk_array[246]=0x00000000fa5f9248
[2025-08-08T15:30:26.028+0000][591.675s][1][129][trace] GC(95) _eden_chunk_array[247]=0x00000000fa62f1c8
[2025-08-08T15:30:26.028+0000][591.675s][1][129][trace] GC(95) _eden_chunk_array[248]=0x00000000fa665150
[2025-08-08T15:30:26.028+0000][591.675s][1][129][trace] GC(95) _eden_chunk_array[249]=0x00000000fa69b110
[2025-08-08T15:30:26.028+0000][591.675s][1][129][trace] GC(95) _eden_chunk_array[250]=0x00000000fa6d10b0
[2025-08-08T15:30:26.028+0000][591.675s][1][129][trace] GC(95) _eden_chunk_array[251]=0x00000000fa6f3ae0
[2025-08-08T15:30:26.028+0000][591.675s][1][129][trace] GC(95) _eden_chunk_array[252]=0x00000000fa714e68
[2025-08-08T15:30:26.028+0000][591.675s][1][129][trace] GC(95) _eden_chunk_array[253]=0x00000000fa760e88
[2025-08-08T15:30:26.028+0000][591.675s][1][129][trace] GC(95) _eden_chunk_array[254]=0x00000000fa796470
[2025-08-08T15:30:26.028+0000][591.675s][1][129][trace] GC(95) _eden_chunk_array[255]=0x00000000fa7b9c58
[2025-08-08T15:30:26.028+0000][591.675s][1][129][trace] GC(95) _eden_chunk_array[256]=0x00000000fa8009f0
[2025-08-08T15:30:26.028+0000][591.675s][1][129][trace] GC(95) _eden_chunk_array[257]=0x00000000fa821fc8
[2025-08-08T15:30:26.028+0000][591.675s][1][129][trace] GC(95) _eden_chunk_array[258]=0x00000000fa84fed0
[2025-08-08T15:30:26.028+0000][591.675s][1][129][trace] GC(95) _eden_chunk_array[259]=0x00000000fa87ddc8
[2025-08-08T15:30:26.028+0000][591.675s][1][129][trace] GC(95) _eden_chunk_array[260]=0x00000000fa8d8c60
[2025-08-08T15:30:26.028+0000][591.675s][1][129][trace] GC(95) _eden_chunk_array[261]=0x00000000fa906b38
[2025-08-08T15:30:26.028+0000][591.675s][1][129][trace] GC(95) _eden_chunk_array[262]=0x00000000fa934a68
[2025-08-08T15:30:26.028+0000][591.675s][1][129][trace] GC(95) _eden_chunk_array[263]=0x00000000fa955138
[2025-08-08T15:30:26.028+0000][591.675s][1][129][trace] GC(95) _eden_chunk_array[264]=0x00000000fa9a3020
[2025-08-08T15:30:26.028+0000][591.675s][1][129][trace] GC(95) _eden_chunk_array[265]=0x00000000fa9ca970
[2025-08-08T15:30:26.028+0000][591.675s][1][129][trace] GC(95) _eden_chunk_array[266]=0x00000000fa9eb948
[2025-08-08T15:30:26.028+0000][591.675s][1][129][trace] GC(95) _eden_chunk_array[267]=0x00000000faa22858
[2025-08-08T15:30:26.028+0000][591.675s][1][129][trace] GC(95) _eden_chunk_array[268]=0x00000000faa5b488
[2025-08-08T15:30:26.028+0000][591.675s][1][129][trace] GC(95) _eden_chunk_array[269]=0x00000000faa80948
[2025-08-08T15:30:26.028+0000][591.675s][1][129][trace] GC(95) _eden_chunk_array[270]=0x00000000faaa2468
[2025-08-08T15:30:26.028+0000][591.675s][1][129][trace] GC(95) _eden_chunk_array[271]=0x00000000faad0370
[2025-08-08T15:30:26.028+0000][591.675s][1][129][trace] GC(95) _eden_chunk_array[272]=0x00000000fab1bd20
[2025-08-08T15:30:26.028+0000][591.675s][1][129][trace] GC(95) _eden_chunk_array[273]=0x00000000fab41778
[2025-08-08T15:30:26.028+0000][591.675s][1][129][trace] GC(95) _eden_chunk_array[274]=0x00000000faba35d8
[2025-08-08T15:30:26.028+0000][591.675s][1][129][trace] GC(95) _eden_chunk_array[275]=0x00000000fabc3b90
[2025-08-08T15:30:26.028+0000][591.675s][1][129][trace] GC(95) _eden_chunk_array[276]=0x00000000fabf1ac0
[2025-08-08T15:30:26.028+0000][591.675s][1][129][trace] GC(95) _eden_chunk_array[277]=0x00000000fac1f9c0
[2025-08-08T15:30:26.028+0000][591.675s][1][129][trace] GC(95) _eden_chunk_array[278]=0x00000000fac43458
[2025-08-08T15:30:26.028+0000][591.675s][1][129][trace] GC(95) _eden_chunk_array[279]=0x00000000fac664a0
[2025-08-08T15:30:26.028+0000][591.675s][1][129][trace] GC(95) _eden_chunk_array[280]=0x00000000faca8880
[2025-08-08T15:30:26.028+0000][591.675s][1][129][trace] GC(95) _eden_chunk_array[281]=0x00000000facdfad8
[2025-08-08T15:30:26.028+0000][591.675s][1][129][trace] GC(95) _eden_chunk_array[282]=0x00000000fad04058
[2025-08-08T15:30:26.028+0000][591.675s][1][129][trace] GC(95) _eden_chunk_array[283]=0x00000000fad3c618
[2025-08-08T15:30:26.028+0000][591.675s][1][129][trace] GC(95) _eden_chunk_array[284]=0x00000000fad83830
[2025-08-08T15:30:26.028+0000][591.675s][1][129][trace] GC(95) _eden_chunk_array[285]=0x00000000fadebdb8
[2025-08-08T15:30:26.028+0000][591.675s][1][129][trace] GC(95) _eden_chunk_array[286]=0x00000000fae21d50
[2025-08-08T15:30:26.028+0000][591.675s][1][129][trace] GC(95) _eden_chunk_array[287]=0x00000000fae57cf0
[2025-08-08T15:30:26.028+0000][591.675s][1][129][trace] GC(95) _eden_chunk_array[288]=0x00000000fae78468
[2025-08-08T15:30:26.028+0000][591.675s][1][129][trace] GC(95) _eden_chunk_array[289]=0x00000000faebf670
[2025-08-08T15:30:26.028+0000][591.675s][1][129][trace] GC(95) _eden_chunk_array[290]=0x00000000faee8840
[2025-08-08T15:30:26.028+0000][591.675s][1][129][trace] GC(95) _eden_chunk_array[291]=0x00000000faf08cc0
[2025-08-08T15:30:26.028+0000][591.675s][1][129][trace] GC(95) _eden_chunk_array[292]=0x00000000faf34878
[2025-08-08T15:30:26.028+0000][591.675s][1][129][trace] GC(95) _eden_chunk_array[293]=0x00000000faf62f18
[2025-08-08T15:30:26.028+0000][591.675s][1][129][trace] GC(95) _eden_chunk_array[294]=0x00000000faf8d3f8
[2025-08-08T15:30:26.028+0000][591.675s][1][129][trace] GC(95) _eden_chunk_array[295]=0x00000000fafb3e08
[2025-08-08T15:30:26.028+0000][591.675s][1][129][trace] GC(95) _eden_chunk_array[296]=0x00000000fafd9f00
[2025-08-08T15:30:26.028+0000][591.675s][1][129][trace] GC(95) _eden_chunk_array[297]=0x00000000faffd078
[2025-08-08T15:30:26.028+0000][591.675s][1][129][trace] GC(95) _eden_chunk_array[298]=0x00000000fb04faa0
[2025-08-08T15:30:26.028+0000][591.675s][1][129][trace] GC(95) _eden_chunk_array[299]=0x00000000fb0b1978
[2025-08-08T15:30:26.028+0000][591.675s][1][129][trace] GC(95) _eden_chunk_array[300]=0x00000000fb0e7908
[2025-08-08T15:30:26.028+0000][591.675s][1][129][trace] GC(95) _eden_chunk_array[301]=0x00000000fb11d890
[2025-08-08T15:30:26.028+0000][591.675s][1][129][trace] GC(95) _eden_chunk_array[302]=0x00000000fb153840
[2025-08-08T15:30:26.028+0000][591.675s][1][129][trace] GC(95) _eden_chunk_array[303]=0x00000000fb1897d0
[2025-08-08T15:30:26.028+0000][591.675s][1][129][trace] GC(95) _eden_chunk_array[304]=0x00000000fb1b2e50
[2025-08-08T15:30:26.028+0000][591.675s][1][129][trace] GC(95) _eden_chunk_array[305]=0x00000000fb1d2fa8
[2025-08-08T15:30:26.028+0000][591.675s][1][129][trace] GC(95) _eden_chunk_array[306]=0x00000000fb205b90
[2025-08-08T15:30:26.028+0000][591.675s][1][129][trace] GC(95) _eden_chunk_array[307]=0x00000000fb228c20
[2025-08-08T15:30:26.028+0000][591.675s][1][129][trace] GC(95) _eden_chunk_array[308]=0x00000000fb252f78
[2025-08-08T15:30:26.028+0000][591.675s][1][129][trace] GC(95) _eden_chunk_array[309]=0x00000000fb2bd9b8
[2025-08-08T15:30:26.028+0000][591.675s][1][129][trace] GC(95) _eden_chunk_array[310]=0x00000000fb304bd0
[2025-08-08T15:30:26.028+0000][591.675s][1][129][trace] GC(95) _eden_chunk_array[311]=0x00000000fb326870
[2025-08-08T15:30:26.028+0000][591.675s][1][129][trace] GC(95) _eden_chunk_array[312]=0x00000000fb34b4d0
[2025-08-08T15:30:26.028+0000][591.675s][1][129][trace] GC(95) _eden_chunk_array[313]=0x00000000fb370130
[2025-08-08T15:30:26.028+0000][591.675s][1][129][trace] GC(95) _eden_chunk_array[314]=0x00000000fb394dc8
[2025-08-08T15:30:26.028+0000][591.675s][1][129][trace] GC(95) _eden_chunk_array[315]=0x00000000fb3b9a48
[2025-08-08T15:30:26.028+0000][591.675s][1][129][trace] GC(95) _eden_chunk_array[316]=0x00000000fb3de6a0
[2025-08-08T15:30:26.028+0000][591.675s][1][129][trace] GC(95) _eden_chunk_array[317]=0x00000000fb415270
[2025-08-08T15:30:26.028+0000][591.675s][1][129][trace] GC(95) _eden_chunk_array[318]=0x00000000fb4494c0
[2025-08-08T15:30:26.028+0000][591.675s][1][129][trace] GC(95) _eden_chunk_array[319]=0x00000000fb46db38
[2025-08-08T15:30:26.028+0000][591.675s][1][129][trace] GC(95) _eden_chunk_array[320]=0x00000000fb490698
[2025-08-08T15:30:26.028+0000][591.675s][1][129][trace] GC(95) _eden_chunk_array[321]=0x00000000fb4b4c10
[2025-08-08T15:30:26.028+0000][591.675s][1][129][trace] GC(95) _eden_chunk_array[322]=0x00000000fb4d7d10
[2025-08-08T15:30:26.028+0000][591.675s][1][129][trace] GC(95) _eden_chunk_array[323]=0x00000000fb510950
[2025-08-08T15:30:26.028+0000][591.675s][1][129][trace] GC(95) _eden_chunk_array[324]=0x00000000fb534ec0
[2025-08-08T15:30:26.028+0000][591.676s][1][129][trace] GC(95) _eden_chunk_array[325]=0x00000000fb5585a0
[2025-08-08T15:30:26.028+0000][591.676s][1][129][trace] GC(95) _eden_chunk_array[326]=0x00000000fb5911e8
[2025-08-08T15:30:26.028+0000][591.676s][1][129][trace] GC(95) _eden_chunk_array[327]=0x00000000fb5c9e40
[2025-08-08T15:30:26.028+0000][591.676s][1][129][trace] GC(95) _eden_chunk_array[328]=0x00000000fb6173a8
[2025-08-08T15:30:26.028+0000][591.676s][1][129][trace] GC(95) _eden_chunk_array[329]=0x00000000fb672600
[2025-08-08T15:30:26.028+0000][591.676s][1][129][trace] GC(95) _eden_chunk_array[330]=0x00000000fb6a04c0
[2025-08-08T15:30:26.028+0000][591.676s][1][129][trace] GC(95) _eden_chunk_array[331]=0x00000000fb6ecbc8
[2025-08-08T15:30:26.028+0000][591.676s][1][129][trace] GC(95) _eden_chunk_array[332]=0x00000000fb70cec0
[2025-08-08T15:30:26.028+0000][591.676s][1][129][trace] GC(95) _eden_chunk_array[333]=0x00000000fb7338e0
[2025-08-08T15:30:26.028+0000][591.676s][1][129][trace] GC(95) _eden_chunk_array[334]=0x00000000fb75f0b0
[2025-08-08T15:30:26.028+0000][591.676s][1][129][trace] GC(95) _eden_chunk_array[335]=0x00000000fb7871e8
[2025-08-08T15:30:26.028+0000][591.676s][1][129][trace] GC(95) _eden_chunk_array[336]=0x00000000fb7ab810
[2025-08-08T15:30:26.028+0000][591.676s][1][129][trace] GC(95) _eden_chunk_array[337]=0x00000000fb7d7f50
[2025-08-08T15:30:26.028+0000][591.676s][1][129][trace] GC(95) _eden_chunk_array[338]=0x00000000fb7fb6e8
[2025-08-08T15:30:26.028+0000][591.676s][1][129][trace] GC(95) _eden_chunk_array[339]=0x00000000fb82c340
[2025-08-08T15:30:26.028+0000][591.676s][1][129][trace] GC(95) _eden_chunk_array[340]=0x00000000fb877cf8
[2025-08-08T15:30:26.028+0000][591.676s][1][129][trace] GC(95) _eden_chunk_array[341]=0x00000000fb89b488
[2025-08-08T15:30:26.028+0000][591.676s][1][129][trace] GC(95) _eden_chunk_array[342]=0x00000000fb8bec20
[2025-08-08T15:30:26.028+0000][591.676s][1][129][trace] GC(95) _eden_chunk_array[343]=0x00000000fb8e23d8
[2025-08-08T15:30:26.028+0000][591.676s][1][129][trace] GC(95) _eden_chunk_array[344]=0x00000000fb905b80
[2025-08-08T15:30:26.028+0000][591.676s][1][129][trace] GC(95) _eden_chunk_array[345]=0x00000000fb927270
[2025-08-08T15:30:26.028+0000][591.676s][1][129][trace] GC(95) _eden_chunk_array[346]=0x00000000fb954810
[2025-08-08T15:30:26.028+0000][591.676s][1][129][trace] GC(95) survivor 0x00000000fd410000-0x00000000fd410000-0x00000000fe780000(20381696)
[2025-08-08T15:30:26.028+0000][591.676s][1][129][trace] GC(95) _survivor_chunk_index=0, _survivor_chunk_capacity=9952
[2025-08-08T15:30:26.055+0000][591.702s][1][129][info ] GC(95) Pause Initial Mark 134M->134M(180M) 28.631ms
[2025-08-08T15:30:26.055+0000][591.702s][1][129][info ] Leaving safepoint region
[2025-08-08T15:30:26.055+0000][591.702s][1][129][info ] Total time for which application threads were stopped: 0.0289608 seconds, Stopping threads took: 0.0000361 seconds
[2025-08-08T15:30:26.055+0000][591.702s][1][128][info ] GC(95) Concurrent Mark
[2025-08-08T15:30:26.059+0000][591.706s][1][128][info ] GC(95) Concurrent Mark 3.386ms
[2025-08-08T15:30:26.059+0000][591.706s][1][128][info ] GC(95) Concurrent Preclean
[2025-08-08T15:30:26.059+0000][591.706s][1][128][info ] GC(95) Concurrent Preclean 0.228ms
[2025-08-08T15:30:26.059+0000][591.706s][1][128][info ] GC(95) Concurrent Abortable Preclean
[2025-08-08T15:30:26.059+0000][591.706s][1][128][trace] CMS: promo attempt is not safe: available(24) < av_promo(2795063), max_promo(135612432)
[2025-08-08T15:30:26.059+0000][591.706s][1][128][info ] GC(95) Concurrent Abortable Preclean 0.033ms
[2025-08-08T15:30:26.059+0000][591.707s][1][129][info ] Application time: 0.0042404 seconds
[2025-08-08T15:30:26.059+0000][591.707s][1][129][info ] Entering safepoint region: CMS_Final_Remark
[2025-08-08T15:30:26.060+0000][591.707s][1][129][trace] GC(95) eden 0x00000000f3800000-0x00000000fb954810-0x00000000fd410000(163643392)
[2025-08-08T15:30:26.060+0000][591.707s][1][129][trace] GC(95) _eden_chunk_index=347, _eden_chunk_capacity=11233
[2025-08-08T15:30:26.060+0000][591.707s][1][129][trace] GC(95) _eden_chunk_array[0]=0x00000000f73f9200
[2025-08-08T15:30:26.060+0000][591.707s][1][129][trace] GC(95) _eden_chunk_array[1]=0x00000000f74247b8
[2025-08-08T15:30:26.060+0000][591.707s][1][129][trace] GC(95) _eden_chunk_array[2]=0x00000000f7453930
[2025-08-08T15:30:26.060+0000][591.707s][1][129][trace] GC(95) _eden_chunk_array[3]=0x00000000f747dc68
[2025-08-08T15:30:26.060+0000][591.707s][1][129][trace] GC(95) _eden_chunk_array[4]=0x00000000f74ad020
[2025-08-08T15:30:26.060+0000][591.707s][1][129][trace] GC(95) _eden_chunk_array[5]=0x00000000f74d6e28
[2025-08-08T15:30:26.060+0000][591.707s][1][129][trace] GC(95) _eden_chunk_array[6]=0x00000000f74feb48
[2025-08-08T15:30:26.060+0000][591.707s][1][129][trace] GC(95) _eden_chunk_array[7]=0x00000000f7534cd8
[2025-08-08T15:30:26.060+0000][591.707s][1][129][trace] GC(95) _eden_chunk_array[8]=0x00000000f7554e70
[2025-08-08T15:30:26.060+0000][591.707s][1][129][trace] GC(95) _eden_chunk_array[9]=0x00000000f758a818
[2025-08-08T15:30:26.060+0000][591.707s][1][129][trace] GC(95) _eden_chunk_array[10]=0x00000000f75b8710
[2025-08-08T15:30:26.060+0000][591.707s][1][129][trace] GC(95) _eden_chunk_array[11]=0x00000000f75ff918
[2025-08-08T15:30:26.060+0000][591.707s][1][129][trace] GC(95) _eden_chunk_array[12]=0x00000000f7636b78
[2025-08-08T15:30:26.060+0000][591.707s][1][129][trace] GC(95) _eden_chunk_array[13]=0x00000000f767dd90
[2025-08-08T15:30:26.060+0000][591.707s][1][129][trace] GC(95) _eden_chunk_array[14]=0x00000000f76e4388
[2025-08-08T15:30:26.060+0000][591.707s][1][129][trace] GC(95) _eden_chunk_array[15]=0x00000000f7719c08
[2025-08-08T15:30:26.060+0000][591.707s][1][129][trace] GC(95) _eden_chunk_array[16]=0x00000000f774f498
[2025-08-08T15:30:26.060+0000][591.707s][1][129][trace] GC(95) _eden_chunk_array[17]=0x00000000f7784d40
[2025-08-08T15:30:26.060+0000][591.707s][1][129][trace] GC(95) _eden_chunk_array[18]=0x00000000f77ab4a0
[2025-08-08T15:30:26.060+0000][591.707s][1][129][trace] GC(95) _eden_chunk_array[19]=0x00000000f77cf2b0
[2025-08-08T15:30:26.060+0000][591.707s][1][129][trace] GC(95) _eden_chunk_array[20]=0x00000000f77f2938
[2025-08-08T15:30:26.060+0000][591.707s][1][129][trace] GC(95) _eden_chunk_array[21]=0x00000000f782c488
[2025-08-08T15:30:26.060+0000][591.707s][1][129][trace] GC(95) _eden_chunk_array[22]=0x00000000f7859ad0
[2025-08-08T15:30:26.060+0000][591.707s][1][129][trace] GC(95) _eden_chunk_array[23]=0x00000000f7890740
[2025-08-08T15:30:26.060+0000][591.707s][1][129][trace] GC(95) _eden_chunk_array[24]=0x00000000f78f70b0
[2025-08-08T15:30:26.060+0000][591.707s][1][129][trace] GC(95) _eden_chunk_array[25]=0x00000000f792d058
[2025-08-08T15:30:26.060+0000][591.707s][1][129][trace] GC(95) _eden_chunk_array[26]=0x00000000f7964c08
[2025-08-08T15:30:26.060+0000][591.707s][1][129][trace] GC(95) _eden_chunk_array[27]=0x00000000f7985bb0
[2025-08-08T15:30:26.060+0000][591.707s][1][129][trace] GC(95) _eden_chunk_array[28]=0x00000000f79ccdc8
[2025-08-08T15:30:26.060+0000][591.707s][1][129][trace] GC(95) _eden_chunk_array[29]=0x00000000f79fd778
[2025-08-08T15:30:26.060+0000][591.707s][1][129][trace] GC(95) _eden_chunk_array[30]=0x00000000f7a251b0
[2025-08-08T15:30:26.060+0000][591.707s][1][129][trace] GC(95) _eden_chunk_array[31]=0x00000000f7a8f220
[2025-08-08T15:30:26.060+0000][591.707s][1][129][trace] GC(95) _eden_chunk_array[32]=0x00000000f7abcfa0
[2025-08-08T15:30:26.060+0000][591.707s][1][129][trace] GC(95) _eden_chunk_array[33]=0x00000000f7b041c8
[2025-08-08T15:30:26.060+0000][591.707s][1][129][trace] GC(95) _eden_chunk_array[34]=0x00000000f7b32af8
[2025-08-08T15:30:26.060+0000][591.707s][1][129][trace] GC(95) _eden_chunk_array[35]=0x00000000f7b55750
[2025-08-08T15:30:26.060+0000][591.707s][1][129][trace] GC(95) _eden_chunk_array[36]=0x00000000f7b8f420
[2025-08-08T15:30:26.060+0000][591.707s][1][129][trace] GC(95) _eden_chunk_array[37]=0x00000000f7bb7128
[2025-08-08T15:30:26.060+0000][591.707s][1][129][trace] GC(95) _eden_chunk_array[38]=0x00000000f7bf9a90
[2025-08-08T15:30:26.060+0000][591.707s][1][129][trace] GC(95) _eden_chunk_array[39]=0x00000000f7c2f338
[2025-08-08T15:30:26.060+0000][591.707s][1][129][trace] GC(95) _eden_chunk_array[40]=0x00000000f7c64bd0
[2025-08-08T15:30:26.060+0000][591.707s][1][129][trace] GC(95) _eden_chunk_array[41]=0x00000000f7c9a478
[2025-08-08T15:30:26.060+0000][591.707s][1][129][trace] GC(95) _eden_chunk_array[42]=0x00000000f7ccdea0
[2025-08-08T15:30:26.060+0000][591.707s][1][129][trace] GC(95) _eden_chunk_array[43]=0x00000000f7cef8c0
[2025-08-08T15:30:26.060+0000][591.707s][1][129][trace] GC(95) _eden_chunk_array[44]=0x00000000f7d28840
[2025-08-08T15:30:26.060+0000][591.707s][1][129][trace] GC(95) _eden_chunk_array[45]=0x00000000f7d52ba0
[2025-08-08T15:30:26.060+0000][591.707s][1][129][trace] GC(95) _eden_chunk_array[46]=0x00000000f7d924a8
[2025-08-08T15:30:26.060+0000][591.707s][1][129][trace] GC(95) _eden_chunk_array[47]=0x00000000f7ddde58
[2025-08-08T15:30:26.060+0000][591.707s][1][129][trace] GC(95) _eden_chunk_array[48]=0x00000000f7e25078
[2025-08-08T15:30:26.060+0000][591.707s][1][129][trace] GC(95) _eden_chunk_array[49]=0x00000000f7e53a48
[2025-08-08T15:30:26.060+0000][591.707s][1][129][trace] GC(95) _eden_chunk_array[50]=0x00000000f7e82418
[2025-08-08T15:30:26.060+0000][591.707s][1][129][trace] GC(95) _eden_chunk_array[51]=0x00000000f7eb0de0
[2025-08-08T15:30:26.060+0000][591.707s][1][129][trace] GC(95) _eden_chunk_array[52]=0x00000000f7edf7d0
[2025-08-08T15:30:26.060+0000][591.707s][1][129][trace] GC(95) _eden_chunk_array[53]=0x00000000f7f1b0b8
[2025-08-08T15:30:26.060+0000][591.707s][1][129][trace] GC(95) _eden_chunk_array[54]=0x00000000f7f44d00
[2025-08-08T15:30:26.060+0000][591.707s][1][129][trace] GC(95) _eden_chunk_array[55]=0x00000000f7f66170
[2025-08-08T15:30:26.060+0000][591.707s][1][129][trace] GC(95) _eden_chunk_array[56]=0x00000000f7f8e538
[2025-08-08T15:30:26.060+0000][591.707s][1][129][trace] GC(95) _eden_chunk_array[57]=0x00000000f7fb15d0
[2025-08-08T15:30:26.060+0000][591.707s][1][129][trace] GC(95) _eden_chunk_array[58]=0x00000000f7fd57d0
[2025-08-08T15:30:26.060+0000][591.707s][1][129][trace] GC(95) _eden_chunk_array[59]=0x00000000f8010e90
[2025-08-08T15:30:26.060+0000][591.707s][1][129][trace] GC(95) _eden_chunk_array[60]=0x00000000f8041ae0
[2025-08-08T15:30:26.060+0000][591.707s][1][129][trace] GC(95) _eden_chunk_array[61]=0x00000000f8062088
[2025-08-08T15:30:26.060+0000][591.707s][1][129][trace] GC(95) _eden_chunk_array[62]=0x00000000f80a92a8
[2025-08-08T15:30:26.060+0000][591.707s][1][129][trace] GC(95) _eden_chunk_array[63]=0x00000000f80d7198
[2025-08-08T15:30:26.060+0000][591.707s][1][129][trace] GC(95) _eden_chunk_array[64]=0x00000000f80f80c0
[2025-08-08T15:30:26.060+0000][591.707s][1][129][trace] GC(95) _eden_chunk_array[65]=0x00000000f8125fa0
[2025-08-08T15:30:26.060+0000][591.707s][1][129][trace] GC(95) _eden_chunk_array[66]=0x00000000f8153e90
[2025-08-08T15:30:26.060+0000][591.707s][1][129][trace] GC(95) _eden_chunk_array[67]=0x00000000f8174ae8
[2025-08-08T15:30:26.060+0000][591.707s][1][129][trace] GC(95) _eden_chunk_array[68]=0x00000000f819b990
[2025-08-08T15:30:26.060+0000][591.707s][1][129][trace] GC(95) _eden_chunk_array[69]=0x00000000f81bba80
[2025-08-08T15:30:26.060+0000][591.707s][1][129][trace] GC(95) _eden_chunk_array[70]=0x00000000f820f900
[2025-08-08T15:30:26.060+0000][591.707s][1][129][trace] GC(95) _eden_chunk_array[71]=0x00000000f823d620
[2025-08-08T15:30:26.060+0000][591.707s][1][129][trace] GC(95) _eden_chunk_array[72]=0x00000000f8262ba8
[2025-08-08T15:30:26.060+0000][591.707s][1][129][trace] GC(95) _eden_chunk_array[73]=0x00000000f82ab2f8
[2025-08-08T15:30:26.060+0000][591.707s][1][129][trace] GC(95) _eden_chunk_array[74]=0x00000000f8311588
[2025-08-08T15:30:26.060+0000][591.707s][1][129][trace] GC(95) _eden_chunk_array[75]=0x00000000f834f680
[2025-08-08T15:30:26.060+0000][591.707s][1][129][trace] GC(95) _eden_chunk_array[76]=0x00000000f8373c00
[2025-08-08T15:30:26.060+0000][591.707s][1][129][trace] GC(95) _eden_chunk_array[77]=0x00000000f83b1d38
[2025-08-08T15:30:26.060+0000][591.707s][1][129][trace] GC(95) _eden_chunk_array[78]=0x00000000f83d29e0
[2025-08-08T15:30:26.060+0000][591.707s][1][129][trace] GC(95) _eden_chunk_array[79]=0x00000000f843d9b0
[2025-08-08T15:30:26.060+0000][591.707s][1][129][trace] GC(95) _eden_chunk_array[80]=0x00000000f8470448
[2025-08-08T15:30:26.060+0000][591.707s][1][129][trace] GC(95) _eden_chunk_array[81]=0x00000000f8494218
[2025-08-08T15:30:26.060+0000][591.707s][1][129][trace] GC(95) _eden_chunk_array[82]=0x00000000f84b46a0
[2025-08-08T15:30:26.060+0000][591.707s][1][129][trace] GC(95) _eden_chunk_array[83]=0x00000000f84df640
[2025-08-08T15:30:26.060+0000][591.707s][1][129][trace] GC(95) _eden_chunk_array[84]=0x00000000f8503248
[2025-08-08T15:30:26.060+0000][591.707s][1][129][trace] GC(95) _eden_chunk_array[85]=0x00000000f8525dd0
[2025-08-08T15:30:26.060+0000][591.707s][1][129][trace] GC(95) _eden_chunk_array[86]=0x00000000f8549fb0
[2025-08-08T15:30:26.060+0000][591.707s][1][129][trace] GC(95) _eden_chunk_array[87]=0x00000000f8593700
[2025-08-08T15:30:26.060+0000][591.707s][1][129][trace] GC(95) _eden_chunk_array[88]=0x00000000f85b6e98
[2025-08-08T15:30:26.060+0000][591.707s][1][129][trace] GC(95) _eden_chunk_array[89]=0x00000000f85da628
[2025-08-08T15:30:26.060+0000][591.707s][1][129][trace] GC(95) _eden_chunk_array[90]=0x00000000f8637ba0
[2025-08-08T15:30:26.060+0000][591.707s][1][129][trace] GC(95) _eden_chunk_array[91]=0x00000000f865b350
[2025-08-08T15:30:26.060+0000][591.707s][1][129][trace] GC(95) _eden_chunk_array[92]=0x00000000f867eaf8
[2025-08-08T15:30:26.060+0000][591.707s][1][129][trace] GC(95) _eden_chunk_array[93]=0x00000000f86a22b0
[2025-08-08T15:30:26.060+0000][591.707s][1][129][trace] GC(95) _eden_chunk_array[94]=0x00000000f86ce2b8
[2025-08-08T15:30:26.060+0000][591.707s][1][129][trace] GC(95) _eden_chunk_array[95]=0x00000000f871be30
[2025-08-08T15:30:26.060+0000][591.707s][1][129][trace] GC(95) _eden_chunk_array[96]=0x00000000f873c650
[2025-08-08T15:30:26.060+0000][591.707s][1][129][trace] GC(95) _eden_chunk_array[97]=0x00000000f877a548
[2025-08-08T15:30:26.060+0000][591.707s][1][129][trace] GC(95) _eden_chunk_array[98]=0x00000000f87ab198
[2025-08-08T15:30:26.060+0000][591.707s][1][129][trace] GC(95) _eden_chunk_array[99]=0x00000000f87cdba8
[2025-08-08T15:30:26.060+0000][591.707s][1][129][trace] GC(95) _eden_chunk_array[100]=0x00000000f87ff268
[2025-08-08T15:30:26.060+0000][591.707s][1][129][trace] GC(95) _eden_chunk_array[101]=0x00000000f8820d80
[2025-08-08T15:30:26.060+0000][591.707s][1][129][trace] GC(95) _eden_chunk_array[102]=0x00000000f885e7f8
[2025-08-08T15:30:26.060+0000][591.707s][1][129][trace] GC(95) _eden_chunk_array[103]=0x00000000f88976c8
[2025-08-08T15:30:26.060+0000][591.707s][1][129][trace] GC(95) _eden_chunk_array[104]=0x00000000f88e3080
[2025-08-08T15:30:26.060+0000][591.707s][1][129][trace] GC(95) _eden_chunk_array[105]=0x00000000f8910f80
[2025-08-08T15:30:26.060+0000][591.707s][1][129][trace] GC(95) _eden_chunk_array[106]=0x00000000f893eeb0
[2025-08-08T15:30:26.060+0000][591.707s][1][129][trace] GC(95) _eden_chunk_array[107]=0x00000000f89a4ac8
[2025-08-08T15:30:26.060+0000][591.707s][1][129][trace] GC(95) _eden_chunk_array[108]=0x00000000f89cb8e0
[2025-08-08T15:30:26.060+0000][591.707s][1][129][trace] GC(95) _eden_chunk_array[109]=0x00000000f89ec060
[2025-08-08T15:30:26.060+0000][591.707s][1][129][trace] GC(95) _eden_chunk_array[110]=0x00000000f8a448d8
[2025-08-08T15:30:26.060+0000][591.707s][1][129][trace] GC(95) _eden_chunk_array[111]=0x00000000f8a6cea8
[2025-08-08T15:30:26.060+0000][591.707s][1][129][trace] GC(95) _eden_chunk_array[112]=0x00000000f8a9c180
[2025-08-08T15:30:26.060+0000][591.707s][1][129][trace] GC(95) _eden_chunk_array[113]=0x00000000f8abe1a8
[2025-08-08T15:30:26.060+0000][591.707s][1][129][trace] GC(95) _eden_chunk_array[114]=0x00000000f8af4148
[2025-08-08T15:30:26.060+0000][591.707s][1][129][trace] GC(95) _eden_chunk_array[115]=0x00000000f8b5a148
[2025-08-08T15:30:26.060+0000][591.707s][1][129][trace] GC(95) _eden_chunk_array[116]=0x00000000f8ba1368
[2025-08-08T15:30:26.060+0000][591.707s][1][129][trace] GC(95) _eden_chunk_array[117]=0x00000000f8bdf490
[2025-08-08T15:30:26.060+0000][591.707s][1][129][trace] GC(95) _eden_chunk_array[118]=0x00000000f8c1d598
[2025-08-08T15:30:26.060+0000][591.707s][1][129][trace] GC(95) _eden_chunk_array[119]=0x00000000f8c5b698
[2025-08-08T15:30:26.060+0000][591.707s][1][129][trace] GC(95) _eden_chunk_array[120]=0x00000000f8c7b880
[2025-08-08T15:30:26.060+0000][591.707s][1][129][trace] GC(95) _eden_chunk_array[121]=0x00000000f8cad368
[2025-08-08T15:30:26.060+0000][591.708s][1][129][trace] GC(95) _eden_chunk_array[122]=0x00000000f8ccde78
[2025-08-08T15:30:26.060+0000][591.708s][1][129][trace] GC(95) _eden_chunk_array[123]=0x00000000f8cf5a38
[2025-08-08T15:30:26.060+0000][591.708s][1][129][trace] GC(95) _eden_chunk_array[124]=0x00000000f8d26178
[2025-08-08T15:30:26.060+0000][591.708s][1][129][trace] GC(95) _eden_chunk_array[125]=0x00000000f8d49900
[2025-08-08T15:30:26.060+0000][591.708s][1][129][trace] GC(95) _eden_chunk_array[126]=0x00000000f8d8b1f8
[2025-08-08T15:30:26.060+0000][591.708s][1][129][trace] GC(95) _eden_chunk_array[127]=0x00000000f8db2f10
[2025-08-08T15:30:26.060+0000][591.708s][1][129][trace] GC(95) _eden_chunk_array[128]=0x00000000f8de18e0
[2025-08-08T15:30:26.060+0000][591.708s][1][129][trace] GC(95) _eden_chunk_array[129]=0x00000000f8e18b48
[2025-08-08T15:30:26.060+0000][591.708s][1][129][trace] GC(95) _eden_chunk_array[130]=0x00000000f8e6f270
[2025-08-08T15:30:26.060+0000][591.708s][1][129][trace] GC(95) _eden_chunk_array[131]=0x00000000f8ebac10
[2025-08-08T15:30:26.060+0000][591.708s][1][129][trace] GC(95) _eden_chunk_array[132]=0x00000000f8f065c8
[2025-08-08T15:30:26.060+0000][591.708s][1][129][trace] GC(95) _eden_chunk_array[133]=0x00000000f8f51f80
[2025-08-08T15:30:26.060+0000][591.708s][1][129][trace] GC(95) _eden_chunk_array[134]=0x00000000f8f72620
[2025-08-08T15:30:26.060+0000][591.708s][1][129][trace] GC(95) _eden_chunk_array[135]=0x00000000f8fa4040
[2025-08-08T15:30:26.060+0000][591.708s][1][129][trace] GC(95) _eden_chunk_array[136]=0x00000000f8fc4d88
[2025-08-08T15:30:26.060+0000][591.708s][1][129][trace] GC(95) _eden_chunk_array[137]=0x00000000f8fec538
[2025-08-08T15:30:26.060+0000][591.708s][1][129][trace] GC(95) _eden_chunk_array[138]=0x00000000f902a638
[2025-08-08T15:30:26.060+0000][591.708s][1][129][trace] GC(95) _eden_chunk_array[139]=0x00000000f9058bc8
[2025-08-08T15:30:26.060+0000][591.708s][1][129][trace] GC(95) _eden_chunk_array[140]=0x00000000f9091800
[2025-08-08T15:30:26.060+0000][591.708s][1][129][trace] GC(95) _eden_chunk_array[141]=0x00000000f90dd1b8
[2025-08-08T15:30:26.060+0000][591.708s][1][129][trace] GC(95) _eden_chunk_array[142]=0x00000000f91409f8
[2025-08-08T15:30:26.060+0000][591.708s][1][129][trace] GC(95) _eden_chunk_array[143]=0x00000000f9179640
[2025-08-08T15:30:26.060+0000][591.708s][1][129][trace] GC(95) _eden_chunk_array[144]=0x00000000f91b3fe8
[2025-08-08T15:30:26.060+0000][591.708s][1][129][trace] GC(95) _eden_chunk_array[145]=0x00000000f91d5010
[2025-08-08T15:30:26.060+0000][591.708s][1][129][trace] GC(95) _eden_chunk_array[146]=0x00000000f91f5710
[2025-08-08T15:30:26.060+0000][591.708s][1][129][trace] GC(95) _eden_chunk_array[147]=0x00000000f92174a0
[2025-08-08T15:30:26.060+0000][591.708s][1][129][trace] GC(95) _eden_chunk_array[148]=0x00000000f9237f28
[2025-08-08T15:30:26.060+0000][591.708s][1][129][trace] GC(95) _eden_chunk_array[149]=0x00000000f9268880
[2025-08-08T15:30:26.060+0000][591.708s][1][129][trace] GC(95) _eden_chunk_array[150]=0x00000000f92b4220
[2025-08-08T15:30:26.060+0000][591.708s][1][129][trace] GC(95) _eden_chunk_array[151]=0x00000000f92d8e90
[2025-08-08T15:30:26.060+0000][591.708s][1][129][trace] GC(95) _eden_chunk_array[152]=0x00000000f9336e68
[2025-08-08T15:30:26.060+0000][591.708s][1][129][trace] GC(95) _eden_chunk_array[153]=0x00000000f936ce70
[2025-08-08T15:30:26.060+0000][591.708s][1][129][trace] GC(95) _eden_chunk_array[154]=0x00000000f93b8810
[2025-08-08T15:30:26.060+0000][591.708s][1][129][trace] GC(95) _eden_chunk_array[155]=0x00000000f93ffa18
[2025-08-08T15:30:26.060+0000][591.708s][1][129][trace] GC(95) _eden_chunk_array[156]=0x00000000f94267a0
[2025-08-08T15:30:26.060+0000][591.708s][1][129][trace] GC(95) _eden_chunk_array[157]=0x00000000f944e4b0
[2025-08-08T15:30:26.060+0000][591.708s][1][129][trace] GC(95) _eden_chunk_array[158]=0x00000000f94761c0
[2025-08-08T15:30:26.060+0000][591.708s][1][129][trace] GC(95) _eden_chunk_array[159]=0x00000000f94984d0
[2025-08-08T15:30:26.060+0000][591.708s][1][129][trace] GC(95) _eden_chunk_array[160]=0x00000000f94c9400
[2025-08-08T15:30:26.060+0000][591.708s][1][129][trace] GC(95) _eden_chunk_array[161]=0x00000000f94f6a80
[2025-08-08T15:30:26.060+0000][591.708s][1][129][trace] GC(95) _eden_chunk_array[162]=0x00000000f9520dc8
[2025-08-08T15:30:26.060+0000][591.708s][1][129][trace] GC(95) _eden_chunk_array[163]=0x00000000f954ecc8
[2025-08-08T15:30:26.060+0000][591.708s][1][129][trace] GC(95) _eden_chunk_array[164]=0x00000000f95aece8
[2025-08-08T15:30:26.060+0000][591.708s][1][129][trace] GC(95) _eden_chunk_array[165]=0x00000000f95dfd08
[2025-08-08T15:30:26.060+0000][591.708s][1][129][trace] GC(95) _eden_chunk_array[166]=0x00000000f9606700
[2025-08-08T15:30:26.060+0000][591.708s][1][129][trace] GC(95) _eden_chunk_array[167]=0x00000000f9628230
[2025-08-08T15:30:26.060+0000][591.708s][1][129][trace] GC(95) _eden_chunk_array[168]=0x00000000f968de50
[2025-08-08T15:30:26.061+0000][591.708s][1][129][trace] GC(95) _eden_chunk_array[169]=0x00000000f96bbd38
[2025-08-08T15:30:26.061+0000][591.708s][1][129][trace] GC(95) _eden_chunk_array[170]=0x00000000f96dc330
[2025-08-08T15:30:26.061+0000][591.708s][1][129][trace] GC(95) _eden_chunk_array[171]=0x00000000f9707340
[2025-08-08T15:30:26.061+0000][591.708s][1][129][trace] GC(95) _eden_chunk_array[172]=0x00000000f972e680
[2025-08-08T15:30:26.061+0000][591.708s][1][129][trace] GC(95) _eden_chunk_array[173]=0x00000000f97549f0
[2025-08-08T15:30:26.061+0000][591.708s][1][129][trace] GC(95) _eden_chunk_array[174]=0x00000000f97a8820
[2025-08-08T15:30:26.061+0000][591.708s][1][129][trace] GC(95) _eden_chunk_array[175]=0x00000000f97d3398
[2025-08-08T15:30:26.061+0000][591.708s][1][129][trace] GC(95) _eden_chunk_array[176]=0x00000000f97fdf80
[2025-08-08T15:30:26.061+0000][591.708s][1][129][trace] GC(95) _eden_chunk_array[177]=0x00000000f982e178
[2025-08-08T15:30:26.061+0000][591.708s][1][129][trace] GC(95) _eden_chunk_array[178]=0x00000000f9867ce0
[2025-08-08T15:30:26.061+0000][591.708s][1][129][trace] GC(95) _eden_chunk_array[179]=0x00000000f9895300
[2025-08-08T15:30:26.061+0000][591.708s][1][129][trace] GC(95) _eden_chunk_array[180]=0x00000000f98bd008
[2025-08-08T15:30:26.061+0000][591.708s][1][129][trace] GC(95) _eden_chunk_array[181]=0x00000000f98f2fb8
[2025-08-08T15:30:26.061+0000][591.708s][1][129][trace] GC(95) _eden_chunk_array[182]=0x00000000f991acd0
[2025-08-08T15:30:26.061+0000][591.708s][1][129][trace] GC(95) _eden_chunk_array[183]=0x00000000f9961bd8
[2025-08-08T15:30:26.061+0000][591.708s][1][129][trace] GC(95) _eden_chunk_array[184]=0x00000000f9997b80
[2025-08-08T15:30:26.061+0000][591.708s][1][129][trace] GC(95) _eden_chunk_array[185]=0x00000000f99cdb20
[2025-08-08T15:30:26.061+0000][591.708s][1][129][trace] GC(95) _eden_chunk_array[186]=0x00000000f99edb80
[2025-08-08T15:30:26.061+0000][591.708s][1][129][trace] GC(95) _eden_chunk_array[187]=0x00000000f9a0f7d0
[2025-08-08T15:30:26.061+0000][591.708s][1][129][trace] GC(95) _eden_chunk_array[188]=0x00000000f9a60a40
[2025-08-08T15:30:26.061+0000][591.708s][1][129][trace] GC(95) _eden_chunk_array[189]=0x00000000f9a8ad70
[2025-08-08T15:30:26.061+0000][591.708s][1][129][trace] GC(95) _eden_chunk_array[190]=0x00000000f9ad16f0
[2025-08-08T15:30:26.061+0000][591.708s][1][129][trace] GC(95) _eden_chunk_array[191]=0x00000000f9afba48
[2025-08-08T15:30:26.061+0000][591.708s][1][129][trace] GC(95) _eden_chunk_array[192]=0x00000000f9b42c60
[2025-08-08T15:30:26.061+0000][591.708s][1][129][trace] GC(95) _eden_chunk_array[193]=0x00000000f9b70b60
[2025-08-08T15:30:26.061+0000][591.708s][1][129][trace] GC(95) _eden_chunk_array[194]=0x00000000f9b9ea70
[2025-08-08T15:30:26.061+0000][591.708s][1][129][trace] GC(95) _eden_chunk_array[195]=0x00000000f9bcc968
[2025-08-08T15:30:26.061+0000][591.708s][1][129][trace] GC(95) _eden_chunk_array[196]=0x00000000f9bfa870
[2025-08-08T15:30:26.061+0000][591.708s][1][129][trace] GC(95) _eden_chunk_array[197]=0x00000000f9c28768
[2025-08-08T15:30:26.061+0000][591.708s][1][129][trace] GC(95) _eden_chunk_array[198]=0x00000000f9c48e68
[2025-08-08T15:30:26.061+0000][591.708s][1][129][trace] GC(95) _eden_chunk_array[199]=0x00000000f9c74180
[2025-08-08T15:30:26.061+0000][591.708s][1][129][trace] GC(95) _eden_chunk_array[200]=0x00000000f9c985c0
[2025-08-08T15:30:26.061+0000][591.708s][1][129][trace] GC(95) _eden_chunk_array[201]=0x00000000f9ce9f48
[2025-08-08T15:30:26.061+0000][591.708s][1][129][trace] GC(95) _eden_chunk_array[202]=0x00000000f9d12820
[2025-08-08T15:30:26.061+0000][591.708s][1][129][trace] GC(95) _eden_chunk_array[203]=0x00000000f9d4b4a0
[2025-08-08T15:30:26.061+0000][591.708s][1][129][trace] GC(95) _eden_chunk_array[204]=0x00000000f9d840e8
[2025-08-08T15:30:26.061+0000][591.708s][1][129][trace] GC(95) _eden_chunk_array[205]=0x00000000f9dbf798
[2025-08-08T15:30:26.061+0000][591.708s][1][129][trace] GC(95) _eden_chunk_array[206]=0x00000000f9dfae38
[2025-08-08T15:30:26.061+0000][591.708s][1][129][trace] GC(95) _eden_chunk_array[207]=0x00000000f9e33a88
[2025-08-08T15:30:26.061+0000][591.708s][1][129][trace] GC(95) _eden_chunk_array[208]=0x00000000f9e54b10
[2025-08-08T15:30:26.061+0000][591.708s][1][129][trace] GC(95) _eden_chunk_array[209]=0x00000000f9eb6cf8
[2025-08-08T15:30:26.061+0000][591.708s][1][129][trace] GC(95) _eden_chunk_array[210]=0x00000000f9f1d658
[2025-08-08T15:30:26.061+0000][591.708s][1][129][trace] GC(95) _eden_chunk_array[211]=0x00000000f9f3ff08
[2025-08-08T15:30:26.061+0000][591.708s][1][129][trace] GC(95) _eden_chunk_array[212]=0x00000000f9f60798
[2025-08-08T15:30:26.061+0000][591.708s][1][129][trace] GC(95) _eden_chunk_array[213]=0x00000000f9f8ddd0
[2025-08-08T15:30:26.061+0000][591.708s][1][129][trace] GC(95) _eden_chunk_array[214]=0x00000000f9fb78f8
[2025-08-08T15:30:26.061+0000][591.708s][1][129][trace] GC(95) _eden_chunk_array[215]=0x00000000f9fe9b10
[2025-08-08T15:30:26.061+0000][591.708s][1][129][trace] GC(95) _eden_chunk_array[216]=0x00000000fa013e58
[2025-08-08T15:30:26.061+0000][591.708s][1][129][trace] GC(95) _eden_chunk_array[217]=0x00000000fa03bb70
[2025-08-08T15:30:26.061+0000][591.708s][1][129][trace] GC(95) _eden_chunk_array[218]=0x00000000fa063890
[2025-08-08T15:30:26.061+0000][591.708s][1][129][trace] GC(95) _eden_chunk_array[219]=0x00000000fa0aaab0
[2025-08-08T15:30:26.061+0000][591.708s][1][129][trace] GC(95) _eden_chunk_array[220]=0x00000000fa0e2618
[2025-08-08T15:30:26.061+0000][591.708s][1][129][trace] GC(95) _eden_chunk_array[221]=0x00000000fa1185b0
[2025-08-08T15:30:26.061+0000][591.708s][1][129][trace] GC(95) _eden_chunk_array[222]=0x00000000fa14e7f0
[2025-08-08T15:30:26.061+0000][591.708s][1][129][trace] GC(95) _eden_chunk_array[223]=0x00000000fa184790
[2025-08-08T15:30:26.061+0000][591.708s][1][129][trace] GC(95) _eden_chunk_array[224]=0x00000000fa1aa238
[2025-08-08T15:30:26.061+0000][591.708s][1][129][trace] GC(95) _eden_chunk_array[225]=0x00000000fa1d0718
[2025-08-08T15:30:26.061+0000][591.708s][1][129][trace] GC(95) _eden_chunk_array[226]=0x00000000fa1f12b8
[2025-08-08T15:30:26.061+0000][591.708s][1][129][trace] GC(95) _eden_chunk_array[227]=0x00000000fa240490
[2025-08-08T15:30:26.061+0000][591.708s][1][129][trace] GC(95) _eden_chunk_array[228]=0x00000000fa270f58
[2025-08-08T15:30:26.061+0000][591.708s][1][129][trace] GC(95) _eden_chunk_array[229]=0x00000000fa2a35c0
[2025-08-08T15:30:26.061+0000][591.708s][1][129][trace] GC(95) _eden_chunk_array[230]=0x00000000fa2c77a0
[2025-08-08T15:30:26.061+0000][591.708s][1][129][trace] GC(95) _eden_chunk_array[231]=0x00000000fa2ebd18
[2025-08-08T15:30:26.061+0000][591.708s][1][129][trace] GC(95) _eden_chunk_array[232]=0x00000000fa310298
[2025-08-08T15:30:26.061+0000][591.708s][1][129][trace] GC(95) _eden_chunk_array[233]=0x00000000fa3574b0
[2025-08-08T15:30:26.061+0000][591.708s][1][129][trace] GC(95) _eden_chunk_array[234]=0x00000000fa378140
[2025-08-08T15:30:26.061+0000][591.708s][1][129][trace] GC(95) _eden_chunk_array[235]=0x00000000fa3b6240
[2025-08-08T15:30:26.061+0000][591.708s][1][129][trace] GC(95) _eden_chunk_array[236]=0x00000000fa3f4350
[2025-08-08T15:30:26.061+0000][591.708s][1][129][trace] GC(95) _eden_chunk_array[237]=0x00000000fa432458
[2025-08-08T15:30:26.061+0000][591.708s][1][129][trace] GC(95) _eden_chunk_array[238]=0x00000000fa452778
[2025-08-08T15:30:26.061+0000][591.708s][1][129][trace] GC(95) _eden_chunk_array[239]=0x00000000fa472900
[2025-08-08T15:30:26.061+0000][591.708s][1][129][trace] GC(95) _eden_chunk_array[240]=0x00000000fa4c57b0
[2025-08-08T15:30:26.061+0000][591.708s][1][129][trace] GC(95) _eden_chunk_array[241]=0x00000000fa4f9720
[2025-08-08T15:30:26.061+0000][591.708s][1][129][trace] GC(95) _eden_chunk_array[242]=0x00000000fa523aa8
[2025-08-08T15:30:26.061+0000][591.708s][1][129][trace] GC(95) _eden_chunk_array[243]=0x00000000fa544b70
[2025-08-08T15:30:26.061+0000][591.708s][1][129][trace] GC(95) _eden_chunk_array[244]=0x00000000fa57c420
[2025-08-08T15:30:26.061+0000][591.708s][1][129][trace] GC(95) _eden_chunk_array[245]=0x00000000fa5b2030
[2025-08-08T15:30:26.061+0000][591.708s][1][129][trace] GC(95) _eden_chunk_array[246]=0x00000000fa5f9248
[2025-08-08T15:30:26.061+0000][591.708s][1][129][trace] GC(95) _eden_chunk_array[247]=0x00000000fa62f1c8
[2025-08-08T15:30:26.061+0000][591.708s][1][129][trace] GC(95) _eden_chunk_array[248]=0x00000000fa665150
[2025-08-08T15:30:26.061+0000][591.708s][1][129][trace] GC(95) _eden_chunk_array[249]=0x00000000fa69b110
[2025-08-08T15:30:26.061+0000][591.708s][1][129][trace] GC(95) _eden_chunk_array[250]=0x00000000fa6d10b0
[2025-08-08T15:30:26.061+0000][591.708s][1][129][trace] GC(95) _eden_chunk_array[251]=0x00000000fa6f3ae0
[2025-08-08T15:30:26.061+0000][591.708s][1][129][trace] GC(95) _eden_chunk_array[252]=0x00000000fa714e68
[2025-08-08T15:30:26.061+0000][591.708s][1][129][trace] GC(95) _eden_chunk_array[253]=0x00000000fa760e88
[2025-08-08T15:30:26.061+0000][591.708s][1][129][trace] GC(95) _eden_chunk_array[254]=0x00000000fa796470
[2025-08-08T15:30:26.061+0000][591.708s][1][129][trace] GC(95) _eden_chunk_array[255]=0x00000000fa7b9c58
[2025-08-08T15:30:26.061+0000][591.708s][1][129][trace] GC(95) _eden_chunk_array[256]=0x00000000fa8009f0
[2025-08-08T15:30:26.061+0000][591.708s][1][129][trace] GC(95) _eden_chunk_array[257]=0x00000000fa821fc8
[2025-08-08T15:30:26.061+0000][591.708s][1][129][trace] GC(95) _eden_chunk_array[258]=0x00000000fa84fed0
[2025-08-08T15:30:26.061+0000][591.708s][1][129][trace] GC(95) _eden_chunk_array[259]=0x00000000fa87ddc8
[2025-08-08T15:30:26.061+0000][591.708s][1][129][trace] GC(95) _eden_chunk_array[260]=0x00000000fa8d8c60
[2025-08-08T15:30:26.061+0000][591.708s][1][129][trace] GC(95) _eden_chunk_array[261]=0x00000000fa906b38
[2025-08-08T15:30:26.061+0000][591.708s][1][129][trace] GC(95) _eden_chunk_array[262]=0x00000000fa934a68
[2025-08-08T15:30:26.061+0000][591.708s][1][129][trace] GC(95) _eden_chunk_array[263]=0x00000000fa955138
[2025-08-08T15:30:26.061+0000][591.708s][1][129][trace] GC(95) _eden_chunk_array[264]=0x00000000fa9a3020
[2025-08-08T15:30:26.061+0000][591.708s][1][129][trace] GC(95) _eden_chunk_array[265]=0x00000000fa9ca970
[2025-08-08T15:30:26.061+0000][591.708s][1][129][trace] GC(95) _eden_chunk_array[266]=0x00000000fa9eb948
[2025-08-08T15:30:26.061+0000][591.708s][1][129][trace] GC(95) _eden_chunk_array[267]=0x00000000faa22858
[2025-08-08T15:30:26.061+0000][591.708s][1][129][trace] GC(95) _eden_chunk_array[268]=0x00000000faa5b488
[2025-08-08T15:30:26.061+0000][591.708s][1][129][trace] GC(95) _eden_chunk_array[269]=0x00000000faa80948
[2025-08-08T15:30:26.061+0000][591.708s][1][129][trace] GC(95) _eden_chunk_array[270]=0x00000000faaa2468
[2025-08-08T15:30:26.061+0000][591.708s][1][129][trace] GC(95) _eden_chunk_array[271]=0x00000000faad0370
[2025-08-08T15:30:26.061+0000][591.708s][1][129][trace] GC(95) _eden_chunk_array[272]=0x00000000fab1bd20
[2025-08-08T15:30:26.061+0000][591.708s][1][129][trace] GC(95) _eden_chunk_array[273]=0x00000000fab41778
[2025-08-08T15:30:26.061+0000][591.708s][1][129][trace] GC(95) _eden_chunk_array[274]=0x00000000faba35d8
[2025-08-08T15:30:26.061+0000][591.708s][1][129][trace] GC(95) _eden_chunk_array[275]=0x00000000fabc3b90
[2025-08-08T15:30:26.061+0000][591.708s][1][129][trace] GC(95) _eden_chunk_array[276]=0x00000000fabf1ac0
[2025-08-08T15:30:26.061+0000][591.708s][1][129][trace] GC(95) _eden_chunk_array[277]=0x00000000fac1f9c0
[2025-08-08T15:30:26.061+0000][591.708s][1][129][trace] GC(95) _eden_chunk_array[278]=0x00000000fac43458
[2025-08-08T15:30:26.061+0000][591.708s][1][129][trace] GC(95) _eden_chunk_array[279]=0x00000000fac664a0
[2025-08-08T15:30:26.061+0000][591.708s][1][129][trace] GC(95) _eden_chunk_array[280]=0x00000000faca8880
[2025-08-08T15:30:26.061+0000][591.708s][1][129][trace] GC(95) _eden_chunk_array[281]=0x00000000facdfad8
[2025-08-08T15:30:26.061+0000][591.708s][1][129][trace] GC(95) _eden_chunk_array[282]=0x00000000fad04058
[2025-08-08T15:30:26.061+0000][591.708s][1][129][trace] GC(95) _eden_chunk_array[283]=0x00000000fad3c618
[2025-08-08T15:30:26.061+0000][591.708s][1][129][trace] GC(95) _eden_chunk_array[284]=0x00000000fad83830
[2025-08-08T15:30:26.061+0000][591.708s][1][129][trace] GC(95) _eden_chunk_array[285]=0x00000000fadebdb8
[2025-08-08T15:30:26.061+0000][591.708s][1][129][trace] GC(95) _eden_chunk_array[286]=0x00000000fae21d50
[2025-08-08T15:30:26.061+0000][591.708s][1][129][trace] GC(95) _eden_chunk_array[287]=0x00000000fae57cf0
[2025-08-08T15:30:26.061+0000][591.708s][1][129][trace] GC(95) _eden_chunk_array[288]=0x00000000fae78468
[2025-08-08T15:30:26.061+0000][591.708s][1][129][trace] GC(95) _eden_chunk_array[289]=0x00000000faebf670
[2025-08-08T15:30:26.061+0000][591.708s][1][129][trace] GC(95) _eden_chunk_array[290]=0x00000000faee8840
[2025-08-08T15:30:26.061+0000][591.708s][1][129][trace] GC(95) _eden_chunk_array[291]=0x00000000faf08cc0
[2025-08-08T15:30:26.061+0000][591.708s][1][129][trace] GC(95) _eden_chunk_array[292]=0x00000000faf34878
[2025-08-08T15:30:26.061+0000][591.708s][1][129][trace] GC(95) _eden_chunk_array[293]=0x00000000faf62f18
[2025-08-08T15:30:26.061+0000][591.708s][1][129][trace] GC(95) _eden_chunk_array[294]=0x00000000faf8d3f8
[2025-08-08T15:30:26.061+0000][591.708s][1][129][trace] GC(95) _eden_chunk_array[295]=0x00000000fafb3e08
[2025-08-08T15:30:26.061+0000][591.708s][1][129][trace] GC(95) _eden_chunk_array[296]=0x00000000fafd9f00
[2025-08-08T15:30:26.061+0000][591.708s][1][129][trace] GC(95) _eden_chunk_array[297]=0x00000000faffd078
[2025-08-08T15:30:26.061+0000][591.708s][1][129][trace] GC(95) _eden_chunk_array[298]=0x00000000fb04faa0
[2025-08-08T15:30:26.061+0000][591.708s][1][129][trace] GC(95) _eden_chunk_array[299]=0x00000000fb0b1978
[2025-08-08T15:30:26.061+0000][591.708s][1][129][trace] GC(95) _eden_chunk_array[300]=0x00000000fb0e7908
[2025-08-08T15:30:26.061+0000][591.708s][1][129][trace] GC(95) _eden_chunk_array[301]=0x00000000fb11d890
[2025-08-08T15:30:26.061+0000][591.708s][1][129][trace] GC(95) _eden_chunk_array[302]=0x00000000fb153840
[2025-08-08T15:30:26.061+0000][591.708s][1][129][trace] GC(95) _eden_chunk_array[303]=0x00000000fb1897d0
[2025-08-08T15:30:26.061+0000][591.708s][1][129][trace] GC(95) _eden_chunk_array[304]=0x00000000fb1b2e50
[2025-08-08T15:30:26.061+0000][591.708s][1][129][trace] GC(95) _eden_chunk_array[305]=0x00000000fb1d2fa8
[2025-08-08T15:30:26.061+0000][591.708s][1][129][trace] GC(95) _eden_chunk_array[306]=0x00000000fb205b90
[2025-08-08T15:30:26.061+0000][591.708s][1][129][trace] GC(95) _eden_chunk_array[307]=0x00000000fb228c20
[2025-08-08T15:30:26.061+0000][591.708s][1][129][trace] GC(95) _eden_chunk_array[308]=0x00000000fb252f78
[2025-08-08T15:30:26.061+0000][591.708s][1][129][trace] GC(95) _eden_chunk_array[309]=0x00000000fb2bd9b8
[2025-08-08T15:30:26.061+0000][591.708s][1][129][trace] GC(95) _eden_chunk_array[310]=0x00000000fb304bd0
[2025-08-08T15:30:26.061+0000][591.708s][1][129][trace] GC(95) _eden_chunk_array[311]=0x00000000fb326870
[2025-08-08T15:30:26.061+0000][591.708s][1][129][trace] GC(95) _eden_chunk_array[312]=0x00000000fb34b4d0
[2025-08-08T15:30:26.061+0000][591.708s][1][129][trace] GC(95) _eden_chunk_array[313]=0x00000000fb370130
[2025-08-08T15:30:26.061+0000][591.708s][1][129][trace] GC(95) _eden_chunk_array[314]=0x00000000fb394dc8
[2025-08-08T15:30:26.061+0000][591.709s][1][129][trace] GC(95) _eden_chunk_array[315]=0x00000000fb3b9a48
[2025-08-08T15:30:26.061+0000][591.709s][1][129][trace] GC(95) _eden_chunk_array[316]=0x00000000fb3de6a0
[2025-08-08T15:30:26.061+0000][591.709s][1][129][trace] GC(95) _eden_chunk_array[317]=0x00000000fb415270
[2025-08-08T15:30:26.061+0000][591.709s][1][129][trace] GC(95) _eden_chunk_array[318]=0x00000000fb4494c0
[2025-08-08T15:30:26.061+0000][591.709s][1][129][trace] GC(95) _eden_chunk_array[319]=0x00000000fb46db38
[2025-08-08T15:30:26.061+0000][591.709s][1][129][trace] GC(95) _eden_chunk_array[320]=0x00000000fb490698
[2025-08-08T15:30:26.061+0000][591.709s][1][129][trace] GC(95) _eden_chunk_array[321]=0x00000000fb4b4c10
[2025-08-08T15:30:26.061+0000][591.709s][1][129][trace] GC(95) _eden_chunk_array[322]=0x00000000fb4d7d10
[2025-08-08T15:30:26.061+0000][591.709s][1][129][trace] GC(95) _eden_chunk_array[323]=0x00000000fb510950
[2025-08-08T15:30:26.061+0000][591.709s][1][129][trace] GC(95) _eden_chunk_array[324]=0x00000000fb534ec0
[2025-08-08T15:30:26.061+0000][591.709s][1][129][trace] GC(95) _eden_chunk_array[325]=0x00000000fb5585a0
[2025-08-08T15:30:26.061+0000][591.709s][1][129][trace] GC(95) _eden_chunk_array[326]=0x00000000fb5911e8
[2025-08-08T15:30:26.061+0000][591.709s][1][129][trace] GC(95) _eden_chunk_array[327]=0x00000000fb5c9e40
[2025-08-08T15:30:26.061+0000][591.709s][1][129][trace] GC(95) _eden_chunk_array[328]=0x00000000fb6173a8
[2025-08-08T15:30:26.061+0000][591.709s][1][129][trace] GC(95) _eden_chunk_array[329]=0x00000000fb672600
[2025-08-08T15:30:26.061+0000][591.709s][1][129][trace] GC(95) _eden_chunk_array[330]=0x00000000fb6a04c0
[2025-08-08T15:30:26.061+0000][591.709s][1][129][trace] GC(95) _eden_chunk_array[331]=0x00000000fb6ecbc8
[2025-08-08T15:30:26.061+0000][591.709s][1][129][trace] GC(95) _eden_chunk_array[332]=0x00000000fb70cec0
[2025-08-08T15:30:26.061+0000][591.709s][1][129][trace] GC(95) _eden_chunk_array[333]=0x00000000fb7338e0
[2025-08-08T15:30:26.061+0000][591.709s][1][129][trace] GC(95) _eden_chunk_array[334]=0x00000000fb75f0b0
[2025-08-08T15:30:26.061+0000][591.709s][1][129][trace] GC(95) _eden_chunk_array[335]=0x00000000fb7871e8
[2025-08-08T15:30:26.061+0000][591.709s][1][129][trace] GC(95) _eden_chunk_array[336]=0x00000000fb7ab810
[2025-08-08T15:30:26.061+0000][591.709s][1][129][trace] GC(95) _eden_chunk_array[337]=0x00000000fb7d7f50
[2025-08-08T15:30:26.061+0000][591.709s][1][129][trace] GC(95) _eden_chunk_array[338]=0x00000000fb7fb6e8
[2025-08-08T15:30:26.061+0000][591.709s][1][129][trace] GC(95) _eden_chunk_array[339]=0x00000000fb82c340
[2025-08-08T15:30:26.061+0000][591.709s][1][129][trace] GC(95) _eden_chunk_array[340]=0x00000000fb877cf8
[2025-08-08T15:30:26.061+0000][591.709s][1][129][trace] GC(95) _eden_chunk_array[341]=0x00000000fb89b488
[2025-08-08T15:30:26.061+0000][591.709s][1][129][trace] GC(95) _eden_chunk_array[342]=0x00000000fb8bec20
[2025-08-08T15:30:26.061+0000][591.709s][1][129][trace] GC(95) _eden_chunk_array[343]=0x00000000fb8e23d8
[2025-08-08T15:30:26.061+0000][591.709s][1][129][trace] GC(95) _eden_chunk_array[344]=0x00000000fb905b80
[2025-08-08T15:30:26.061+0000][591.709s][1][129][trace] GC(95) _eden_chunk_array[345]=0x00000000fb927270
[2025-08-08T15:30:26.061+0000][591.709s][1][129][trace] GC(95) _eden_chunk_array[346]=0x00000000fb954810
[2025-08-08T15:30:26.061+0000][591.709s][1][129][trace] GC(95) survivor 0x00000000fd410000-0x00000000fd410000-0x00000000fe780000(20381696)
[2025-08-08T15:30:26.061+0000][591.709s][1][129][trace] GC(95) _survivor_chunk_index=0, _survivor_chunk_capacity=9952
[2025-08-08T15:30:26.098+0000][591.746s][1][129][info ] GC(95) Pause Remark 134M->134M(180M) 38.703ms
[2025-08-08T15:30:26.098+0000][591.746s][1][129][info ] Leaving safepoint region
[2025-08-08T15:30:26.098+0000][591.746s][1][129][info ] Total time for which application threads were stopped: 0.0389946 seconds, Stopping threads took: 0.0000503 seconds
[2025-08-08T15:30:26.098+0000][591.746s][1][128][info ] GC(95) Concurrent Sweep
[2025-08-08T15:30:26.100+0000][591.747s][1][128][info ] GC(95) Concurrent Sweep 1.417ms
[2025-08-08T15:30:26.100+0000][591.747s][1][128][info ] GC(95) Concurrent Reset
[2025-08-08T15:30:26.100+0000][591.747s][1][128][info ] GC(95) Concurrent Reset 0.011ms
[2025-08-08T15:30:26.100+0000][591.747s][1][128][info ] GC(95) Old: 5183K->5183K(5184K)
[2025-08-08T15:30:28.099+0000][593.746s][1][129][info ] Application time: 2.0007656 seconds
[2025-08-08T15:30:28.099+0000][593.746s][1][129][info ] Entering safepoint region: Cleanup
[2025-08-08T15:30:28.099+0000][593.747s][1][129][info ] Leaving safepoint region
[2025-08-08T15:30:28.099+0000][593.747s][1][129][info ] Total time for which application threads were stopped: 0.0001614 seconds, Stopping threads took: 0.0000281 seconds
[2025-08-08T15:30:31.101+0000][596.748s][1][129][info ] Application time: 3.0014410 seconds
[2025-08-08T15:30:31.101+0000][596.748s][1][129][info ] Entering safepoint region: Cleanup
[2025-08-08T15:30:31.101+0000][596.748s][1][129][info ] Leaving safepoint region
[2025-08-08T15:30:31.101+0000][596.748s][1][129][info ] Total time for which application threads were stopped: 0.0002074 seconds, Stopping threads took: 0.0000600 seconds
[2025-08-08T15:30:36.099+0000][601.747s][1][129][info ] Application time: 4.9984550 seconds
[2025-08-08T15:30:36.099+0000][601.747s][1][129][info ] Entering safepoint region: CMS_Initial_Mark
[2025-08-08T15:30:36.100+0000][601.747s][1][129][trace] GC(96) eden 0x00000000f3800000-0x00000000fc3d8d50-0x00000000fd410000(163643392)
[2025-08-08T15:30:36.100+0000][601.747s][1][129][trace] GC(96) _eden_chunk_index=401, _eden_chunk_capacity=11233
[2025-08-08T15:30:36.100+0000][601.747s][1][129][trace] GC(96) _eden_chunk_array[0]=0x00000000f73f9200
[2025-08-08T15:30:36.100+0000][601.747s][1][129][trace] GC(96) _eden_chunk_array[1]=0x00000000f74247b8
[2025-08-08T15:30:36.100+0000][601.747s][1][129][trace] GC(96) _eden_chunk_array[2]=0x00000000f7453930
[2025-08-08T15:30:36.100+0000][601.747s][1][129][trace] GC(96) _eden_chunk_array[3]=0x00000000f747dc68
[2025-08-08T15:30:36.100+0000][601.747s][1][129][trace] GC(96) _eden_chunk_array[4]=0x00000000f74ad020
[2025-08-08T15:30:36.100+0000][601.747s][1][129][trace] GC(96) _eden_chunk_array[5]=0x00000000f74d6e28
[2025-08-08T15:30:36.100+0000][601.747s][1][129][trace] GC(96) _eden_chunk_array[6]=0x00000000f74feb48
[2025-08-08T15:30:36.100+0000][601.747s][1][129][trace] GC(96) _eden_chunk_array[7]=0x00000000f7534cd8
[2025-08-08T15:30:36.100+0000][601.747s][1][129][trace] GC(96) _eden_chunk_array[8]=0x00000000f7554e70
[2025-08-08T15:30:36.100+0000][601.747s][1][129][trace] GC(96) _eden_chunk_array[9]=0x00000000f758a818
[2025-08-08T15:30:36.100+0000][601.747s][1][129][trace] GC(96) _eden_chunk_array[10]=0x00000000f75b8710
[2025-08-08T15:30:36.100+0000][601.747s][1][129][trace] GC(96) _eden_chunk_array[11]=0x00000000f75ff918
[2025-08-08T15:30:36.100+0000][601.747s][1][129][trace] GC(96) _eden_chunk_array[12]=0x00000000f7636b78
[2025-08-08T15:30:36.100+0000][601.747s][1][129][trace] GC(96) _eden_chunk_array[13]=0x00000000f767dd90
[2025-08-08T15:30:36.100+0000][601.747s][1][129][trace] GC(96) _eden_chunk_array[14]=0x00000000f76e4388
[2025-08-08T15:30:36.100+0000][601.747s][1][129][trace] GC(96) _eden_chunk_array[15]=0x00000000f7719c08
[2025-08-08T15:30:36.100+0000][601.747s][1][129][trace] GC(96) _eden_chunk_array[16]=0x00000000f774f498
[2025-08-08T15:30:36.100+0000][601.747s][1][129][trace] GC(96) _eden_chunk_array[17]=0x00000000f7784d40
[2025-08-08T15:30:36.100+0000][601.747s][1][129][trace] GC(96) _eden_chunk_array[18]=0x00000000f77ab4a0
[2025-08-08T15:30:36.100+0000][601.747s][1][129][trace] GC(96) _eden_chunk_array[19]=0x00000000f77cf2b0
[2025-08-08T15:30:36.100+0000][601.747s][1][129][trace] GC(96) _eden_chunk_array[20]=0x00000000f77f2938
[2025-08-08T15:30:36.100+0000][601.747s][1][129][trace] GC(96) _eden_chunk_array[21]=0x00000000f782c488
[2025-08-08T15:30:36.100+0000][601.747s][1][129][trace] GC(96) _eden_chunk_array[22]=0x00000000f7859ad0
[2025-08-08T15:30:36.100+0000][601.747s][1][129][trace] GC(96) _eden_chunk_array[23]=0x00000000f7890740
[2025-08-08T15:30:36.100+0000][601.747s][1][129][trace] GC(96) _eden_chunk_array[24]=0x00000000f78f70b0
[2025-08-08T15:30:36.100+0000][601.747s][1][129][trace] GC(96) _eden_chunk_array[25]=0x00000000f792d058
[2025-08-08T15:30:36.100+0000][601.747s][1][129][trace] GC(96) _eden_chunk_array[26]=0x00000000f7964c08
[2025-08-08T15:30:36.100+0000][601.747s][1][129][trace] GC(96) _eden_chunk_array[27]=0x00000000f7985bb0
[2025-08-08T15:30:36.100+0000][601.747s][1][129][trace] GC(96) _eden_chunk_array[28]=0x00000000f79ccdc8
[2025-08-08T15:30:36.100+0000][601.747s][1][129][trace] GC(96) _eden_chunk_array[29]=0x00000000f79fd778
[2025-08-08T15:30:36.100+0000][601.747s][1][129][trace] GC(96) _eden_chunk_array[30]=0x00000000f7a251b0
[2025-08-08T15:30:36.100+0000][601.747s][1][129][trace] GC(96) _eden_chunk_array[31]=0x00000000f7a8f220
[2025-08-08T15:30:36.100+0000][601.747s][1][129][trace] GC(96) _eden_chunk_array[32]=0x00000000f7abcfa0
[2025-08-08T15:30:36.100+0000][601.747s][1][129][trace] GC(96) _eden_chunk_array[33]=0x00000000f7b041c8
[2025-08-08T15:30:36.100+0000][601.747s][1][129][trace] GC(96) _eden_chunk_array[34]=0x00000000f7b32af8
[2025-08-08T15:30:36.100+0000][601.747s][1][129][trace] GC(96) _eden_chunk_array[35]=0x00000000f7b55750
[2025-08-08T15:30:36.100+0000][601.747s][1][129][trace] GC(96) _eden_chunk_array[36]=0x00000000f7b8f420
[2025-08-08T15:30:36.100+0000][601.747s][1][129][trace] GC(96) _eden_chunk_array[37]=0x00000000f7bb7128
[2025-08-08T15:30:36.100+0000][601.747s][1][129][trace] GC(96) _eden_chunk_array[38]=0x00000000f7bf9a90
[2025-08-08T15:30:36.100+0000][601.747s][1][129][trace] GC(96) _eden_chunk_array[39]=0x00000000f7c2f338
[2025-08-08T15:30:36.100+0000][601.747s][1][129][trace] GC(96) _eden_chunk_array[40]=0x00000000f7c64bd0
[2025-08-08T15:30:36.100+0000][601.747s][1][129][trace] GC(96) _eden_chunk_array[41]=0x00000000f7c9a478
[2025-08-08T15:30:36.100+0000][601.747s][1][129][trace] GC(96) _eden_chunk_array[42]=0x00000000f7ccdea0
[2025-08-08T15:30:36.100+0000][601.747s][1][129][trace] GC(96) _eden_chunk_array[43]=0x00000000f7cef8c0
[2025-08-08T15:30:36.100+0000][601.747s][1][129][trace] GC(96) _eden_chunk_array[44]=0x00000000f7d28840
[2025-08-08T15:30:36.100+0000][601.747s][1][129][trace] GC(96) _eden_chunk_array[45]=0x00000000f7d52ba0
[2025-08-08T15:30:36.100+0000][601.747s][1][129][trace] GC(96) _eden_chunk_array[46]=0x00000000f7d924a8
[2025-08-08T15:30:36.100+0000][601.747s][1][129][trace] GC(96) _eden_chunk_array[47]=0x00000000f7ddde58
[2025-08-08T15:30:36.100+0000][601.747s][1][129][trace] GC(96) _eden_chunk_array[48]=0x00000000f7e25078
[2025-08-08T15:30:36.100+0000][601.747s][1][129][trace] GC(96) _eden_chunk_array[49]=0x00000000f7e53a48
[2025-08-08T15:30:36.100+0000][601.747s][1][129][trace] GC(96) _eden_chunk_array[50]=0x00000000f7e82418
[2025-08-08T15:30:36.100+0000][601.747s][1][129][trace] GC(96) _eden_chunk_array[51]=0x00000000f7eb0de0
[2025-08-08T15:30:36.100+0000][601.747s][1][129][trace] GC(96) _eden_chunk_array[52]=0x00000000f7edf7d0
[2025-08-08T15:30:36.100+0000][601.747s][1][129][trace] GC(96) _eden_chunk_array[53]=0x00000000f7f1b0b8
[2025-08-08T15:30:36.100+0000][601.747s][1][129][trace] GC(96) _eden_chunk_array[54]=0x00000000f7f44d00
[2025-08-08T15:30:36.100+0000][601.747s][1][129][trace] GC(96) _eden_chunk_array[55]=0x00000000f7f66170
[2025-08-08T15:30:36.100+0000][601.747s][1][129][trace] GC(96) _eden_chunk_array[56]=0x00000000f7f8e538
[2025-08-08T15:30:36.100+0000][601.747s][1][129][trace] GC(96) _eden_chunk_array[57]=0x00000000f7fb15d0
[2025-08-08T15:30:36.100+0000][601.747s][1][129][trace] GC(96) _eden_chunk_array[58]=0x00000000f7fd57d0
[2025-08-08T15:30:36.100+0000][601.747s][1][129][trace] GC(96) _eden_chunk_array[59]=0x00000000f8010e90
[2025-08-08T15:30:36.100+0000][601.747s][1][129][trace] GC(96) _eden_chunk_array[60]=0x00000000f8041ae0
[2025-08-08T15:30:36.100+0000][601.747s][1][129][trace] GC(96) _eden_chunk_array[61]=0x00000000f8062088
[2025-08-08T15:30:36.100+0000][601.747s][1][129][trace] GC(96) _eden_chunk_array[62]=0x00000000f80a92a8
[2025-08-08T15:30:36.100+0000][601.747s][1][129][trace] GC(96) _eden_chunk_array[63]=0x00000000f80d7198
[2025-08-08T15:30:36.100+0000][601.747s][1][129][trace] GC(96) _eden_chunk_array[64]=0x00000000f80f80c0
[2025-08-08T15:30:36.100+0000][601.747s][1][129][trace] GC(96) _eden_chunk_array[65]=0x00000000f8125fa0
[2025-08-08T15:30:36.100+0000][601.747s][1][129][trace] GC(96) _eden_chunk_array[66]=0x00000000f8153e90
[2025-08-08T15:30:36.100+0000][601.747s][1][129][trace] GC(96) _eden_chunk_array[67]=0x00000000f8174ae8
[2025-08-08T15:30:36.100+0000][601.747s][1][129][trace] GC(96) _eden_chunk_array[68]=0x00000000f819b990
[2025-08-08T15:30:36.100+0000][601.747s][1][129][trace] GC(96) _eden_chunk_array[69]=0x00000000f81bba80
[2025-08-08T15:30:36.100+0000][601.747s][1][129][trace] GC(96) _eden_chunk_array[70]=0x00000000f820f900
[2025-08-08T15:30:36.100+0000][601.747s][1][129][trace] GC(96) _eden_chunk_array[71]=0x00000000f823d620
[2025-08-08T15:30:36.100+0000][601.747s][1][129][trace] GC(96) _eden_chunk_array[72]=0x00000000f8262ba8
[2025-08-08T15:30:36.100+0000][601.747s][1][129][trace] GC(96) _eden_chunk_array[73]=0x00000000f82ab2f8
[2025-08-08T15:30:36.100+0000][601.747s][1][129][trace] GC(96) _eden_chunk_array[74]=0x00000000f8311588
[2025-08-08T15:30:36.100+0000][601.747s][1][129][trace] GC(96) _eden_chunk_array[75]=0x00000000f834f680
[2025-08-08T15:30:36.100+0000][601.747s][1][129][trace] GC(96) _eden_chunk_array[76]=0x00000000f8373c00
[2025-08-08T15:30:36.100+0000][601.747s][1][129][trace] GC(96) _eden_chunk_array[77]=0x00000000f83b1d38
[2025-08-08T15:30:36.100+0000][601.747s][1][129][trace] GC(96) _eden_chunk_array[78]=0x00000000f83d29e0
[2025-08-08T15:30:36.100+0000][601.747s][1][129][trace] GC(96) _eden_chunk_array[79]=0x00000000f843d9b0
[2025-08-08T15:30:36.100+0000][601.747s][1][129][trace] GC(96) _eden_chunk_array[80]=0x00000000f8470448
[2025-08-08T15:30:36.100+0000][601.747s][1][129][trace] GC(96) _eden_chunk_array[81]=0x00000000f8494218
[2025-08-08T15:30:36.100+0000][601.747s][1][129][trace] GC(96) _eden_chunk_array[82]=0x00000000f84b46a0
[2025-08-08T15:30:36.100+0000][601.747s][1][129][trace] GC(96) _eden_chunk_array[83]=0x00000000f84df640
[2025-08-08T15:30:36.100+0000][601.747s][1][129][trace] GC(96) _eden_chunk_array[84]=0x00000000f8503248
[2025-08-08T15:30:36.100+0000][601.747s][1][129][trace] GC(96) _eden_chunk_array[85]=0x00000000f8525dd0
[2025-08-08T15:30:36.100+0000][601.747s][1][129][trace] GC(96) _eden_chunk_array[86]=0x00000000f8549fb0
[2025-08-08T15:30:36.100+0000][601.747s][1][129][trace] GC(96) _eden_chunk_array[87]=0x00000000f8593700
[2025-08-08T15:30:36.100+0000][601.747s][1][129][trace] GC(96) _eden_chunk_array[88]=0x00000000f85b6e98
[2025-08-08T15:30:36.100+0000][601.747s][1][129][trace] GC(96) _eden_chunk_array[89]=0x00000000f85da628
[2025-08-08T15:30:36.100+0000][601.747s][1][129][trace] GC(96) _eden_chunk_array[90]=0x00000000f8637ba0
[2025-08-08T15:30:36.100+0000][601.747s][1][129][trace] GC(96) _eden_chunk_array[91]=0x00000000f865b350
[2025-08-08T15:30:36.100+0000][601.747s][1][129][trace] GC(96) _eden_chunk_array[92]=0x00000000f867eaf8
[2025-08-08T15:30:36.100+0000][601.747s][1][129][trace] GC(96) _eden_chunk_array[93]=0x00000000f86a22b0
[2025-08-08T15:30:36.100+0000][601.747s][1][129][trace] GC(96) _eden_chunk_array[94]=0x00000000f86ce2b8
[2025-08-08T15:30:36.100+0000][601.747s][1][129][trace] GC(96) _eden_chunk_array[95]=0x00000000f871be30
[2025-08-08T15:30:36.100+0000][601.747s][1][129][trace] GC(96) _eden_chunk_array[96]=0x00000000f873c650
[2025-08-08T15:30:36.100+0000][601.747s][1][129][trace] GC(96) _eden_chunk_array[97]=0x00000000f877a548
[2025-08-08T15:30:36.100+0000][601.747s][1][129][trace] GC(96) _eden_chunk_array[98]=0x00000000f87ab198
[2025-08-08T15:30:36.100+0000][601.747s][1][129][trace] GC(96) _eden_chunk_array[99]=0x00000000f87cdba8
[2025-08-08T15:30:36.100+0000][601.747s][1][129][trace] GC(96) _eden_chunk_array[100]=0x00000000f87ff268
[2025-08-08T15:30:36.100+0000][601.747s][1][129][trace] GC(96) _eden_chunk_array[101]=0x00000000f8820d80
[2025-08-08T15:30:36.100+0000][601.747s][1][129][trace] GC(96) _eden_chunk_array[102]=0x00000000f885e7f8
[2025-08-08T15:30:36.100+0000][601.747s][1][129][trace] GC(96) _eden_chunk_array[103]=0x00000000f88976c8
[2025-08-08T15:30:36.100+0000][601.747s][1][129][trace] GC(96) _eden_chunk_array[104]=0x00000000f88e3080
[2025-08-08T15:30:36.100+0000][601.747s][1][129][trace] GC(96) _eden_chunk_array[105]=0x00000000f8910f80
[2025-08-08T15:30:36.100+0000][601.747s][1][129][trace] GC(96) _eden_chunk_array[106]=0x00000000f893eeb0
[2025-08-08T15:30:36.100+0000][601.747s][1][129][trace] GC(96) _eden_chunk_array[107]=0x00000000f89a4ac8
[2025-08-08T15:30:36.100+0000][601.747s][1][129][trace] GC(96) _eden_chunk_array[108]=0x00000000f89cb8e0
[2025-08-08T15:30:36.100+0000][601.747s][1][129][trace] GC(96) _eden_chunk_array[109]=0x00000000f89ec060
[2025-08-08T15:30:36.100+0000][601.747s][1][129][trace] GC(96) _eden_chunk_array[110]=0x00000000f8a448d8
[2025-08-08T15:30:36.100+0000][601.747s][1][129][trace] GC(96) _eden_chunk_array[111]=0x00000000f8a6cea8
[2025-08-08T15:30:36.100+0000][601.747s][1][129][trace] GC(96) _eden_chunk_array[112]=0x00000000f8a9c180
[2025-08-08T15:30:36.100+0000][601.747s][1][129][trace] GC(96) _eden_chunk_array[113]=0x00000000f8abe1a8
[2025-08-08T15:30:36.100+0000][601.747s][1][129][trace] GC(96) _eden_chunk_array[114]=0x00000000f8af4148
[2025-08-08T15:30:36.100+0000][601.748s][1][129][trace] GC(96) _eden_chunk_array[115]=0x00000000f8b5a148
[2025-08-08T15:30:36.100+0000][601.748s][1][129][trace] GC(96) _eden_chunk_array[116]=0x00000000f8ba1368
[2025-08-08T15:30:36.100+0000][601.748s][1][129][trace] GC(96) _eden_chunk_array[117]=0x00000000f8bdf490
[2025-08-08T15:30:36.100+0000][601.748s][1][129][trace] GC(96) _eden_chunk_array[118]=0x00000000f8c1d598
[2025-08-08T15:30:36.100+0000][601.748s][1][129][trace] GC(96) _eden_chunk_array[119]=0x00000000f8c5b698
[2025-08-08T15:30:36.100+0000][601.748s][1][129][trace] GC(96) _eden_chunk_array[120]=0x00000000f8c7b880
[2025-08-08T15:30:36.100+0000][601.748s][1][129][trace] GC(96) _eden_chunk_array[121]=0x00000000f8cad368
[2025-08-08T15:30:36.100+0000][601.748s][1][129][trace] GC(96) _eden_chunk_array[122]=0x00000000f8ccde78
[2025-08-08T15:30:36.100+0000][601.748s][1][129][trace] GC(96) _eden_chunk_array[123]=0x00000000f8cf5a38
[2025-08-08T15:30:36.100+0000][601.748s][1][129][trace] GC(96) _eden_chunk_array[124]=0x00000000f8d26178
[2025-08-08T15:30:36.100+0000][601.748s][1][129][trace] GC(96) _eden_chunk_array[125]=0x00000000f8d49900
[2025-08-08T15:30:36.100+0000][601.748s][1][129][trace] GC(96) _eden_chunk_array[126]=0x00000000f8d8b1f8
[2025-08-08T15:30:36.100+0000][601.748s][1][129][trace] GC(96) _eden_chunk_array[127]=0x00000000f8db2f10
[2025-08-08T15:30:36.100+0000][601.748s][1][129][trace] GC(96) _eden_chunk_array[128]=0x00000000f8de18e0
[2025-08-08T15:30:36.100+0000][601.748s][1][129][trace] GC(96) _eden_chunk_array[129]=0x00000000f8e18b48
[2025-08-08T15:30:36.100+0000][601.748s][1][129][trace] GC(96) _eden_chunk_array[130]=0x00000000f8e6f270
[2025-08-08T15:30:36.100+0000][601.748s][1][129][trace] GC(96) _eden_chunk_array[131]=0x00000000f8ebac10
[2025-08-08T15:30:36.100+0000][601.748s][1][129][trace] GC(96) _eden_chunk_array[132]=0x00000000f8f065c8
[2025-08-08T15:30:36.100+0000][601.748s][1][129][trace] GC(96) _eden_chunk_array[133]=0x00000000f8f51f80
[2025-08-08T15:30:36.100+0000][601.748s][1][129][trace] GC(96) _eden_chunk_array[134]=0x00000000f8f72620
[2025-08-08T15:30:36.100+0000][601.748s][1][129][trace] GC(96) _eden_chunk_array[135]=0x00000000f8fa4040
[2025-08-08T15:30:36.100+0000][601.748s][1][129][trace] GC(96) _eden_chunk_array[136]=0x00000000f8fc4d88
[2025-08-08T15:30:36.100+0000][601.748s][1][129][trace] GC(96) _eden_chunk_array[137]=0x00000000f8fec538
[2025-08-08T15:30:36.100+0000][601.748s][1][129][trace] GC(96) _eden_chunk_array[138]=0x00000000f902a638
[2025-08-08T15:30:36.100+0000][601.748s][1][129][trace] GC(96) _eden_chunk_array[139]=0x00000000f9058bc8
[2025-08-08T15:30:36.100+0000][601.748s][1][129][trace] GC(96) _eden_chunk_array[140]=0x00000000f9091800
[2025-08-08T15:30:36.100+0000][601.748s][1][129][trace] GC(96) _eden_chunk_array[141]=0x00000000f90dd1b8
[2025-08-08T15:30:36.100+0000][601.748s][1][129][trace] GC(96) _eden_chunk_array[142]=0x00000000f91409f8
[2025-08-08T15:30:36.100+0000][601.748s][1][129][trace] GC(96) _eden_chunk_array[143]=0x00000000f9179640
[2025-08-08T15:30:36.100+0000][601.748s][1][129][trace] GC(96) _eden_chunk_array[144]=0x00000000f91b3fe8
[2025-08-08T15:30:36.100+0000][601.748s][1][129][trace] GC(96) _eden_chunk_array[145]=0x00000000f91d5010
[2025-08-08T15:30:36.100+0000][601.748s][1][129][trace] GC(96) _eden_chunk_array[146]=0x00000000f91f5710
[2025-08-08T15:30:36.100+0000][601.748s][1][129][trace] GC(96) _eden_chunk_array[147]=0x00000000f92174a0
[2025-08-08T15:30:36.100+0000][601.748s][1][129][trace] GC(96) _eden_chunk_array[148]=0x00000000f9237f28
[2025-08-08T15:30:36.100+0000][601.748s][1][129][trace] GC(96) _eden_chunk_array[149]=0x00000000f9268880
[2025-08-08T15:30:36.100+0000][601.748s][1][129][trace] GC(96) _eden_chunk_array[150]=0x00000000f92b4220
[2025-08-08T15:30:36.100+0000][601.748s][1][129][trace] GC(96) _eden_chunk_array[151]=0x00000000f92d8e90
[2025-08-08T15:30:36.100+0000][601.748s][1][129][trace] GC(96) _eden_chunk_array[152]=0x00000000f9336e68
[2025-08-08T15:30:36.100+0000][601.748s][1][129][trace] GC(96) _eden_chunk_array[153]=0x00000000f936ce70
[2025-08-08T15:30:36.100+0000][601.748s][1][129][trace] GC(96) _eden_chunk_array[154]=0x00000000f93b8810
[2025-08-08T15:30:36.100+0000][601.748s][1][129][trace] GC(96) _eden_chunk_array[155]=0x00000000f93ffa18
[2025-08-08T15:30:36.100+0000][601.748s][1][129][trace] GC(96) _eden_chunk_array[156]=0x00000000f94267a0
[2025-08-08T15:30:36.100+0000][601.748s][1][129][trace] GC(96) _eden_chunk_array[157]=0x00000000f944e4b0
[2025-08-08T15:30:36.100+0000][601.748s][1][129][trace] GC(96) _eden_chunk_array[158]=0x00000000f94761c0
[2025-08-08T15:30:36.100+0000][601.748s][1][129][trace] GC(96) _eden_chunk_array[159]=0x00000000f94984d0
[2025-08-08T15:30:36.100+0000][601.748s][1][129][trace] GC(96) _eden_chunk_array[160]=0x00000000f94c9400
[2025-08-08T15:30:36.100+0000][601.748s][1][129][trace] GC(96) _eden_chunk_array[161]=0x00000000f94f6a80
[2025-08-08T15:30:36.100+0000][601.748s][1][129][trace] GC(96) _eden_chunk_array[162]=0x00000000f9520dc8
[2025-08-08T15:30:36.100+0000][601.748s][1][129][trace] GC(96) _eden_chunk_array[163]=0x00000000f954ecc8
[2025-08-08T15:30:36.100+0000][601.748s][1][129][trace] GC(96) _eden_chunk_array[164]=0x00000000f95aece8
[2025-08-08T15:30:36.100+0000][601.748s][1][129][trace] GC(96) _eden_chunk_array[165]=0x00000000f95dfd08
[2025-08-08T15:30:36.100+0000][601.748s][1][129][trace] GC(96) _eden_chunk_array[166]=0x00000000f9606700
[2025-08-08T15:30:36.100+0000][601.748s][1][129][trace] GC(96) _eden_chunk_array[167]=0x00000000f9628230
[2025-08-08T15:30:36.100+0000][601.748s][1][129][trace] GC(96) _eden_chunk_array[168]=0x00000000f968de50
[2025-08-08T15:30:36.100+0000][601.748s][1][129][trace] GC(96) _eden_chunk_array[169]=0x00000000f96bbd38
[2025-08-08T15:30:36.100+0000][601.748s][1][129][trace] GC(96) _eden_chunk_array[170]=0x00000000f96dc330
[2025-08-08T15:30:36.100+0000][601.748s][1][129][trace] GC(96) _eden_chunk_array[171]=0x00000000f9707340
[2025-08-08T15:30:36.100+0000][601.748s][1][129][trace] GC(96) _eden_chunk_array[172]=0x00000000f972e680
[2025-08-08T15:30:36.100+0000][601.748s][1][129][trace] GC(96) _eden_chunk_array[173]=0x00000000f97549f0
[2025-08-08T15:30:36.100+0000][601.748s][1][129][trace] GC(96) _eden_chunk_array[174]=0x00000000f97a8820
[2025-08-08T15:30:36.100+0000][601.748s][1][129][trace] GC(96) _eden_chunk_array[175]=0x00000000f97d3398
[2025-08-08T15:30:36.100+0000][601.748s][1][129][trace] GC(96) _eden_chunk_array[176]=0x00000000f97fdf80
[2025-08-08T15:30:36.100+0000][601.748s][1][129][trace] GC(96) _eden_chunk_array[177]=0x00000000f982e178
[2025-08-08T15:30:36.100+0000][601.748s][1][129][trace] GC(96) _eden_chunk_array[178]=0x00000000f9867ce0
[2025-08-08T15:30:36.100+0000][601.748s][1][129][trace] GC(96) _eden_chunk_array[179]=0x00000000f9895300
[2025-08-08T15:30:36.100+0000][601.748s][1][129][trace] GC(96) _eden_chunk_array[180]=0x00000000f98bd008
[2025-08-08T15:30:36.100+0000][601.748s][1][129][trace] GC(96) _eden_chunk_array[181]=0x00000000f98f2fb8
[2025-08-08T15:30:36.100+0000][601.748s][1][129][trace] GC(96) _eden_chunk_array[182]=0x00000000f991acd0
[2025-08-08T15:30:36.100+0000][601.748s][1][129][trace] GC(96) _eden_chunk_array[183]=0x00000000f9961bd8
[2025-08-08T15:30:36.100+0000][601.748s][1][129][trace] GC(96) _eden_chunk_array[184]=0x00000000f9997b80
[2025-08-08T15:30:36.100+0000][601.748s][1][129][trace] GC(96) _eden_chunk_array[185]=0x00000000f99cdb20
[2025-08-08T15:30:36.100+0000][601.748s][1][129][trace] GC(96) _eden_chunk_array[186]=0x00000000f99edb80
[2025-08-08T15:30:36.100+0000][601.748s][1][129][trace] GC(96) _eden_chunk_array[187]=0x00000000f9a0f7d0
[2025-08-08T15:30:36.100+0000][601.748s][1][129][trace] GC(96) _eden_chunk_array[188]=0x00000000f9a60a40
[2025-08-08T15:30:36.100+0000][601.748s][1][129][trace] GC(96) _eden_chunk_array[189]=0x00000000f9a8ad70
[2025-08-08T15:30:36.100+0000][601.748s][1][129][trace] GC(96) _eden_chunk_array[190]=0x00000000f9ad16f0
[2025-08-08T15:30:36.100+0000][601.748s][1][129][trace] GC(96) _eden_chunk_array[191]=0x00000000f9afba48
[2025-08-08T15:30:36.100+0000][601.748s][1][129][trace] GC(96) _eden_chunk_array[192]=0x00000000f9b42c60
[2025-08-08T15:30:36.101+0000][601.748s][1][129][trace] GC(96) _eden_chunk_array[193]=0x00000000f9b70b60
[2025-08-08T15:30:36.101+0000][601.748s][1][129][trace] GC(96) _eden_chunk_array[194]=0x00000000f9b9ea70
[2025-08-08T15:30:36.101+0000][601.748s][1][129][trace] GC(96) _eden_chunk_array[195]=0x00000000f9bcc968
[2025-08-08T15:30:36.101+0000][601.748s][1][129][trace] GC(96) _eden_chunk_array[196]=0x00000000f9bfa870
[2025-08-08T15:30:36.101+0000][601.748s][1][129][trace] GC(96) _eden_chunk_array[197]=0x00000000f9c28768
[2025-08-08T15:30:36.101+0000][601.748s][1][129][trace] GC(96) _eden_chunk_array[198]=0x00000000f9c48e68
[2025-08-08T15:30:36.101+0000][601.748s][1][129][trace] GC(96) _eden_chunk_array[199]=0x00000000f9c74180
[2025-08-08T15:30:36.101+0000][601.748s][1][129][trace] GC(96) _eden_chunk_array[200]=0x00000000f9c985c0
[2025-08-08T15:30:36.101+0000][601.748s][1][129][trace] GC(96) _eden_chunk_array[201]=0x00000000f9ce9f48
[2025-08-08T15:30:36.101+0000][601.748s][1][129][trace] GC(96) _eden_chunk_array[202]=0x00000000f9d12820
[2025-08-08T15:30:36.101+0000][601.748s][1][129][trace] GC(96) _eden_chunk_array[203]=0x00000000f9d4b4a0
[2025-08-08T15:30:36.101+0000][601.748s][1][129][trace] GC(96) _eden_chunk_array[204]=0x00000000f9d840e8
[2025-08-08T15:30:36.101+0000][601.748s][1][129][trace] GC(96) _eden_chunk_array[205]=0x00000000f9dbf798
[2025-08-08T15:30:36.101+0000][601.748s][1][129][trace] GC(96) _eden_chunk_array[206]=0x00000000f9dfae38
[2025-08-08T15:30:36.101+0000][601.748s][1][129][trace] GC(96) _eden_chunk_array[207]=0x00000000f9e33a88
[2025-08-08T15:30:36.101+0000][601.748s][1][129][trace] GC(96) _eden_chunk_array[208]=0x00000000f9e54b10
[2025-08-08T15:30:36.101+0000][601.748s][1][129][trace] GC(96) _eden_chunk_array[209]=0x00000000f9eb6cf8
[2025-08-08T15:30:36.101+0000][601.748s][1][129][trace] GC(96) _eden_chunk_array[210]=0x00000000f9f1d658
[2025-08-08T15:30:36.101+0000][601.748s][1][129][trace] GC(96) _eden_chunk_array[211]=0x00000000f9f3ff08
[2025-08-08T15:30:36.101+0000][601.748s][1][129][trace] GC(96) _eden_chunk_array[212]=0x00000000f9f60798
[2025-08-08T15:30:36.101+0000][601.748s][1][129][trace] GC(96) _eden_chunk_array[213]=0x00000000f9f8ddd0
[2025-08-08T15:30:36.101+0000][601.748s][1][129][trace] GC(96) _eden_chunk_array[214]=0x00000000f9fb78f8
[2025-08-08T15:30:36.101+0000][601.748s][1][129][trace] GC(96) _eden_chunk_array[215]=0x00000000f9fe9b10
[2025-08-08T15:30:36.101+0000][601.748s][1][129][trace] GC(96) _eden_chunk_array[216]=0x00000000fa013e58
[2025-08-08T15:30:36.101+0000][601.748s][1][129][trace] GC(96) _eden_chunk_array[217]=0x00000000fa03bb70
[2025-08-08T15:30:36.101+0000][601.748s][1][129][trace] GC(96) _eden_chunk_array[218]=0x00000000fa063890
[2025-08-08T15:30:36.101+0000][601.748s][1][129][trace] GC(96) _eden_chunk_array[219]=0x00000000fa0aaab0
[2025-08-08T15:30:36.101+0000][601.748s][1][129][trace] GC(96) _eden_chunk_array[220]=0x00000000fa0e2618
[2025-08-08T15:30:36.101+0000][601.748s][1][129][trace] GC(96) _eden_chunk_array[221]=0x00000000fa1185b0
[2025-08-08T15:30:36.101+0000][601.748s][1][129][trace] GC(96) _eden_chunk_array[222]=0x00000000fa14e7f0
[2025-08-08T15:30:36.101+0000][601.748s][1][129][trace] GC(96) _eden_chunk_array[223]=0x00000000fa184790
[2025-08-08T15:30:36.101+0000][601.748s][1][129][trace] GC(96) _eden_chunk_array[224]=0x00000000fa1aa238
[2025-08-08T15:30:36.101+0000][601.748s][1][129][trace] GC(96) _eden_chunk_array[225]=0x00000000fa1d0718
[2025-08-08T15:30:36.101+0000][601.748s][1][129][trace] GC(96) _eden_chunk_array[226]=0x00000000fa1f12b8
[2025-08-08T15:30:36.101+0000][601.748s][1][129][trace] GC(96) _eden_chunk_array[227]=0x00000000fa240490
[2025-08-08T15:30:36.101+0000][601.748s][1][129][trace] GC(96) _eden_chunk_array[228]=0x00000000fa270f58
[2025-08-08T15:30:36.101+0000][601.748s][1][129][trace] GC(96) _eden_chunk_array[229]=0x00000000fa2a35c0
[2025-08-08T15:30:36.101+0000][601.748s][1][129][trace] GC(96) _eden_chunk_array[230]=0x00000000fa2c77a0
[2025-08-08T15:30:36.101+0000][601.748s][1][129][trace] GC(96) _eden_chunk_array[231]=0x00000000fa2ebd18
[2025-08-08T15:30:36.101+0000][601.748s][1][129][trace] GC(96) _eden_chunk_array[232]=0x00000000fa310298
[2025-08-08T15:30:36.101+0000][601.748s][1][129][trace] GC(96) _eden_chunk_array[233]=0x00000000fa3574b0
[2025-08-08T15:30:36.101+0000][601.748s][1][129][trace] GC(96) _eden_chunk_array[234]=0x00000000fa378140
[2025-08-08T15:30:36.101+0000][601.748s][1][129][trace] GC(96) _eden_chunk_array[235]=0x00000000fa3b6240
[2025-08-08T15:30:36.101+0000][601.748s][1][129][trace] GC(96) _eden_chunk_array[236]=0x00000000fa3f4350
[2025-08-08T15:30:36.101+0000][601.748s][1][129][trace] GC(96) _eden_chunk_array[237]=0x00000000fa432458
[2025-08-08T15:30:36.101+0000][601.748s][1][129][trace] GC(96) _eden_chunk_array[238]=0x00000000fa452778
[2025-08-08T15:30:36.101+0000][601.748s][1][129][trace] GC(96) _eden_chunk_array[239]=0x00000000fa472900
[2025-08-08T15:30:36.101+0000][601.748s][1][129][trace] GC(96) _eden_chunk_array[240]=0x00000000fa4c57b0
[2025-08-08T15:30:36.101+0000][601.748s][1][129][trace] GC(96) _eden_chunk_array[241]=0x00000000fa4f9720
[2025-08-08T15:30:36.101+0000][601.748s][1][129][trace] GC(96) _eden_chunk_array[242]=0x00000000fa523aa8
[2025-08-08T15:30:36.101+0000][601.748s][1][129][trace] GC(96) _eden_chunk_array[243]=0x00000000fa544b70
[2025-08-08T15:30:36.101+0000][601.748s][1][129][trace] GC(96) _eden_chunk_array[244]=0x00000000fa57c420
[2025-08-08T15:30:36.101+0000][601.748s][1][129][trace] GC(96) _eden_chunk_array[245]=0x00000000fa5b2030
[2025-08-08T15:30:36.101+0000][601.748s][1][129][trace] GC(96) _eden_chunk_array[246]=0x00000000fa5f9248
[2025-08-08T15:30:36.101+0000][601.748s][1][129][trace] GC(96) _eden_chunk_array[247]=0x00000000fa62f1c8
[2025-08-08T15:30:36.101+0000][601.748s][1][129][trace] GC(96) _eden_chunk_array[248]=0x00000000fa665150
[2025-08-08T15:30:36.101+0000][601.748s][1][129][trace] GC(96) _eden_chunk_array[249]=0x00000000fa69b110
[2025-08-08T15:30:36.101+0000][601.748s][1][129][trace] GC(96) _eden_chunk_array[250]=0x00000000fa6d10b0
[2025-08-08T15:30:36.101+0000][601.748s][1][129][trace] GC(96) _eden_chunk_array[251]=0x00000000fa6f3ae0
[2025-08-08T15:30:36.101+0000][601.748s][1][129][trace] GC(96) _eden_chunk_array[252]=0x00000000fa714e68
[2025-08-08T15:30:36.101+0000][601.748s][1][129][trace] GC(96) _eden_chunk_array[253]=0x00000000fa760e88
[2025-08-08T15:30:36.101+0000][601.748s][1][129][trace] GC(96) _eden_chunk_array[254]=0x00000000fa796470
[2025-08-08T15:30:36.101+0000][601.748s][1][129][trace] GC(96) _eden_chunk_array[255]=0x00000000fa7b9c58
[2025-08-08T15:30:36.101+0000][601.748s][1][129][trace] GC(96) _eden_chunk_array[256]=0x00000000fa8009f0
[2025-08-08T15:30:36.101+0000][601.748s][1][129][trace] GC(96) _eden_chunk_array[257]=0x00000000fa821fc8
[2025-08-08T15:30:36.101+0000][601.748s][1][129][trace] GC(96) _eden_chunk_array[258]=0x00000000fa84fed0
[2025-08-08T15:30:36.101+0000][601.748s][1][129][trace] GC(96) _eden_chunk_array[259]=0x00000000fa87ddc8
[2025-08-08T15:30:36.101+0000][601.748s][1][129][trace] GC(96) _eden_chunk_array[260]=0x00000000fa8d8c60
[2025-08-08T15:30:36.101+0000][601.748s][1][129][trace] GC(96) _eden_chunk_array[261]=0x00000000fa906b38
[2025-08-08T15:30:36.101+0000][601.748s][1][129][trace] GC(96) _eden_chunk_array[262]=0x00000000fa934a68
[2025-08-08T15:30:36.101+0000][601.748s][1][129][trace] GC(96) _eden_chunk_array[263]=0x00000000fa955138
[2025-08-08T15:30:36.101+0000][601.748s][1][129][trace] GC(96) _eden_chunk_array[264]=0x00000000fa9a3020
[2025-08-08T15:30:36.101+0000][601.748s][1][129][trace] GC(96) _eden_chunk_array[265]=0x00000000fa9ca970
[2025-08-08T15:30:36.101+0000][601.748s][1][129][trace] GC(96) _eden_chunk_array[266]=0x00000000fa9eb948
[2025-08-08T15:30:36.101+0000][601.748s][1][129][trace] GC(96) _eden_chunk_array[267]=0x00000000faa22858
[2025-08-08T15:30:36.101+0000][601.748s][1][129][trace] GC(96) _eden_chunk_array[268]=0x00000000faa5b488
[2025-08-08T15:30:36.101+0000][601.748s][1][129][trace] GC(96) _eden_chunk_array[269]=0x00000000faa80948
[2025-08-08T15:30:36.101+0000][601.748s][1][129][trace] GC(96) _eden_chunk_array[270]=0x00000000faaa2468
[2025-08-08T15:30:36.101+0000][601.748s][1][129][trace] GC(96) _eden_chunk_array[271]=0x00000000faad0370
[2025-08-08T15:30:36.101+0000][601.748s][1][129][trace] GC(96) _eden_chunk_array[272]=0x00000000fab1bd20
[2025-08-08T15:30:36.101+0000][601.748s][1][129][trace] GC(96) _eden_chunk_array[273]=0x00000000fab41778
[2025-08-08T15:30:36.101+0000][601.748s][1][129][trace] GC(96) _eden_chunk_array[274]=0x00000000faba35d8
[2025-08-08T15:30:36.101+0000][601.748s][1][129][trace] GC(96) _eden_chunk_array[275]=0x00000000fabc3b90
[2025-08-08T15:30:36.101+0000][601.748s][1][129][trace] GC(96) _eden_chunk_array[276]=0x00000000fabf1ac0
[2025-08-08T15:30:36.101+0000][601.748s][1][129][trace] GC(96) _eden_chunk_array[277]=0x00000000fac1f9c0
[2025-08-08T15:30:36.101+0000][601.748s][1][129][trace] GC(96) _eden_chunk_array[278]=0x00000000fac43458
[2025-08-08T15:30:36.101+0000][601.748s][1][129][trace] GC(96) _eden_chunk_array[279]=0x00000000fac664a0
[2025-08-08T15:30:36.101+0000][601.748s][1][129][trace] GC(96) _eden_chunk_array[280]=0x00000000faca8880
[2025-08-08T15:30:36.101+0000][601.748s][1][129][trace] GC(96) _eden_chunk_array[281]=0x00000000facdfad8
[2025-08-08T15:30:36.101+0000][601.748s][1][129][trace] GC(96) _eden_chunk_array[282]=0x00000000fad04058
[2025-08-08T15:30:36.101+0000][601.748s][1][129][trace] GC(96) _eden_chunk_array[283]=0x00000000fad3c618
[2025-08-08T15:30:36.101+0000][601.748s][1][129][trace] GC(96) _eden_chunk_array[284]=0x00000000fad83830
[2025-08-08T15:30:36.101+0000][601.748s][1][129][trace] GC(96) _eden_chunk_array[285]=0x00000000fadebdb8
[2025-08-08T15:30:36.101+0000][601.748s][1][129][trace] GC(96) _eden_chunk_array[286]=0x00000000fae21d50
[2025-08-08T15:30:36.101+0000][601.748s][1][129][trace] GC(96) _eden_chunk_array[287]=0x00000000fae57cf0
[2025-08-08T15:30:36.101+0000][601.748s][1][129][trace] GC(96) _eden_chunk_array[288]=0x00000000fae78468
[2025-08-08T15:30:36.101+0000][601.748s][1][129][trace] GC(96) _eden_chunk_array[289]=0x00000000faebf670
[2025-08-08T15:30:36.101+0000][601.748s][1][129][trace] GC(96) _eden_chunk_array[290]=0x00000000faee8840
[2025-08-08T15:30:36.101+0000][601.748s][1][129][trace] GC(96) _eden_chunk_array[291]=0x00000000faf08cc0
[2025-08-08T15:30:36.101+0000][601.748s][1][129][trace] GC(96) _eden_chunk_array[292]=0x00000000faf34878
[2025-08-08T15:30:36.101+0000][601.748s][1][129][trace] GC(96) _eden_chunk_array[293]=0x00000000faf62f18
[2025-08-08T15:30:36.101+0000][601.748s][1][129][trace] GC(96) _eden_chunk_array[294]=0x00000000faf8d3f8
[2025-08-08T15:30:36.101+0000][601.748s][1][129][trace] GC(96) _eden_chunk_array[295]=0x00000000fafb3e08
[2025-08-08T15:30:36.101+0000][601.748s][1][129][trace] GC(96) _eden_chunk_array[296]=0x00000000fafd9f00
[2025-08-08T15:30:36.101+0000][601.748s][1][129][trace] GC(96) _eden_chunk_array[297]=0x00000000faffd078
[2025-08-08T15:30:36.101+0000][601.748s][1][129][trace] GC(96) _eden_chunk_array[298]=0x00000000fb04faa0
[2025-08-08T15:30:36.101+0000][601.748s][1][129][trace] GC(96) _eden_chunk_array[299]=0x00000000fb0b1978
[2025-08-08T15:30:36.101+0000][601.748s][1][129][trace] GC(96) _eden_chunk_array[300]=0x00000000fb0e7908
[2025-08-08T15:30:36.101+0000][601.748s][1][129][trace] GC(96) _eden_chunk_array[301]=0x00000000fb11d890
[2025-08-08T15:30:36.101+0000][601.748s][1][129][trace] GC(96) _eden_chunk_array[302]=0x00000000fb153840
[2025-08-08T15:30:36.101+0000][601.748s][1][129][trace] GC(96) _eden_chunk_array[303]=0x00000000fb1897d0
[2025-08-08T15:30:36.101+0000][601.748s][1][129][trace] GC(96) _eden_chunk_array[304]=0x00000000fb1b2e50
[2025-08-08T15:30:36.101+0000][601.748s][1][129][trace] GC(96) _eden_chunk_array[305]=0x00000000fb1d2fa8
[2025-08-08T15:30:36.101+0000][601.748s][1][129][trace] GC(96) _eden_chunk_array[306]=0x00000000fb205b90
[2025-08-08T15:30:36.101+0000][601.748s][1][129][trace] GC(96) _eden_chunk_array[307]=0x00000000fb228c20
[2025-08-08T15:30:36.101+0000][601.748s][1][129][trace] GC(96) _eden_chunk_array[308]=0x00000000fb252f78
[2025-08-08T15:30:36.101+0000][601.748s][1][129][trace] GC(96) _eden_chunk_array[309]=0x00000000fb2bd9b8
[2025-08-08T15:30:36.101+0000][601.748s][1][129][trace] GC(96) _eden_chunk_array[310]=0x00000000fb304bd0
[2025-08-08T15:30:36.101+0000][601.748s][1][129][trace] GC(96) _eden_chunk_array[311]=0x00000000fb326870
[2025-08-08T15:30:36.101+0000][601.748s][1][129][trace] GC(96) _eden_chunk_array[312]=0x00000000fb34b4d0
[2025-08-08T15:30:36.101+0000][601.748s][1][129][trace] GC(96) _eden_chunk_array[313]=0x00000000fb370130
[2025-08-08T15:30:36.101+0000][601.748s][1][129][trace] GC(96) _eden_chunk_array[314]=0x00000000fb394dc8
[2025-08-08T15:30:36.101+0000][601.748s][1][129][trace] GC(96) _eden_chunk_array[315]=0x00000000fb3b9a48
[2025-08-08T15:30:36.101+0000][601.748s][1][129][trace] GC(96) _eden_chunk_array[316]=0x00000000fb3de6a0
[2025-08-08T15:30:36.101+0000][601.748s][1][129][trace] GC(96) _eden_chunk_array[317]=0x00000000fb415270
[2025-08-08T15:30:36.101+0000][601.748s][1][129][trace] GC(96) _eden_chunk_array[318]=0x00000000fb4494c0
[2025-08-08T15:30:36.101+0000][601.748s][1][129][trace] GC(96) _eden_chunk_array[319]=0x00000000fb46db38
[2025-08-08T15:30:36.101+0000][601.748s][1][129][trace] GC(96) _eden_chunk_array[320]=0x00000000fb490698
[2025-08-08T15:30:36.101+0000][601.748s][1][129][trace] GC(96) _eden_chunk_array[321]=0x00000000fb4b4c10
[2025-08-08T15:30:36.101+0000][601.748s][1][129][trace] GC(96) _eden_chunk_array[322]=0x00000000fb4d7d10
[2025-08-08T15:30:36.101+0000][601.748s][1][129][trace] GC(96) _eden_chunk_array[323]=0x00000000fb510950
[2025-08-08T15:30:36.101+0000][601.748s][1][129][trace] GC(96) _eden_chunk_array[324]=0x00000000fb534ec0
[2025-08-08T15:30:36.101+0000][601.748s][1][129][trace] GC(96) _eden_chunk_array[325]=0x00000000fb5585a0
[2025-08-08T15:30:36.101+0000][601.748s][1][129][trace] GC(96) _eden_chunk_array[326]=0x00000000fb5911e8
[2025-08-08T15:30:36.101+0000][601.748s][1][129][trace] GC(96) _eden_chunk_array[327]=0x00000000fb5c9e40
[2025-08-08T15:30:36.101+0000][601.748s][1][129][trace] GC(96) _eden_chunk_array[328]=0x00000000fb6173a8
[2025-08-08T15:30:36.101+0000][601.748s][1][129][trace] GC(96) _eden_chunk_array[329]=0x00000000fb672600
[2025-08-08T15:30:36.101+0000][601.748s][1][129][trace] GC(96) _eden_chunk_array[330]=0x00000000fb6a04c0
[2025-08-08T15:30:36.101+0000][601.748s][1][129][trace] GC(96) _eden_chunk_array[331]=0x00000000fb6ecbc8
[2025-08-08T15:30:36.101+0000][601.748s][1][129][trace] GC(96) _eden_chunk_array[332]=0x00000000fb70cec0
[2025-08-08T15:30:36.101+0000][601.748s][1][129][trace] GC(96) _eden_chunk_array[333]=0x00000000fb7338e0
[2025-08-08T15:30:36.101+0000][601.748s][1][129][trace] GC(96) _eden_chunk_array[334]=0x00000000fb75f0b0
[2025-08-08T15:30:36.101+0000][601.748s][1][129][trace] GC(96) _eden_chunk_array[335]=0x00000000fb7871e8
[2025-08-08T15:30:36.101+0000][601.748s][1][129][trace] GC(96) _eden_chunk_array[336]=0x00000000fb7ab810
[2025-08-08T15:30:36.101+0000][601.748s][1][129][trace] GC(96) _eden_chunk_array[337]=0x00000000fb7d7f50
[2025-08-08T15:30:36.101+0000][601.748s][1][129][trace] GC(96) _eden_chunk_array[338]=0x00000000fb7fb6e8
[2025-08-08T15:30:36.101+0000][601.748s][1][129][trace] GC(96) _eden_chunk_array[339]=0x00000000fb82c340
[2025-08-08T15:30:36.101+0000][601.748s][1][129][trace] GC(96) _eden_chunk_array[340]=0x00000000fb877cf8
[2025-08-08T15:30:36.101+0000][601.748s][1][129][trace] GC(96) _eden_chunk_array[341]=0x00000000fb89b488
[2025-08-08T15:30:36.101+0000][601.748s][1][129][trace] GC(96) _eden_chunk_array[342]=0x00000000fb8bec20
[2025-08-08T15:30:36.101+0000][601.748s][1][129][trace] GC(96) _eden_chunk_array[343]=0x00000000fb8e23d8
[2025-08-08T15:30:36.101+0000][601.748s][1][129][trace] GC(96) _eden_chunk_array[344]=0x00000000fb905b80
[2025-08-08T15:30:36.101+0000][601.748s][1][129][trace] GC(96) _eden_chunk_array[345]=0x00000000fb927270
[2025-08-08T15:30:36.101+0000][601.748s][1][129][trace] GC(96) _eden_chunk_array[346]=0x00000000fb954810
[2025-08-08T15:30:36.101+0000][601.748s][1][129][trace] GC(96) _eden_chunk_array[347]=0x00000000fb97a168
[2025-08-08T15:30:36.101+0000][601.748s][1][129][trace] GC(96) _eden_chunk_array[348]=0x00000000fb9cc900
[2025-08-08T15:30:36.101+0000][601.748s][1][129][trace] GC(96) _eden_chunk_array[349]=0x00000000fb9f2848
[2025-08-08T15:30:36.101+0000][601.748s][1][129][trace] GC(96) _eden_chunk_array[350]=0x00000000fba15ff0
[2025-08-08T15:30:36.101+0000][601.748s][1][129][trace] GC(96) _eden_chunk_array[351]=0x00000000fba540e0
[2025-08-08T15:30:36.101+0000][601.748s][1][129][trace] GC(96) _eden_chunk_array[352]=0x00000000fba8f770
[2025-08-08T15:30:36.101+0000][601.748s][1][129][trace] GC(96) _eden_chunk_array[353]=0x00000000fbab3ce8
[2025-08-08T15:30:36.101+0000][601.748s][1][129][trace] GC(96) _eden_chunk_array[354]=0x00000000fbad8258
[2025-08-08T15:30:36.101+0000][601.748s][1][129][trace] GC(96) _eden_chunk_array[355]=0x00000000fbafc7c8
[2025-08-08T15:30:36.101+0000][601.748s][1][129][trace] GC(96) _eden_chunk_array[356]=0x00000000fbb481c0
[2025-08-08T15:30:36.101+0000][601.748s][1][129][trace] GC(96) _eden_chunk_array[357]=0x00000000fbb6c740
[2025-08-08T15:30:36.101+0000][601.748s][1][129][trace] GC(96) _eden_chunk_array[358]=0x00000000fbb90cc0
[2025-08-08T15:30:36.101+0000][601.748s][1][129][trace] GC(96) _eden_chunk_array[359]=0x00000000fbbdef48
[2025-08-08T15:30:36.101+0000][601.748s][1][129][trace] GC(96) _eden_chunk_array[360]=0x00000000fbc05210
[2025-08-08T15:30:36.101+0000][601.748s][1][129][trace] GC(96) _eden_chunk_array[361]=0x00000000fbc2aef8
[2025-08-08T15:30:36.101+0000][601.748s][1][129][trace] GC(96) _eden_chunk_array[362]=0x00000000fbc517f0
[2025-08-08T15:30:36.101+0000][601.748s][1][129][trace] GC(96) _eden_chunk_array[363]=0x00000000fbc71960
[2025-08-08T15:30:36.101+0000][601.748s][1][129][trace] GC(96) _eden_chunk_array[364]=0x00000000fbca9d38
[2025-08-08T15:30:36.101+0000][601.748s][1][129][trace] GC(96) _eden_chunk_array[365]=0x00000000fbce3928
[2025-08-08T15:30:36.101+0000][601.748s][1][129][trace] GC(96) _eden_chunk_array[366]=0x00000000fbd0dc60
[2025-08-08T15:30:36.101+0000][601.748s][1][129][trace] GC(96) _eden_chunk_array[367]=0x00000000fbd59618
[2025-08-08T15:30:36.101+0000][601.748s][1][129][trace] GC(96) _eden_chunk_array[368]=0x00000000fbd8f270
[2025-08-08T15:30:36.101+0000][601.748s][1][129][trace] GC(96) _eden_chunk_array[369]=0x00000000fbdd6490
[2025-08-08T15:30:36.101+0000][601.748s][1][129][trace] GC(96) _eden_chunk_array[370]=0x00000000fbe145b8
[2025-08-08T15:30:36.101+0000][601.748s][1][129][trace] GC(96) _eden_chunk_array[371]=0x00000000fbe526e8
[2025-08-08T15:30:36.101+0000][601.748s][1][129][trace] GC(96) _eden_chunk_array[372]=0x00000000fbe907e8
[2025-08-08T15:30:36.101+0000][601.748s][1][129][trace] GC(96) _eden_chunk_array[373]=0x00000000fbeb4d70
[2025-08-08T15:30:36.101+0000][601.748s][1][129][trace] GC(96) _eden_chunk_array[374]=0x00000000fbed56c0
[2025-08-08T15:30:36.101+0000][601.748s][1][129][trace] GC(96) _eden_chunk_array[375]=0x00000000fbf00b78
[2025-08-08T15:30:36.101+0000][601.748s][1][129][trace] GC(96) _eden_chunk_array[376]=0x00000000fbf25120
[2025-08-08T15:30:36.101+0000][601.748s][1][129][trace] GC(96) _eden_chunk_array[377]=0x00000000fbf5dd68
[2025-08-08T15:30:36.101+0000][601.748s][1][129][trace] GC(96) _eden_chunk_array[378]=0x00000000fbf822e8
[2025-08-08T15:30:36.101+0000][601.748s][1][129][trace] GC(96) _eden_chunk_array[379]=0x00000000fbfa6860
[2025-08-08T15:30:36.101+0000][601.748s][1][129][trace] GC(96) _eden_chunk_array[380]=0x00000000fbfedb88
[2025-08-08T15:30:36.101+0000][601.748s][1][129][trace] GC(96) _eden_chunk_array[381]=0x00000000fc027520
[2025-08-08T15:30:36.101+0000][601.748s][1][129][trace] GC(96) _eden_chunk_array[382]=0x00000000fc05cda8
[2025-08-08T15:30:36.101+0000][601.748s][1][129][trace] GC(96) _eden_chunk_array[383]=0x00000000fc092648
[2025-08-08T15:30:36.101+0000][601.749s][1][129][trace] GC(96) _eden_chunk_array[384]=0x00000000fc0c7ee0
[2025-08-08T15:30:36.101+0000][601.749s][1][129][trace] GC(96) _eden_chunk_array[385]=0x00000000fc0f5e88
[2025-08-08T15:30:36.101+0000][601.749s][1][129][trace] GC(96) _eden_chunk_array[386]=0x00000000fc11dca0
[2025-08-08T15:30:36.101+0000][601.749s][1][129][trace] GC(96) _eden_chunk_array[387]=0x00000000fc1889f0
[2025-08-08T15:30:36.101+0000][601.749s][1][129][trace] GC(96) _eden_chunk_array[388]=0x00000000fc1d17f8
[2025-08-08T15:30:36.101+0000][601.749s][1][129][trace] GC(96) _eden_chunk_array[389]=0x00000000fc1fcc00
[2025-08-08T15:30:36.101+0000][601.749s][1][129][trace] GC(96) _eden_chunk_array[390]=0x00000000fc21d560
[2025-08-08T15:30:36.101+0000][601.749s][1][129][trace] GC(96) _eden_chunk_array[391]=0x00000000fc23ffd8
[2025-08-08T15:30:36.101+0000][601.749s][1][129][trace] GC(96) _eden_chunk_array[392]=0x00000000fc2655d0
[2025-08-08T15:30:36.101+0000][601.749s][1][129][trace] GC(96) _eden_chunk_array[393]=0x00000000fc2933e0
[2025-08-08T15:30:36.101+0000][601.749s][1][129][trace] GC(96) _eden_chunk_array[394]=0x00000000fc2b6618
[2025-08-08T15:30:36.101+0000][601.749s][1][129][trace] GC(96) _eden_chunk_array[395]=0x00000000fc2d8650
[2025-08-08T15:30:36.101+0000][601.749s][1][129][trace] GC(96) _eden_chunk_array[396]=0x00000000fc2fb898
[2025-08-08T15:30:36.101+0000][601.749s][1][129][trace] GC(96) _eden_chunk_array[397]=0x00000000fc31d8c0
[2025-08-08T15:30:36.101+0000][601.749s][1][129][trace] GC(96) _eden_chunk_array[398]=0x00000000fc340af0
[2025-08-08T15:30:36.101+0000][601.749s][1][129][trace] GC(96) _eden_chunk_array[399]=0x00000000fc363da0
[2025-08-08T15:30:36.101+0000][601.749s][1][129][trace] GC(96) _eden_chunk_array[400]=0x00000000fc3c71b0
[2025-08-08T15:30:36.101+0000][601.749s][1][129][trace] GC(96) survivor 0x00000000fd410000-0x00000000fd410000-0x00000000fe780000(20381696)
[2025-08-08T15:30:36.101+0000][601.749s][1][129][trace] GC(96) _survivor_chunk_index=0, _survivor_chunk_capacity=9952
[2025-08-08T15:30:36.128+0000][601.775s][1][129][info ] GC(96) Pause Initial Mark 144M->144M(180M) 28.167ms
[2025-08-08T15:30:36.128+0000][601.775s][1][129][info ] Leaving safepoint region
[2025-08-08T15:30:36.128+0000][601.775s][1][129][info ] Total time for which application threads were stopped: 0.0284379 seconds, Stopping threads took: 0.0000318 seconds
[2025-08-08T15:30:36.128+0000][601.775s][1][128][info ] GC(96) Concurrent Mark
[2025-08-08T15:30:36.131+0000][601.778s][1][128][info ] GC(96) Concurrent Mark 2.716ms
[2025-08-08T15:30:36.131+0000][601.778s][1][128][info ] GC(96) Concurrent Preclean
[2025-08-08T15:30:36.131+0000][601.778s][1][128][info ] GC(96) Concurrent Preclean 0.212ms
[2025-08-08T15:30:36.131+0000][601.778s][1][128][info ] GC(96) Concurrent Abortable Preclean
[2025-08-08T15:30:36.131+0000][601.778s][1][128][trace] CMS: promo attempt is not safe: available(24) < av_promo(2795063), max_promo(146640208)
[2025-08-08T15:30:36.131+0000][601.778s][1][128][info ] GC(96) Concurrent Abortable Preclean 0.014ms
[2025-08-08T15:30:36.131+0000][601.778s][1][129][info ] Application time: 0.0032346 seconds
[2025-08-08T15:30:36.131+0000][601.778s][1][129][info ] Entering safepoint region: CMS_Final_Remark
[2025-08-08T15:30:36.131+0000][601.779s][1][129][trace] GC(96) eden 0x00000000f3800000-0x00000000fc3d8d50-0x00000000fd410000(163643392)
[2025-08-08T15:30:36.131+0000][601.779s][1][129][trace] GC(96) _eden_chunk_index=401, _eden_chunk_capacity=11233
[2025-08-08T15:30:36.131+0000][601.779s][1][129][trace] GC(96) _eden_chunk_array[0]=0x00000000f73f9200
[2025-08-08T15:30:36.131+0000][601.779s][1][129][trace] GC(96) _eden_chunk_array[1]=0x00000000f74247b8
[2025-08-08T15:30:36.131+0000][601.779s][1][129][trace] GC(96) _eden_chunk_array[2]=0x00000000f7453930
[2025-08-08T15:30:36.131+0000][601.779s][1][129][trace] GC(96) _eden_chunk_array[3]=0x00000000f747dc68
[2025-08-08T15:30:36.131+0000][601.779s][1][129][trace] GC(96) _eden_chunk_array[4]=0x00000000f74ad020
[2025-08-08T15:30:36.131+0000][601.779s][1][129][trace] GC(96) _eden_chunk_array[5]=0x00000000f74d6e28
[2025-08-08T15:30:36.131+0000][601.779s][1][129][trace] GC(96) _eden_chunk_array[6]=0x00000000f74feb48
[2025-08-08T15:30:36.131+0000][601.779s][1][129][trace] GC(96) _eden_chunk_array[7]=0x00000000f7534cd8
[2025-08-08T15:30:36.131+0000][601.779s][1][129][trace] GC(96) _eden_chunk_array[8]=0x00000000f7554e70
[2025-08-08T15:30:36.131+0000][601.779s][1][129][trace] GC(96) _eden_chunk_array[9]=0x00000000f758a818
[2025-08-08T15:30:36.131+0000][601.779s][1][129][trace] GC(96) _eden_chunk_array[10]=0x00000000f75b8710
[2025-08-08T15:30:36.131+0000][601.779s][1][129][trace] GC(96) _eden_chunk_array[11]=0x00000000f75ff918
[2025-08-08T15:30:36.131+0000][601.779s][1][129][trace] GC(96) _eden_chunk_array[12]=0x00000000f7636b78
[2025-08-08T15:30:36.131+0000][601.779s][1][129][trace] GC(96) _eden_chunk_array[13]=0x00000000f767dd90
[2025-08-08T15:30:36.131+0000][601.779s][1][129][trace] GC(96) _eden_chunk_array[14]=0x00000000f76e4388
[2025-08-08T15:30:36.131+0000][601.779s][1][129][trace] GC(96) _eden_chunk_array[15]=0x00000000f7719c08
[2025-08-08T15:30:36.131+0000][601.779s][1][129][trace] GC(96) _eden_chunk_array[16]=0x00000000f774f498
[2025-08-08T15:30:36.131+0000][601.779s][1][129][trace] GC(96) _eden_chunk_array[17]=0x00000000f7784d40
[2025-08-08T15:30:36.131+0000][601.779s][1][129][trace] GC(96) _eden_chunk_array[18]=0x00000000f77ab4a0
[2025-08-08T15:30:36.131+0000][601.779s][1][129][trace] GC(96) _eden_chunk_array[19]=0x00000000f77cf2b0
[2025-08-08T15:30:36.131+0000][601.779s][1][129][trace] GC(96) _eden_chunk_array[20]=0x00000000f77f2938
[2025-08-08T15:30:36.131+0000][601.779s][1][129][trace] GC(96) _eden_chunk_array[21]=0x00000000f782c488
[2025-08-08T15:30:36.131+0000][601.779s][1][129][trace] GC(96) _eden_chunk_array[22]=0x00000000f7859ad0
[2025-08-08T15:30:36.131+0000][601.779s][1][129][trace] GC(96) _eden_chunk_array[23]=0x00000000f7890740
[2025-08-08T15:30:36.131+0000][601.779s][1][129][trace] GC(96) _eden_chunk_array[24]=0x00000000f78f70b0
[2025-08-08T15:30:36.131+0000][601.779s][1][129][trace] GC(96) _eden_chunk_array[25]=0x00000000f792d058
[2025-08-08T15:30:36.131+0000][601.779s][1][129][trace] GC(96) _eden_chunk_array[26]=0x00000000f7964c08
[2025-08-08T15:30:36.131+0000][601.779s][1][129][trace] GC(96) _eden_chunk_array[27]=0x00000000f7985bb0
[2025-08-08T15:30:36.131+0000][601.779s][1][129][trace] GC(96) _eden_chunk_array[28]=0x00000000f79ccdc8
[2025-08-08T15:30:36.131+0000][601.779s][1][129][trace] GC(96) _eden_chunk_array[29]=0x00000000f79fd778
[2025-08-08T15:30:36.132+0000][601.779s][1][129][trace] GC(96) _eden_chunk_array[30]=0x00000000f7a251b0
[2025-08-08T15:30:36.132+0000][601.779s][1][129][trace] GC(96) _eden_chunk_array[31]=0x00000000f7a8f220
[2025-08-08T15:30:36.132+0000][601.779s][1][129][trace] GC(96) _eden_chunk_array[32]=0x00000000f7abcfa0
[2025-08-08T15:30:36.132+0000][601.779s][1][129][trace] GC(96) _eden_chunk_array[33]=0x00000000f7b041c8
[2025-08-08T15:30:36.132+0000][601.779s][1][129][trace] GC(96) _eden_chunk_array[34]=0x00000000f7b32af8
[2025-08-08T15:30:36.132+0000][601.779s][1][129][trace] GC(96) _eden_chunk_array[35]=0x00000000f7b55750
[2025-08-08T15:30:36.132+0000][601.779s][1][129][trace] GC(96) _eden_chunk_array[36]=0x00000000f7b8f420
[2025-08-08T15:30:36.132+0000][601.779s][1][129][trace] GC(96) _eden_chunk_array[37]=0x00000000f7bb7128
[2025-08-08T15:30:36.132+0000][601.779s][1][129][trace] GC(96) _eden_chunk_array[38]=0x00000000f7bf9a90
[2025-08-08T15:30:36.132+0000][601.779s][1][129][trace] GC(96) _eden_chunk_array[39]=0x00000000f7c2f338
[2025-08-08T15:30:36.132+0000][601.779s][1][129][trace] GC(96) _eden_chunk_array[40]=0x00000000f7c64bd0
[2025-08-08T15:30:36.132+0000][601.779s][1][129][trace] GC(96) _eden_chunk_array[41]=0x00000000f7c9a478
[2025-08-08T15:30:36.132+0000][601.779s][1][129][trace] GC(96) _eden_chunk_array[42]=0x00000000f7ccdea0
[2025-08-08T15:30:36.132+0000][601.779s][1][129][trace] GC(96) _eden_chunk_array[43]=0x00000000f7cef8c0
[2025-08-08T15:30:36.132+0000][601.779s][1][129][trace] GC(96) _eden_chunk_array[44]=0x00000000f7d28840
[2025-08-08T15:30:36.132+0000][601.779s][1][129][trace] GC(96) _eden_chunk_array[45]=0x00000000f7d52ba0
[2025-08-08T15:30:36.132+0000][601.779s][1][129][trace] GC(96) _eden_chunk_array[46]=0x00000000f7d924a8
[2025-08-08T15:30:36.132+0000][601.779s][1][129][trace] GC(96) _eden_chunk_array[47]=0x00000000f7ddde58
[2025-08-08T15:30:36.132+0000][601.779s][1][129][trace] GC(96) _eden_chunk_array[48]=0x00000000f7e25078
[2025-08-08T15:30:36.132+0000][601.779s][1][129][trace] GC(96) _eden_chunk_array[49]=0x00000000f7e53a48
[2025-08-08T15:30:36.132+0000][601.779s][1][129][trace] GC(96) _eden_chunk_array[50]=0x00000000f7e82418
[2025-08-08T15:30:36.132+0000][601.779s][1][129][trace] GC(96) _eden_chunk_array[51]=0x00000000f7eb0de0
[2025-08-08T15:30:36.132+0000][601.779s][1][129][trace] GC(96) _eden_chunk_array[52]=0x00000000f7edf7d0
[2025-08-08T15:30:36.132+0000][601.779s][1][129][trace] GC(96) _eden_chunk_array[53]=0x00000000f7f1b0b8
[2025-08-08T15:30:36.132+0000][601.779s][1][129][trace] GC(96) _eden_chunk_array[54]=0x00000000f7f44d00
[2025-08-08T15:30:36.132+0000][601.779s][1][129][trace] GC(96) _eden_chunk_array[55]=0x00000000f7f66170
[2025-08-08T15:30:36.132+0000][601.779s][1][129][trace] GC(96) _eden_chunk_array[56]=0x00000000f7f8e538
[2025-08-08T15:30:36.132+0000][601.779s][1][129][trace] GC(96) _eden_chunk_array[57]=0x00000000f7fb15d0
[2025-08-08T15:30:36.132+0000][601.779s][1][129][trace] GC(96) _eden_chunk_array[58]=0x00000000f7fd57d0
[2025-08-08T15:30:36.132+0000][601.779s][1][129][trace] GC(96) _eden_chunk_array[59]=0x00000000f8010e90
[2025-08-08T15:30:36.132+0000][601.779s][1][129][trace] GC(96) _eden_chunk_array[60]=0x00000000f8041ae0
[2025-08-08T15:30:36.132+0000][601.779s][1][129][trace] GC(96) _eden_chunk_array[61]=0x00000000f8062088
[2025-08-08T15:30:36.132+0000][601.779s][1][129][trace] GC(96) _eden_chunk_array[62]=0x00000000f80a92a8
[2025-08-08T15:30:36.132+0000][601.779s][1][129][trace] GC(96) _eden_chunk_array[63]=0x00000000f80d7198
[2025-08-08T15:30:36.132+0000][601.779s][1][129][trace] GC(96) _eden_chunk_array[64]=0x00000000f80f80c0
[2025-08-08T15:30:36.132+0000][601.779s][1][129][trace] GC(96) _eden_chunk_array[65]=0x00000000f8125fa0
[2025-08-08T15:30:36.132+0000][601.779s][1][129][trace] GC(96) _eden_chunk_array[66]=0x00000000f8153e90
[2025-08-08T15:30:36.132+0000][601.779s][1][129][trace] GC(96) _eden_chunk_array[67]=0x00000000f8174ae8
[2025-08-08T15:30:36.132+0000][601.779s][1][129][trace] GC(96) _eden_chunk_array[68]=0x00000000f819b990
[2025-08-08T15:30:36.132+0000][601.779s][1][129][trace] GC(96) _eden_chunk_array[69]=0x00000000f81bba80
[2025-08-08T15:30:36.132+0000][601.779s][1][129][trace] GC(96) _eden_chunk_array[70]=0x00000000f820f900
[2025-08-08T15:30:36.132+0000][601.779s][1][129][trace] GC(96) _eden_chunk_array[71]=0x00000000f823d620
[2025-08-08T15:30:36.132+0000][601.779s][1][129][trace] GC(96) _eden_chunk_array[72]=0x00000000f8262ba8
[2025-08-08T15:30:36.132+0000][601.779s][1][129][trace] GC(96) _eden_chunk_array[73]=0x00000000f82ab2f8
[2025-08-08T15:30:36.132+0000][601.779s][1][129][trace] GC(96) _eden_chunk_array[74]=0x00000000f8311588
[2025-08-08T15:30:36.132+0000][601.779s][1][129][trace] GC(96) _eden_chunk_array[75]=0x00000000f834f680
[2025-08-08T15:30:36.132+0000][601.779s][1][129][trace] GC(96) _eden_chunk_array[76]=0x00000000f8373c00
[2025-08-08T15:30:36.132+0000][601.779s][1][129][trace] GC(96) _eden_chunk_array[77]=0x00000000f83b1d38
[2025-08-08T15:30:36.132+0000][601.779s][1][129][trace] GC(96) _eden_chunk_array[78]=0x00000000f83d29e0
[2025-08-08T15:30:36.132+0000][601.779s][1][129][trace] GC(96) _eden_chunk_array[79]=0x00000000f843d9b0
[2025-08-08T15:30:36.132+0000][601.779s][1][129][trace] GC(96) _eden_chunk_array[80]=0x00000000f8470448
[2025-08-08T15:30:36.132+0000][601.779s][1][129][trace] GC(96) _eden_chunk_array[81]=0x00000000f8494218
[2025-08-08T15:30:36.132+0000][601.779s][1][129][trace] GC(96) _eden_chunk_array[82]=0x00000000f84b46a0
[2025-08-08T15:30:36.132+0000][601.779s][1][129][trace] GC(96) _eden_chunk_array[83]=0x00000000f84df640
[2025-08-08T15:30:36.132+0000][601.779s][1][129][trace] GC(96) _eden_chunk_array[84]=0x00000000f8503248
[2025-08-08T15:30:36.132+0000][601.779s][1][129][trace] GC(96) _eden_chunk_array[85]=0x00000000f8525dd0
[2025-08-08T15:30:36.132+0000][601.779s][1][129][trace] GC(96) _eden_chunk_array[86]=0x00000000f8549fb0
[2025-08-08T15:30:36.132+0000][601.779s][1][129][trace] GC(96) _eden_chunk_array[87]=0x00000000f8593700
[2025-08-08T15:30:36.132+0000][601.779s][1][129][trace] GC(96) _eden_chunk_array[88]=0x00000000f85b6e98
[2025-08-08T15:30:36.132+0000][601.779s][1][129][trace] GC(96) _eden_chunk_array[89]=0x00000000f85da628
[2025-08-08T15:30:36.132+0000][601.779s][1][129][trace] GC(96) _eden_chunk_array[90]=0x00000000f8637ba0
[2025-08-08T15:30:36.132+0000][601.779s][1][129][trace] GC(96) _eden_chunk_array[91]=0x00000000f865b350
[2025-08-08T15:30:36.132+0000][601.779s][1][129][trace] GC(96) _eden_chunk_array[92]=0x00000000f867eaf8
[2025-08-08T15:30:36.132+0000][601.779s][1][129][trace] GC(96) _eden_chunk_array[93]=0x00000000f86a22b0
[2025-08-08T15:30:36.132+0000][601.779s][1][129][trace] GC(96) _eden_chunk_array[94]=0x00000000f86ce2b8
[2025-08-08T15:30:36.132+0000][601.779s][1][129][trace] GC(96) _eden_chunk_array[95]=0x00000000f871be30
[2025-08-08T15:30:36.132+0000][601.779s][1][129][trace] GC(96) _eden_chunk_array[96]=0x00000000f873c650
[2025-08-08T15:30:36.132+0000][601.779s][1][129][trace] GC(96) _eden_chunk_array[97]=0x00000000f877a548
[2025-08-08T15:30:36.132+0000][601.779s][1][129][trace] GC(96) _eden_chunk_array[98]=0x00000000f87ab198
[2025-08-08T15:30:36.132+0000][601.779s][1][129][trace] GC(96) _eden_chunk_array[99]=0x00000000f87cdba8
[2025-08-08T15:30:36.132+0000][601.779s][1][129][trace] GC(96) _eden_chunk_array[100]=0x00000000f87ff268
[2025-08-08T15:30:36.132+0000][601.779s][1][129][trace] GC(96) _eden_chunk_array[101]=0x00000000f8820d80
[2025-08-08T15:30:36.132+0000][601.779s][1][129][trace] GC(96) _eden_chunk_array[102]=0x00000000f885e7f8
[2025-08-08T15:30:36.132+0000][601.779s][1][129][trace] GC(96) _eden_chunk_array[103]=0x00000000f88976c8
[2025-08-08T15:30:36.132+0000][601.779s][1][129][trace] GC(96) _eden_chunk_array[104]=0x00000000f88e3080
[2025-08-08T15:30:36.132+0000][601.779s][1][129][trace] GC(96) _eden_chunk_array[105]=0x00000000f8910f80
[2025-08-08T15:30:36.132+0000][601.779s][1][129][trace] GC(96) _eden_chunk_array[106]=0x00000000f893eeb0
[2025-08-08T15:30:36.132+0000][601.779s][1][129][trace] GC(96) _eden_chunk_array[107]=0x00000000f89a4ac8
[2025-08-08T15:30:36.132+0000][601.779s][1][129][trace] GC(96) _eden_chunk_array[108]=0x00000000f89cb8e0
[2025-08-08T15:30:36.132+0000][601.779s][1][129][trace] GC(96) _eden_chunk_array[109]=0x00000000f89ec060
[2025-08-08T15:30:36.132+0000][601.779s][1][129][trace] GC(96) _eden_chunk_array[110]=0x00000000f8a448d8
[2025-08-08T15:30:36.132+0000][601.779s][1][129][trace] GC(96) _eden_chunk_array[111]=0x00000000f8a6cea8
[2025-08-08T15:30:36.132+0000][601.779s][1][129][trace] GC(96) _eden_chunk_array[112]=0x00000000f8a9c180
[2025-08-08T15:30:36.132+0000][601.779s][1][129][trace] GC(96) _eden_chunk_array[113]=0x00000000f8abe1a8
[2025-08-08T15:30:36.132+0000][601.779s][1][129][trace] GC(96) _eden_chunk_array[114]=0x00000000f8af4148
[2025-08-08T15:30:36.132+0000][601.779s][1][129][trace] GC(96) _eden_chunk_array[115]=0x00000000f8b5a148
[2025-08-08T15:30:36.132+0000][601.779s][1][129][trace] GC(96) _eden_chunk_array[116]=0x00000000f8ba1368
[2025-08-08T15:30:36.132+0000][601.779s][1][129][trace] GC(96) _eden_chunk_array[117]=0x00000000f8bdf490
[2025-08-08T15:30:36.132+0000][601.779s][1][129][trace] GC(96) _eden_chunk_array[118]=0x00000000f8c1d598
[2025-08-08T15:30:36.132+0000][601.779s][1][129][trace] GC(96) _eden_chunk_array[119]=0x00000000f8c5b698
[2025-08-08T15:30:36.132+0000][601.779s][1][129][trace] GC(96) _eden_chunk_array[120]=0x00000000f8c7b880
[2025-08-08T15:30:36.132+0000][601.779s][1][129][trace] GC(96) _eden_chunk_array[121]=0x00000000f8cad368
[2025-08-08T15:30:36.132+0000][601.779s][1][129][trace] GC(96) _eden_chunk_array[122]=0x00000000f8ccde78
[2025-08-08T15:30:36.132+0000][601.779s][1][129][trace] GC(96) _eden_chunk_array[123]=0x00000000f8cf5a38
[2025-08-08T15:30:36.132+0000][601.779s][1][129][trace] GC(96) _eden_chunk_array[124]=0x00000000f8d26178
[2025-08-08T15:30:36.132+0000][601.779s][1][129][trace] GC(96) _eden_chunk_array[125]=0x00000000f8d49900
[2025-08-08T15:30:36.132+0000][601.779s][1][129][trace] GC(96) _eden_chunk_array[126]=0x00000000f8d8b1f8
[2025-08-08T15:30:36.132+0000][601.779s][1][129][trace] GC(96) _eden_chunk_array[127]=0x00000000f8db2f10
[2025-08-08T15:30:36.132+0000][601.779s][1][129][trace] GC(96) _eden_chunk_array[128]=0x00000000f8de18e0
[2025-08-08T15:30:36.132+0000][601.779s][1][129][trace] GC(96) _eden_chunk_array[129]=0x00000000f8e18b48
[2025-08-08T15:30:36.132+0000][601.779s][1][129][trace] GC(96) _eden_chunk_array[130]=0x00000000f8e6f270
[2025-08-08T15:30:36.132+0000][601.779s][1][129][trace] GC(96) _eden_chunk_array[131]=0x00000000f8ebac10
[2025-08-08T15:30:36.132+0000][601.779s][1][129][trace] GC(96) _eden_chunk_array[132]=0x00000000f8f065c8
[2025-08-08T15:30:36.132+0000][601.779s][1][129][trace] GC(96) _eden_chunk_array[133]=0x00000000f8f51f80
[2025-08-08T15:30:36.132+0000][601.779s][1][129][trace] GC(96) _eden_chunk_array[134]=0x00000000f8f72620
[2025-08-08T15:30:36.132+0000][601.779s][1][129][trace] GC(96) _eden_chunk_array[135]=0x00000000f8fa4040
[2025-08-08T15:30:36.132+0000][601.779s][1][129][trace] GC(96) _eden_chunk_array[136]=0x00000000f8fc4d88
[2025-08-08T15:30:36.132+0000][601.779s][1][129][trace] GC(96) _eden_chunk_array[137]=0x00000000f8fec538
[2025-08-08T15:30:36.132+0000][601.779s][1][129][trace] GC(96) _eden_chunk_array[138]=0x00000000f902a638
[2025-08-08T15:30:36.132+0000][601.779s][1][129][trace] GC(96) _eden_chunk_array[139]=0x00000000f9058bc8
[2025-08-08T15:30:36.132+0000][601.779s][1][129][trace] GC(96) _eden_chunk_array[140]=0x00000000f9091800
[2025-08-08T15:30:36.132+0000][601.779s][1][129][trace] GC(96) _eden_chunk_array[141]=0x00000000f90dd1b8
[2025-08-08T15:30:36.132+0000][601.779s][1][129][trace] GC(96) _eden_chunk_array[142]=0x00000000f91409f8
[2025-08-08T15:30:36.132+0000][601.779s][1][129][trace] GC(96) _eden_chunk_array[143]=0x00000000f9179640
[2025-08-08T15:30:36.132+0000][601.779s][1][129][trace] GC(96) _eden_chunk_array[144]=0x00000000f91b3fe8
[2025-08-08T15:30:36.132+0000][601.779s][1][129][trace] GC(96) _eden_chunk_array[145]=0x00000000f91d5010
[2025-08-08T15:30:36.132+0000][601.779s][1][129][trace] GC(96) _eden_chunk_array[146]=0x00000000f91f5710
[2025-08-08T15:30:36.132+0000][601.779s][1][129][trace] GC(96) _eden_chunk_array[147]=0x00000000f92174a0
[2025-08-08T15:30:36.132+0000][601.779s][1][129][trace] GC(96) _eden_chunk_array[148]=0x00000000f9237f28
[2025-08-08T15:30:36.132+0000][601.779s][1][129][trace] GC(96) _eden_chunk_array[149]=0x00000000f9268880
[2025-08-08T15:30:36.132+0000][601.779s][1][129][trace] GC(96) _eden_chunk_array[150]=0x00000000f92b4220
[2025-08-08T15:30:36.132+0000][601.779s][1][129][trace] GC(96) _eden_chunk_array[151]=0x00000000f92d8e90
[2025-08-08T15:30:36.132+0000][601.779s][1][129][trace] GC(96) _eden_chunk_array[152]=0x00000000f9336e68
[2025-08-08T15:30:36.132+0000][601.779s][1][129][trace] GC(96) _eden_chunk_array[153]=0x00000000f936ce70
[2025-08-08T15:30:36.132+0000][601.779s][1][129][trace] GC(96) _eden_chunk_array[154]=0x00000000f93b8810
[2025-08-08T15:30:36.132+0000][601.779s][1][129][trace] GC(96) _eden_chunk_array[155]=0x00000000f93ffa18
[2025-08-08T15:30:36.132+0000][601.779s][1][129][trace] GC(96) _eden_chunk_array[156]=0x00000000f94267a0
[2025-08-08T15:30:36.132+0000][601.779s][1][129][trace] GC(96) _eden_chunk_array[157]=0x00000000f944e4b0
[2025-08-08T15:30:36.132+0000][601.779s][1][129][trace] GC(96) _eden_chunk_array[158]=0x00000000f94761c0
[2025-08-08T15:30:36.132+0000][601.779s][1][129][trace] GC(96) _eden_chunk_array[159]=0x00000000f94984d0
[2025-08-08T15:30:36.132+0000][601.779s][1][129][trace] GC(96) _eden_chunk_array[160]=0x00000000f94c9400
[2025-08-08T15:30:36.132+0000][601.779s][1][129][trace] GC(96) _eden_chunk_array[161]=0x00000000f94f6a80
[2025-08-08T15:30:36.132+0000][601.779s][1][129][trace] GC(96) _eden_chunk_array[162]=0x00000000f9520dc8
[2025-08-08T15:30:36.132+0000][601.779s][1][129][trace] GC(96) _eden_chunk_array[163]=0x00000000f954ecc8
[2025-08-08T15:30:36.132+0000][601.779s][1][129][trace] GC(96) _eden_chunk_array[164]=0x00000000f95aece8
[2025-08-08T15:30:36.132+0000][601.779s][1][129][trace] GC(96) _eden_chunk_array[165]=0x00000000f95dfd08
[2025-08-08T15:30:36.132+0000][601.779s][1][129][trace] GC(96) _eden_chunk_array[166]=0x00000000f9606700
[2025-08-08T15:30:36.132+0000][601.779s][1][129][trace] GC(96) _eden_chunk_array[167]=0x00000000f9628230
[2025-08-08T15:30:36.132+0000][601.779s][1][129][trace] GC(96) _eden_chunk_array[168]=0x00000000f968de50
[2025-08-08T15:30:36.132+0000][601.779s][1][129][trace] GC(96) _eden_chunk_array[169]=0x00000000f96bbd38
[2025-08-08T15:30:36.132+0000][601.779s][1][129][trace] GC(96) _eden_chunk_array[170]=0x00000000f96dc330
[2025-08-08T15:30:36.132+0000][601.779s][1][129][trace] GC(96) _eden_chunk_array[171]=0x00000000f9707340
[2025-08-08T15:30:36.132+0000][601.779s][1][129][trace] GC(96) _eden_chunk_array[172]=0x00000000f972e680
[2025-08-08T15:30:36.132+0000][601.779s][1][129][trace] GC(96) _eden_chunk_array[173]=0x00000000f97549f0
[2025-08-08T15:30:36.132+0000][601.779s][1][129][trace] GC(96) _eden_chunk_array[174]=0x00000000f97a8820
[2025-08-08T15:30:36.132+0000][601.779s][1][129][trace] GC(96) _eden_chunk_array[175]=0x00000000f97d3398
[2025-08-08T15:30:36.132+0000][601.779s][1][129][trace] GC(96) _eden_chunk_array[176]=0x00000000f97fdf80
[2025-08-08T15:30:36.132+0000][601.779s][1][129][trace] GC(96) _eden_chunk_array[177]=0x00000000f982e178
[2025-08-08T15:30:36.132+0000][601.779s][1][129][trace] GC(96) _eden_chunk_array[178]=0x00000000f9867ce0
[2025-08-08T15:30:36.132+0000][601.779s][1][129][trace] GC(96) _eden_chunk_array[179]=0x00000000f9895300
[2025-08-08T15:30:36.132+0000][601.779s][1][129][trace] GC(96) _eden_chunk_array[180]=0x00000000f98bd008
[2025-08-08T15:30:36.132+0000][601.779s][1][129][trace] GC(96) _eden_chunk_array[181]=0x00000000f98f2fb8
[2025-08-08T15:30:36.132+0000][601.779s][1][129][trace] GC(96) _eden_chunk_array[182]=0x00000000f991acd0
[2025-08-08T15:30:36.132+0000][601.779s][1][129][trace] GC(96) _eden_chunk_array[183]=0x00000000f9961bd8
[2025-08-08T15:30:36.132+0000][601.779s][1][129][trace] GC(96) _eden_chunk_array[184]=0x00000000f9997b80
[2025-08-08T15:30:36.132+0000][601.779s][1][129][trace] GC(96) _eden_chunk_array[185]=0x00000000f99cdb20
[2025-08-08T15:30:36.132+0000][601.779s][1][129][trace] GC(96) _eden_chunk_array[186]=0x00000000f99edb80
[2025-08-08T15:30:36.132+0000][601.779s][1][129][trace] GC(96) _eden_chunk_array[187]=0x00000000f9a0f7d0
[2025-08-08T15:30:36.132+0000][601.779s][1][129][trace] GC(96) _eden_chunk_array[188]=0x00000000f9a60a40
[2025-08-08T15:30:36.132+0000][601.779s][1][129][trace] GC(96) _eden_chunk_array[189]=0x00000000f9a8ad70
[2025-08-08T15:30:36.132+0000][601.779s][1][129][trace] GC(96) _eden_chunk_array[190]=0x00000000f9ad16f0
[2025-08-08T15:30:36.132+0000][601.779s][1][129][trace] GC(96) _eden_chunk_array[191]=0x00000000f9afba48
[2025-08-08T15:30:36.132+0000][601.779s][1][129][trace] GC(96) _eden_chunk_array[192]=0x00000000f9b42c60
[2025-08-08T15:30:36.132+0000][601.779s][1][129][trace] GC(96) _eden_chunk_array[193]=0x00000000f9b70b60
[2025-08-08T15:30:36.132+0000][601.779s][1][129][trace] GC(96) _eden_chunk_array[194]=0x00000000f9b9ea70
[2025-08-08T15:30:36.132+0000][601.779s][1][129][trace] GC(96) _eden_chunk_array[195]=0x00000000f9bcc968
[2025-08-08T15:30:36.132+0000][601.779s][1][129][trace] GC(96) _eden_chunk_array[196]=0x00000000f9bfa870
[2025-08-08T15:30:36.132+0000][601.779s][1][129][trace] GC(96) _eden_chunk_array[197]=0x00000000f9c28768
[2025-08-08T15:30:36.132+0000][601.779s][1][129][trace] GC(96) _eden_chunk_array[198]=0x00000000f9c48e68
[2025-08-08T15:30:36.132+0000][601.779s][1][129][trace] GC(96) _eden_chunk_array[199]=0x00000000f9c74180
[2025-08-08T15:30:36.132+0000][601.779s][1][129][trace] GC(96) _eden_chunk_array[200]=0x00000000f9c985c0
[2025-08-08T15:30:36.132+0000][601.779s][1][129][trace] GC(96) _eden_chunk_array[201]=0x00000000f9ce9f48
[2025-08-08T15:30:36.132+0000][601.779s][1][129][trace] GC(96) _eden_chunk_array[202]=0x00000000f9d12820
[2025-08-08T15:30:36.132+0000][601.779s][1][129][trace] GC(96) _eden_chunk_array[203]=0x00000000f9d4b4a0
[2025-08-08T15:30:36.132+0000][601.779s][1][129][trace] GC(96) _eden_chunk_array[204]=0x00000000f9d840e8
[2025-08-08T15:30:36.132+0000][601.779s][1][129][trace] GC(96) _eden_chunk_array[205]=0x00000000f9dbf798
[2025-08-08T15:30:36.132+0000][601.779s][1][129][trace] GC(96) _eden_chunk_array[206]=0x00000000f9dfae38
[2025-08-08T15:30:36.132+0000][601.779s][1][129][trace] GC(96) _eden_chunk_array[207]=0x00000000f9e33a88
[2025-08-08T15:30:36.132+0000][601.779s][1][129][trace] GC(96) _eden_chunk_array[208]=0x00000000f9e54b10
[2025-08-08T15:30:36.132+0000][601.779s][1][129][trace] GC(96) _eden_chunk_array[209]=0x00000000f9eb6cf8
[2025-08-08T15:30:36.132+0000][601.779s][1][129][trace] GC(96) _eden_chunk_array[210]=0x00000000f9f1d658
[2025-08-08T15:30:36.132+0000][601.779s][1][129][trace] GC(96) _eden_chunk_array[211]=0x00000000f9f3ff08
[2025-08-08T15:30:36.132+0000][601.779s][1][129][trace] GC(96) _eden_chunk_array[212]=0x00000000f9f60798
[2025-08-08T15:30:36.132+0000][601.779s][1][129][trace] GC(96) _eden_chunk_array[213]=0x00000000f9f8ddd0
[2025-08-08T15:30:36.132+0000][601.780s][1][129][trace] GC(96) _eden_chunk_array[214]=0x00000000f9fb78f8
[2025-08-08T15:30:36.132+0000][601.780s][1][129][trace] GC(96) _eden_chunk_array[215]=0x00000000f9fe9b10
[2025-08-08T15:30:36.132+0000][601.780s][1][129][trace] GC(96) _eden_chunk_array[216]=0x00000000fa013e58
[2025-08-08T15:30:36.132+0000][601.780s][1][129][trace] GC(96) _eden_chunk_array[217]=0x00000000fa03bb70
[2025-08-08T15:30:36.132+0000][601.780s][1][129][trace] GC(96) _eden_chunk_array[218]=0x00000000fa063890
[2025-08-08T15:30:36.132+0000][601.780s][1][129][trace] GC(96) _eden_chunk_array[219]=0x00000000fa0aaab0
[2025-08-08T15:30:36.132+0000][601.780s][1][129][trace] GC(96) _eden_chunk_array[220]=0x00000000fa0e2618
[2025-08-08T15:30:36.132+0000][601.780s][1][129][trace] GC(96) _eden_chunk_array[221]=0x00000000fa1185b0
[2025-08-08T15:30:36.132+0000][601.780s][1][129][trace] GC(96) _eden_chunk_array[222]=0x00000000fa14e7f0
[2025-08-08T15:30:36.132+0000][601.780s][1][129][trace] GC(96) _eden_chunk_array[223]=0x00000000fa184790
[2025-08-08T15:30:36.132+0000][601.780s][1][129][trace] GC(96) _eden_chunk_array[224]=0x00000000fa1aa238
[2025-08-08T15:30:36.132+0000][601.780s][1][129][trace] GC(96) _eden_chunk_array[225]=0x00000000fa1d0718
[2025-08-08T15:30:36.132+0000][601.780s][1][129][trace] GC(96) _eden_chunk_array[226]=0x00000000fa1f12b8
[2025-08-08T15:30:36.132+0000][601.780s][1][129][trace] GC(96) _eden_chunk_array[227]=0x00000000fa240490
[2025-08-08T15:30:36.132+0000][601.780s][1][129][trace] GC(96) _eden_chunk_array[228]=0x00000000fa270f58
[2025-08-08T15:30:36.132+0000][601.780s][1][129][trace] GC(96) _eden_chunk_array[229]=0x00000000fa2a35c0
[2025-08-08T15:30:36.132+0000][601.780s][1][129][trace] GC(96) _eden_chunk_array[230]=0x00000000fa2c77a0
[2025-08-08T15:30:36.132+0000][601.780s][1][129][trace] GC(96) _eden_chunk_array[231]=0x00000000fa2ebd18
[2025-08-08T15:30:36.132+0000][601.780s][1][129][trace] GC(96) _eden_chunk_array[232]=0x00000000fa310298
[2025-08-08T15:30:36.132+0000][601.780s][1][129][trace] GC(96) _eden_chunk_array[233]=0x00000000fa3574b0
[2025-08-08T15:30:36.132+0000][601.780s][1][129][trace] GC(96) _eden_chunk_array[234]=0x00000000fa378140
[2025-08-08T15:30:36.132+0000][601.780s][1][129][trace] GC(96) _eden_chunk_array[235]=0x00000000fa3b6240
[2025-08-08T15:30:36.132+0000][601.780s][1][129][trace] GC(96) _eden_chunk_array[236]=0x00000000fa3f4350
[2025-08-08T15:30:36.132+0000][601.780s][1][129][trace] GC(96) _eden_chunk_array[237]=0x00000000fa432458
[2025-08-08T15:30:36.132+0000][601.780s][1][129][trace] GC(96) _eden_chunk_array[238]=0x00000000fa452778
[2025-08-08T15:30:36.132+0000][601.780s][1][129][trace] GC(96) _eden_chunk_array[239]=0x00000000fa472900
[2025-08-08T15:30:36.132+0000][601.780s][1][129][trace] GC(96) _eden_chunk_array[240]=0x00000000fa4c57b0
[2025-08-08T15:30:36.132+0000][601.780s][1][129][trace] GC(96) _eden_chunk_array[241]=0x00000000fa4f9720
[2025-08-08T15:30:36.132+0000][601.780s][1][129][trace] GC(96) _eden_chunk_array[242]=0x00000000fa523aa8
[2025-08-08T15:30:36.132+0000][601.780s][1][129][trace] GC(96) _eden_chunk_array[243]=0x00000000fa544b70
[2025-08-08T15:30:36.132+0000][601.780s][1][129][trace] GC(96) _eden_chunk_array[244]=0x00000000fa57c420
[2025-08-08T15:30:36.132+0000][601.780s][1][129][trace] GC(96) _eden_chunk_array[245]=0x00000000fa5b2030
[2025-08-08T15:30:36.132+0000][601.780s][1][129][trace] GC(96) _eden_chunk_array[246]=0x00000000fa5f9248
[2025-08-08T15:30:36.132+0000][601.780s][1][129][trace] GC(96) _eden_chunk_array[247]=0x00000000fa62f1c8
[2025-08-08T15:30:36.132+0000][601.780s][1][129][trace] GC(96) _eden_chunk_array[248]=0x00000000fa665150
[2025-08-08T15:30:36.132+0000][601.780s][1][129][trace] GC(96) _eden_chunk_array[249]=0x00000000fa69b110
[2025-08-08T15:30:36.132+0000][601.780s][1][129][trace] GC(96) _eden_chunk_array[250]=0x00000000fa6d10b0
[2025-08-08T15:30:36.132+0000][601.780s][1][129][trace] GC(96) _eden_chunk_array[251]=0x00000000fa6f3ae0
[2025-08-08T15:30:36.132+0000][601.780s][1][129][trace] GC(96) _eden_chunk_array[252]=0x00000000fa714e68
[2025-08-08T15:30:36.132+0000][601.780s][1][129][trace] GC(96) _eden_chunk_array[253]=0x00000000fa760e88
[2025-08-08T15:30:36.132+0000][601.780s][1][129][trace] GC(96) _eden_chunk_array[254]=0x00000000fa796470
[2025-08-08T15:30:36.132+0000][601.780s][1][129][trace] GC(96) _eden_chunk_array[255]=0x00000000fa7b9c58
[2025-08-08T15:30:36.132+0000][601.780s][1][129][trace] GC(96) _eden_chunk_array[256]=0x00000000fa8009f0
[2025-08-08T15:30:36.132+0000][601.780s][1][129][trace] GC(96) _eden_chunk_array[257]=0x00000000fa821fc8
[2025-08-08T15:30:36.132+0000][601.780s][1][129][trace] GC(96) _eden_chunk_array[258]=0x00000000fa84fed0
[2025-08-08T15:30:36.132+0000][601.780s][1][129][trace] GC(96) _eden_chunk_array[259]=0x00000000fa87ddc8
[2025-08-08T15:30:36.132+0000][601.780s][1][129][trace] GC(96) _eden_chunk_array[260]=0x00000000fa8d8c60
[2025-08-08T15:30:36.132+0000][601.780s][1][129][trace] GC(96) _eden_chunk_array[261]=0x00000000fa906b38
[2025-08-08T15:30:36.132+0000][601.780s][1][129][trace] GC(96) _eden_chunk_array[262]=0x00000000fa934a68
[2025-08-08T15:30:36.132+0000][601.780s][1][129][trace] GC(96) _eden_chunk_array[263]=0x00000000fa955138
[2025-08-08T15:30:36.132+0000][601.780s][1][129][trace] GC(96) _eden_chunk_array[264]=0x00000000fa9a3020
[2025-08-08T15:30:36.132+0000][601.780s][1][129][trace] GC(96) _eden_chunk_array[265]=0x00000000fa9ca970
[2025-08-08T15:30:36.132+0000][601.780s][1][129][trace] GC(96) _eden_chunk_array[266]=0x00000000fa9eb948
[2025-08-08T15:30:36.132+0000][601.780s][1][129][trace] GC(96) _eden_chunk_array[267]=0x00000000faa22858
[2025-08-08T15:30:36.132+0000][601.780s][1][129][trace] GC(96) _eden_chunk_array[268]=0x00000000faa5b488
[2025-08-08T15:30:36.132+0000][601.780s][1][129][trace] GC(96) _eden_chunk_array[269]=0x00000000faa80948
[2025-08-08T15:30:36.132+0000][601.780s][1][129][trace] GC(96) _eden_chunk_array[270]=0x00000000faaa2468
[2025-08-08T15:30:36.132+0000][601.780s][1][129][trace] GC(96) _eden_chunk_array[271]=0x00000000faad0370
[2025-08-08T15:30:36.132+0000][601.780s][1][129][trace] GC(96) _eden_chunk_array[272]=0x00000000fab1bd20
[2025-08-08T15:30:36.132+0000][601.780s][1][129][trace] GC(96) _eden_chunk_array[273]=0x00000000fab41778
[2025-08-08T15:30:36.132+0000][601.780s][1][129][trace] GC(96) _eden_chunk_array[274]=0x00000000faba35d8
[2025-08-08T15:30:36.132+0000][601.780s][1][129][trace] GC(96) _eden_chunk_array[275]=0x00000000fabc3b90
[2025-08-08T15:30:36.132+0000][601.780s][1][129][trace] GC(96) _eden_chunk_array[276]=0x00000000fabf1ac0
[2025-08-08T15:30:36.132+0000][601.780s][1][129][trace] GC(96) _eden_chunk_array[277]=0x00000000fac1f9c0
[2025-08-08T15:30:36.132+0000][601.780s][1][129][trace] GC(96) _eden_chunk_array[278]=0x00000000fac43458
[2025-08-08T15:30:36.132+0000][601.780s][1][129][trace] GC(96) _eden_chunk_array[279]=0x00000000fac664a0
[2025-08-08T15:30:36.132+0000][601.780s][1][129][trace] GC(96) _eden_chunk_array[280]=0x00000000faca8880
[2025-08-08T15:30:36.132+0000][601.780s][1][129][trace] GC(96) _eden_chunk_array[281]=0x00000000facdfad8
[2025-08-08T15:30:36.132+0000][601.780s][1][129][trace] GC(96) _eden_chunk_array[282]=0x00000000fad04058
[2025-08-08T15:30:36.132+0000][601.780s][1][129][trace] GC(96) _eden_chunk_array[283]=0x00000000fad3c618
[2025-08-08T15:30:36.132+0000][601.780s][1][129][trace] GC(96) _eden_chunk_array[284]=0x00000000fad83830
[2025-08-08T15:30:36.133+0000][601.780s][1][129][trace] GC(96) _eden_chunk_array[285]=0x00000000fadebdb8
[2025-08-08T15:30:36.133+0000][601.780s][1][129][trace] GC(96) _eden_chunk_array[286]=0x00000000fae21d50
[2025-08-08T15:30:36.133+0000][601.780s][1][129][trace] GC(96) _eden_chunk_array[287]=0x00000000fae57cf0
[2025-08-08T15:30:36.133+0000][601.780s][1][129][trace] GC(96) _eden_chunk_array[288]=0x00000000fae78468
[2025-08-08T15:30:36.133+0000][601.780s][1][129][trace] GC(96) _eden_chunk_array[289]=0x00000000faebf670
[2025-08-08T15:30:36.133+0000][601.780s][1][129][trace] GC(96) _eden_chunk_array[290]=0x00000000faee8840
[2025-08-08T15:30:36.133+0000][601.780s][1][129][trace] GC(96) _eden_chunk_array[291]=0x00000000faf08cc0
[2025-08-08T15:30:36.133+0000][601.780s][1][129][trace] GC(96) _eden_chunk_array[292]=0x00000000faf34878
[2025-08-08T15:30:36.133+0000][601.780s][1][129][trace] GC(96) _eden_chunk_array[293]=0x00000000faf62f18
[2025-08-08T15:30:36.133+0000][601.780s][1][129][trace] GC(96) _eden_chunk_array[294]=0x00000000faf8d3f8
[2025-08-08T15:30:36.133+0000][601.780s][1][129][trace] GC(96) _eden_chunk_array[295]=0x00000000fafb3e08
[2025-08-08T15:30:36.133+0000][601.780s][1][129][trace] GC(96) _eden_chunk_array[296]=0x00000000fafd9f00
[2025-08-08T15:30:36.133+0000][601.780s][1][129][trace] GC(96) _eden_chunk_array[297]=0x00000000faffd078
[2025-08-08T15:30:36.133+0000][601.780s][1][129][trace] GC(96) _eden_chunk_array[298]=0x00000000fb04faa0
[2025-08-08T15:30:36.133+0000][601.780s][1][129][trace] GC(96) _eden_chunk_array[299]=0x00000000fb0b1978
[2025-08-08T15:30:36.133+0000][601.780s][1][129][trace] GC(96) _eden_chunk_array[300]=0x00000000fb0e7908
[2025-08-08T15:30:36.133+0000][601.780s][1][129][trace] GC(96) _eden_chunk_array[301]=0x00000000fb11d890
[2025-08-08T15:30:36.133+0000][601.780s][1][129][trace] GC(96) _eden_chunk_array[302]=0x00000000fb153840
[2025-08-08T15:30:36.133+0000][601.780s][1][129][trace] GC(96) _eden_chunk_array[303]=0x00000000fb1897d0
[2025-08-08T15:30:36.133+0000][601.780s][1][129][trace] GC(96) _eden_chunk_array[304]=0x00000000fb1b2e50
[2025-08-08T15:30:36.133+0000][601.780s][1][129][trace] GC(96) _eden_chunk_array[305]=0x00000000fb1d2fa8
[2025-08-08T15:30:36.133+0000][601.780s][1][129][trace] GC(96) _eden_chunk_array[306]=0x00000000fb205b90
[2025-08-08T15:30:36.133+0000][601.780s][1][129][trace] GC(96) _eden_chunk_array[307]=0x00000000fb228c20
[2025-08-08T15:30:36.133+0000][601.780s][1][129][trace] GC(96) _eden_chunk_array[308]=0x00000000fb252f78
[2025-08-08T15:30:36.133+0000][601.780s][1][129][trace] GC(96) _eden_chunk_array[309]=0x00000000fb2bd9b8
[2025-08-08T15:30:36.133+0000][601.780s][1][129][trace] GC(96) _eden_chunk_array[310]=0x00000000fb304bd0
[2025-08-08T15:30:36.133+0000][601.780s][1][129][trace] GC(96) _eden_chunk_array[311]=0x00000000fb326870
[2025-08-08T15:30:36.133+0000][601.780s][1][129][trace] GC(96) _eden_chunk_array[312]=0x00000000fb34b4d0
[2025-08-08T15:30:36.133+0000][601.780s][1][129][trace] GC(96) _eden_chunk_array[313]=0x00000000fb370130
[2025-08-08T15:30:36.133+0000][601.780s][1][129][trace] GC(96) _eden_chunk_array[314]=0x00000000fb394dc8
[2025-08-08T15:30:36.133+0000][601.780s][1][129][trace] GC(96) _eden_chunk_array[315]=0x00000000fb3b9a48
[2025-08-08T15:30:36.133+0000][601.780s][1][129][trace] GC(96) _eden_chunk_array[316]=0x00000000fb3de6a0
[2025-08-08T15:30:36.133+0000][601.780s][1][129][trace] GC(96) _eden_chunk_array[317]=0x00000000fb415270
[2025-08-08T15:30:36.133+0000][601.780s][1][129][trace] GC(96) _eden_chunk_array[318]=0x00000000fb4494c0
[2025-08-08T15:30:36.133+0000][601.780s][1][129][trace] GC(96) _eden_chunk_array[319]=0x00000000fb46db38
[2025-08-08T15:30:36.133+0000][601.780s][1][129][trace] GC(96) _eden_chunk_array[320]=0x00000000fb490698
[2025-08-08T15:30:36.133+0000][601.780s][1][129][trace] GC(96) _eden_chunk_array[321]=0x00000000fb4b4c10
[2025-08-08T15:30:36.133+0000][601.780s][1][129][trace] GC(96) _eden_chunk_array[322]=0x00000000fb4d7d10
[2025-08-08T15:30:36.133+0000][601.780s][1][129][trace] GC(96) _eden_chunk_array[323]=0x00000000fb510950
[2025-08-08T15:30:36.133+0000][601.780s][1][129][trace] GC(96) _eden_chunk_array[324]=0x00000000fb534ec0
[2025-08-08T15:30:36.133+0000][601.780s][1][129][trace] GC(96) _eden_chunk_array[325]=0x00000000fb5585a0
[2025-08-08T15:30:36.133+0000][601.780s][1][129][trace] GC(96) _eden_chunk_array[326]=0x00000000fb5911e8
[2025-08-08T15:30:36.133+0000][601.780s][1][129][trace] GC(96) _eden_chunk_array[327]=0x00000000fb5c9e40
[2025-08-08T15:30:36.133+0000][601.780s][1][129][trace] GC(96) _eden_chunk_array[328]=0x00000000fb6173a8
[2025-08-08T15:30:36.133+0000][601.780s][1][129][trace] GC(96) _eden_chunk_array[329]=0x00000000fb672600
[2025-08-08T15:30:36.133+0000][601.780s][1][129][trace] GC(96) _eden_chunk_array[330]=0x00000000fb6a04c0
[2025-08-08T15:30:36.133+0000][601.780s][1][129][trace] GC(96) _eden_chunk_array[331]=0x00000000fb6ecbc8
[2025-08-08T15:30:36.133+0000][601.780s][1][129][trace] GC(96) _eden_chunk_array[332]=0x00000000fb70cec0
[2025-08-08T15:30:36.133+0000][601.780s][1][129][trace] GC(96) _eden_chunk_array[333]=0x00000000fb7338e0
[2025-08-08T15:30:36.133+0000][601.780s][1][129][trace] GC(96) _eden_chunk_array[334]=0x00000000fb75f0b0
[2025-08-08T15:30:36.133+0000][601.780s][1][129][trace] GC(96) _eden_chunk_array[335]=0x00000000fb7871e8
[2025-08-08T15:30:36.133+0000][601.780s][1][129][trace] GC(96) _eden_chunk_array[336]=0x00000000fb7ab810
[2025-08-08T15:30:36.133+0000][601.780s][1][129][trace] GC(96) _eden_chunk_array[337]=0x00000000fb7d7f50
[2025-08-08T15:30:36.133+0000][601.780s][1][129][trace] GC(96) _eden_chunk_array[338]=0x00000000fb7fb6e8
[2025-08-08T15:30:36.133+0000][601.780s][1][129][trace] GC(96) _eden_chunk_array[339]=0x00000000fb82c340
[2025-08-08T15:30:36.133+0000][601.780s][1][129][trace] GC(96) _eden_chunk_array[340]=0x00000000fb877cf8
[2025-08-08T15:30:36.133+0000][601.780s][1][129][trace] GC(96) _eden_chunk_array[341]=0x00000000fb89b488
[2025-08-08T15:30:36.133+0000][601.780s][1][129][trace] GC(96) _eden_chunk_array[342]=0x00000000fb8bec20
[2025-08-08T15:30:36.133+0000][601.780s][1][129][trace] GC(96) _eden_chunk_array[343]=0x00000000fb8e23d8
[2025-08-08T15:30:36.133+0000][601.780s][1][129][trace] GC(96) _eden_chunk_array[344]=0x00000000fb905b80
[2025-08-08T15:30:36.133+0000][601.780s][1][129][trace] GC(96) _eden_chunk_array[345]=0x00000000fb927270
[2025-08-08T15:30:36.133+0000][601.780s][1][129][trace] GC(96) _eden_chunk_array[346]=0x00000000fb954810
[2025-08-08T15:30:36.133+0000][601.780s][1][129][trace] GC(96) _eden_chunk_array[347]=0x00000000fb97a168
[2025-08-08T15:30:36.133+0000][601.780s][1][129][trace] GC(96) _eden_chunk_array[348]=0x00000000fb9cc900
[2025-08-08T15:30:36.133+0000][601.780s][1][129][trace] GC(96) _eden_chunk_array[349]=0x00000000fb9f2848
[2025-08-08T15:30:36.133+0000][601.780s][1][129][trace] GC(96) _eden_chunk_array[350]=0x00000000fba15ff0
[2025-08-08T15:30:36.133+0000][601.780s][1][129][trace] GC(96) _eden_chunk_array[351]=0x00000000fba540e0
[2025-08-08T15:30:36.133+0000][601.780s][1][129][trace] GC(96) _eden_chunk_array[352]=0x00000000fba8f770
[2025-08-08T15:30:36.133+0000][601.780s][1][129][trace] GC(96) _eden_chunk_array[353]=0x00000000fbab3ce8
[2025-08-08T15:30:36.133+0000][601.780s][1][129][trace] GC(96) _eden_chunk_array[354]=0x00000000fbad8258
[2025-08-08T15:30:36.133+0000][601.780s][1][129][trace] GC(96) _eden_chunk_array[355]=0x00000000fbafc7c8
[2025-08-08T15:30:36.133+0000][601.780s][1][129][trace] GC(96) _eden_chunk_array[356]=0x00000000fbb481c0
[2025-08-08T15:30:36.133+0000][601.780s][1][129][trace] GC(96) _eden_chunk_array[357]=0x00000000fbb6c740
[2025-08-08T15:30:36.133+0000][601.780s][1][129][trace] GC(96) _eden_chunk_array[358]=0x00000000fbb90cc0
[2025-08-08T15:30:36.133+0000][601.780s][1][129][trace] GC(96) _eden_chunk_array[359]=0x00000000fbbdef48
[2025-08-08T15:30:36.133+0000][601.780s][1][129][trace] GC(96) _eden_chunk_array[360]=0x00000000fbc05210
[2025-08-08T15:30:36.133+0000][601.780s][1][129][trace] GC(96) _eden_chunk_array[361]=0x00000000fbc2aef8
[2025-08-08T15:30:36.133+0000][601.780s][1][129][trace] GC(96) _eden_chunk_array[362]=0x00000000fbc517f0
[2025-08-08T15:30:36.133+0000][601.780s][1][129][trace] GC(96) _eden_chunk_array[363]=0x00000000fbc71960
[2025-08-08T15:30:36.133+0000][601.780s][1][129][trace] GC(96) _eden_chunk_array[364]=0x00000000fbca9d38
[2025-08-08T15:30:36.133+0000][601.780s][1][129][trace] GC(96) _eden_chunk_array[365]=0x00000000fbce3928
[2025-08-08T15:30:36.133+0000][601.780s][1][129][trace] GC(96) _eden_chunk_array[366]=0x00000000fbd0dc60
[2025-08-08T15:30:36.133+0000][601.780s][1][129][trace] GC(96) _eden_chunk_array[367]=0x00000000fbd59618
[2025-08-08T15:30:36.133+0000][601.780s][1][129][trace] GC(96) _eden_chunk_array[368]=0x00000000fbd8f270
[2025-08-08T15:30:36.133+0000][601.780s][1][129][trace] GC(96) _eden_chunk_array[369]=0x00000000fbdd6490
[2025-08-08T15:30:36.133+0000][601.780s][1][129][trace] GC(96) _eden_chunk_array[370]=0x00000000fbe145b8
[2025-08-08T15:30:36.133+0000][601.780s][1][129][trace] GC(96) _eden_chunk_array[371]=0x00000000fbe526e8
[2025-08-08T15:30:36.133+0000][601.780s][1][129][trace] GC(96) _eden_chunk_array[372]=0x00000000fbe907e8
[2025-08-08T15:30:36.133+0000][601.780s][1][129][trace] GC(96) _eden_chunk_array[373]=0x00000000fbeb4d70
[2025-08-08T15:30:36.133+0000][601.780s][1][129][trace] GC(96) _eden_chunk_array[374]=0x00000000fbed56c0
[2025-08-08T15:30:36.133+0000][601.780s][1][129][trace] GC(96) _eden_chunk_array[375]=0x00000000fbf00b78
[2025-08-08T15:30:36.133+0000][601.780s][1][129][trace] GC(96) _eden_chunk_array[376]=0x00000000fbf25120
[2025-08-08T15:30:36.133+0000][601.780s][1][129][trace] GC(96) _eden_chunk_array[377]=0x00000000fbf5dd68
[2025-08-08T15:30:36.133+0000][601.780s][1][129][trace] GC(96) _eden_chunk_array[378]=0x00000000fbf822e8
[2025-08-08T15:30:36.133+0000][601.780s][1][129][trace] GC(96) _eden_chunk_array[379]=0x00000000fbfa6860
[2025-08-08T15:30:36.133+0000][601.780s][1][129][trace] GC(96) _eden_chunk_array[380]=0x00000000fbfedb88
[2025-08-08T15:30:36.133+0000][601.780s][1][129][trace] GC(96) _eden_chunk_array[381]=0x00000000fc027520
[2025-08-08T15:30:36.133+0000][601.780s][1][129][trace] GC(96) _eden_chunk_array[382]=0x00000000fc05cda8
[2025-08-08T15:30:36.133+0000][601.780s][1][129][trace] GC(96) _eden_chunk_array[383]=0x00000000fc092648
[2025-08-08T15:30:36.133+0000][601.780s][1][129][trace] GC(96) _eden_chunk_array[384]=0x00000000fc0c7ee0
[2025-08-08T15:30:36.133+0000][601.780s][1][129][trace] GC(96) _eden_chunk_array[385]=0x00000000fc0f5e88
[2025-08-08T15:30:36.133+0000][601.780s][1][129][trace] GC(96) _eden_chunk_array[386]=0x00000000fc11dca0
[2025-08-08T15:30:36.133+0000][601.780s][1][129][trace] GC(96) _eden_chunk_array[387]=0x00000000fc1889f0
[2025-08-08T15:30:36.133+0000][601.780s][1][129][trace] GC(96) _eden_chunk_array[388]=0x00000000fc1d17f8
[2025-08-08T15:30:36.133+0000][601.780s][1][129][trace] GC(96) _eden_chunk_array[389]=0x00000000fc1fcc00
[2025-08-08T15:30:36.133+0000][601.780s][1][129][trace] GC(96) _eden_chunk_array[390]=0x00000000fc21d560
[2025-08-08T15:30:36.133+0000][601.780s][1][129][trace] GC(96) _eden_chunk_array[391]=0x00000000fc23ffd8
[2025-08-08T15:30:36.133+0000][601.780s][1][129][trace] GC(96) _eden_chunk_array[392]=0x00000000fc2655d0
[2025-08-08T15:30:36.133+0000][601.780s][1][129][trace] GC(96) _eden_chunk_array[393]=0x00000000fc2933e0
[2025-08-08T15:30:36.133+0000][601.780s][1][129][trace] GC(96) _eden_chunk_array[394]=0x00000000fc2b6618
[2025-08-08T15:30:36.133+0000][601.780s][1][129][trace] GC(96) _eden_chunk_array[395]=0x00000000fc2d8650
[2025-08-08T15:30:36.133+0000][601.780s][1][129][trace] GC(96) _eden_chunk_array[396]=0x00000000fc2fb898
[2025-08-08T15:30:36.133+0000][601.780s][1][129][trace] GC(96) _eden_chunk_array[397]=0x00000000fc31d8c0
[2025-08-08T15:30:36.133+0000][601.780s][1][129][trace] GC(96) _eden_chunk_array[398]=0x00000000fc340af0
[2025-08-08T15:30:36.133+0000][601.780s][1][129][trace] GC(96) _eden_chunk_array[399]=0x00000000fc363da0
[2025-08-08T15:30:36.133+0000][601.780s][1][129][trace] GC(96) _eden_chunk_array[400]=0x00000000fc3c71b0
[2025-08-08T15:30:36.133+0000][601.780s][1][129][trace] GC(96) survivor 0x00000000fd410000-0x00000000fd410000-0x00000000fe780000(20381696)
[2025-08-08T15:30:36.133+0000][601.780s][1][129][trace] GC(96) _survivor_chunk_index=0, _survivor_chunk_capacity=9952
[2025-08-08T15:30:36.169+0000][601.816s][1][129][info ] GC(96) Pause Remark 144M->144M(180M) 37.251ms
[2025-08-08T15:30:36.169+0000][601.816s][1][129][info ] Leaving safepoint region
[2025-08-08T15:30:36.169+0000][601.816s][1][129][info ] Total time for which application threads were stopped: 0.0375045 seconds, Stopping threads took: 0.0000233 seconds
[2025-08-08T15:30:36.169+0000][601.816s][1][128][info ] GC(96) Concurrent Sweep
[2025-08-08T15:30:36.170+0000][601.817s][1][128][info ] GC(96) Concurrent Sweep 1.264ms
[2025-08-08T15:30:36.170+0000][601.818s][1][128][info ] GC(96) Concurrent Reset
[2025-08-08T15:30:36.170+0000][601.818s][1][128][info ] GC(96) Concurrent Reset 0.009ms
[2025-08-08T15:30:36.170+0000][601.818s][1][128][info ] GC(96) Old: 5183K->5183K(5184K)
[2025-08-08T15:30:39.170+0000][604.817s][1][129][info ] Application time: 3.0013943 seconds
[2025-08-08T15:30:39.170+0000][604.817s][1][129][info ] Entering safepoint region: Cleanup
[2025-08-08T15:30:39.170+0000][604.818s][1][129][info ] Leaving safepoint region
[2025-08-08T15:30:39.170+0000][604.818s][1][129][info ] Total time for which application threads were stopped: 0.0002215 seconds, Stopping threads took: 0.0000349 seconds
[2025-08-08T15:30:40.171+0000][605.818s][1][129][info ] Application time: 1.0006719 seconds
[2025-08-08T15:30:40.171+0000][605.818s][1][129][info ] Entering safepoint region: Cleanup
[2025-08-08T15:30:40.171+0000][605.819s][1][129][info ] Leaving safepoint region
[2025-08-08T15:30:40.171+0000][605.819s][1][129][info ] Total time for which application threads were stopped: 0.0001674 seconds, Stopping threads took: 0.0000290 seconds
[2025-08-08T15:30:45.172+0000][610.820s][1][129][info ] Application time: 5.0011357 seconds
[2025-08-08T15:30:45.172+0000][610.820s][1][129][info ] Entering safepoint region: Cleanup
[2025-08-08T15:30:45.173+0000][610.821s][1][129][info ] Leaving safepoint region
[2025-08-08T15:30:45.173+0000][610.821s][1][129][info ] Total time for which application threads were stopped: 0.0008384 seconds, Stopping threads took: 0.0006662 seconds
[2025-08-08T15:30:46.170+0000][611.817s][1][129][info ] Application time: 0.9966644 seconds
[2025-08-08T15:30:46.170+0000][611.817s][1][129][info ] Entering safepoint region: CMS_Initial_Mark
[2025-08-08T15:30:46.172+0000][611.819s][1][129][trace] GC(97) eden 0x00000000f3800000-0x00000000fcbe0bb0-0x00000000fd410000(163643392)
[2025-08-08T15:30:46.172+0000][611.819s][1][129][trace] GC(97) _eden_chunk_index=442, _eden_chunk_capacity=11233
[2025-08-08T15:30:46.172+0000][611.819s][1][129][trace] GC(97) _eden_chunk_array[0]=0x00000000f73f9200
[2025-08-08T15:30:46.172+0000][611.819s][1][129][trace] GC(97) _eden_chunk_array[1]=0x00000000f74247b8
[2025-08-08T15:30:46.172+0000][611.819s][1][129][trace] GC(97) _eden_chunk_array[2]=0x00000000f7453930
[2025-08-08T15:30:46.172+0000][611.819s][1][129][trace] GC(97) _eden_chunk_array[3]=0x00000000f747dc68
[2025-08-08T15:30:46.172+0000][611.819s][1][129][trace] GC(97) _eden_chunk_array[4]=0x00000000f74ad020
[2025-08-08T15:30:46.172+0000][611.819s][1][129][trace] GC(97) _eden_chunk_array[5]=0x00000000f74d6e28
[2025-08-08T15:30:46.172+0000][611.819s][1][129][trace] GC(97) _eden_chunk_array[6]=0x00000000f74feb48
[2025-08-08T15:30:46.172+0000][611.819s][1][129][trace] GC(97) _eden_chunk_array[7]=0x00000000f7534cd8
[2025-08-08T15:30:46.172+0000][611.819s][1][129][trace] GC(97) _eden_chunk_array[8]=0x00000000f7554e70
[2025-08-08T15:30:46.172+0000][611.819s][1][129][trace] GC(97) _eden_chunk_array[9]=0x00000000f758a818
[2025-08-08T15:30:46.172+0000][611.819s][1][129][trace] GC(97) _eden_chunk_array[10]=0x00000000f75b8710
[2025-08-08T15:30:46.172+0000][611.819s][1][129][trace] GC(97) _eden_chunk_array[11]=0x00000000f75ff918
[2025-08-08T15:30:46.172+0000][611.819s][1][129][trace] GC(97) _eden_chunk_array[12]=0x00000000f7636b78
[2025-08-08T15:30:46.172+0000][611.819s][1][129][trace] GC(97) _eden_chunk_array[13]=0x00000000f767dd90
[2025-08-08T15:30:46.172+0000][611.819s][1][129][trace] GC(97) _eden_chunk_array[14]=0x00000000f76e4388
[2025-08-08T15:30:46.172+0000][611.819s][1][129][trace] GC(97) _eden_chunk_array[15]=0x00000000f7719c08
[2025-08-08T15:30:46.172+0000][611.819s][1][129][trace] GC(97) _eden_chunk_array[16]=0x00000000f774f498
[2025-08-08T15:30:46.172+0000][611.819s][1][129][trace] GC(97) _eden_chunk_array[17]=0x00000000f7784d40
[2025-08-08T15:30:46.172+0000][611.819s][1][129][trace] GC(97) _eden_chunk_array[18]=0x00000000f77ab4a0
[2025-08-08T15:30:46.172+0000][611.819s][1][129][trace] GC(97) _eden_chunk_array[19]=0x00000000f77cf2b0
[2025-08-08T15:30:46.172+0000][611.819s][1][129][trace] GC(97) _eden_chunk_array[20]=0x00000000f77f2938
[2025-08-08T15:30:46.172+0000][611.819s][1][129][trace] GC(97) _eden_chunk_array[21]=0x00000000f782c488
[2025-08-08T15:30:46.172+0000][611.819s][1][129][trace] GC(97) _eden_chunk_array[22]=0x00000000f7859ad0
[2025-08-08T15:30:46.172+0000][611.819s][1][129][trace] GC(97) _eden_chunk_array[23]=0x00000000f7890740
[2025-08-08T15:30:46.172+0000][611.819s][1][129][trace] GC(97) _eden_chunk_array[24]=0x00000000f78f70b0
[2025-08-08T15:30:46.172+0000][611.819s][1][129][trace] GC(97) _eden_chunk_array[25]=0x00000000f792d058
[2025-08-08T15:30:46.172+0000][611.819s][1][129][trace] GC(97) _eden_chunk_array[26]=0x00000000f7964c08
[2025-08-08T15:30:46.172+0000][611.819s][1][129][trace] GC(97) _eden_chunk_array[27]=0x00000000f7985bb0
[2025-08-08T15:30:46.172+0000][611.819s][1][129][trace] GC(97) _eden_chunk_array[28]=0x00000000f79ccdc8
[2025-08-08T15:30:46.172+0000][611.819s][1][129][trace] GC(97) _eden_chunk_array[29]=0x00000000f79fd778
[2025-08-08T15:30:46.172+0000][611.819s][1][129][trace] GC(97) _eden_chunk_array[30]=0x00000000f7a251b0
[2025-08-08T15:30:46.172+0000][611.819s][1][129][trace] GC(97) _eden_chunk_array[31]=0x00000000f7a8f220
[2025-08-08T15:30:46.172+0000][611.819s][1][129][trace] GC(97) _eden_chunk_array[32]=0x00000000f7abcfa0
[2025-08-08T15:30:46.172+0000][611.819s][1][129][trace] GC(97) _eden_chunk_array[33]=0x00000000f7b041c8
[2025-08-08T15:30:46.172+0000][611.819s][1][129][trace] GC(97) _eden_chunk_array[34]=0x00000000f7b32af8
[2025-08-08T15:30:46.172+0000][611.819s][1][129][trace] GC(97) _eden_chunk_array[35]=0x00000000f7b55750
[2025-08-08T15:30:46.172+0000][611.819s][1][129][trace] GC(97) _eden_chunk_array[36]=0x00000000f7b8f420
[2025-08-08T15:30:46.172+0000][611.819s][1][129][trace] GC(97) _eden_chunk_array[37]=0x00000000f7bb7128
[2025-08-08T15:30:46.172+0000][611.819s][1][129][trace] GC(97) _eden_chunk_array[38]=0x00000000f7bf9a90
[2025-08-08T15:30:46.172+0000][611.819s][1][129][trace] GC(97) _eden_chunk_array[39]=0x00000000f7c2f338
[2025-08-08T15:30:46.172+0000][611.819s][1][129][trace] GC(97) _eden_chunk_array[40]=0x00000000f7c64bd0
[2025-08-08T15:30:46.172+0000][611.819s][1][129][trace] GC(97) _eden_chunk_array[41]=0x00000000f7c9a478
[2025-08-08T15:30:46.172+0000][611.819s][1][129][trace] GC(97) _eden_chunk_array[42]=0x00000000f7ccdea0
[2025-08-08T15:30:46.172+0000][611.819s][1][129][trace] GC(97) _eden_chunk_array[43]=0x00000000f7cef8c0
[2025-08-08T15:30:46.172+0000][611.819s][1][129][trace] GC(97) _eden_chunk_array[44]=0x00000000f7d28840
[2025-08-08T15:30:46.172+0000][611.819s][1][129][trace] GC(97) _eden_chunk_array[45]=0x00000000f7d52ba0
[2025-08-08T15:30:46.172+0000][611.819s][1][129][trace] GC(97) _eden_chunk_array[46]=0x00000000f7d924a8
[2025-08-08T15:30:46.172+0000][611.819s][1][129][trace] GC(97) _eden_chunk_array[47]=0x00000000f7ddde58
[2025-08-08T15:30:46.172+0000][611.819s][1][129][trace] GC(97) _eden_chunk_array[48]=0x00000000f7e25078
[2025-08-08T15:30:46.172+0000][611.819s][1][129][trace] GC(97) _eden_chunk_array[49]=0x00000000f7e53a48
[2025-08-08T15:30:46.172+0000][611.819s][1][129][trace] GC(97) _eden_chunk_array[50]=0x00000000f7e82418
[2025-08-08T15:30:46.172+0000][611.819s][1][129][trace] GC(97) _eden_chunk_array[51]=0x00000000f7eb0de0
[2025-08-08T15:30:46.172+0000][611.819s][1][129][trace] GC(97) _eden_chunk_array[52]=0x00000000f7edf7d0
[2025-08-08T15:30:46.172+0000][611.819s][1][129][trace] GC(97) _eden_chunk_array[53]=0x00000000f7f1b0b8
[2025-08-08T15:30:46.172+0000][611.819s][1][129][trace] GC(97) _eden_chunk_array[54]=0x00000000f7f44d00
[2025-08-08T15:30:46.172+0000][611.819s][1][129][trace] GC(97) _eden_chunk_array[55]=0x00000000f7f66170
[2025-08-08T15:30:46.172+0000][611.819s][1][129][trace] GC(97) _eden_chunk_array[56]=0x00000000f7f8e538
[2025-08-08T15:30:46.172+0000][611.819s][1][129][trace] GC(97) _eden_chunk_array[57]=0x00000000f7fb15d0
[2025-08-08T15:30:46.172+0000][611.819s][1][129][trace] GC(97) _eden_chunk_array[58]=0x00000000f7fd57d0
[2025-08-08T15:30:46.172+0000][611.819s][1][129][trace] GC(97) _eden_chunk_array[59]=0x00000000f8010e90
[2025-08-08T15:30:46.172+0000][611.819s][1][129][trace] GC(97) _eden_chunk_array[60]=0x00000000f8041ae0
[2025-08-08T15:30:46.172+0000][611.819s][1][129][trace] GC(97) _eden_chunk_array[61]=0x00000000f8062088
[2025-08-08T15:30:46.172+0000][611.819s][1][129][trace] GC(97) _eden_chunk_array[62]=0x00000000f80a92a8
[2025-08-08T15:30:46.172+0000][611.819s][1][129][trace] GC(97) _eden_chunk_array[63]=0x00000000f80d7198
[2025-08-08T15:30:46.172+0000][611.820s][1][129][trace] GC(97) _eden_chunk_array[64]=0x00000000f80f80c0
[2025-08-08T15:30:46.172+0000][611.820s][1][129][trace] GC(97) _eden_chunk_array[65]=0x00000000f8125fa0
[2025-08-08T15:30:46.172+0000][611.820s][1][129][trace] GC(97) _eden_chunk_array[66]=0x00000000f8153e90
[2025-08-08T15:30:46.172+0000][611.820s][1][129][trace] GC(97) _eden_chunk_array[67]=0x00000000f8174ae8
[2025-08-08T15:30:46.172+0000][611.820s][1][129][trace] GC(97) _eden_chunk_array[68]=0x00000000f819b990
[2025-08-08T15:30:46.172+0000][611.820s][1][129][trace] GC(97) _eden_chunk_array[69]=0x00000000f81bba80
[2025-08-08T15:30:46.172+0000][611.820s][1][129][trace] GC(97) _eden_chunk_array[70]=0x00000000f820f900
[2025-08-08T15:30:46.172+0000][611.820s][1][129][trace] GC(97) _eden_chunk_array[71]=0x00000000f823d620
[2025-08-08T15:30:46.172+0000][611.820s][1][129][trace] GC(97) _eden_chunk_array[72]=0x00000000f8262ba8
[2025-08-08T15:30:46.172+0000][611.820s][1][129][trace] GC(97) _eden_chunk_array[73]=0x00000000f82ab2f8
[2025-08-08T15:30:46.172+0000][611.820s][1][129][trace] GC(97) _eden_chunk_array[74]=0x00000000f8311588
[2025-08-08T15:30:46.172+0000][611.820s][1][129][trace] GC(97) _eden_chunk_array[75]=0x00000000f834f680
[2025-08-08T15:30:46.172+0000][611.820s][1][129][trace] GC(97) _eden_chunk_array[76]=0x00000000f8373c00
[2025-08-08T15:30:46.172+0000][611.820s][1][129][trace] GC(97) _eden_chunk_array[77]=0x00000000f83b1d38
[2025-08-08T15:30:46.172+0000][611.820s][1][129][trace] GC(97) _eden_chunk_array[78]=0x00000000f83d29e0
[2025-08-08T15:30:46.172+0000][611.820s][1][129][trace] GC(97) _eden_chunk_array[79]=0x00000000f843d9b0
[2025-08-08T15:30:46.172+0000][611.820s][1][129][trace] GC(97) _eden_chunk_array[80]=0x00000000f8470448
[2025-08-08T15:30:46.172+0000][611.820s][1][129][trace] GC(97) _eden_chunk_array[81]=0x00000000f8494218
[2025-08-08T15:30:46.172+0000][611.820s][1][129][trace] GC(97) _eden_chunk_array[82]=0x00000000f84b46a0
[2025-08-08T15:30:46.172+0000][611.820s][1][129][trace] GC(97) _eden_chunk_array[83]=0x00000000f84df640
[2025-08-08T15:30:46.172+0000][611.820s][1][129][trace] GC(97) _eden_chunk_array[84]=0x00000000f8503248
[2025-08-08T15:30:46.172+0000][611.820s][1][129][trace] GC(97) _eden_chunk_array[85]=0x00000000f8525dd0
[2025-08-08T15:30:46.172+0000][611.820s][1][129][trace] GC(97) _eden_chunk_array[86]=0x00000000f8549fb0
[2025-08-08T15:30:46.172+0000][611.820s][1][129][trace] GC(97) _eden_chunk_array[87]=0x00000000f8593700
[2025-08-08T15:30:46.172+0000][611.820s][1][129][trace] GC(97) _eden_chunk_array[88]=0x00000000f85b6e98
[2025-08-08T15:30:46.172+0000][611.820s][1][129][trace] GC(97) _eden_chunk_array[89]=0x00000000f85da628
[2025-08-08T15:30:46.172+0000][611.820s][1][129][trace] GC(97) _eden_chunk_array[90]=0x00000000f8637ba0
[2025-08-08T15:30:46.172+0000][611.820s][1][129][trace] GC(97) _eden_chunk_array[91]=0x00000000f865b350
[2025-08-08T15:30:46.172+0000][611.820s][1][129][trace] GC(97) _eden_chunk_array[92]=0x00000000f867eaf8
[2025-08-08T15:30:46.172+0000][611.820s][1][129][trace] GC(97) _eden_chunk_array[93]=0x00000000f86a22b0
[2025-08-08T15:30:46.172+0000][611.820s][1][129][trace] GC(97) _eden_chunk_array[94]=0x00000000f86ce2b8
[2025-08-08T15:30:46.172+0000][611.820s][1][129][trace] GC(97) _eden_chunk_array[95]=0x00000000f871be30
[2025-08-08T15:30:46.172+0000][611.820s][1][129][trace] GC(97) _eden_chunk_array[96]=0x00000000f873c650
[2025-08-08T15:30:46.172+0000][611.820s][1][129][trace] GC(97) _eden_chunk_array[97]=0x00000000f877a548
[2025-08-08T15:30:46.172+0000][611.820s][1][129][trace] GC(97) _eden_chunk_array[98]=0x00000000f87ab198
[2025-08-08T15:30:46.172+0000][611.820s][1][129][trace] GC(97) _eden_chunk_array[99]=0x00000000f87cdba8
[2025-08-08T15:30:46.172+0000][611.820s][1][129][trace] GC(97) _eden_chunk_array[100]=0x00000000f87ff268
[2025-08-08T15:30:46.172+0000][611.820s][1][129][trace] GC(97) _eden_chunk_array[101]=0x00000000f8820d80
[2025-08-08T15:30:46.172+0000][611.820s][1][129][trace] GC(97) _eden_chunk_array[102]=0x00000000f885e7f8
[2025-08-08T15:30:46.172+0000][611.820s][1][129][trace] GC(97) _eden_chunk_array[103]=0x00000000f88976c8
[2025-08-08T15:30:46.173+0000][611.820s][1][129][trace] GC(97) _eden_chunk_array[104]=0x00000000f88e3080
[2025-08-08T15:30:46.173+0000][611.820s][1][129][trace] GC(97) _eden_chunk_array[105]=0x00000000f8910f80
[2025-08-08T15:30:46.173+0000][611.820s][1][129][trace] GC(97) _eden_chunk_array[106]=0x00000000f893eeb0
[2025-08-08T15:30:46.173+0000][611.820s][1][129][trace] GC(97) _eden_chunk_array[107]=0x00000000f89a4ac8
[2025-08-08T15:30:46.173+0000][611.820s][1][129][trace] GC(97) _eden_chunk_array[108]=0x00000000f89cb8e0
[2025-08-08T15:30:46.173+0000][611.820s][1][129][trace] GC(97) _eden_chunk_array[109]=0x00000000f89ec060
[2025-08-08T15:30:46.173+0000][611.820s][1][129][trace] GC(97) _eden_chunk_array[110]=0x00000000f8a448d8
[2025-08-08T15:30:46.173+0000][611.820s][1][129][trace] GC(97) _eden_chunk_array[111]=0x00000000f8a6cea8
[2025-08-08T15:30:46.173+0000][611.820s][1][129][trace] GC(97) _eden_chunk_array[112]=0x00000000f8a9c180
[2025-08-08T15:30:46.173+0000][611.820s][1][129][trace] GC(97) _eden_chunk_array[113]=0x00000000f8abe1a8
[2025-08-08T15:30:46.173+0000][611.820s][1][129][trace] GC(97) _eden_chunk_array[114]=0x00000000f8af4148
[2025-08-08T15:30:46.173+0000][611.820s][1][129][trace] GC(97) _eden_chunk_array[115]=0x00000000f8b5a148
[2025-08-08T15:30:46.173+0000][611.820s][1][129][trace] GC(97) _eden_chunk_array[116]=0x00000000f8ba1368
[2025-08-08T15:30:46.173+0000][611.820s][1][129][trace] GC(97) _eden_chunk_array[117]=0x00000000f8bdf490
[2025-08-08T15:30:46.173+0000][611.820s][1][129][trace] GC(97) _eden_chunk_array[118]=0x00000000f8c1d598
[2025-08-08T15:30:46.173+0000][611.820s][1][129][trace] GC(97) _eden_chunk_array[119]=0x00000000f8c5b698
[2025-08-08T15:30:46.173+0000][611.820s][1][129][trace] GC(97) _eden_chunk_array[120]=0x00000000f8c7b880
[2025-08-08T15:30:46.173+0000][611.820s][1][129][trace] GC(97) _eden_chunk_array[121]=0x00000000f8cad368
[2025-08-08T15:30:46.173+0000][611.820s][1][129][trace] GC(97) _eden_chunk_array[122]=0x00000000f8ccde78
[2025-08-08T15:30:46.173+0000][611.820s][1][129][trace] GC(97) _eden_chunk_array[123]=0x00000000f8cf5a38
[2025-08-08T15:30:46.173+0000][611.820s][1][129][trace] GC(97) _eden_chunk_array[124]=0x00000000f8d26178
[2025-08-08T15:30:46.173+0000][611.820s][1][129][trace] GC(97) _eden_chunk_array[125]=0x00000000f8d49900
[2025-08-08T15:30:46.173+0000][611.820s][1][129][trace] GC(97) _eden_chunk_array[126]=0x00000000f8d8b1f8
[2025-08-08T15:30:46.173+0000][611.820s][1][129][trace] GC(97) _eden_chunk_array[127]=0x00000000f8db2f10
[2025-08-08T15:30:46.173+0000][611.820s][1][129][trace] GC(97) _eden_chunk_array[128]=0x00000000f8de18e0
[2025-08-08T15:30:46.173+0000][611.820s][1][129][trace] GC(97) _eden_chunk_array[129]=0x00000000f8e18b48
[2025-08-08T15:30:46.173+0000][611.820s][1][129][trace] GC(97) _eden_chunk_array[130]=0x00000000f8e6f270
[2025-08-08T15:30:46.173+0000][611.820s][1][129][trace] GC(97) _eden_chunk_array[131]=0x00000000f8ebac10
[2025-08-08T15:30:46.173+0000][611.820s][1][129][trace] GC(97) _eden_chunk_array[132]=0x00000000f8f065c8
[2025-08-08T15:30:46.173+0000][611.820s][1][129][trace] GC(97) _eden_chunk_array[133]=0x00000000f8f51f80
[2025-08-08T15:30:46.173+0000][611.820s][1][129][trace] GC(97) _eden_chunk_array[134]=0x00000000f8f72620
[2025-08-08T15:30:46.173+0000][611.820s][1][129][trace] GC(97) _eden_chunk_array[135]=0x00000000f8fa4040
[2025-08-08T15:30:46.173+0000][611.820s][1][129][trace] GC(97) _eden_chunk_array[136]=0x00000000f8fc4d88
[2025-08-08T15:30:46.173+0000][611.820s][1][129][trace] GC(97) _eden_chunk_array[137]=0x00000000f8fec538
[2025-08-08T15:30:46.173+0000][611.820s][1][129][trace] GC(97) _eden_chunk_array[138]=0x00000000f902a638
[2025-08-08T15:30:46.173+0000][611.820s][1][129][trace] GC(97) _eden_chunk_array[139]=0x00000000f9058bc8
[2025-08-08T15:30:46.173+0000][611.820s][1][129][trace] GC(97) _eden_chunk_array[140]=0x00000000f9091800
[2025-08-08T15:30:46.173+0000][611.820s][1][129][trace] GC(97) _eden_chunk_array[141]=0x00000000f90dd1b8
[2025-08-08T15:30:46.173+0000][611.820s][1][129][trace] GC(97) _eden_chunk_array[142]=0x00000000f91409f8
[2025-08-08T15:30:46.173+0000][611.820s][1][129][trace] GC(97) _eden_chunk_array[143]=0x00000000f9179640
[2025-08-08T15:30:46.173+0000][611.820s][1][129][trace] GC(97) _eden_chunk_array[144]=0x00000000f91b3fe8
[2025-08-08T15:30:46.173+0000][611.820s][1][129][trace] GC(97) _eden_chunk_array[145]=0x00000000f91d5010
[2025-08-08T15:30:46.173+0000][611.820s][1][129][trace] GC(97) _eden_chunk_array[146]=0x00000000f91f5710
[2025-08-08T15:30:46.173+0000][611.820s][1][129][trace] GC(97) _eden_chunk_array[147]=0x00000000f92174a0
[2025-08-08T15:30:46.173+0000][611.820s][1][129][trace] GC(97) _eden_chunk_array[148]=0x00000000f9237f28
[2025-08-08T15:30:46.173+0000][611.820s][1][129][trace] GC(97) _eden_chunk_array[149]=0x00000000f9268880
[2025-08-08T15:30:46.173+0000][611.820s][1][129][trace] GC(97) _eden_chunk_array[150]=0x00000000f92b4220
[2025-08-08T15:30:46.173+0000][611.820s][1][129][trace] GC(97) _eden_chunk_array[151]=0x00000000f92d8e90
[2025-08-08T15:30:46.173+0000][611.820s][1][129][trace] GC(97) _eden_chunk_array[152]=0x00000000f9336e68
[2025-08-08T15:30:46.173+0000][611.820s][1][129][trace] GC(97) _eden_chunk_array[153]=0x00000000f936ce70
[2025-08-08T15:30:46.173+0000][611.820s][1][129][trace] GC(97) _eden_chunk_array[154]=0x00000000f93b8810
[2025-08-08T15:30:46.173+0000][611.820s][1][129][trace] GC(97) _eden_chunk_array[155]=0x00000000f93ffa18
[2025-08-08T15:30:46.173+0000][611.820s][1][129][trace] GC(97) _eden_chunk_array[156]=0x00000000f94267a0
[2025-08-08T15:30:46.173+0000][611.820s][1][129][trace] GC(97) _eden_chunk_array[157]=0x00000000f944e4b0
[2025-08-08T15:30:46.173+0000][611.820s][1][129][trace] GC(97) _eden_chunk_array[158]=0x00000000f94761c0
[2025-08-08T15:30:46.173+0000][611.820s][1][129][trace] GC(97) _eden_chunk_array[159]=0x00000000f94984d0
[2025-08-08T15:30:46.173+0000][611.820s][1][129][trace] GC(97) _eden_chunk_array[160]=0x00000000f94c9400
[2025-08-08T15:30:46.173+0000][611.820s][1][129][trace] GC(97) _eden_chunk_array[161]=0x00000000f94f6a80
[2025-08-08T15:30:46.173+0000][611.820s][1][129][trace] GC(97) _eden_chunk_array[162]=0x00000000f9520dc8
[2025-08-08T15:30:46.173+0000][611.820s][1][129][trace] GC(97) _eden_chunk_array[163]=0x00000000f954ecc8
[2025-08-08T15:30:46.173+0000][611.820s][1][129][trace] GC(97) _eden_chunk_array[164]=0x00000000f95aece8
[2025-08-08T15:30:46.173+0000][611.820s][1][129][trace] GC(97) _eden_chunk_array[165]=0x00000000f95dfd08
[2025-08-08T15:30:46.173+0000][611.820s][1][129][trace] GC(97) _eden_chunk_array[166]=0x00000000f9606700
[2025-08-08T15:30:46.173+0000][611.820s][1][129][trace] GC(97) _eden_chunk_array[167]=0x00000000f9628230
[2025-08-08T15:30:46.173+0000][611.820s][1][129][trace] GC(97) _eden_chunk_array[168]=0x00000000f968de50
[2025-08-08T15:30:46.173+0000][611.820s][1][129][trace] GC(97) _eden_chunk_array[169]=0x00000000f96bbd38
[2025-08-08T15:30:46.173+0000][611.820s][1][129][trace] GC(97) _eden_chunk_array[170]=0x00000000f96dc330
[2025-08-08T15:30:46.173+0000][611.820s][1][129][trace] GC(97) _eden_chunk_array[171]=0x00000000f9707340
[2025-08-08T15:30:46.173+0000][611.820s][1][129][trace] GC(97) _eden_chunk_array[172]=0x00000000f972e680
[2025-08-08T15:30:46.173+0000][611.820s][1][129][trace] GC(97) _eden_chunk_array[173]=0x00000000f97549f0
[2025-08-08T15:30:46.173+0000][611.820s][1][129][trace] GC(97) _eden_chunk_array[174]=0x00000000f97a8820
[2025-08-08T15:30:46.173+0000][611.820s][1][129][trace] GC(97) _eden_chunk_array[175]=0x00000000f97d3398
[2025-08-08T15:30:46.173+0000][611.820s][1][129][trace] GC(97) _eden_chunk_array[176]=0x00000000f97fdf80
[2025-08-08T15:30:46.173+0000][611.820s][1][129][trace] GC(97) _eden_chunk_array[177]=0x00000000f982e178
[2025-08-08T15:30:46.173+0000][611.820s][1][129][trace] GC(97) _eden_chunk_array[178]=0x00000000f9867ce0
[2025-08-08T15:30:46.173+0000][611.820s][1][129][trace] GC(97) _eden_chunk_array[179]=0x00000000f9895300
[2025-08-08T15:30:46.173+0000][611.820s][1][129][trace] GC(97) _eden_chunk_array[180]=0x00000000f98bd008
[2025-08-08T15:30:46.173+0000][611.820s][1][129][trace] GC(97) _eden_chunk_array[181]=0x00000000f98f2fb8
[2025-08-08T15:30:46.173+0000][611.820s][1][129][trace] GC(97) _eden_chunk_array[182]=0x00000000f991acd0
[2025-08-08T15:30:46.173+0000][611.820s][1][129][trace] GC(97) _eden_chunk_array[183]=0x00000000f9961bd8
[2025-08-08T15:30:46.173+0000][611.820s][1][129][trace] GC(97) _eden_chunk_array[184]=0x00000000f9997b80
[2025-08-08T15:30:46.173+0000][611.820s][1][129][trace] GC(97) _eden_chunk_array[185]=0x00000000f99cdb20
[2025-08-08T15:30:46.173+0000][611.820s][1][129][trace] GC(97) _eden_chunk_array[186]=0x00000000f99edb80
[2025-08-08T15:30:46.173+0000][611.820s][1][129][trace] GC(97) _eden_chunk_array[187]=0x00000000f9a0f7d0
[2025-08-08T15:30:46.173+0000][611.820s][1][129][trace] GC(97) _eden_chunk_array[188]=0x00000000f9a60a40
[2025-08-08T15:30:46.173+0000][611.820s][1][129][trace] GC(97) _eden_chunk_array[189]=0x00000000f9a8ad70
[2025-08-08T15:30:46.173+0000][611.820s][1][129][trace] GC(97) _eden_chunk_array[190]=0x00000000f9ad16f0
[2025-08-08T15:30:46.173+0000][611.820s][1][129][trace] GC(97) _eden_chunk_array[191]=0x00000000f9afba48
[2025-08-08T15:30:46.173+0000][611.820s][1][129][trace] GC(97) _eden_chunk_array[192]=0x00000000f9b42c60
[2025-08-08T15:30:46.173+0000][611.820s][1][129][trace] GC(97) _eden_chunk_array[193]=0x00000000f9b70b60
[2025-08-08T15:30:46.173+0000][611.820s][1][129][trace] GC(97) _eden_chunk_array[194]=0x00000000f9b9ea70
[2025-08-08T15:30:46.173+0000][611.820s][1][129][trace] GC(97) _eden_chunk_array[195]=0x00000000f9bcc968
[2025-08-08T15:30:46.173+0000][611.820s][1][129][trace] GC(97) _eden_chunk_array[196]=0x00000000f9bfa870
[2025-08-08T15:30:46.173+0000][611.820s][1][129][trace] GC(97) _eden_chunk_array[197]=0x00000000f9c28768
[2025-08-08T15:30:46.173+0000][611.820s][1][129][trace] GC(97) _eden_chunk_array[198]=0x00000000f9c48e68
[2025-08-08T15:30:46.173+0000][611.820s][1][129][trace] GC(97) _eden_chunk_array[199]=0x00000000f9c74180
[2025-08-08T15:30:46.173+0000][611.820s][1][129][trace] GC(97) _eden_chunk_array[200]=0x00000000f9c985c0
[2025-08-08T15:30:46.173+0000][611.820s][1][129][trace] GC(97) _eden_chunk_array[201]=0x00000000f9ce9f48
[2025-08-08T15:30:46.173+0000][611.820s][1][129][trace] GC(97) _eden_chunk_array[202]=0x00000000f9d12820
[2025-08-08T15:30:46.173+0000][611.820s][1][129][trace] GC(97) _eden_chunk_array[203]=0x00000000f9d4b4a0
[2025-08-08T15:30:46.173+0000][611.820s][1][129][trace] GC(97) _eden_chunk_array[204]=0x00000000f9d840e8
[2025-08-08T15:30:46.173+0000][611.820s][1][129][trace] GC(97) _eden_chunk_array[205]=0x00000000f9dbf798
[2025-08-08T15:30:46.173+0000][611.820s][1][129][trace] GC(97) _eden_chunk_array[206]=0x00000000f9dfae38
[2025-08-08T15:30:46.173+0000][611.820s][1][129][trace] GC(97) _eden_chunk_array[207]=0x00000000f9e33a88
[2025-08-08T15:30:46.173+0000][611.820s][1][129][trace] GC(97) _eden_chunk_array[208]=0x00000000f9e54b10
[2025-08-08T15:30:46.173+0000][611.820s][1][129][trace] GC(97) _eden_chunk_array[209]=0x00000000f9eb6cf8
[2025-08-08T15:30:46.173+0000][611.820s][1][129][trace] GC(97) _eden_chunk_array[210]=0x00000000f9f1d658
[2025-08-08T15:30:46.173+0000][611.820s][1][129][trace] GC(97) _eden_chunk_array[211]=0x00000000f9f3ff08
[2025-08-08T15:30:46.173+0000][611.820s][1][129][trace] GC(97) _eden_chunk_array[212]=0x00000000f9f60798
[2025-08-08T15:30:46.173+0000][611.820s][1][129][trace] GC(97) _eden_chunk_array[213]=0x00000000f9f8ddd0
[2025-08-08T15:30:46.173+0000][611.820s][1][129][trace] GC(97) _eden_chunk_array[214]=0x00000000f9fb78f8
[2025-08-08T15:30:46.173+0000][611.820s][1][129][trace] GC(97) _eden_chunk_array[215]=0x00000000f9fe9b10
[2025-08-08T15:30:46.173+0000][611.820s][1][129][trace] GC(97) _eden_chunk_array[216]=0x00000000fa013e58
[2025-08-08T15:30:46.173+0000][611.820s][1][129][trace] GC(97) _eden_chunk_array[217]=0x00000000fa03bb70
[2025-08-08T15:30:46.173+0000][611.820s][1][129][trace] GC(97) _eden_chunk_array[218]=0x00000000fa063890
[2025-08-08T15:30:46.173+0000][611.820s][1][129][trace] GC(97) _eden_chunk_array[219]=0x00000000fa0aaab0
[2025-08-08T15:30:46.173+0000][611.820s][1][129][trace] GC(97) _eden_chunk_array[220]=0x00000000fa0e2618
[2025-08-08T15:30:46.173+0000][611.820s][1][129][trace] GC(97) _eden_chunk_array[221]=0x00000000fa1185b0
[2025-08-08T15:30:46.173+0000][611.820s][1][129][trace] GC(97) _eden_chunk_array[222]=0x00000000fa14e7f0
[2025-08-08T15:30:46.173+0000][611.821s][1][129][trace] GC(97) _eden_chunk_array[223]=0x00000000fa184790
[2025-08-08T15:30:46.173+0000][611.821s][1][129][trace] GC(97) _eden_chunk_array[224]=0x00000000fa1aa238
[2025-08-08T15:30:46.173+0000][611.821s][1][129][trace] GC(97) _eden_chunk_array[225]=0x00000000fa1d0718
[2025-08-08T15:30:46.173+0000][611.821s][1][129][trace] GC(97) _eden_chunk_array[226]=0x00000000fa1f12b8
[2025-08-08T15:30:46.173+0000][611.821s][1][129][trace] GC(97) _eden_chunk_array[227]=0x00000000fa240490
[2025-08-08T15:30:46.173+0000][611.821s][1][129][trace] GC(97) _eden_chunk_array[228]=0x00000000fa270f58
[2025-08-08T15:30:46.173+0000][611.821s][1][129][trace] GC(97) _eden_chunk_array[229]=0x00000000fa2a35c0
[2025-08-08T15:30:46.173+0000][611.821s][1][129][trace] GC(97) _eden_chunk_array[230]=0x00000000fa2c77a0
[2025-08-08T15:30:46.173+0000][611.821s][1][129][trace] GC(97) _eden_chunk_array[231]=0x00000000fa2ebd18
[2025-08-08T15:30:46.173+0000][611.821s][1][129][trace] GC(97) _eden_chunk_array[232]=0x00000000fa310298
[2025-08-08T15:30:46.173+0000][611.821s][1][129][trace] GC(97) _eden_chunk_array[233]=0x00000000fa3574b0
[2025-08-08T15:30:46.173+0000][611.821s][1][129][trace] GC(97) _eden_chunk_array[234]=0x00000000fa378140
[2025-08-08T15:30:46.173+0000][611.821s][1][129][trace] GC(97) _eden_chunk_array[235]=0x00000000fa3b6240
[2025-08-08T15:30:46.173+0000][611.821s][1][129][trace] GC(97) _eden_chunk_array[236]=0x00000000fa3f4350
[2025-08-08T15:30:46.173+0000][611.821s][1][129][trace] GC(97) _eden_chunk_array[237]=0x00000000fa432458
[2025-08-08T15:30:46.173+0000][611.821s][1][129][trace] GC(97) _eden_chunk_array[238]=0x00000000fa452778
[2025-08-08T15:30:46.173+0000][611.821s][1][129][trace] GC(97) _eden_chunk_array[239]=0x00000000fa472900
[2025-08-08T15:30:46.173+0000][611.821s][1][129][trace] GC(97) _eden_chunk_array[240]=0x00000000fa4c57b0
[2025-08-08T15:30:46.173+0000][611.821s][1][129][trace] GC(97) _eden_chunk_array[241]=0x00000000fa4f9720
[2025-08-08T15:30:46.173+0000][611.821s][1][129][trace] GC(97) _eden_chunk_array[242]=0x00000000fa523aa8
[2025-08-08T15:30:46.173+0000][611.821s][1][129][trace] GC(97) _eden_chunk_array[243]=0x00000000fa544b70
[2025-08-08T15:30:46.173+0000][611.821s][1][129][trace] GC(97) _eden_chunk_array[244]=0x00000000fa57c420
[2025-08-08T15:30:46.173+0000][611.821s][1][129][trace] GC(97) _eden_chunk_array[245]=0x00000000fa5b2030
[2025-08-08T15:30:46.173+0000][611.821s][1][129][trace] GC(97) _eden_chunk_array[246]=0x00000000fa5f9248
[2025-08-08T15:30:46.173+0000][611.821s][1][129][trace] GC(97) _eden_chunk_array[247]=0x00000000fa62f1c8
[2025-08-08T15:30:46.173+0000][611.821s][1][129][trace] GC(97) _eden_chunk_array[248]=0x00000000fa665150
[2025-08-08T15:30:46.173+0000][611.821s][1][129][trace] GC(97) _eden_chunk_array[249]=0x00000000fa69b110
[2025-08-08T15:30:46.173+0000][611.821s][1][129][trace] GC(97) _eden_chunk_array[250]=0x00000000fa6d10b0
[2025-08-08T15:30:46.173+0000][611.821s][1][129][trace] GC(97) _eden_chunk_array[251]=0x00000000fa6f3ae0
[2025-08-08T15:30:46.173+0000][611.821s][1][129][trace] GC(97) _eden_chunk_array[252]=0x00000000fa714e68
[2025-08-08T15:30:46.173+0000][611.821s][1][129][trace] GC(97) _eden_chunk_array[253]=0x00000000fa760e88
[2025-08-08T15:30:46.173+0000][611.821s][1][129][trace] GC(97) _eden_chunk_array[254]=0x00000000fa796470
[2025-08-08T15:30:46.173+0000][611.821s][1][129][trace] GC(97) _eden_chunk_array[255]=0x00000000fa7b9c58
[2025-08-08T15:30:46.173+0000][611.821s][1][129][trace] GC(97) _eden_chunk_array[256]=0x00000000fa8009f0
[2025-08-08T15:30:46.173+0000][611.821s][1][129][trace] GC(97) _eden_chunk_array[257]=0x00000000fa821fc8
[2025-08-08T15:30:46.173+0000][611.821s][1][129][trace] GC(97) _eden_chunk_array[258]=0x00000000fa84fed0
[2025-08-08T15:30:46.173+0000][611.821s][1][129][trace] GC(97) _eden_chunk_array[259]=0x00000000fa87ddc8
[2025-08-08T15:30:46.173+0000][611.821s][1][129][trace] GC(97) _eden_chunk_array[260]=0x00000000fa8d8c60
[2025-08-08T15:30:46.173+0000][611.821s][1][129][trace] GC(97) _eden_chunk_array[261]=0x00000000fa906b38
[2025-08-08T15:30:46.173+0000][611.821s][1][129][trace] GC(97) _eden_chunk_array[262]=0x00000000fa934a68
[2025-08-08T15:30:46.173+0000][611.821s][1][129][trace] GC(97) _eden_chunk_array[263]=0x00000000fa955138
[2025-08-08T15:30:46.173+0000][611.821s][1][129][trace] GC(97) _eden_chunk_array[264]=0x00000000fa9a3020
[2025-08-08T15:30:46.173+0000][611.821s][1][129][trace] GC(97) _eden_chunk_array[265]=0x00000000fa9ca970
[2025-08-08T15:30:46.173+0000][611.821s][1][129][trace] GC(97) _eden_chunk_array[266]=0x00000000fa9eb948
[2025-08-08T15:30:46.173+0000][611.821s][1][129][trace] GC(97) _eden_chunk_array[267]=0x00000000faa22858
[2025-08-08T15:30:46.173+0000][611.821s][1][129][trace] GC(97) _eden_chunk_array[268]=0x00000000faa5b488
[2025-08-08T15:30:46.173+0000][611.821s][1][129][trace] GC(97) _eden_chunk_array[269]=0x00000000faa80948
[2025-08-08T15:30:46.173+0000][611.821s][1][129][trace] GC(97) _eden_chunk_array[270]=0x00000000faaa2468
[2025-08-08T15:30:46.173+0000][611.821s][1][129][trace] GC(97) _eden_chunk_array[271]=0x00000000faad0370
[2025-08-08T15:30:46.173+0000][611.821s][1][129][trace] GC(97) _eden_chunk_array[272]=0x00000000fab1bd20
[2025-08-08T15:30:46.173+0000][611.821s][1][129][trace] GC(97) _eden_chunk_array[273]=0x00000000fab41778
[2025-08-08T15:30:46.173+0000][611.821s][1][129][trace] GC(97) _eden_chunk_array[274]=0x00000000faba35d8
[2025-08-08T15:30:46.174+0000][611.821s][1][129][trace] GC(97) _eden_chunk_array[275]=0x00000000fabc3b90
[2025-08-08T15:30:46.174+0000][611.821s][1][129][trace] GC(97) _eden_chunk_array[276]=0x00000000fabf1ac0
[2025-08-08T15:30:46.174+0000][611.821s][1][129][trace] GC(97) _eden_chunk_array[277]=0x00000000fac1f9c0
[2025-08-08T15:30:46.174+0000][611.821s][1][129][trace] GC(97) _eden_chunk_array[278]=0x00000000fac43458
[2025-08-08T15:30:46.174+0000][611.821s][1][129][trace] GC(97) _eden_chunk_array[279]=0x00000000fac664a0
[2025-08-08T15:30:46.174+0000][611.821s][1][129][trace] GC(97) _eden_chunk_array[280]=0x00000000faca8880
[2025-08-08T15:30:46.174+0000][611.821s][1][129][trace] GC(97) _eden_chunk_array[281]=0x00000000facdfad8
[2025-08-08T15:30:46.174+0000][611.821s][1][129][trace] GC(97) _eden_chunk_array[282]=0x00000000fad04058
[2025-08-08T15:30:46.174+0000][611.821s][1][129][trace] GC(97) _eden_chunk_array[283]=0x00000000fad3c618
[2025-08-08T15:30:46.174+0000][611.821s][1][129][trace] GC(97) _eden_chunk_array[284]=0x00000000fad83830
[2025-08-08T15:30:46.174+0000][611.821s][1][129][trace] GC(97) _eden_chunk_array[285]=0x00000000fadebdb8
[2025-08-08T15:30:46.174+0000][611.821s][1][129][trace] GC(97) _eden_chunk_array[286]=0x00000000fae21d50
[2025-08-08T15:30:46.174+0000][611.821s][1][129][trace] GC(97) _eden_chunk_array[287]=0x00000000fae57cf0
[2025-08-08T15:30:46.174+0000][611.821s][1][129][trace] GC(97) _eden_chunk_array[288]=0x00000000fae78468
[2025-08-08T15:30:46.174+0000][611.821s][1][129][trace] GC(97) _eden_chunk_array[289]=0x00000000faebf670
[2025-08-08T15:30:46.174+0000][611.821s][1][129][trace] GC(97) _eden_chunk_array[290]=0x00000000faee8840
[2025-08-08T15:30:46.174+0000][611.821s][1][129][trace] GC(97) _eden_chunk_array[291]=0x00000000faf08cc0
[2025-08-08T15:30:46.174+0000][611.821s][1][129][trace] GC(97) _eden_chunk_array[292]=0x00000000faf34878
[2025-08-08T15:30:46.174+0000][611.821s][1][129][trace] GC(97) _eden_chunk_array[293]=0x00000000faf62f18
[2025-08-08T15:30:46.174+0000][611.821s][1][129][trace] GC(97) _eden_chunk_array[294]=0x00000000faf8d3f8
[2025-08-08T15:30:46.174+0000][611.821s][1][129][trace] GC(97) _eden_chunk_array[295]=0x00000000fafb3e08
[2025-08-08T15:30:46.174+0000][611.821s][1][129][trace] GC(97) _eden_chunk_array[296]=0x00000000fafd9f00
[2025-08-08T15:30:46.174+0000][611.821s][1][129][trace] GC(97) _eden_chunk_array[297]=0x00000000faffd078
[2025-08-08T15:30:46.174+0000][611.821s][1][129][trace] GC(97) _eden_chunk_array[298]=0x00000000fb04faa0
[2025-08-08T15:30:46.174+0000][611.821s][1][129][trace] GC(97) _eden_chunk_array[299]=0x00000000fb0b1978
[2025-08-08T15:30:46.174+0000][611.821s][1][129][trace] GC(97) _eden_chunk_array[300]=0x00000000fb0e7908
[2025-08-08T15:30:46.174+0000][611.821s][1][129][trace] GC(97) _eden_chunk_array[301]=0x00000000fb11d890
[2025-08-08T15:30:46.174+0000][611.821s][1][129][trace] GC(97) _eden_chunk_array[302]=0x00000000fb153840
[2025-08-08T15:30:46.174+0000][611.821s][1][129][trace] GC(97) _eden_chunk_array[303]=0x00000000fb1897d0
[2025-08-08T15:30:46.174+0000][611.821s][1][129][trace] GC(97) _eden_chunk_array[304]=0x00000000fb1b2e50
[2025-08-08T15:30:46.174+0000][611.821s][1][129][trace] GC(97) _eden_chunk_array[305]=0x00000000fb1d2fa8
[2025-08-08T15:30:46.174+0000][611.821s][1][129][trace] GC(97) _eden_chunk_array[306]=0x00000000fb205b90
[2025-08-08T15:30:46.174+0000][611.821s][1][129][trace] GC(97) _eden_chunk_array[307]=0x00000000fb228c20
[2025-08-08T15:30:46.174+0000][611.821s][1][129][trace] GC(97) _eden_chunk_array[308]=0x00000000fb252f78
[2025-08-08T15:30:46.174+0000][611.821s][1][129][trace] GC(97) _eden_chunk_array[309]=0x00000000fb2bd9b8
[2025-08-08T15:30:46.174+0000][611.821s][1][129][trace] GC(97) _eden_chunk_array[310]=0x00000000fb304bd0
[2025-08-08T15:30:46.174+0000][611.821s][1][129][trace] GC(97) _eden_chunk_array[311]=0x00000000fb326870
[2025-08-08T15:30:46.174+0000][611.821s][1][129][trace] GC(97) _eden_chunk_array[312]=0x00000000fb34b4d0
[2025-08-08T15:30:46.174+0000][611.821s][1][129][trace] GC(97) _eden_chunk_array[313]=0x00000000fb370130
[2025-08-08T15:30:46.174+0000][611.821s][1][129][trace] GC(97) _eden_chunk_array[314]=0x00000000fb394dc8
[2025-08-08T15:30:46.174+0000][611.821s][1][129][trace] GC(97) _eden_chunk_array[315]=0x00000000fb3b9a48
[2025-08-08T15:30:46.174+0000][611.821s][1][129][trace] GC(97) _eden_chunk_array[316]=0x00000000fb3de6a0
[2025-08-08T15:30:46.174+0000][611.821s][1][129][trace] GC(97) _eden_chunk_array[317]=0x00000000fb415270
[2025-08-08T15:30:46.174+0000][611.821s][1][129][trace] GC(97) _eden_chunk_array[318]=0x00000000fb4494c0
[2025-08-08T15:30:46.174+0000][611.821s][1][129][trace] GC(97) _eden_chunk_array[319]=0x00000000fb46db38
[2025-08-08T15:30:46.174+0000][611.821s][1][129][trace] GC(97) _eden_chunk_array[320]=0x00000000fb490698
[2025-08-08T15:30:46.174+0000][611.821s][1][129][trace] GC(97) _eden_chunk_array[321]=0x00000000fb4b4c10
[2025-08-08T15:30:46.174+0000][611.821s][1][129][trace] GC(97) _eden_chunk_array[322]=0x00000000fb4d7d10
[2025-08-08T15:30:46.174+0000][611.821s][1][129][trace] GC(97) _eden_chunk_array[323]=0x00000000fb510950
[2025-08-08T15:30:46.174+0000][611.821s][1][129][trace] GC(97) _eden_chunk_array[324]=0x00000000fb534ec0
[2025-08-08T15:30:46.174+0000][611.821s][1][129][trace] GC(97) _eden_chunk_array[325]=0x00000000fb5585a0
[2025-08-08T15:30:46.174+0000][611.821s][1][129][trace] GC(97) _eden_chunk_array[326]=0x00000000fb5911e8
[2025-08-08T15:30:46.174+0000][611.821s][1][129][trace] GC(97) _eden_chunk_array[327]=0x00000000fb5c9e40
[2025-08-08T15:30:46.174+0000][611.821s][1][129][trace] GC(97) _eden_chunk_array[328]=0x00000000fb6173a8
[2025-08-08T15:30:46.174+0000][611.821s][1][129][trace] GC(97) _eden_chunk_array[329]=0x00000000fb672600
[2025-08-08T15:30:46.174+0000][611.821s][1][129][trace] GC(97) _eden_chunk_array[330]=0x00000000fb6a04c0
[2025-08-08T15:30:46.174+0000][611.821s][1][129][trace] GC(97) _eden_chunk_array[331]=0x00000000fb6ecbc8
[2025-08-08T15:30:46.174+0000][611.821s][1][129][trace] GC(97) _eden_chunk_array[332]=0x00000000fb70cec0
[2025-08-08T15:30:46.174+0000][611.821s][1][129][trace] GC(97) _eden_chunk_array[333]=0x00000000fb7338e0
[2025-08-08T15:30:46.174+0000][611.821s][1][129][trace] GC(97) _eden_chunk_array[334]=0x00000000fb75f0b0
[2025-08-08T15:30:46.174+0000][611.821s][1][129][trace] GC(97) _eden_chunk_array[335]=0x00000000fb7871e8
[2025-08-08T15:30:46.174+0000][611.821s][1][129][trace] GC(97) _eden_chunk_array[336]=0x00000000fb7ab810
[2025-08-08T15:30:46.174+0000][611.821s][1][129][trace] GC(97) _eden_chunk_array[337]=0x00000000fb7d7f50
[2025-08-08T15:30:46.174+0000][611.821s][1][129][trace] GC(97) _eden_chunk_array[338]=0x00000000fb7fb6e8
[2025-08-08T15:30:46.174+0000][611.821s][1][129][trace] GC(97) _eden_chunk_array[339]=0x00000000fb82c340
[2025-08-08T15:30:46.174+0000][611.821s][1][129][trace] GC(97) _eden_chunk_array[340]=0x00000000fb877cf8
[2025-08-08T15:30:46.174+0000][611.821s][1][129][trace] GC(97) _eden_chunk_array[341]=0x00000000fb89b488
[2025-08-08T15:30:46.174+0000][611.821s][1][129][trace] GC(97) _eden_chunk_array[342]=0x00000000fb8bec20
[2025-08-08T15:30:46.174+0000][611.821s][1][129][trace] GC(97) _eden_chunk_array[343]=0x00000000fb8e23d8
[2025-08-08T15:30:46.174+0000][611.821s][1][129][trace] GC(97) _eden_chunk_array[344]=0x00000000fb905b80
[2025-08-08T15:30:46.174+0000][611.821s][1][129][trace] GC(97) _eden_chunk_array[345]=0x00000000fb927270
[2025-08-08T15:30:46.174+0000][611.821s][1][129][trace] GC(97) _eden_chunk_array[346]=0x00000000fb954810
[2025-08-08T15:30:46.174+0000][611.821s][1][129][trace] GC(97) _eden_chunk_array[347]=0x00000000fb97a168
[2025-08-08T15:30:46.174+0000][611.821s][1][129][trace] GC(97) _eden_chunk_array[348]=0x00000000fb9cc900
[2025-08-08T15:30:46.174+0000][611.821s][1][129][trace] GC(97) _eden_chunk_array[349]=0x00000000fb9f2848
[2025-08-08T15:30:46.174+0000][611.821s][1][129][trace] GC(97) _eden_chunk_array[350]=0x00000000fba15ff0
[2025-08-08T15:30:46.174+0000][611.821s][1][129][trace] GC(97) _eden_chunk_array[351]=0x00000000fba540e0
[2025-08-08T15:30:46.174+0000][611.821s][1][129][trace] GC(97) _eden_chunk_array[352]=0x00000000fba8f770
[2025-08-08T15:30:46.174+0000][611.821s][1][129][trace] GC(97) _eden_chunk_array[353]=0x00000000fbab3ce8
[2025-08-08T15:30:46.174+0000][611.821s][1][129][trace] GC(97) _eden_chunk_array[354]=0x00000000fbad8258
[2025-08-08T15:30:46.174+0000][611.821s][1][129][trace] GC(97) _eden_chunk_array[355]=0x00000000fbafc7c8
[2025-08-08T15:30:46.174+0000][611.821s][1][129][trace] GC(97) _eden_chunk_array[356]=0x00000000fbb481c0
[2025-08-08T15:30:46.174+0000][611.821s][1][129][trace] GC(97) _eden_chunk_array[357]=0x00000000fbb6c740
[2025-08-08T15:30:46.174+0000][611.821s][1][129][trace] GC(97) _eden_chunk_array[358]=0x00000000fbb90cc0
[2025-08-08T15:30:46.174+0000][611.821s][1][129][trace] GC(97) _eden_chunk_array[359]=0x00000000fbbdef48
[2025-08-08T15:30:46.174+0000][611.821s][1][129][trace] GC(97) _eden_chunk_array[360]=0x00000000fbc05210
[2025-08-08T15:30:46.174+0000][611.821s][1][129][trace] GC(97) _eden_chunk_array[361]=0x00000000fbc2aef8
[2025-08-08T15:30:46.174+0000][611.821s][1][129][trace] GC(97) _eden_chunk_array[362]=0x00000000fbc517f0
[2025-08-08T15:30:46.174+0000][611.821s][1][129][trace] GC(97) _eden_chunk_array[363]=0x00000000fbc71960
[2025-08-08T15:30:46.174+0000][611.821s][1][129][trace] GC(97) _eden_chunk_array[364]=0x00000000fbca9d38
[2025-08-08T15:30:46.174+0000][611.821s][1][129][trace] GC(97) _eden_chunk_array[365]=0x00000000fbce3928
[2025-08-08T15:30:46.174+0000][611.821s][1][129][trace] GC(97) _eden_chunk_array[366]=0x00000000fbd0dc60
[2025-08-08T15:30:46.174+0000][611.821s][1][129][trace] GC(97) _eden_chunk_array[367]=0x00000000fbd59618
[2025-08-08T15:30:46.174+0000][611.821s][1][129][trace] GC(97) _eden_chunk_array[368]=0x00000000fbd8f270
[2025-08-08T15:30:46.174+0000][611.821s][1][129][trace] GC(97) _eden_chunk_array[369]=0x00000000fbdd6490
[2025-08-08T15:30:46.174+0000][611.821s][1][129][trace] GC(97) _eden_chunk_array[370]=0x00000000fbe145b8
[2025-08-08T15:30:46.174+0000][611.821s][1][129][trace] GC(97) _eden_chunk_array[371]=0x00000000fbe526e8
[2025-08-08T15:30:46.174+0000][611.821s][1][129][trace] GC(97) _eden_chunk_array[372]=0x00000000fbe907e8
[2025-08-08T15:30:46.174+0000][611.821s][1][129][trace] GC(97) _eden_chunk_array[373]=0x00000000fbeb4d70
[2025-08-08T15:30:46.174+0000][611.821s][1][129][trace] GC(97) _eden_chunk_array[374]=0x00000000fbed56c0
[2025-08-08T15:30:46.174+0000][611.821s][1][129][trace] GC(97) _eden_chunk_array[375]=0x00000000fbf00b78
[2025-08-08T15:30:46.174+0000][611.821s][1][129][trace] GC(97) _eden_chunk_array[376]=0x00000000fbf25120
[2025-08-08T15:30:46.174+0000][611.821s][1][129][trace] GC(97) _eden_chunk_array[377]=0x00000000fbf5dd68
[2025-08-08T15:30:46.174+0000][611.821s][1][129][trace] GC(97) _eden_chunk_array[378]=0x00000000fbf822e8
[2025-08-08T15:30:46.174+0000][611.821s][1][129][trace] GC(97) _eden_chunk_array[379]=0x00000000fbfa6860
[2025-08-08T15:30:46.174+0000][611.821s][1][129][trace] GC(97) _eden_chunk_array[380]=0x00000000fbfedb88
[2025-08-08T15:30:46.174+0000][611.821s][1][129][trace] GC(97) _eden_chunk_array[381]=0x00000000fc027520
[2025-08-08T15:30:46.174+0000][611.821s][1][129][trace] GC(97) _eden_chunk_array[382]=0x00000000fc05cda8
[2025-08-08T15:30:46.174+0000][611.821s][1][129][trace] GC(97) _eden_chunk_array[383]=0x00000000fc092648
[2025-08-08T15:30:46.174+0000][611.821s][1][129][trace] GC(97) _eden_chunk_array[384]=0x00000000fc0c7ee0
[2025-08-08T15:30:46.174+0000][611.821s][1][129][trace] GC(97) _eden_chunk_array[385]=0x00000000fc0f5e88
[2025-08-08T15:30:46.174+0000][611.821s][1][129][trace] GC(97) _eden_chunk_array[386]=0x00000000fc11dca0
[2025-08-08T15:30:46.174+0000][611.821s][1][129][trace] GC(97) _eden_chunk_array[387]=0x00000000fc1889f0
[2025-08-08T15:30:46.174+0000][611.821s][1][129][trace] GC(97) _eden_chunk_array[388]=0x00000000fc1d17f8
[2025-08-08T15:30:46.174+0000][611.821s][1][129][trace] GC(97) _eden_chunk_array[389]=0x00000000fc1fcc00
[2025-08-08T15:30:46.174+0000][611.821s][1][129][trace] GC(97) _eden_chunk_array[390]=0x00000000fc21d560
[2025-08-08T15:30:46.174+0000][611.821s][1][129][trace] GC(97) _eden_chunk_array[391]=0x00000000fc23ffd8
[2025-08-08T15:30:46.174+0000][611.821s][1][129][trace] GC(97) _eden_chunk_array[392]=0x00000000fc2655d0
[2025-08-08T15:30:46.174+0000][611.821s][1][129][trace] GC(97) _eden_chunk_array[393]=0x00000000fc2933e0
[2025-08-08T15:30:46.174+0000][611.821s][1][129][trace] GC(97) _eden_chunk_array[394]=0x00000000fc2b6618
[2025-08-08T15:30:46.174+0000][611.821s][1][129][trace] GC(97) _eden_chunk_array[395]=0x00000000fc2d8650
[2025-08-08T15:30:46.174+0000][611.821s][1][129][trace] GC(97) _eden_chunk_array[396]=0x00000000fc2fb898
[2025-08-08T15:30:46.174+0000][611.821s][1][129][trace] GC(97) _eden_chunk_array[397]=0x00000000fc31d8c0
[2025-08-08T15:30:46.174+0000][611.821s][1][129][trace] GC(97) _eden_chunk_array[398]=0x00000000fc340af0
[2025-08-08T15:30:46.174+0000][611.821s][1][129][trace] GC(97) _eden_chunk_array[399]=0x00000000fc363da0
[2025-08-08T15:30:46.174+0000][611.821s][1][129][trace] GC(97) _eden_chunk_array[400]=0x00000000fc3c71b0
[2025-08-08T15:30:46.174+0000][611.821s][1][129][trace] GC(97) _eden_chunk_array[401]=0x00000000fc3ea348
[2025-08-08T15:30:46.174+0000][611.821s][1][129][trace] GC(97) _eden_chunk_array[402]=0x00000000fc4421c8
[2025-08-08T15:30:46.174+0000][611.821s][1][129][trace] GC(97) _eden_chunk_array[403]=0x00000000fc46d4f8
[2025-08-08T15:30:46.174+0000][611.821s][1][129][trace] GC(97) _eden_chunk_array[404]=0x00000000fc49be20
[2025-08-08T15:30:46.174+0000][611.821s][1][129][trace] GC(97) _eden_chunk_array[405]=0x00000000fc4e51e8
[2025-08-08T15:30:46.174+0000][611.821s][1][129][trace] GC(97) _eden_chunk_array[406]=0x00000000fc516898
[2025-08-08T15:30:46.174+0000][611.822s][1][129][trace] GC(97) _eden_chunk_array[407]=0x00000000fc53b508
[2025-08-08T15:30:46.174+0000][611.822s][1][129][trace] GC(97) _eden_chunk_array[408]=0x00000000fc560170
[2025-08-08T15:30:46.174+0000][611.822s][1][129][trace] GC(97) _eden_chunk_array[409]=0x00000000fc5b99d0
[2025-08-08T15:30:46.174+0000][611.822s][1][129][trace] GC(97) _eden_chunk_array[410]=0x00000000fc5de638
[2025-08-08T15:30:46.174+0000][611.822s][1][129][trace] GC(97) _eden_chunk_array[411]=0x00000000fc605018
[2025-08-08T15:30:46.174+0000][611.822s][1][129][trace] GC(97) _eden_chunk_array[412]=0x00000000fc629c70
[2025-08-08T15:30:46.174+0000][611.822s][1][129][trace] GC(97) _eden_chunk_array[413]=0x00000000fc64b868
[2025-08-08T15:30:46.174+0000][611.822s][1][129][trace] GC(97) _eden_chunk_array[414]=0x00000000fc66c4e0
[2025-08-08T15:30:46.174+0000][611.822s][1][129][trace] GC(97) _eden_chunk_array[415]=0x00000000fc68d6e8
[2025-08-08T15:30:46.174+0000][611.822s][1][129][trace] GC(97) _eden_chunk_array[416]=0x00000000fc6f2f28
[2025-08-08T15:30:46.174+0000][611.822s][1][129][trace] GC(97) _eden_chunk_array[417]=0x00000000fc730b30
[2025-08-08T15:30:46.174+0000][611.822s][1][129][trace] GC(97) _eden_chunk_array[418]=0x00000000fc75ddb0
[2025-08-08T15:30:46.174+0000][611.822s][1][129][trace] GC(97) _eden_chunk_array[419]=0x00000000fc7909e0
[2025-08-08T15:30:46.174+0000][611.822s][1][129][trace] GC(97) _eden_chunk_array[420]=0x00000000fc7bdfd8
[2025-08-08T15:30:46.174+0000][611.822s][1][129][trace] GC(97) _eden_chunk_array[421]=0x00000000fc7f8318
[2025-08-08T15:30:46.174+0000][611.822s][1][129][trace] GC(97) _eden_chunk_array[422]=0x00000000fc820028
[2025-08-08T15:30:46.174+0000][611.822s][1][129][trace] GC(97) _eden_chunk_array[423]=0x00000000fc843278
[2025-08-08T15:30:46.174+0000][611.822s][1][129][trace] GC(97) _eden_chunk_array[424]=0x00000000fc8664e0
[2025-08-08T15:30:46.174+0000][611.822s][1][129][trace] GC(97) _eden_chunk_array[425]=0x00000000fc889748
[2025-08-08T15:30:46.174+0000][611.822s][1][129][trace] GC(97) _eden_chunk_array[426]=0x00000000fc8ac998
[2025-08-08T15:30:46.174+0000][611.822s][1][129][trace] GC(97) _eden_chunk_array[427]=0x00000000fc8cfbb8
[2025-08-08T15:30:46.174+0000][611.822s][1][129][trace] GC(97) _eden_chunk_array[428]=0x00000000fc8f2e08
[2025-08-08T15:30:46.174+0000][611.822s][1][129][trace] GC(97) _eden_chunk_array[429]=0x00000000fc913530
[2025-08-08T15:30:46.174+0000][611.822s][1][129][trace] GC(97) _eden_chunk_array[430]=0x00000000fc974808
[2025-08-08T15:30:46.174+0000][611.822s][1][129][trace] GC(97) _eden_chunk_array[431]=0x00000000fc9a0720
[2025-08-08T15:30:46.174+0000][611.822s][1][129][trace] GC(97) _eden_chunk_array[432]=0x00000000fc9caa68
[2025-08-08T15:30:46.174+0000][611.822s][1][129][trace] GC(97) _eden_chunk_array[433]=0x00000000fc9f4db0
[2025-08-08T15:30:46.174+0000][611.822s][1][129][trace] GC(97) _eden_chunk_array[434]=0x00000000fca5ede0
[2025-08-08T15:30:46.174+0000][611.822s][1][129][trace] GC(97) _eden_chunk_array[435]=0x00000000fca94d60
[2025-08-08T15:30:46.174+0000][611.822s][1][129][trace] GC(97) _eden_chunk_array[436]=0x00000000fcacace8
[2025-08-08T15:30:46.174+0000][611.822s][1][129][trace] GC(97) _eden_chunk_array[437]=0x00000000fcb00c90
[2025-08-08T15:30:46.174+0000][611.822s][1][129][trace] GC(97) _eden_chunk_array[438]=0x00000000fcb36c28
[2025-08-08T15:30:46.174+0000][611.822s][1][129][trace] GC(97) _eden_chunk_array[439]=0x00000000fcb825c8
[2025-08-08T15:30:46.174+0000][611.822s][1][129][trace] GC(97) _eden_chunk_array[440]=0x00000000fcba8d30
[2025-08-08T15:30:46.174+0000][611.822s][1][129][trace] GC(97) _eden_chunk_array[441]=0x00000000fcbd32a8
[2025-08-08T15:30:46.174+0000][611.822s][1][129][trace] GC(97) survivor 0x00000000fd410000-0x00000000fd410000-0x00000000fe780000(20381696)
[2025-08-08T15:30:46.174+0000][611.822s][1][129][trace] GC(97) _survivor_chunk_index=0, _survivor_chunk_capacity=9952
[2025-08-08T15:30:46.226+0000][611.874s][1][129][info ] GC(97) Pause Initial Mark 152M->152M(180M) 54.512ms
[2025-08-08T15:30:46.226+0000][611.874s][1][129][info ] Leaving safepoint region
[2025-08-08T15:30:46.226+0000][611.874s][1][129][info ] Total time for which application threads were stopped: 0.0564758 seconds, Stopping threads took: 0.0000294 seconds
[2025-08-08T15:30:46.227+0000][611.874s][1][128][info ] GC(97) Concurrent Mark
[2025-08-08T15:30:46.229+0000][611.876s][1][128][info ] GC(97) Concurrent Mark 2.590ms
[2025-08-08T15:30:46.229+0000][611.876s][1][128][info ] GC(97) Concurrent Preclean
[2025-08-08T15:30:46.229+0000][611.877s][1][128][info ] GC(97) Concurrent Preclean 0.176ms
[2025-08-08T15:30:46.229+0000][611.877s][1][128][info ] GC(97) Concurrent Abortable Preclean
[2025-08-08T15:30:46.229+0000][611.877s][1][128][trace] CMS: promo attempt is not safe: available(24) < av_promo(2795063), max_promo(155061168)
[2025-08-08T15:30:46.229+0000][611.877s][1][128][info ] GC(97) Concurrent Abortable Preclean 0.017ms
[2025-08-08T15:30:46.229+0000][611.877s][1][129][info ] Application time: 0.0030260 seconds
[2025-08-08T15:30:46.230+0000][611.877s][1][129][info ] Entering safepoint region: CMS_Final_Remark
[2025-08-08T15:30:46.230+0000][611.877s][1][129][trace] GC(97) eden 0x00000000f3800000-0x00000000fcbe0bb0-0x00000000fd410000(163643392)
[2025-08-08T15:30:46.230+0000][611.877s][1][129][trace] GC(97) _eden_chunk_index=442, _eden_chunk_capacity=11233
[2025-08-08T15:30:46.230+0000][611.877s][1][129][trace] GC(97) _eden_chunk_array[0]=0x00000000f73f9200
[2025-08-08T15:30:46.230+0000][611.877s][1][129][trace] GC(97) _eden_chunk_array[1]=0x00000000f74247b8
[2025-08-08T15:30:46.230+0000][611.877s][1][129][trace] GC(97) _eden_chunk_array[2]=0x00000000f7453930
[2025-08-08T15:30:46.230+0000][611.877s][1][129][trace] GC(97) _eden_chunk_array[3]=0x00000000f747dc68
[2025-08-08T15:30:46.230+0000][611.877s][1][129][trace] GC(97) _eden_chunk_array[4]=0x00000000f74ad020
[2025-08-08T15:30:46.230+0000][611.877s][1][129][trace] GC(97) _eden_chunk_array[5]=0x00000000f74d6e28
[2025-08-08T15:30:46.230+0000][611.877s][1][129][trace] GC(97) _eden_chunk_array[6]=0x00000000f74feb48
[2025-08-08T15:30:46.230+0000][611.877s][1][129][trace] GC(97) _eden_chunk_array[7]=0x00000000f7534cd8
[2025-08-08T15:30:46.230+0000][611.877s][1][129][trace] GC(97) _eden_chunk_array[8]=0x00000000f7554e70
[2025-08-08T15:30:46.230+0000][611.877s][1][129][trace] GC(97) _eden_chunk_array[9]=0x00000000f758a818
[2025-08-08T15:30:46.230+0000][611.877s][1][129][trace] GC(97) _eden_chunk_array[10]=0x00000000f75b8710
[2025-08-08T15:30:46.230+0000][611.877s][1][129][trace] GC(97) _eden_chunk_array[11]=0x00000000f75ff918
[2025-08-08T15:30:46.230+0000][611.877s][1][129][trace] GC(97) _eden_chunk_array[12]=0x00000000f7636b78
[2025-08-08T15:30:46.230+0000][611.877s][1][129][trace] GC(97) _eden_chunk_array[13]=0x00000000f767dd90
[2025-08-08T15:30:46.230+0000][611.877s][1][129][trace] GC(97) _eden_chunk_array[14]=0x00000000f76e4388
[2025-08-08T15:30:46.230+0000][611.877s][1][129][trace] GC(97) _eden_chunk_array[15]=0x00000000f7719c08
[2025-08-08T15:30:46.230+0000][611.877s][1][129][trace] GC(97) _eden_chunk_array[16]=0x00000000f774f498
[2025-08-08T15:30:46.230+0000][611.877s][1][129][trace] GC(97) _eden_chunk_array[17]=0x00000000f7784d40
[2025-08-08T15:30:46.230+0000][611.877s][1][129][trace] GC(97) _eden_chunk_array[18]=0x00000000f77ab4a0
[2025-08-08T15:30:46.230+0000][611.877s][1][129][trace] GC(97) _eden_chunk_array[19]=0x00000000f77cf2b0
[2025-08-08T15:30:46.230+0000][611.877s][1][129][trace] GC(97) _eden_chunk_array[20]=0x00000000f77f2938
[2025-08-08T15:30:46.230+0000][611.877s][1][129][trace] GC(97) _eden_chunk_array[21]=0x00000000f782c488
[2025-08-08T15:30:46.230+0000][611.877s][1][129][trace] GC(97) _eden_chunk_array[22]=0x00000000f7859ad0
[2025-08-08T15:30:46.230+0000][611.877s][1][129][trace] GC(97) _eden_chunk_array[23]=0x00000000f7890740
[2025-08-08T15:30:46.230+0000][611.877s][1][129][trace] GC(97) _eden_chunk_array[24]=0x00000000f78f70b0
[2025-08-08T15:30:46.230+0000][611.877s][1][129][trace] GC(97) _eden_chunk_array[25]=0x00000000f792d058
[2025-08-08T15:30:46.230+0000][611.877s][1][129][trace] GC(97) _eden_chunk_array[26]=0x00000000f7964c08
[2025-08-08T15:30:46.230+0000][611.877s][1][129][trace] GC(97) _eden_chunk_array[27]=0x00000000f7985bb0
[2025-08-08T15:30:46.230+0000][611.877s][1][129][trace] GC(97) _eden_chunk_array[28]=0x00000000f79ccdc8
[2025-08-08T15:30:46.230+0000][611.877s][1][129][trace] GC(97) _eden_chunk_array[29]=0x00000000f79fd778
[2025-08-08T15:30:46.230+0000][611.877s][1][129][trace] GC(97) _eden_chunk_array[30]=0x00000000f7a251b0
[2025-08-08T15:30:46.230+0000][611.877s][1][129][trace] GC(97) _eden_chunk_array[31]=0x00000000f7a8f220
[2025-08-08T15:30:46.230+0000][611.877s][1][129][trace] GC(97) _eden_chunk_array[32]=0x00000000f7abcfa0
[2025-08-08T15:30:46.230+0000][611.877s][1][129][trace] GC(97) _eden_chunk_array[33]=0x00000000f7b041c8
[2025-08-08T15:30:46.230+0000][611.877s][1][129][trace] GC(97) _eden_chunk_array[34]=0x00000000f7b32af8
[2025-08-08T15:30:46.230+0000][611.877s][1][129][trace] GC(97) _eden_chunk_array[35]=0x00000000f7b55750
[2025-08-08T15:30:46.230+0000][611.877s][1][129][trace] GC(97) _eden_chunk_array[36]=0x00000000f7b8f420
[2025-08-08T15:30:46.230+0000][611.877s][1][129][trace] GC(97) _eden_chunk_array[37]=0x00000000f7bb7128
[2025-08-08T15:30:46.230+0000][611.877s][1][129][trace] GC(97) _eden_chunk_array[38]=0x00000000f7bf9a90
[2025-08-08T15:30:46.230+0000][611.877s][1][129][trace] GC(97) _eden_chunk_array[39]=0x00000000f7c2f338
[2025-08-08T15:30:46.230+0000][611.877s][1][129][trace] GC(97) _eden_chunk_array[40]=0x00000000f7c64bd0
[2025-08-08T15:30:46.230+0000][611.877s][1][129][trace] GC(97) _eden_chunk_array[41]=0x00000000f7c9a478
[2025-08-08T15:30:46.230+0000][611.877s][1][129][trace] GC(97) _eden_chunk_array[42]=0x00000000f7ccdea0
[2025-08-08T15:30:46.230+0000][611.877s][1][129][trace] GC(97) _eden_chunk_array[43]=0x00000000f7cef8c0
[2025-08-08T15:30:46.230+0000][611.877s][1][129][trace] GC(97) _eden_chunk_array[44]=0x00000000f7d28840
[2025-08-08T15:30:46.230+0000][611.877s][1][129][trace] GC(97) _eden_chunk_array[45]=0x00000000f7d52ba0
[2025-08-08T15:30:46.230+0000][611.877s][1][129][trace] GC(97) _eden_chunk_array[46]=0x00000000f7d924a8
[2025-08-08T15:30:46.230+0000][611.877s][1][129][trace] GC(97) _eden_chunk_array[47]=0x00000000f7ddde58
[2025-08-08T15:30:46.230+0000][611.877s][1][129][trace] GC(97) _eden_chunk_array[48]=0x00000000f7e25078
[2025-08-08T15:30:46.230+0000][611.877s][1][129][trace] GC(97) _eden_chunk_array[49]=0x00000000f7e53a48
[2025-08-08T15:30:46.230+0000][611.877s][1][129][trace] GC(97) _eden_chunk_array[50]=0x00000000f7e82418
[2025-08-08T15:30:46.230+0000][611.877s][1][129][trace] GC(97) _eden_chunk_array[51]=0x00000000f7eb0de0
[2025-08-08T15:30:46.230+0000][611.877s][1][129][trace] GC(97) _eden_chunk_array[52]=0x00000000f7edf7d0
[2025-08-08T15:30:46.230+0000][611.877s][1][129][trace] GC(97) _eden_chunk_array[53]=0x00000000f7f1b0b8
[2025-08-08T15:30:46.230+0000][611.877s][1][129][trace] GC(97) _eden_chunk_array[54]=0x00000000f7f44d00
[2025-08-08T15:30:46.230+0000][611.877s][1][129][trace] GC(97) _eden_chunk_array[55]=0x00000000f7f66170
[2025-08-08T15:30:46.230+0000][611.877s][1][129][trace] GC(97) _eden_chunk_array[56]=0x00000000f7f8e538
[2025-08-08T15:30:46.230+0000][611.877s][1][129][trace] GC(97) _eden_chunk_array[57]=0x00000000f7fb15d0
[2025-08-08T15:30:46.230+0000][611.877s][1][129][trace] GC(97) _eden_chunk_array[58]=0x00000000f7fd57d0
[2025-08-08T15:30:46.230+0000][611.877s][1][129][trace] GC(97) _eden_chunk_array[59]=0x00000000f8010e90
[2025-08-08T15:30:46.230+0000][611.877s][1][129][trace] GC(97) _eden_chunk_array[60]=0x00000000f8041ae0
[2025-08-08T15:30:46.230+0000][611.877s][1][129][trace] GC(97) _eden_chunk_array[61]=0x00000000f8062088
[2025-08-08T15:30:46.230+0000][611.877s][1][129][trace] GC(97) _eden_chunk_array[62]=0x00000000f80a92a8
[2025-08-08T15:30:46.230+0000][611.877s][1][129][trace] GC(97) _eden_chunk_array[63]=0x00000000f80d7198
[2025-08-08T15:30:46.230+0000][611.877s][1][129][trace] GC(97) _eden_chunk_array[64]=0x00000000f80f80c0
[2025-08-08T15:30:46.230+0000][611.877s][1][129][trace] GC(97) _eden_chunk_array[65]=0x00000000f8125fa0
[2025-08-08T15:30:46.230+0000][611.877s][1][129][trace] GC(97) _eden_chunk_array[66]=0x00000000f8153e90
[2025-08-08T15:30:46.230+0000][611.877s][1][129][trace] GC(97) _eden_chunk_array[67]=0x00000000f8174ae8
[2025-08-08T15:30:46.230+0000][611.877s][1][129][trace] GC(97) _eden_chunk_array[68]=0x00000000f819b990
[2025-08-08T15:30:46.230+0000][611.877s][1][129][trace] GC(97) _eden_chunk_array[69]=0x00000000f81bba80
[2025-08-08T15:30:46.230+0000][611.877s][1][129][trace] GC(97) _eden_chunk_array[70]=0x00000000f820f900
[2025-08-08T15:30:46.230+0000][611.877s][1][129][trace] GC(97) _eden_chunk_array[71]=0x00000000f823d620
[2025-08-08T15:30:46.230+0000][611.877s][1][129][trace] GC(97) _eden_chunk_array[72]=0x00000000f8262ba8
[2025-08-08T15:30:46.230+0000][611.877s][1][129][trace] GC(97) _eden_chunk_array[73]=0x00000000f82ab2f8
[2025-08-08T15:30:46.230+0000][611.877s][1][129][trace] GC(97) _eden_chunk_array[74]=0x00000000f8311588
[2025-08-08T15:30:46.230+0000][611.877s][1][129][trace] GC(97) _eden_chunk_array[75]=0x00000000f834f680
[2025-08-08T15:30:46.230+0000][611.877s][1][129][trace] GC(97) _eden_chunk_array[76]=0x00000000f8373c00
[2025-08-08T15:30:46.230+0000][611.877s][1][129][trace] GC(97) _eden_chunk_array[77]=0x00000000f83b1d38
[2025-08-08T15:30:46.230+0000][611.877s][1][129][trace] GC(97) _eden_chunk_array[78]=0x00000000f83d29e0
[2025-08-08T15:30:46.230+0000][611.877s][1][129][trace] GC(97) _eden_chunk_array[79]=0x00000000f843d9b0
[2025-08-08T15:30:46.230+0000][611.877s][1][129][trace] GC(97) _eden_chunk_array[80]=0x00000000f8470448
[2025-08-08T15:30:46.230+0000][611.877s][1][129][trace] GC(97) _eden_chunk_array[81]=0x00000000f8494218
[2025-08-08T15:30:46.230+0000][611.877s][1][129][trace] GC(97) _eden_chunk_array[82]=0x00000000f84b46a0
[2025-08-08T15:30:46.230+0000][611.877s][1][129][trace] GC(97) _eden_chunk_array[83]=0x00000000f84df640
[2025-08-08T15:30:46.230+0000][611.877s][1][129][trace] GC(97) _eden_chunk_array[84]=0x00000000f8503248
[2025-08-08T15:30:46.230+0000][611.877s][1][129][trace] GC(97) _eden_chunk_array[85]=0x00000000f8525dd0
[2025-08-08T15:30:46.230+0000][611.877s][1][129][trace] GC(97) _eden_chunk_array[86]=0x00000000f8549fb0
[2025-08-08T15:30:46.230+0000][611.877s][1][129][trace] GC(97) _eden_chunk_array[87]=0x00000000f8593700
[2025-08-08T15:30:46.230+0000][611.877s][1][129][trace] GC(97) _eden_chunk_array[88]=0x00000000f85b6e98
[2025-08-08T15:30:46.230+0000][611.877s][1][129][trace] GC(97) _eden_chunk_array[89]=0x00000000f85da628
[2025-08-08T15:30:46.230+0000][611.877s][1][129][trace] GC(97) _eden_chunk_array[90]=0x00000000f8637ba0
[2025-08-08T15:30:46.230+0000][611.877s][1][129][trace] GC(97) _eden_chunk_array[91]=0x00000000f865b350
[2025-08-08T15:30:46.230+0000][611.877s][1][129][trace] GC(97) _eden_chunk_array[92]=0x00000000f867eaf8
[2025-08-08T15:30:46.230+0000][611.877s][1][129][trace] GC(97) _eden_chunk_array[93]=0x00000000f86a22b0
[2025-08-08T15:30:46.230+0000][611.877s][1][129][trace] GC(97) _eden_chunk_array[94]=0x00000000f86ce2b8
[2025-08-08T15:30:46.230+0000][611.877s][1][129][trace] GC(97) _eden_chunk_array[95]=0x00000000f871be30
[2025-08-08T15:30:46.230+0000][611.877s][1][129][trace] GC(97) _eden_chunk_array[96]=0x00000000f873c650
[2025-08-08T15:30:46.230+0000][611.877s][1][129][trace] GC(97) _eden_chunk_array[97]=0x00000000f877a548
[2025-08-08T15:30:46.230+0000][611.877s][1][129][trace] GC(97) _eden_chunk_array[98]=0x00000000f87ab198
[2025-08-08T15:30:46.230+0000][611.877s][1][129][trace] GC(97) _eden_chunk_array[99]=0x00000000f87cdba8
[2025-08-08T15:30:46.230+0000][611.877s][1][129][trace] GC(97) _eden_chunk_array[100]=0x00000000f87ff268
[2025-08-08T15:30:46.230+0000][611.877s][1][129][trace] GC(97) _eden_chunk_array[101]=0x00000000f8820d80
[2025-08-08T15:30:46.230+0000][611.877s][1][129][trace] GC(97) _eden_chunk_array[102]=0x00000000f885e7f8
[2025-08-08T15:30:46.230+0000][611.877s][1][129][trace] GC(97) _eden_chunk_array[103]=0x00000000f88976c8
[2025-08-08T15:30:46.230+0000][611.877s][1][129][trace] GC(97) _eden_chunk_array[104]=0x00000000f88e3080
[2025-08-08T15:30:46.230+0000][611.877s][1][129][trace] GC(97) _eden_chunk_array[105]=0x00000000f8910f80
[2025-08-08T15:30:46.230+0000][611.877s][1][129][trace] GC(97) _eden_chunk_array[106]=0x00000000f893eeb0
[2025-08-08T15:30:46.230+0000][611.877s][1][129][trace] GC(97) _eden_chunk_array[107]=0x00000000f89a4ac8
[2025-08-08T15:30:46.230+0000][611.877s][1][129][trace] GC(97) _eden_chunk_array[108]=0x00000000f89cb8e0
[2025-08-08T15:30:46.230+0000][611.877s][1][129][trace] GC(97) _eden_chunk_array[109]=0x00000000f89ec060
[2025-08-08T15:30:46.230+0000][611.877s][1][129][trace] GC(97) _eden_chunk_array[110]=0x00000000f8a448d8
[2025-08-08T15:30:46.230+0000][611.877s][1][129][trace] GC(97) _eden_chunk_array[111]=0x00000000f8a6cea8
[2025-08-08T15:30:46.230+0000][611.877s][1][129][trace] GC(97) _eden_chunk_array[112]=0x00000000f8a9c180
[2025-08-08T15:30:46.230+0000][611.877s][1][129][trace] GC(97) _eden_chunk_array[113]=0x00000000f8abe1a8
[2025-08-08T15:30:46.230+0000][611.877s][1][129][trace] GC(97) _eden_chunk_array[114]=0x00000000f8af4148
[2025-08-08T15:30:46.230+0000][611.877s][1][129][trace] GC(97) _eden_chunk_array[115]=0x00000000f8b5a148
[2025-08-08T15:30:46.230+0000][611.877s][1][129][trace] GC(97) _eden_chunk_array[116]=0x00000000f8ba1368
[2025-08-08T15:30:46.230+0000][611.877s][1][129][trace] GC(97) _eden_chunk_array[117]=0x00000000f8bdf490
[2025-08-08T15:30:46.230+0000][611.877s][1][129][trace] GC(97) _eden_chunk_array[118]=0x00000000f8c1d598
[2025-08-08T15:30:46.230+0000][611.877s][1][129][trace] GC(97) _eden_chunk_array[119]=0x00000000f8c5b698
[2025-08-08T15:30:46.230+0000][611.877s][1][129][trace] GC(97) _eden_chunk_array[120]=0x00000000f8c7b880
[2025-08-08T15:30:46.230+0000][611.877s][1][129][trace] GC(97) _eden_chunk_array[121]=0x00000000f8cad368
[2025-08-08T15:30:46.230+0000][611.877s][1][129][trace] GC(97) _eden_chunk_array[122]=0x00000000f8ccde78
[2025-08-08T15:30:46.230+0000][611.877s][1][129][trace] GC(97) _eden_chunk_array[123]=0x00000000f8cf5a38
[2025-08-08T15:30:46.230+0000][611.877s][1][129][trace] GC(97) _eden_chunk_array[124]=0x00000000f8d26178
[2025-08-08T15:30:46.230+0000][611.877s][1][129][trace] GC(97) _eden_chunk_array[125]=0x00000000f8d49900
[2025-08-08T15:30:46.230+0000][611.878s][1][129][trace] GC(97) _eden_chunk_array[126]=0x00000000f8d8b1f8
[2025-08-08T15:30:46.230+0000][611.878s][1][129][trace] GC(97) _eden_chunk_array[127]=0x00000000f8db2f10
[2025-08-08T15:30:46.230+0000][611.878s][1][129][trace] GC(97) _eden_chunk_array[128]=0x00000000f8de18e0
[2025-08-08T15:30:46.230+0000][611.878s][1][129][trace] GC(97) _eden_chunk_array[129]=0x00000000f8e18b48
[2025-08-08T15:30:46.230+0000][611.878s][1][129][trace] GC(97) _eden_chunk_array[130]=0x00000000f8e6f270
[2025-08-08T15:30:46.230+0000][611.878s][1][129][trace] GC(97) _eden_chunk_array[131]=0x00000000f8ebac10
[2025-08-08T15:30:46.230+0000][611.878s][1][129][trace] GC(97) _eden_chunk_array[132]=0x00000000f8f065c8
[2025-08-08T15:30:46.230+0000][611.878s][1][129][trace] GC(97) _eden_chunk_array[133]=0x00000000f8f51f80
[2025-08-08T15:30:46.230+0000][611.878s][1][129][trace] GC(97) _eden_chunk_array[134]=0x00000000f8f72620
[2025-08-08T15:30:46.230+0000][611.878s][1][129][trace] GC(97) _eden_chunk_array[135]=0x00000000f8fa4040
[2025-08-08T15:30:46.230+0000][611.878s][1][129][trace] GC(97) _eden_chunk_array[136]=0x00000000f8fc4d88
[2025-08-08T15:30:46.230+0000][611.878s][1][129][trace] GC(97) _eden_chunk_array[137]=0x00000000f8fec538
[2025-08-08T15:30:46.230+0000][611.878s][1][129][trace] GC(97) _eden_chunk_array[138]=0x00000000f902a638
[2025-08-08T15:30:46.230+0000][611.878s][1][129][trace] GC(97) _eden_chunk_array[139]=0x00000000f9058bc8
[2025-08-08T15:30:46.230+0000][611.878s][1][129][trace] GC(97) _eden_chunk_array[140]=0x00000000f9091800
[2025-08-08T15:30:46.230+0000][611.878s][1][129][trace] GC(97) _eden_chunk_array[141]=0x00000000f90dd1b8
[2025-08-08T15:30:46.230+0000][611.878s][1][129][trace] GC(97) _eden_chunk_array[142]=0x00000000f91409f8
[2025-08-08T15:30:46.230+0000][611.878s][1][129][trace] GC(97) _eden_chunk_array[143]=0x00000000f9179640
[2025-08-08T15:30:46.230+0000][611.878s][1][129][trace] GC(97) _eden_chunk_array[144]=0x00000000f91b3fe8
[2025-08-08T15:30:46.230+0000][611.878s][1][129][trace] GC(97) _eden_chunk_array[145]=0x00000000f91d5010
[2025-08-08T15:30:46.230+0000][611.878s][1][129][trace] GC(97) _eden_chunk_array[146]=0x00000000f91f5710
[2025-08-08T15:30:46.230+0000][611.878s][1][129][trace] GC(97) _eden_chunk_array[147]=0x00000000f92174a0
[2025-08-08T15:30:46.230+0000][611.878s][1][129][trace] GC(97) _eden_chunk_array[148]=0x00000000f9237f28
[2025-08-08T15:30:46.230+0000][611.878s][1][129][trace] GC(97) _eden_chunk_array[149]=0x00000000f9268880
[2025-08-08T15:30:46.230+0000][611.878s][1][129][trace] GC(97) _eden_chunk_array[150]=0x00000000f92b4220
[2025-08-08T15:30:46.230+0000][611.878s][1][129][trace] GC(97) _eden_chunk_array[151]=0x00000000f92d8e90
[2025-08-08T15:30:46.230+0000][611.878s][1][129][trace] GC(97) _eden_chunk_array[152]=0x00000000f9336e68
[2025-08-08T15:30:46.230+0000][611.878s][1][129][trace] GC(97) _eden_chunk_array[153]=0x00000000f936ce70
[2025-08-08T15:30:46.230+0000][611.878s][1][129][trace] GC(97) _eden_chunk_array[154]=0x00000000f93b8810
[2025-08-08T15:30:46.230+0000][611.878s][1][129][trace] GC(97) _eden_chunk_array[155]=0x00000000f93ffa18
[2025-08-08T15:30:46.230+0000][611.878s][1][129][trace] GC(97) _eden_chunk_array[156]=0x00000000f94267a0
[2025-08-08T15:30:46.230+0000][611.878s][1][129][trace] GC(97) _eden_chunk_array[157]=0x00000000f944e4b0
[2025-08-08T15:30:46.230+0000][611.878s][1][129][trace] GC(97) _eden_chunk_array[158]=0x00000000f94761c0
[2025-08-08T15:30:46.230+0000][611.878s][1][129][trace] GC(97) _eden_chunk_array[159]=0x00000000f94984d0
[2025-08-08T15:30:46.230+0000][611.878s][1][129][trace] GC(97) _eden_chunk_array[160]=0x00000000f94c9400
[2025-08-08T15:30:46.230+0000][611.878s][1][129][trace] GC(97) _eden_chunk_array[161]=0x00000000f94f6a80
[2025-08-08T15:30:46.230+0000][611.878s][1][129][trace] GC(97) _eden_chunk_array[162]=0x00000000f9520dc8
[2025-08-08T15:30:46.230+0000][611.878s][1][129][trace] GC(97) _eden_chunk_array[163]=0x00000000f954ecc8
[2025-08-08T15:30:46.230+0000][611.878s][1][129][trace] GC(97) _eden_chunk_array[164]=0x00000000f95aece8
[2025-08-08T15:30:46.230+0000][611.878s][1][129][trace] GC(97) _eden_chunk_array[165]=0x00000000f95dfd08
[2025-08-08T15:30:46.230+0000][611.878s][1][129][trace] GC(97) _eden_chunk_array[166]=0x00000000f9606700
[2025-08-08T15:30:46.230+0000][611.878s][1][129][trace] GC(97) _eden_chunk_array[167]=0x00000000f9628230
[2025-08-08T15:30:46.230+0000][611.878s][1][129][trace] GC(97) _eden_chunk_array[168]=0x00000000f968de50
[2025-08-08T15:30:46.230+0000][611.878s][1][129][trace] GC(97) _eden_chunk_array[169]=0x00000000f96bbd38
[2025-08-08T15:30:46.230+0000][611.878s][1][129][trace] GC(97) _eden_chunk_array[170]=0x00000000f96dc330
[2025-08-08T15:30:46.230+0000][611.878s][1][129][trace] GC(97) _eden_chunk_array[171]=0x00000000f9707340
[2025-08-08T15:30:46.230+0000][611.878s][1][129][trace] GC(97) _eden_chunk_array[172]=0x00000000f972e680
[2025-08-08T15:30:46.230+0000][611.878s][1][129][trace] GC(97) _eden_chunk_array[173]=0x00000000f97549f0
[2025-08-08T15:30:46.230+0000][611.878s][1][129][trace] GC(97) _eden_chunk_array[174]=0x00000000f97a8820
[2025-08-08T15:30:46.230+0000][611.878s][1][129][trace] GC(97) _eden_chunk_array[175]=0x00000000f97d3398
[2025-08-08T15:30:46.230+0000][611.878s][1][129][trace] GC(97) _eden_chunk_array[176]=0x00000000f97fdf80
[2025-08-08T15:30:46.230+0000][611.878s][1][129][trace] GC(97) _eden_chunk_array[177]=0x00000000f982e178
[2025-08-08T15:30:46.230+0000][611.878s][1][129][trace] GC(97) _eden_chunk_array[178]=0x00000000f9867ce0
[2025-08-08T15:30:46.230+0000][611.878s][1][129][trace] GC(97) _eden_chunk_array[179]=0x00000000f9895300
[2025-08-08T15:30:46.230+0000][611.878s][1][129][trace] GC(97) _eden_chunk_array[180]=0x00000000f98bd008
[2025-08-08T15:30:46.230+0000][611.878s][1][129][trace] GC(97) _eden_chunk_array[181]=0x00000000f98f2fb8
[2025-08-08T15:30:46.230+0000][611.878s][1][129][trace] GC(97) _eden_chunk_array[182]=0x00000000f991acd0
[2025-08-08T15:30:46.230+0000][611.878s][1][129][trace] GC(97) _eden_chunk_array[183]=0x00000000f9961bd8
[2025-08-08T15:30:46.230+0000][611.878s][1][129][trace] GC(97) _eden_chunk_array[184]=0x00000000f9997b80
[2025-08-08T15:30:46.230+0000][611.878s][1][129][trace] GC(97) _eden_chunk_array[185]=0x00000000f99cdb20
[2025-08-08T15:30:46.230+0000][611.878s][1][129][trace] GC(97) _eden_chunk_array[186]=0x00000000f99edb80
[2025-08-08T15:30:46.230+0000][611.878s][1][129][trace] GC(97) _eden_chunk_array[187]=0x00000000f9a0f7d0
[2025-08-08T15:30:46.230+0000][611.878s][1][129][trace] GC(97) _eden_chunk_array[188]=0x00000000f9a60a40
[2025-08-08T15:30:46.230+0000][611.878s][1][129][trace] GC(97) _eden_chunk_array[189]=0x00000000f9a8ad70
[2025-08-08T15:30:46.230+0000][611.878s][1][129][trace] GC(97) _eden_chunk_array[190]=0x00000000f9ad16f0
[2025-08-08T15:30:46.230+0000][611.878s][1][129][trace] GC(97) _eden_chunk_array[191]=0x00000000f9afba48
[2025-08-08T15:30:46.230+0000][611.878s][1][129][trace] GC(97) _eden_chunk_array[192]=0x00000000f9b42c60
[2025-08-08T15:30:46.230+0000][611.878s][1][129][trace] GC(97) _eden_chunk_array[193]=0x00000000f9b70b60
[2025-08-08T15:30:46.230+0000][611.878s][1][129][trace] GC(97) _eden_chunk_array[194]=0x00000000f9b9ea70
[2025-08-08T15:30:46.230+0000][611.878s][1][129][trace] GC(97) _eden_chunk_array[195]=0x00000000f9bcc968
[2025-08-08T15:30:46.230+0000][611.878s][1][129][trace] GC(97) _eden_chunk_array[196]=0x00000000f9bfa870
[2025-08-08T15:30:46.230+0000][611.878s][1][129][trace] GC(97) _eden_chunk_array[197]=0x00000000f9c28768
[2025-08-08T15:30:46.230+0000][611.878s][1][129][trace] GC(97) _eden_chunk_array[198]=0x00000000f9c48e68
[2025-08-08T15:30:46.230+0000][611.878s][1][129][trace] GC(97) _eden_chunk_array[199]=0x00000000f9c74180
[2025-08-08T15:30:46.230+0000][611.878s][1][129][trace] GC(97) _eden_chunk_array[200]=0x00000000f9c985c0
[2025-08-08T15:30:46.230+0000][611.878s][1][129][trace] GC(97) _eden_chunk_array[201]=0x00000000f9ce9f48
[2025-08-08T15:30:46.230+0000][611.878s][1][129][trace] GC(97) _eden_chunk_array[202]=0x00000000f9d12820
[2025-08-08T15:30:46.230+0000][611.878s][1][129][trace] GC(97) _eden_chunk_array[203]=0x00000000f9d4b4a0
[2025-08-08T15:30:46.230+0000][611.878s][1][129][trace] GC(97) _eden_chunk_array[204]=0x00000000f9d840e8
[2025-08-08T15:30:46.230+0000][611.878s][1][129][trace] GC(97) _eden_chunk_array[205]=0x00000000f9dbf798
[2025-08-08T15:30:46.230+0000][611.878s][1][129][trace] GC(97) _eden_chunk_array[206]=0x00000000f9dfae38
[2025-08-08T15:30:46.230+0000][611.878s][1][129][trace] GC(97) _eden_chunk_array[207]=0x00000000f9e33a88
[2025-08-08T15:30:46.231+0000][611.878s][1][129][trace] GC(97) _eden_chunk_array[208]=0x00000000f9e54b10
[2025-08-08T15:30:46.231+0000][611.878s][1][129][trace] GC(97) _eden_chunk_array[209]=0x00000000f9eb6cf8
[2025-08-08T15:30:46.231+0000][611.878s][1][129][trace] GC(97) _eden_chunk_array[210]=0x00000000f9f1d658
[2025-08-08T15:30:46.231+0000][611.878s][1][129][trace] GC(97) _eden_chunk_array[211]=0x00000000f9f3ff08
[2025-08-08T15:30:46.231+0000][611.878s][1][129][trace] GC(97) _eden_chunk_array[212]=0x00000000f9f60798
[2025-08-08T15:30:46.231+0000][611.878s][1][129][trace] GC(97) _eden_chunk_array[213]=0x00000000f9f8ddd0
[2025-08-08T15:30:46.231+0000][611.878s][1][129][trace] GC(97) _eden_chunk_array[214]=0x00000000f9fb78f8
[2025-08-08T15:30:46.231+0000][611.878s][1][129][trace] GC(97) _eden_chunk_array[215]=0x00000000f9fe9b10
[2025-08-08T15:30:46.231+0000][611.878s][1][129][trace] GC(97) _eden_chunk_array[216]=0x00000000fa013e58
[2025-08-08T15:30:46.231+0000][611.878s][1][129][trace] GC(97) _eden_chunk_array[217]=0x00000000fa03bb70
[2025-08-08T15:30:46.231+0000][611.878s][1][129][trace] GC(97) _eden_chunk_array[218]=0x00000000fa063890
[2025-08-08T15:30:46.231+0000][611.878s][1][129][trace] GC(97) _eden_chunk_array[219]=0x00000000fa0aaab0
[2025-08-08T15:30:46.231+0000][611.878s][1][129][trace] GC(97) _eden_chunk_array[220]=0x00000000fa0e2618
[2025-08-08T15:30:46.231+0000][611.878s][1][129][trace] GC(97) _eden_chunk_array[221]=0x00000000fa1185b0
[2025-08-08T15:30:46.231+0000][611.878s][1][129][trace] GC(97) _eden_chunk_array[222]=0x00000000fa14e7f0
[2025-08-08T15:30:46.231+0000][611.878s][1][129][trace] GC(97) _eden_chunk_array[223]=0x00000000fa184790
[2025-08-08T15:30:46.231+0000][611.878s][1][129][trace] GC(97) _eden_chunk_array[224]=0x00000000fa1aa238
[2025-08-08T15:30:46.231+0000][611.878s][1][129][trace] GC(97) _eden_chunk_array[225]=0x00000000fa1d0718
[2025-08-08T15:30:46.231+0000][611.878s][1][129][trace] GC(97) _eden_chunk_array[226]=0x00000000fa1f12b8
[2025-08-08T15:30:46.231+0000][611.878s][1][129][trace] GC(97) _eden_chunk_array[227]=0x00000000fa240490
[2025-08-08T15:30:46.231+0000][611.878s][1][129][trace] GC(97) _eden_chunk_array[228]=0x00000000fa270f58
[2025-08-08T15:30:46.231+0000][611.878s][1][129][trace] GC(97) _eden_chunk_array[229]=0x00000000fa2a35c0
[2025-08-08T15:30:46.231+0000][611.878s][1][129][trace] GC(97) _eden_chunk_array[230]=0x00000000fa2c77a0
[2025-08-08T15:30:46.231+0000][611.878s][1][129][trace] GC(97) _eden_chunk_array[231]=0x00000000fa2ebd18
[2025-08-08T15:30:46.231+0000][611.878s][1][129][trace] GC(97) _eden_chunk_array[232]=0x00000000fa310298
[2025-08-08T15:30:46.231+0000][611.878s][1][129][trace] GC(97) _eden_chunk_array[233]=0x00000000fa3574b0
[2025-08-08T15:30:46.231+0000][611.878s][1][129][trace] GC(97) _eden_chunk_array[234]=0x00000000fa378140
[2025-08-08T15:30:46.231+0000][611.878s][1][129][trace] GC(97) _eden_chunk_array[235]=0x00000000fa3b6240
[2025-08-08T15:30:46.231+0000][611.878s][1][129][trace] GC(97) _eden_chunk_array[236]=0x00000000fa3f4350
[2025-08-08T15:30:46.231+0000][611.878s][1][129][trace] GC(97) _eden_chunk_array[237]=0x00000000fa432458
[2025-08-08T15:30:46.231+0000][611.878s][1][129][trace] GC(97) _eden_chunk_array[238]=0x00000000fa452778
[2025-08-08T15:30:46.231+0000][611.878s][1][129][trace] GC(97) _eden_chunk_array[239]=0x00000000fa472900
[2025-08-08T15:30:46.231+0000][611.878s][1][129][trace] GC(97) _eden_chunk_array[240]=0x00000000fa4c57b0
[2025-08-08T15:30:46.231+0000][611.878s][1][129][trace] GC(97) _eden_chunk_array[241]=0x00000000fa4f9720
[2025-08-08T15:30:46.231+0000][611.878s][1][129][trace] GC(97) _eden_chunk_array[242]=0x00000000fa523aa8
[2025-08-08T15:30:46.231+0000][611.878s][1][129][trace] GC(97) _eden_chunk_array[243]=0x00000000fa544b70
[2025-08-08T15:30:46.231+0000][611.878s][1][129][trace] GC(97) _eden_chunk_array[244]=0x00000000fa57c420
[2025-08-08T15:30:46.231+0000][611.878s][1][129][trace] GC(97) _eden_chunk_array[245]=0x00000000fa5b2030
[2025-08-08T15:30:46.231+0000][611.878s][1][129][trace] GC(97) _eden_chunk_array[246]=0x00000000fa5f9248
[2025-08-08T15:30:46.231+0000][611.878s][1][129][trace] GC(97) _eden_chunk_array[247]=0x00000000fa62f1c8
[2025-08-08T15:30:46.231+0000][611.878s][1][129][trace] GC(97) _eden_chunk_array[248]=0x00000000fa665150
[2025-08-08T15:30:46.231+0000][611.878s][1][129][trace] GC(97) _eden_chunk_array[249]=0x00000000fa69b110
[2025-08-08T15:30:46.231+0000][611.878s][1][129][trace] GC(97) _eden_chunk_array[250]=0x00000000fa6d10b0
[2025-08-08T15:30:46.231+0000][611.878s][1][129][trace] GC(97) _eden_chunk_array[251]=0x00000000fa6f3ae0
[2025-08-08T15:30:46.231+0000][611.878s][1][129][trace] GC(97) _eden_chunk_array[252]=0x00000000fa714e68
[2025-08-08T15:30:46.231+0000][611.878s][1][129][trace] GC(97) _eden_chunk_array[253]=0x00000000fa760e88
[2025-08-08T15:30:46.231+0000][611.878s][1][129][trace] GC(97) _eden_chunk_array[254]=0x00000000fa796470
[2025-08-08T15:30:46.231+0000][611.878s][1][129][trace] GC(97) _eden_chunk_array[255]=0x00000000fa7b9c58
[2025-08-08T15:30:46.231+0000][611.878s][1][129][trace] GC(97) _eden_chunk_array[256]=0x00000000fa8009f0
[2025-08-08T15:30:46.231+0000][611.878s][1][129][trace] GC(97) _eden_chunk_array[257]=0x00000000fa821fc8
[2025-08-08T15:30:46.231+0000][611.878s][1][129][trace] GC(97) _eden_chunk_array[258]=0x00000000fa84fed0
[2025-08-08T15:30:46.231+0000][611.878s][1][129][trace] GC(97) _eden_chunk_array[259]=0x00000000fa87ddc8
[2025-08-08T15:30:46.231+0000][611.878s][1][129][trace] GC(97) _eden_chunk_array[260]=0x00000000fa8d8c60
[2025-08-08T15:30:46.231+0000][611.878s][1][129][trace] GC(97) _eden_chunk_array[261]=0x00000000fa906b38
[2025-08-08T15:30:46.231+0000][611.878s][1][129][trace] GC(97) _eden_chunk_array[262]=0x00000000fa934a68
[2025-08-08T15:30:46.231+0000][611.878s][1][129][trace] GC(97) _eden_chunk_array[263]=0x00000000fa955138
[2025-08-08T15:30:46.231+0000][611.878s][1][129][trace] GC(97) _eden_chunk_array[264]=0x00000000fa9a3020
[2025-08-08T15:30:46.231+0000][611.878s][1][129][trace] GC(97) _eden_chunk_array[265]=0x00000000fa9ca970
[2025-08-08T15:30:46.231+0000][611.878s][1][129][trace] GC(97) _eden_chunk_array[266]=0x00000000fa9eb948
[2025-08-08T15:30:46.231+0000][611.878s][1][129][trace] GC(97) _eden_chunk_array[267]=0x00000000faa22858
[2025-08-08T15:30:46.231+0000][611.878s][1][129][trace] GC(97) _eden_chunk_array[268]=0x00000000faa5b488
[2025-08-08T15:30:46.231+0000][611.878s][1][129][trace] GC(97) _eden_chunk_array[269]=0x00000000faa80948
[2025-08-08T15:30:46.231+0000][611.878s][1][129][trace] GC(97) _eden_chunk_array[270]=0x00000000faaa2468
[2025-08-08T15:30:46.231+0000][611.878s][1][129][trace] GC(97) _eden_chunk_array[271]=0x00000000faad0370
[2025-08-08T15:30:46.231+0000][611.878s][1][129][trace] GC(97) _eden_chunk_array[272]=0x00000000fab1bd20
[2025-08-08T15:30:46.231+0000][611.878s][1][129][trace] GC(97) _eden_chunk_array[273]=0x00000000fab41778
[2025-08-08T15:30:46.231+0000][611.878s][1][129][trace] GC(97) _eden_chunk_array[274]=0x00000000faba35d8
[2025-08-08T15:30:46.231+0000][611.878s][1][129][trace] GC(97) _eden_chunk_array[275]=0x00000000fabc3b90
[2025-08-08T15:30:46.231+0000][611.878s][1][129][trace] GC(97) _eden_chunk_array[276]=0x00000000fabf1ac0
[2025-08-08T15:30:46.231+0000][611.878s][1][129][trace] GC(97) _eden_chunk_array[277]=0x00000000fac1f9c0
[2025-08-08T15:30:46.231+0000][611.878s][1][129][trace] GC(97) _eden_chunk_array[278]=0x00000000fac43458
[2025-08-08T15:30:46.231+0000][611.878s][1][129][trace] GC(97) _eden_chunk_array[279]=0x00000000fac664a0
[2025-08-08T15:30:46.231+0000][611.878s][1][129][trace] GC(97) _eden_chunk_array[280]=0x00000000faca8880
[2025-08-08T15:30:46.231+0000][611.878s][1][129][trace] GC(97) _eden_chunk_array[281]=0x00000000facdfad8
[2025-08-08T15:30:46.231+0000][611.878s][1][129][trace] GC(97) _eden_chunk_array[282]=0x00000000fad04058
[2025-08-08T15:30:46.231+0000][611.878s][1][129][trace] GC(97) _eden_chunk_array[283]=0x00000000fad3c618
[2025-08-08T15:30:46.231+0000][611.878s][1][129][trace] GC(97) _eden_chunk_array[284]=0x00000000fad83830
[2025-08-08T15:30:46.231+0000][611.878s][1][129][trace] GC(97) _eden_chunk_array[285]=0x00000000fadebdb8
[2025-08-08T15:30:46.231+0000][611.878s][1][129][trace] GC(97) _eden_chunk_array[286]=0x00000000fae21d50
[2025-08-08T15:30:46.231+0000][611.878s][1][129][trace] GC(97) _eden_chunk_array[287]=0x00000000fae57cf0
[2025-08-08T15:30:46.231+0000][611.878s][1][129][trace] GC(97) _eden_chunk_array[288]=0x00000000fae78468
[2025-08-08T15:30:46.231+0000][611.878s][1][129][trace] GC(97) _eden_chunk_array[289]=0x00000000faebf670
[2025-08-08T15:30:46.231+0000][611.878s][1][129][trace] GC(97) _eden_chunk_array[290]=0x00000000faee8840
[2025-08-08T15:30:46.231+0000][611.878s][1][129][trace] GC(97) _eden_chunk_array[291]=0x00000000faf08cc0
[2025-08-08T15:30:46.231+0000][611.878s][1][129][trace] GC(97) _eden_chunk_array[292]=0x00000000faf34878
[2025-08-08T15:30:46.231+0000][611.878s][1][129][trace] GC(97) _eden_chunk_array[293]=0x00000000faf62f18
[2025-08-08T15:30:46.231+0000][611.878s][1][129][trace] GC(97) _eden_chunk_array[294]=0x00000000faf8d3f8
[2025-08-08T15:30:46.231+0000][611.878s][1][129][trace] GC(97) _eden_chunk_array[295]=0x00000000fafb3e08
[2025-08-08T15:30:46.231+0000][611.878s][1][129][trace] GC(97) _eden_chunk_array[296]=0x00000000fafd9f00
[2025-08-08T15:30:46.231+0000][611.878s][1][129][trace] GC(97) _eden_chunk_array[297]=0x00000000faffd078
[2025-08-08T15:30:46.231+0000][611.878s][1][129][trace] GC(97) _eden_chunk_array[298]=0x00000000fb04faa0
[2025-08-08T15:30:46.231+0000][611.878s][1][129][trace] GC(97) _eden_chunk_array[299]=0x00000000fb0b1978
[2025-08-08T15:30:46.231+0000][611.878s][1][129][trace] GC(97) _eden_chunk_array[300]=0x00000000fb0e7908
[2025-08-08T15:30:46.231+0000][611.878s][1][129][trace] GC(97) _eden_chunk_array[301]=0x00000000fb11d890
[2025-08-08T15:30:46.231+0000][611.878s][1][129][trace] GC(97) _eden_chunk_array[302]=0x00000000fb153840
[2025-08-08T15:30:46.231+0000][611.878s][1][129][trace] GC(97) _eden_chunk_array[303]=0x00000000fb1897d0
[2025-08-08T15:30:46.231+0000][611.878s][1][129][trace] GC(97) _eden_chunk_array[304]=0x00000000fb1b2e50
[2025-08-08T15:30:46.231+0000][611.878s][1][129][trace] GC(97) _eden_chunk_array[305]=0x00000000fb1d2fa8
[2025-08-08T15:30:46.231+0000][611.878s][1][129][trace] GC(97) _eden_chunk_array[306]=0x00000000fb205b90
[2025-08-08T15:30:46.231+0000][611.878s][1][129][trace] GC(97) _eden_chunk_array[307]=0x00000000fb228c20
[2025-08-08T15:30:46.231+0000][611.878s][1][129][trace] GC(97) _eden_chunk_array[308]=0x00000000fb252f78
[2025-08-08T15:30:46.231+0000][611.878s][1][129][trace] GC(97) _eden_chunk_array[309]=0x00000000fb2bd9b8
[2025-08-08T15:30:46.231+0000][611.878s][1][129][trace] GC(97) _eden_chunk_array[310]=0x00000000fb304bd0
[2025-08-08T15:30:46.231+0000][611.878s][1][129][trace] GC(97) _eden_chunk_array[311]=0x00000000fb326870
[2025-08-08T15:30:46.231+0000][611.878s][1][129][trace] GC(97) _eden_chunk_array[312]=0x00000000fb34b4d0
[2025-08-08T15:30:46.231+0000][611.878s][1][129][trace] GC(97) _eden_chunk_array[313]=0x00000000fb370130
[2025-08-08T15:30:46.231+0000][611.878s][1][129][trace] GC(97) _eden_chunk_array[314]=0x00000000fb394dc8
[2025-08-08T15:30:46.231+0000][611.878s][1][129][trace] GC(97) _eden_chunk_array[315]=0x00000000fb3b9a48
[2025-08-08T15:30:46.231+0000][611.878s][1][129][trace] GC(97) _eden_chunk_array[316]=0x00000000fb3de6a0
[2025-08-08T15:30:46.231+0000][611.878s][1][129][trace] GC(97) _eden_chunk_array[317]=0x00000000fb415270
[2025-08-08T15:30:46.231+0000][611.878s][1][129][trace] GC(97) _eden_chunk_array[318]=0x00000000fb4494c0
[2025-08-08T15:30:46.231+0000][611.878s][1][129][trace] GC(97) _eden_chunk_array[319]=0x00000000fb46db38
[2025-08-08T15:30:46.231+0000][611.878s][1][129][trace] GC(97) _eden_chunk_array[320]=0x00000000fb490698
[2025-08-08T15:30:46.231+0000][611.878s][1][129][trace] GC(97) _eden_chunk_array[321]=0x00000000fb4b4c10
[2025-08-08T15:30:46.231+0000][611.878s][1][129][trace] GC(97) _eden_chunk_array[322]=0x00000000fb4d7d10
[2025-08-08T15:30:46.231+0000][611.878s][1][129][trace] GC(97) _eden_chunk_array[323]=0x00000000fb510950
[2025-08-08T15:30:46.231+0000][611.878s][1][129][trace] GC(97) _eden_chunk_array[324]=0x00000000fb534ec0
[2025-08-08T15:30:46.231+0000][611.878s][1][129][trace] GC(97) _eden_chunk_array[325]=0x00000000fb5585a0
[2025-08-08T15:30:46.231+0000][611.878s][1][129][trace] GC(97) _eden_chunk_array[326]=0x00000000fb5911e8
[2025-08-08T15:30:46.231+0000][611.878s][1][129][trace] GC(97) _eden_chunk_array[327]=0x00000000fb5c9e40
[2025-08-08T15:30:46.231+0000][611.878s][1][129][trace] GC(97) _eden_chunk_array[328]=0x00000000fb6173a8
[2025-08-08T15:30:46.231+0000][611.878s][1][129][trace] GC(97) _eden_chunk_array[329]=0x00000000fb672600
[2025-08-08T15:30:46.231+0000][611.878s][1][129][trace] GC(97) _eden_chunk_array[330]=0x00000000fb6a04c0
[2025-08-08T15:30:46.231+0000][611.878s][1][129][trace] GC(97) _eden_chunk_array[331]=0x00000000fb6ecbc8
[2025-08-08T15:30:46.231+0000][611.878s][1][129][trace] GC(97) _eden_chunk_array[332]=0x00000000fb70cec0
[2025-08-08T15:30:46.231+0000][611.878s][1][129][trace] GC(97) _eden_chunk_array[333]=0x00000000fb7338e0
[2025-08-08T15:30:46.231+0000][611.878s][1][129][trace] GC(97) _eden_chunk_array[334]=0x00000000fb75f0b0
[2025-08-08T15:30:46.231+0000][611.878s][1][129][trace] GC(97) _eden_chunk_array[335]=0x00000000fb7871e8
[2025-08-08T15:30:46.231+0000][611.878s][1][129][trace] GC(97) _eden_chunk_array[336]=0x00000000fb7ab810
[2025-08-08T15:30:46.231+0000][611.878s][1][129][trace] GC(97) _eden_chunk_array[337]=0x00000000fb7d7f50
[2025-08-08T15:30:46.231+0000][611.878s][1][129][trace] GC(97) _eden_chunk_array[338]=0x00000000fb7fb6e8
[2025-08-08T15:30:46.231+0000][611.878s][1][129][trace] GC(97) _eden_chunk_array[339]=0x00000000fb82c340
[2025-08-08T15:30:46.231+0000][611.878s][1][129][trace] GC(97) _eden_chunk_array[340]=0x00000000fb877cf8
[2025-08-08T15:30:46.231+0000][611.878s][1][129][trace] GC(97) _eden_chunk_array[341]=0x00000000fb89b488
[2025-08-08T15:30:46.231+0000][611.878s][1][129][trace] GC(97) _eden_chunk_array[342]=0x00000000fb8bec20
[2025-08-08T15:30:46.231+0000][611.878s][1][129][trace] GC(97) _eden_chunk_array[343]=0x00000000fb8e23d8
[2025-08-08T15:30:46.231+0000][611.878s][1][129][trace] GC(97) _eden_chunk_array[344]=0x00000000fb905b80
[2025-08-08T15:30:46.231+0000][611.878s][1][129][trace] GC(97) _eden_chunk_array[345]=0x00000000fb927270
[2025-08-08T15:30:46.231+0000][611.878s][1][129][trace] GC(97) _eden_chunk_array[346]=0x00000000fb954810
[2025-08-08T15:30:46.231+0000][611.878s][1][129][trace] GC(97) _eden_chunk_array[347]=0x00000000fb97a168
[2025-08-08T15:30:46.231+0000][611.878s][1][129][trace] GC(97) _eden_chunk_array[348]=0x00000000fb9cc900
[2025-08-08T15:30:46.231+0000][611.878s][1][129][trace] GC(97) _eden_chunk_array[349]=0x00000000fb9f2848
[2025-08-08T15:30:46.231+0000][611.878s][1][129][trace] GC(97) _eden_chunk_array[350]=0x00000000fba15ff0
[2025-08-08T15:30:46.231+0000][611.878s][1][129][trace] GC(97) _eden_chunk_array[351]=0x00000000fba540e0
[2025-08-08T15:30:46.231+0000][611.878s][1][129][trace] GC(97) _eden_chunk_array[352]=0x00000000fba8f770
[2025-08-08T15:30:46.231+0000][611.878s][1][129][trace] GC(97) _eden_chunk_array[353]=0x00000000fbab3ce8
[2025-08-08T15:30:46.231+0000][611.878s][1][129][trace] GC(97) _eden_chunk_array[354]=0x00000000fbad8258
[2025-08-08T15:30:46.231+0000][611.878s][1][129][trace] GC(97) _eden_chunk_array[355]=0x00000000fbafc7c8
[2025-08-08T15:30:46.231+0000][611.878s][1][129][trace] GC(97) _eden_chunk_array[356]=0x00000000fbb481c0
[2025-08-08T15:30:46.231+0000][611.878s][1][129][trace] GC(97) _eden_chunk_array[357]=0x00000000fbb6c740
[2025-08-08T15:30:46.231+0000][611.878s][1][129][trace] GC(97) _eden_chunk_array[358]=0x00000000fbb90cc0
[2025-08-08T15:30:46.231+0000][611.878s][1][129][trace] GC(97) _eden_chunk_array[359]=0x00000000fbbdef48
[2025-08-08T15:30:46.231+0000][611.878s][1][129][trace] GC(97) _eden_chunk_array[360]=0x00000000fbc05210
[2025-08-08T15:30:46.231+0000][611.878s][1][129][trace] GC(97) _eden_chunk_array[361]=0x00000000fbc2aef8
[2025-08-08T15:30:46.231+0000][611.878s][1][129][trace] GC(97) _eden_chunk_array[362]=0x00000000fbc517f0
[2025-08-08T15:30:46.231+0000][611.878s][1][129][trace] GC(97) _eden_chunk_array[363]=0x00000000fbc71960
[2025-08-08T15:30:46.231+0000][611.878s][1][129][trace] GC(97) _eden_chunk_array[364]=0x00000000fbca9d38
[2025-08-08T15:30:46.231+0000][611.878s][1][129][trace] GC(97) _eden_chunk_array[365]=0x00000000fbce3928
[2025-08-08T15:30:46.231+0000][611.878s][1][129][trace] GC(97) _eden_chunk_array[366]=0x00000000fbd0dc60
[2025-08-08T15:30:46.231+0000][611.878s][1][129][trace] GC(97) _eden_chunk_array[367]=0x00000000fbd59618
[2025-08-08T15:30:46.231+0000][611.878s][1][129][trace] GC(97) _eden_chunk_array[368]=0x00000000fbd8f270
[2025-08-08T15:30:46.231+0000][611.879s][1][129][trace] GC(97) _eden_chunk_array[369]=0x00000000fbdd6490
[2025-08-08T15:30:46.231+0000][611.879s][1][129][trace] GC(97) _eden_chunk_array[370]=0x00000000fbe145b8
[2025-08-08T15:30:46.231+0000][611.879s][1][129][trace] GC(97) _eden_chunk_array[371]=0x00000000fbe526e8
[2025-08-08T15:30:46.231+0000][611.879s][1][129][trace] GC(97) _eden_chunk_array[372]=0x00000000fbe907e8
[2025-08-08T15:30:46.231+0000][611.879s][1][129][trace] GC(97) _eden_chunk_array[373]=0x00000000fbeb4d70
[2025-08-08T15:30:46.231+0000][611.879s][1][129][trace] GC(97) _eden_chunk_array[374]=0x00000000fbed56c0
[2025-08-08T15:30:46.231+0000][611.879s][1][129][trace] GC(97) _eden_chunk_array[375]=0x00000000fbf00b78
[2025-08-08T15:30:46.231+0000][611.879s][1][129][trace] GC(97) _eden_chunk_array[376]=0x00000000fbf25120
[2025-08-08T15:30:46.231+0000][611.879s][1][129][trace] GC(97) _eden_chunk_array[377]=0x00000000fbf5dd68
[2025-08-08T15:30:46.231+0000][611.879s][1][129][trace] GC(97) _eden_chunk_array[378]=0x00000000fbf822e8
[2025-08-08T15:30:46.231+0000][611.879s][1][129][trace] GC(97) _eden_chunk_array[379]=0x00000000fbfa6860
[2025-08-08T15:30:46.231+0000][611.879s][1][129][trace] GC(97) _eden_chunk_array[380]=0x00000000fbfedb88
[2025-08-08T15:30:46.231+0000][611.879s][1][129][trace] GC(97) _eden_chunk_array[381]=0x00000000fc027520
[2025-08-08T15:30:46.231+0000][611.879s][1][129][trace] GC(97) _eden_chunk_array[382]=0x00000000fc05cda8
[2025-08-08T15:30:46.231+0000][611.879s][1][129][trace] GC(97) _eden_chunk_array[383]=0x00000000fc092648
[2025-08-08T15:30:46.231+0000][611.879s][1][129][trace] GC(97) _eden_chunk_array[384]=0x00000000fc0c7ee0
[2025-08-08T15:30:46.231+0000][611.879s][1][129][trace] GC(97) _eden_chunk_array[385]=0x00000000fc0f5e88
[2025-08-08T15:30:46.231+0000][611.879s][1][129][trace] GC(97) _eden_chunk_array[386]=0x00000000fc11dca0
[2025-08-08T15:30:46.231+0000][611.879s][1][129][trace] GC(97) _eden_chunk_array[387]=0x00000000fc1889f0
[2025-08-08T15:30:46.231+0000][611.879s][1][129][trace] GC(97) _eden_chunk_array[388]=0x00000000fc1d17f8
[2025-08-08T15:30:46.231+0000][611.879s][1][129][trace] GC(97) _eden_chunk_array[389]=0x00000000fc1fcc00
[2025-08-08T15:30:46.231+0000][611.879s][1][129][trace] GC(97) _eden_chunk_array[390]=0x00000000fc21d560
[2025-08-08T15:30:46.231+0000][611.879s][1][129][trace] GC(97) _eden_chunk_array[391]=0x00000000fc23ffd8
[2025-08-08T15:30:46.231+0000][611.879s][1][129][trace] GC(97) _eden_chunk_array[392]=0x00000000fc2655d0
[2025-08-08T15:30:46.231+0000][611.879s][1][129][trace] GC(97) _eden_chunk_array[393]=0x00000000fc2933e0
[2025-08-08T15:30:46.231+0000][611.879s][1][129][trace] GC(97) _eden_chunk_array[394]=0x00000000fc2b6618
[2025-08-08T15:30:46.231+0000][611.879s][1][129][trace] GC(97) _eden_chunk_array[395]=0x00000000fc2d8650
[2025-08-08T15:30:46.231+0000][611.879s][1][129][trace] GC(97) _eden_chunk_array[396]=0x00000000fc2fb898
[2025-08-08T15:30:46.231+0000][611.879s][1][129][trace] GC(97) _eden_chunk_array[397]=0x00000000fc31d8c0
[2025-08-08T15:30:46.231+0000][611.879s][1][129][trace] GC(97) _eden_chunk_array[398]=0x00000000fc340af0
[2025-08-08T15:30:46.231+0000][611.879s][1][129][trace] GC(97) _eden_chunk_array[399]=0x00000000fc363da0
[2025-08-08T15:30:46.231+0000][611.879s][1][129][trace] GC(97) _eden_chunk_array[400]=0x00000000fc3c71b0
[2025-08-08T15:30:46.231+0000][611.879s][1][129][trace] GC(97) _eden_chunk_array[401]=0x00000000fc3ea348
[2025-08-08T15:30:46.231+0000][611.879s][1][129][trace] GC(97) _eden_chunk_array[402]=0x00000000fc4421c8
[2025-08-08T15:30:46.231+0000][611.879s][1][129][trace] GC(97) _eden_chunk_array[403]=0x00000000fc46d4f8
[2025-08-08T15:30:46.231+0000][611.879s][1][129][trace] GC(97) _eden_chunk_array[404]=0x00000000fc49be20
[2025-08-08T15:30:46.231+0000][611.879s][1][129][trace] GC(97) _eden_chunk_array[405]=0x00000000fc4e51e8
[2025-08-08T15:30:46.231+0000][611.879s][1][129][trace] GC(97) _eden_chunk_array[406]=0x00000000fc516898
[2025-08-08T15:30:46.231+0000][611.879s][1][129][trace] GC(97) _eden_chunk_array[407]=0x00000000fc53b508
[2025-08-08T15:30:46.231+0000][611.879s][1][129][trace] GC(97) _eden_chunk_array[408]=0x00000000fc560170
[2025-08-08T15:30:46.231+0000][611.879s][1][129][trace] GC(97) _eden_chunk_array[409]=0x00000000fc5b99d0
[2025-08-08T15:30:46.231+0000][611.879s][1][129][trace] GC(97) _eden_chunk_array[410]=0x00000000fc5de638
[2025-08-08T15:30:46.231+0000][611.879s][1][129][trace] GC(97) _eden_chunk_array[411]=0x00000000fc605018
[2025-08-08T15:30:46.231+0000][611.879s][1][129][trace] GC(97) _eden_chunk_array[412]=0x00000000fc629c70
[2025-08-08T15:30:46.231+0000][611.879s][1][129][trace] GC(97) _eden_chunk_array[413]=0x00000000fc64b868
[2025-08-08T15:30:46.231+0000][611.879s][1][129][trace] GC(97) _eden_chunk_array[414]=0x00000000fc66c4e0
[2025-08-08T15:30:46.231+0000][611.879s][1][129][trace] GC(97) _eden_chunk_array[415]=0x00000000fc68d6e8
[2025-08-08T15:30:46.231+0000][611.879s][1][129][trace] GC(97) _eden_chunk_array[416]=0x00000000fc6f2f28
[2025-08-08T15:30:46.231+0000][611.879s][1][129][trace] GC(97) _eden_chunk_array[417]=0x00000000fc730b30
[2025-08-08T15:30:46.231+0000][611.879s][1][129][trace] GC(97) _eden_chunk_array[418]=0x00000000fc75ddb0
[2025-08-08T15:30:46.231+0000][611.879s][1][129][trace] GC(97) _eden_chunk_array[419]=0x00000000fc7909e0
[2025-08-08T15:30:46.231+0000][611.879s][1][129][trace] GC(97) _eden_chunk_array[420]=0x00000000fc7bdfd8
[2025-08-08T15:30:46.231+0000][611.879s][1][129][trace] GC(97) _eden_chunk_array[421]=0x00000000fc7f8318
[2025-08-08T15:30:46.231+0000][611.879s][1][129][trace] GC(97) _eden_chunk_array[422]=0x00000000fc820028
[2025-08-08T15:30:46.231+0000][611.879s][1][129][trace] GC(97) _eden_chunk_array[423]=0x00000000fc843278
[2025-08-08T15:30:46.231+0000][611.879s][1][129][trace] GC(97) _eden_chunk_array[424]=0x00000000fc8664e0
[2025-08-08T15:30:46.231+0000][611.879s][1][129][trace] GC(97) _eden_chunk_array[425]=0x00000000fc889748
[2025-08-08T15:30:46.231+0000][611.879s][1][129][trace] GC(97) _eden_chunk_array[426]=0x00000000fc8ac998
[2025-08-08T15:30:46.231+0000][611.879s][1][129][trace] GC(97) _eden_chunk_array[427]=0x00000000fc8cfbb8
[2025-08-08T15:30:46.231+0000][611.879s][1][129][trace] GC(97) _eden_chunk_array[428]=0x00000000fc8f2e08
[2025-08-08T15:30:46.231+0000][611.879s][1][129][trace] GC(97) _eden_chunk_array[429]=0x00000000fc913530
[2025-08-08T15:30:46.231+0000][611.879s][1][129][trace] GC(97) _eden_chunk_array[430]=0x00000000fc974808
[2025-08-08T15:30:46.231+0000][611.879s][1][129][trace] GC(97) _eden_chunk_array[431]=0x00000000fc9a0720
[2025-08-08T15:30:46.231+0000][611.879s][1][129][trace] GC(97) _eden_chunk_array[432]=0x00000000fc9caa68
[2025-08-08T15:30:46.231+0000][611.879s][1][129][trace] GC(97) _eden_chunk_array[433]=0x00000000fc9f4db0
[2025-08-08T15:30:46.231+0000][611.879s][1][129][trace] GC(97) _eden_chunk_array[434]=0x00000000fca5ede0
[2025-08-08T15:30:46.231+0000][611.879s][1][129][trace] GC(97) _eden_chunk_array[435]=0x00000000fca94d60
[2025-08-08T15:30:46.231+0000][611.879s][1][129][trace] GC(97) _eden_chunk_array[436]=0x00000000fcacace8
[2025-08-08T15:30:46.232+0000][611.879s][1][129][trace] GC(97) _eden_chunk_array[437]=0x00000000fcb00c90
[2025-08-08T15:30:46.232+0000][611.879s][1][129][trace] GC(97) _eden_chunk_array[438]=0x00000000fcb36c28
[2025-08-08T15:30:46.232+0000][611.879s][1][129][trace] GC(97) _eden_chunk_array[439]=0x00000000fcb825c8
[2025-08-08T15:30:46.232+0000][611.879s][1][129][trace] GC(97) _eden_chunk_array[440]=0x00000000fcba8d30
[2025-08-08T15:30:46.232+0000][611.879s][1][129][trace] GC(97) _eden_chunk_array[441]=0x00000000fcbd32a8
[2025-08-08T15:30:46.232+0000][611.879s][1][129][trace] GC(97) survivor 0x00000000fd410000-0x00000000fd410000-0x00000000fe780000(20381696)
[2025-08-08T15:30:46.232+0000][611.879s][1][129][trace] GC(97) _survivor_chunk_index=0, _survivor_chunk_capacity=9952
[2025-08-08T15:30:46.265+0000][611.913s][1][129][info ] GC(97) Pause Remark 152M->152M(180M) 35.775ms
[2025-08-08T15:30:46.266+0000][611.913s][1][129][info ] Leaving safepoint region
[2025-08-08T15:30:46.266+0000][611.913s][1][129][info ] Total time for which application threads were stopped: 0.0360429 seconds, Stopping threads took: 0.0000319 seconds
[2025-08-08T15:30:46.266+0000][611.913s][1][128][info ] GC(97) Concurrent Sweep
[2025-08-08T15:30:46.267+0000][611.914s][1][128][info ] GC(97) Concurrent Sweep 1.208ms
[2025-08-08T15:30:46.267+0000][611.914s][1][128][info ] GC(97) Concurrent Reset
[2025-08-08T15:30:46.267+0000][611.914s][1][128][info ] GC(97) Concurrent Reset 0.009ms
[2025-08-08T15:30:46.267+0000][611.914s][1][128][info ] GC(97) Old: 5183K->5183K(5184K)
[2025-08-08T15:30:47.266+0000][612.914s][1][129][info ] Application time: 1.0008619 seconds
[2025-08-08T15:30:47.266+0000][612.914s][1][129][info ] Entering safepoint region: Cleanup
[2025-08-08T15:30:47.267+0000][612.914s][1][129][info ] Leaving safepoint region
[2025-08-08T15:30:47.267+0000][612.914s][1][129][info ] Total time for which application threads were stopped: 0.0001870 seconds, Stopping threads took: 0.0000348 seconds
[2025-08-08T15:30:50.269+0000][615.916s][1][129][info ] Application time: 3.0020966 seconds
[2025-08-08T15:30:50.269+0000][615.916s][1][129][info ] Entering safepoint region: Cleanup
[2025-08-08T15:30:50.269+0000][615.916s][1][129][info ] Leaving safepoint region
[2025-08-08T15:30:50.269+0000][615.916s][1][129][info ] Total time for which application threads were stopped: 0.0002052 seconds, Stopping threads took: 0.0000336 seconds
[2025-08-08T15:30:56.266+0000][621.914s][1][129][info ] Application time: 5.9974938 seconds
[2025-08-08T15:30:56.267+0000][621.914s][1][129][info ] Entering safepoint region: CMS_Initial_Mark
[2025-08-08T15:30:56.267+0000][621.914s][1][129][trace] GC(98) eden 0x00000000f3800000-0x00000000fd410000-0x00000000fd410000(163643392)
[2025-08-08T15:30:56.267+0000][621.914s][1][129][trace] GC(98) _eden_chunk_index=482, _eden_chunk_capacity=11233
[2025-08-08T15:30:56.267+0000][621.914s][1][129][trace] GC(98) _eden_chunk_array[0]=0x00000000f73f9200
[2025-08-08T15:30:56.267+0000][621.914s][1][129][trace] GC(98) _eden_chunk_array[1]=0x00000000f74247b8
[2025-08-08T15:30:56.267+0000][621.914s][1][129][trace] GC(98) _eden_chunk_array[2]=0x00000000f7453930
[2025-08-08T15:30:56.267+0000][621.914s][1][129][trace] GC(98) _eden_chunk_array[3]=0x00000000f747dc68
[2025-08-08T15:30:56.267+0000][621.914s][1][129][trace] GC(98) _eden_chunk_array[4]=0x00000000f74ad020
[2025-08-08T15:30:56.267+0000][621.914s][1][129][trace] GC(98) _eden_chunk_array[5]=0x00000000f74d6e28
[2025-08-08T15:30:56.267+0000][621.914s][1][129][trace] GC(98) _eden_chunk_array[6]=0x00000000f74feb48
[2025-08-08T15:30:56.267+0000][621.914s][1][129][trace] GC(98) _eden_chunk_array[7]=0x00000000f7534cd8
[2025-08-08T15:30:56.267+0000][621.914s][1][129][trace] GC(98) _eden_chunk_array[8]=0x00000000f7554e70
[2025-08-08T15:30:56.267+0000][621.914s][1][129][trace] GC(98) _eden_chunk_array[9]=0x00000000f758a818
[2025-08-08T15:30:56.267+0000][621.914s][1][129][trace] GC(98) _eden_chunk_array[10]=0x00000000f75b8710
[2025-08-08T15:30:56.267+0000][621.914s][1][129][trace] GC(98) _eden_chunk_array[11]=0x00000000f75ff918
[2025-08-08T15:30:56.267+0000][621.914s][1][129][trace] GC(98) _eden_chunk_array[12]=0x00000000f7636b78
[2025-08-08T15:30:56.267+0000][621.914s][1][129][trace] GC(98) _eden_chunk_array[13]=0x00000000f767dd90
[2025-08-08T15:30:56.267+0000][621.914s][1][129][trace] GC(98) _eden_chunk_array[14]=0x00000000f76e4388
[2025-08-08T15:30:56.267+0000][621.914s][1][129][trace] GC(98) _eden_chunk_array[15]=0x00000000f7719c08
[2025-08-08T15:30:56.267+0000][621.914s][1][129][trace] GC(98) _eden_chunk_array[16]=0x00000000f774f498
[2025-08-08T15:30:56.267+0000][621.914s][1][129][trace] GC(98) _eden_chunk_array[17]=0x00000000f7784d40
[2025-08-08T15:30:56.267+0000][621.914s][1][129][trace] GC(98) _eden_chunk_array[18]=0x00000000f77ab4a0
[2025-08-08T15:30:56.267+0000][621.914s][1][129][trace] GC(98) _eden_chunk_array[19]=0x00000000f77cf2b0
[2025-08-08T15:30:56.267+0000][621.914s][1][129][trace] GC(98) _eden_chunk_array[20]=0x00000000f77f2938
[2025-08-08T15:30:56.267+0000][621.914s][1][129][trace] GC(98) _eden_chunk_array[21]=0x00000000f782c488
[2025-08-08T15:30:56.267+0000][621.914s][1][129][trace] GC(98) _eden_chunk_array[22]=0x00000000f7859ad0
[2025-08-08T15:30:56.267+0000][621.914s][1][129][trace] GC(98) _eden_chunk_array[23]=0x00000000f7890740
[2025-08-08T15:30:56.267+0000][621.914s][1][129][trace] GC(98) _eden_chunk_array[24]=0x00000000f78f70b0
[2025-08-08T15:30:56.267+0000][621.914s][1][129][trace] GC(98) _eden_chunk_array[25]=0x00000000f792d058
[2025-08-08T15:30:56.267+0000][621.914s][1][129][trace] GC(98) _eden_chunk_array[26]=0x00000000f7964c08
[2025-08-08T15:30:56.267+0000][621.914s][1][129][trace] GC(98) _eden_chunk_array[27]=0x00000000f7985bb0
[2025-08-08T15:30:56.267+0000][621.914s][1][129][trace] GC(98) _eden_chunk_array[28]=0x00000000f79ccdc8
[2025-08-08T15:30:56.267+0000][621.914s][1][129][trace] GC(98) _eden_chunk_array[29]=0x00000000f79fd778
[2025-08-08T15:30:56.267+0000][621.914s][1][129][trace] GC(98) _eden_chunk_array[30]=0x00000000f7a251b0
[2025-08-08T15:30:56.267+0000][621.914s][1][129][trace] GC(98) _eden_chunk_array[31]=0x00000000f7a8f220
[2025-08-08T15:30:56.267+0000][621.914s][1][129][trace] GC(98) _eden_chunk_array[32]=0x00000000f7abcfa0
[2025-08-08T15:30:56.267+0000][621.914s][1][129][trace] GC(98) _eden_chunk_array[33]=0x00000000f7b041c8
[2025-08-08T15:30:56.267+0000][621.914s][1][129][trace] GC(98) _eden_chunk_array[34]=0x00000000f7b32af8
[2025-08-08T15:30:56.267+0000][621.914s][1][129][trace] GC(98) _eden_chunk_array[35]=0x00000000f7b55750
[2025-08-08T15:30:56.267+0000][621.914s][1][129][trace] GC(98) _eden_chunk_array[36]=0x00000000f7b8f420
[2025-08-08T15:30:56.267+0000][621.914s][1][129][trace] GC(98) _eden_chunk_array[37]=0x00000000f7bb7128
[2025-08-08T15:30:56.267+0000][621.914s][1][129][trace] GC(98) _eden_chunk_array[38]=0x00000000f7bf9a90
[2025-08-08T15:30:56.267+0000][621.914s][1][129][trace] GC(98) _eden_chunk_array[39]=0x00000000f7c2f338
[2025-08-08T15:30:56.267+0000][621.914s][1][129][trace] GC(98) _eden_chunk_array[40]=0x00000000f7c64bd0
[2025-08-08T15:30:56.267+0000][621.914s][1][129][trace] GC(98) _eden_chunk_array[41]=0x00000000f7c9a478
[2025-08-08T15:30:56.267+0000][621.914s][1][129][trace] GC(98) _eden_chunk_array[42]=0x00000000f7ccdea0
[2025-08-08T15:30:56.267+0000][621.914s][1][129][trace] GC(98) _eden_chunk_array[43]=0x00000000f7cef8c0
[2025-08-08T15:30:56.267+0000][621.914s][1][129][trace] GC(98) _eden_chunk_array[44]=0x00000000f7d28840
[2025-08-08T15:30:56.267+0000][621.914s][1][129][trace] GC(98) _eden_chunk_array[45]=0x00000000f7d52ba0
[2025-08-08T15:30:56.267+0000][621.914s][1][129][trace] GC(98) _eden_chunk_array[46]=0x00000000f7d924a8
[2025-08-08T15:30:56.267+0000][621.914s][1][129][trace] GC(98) _eden_chunk_array[47]=0x00000000f7ddde58
[2025-08-08T15:30:56.267+0000][621.914s][1][129][trace] GC(98) _eden_chunk_array[48]=0x00000000f7e25078
[2025-08-08T15:30:56.267+0000][621.914s][1][129][trace] GC(98) _eden_chunk_array[49]=0x00000000f7e53a48
[2025-08-08T15:30:56.267+0000][621.914s][1][129][trace] GC(98) _eden_chunk_array[50]=0x00000000f7e82418
[2025-08-08T15:30:56.267+0000][621.914s][1][129][trace] GC(98) _eden_chunk_array[51]=0x00000000f7eb0de0
[2025-08-08T15:30:56.267+0000][621.914s][1][129][trace] GC(98) _eden_chunk_array[52]=0x00000000f7edf7d0
[2025-08-08T15:30:56.267+0000][621.914s][1][129][trace] GC(98) _eden_chunk_array[53]=0x00000000f7f1b0b8
[2025-08-08T15:30:56.267+0000][621.914s][1][129][trace] GC(98) _eden_chunk_array[54]=0x00000000f7f44d00
[2025-08-08T15:30:56.267+0000][621.914s][1][129][trace] GC(98) _eden_chunk_array[55]=0x00000000f7f66170
[2025-08-08T15:30:56.267+0000][621.914s][1][129][trace] GC(98) _eden_chunk_array[56]=0x00000000f7f8e538
[2025-08-08T15:30:56.267+0000][621.914s][1][129][trace] GC(98) _eden_chunk_array[57]=0x00000000f7fb15d0
[2025-08-08T15:30:56.267+0000][621.914s][1][129][trace] GC(98) _eden_chunk_array[58]=0x00000000f7fd57d0
[2025-08-08T15:30:56.267+0000][621.914s][1][129][trace] GC(98) _eden_chunk_array[59]=0x00000000f8010e90
[2025-08-08T15:30:56.267+0000][621.914s][1][129][trace] GC(98) _eden_chunk_array[60]=0x00000000f8041ae0
[2025-08-08T15:30:56.267+0000][621.914s][1][129][trace] GC(98) _eden_chunk_array[61]=0x00000000f8062088
[2025-08-08T15:30:56.267+0000][621.914s][1][129][trace] GC(98) _eden_chunk_array[62]=0x00000000f80a92a8
[2025-08-08T15:30:56.267+0000][621.914s][1][129][trace] GC(98) _eden_chunk_array[63]=0x00000000f80d7198
[2025-08-08T15:30:56.267+0000][621.914s][1][129][trace] GC(98) _eden_chunk_array[64]=0x00000000f80f80c0
[2025-08-08T15:30:56.267+0000][621.914s][1][129][trace] GC(98) _eden_chunk_array[65]=0x00000000f8125fa0
[2025-08-08T15:30:56.267+0000][621.914s][1][129][trace] GC(98) _eden_chunk_array[66]=0x00000000f8153e90
[2025-08-08T15:30:56.267+0000][621.915s][1][129][trace] GC(98) _eden_chunk_array[67]=0x00000000f8174ae8
[2025-08-08T15:30:56.267+0000][621.915s][1][129][trace] GC(98) _eden_chunk_array[68]=0x00000000f819b990
[2025-08-08T15:30:56.267+0000][621.915s][1][129][trace] GC(98) _eden_chunk_array[69]=0x00000000f81bba80
[2025-08-08T15:30:56.267+0000][621.915s][1][129][trace] GC(98) _eden_chunk_array[70]=0x00000000f820f900
[2025-08-08T15:30:56.267+0000][621.915s][1][129][trace] GC(98) _eden_chunk_array[71]=0x00000000f823d620
[2025-08-08T15:30:56.267+0000][621.915s][1][129][trace] GC(98) _eden_chunk_array[72]=0x00000000f8262ba8
[2025-08-08T15:30:56.267+0000][621.915s][1][129][trace] GC(98) _eden_chunk_array[73]=0x00000000f82ab2f8
[2025-08-08T15:30:56.267+0000][621.915s][1][129][trace] GC(98) _eden_chunk_array[74]=0x00000000f8311588
[2025-08-08T15:30:56.267+0000][621.915s][1][129][trace] GC(98) _eden_chunk_array[75]=0x00000000f834f680
[2025-08-08T15:30:56.267+0000][621.915s][1][129][trace] GC(98) _eden_chunk_array[76]=0x00000000f8373c00
[2025-08-08T15:30:56.267+0000][621.915s][1][129][trace] GC(98) _eden_chunk_array[77]=0x00000000f83b1d38
[2025-08-08T15:30:56.267+0000][621.915s][1][129][trace] GC(98) _eden_chunk_array[78]=0x00000000f83d29e0
[2025-08-08T15:30:56.267+0000][621.915s][1][129][trace] GC(98) _eden_chunk_array[79]=0x00000000f843d9b0
[2025-08-08T15:30:56.267+0000][621.915s][1][129][trace] GC(98) _eden_chunk_array[80]=0x00000000f8470448
[2025-08-08T15:30:56.267+0000][621.915s][1][129][trace] GC(98) _eden_chunk_array[81]=0x00000000f8494218
[2025-08-08T15:30:56.267+0000][621.915s][1][129][trace] GC(98) _eden_chunk_array[82]=0x00000000f84b46a0
[2025-08-08T15:30:56.267+0000][621.915s][1][129][trace] GC(98) _eden_chunk_array[83]=0x00000000f84df640
[2025-08-08T15:30:56.267+0000][621.915s][1][129][trace] GC(98) _eden_chunk_array[84]=0x00000000f8503248
[2025-08-08T15:30:56.267+0000][621.915s][1][129][trace] GC(98) _eden_chunk_array[85]=0x00000000f8525dd0
[2025-08-08T15:30:56.267+0000][621.915s][1][129][trace] GC(98) _eden_chunk_array[86]=0x00000000f8549fb0
[2025-08-08T15:30:56.267+0000][621.915s][1][129][trace] GC(98) _eden_chunk_array[87]=0x00000000f8593700
[2025-08-08T15:30:56.267+0000][621.915s][1][129][trace] GC(98) _eden_chunk_array[88]=0x00000000f85b6e98
[2025-08-08T15:30:56.267+0000][621.915s][1][129][trace] GC(98) _eden_chunk_array[89]=0x00000000f85da628
[2025-08-08T15:30:56.267+0000][621.915s][1][129][trace] GC(98) _eden_chunk_array[90]=0x00000000f8637ba0
[2025-08-08T15:30:56.267+0000][621.915s][1][129][trace] GC(98) _eden_chunk_array[91]=0x00000000f865b350
[2025-08-08T15:30:56.267+0000][621.915s][1][129][trace] GC(98) _eden_chunk_array[92]=0x00000000f867eaf8
[2025-08-08T15:30:56.267+0000][621.915s][1][129][trace] GC(98) _eden_chunk_array[93]=0x00000000f86a22b0
[2025-08-08T15:30:56.267+0000][621.915s][1][129][trace] GC(98) _eden_chunk_array[94]=0x00000000f86ce2b8
[2025-08-08T15:30:56.267+0000][621.915s][1][129][trace] GC(98) _eden_chunk_array[95]=0x00000000f871be30
[2025-08-08T15:30:56.267+0000][621.915s][1][129][trace] GC(98) _eden_chunk_array[96]=0x00000000f873c650
[2025-08-08T15:30:56.267+0000][621.915s][1][129][trace] GC(98) _eden_chunk_array[97]=0x00000000f877a548
[2025-08-08T15:30:56.267+0000][621.915s][1][129][trace] GC(98) _eden_chunk_array[98]=0x00000000f87ab198
[2025-08-08T15:30:56.267+0000][621.915s][1][129][trace] GC(98) _eden_chunk_array[99]=0x00000000f87cdba8
[2025-08-08T15:30:56.267+0000][621.915s][1][129][trace] GC(98) _eden_chunk_array[100]=0x00000000f87ff268
[2025-08-08T15:30:56.267+0000][621.915s][1][129][trace] GC(98) _eden_chunk_array[101]=0x00000000f8820d80
[2025-08-08T15:30:56.267+0000][621.915s][1][129][trace] GC(98) _eden_chunk_array[102]=0x00000000f885e7f8
[2025-08-08T15:30:56.267+0000][621.915s][1][129][trace] GC(98) _eden_chunk_array[103]=0x00000000f88976c8
[2025-08-08T15:30:56.267+0000][621.915s][1][129][trace] GC(98) _eden_chunk_array[104]=0x00000000f88e3080
[2025-08-08T15:30:56.267+0000][621.915s][1][129][trace] GC(98) _eden_chunk_array[105]=0x00000000f8910f80
[2025-08-08T15:30:56.267+0000][621.915s][1][129][trace] GC(98) _eden_chunk_array[106]=0x00000000f893eeb0
[2025-08-08T15:30:56.267+0000][621.915s][1][129][trace] GC(98) _eden_chunk_array[107]=0x00000000f89a4ac8
[2025-08-08T15:30:56.267+0000][621.915s][1][129][trace] GC(98) _eden_chunk_array[108]=0x00000000f89cb8e0
[2025-08-08T15:30:56.267+0000][621.915s][1][129][trace] GC(98) _eden_chunk_array[109]=0x00000000f89ec060
[2025-08-08T15:30:56.267+0000][621.915s][1][129][trace] GC(98) _eden_chunk_array[110]=0x00000000f8a448d8
[2025-08-08T15:30:56.267+0000][621.915s][1][129][trace] GC(98) _eden_chunk_array[111]=0x00000000f8a6cea8
[2025-08-08T15:30:56.267+0000][621.915s][1][129][trace] GC(98) _eden_chunk_array[112]=0x00000000f8a9c180
[2025-08-08T15:30:56.267+0000][621.915s][1][129][trace] GC(98) _eden_chunk_array[113]=0x00000000f8abe1a8
[2025-08-08T15:30:56.267+0000][621.915s][1][129][trace] GC(98) _eden_chunk_array[114]=0x00000000f8af4148
[2025-08-08T15:30:56.267+0000][621.915s][1][129][trace] GC(98) _eden_chunk_array[115]=0x00000000f8b5a148
[2025-08-08T15:30:56.267+0000][621.915s][1][129][trace] GC(98) _eden_chunk_array[116]=0x00000000f8ba1368
[2025-08-08T15:30:56.267+0000][621.915s][1][129][trace] GC(98) _eden_chunk_array[117]=0x00000000f8bdf490
[2025-08-08T15:30:56.267+0000][621.915s][1][129][trace] GC(98) _eden_chunk_array[118]=0x00000000f8c1d598
[2025-08-08T15:30:56.267+0000][621.915s][1][129][trace] GC(98) _eden_chunk_array[119]=0x00000000f8c5b698
[2025-08-08T15:30:56.267+0000][621.915s][1][129][trace] GC(98) _eden_chunk_array[120]=0x00000000f8c7b880
[2025-08-08T15:30:56.267+0000][621.915s][1][129][trace] GC(98) _eden_chunk_array[121]=0x00000000f8cad368
[2025-08-08T15:30:56.267+0000][621.915s][1][129][trace] GC(98) _eden_chunk_array[122]=0x00000000f8ccde78
[2025-08-08T15:30:56.267+0000][621.915s][1][129][trace] GC(98) _eden_chunk_array[123]=0x00000000f8cf5a38
[2025-08-08T15:30:56.267+0000][621.915s][1][129][trace] GC(98) _eden_chunk_array[124]=0x00000000f8d26178
[2025-08-08T15:30:56.267+0000][621.915s][1][129][trace] GC(98) _eden_chunk_array[125]=0x00000000f8d49900
[2025-08-08T15:30:56.267+0000][621.915s][1][129][trace] GC(98) _eden_chunk_array[126]=0x00000000f8d8b1f8
[2025-08-08T15:30:56.267+0000][621.915s][1][129][trace] GC(98) _eden_chunk_array[127]=0x00000000f8db2f10
[2025-08-08T15:30:56.267+0000][621.915s][1][129][trace] GC(98) _eden_chunk_array[128]=0x00000000f8de18e0
[2025-08-08T15:30:56.267+0000][621.915s][1][129][trace] GC(98) _eden_chunk_array[129]=0x00000000f8e18b48
[2025-08-08T15:30:56.267+0000][621.915s][1][129][trace] GC(98) _eden_chunk_array[130]=0x00000000f8e6f270
[2025-08-08T15:30:56.268+0000][621.915s][1][129][trace] GC(98) _eden_chunk_array[131]=0x00000000f8ebac10
[2025-08-08T15:30:56.268+0000][621.915s][1][129][trace] GC(98) _eden_chunk_array[132]=0x00000000f8f065c8
[2025-08-08T15:30:56.268+0000][621.915s][1][129][trace] GC(98) _eden_chunk_array[133]=0x00000000f8f51f80
[2025-08-08T15:30:56.268+0000][621.915s][1][129][trace] GC(98) _eden_chunk_array[134]=0x00000000f8f72620
[2025-08-08T15:30:56.268+0000][621.915s][1][129][trace] GC(98) _eden_chunk_array[135]=0x00000000f8fa4040
[2025-08-08T15:30:56.268+0000][621.915s][1][129][trace] GC(98) _eden_chunk_array[136]=0x00000000f8fc4d88
[2025-08-08T15:30:56.268+0000][621.915s][1][129][trace] GC(98) _eden_chunk_array[137]=0x00000000f8fec538
[2025-08-08T15:30:56.268+0000][621.915s][1][129][trace] GC(98) _eden_chunk_array[138]=0x00000000f902a638
[2025-08-08T15:30:56.268+0000][621.915s][1][129][trace] GC(98) _eden_chunk_array[139]=0x00000000f9058bc8
[2025-08-08T15:30:56.268+0000][621.915s][1][129][trace] GC(98) _eden_chunk_array[140]=0x00000000f9091800
[2025-08-08T15:30:56.268+0000][621.915s][1][129][trace] GC(98) _eden_chunk_array[141]=0x00000000f90dd1b8
[2025-08-08T15:30:56.268+0000][621.915s][1][129][trace] GC(98) _eden_chunk_array[142]=0x00000000f91409f8
[2025-08-08T15:30:56.268+0000][621.915s][1][129][trace] GC(98) _eden_chunk_array[143]=0x00000000f9179640
[2025-08-08T15:30:56.268+0000][621.915s][1][129][trace] GC(98) _eden_chunk_array[144]=0x00000000f91b3fe8
[2025-08-08T15:30:56.268+0000][621.915s][1][129][trace] GC(98) _eden_chunk_array[145]=0x00000000f91d5010
[2025-08-08T15:30:56.268+0000][621.915s][1][129][trace] GC(98) _eden_chunk_array[146]=0x00000000f91f5710
[2025-08-08T15:30:56.268+0000][621.915s][1][129][trace] GC(98) _eden_chunk_array[147]=0x00000000f92174a0
[2025-08-08T15:30:56.268+0000][621.915s][1][129][trace] GC(98) _eden_chunk_array[148]=0x00000000f9237f28
[2025-08-08T15:30:56.268+0000][621.915s][1][129][trace] GC(98) _eden_chunk_array[149]=0x00000000f9268880
[2025-08-08T15:30:56.268+0000][621.915s][1][129][trace] GC(98) _eden_chunk_array[150]=0x00000000f92b4220
[2025-08-08T15:30:56.268+0000][621.915s][1][129][trace] GC(98) _eden_chunk_array[151]=0x00000000f92d8e90
[2025-08-08T15:30:56.268+0000][621.915s][1][129][trace] GC(98) _eden_chunk_array[152]=0x00000000f9336e68
[2025-08-08T15:30:56.268+0000][621.915s][1][129][trace] GC(98) _eden_chunk_array[153]=0x00000000f936ce70
[2025-08-08T15:30:56.268+0000][621.915s][1][129][trace] GC(98) _eden_chunk_array[154]=0x00000000f93b8810
[2025-08-08T15:30:56.268+0000][621.915s][1][129][trace] GC(98) _eden_chunk_array[155]=0x00000000f93ffa18
[2025-08-08T15:30:56.268+0000][621.915s][1][129][trace] GC(98) _eden_chunk_array[156]=0x00000000f94267a0
[2025-08-08T15:30:56.268+0000][621.915s][1][129][trace] GC(98) _eden_chunk_array[157]=0x00000000f944e4b0
[2025-08-08T15:30:56.268+0000][621.915s][1][129][trace] GC(98) _eden_chunk_array[158]=0x00000000f94761c0
[2025-08-08T15:30:56.268+0000][621.915s][1][129][trace] GC(98) _eden_chunk_array[159]=0x00000000f94984d0
[2025-08-08T15:30:56.268+0000][621.915s][1][129][trace] GC(98) _eden_chunk_array[160]=0x00000000f94c9400
[2025-08-08T15:30:56.268+0000][621.915s][1][129][trace] GC(98) _eden_chunk_array[161]=0x00000000f94f6a80
[2025-08-08T15:30:56.268+0000][621.915s][1][129][trace] GC(98) _eden_chunk_array[162]=0x00000000f9520dc8
[2025-08-08T15:30:56.268+0000][621.915s][1][129][trace] GC(98) _eden_chunk_array[163]=0x00000000f954ecc8
[2025-08-08T15:30:56.268+0000][621.915s][1][129][trace] GC(98) _eden_chunk_array[164]=0x00000000f95aece8
[2025-08-08T15:30:56.268+0000][621.915s][1][129][trace] GC(98) _eden_chunk_array[165]=0x00000000f95dfd08
[2025-08-08T15:30:56.268+0000][621.915s][1][129][trace] GC(98) _eden_chunk_array[166]=0x00000000f9606700
[2025-08-08T15:30:56.268+0000][621.915s][1][129][trace] GC(98) _eden_chunk_array[167]=0x00000000f9628230
[2025-08-08T15:30:56.268+0000][621.915s][1][129][trace] GC(98) _eden_chunk_array[168]=0x00000000f968de50
[2025-08-08T15:30:56.268+0000][621.915s][1][129][trace] GC(98) _eden_chunk_array[169]=0x00000000f96bbd38
[2025-08-08T15:30:56.268+0000][621.915s][1][129][trace] GC(98) _eden_chunk_array[170]=0x00000000f96dc330
[2025-08-08T15:30:56.268+0000][621.915s][1][129][trace] GC(98) _eden_chunk_array[171]=0x00000000f9707340
[2025-08-08T15:30:56.268+0000][621.915s][1][129][trace] GC(98) _eden_chunk_array[172]=0x00000000f972e680
[2025-08-08T15:30:56.268+0000][621.915s][1][129][trace] GC(98) _eden_chunk_array[173]=0x00000000f97549f0
[2025-08-08T15:30:56.268+0000][621.915s][1][129][trace] GC(98) _eden_chunk_array[174]=0x00000000f97a8820
[2025-08-08T15:30:56.268+0000][621.915s][1][129][trace] GC(98) _eden_chunk_array[175]=0x00000000f97d3398
[2025-08-08T15:30:56.268+0000][621.915s][1][129][trace] GC(98) _eden_chunk_array[176]=0x00000000f97fdf80
[2025-08-08T15:30:56.268+0000][621.915s][1][129][trace] GC(98) _eden_chunk_array[177]=0x00000000f982e178
[2025-08-08T15:30:56.268+0000][621.915s][1][129][trace] GC(98) _eden_chunk_array[178]=0x00000000f9867ce0
[2025-08-08T15:30:56.268+0000][621.915s][1][129][trace] GC(98) _eden_chunk_array[179]=0x00000000f9895300
[2025-08-08T15:30:56.268+0000][621.915s][1][129][trace] GC(98) _eden_chunk_array[180]=0x00000000f98bd008
[2025-08-08T15:30:56.268+0000][621.915s][1][129][trace] GC(98) _eden_chunk_array[181]=0x00000000f98f2fb8
[2025-08-08T15:30:56.268+0000][621.915s][1][129][trace] GC(98) _eden_chunk_array[182]=0x00000000f991acd0
[2025-08-08T15:30:56.268+0000][621.915s][1][129][trace] GC(98) _eden_chunk_array[183]=0x00000000f9961bd8
[2025-08-08T15:30:56.268+0000][621.915s][1][129][trace] GC(98) _eden_chunk_array[184]=0x00000000f9997b80
[2025-08-08T15:30:56.268+0000][621.915s][1][129][trace] GC(98) _eden_chunk_array[185]=0x00000000f99cdb20
[2025-08-08T15:30:56.268+0000][621.915s][1][129][trace] GC(98) _eden_chunk_array[186]=0x00000000f99edb80
[2025-08-08T15:30:56.268+0000][621.915s][1][129][trace] GC(98) _eden_chunk_array[187]=0x00000000f9a0f7d0
[2025-08-08T15:30:56.268+0000][621.915s][1][129][trace] GC(98) _eden_chunk_array[188]=0x00000000f9a60a40
[2025-08-08T15:30:56.268+0000][621.915s][1][129][trace] GC(98) _eden_chunk_array[189]=0x00000000f9a8ad70
[2025-08-08T15:30:56.268+0000][621.915s][1][129][trace] GC(98) _eden_chunk_array[190]=0x00000000f9ad16f0
[2025-08-08T15:30:56.268+0000][621.915s][1][129][trace] GC(98) _eden_chunk_array[191]=0x00000000f9afba48
[2025-08-08T15:30:56.268+0000][621.915s][1][129][trace] GC(98) _eden_chunk_array[192]=0x00000000f9b42c60
[2025-08-08T15:30:56.268+0000][621.915s][1][129][trace] GC(98) _eden_chunk_array[193]=0x00000000f9b70b60
[2025-08-08T15:30:56.268+0000][621.915s][1][129][trace] GC(98) _eden_chunk_array[194]=0x00000000f9b9ea70
[2025-08-08T15:30:56.268+0000][621.915s][1][129][trace] GC(98) _eden_chunk_array[195]=0x00000000f9bcc968
[2025-08-08T15:30:56.268+0000][621.915s][1][129][trace] GC(98) _eden_chunk_array[196]=0x00000000f9bfa870
[2025-08-08T15:30:56.268+0000][621.915s][1][129][trace] GC(98) _eden_chunk_array[197]=0x00000000f9c28768
[2025-08-08T15:30:56.268+0000][621.915s][1][129][trace] GC(98) _eden_chunk_array[198]=0x00000000f9c48e68
[2025-08-08T15:30:56.268+0000][621.915s][1][129][trace] GC(98) _eden_chunk_array[199]=0x00000000f9c74180
[2025-08-08T15:30:56.268+0000][621.915s][1][129][trace] GC(98) _eden_chunk_array[200]=0x00000000f9c985c0
[2025-08-08T15:30:56.268+0000][621.915s][1][129][trace] GC(98) _eden_chunk_array[201]=0x00000000f9ce9f48
[2025-08-08T15:30:56.268+0000][621.915s][1][129][trace] GC(98) _eden_chunk_array[202]=0x00000000f9d12820
[2025-08-08T15:30:56.268+0000][621.915s][1][129][trace] GC(98) _eden_chunk_array[203]=0x00000000f9d4b4a0
[2025-08-08T15:30:56.268+0000][621.915s][1][129][trace] GC(98) _eden_chunk_array[204]=0x00000000f9d840e8
[2025-08-08T15:30:56.268+0000][621.915s][1][129][trace] GC(98) _eden_chunk_array[205]=0x00000000f9dbf798
[2025-08-08T15:30:56.268+0000][621.915s][1][129][trace] GC(98) _eden_chunk_array[206]=0x00000000f9dfae38
[2025-08-08T15:30:56.268+0000][621.915s][1][129][trace] GC(98) _eden_chunk_array[207]=0x00000000f9e33a88
[2025-08-08T15:30:56.268+0000][621.915s][1][129][trace] GC(98) _eden_chunk_array[208]=0x00000000f9e54b10
[2025-08-08T15:30:56.268+0000][621.915s][1][129][trace] GC(98) _eden_chunk_array[209]=0x00000000f9eb6cf8
[2025-08-08T15:30:56.268+0000][621.915s][1][129][trace] GC(98) _eden_chunk_array[210]=0x00000000f9f1d658
[2025-08-08T15:30:56.268+0000][621.915s][1][129][trace] GC(98) _eden_chunk_array[211]=0x00000000f9f3ff08
[2025-08-08T15:30:56.268+0000][621.915s][1][129][trace] GC(98) _eden_chunk_array[212]=0x00000000f9f60798
[2025-08-08T15:30:56.268+0000][621.915s][1][129][trace] GC(98) _eden_chunk_array[213]=0x00000000f9f8ddd0
[2025-08-08T15:30:56.268+0000][621.915s][1][129][trace] GC(98) _eden_chunk_array[214]=0x00000000f9fb78f8
[2025-08-08T15:30:56.268+0000][621.915s][1][129][trace] GC(98) _eden_chunk_array[215]=0x00000000f9fe9b10
[2025-08-08T15:30:56.268+0000][621.915s][1][129][trace] GC(98) _eden_chunk_array[216]=0x00000000fa013e58
[2025-08-08T15:30:56.268+0000][621.915s][1][129][trace] GC(98) _eden_chunk_array[217]=0x00000000fa03bb70
[2025-08-08T15:30:56.268+0000][621.915s][1][129][trace] GC(98) _eden_chunk_array[218]=0x00000000fa063890
[2025-08-08T15:30:56.268+0000][621.915s][1][129][trace] GC(98) _eden_chunk_array[219]=0x00000000fa0aaab0
[2025-08-08T15:30:56.268+0000][621.915s][1][129][trace] GC(98) _eden_chunk_array[220]=0x00000000fa0e2618
[2025-08-08T15:30:56.268+0000][621.915s][1][129][trace] GC(98) _eden_chunk_array[221]=0x00000000fa1185b0
[2025-08-08T15:30:56.268+0000][621.915s][1][129][trace] GC(98) _eden_chunk_array[222]=0x00000000fa14e7f0
[2025-08-08T15:30:56.268+0000][621.915s][1][129][trace] GC(98) _eden_chunk_array[223]=0x00000000fa184790
[2025-08-08T15:30:56.268+0000][621.915s][1][129][trace] GC(98) _eden_chunk_array[224]=0x00000000fa1aa238
[2025-08-08T15:30:56.268+0000][621.915s][1][129][trace] GC(98) _eden_chunk_array[225]=0x00000000fa1d0718
[2025-08-08T15:30:56.268+0000][621.915s][1][129][trace] GC(98) _eden_chunk_array[226]=0x00000000fa1f12b8
[2025-08-08T15:30:56.268+0000][621.915s][1][129][trace] GC(98) _eden_chunk_array[227]=0x00000000fa240490
[2025-08-08T15:30:56.268+0000][621.915s][1][129][trace] GC(98) _eden_chunk_array[228]=0x00000000fa270f58
[2025-08-08T15:30:56.268+0000][621.915s][1][129][trace] GC(98) _eden_chunk_array[229]=0x00000000fa2a35c0
[2025-08-08T15:30:56.268+0000][621.915s][1][129][trace] GC(98) _eden_chunk_array[230]=0x00000000fa2c77a0
[2025-08-08T15:30:56.268+0000][621.915s][1][129][trace] GC(98) _eden_chunk_array[231]=0x00000000fa2ebd18
[2025-08-08T15:30:56.268+0000][621.915s][1][129][trace] GC(98) _eden_chunk_array[232]=0x00000000fa310298
[2025-08-08T15:30:56.268+0000][621.915s][1][129][trace] GC(98) _eden_chunk_array[233]=0x00000000fa3574b0
[2025-08-08T15:30:56.268+0000][621.915s][1][129][trace] GC(98) _eden_chunk_array[234]=0x00000000fa378140
[2025-08-08T15:30:56.268+0000][621.915s][1][129][trace] GC(98) _eden_chunk_array[235]=0x00000000fa3b6240
[2025-08-08T15:30:56.268+0000][621.915s][1][129][trace] GC(98) _eden_chunk_array[236]=0x00000000fa3f4350
[2025-08-08T15:30:56.268+0000][621.915s][1][129][trace] GC(98) _eden_chunk_array[237]=0x00000000fa432458
[2025-08-08T15:30:56.268+0000][621.915s][1][129][trace] GC(98) _eden_chunk_array[238]=0x00000000fa452778
[2025-08-08T15:30:56.268+0000][621.915s][1][129][trace] GC(98) _eden_chunk_array[239]=0x00000000fa472900
[2025-08-08T15:30:56.268+0000][621.915s][1][129][trace] GC(98) _eden_chunk_array[240]=0x00000000fa4c57b0
[2025-08-08T15:30:56.268+0000][621.915s][1][129][trace] GC(98) _eden_chunk_array[241]=0x00000000fa4f9720
[2025-08-08T15:30:56.268+0000][621.915s][1][129][trace] GC(98) _eden_chunk_array[242]=0x00000000fa523aa8
[2025-08-08T15:30:56.268+0000][621.915s][1][129][trace] GC(98) _eden_chunk_array[243]=0x00000000fa544b70
[2025-08-08T15:30:56.268+0000][621.915s][1][129][trace] GC(98) _eden_chunk_array[244]=0x00000000fa57c420
[2025-08-08T15:30:56.268+0000][621.915s][1][129][trace] GC(98) _eden_chunk_array[245]=0x00000000fa5b2030
[2025-08-08T15:30:56.268+0000][621.915s][1][129][trace] GC(98) _eden_chunk_array[246]=0x00000000fa5f9248
[2025-08-08T15:30:56.268+0000][621.915s][1][129][trace] GC(98) _eden_chunk_array[247]=0x00000000fa62f1c8
[2025-08-08T15:30:56.268+0000][621.915s][1][129][trace] GC(98) _eden_chunk_array[248]=0x00000000fa665150
[2025-08-08T15:30:56.268+0000][621.915s][1][129][trace] GC(98) _eden_chunk_array[249]=0x00000000fa69b110
[2025-08-08T15:30:56.268+0000][621.915s][1][129][trace] GC(98) _eden_chunk_array[250]=0x00000000fa6d10b0
[2025-08-08T15:30:56.268+0000][621.915s][1][129][trace] GC(98) _eden_chunk_array[251]=0x00000000fa6f3ae0
[2025-08-08T15:30:56.268+0000][621.915s][1][129][trace] GC(98) _eden_chunk_array[252]=0x00000000fa714e68
[2025-08-08T15:30:56.268+0000][621.915s][1][129][trace] GC(98) _eden_chunk_array[253]=0x00000000fa760e88
[2025-08-08T15:30:56.268+0000][621.915s][1][129][trace] GC(98) _eden_chunk_array[254]=0x00000000fa796470
[2025-08-08T15:30:56.268+0000][621.915s][1][129][trace] GC(98) _eden_chunk_array[255]=0x00000000fa7b9c58
[2025-08-08T15:30:56.268+0000][621.915s][1][129][trace] GC(98) _eden_chunk_array[256]=0x00000000fa8009f0
[2025-08-08T15:30:56.268+0000][621.915s][1][129][trace] GC(98) _eden_chunk_array[257]=0x00000000fa821fc8
[2025-08-08T15:30:56.268+0000][621.915s][1][129][trace] GC(98) _eden_chunk_array[258]=0x00000000fa84fed0
[2025-08-08T15:30:56.268+0000][621.915s][1][129][trace] GC(98) _eden_chunk_array[259]=0x00000000fa87ddc8
[2025-08-08T15:30:56.268+0000][621.915s][1][129][trace] GC(98) _eden_chunk_array[260]=0x00000000fa8d8c60
[2025-08-08T15:30:56.268+0000][621.915s][1][129][trace] GC(98) _eden_chunk_array[261]=0x00000000fa906b38
[2025-08-08T15:30:56.268+0000][621.915s][1][129][trace] GC(98) _eden_chunk_array[262]=0x00000000fa934a68
[2025-08-08T15:30:56.268+0000][621.915s][1][129][trace] GC(98) _eden_chunk_array[263]=0x00000000fa955138
[2025-08-08T15:30:56.268+0000][621.915s][1][129][trace] GC(98) _eden_chunk_array[264]=0x00000000fa9a3020
[2025-08-08T15:30:56.268+0000][621.915s][1][129][trace] GC(98) _eden_chunk_array[265]=0x00000000fa9ca970
[2025-08-08T15:30:56.268+0000][621.915s][1][129][trace] GC(98) _eden_chunk_array[266]=0x00000000fa9eb948
[2025-08-08T15:30:56.268+0000][621.915s][1][129][trace] GC(98) _eden_chunk_array[267]=0x00000000faa22858
[2025-08-08T15:30:56.268+0000][621.915s][1][129][trace] GC(98) _eden_chunk_array[268]=0x00000000faa5b488
[2025-08-08T15:30:56.268+0000][621.915s][1][129][trace] GC(98) _eden_chunk_array[269]=0x00000000faa80948
[2025-08-08T15:30:56.268+0000][621.915s][1][129][trace] GC(98) _eden_chunk_array[270]=0x00000000faaa2468
[2025-08-08T15:30:56.268+0000][621.915s][1][129][trace] GC(98) _eden_chunk_array[271]=0x00000000faad0370
[2025-08-08T15:30:56.268+0000][621.915s][1][129][trace] GC(98) _eden_chunk_array[272]=0x00000000fab1bd20
[2025-08-08T15:30:56.268+0000][621.915s][1][129][trace] GC(98) _eden_chunk_array[273]=0x00000000fab41778
[2025-08-08T15:30:56.268+0000][621.915s][1][129][trace] GC(98) _eden_chunk_array[274]=0x00000000faba35d8
[2025-08-08T15:30:56.268+0000][621.915s][1][129][trace] GC(98) _eden_chunk_array[275]=0x00000000fabc3b90
[2025-08-08T15:30:56.268+0000][621.915s][1][129][trace] GC(98) _eden_chunk_array[276]=0x00000000fabf1ac0
[2025-08-08T15:30:56.268+0000][621.915s][1][129][trace] GC(98) _eden_chunk_array[277]=0x00000000fac1f9c0
[2025-08-08T15:30:56.268+0000][621.915s][1][129][trace] GC(98) _eden_chunk_array[278]=0x00000000fac43458
[2025-08-08T15:30:56.268+0000][621.915s][1][129][trace] GC(98) _eden_chunk_array[279]=0x00000000fac664a0
[2025-08-08T15:30:56.268+0000][621.915s][1][129][trace] GC(98) _eden_chunk_array[280]=0x00000000faca8880
[2025-08-08T15:30:56.268+0000][621.915s][1][129][trace] GC(98) _eden_chunk_array[281]=0x00000000facdfad8
[2025-08-08T15:30:56.268+0000][621.915s][1][129][trace] GC(98) _eden_chunk_array[282]=0x00000000fad04058
[2025-08-08T15:30:56.268+0000][621.915s][1][129][trace] GC(98) _eden_chunk_array[283]=0x00000000fad3c618
[2025-08-08T15:30:56.268+0000][621.915s][1][129][trace] GC(98) _eden_chunk_array[284]=0x00000000fad83830
[2025-08-08T15:30:56.268+0000][621.915s][1][129][trace] GC(98) _eden_chunk_array[285]=0x00000000fadebdb8
[2025-08-08T15:30:56.268+0000][621.915s][1][129][trace] GC(98) _eden_chunk_array[286]=0x00000000fae21d50
[2025-08-08T15:30:56.268+0000][621.915s][1][129][trace] GC(98) _eden_chunk_array[287]=0x00000000fae57cf0
[2025-08-08T15:30:56.268+0000][621.915s][1][129][trace] GC(98) _eden_chunk_array[288]=0x00000000fae78468
[2025-08-08T15:30:56.268+0000][621.915s][1][129][trace] GC(98) _eden_chunk_array[289]=0x00000000faebf670
[2025-08-08T15:30:56.268+0000][621.915s][1][129][trace] GC(98) _eden_chunk_array[290]=0x00000000faee8840
[2025-08-08T15:30:56.268+0000][621.915s][1][129][trace] GC(98) _eden_chunk_array[291]=0x00000000faf08cc0
[2025-08-08T15:30:56.268+0000][621.915s][1][129][trace] GC(98) _eden_chunk_array[292]=0x00000000faf34878
[2025-08-08T15:30:56.268+0000][621.915s][1][129][trace] GC(98) _eden_chunk_array[293]=0x00000000faf62f18
[2025-08-08T15:30:56.268+0000][621.915s][1][129][trace] GC(98) _eden_chunk_array[294]=0x00000000faf8d3f8
[2025-08-08T15:30:56.268+0000][621.915s][1][129][trace] GC(98) _eden_chunk_array[295]=0x00000000fafb3e08
[2025-08-08T15:30:56.268+0000][621.915s][1][129][trace] GC(98) _eden_chunk_array[296]=0x00000000fafd9f00
[2025-08-08T15:30:56.268+0000][621.915s][1][129][trace] GC(98) _eden_chunk_array[297]=0x00000000faffd078
[2025-08-08T15:30:56.268+0000][621.915s][1][129][trace] GC(98) _eden_chunk_array[298]=0x00000000fb04faa0
[2025-08-08T15:30:56.268+0000][621.915s][1][129][trace] GC(98) _eden_chunk_array[299]=0x00000000fb0b1978
[2025-08-08T15:30:56.268+0000][621.915s][1][129][trace] GC(98) _eden_chunk_array[300]=0x00000000fb0e7908
[2025-08-08T15:30:56.268+0000][621.915s][1][129][trace] GC(98) _eden_chunk_array[301]=0x00000000fb11d890
[2025-08-08T15:30:56.268+0000][621.915s][1][129][trace] GC(98) _eden_chunk_array[302]=0x00000000fb153840
[2025-08-08T15:30:56.268+0000][621.915s][1][129][trace] GC(98) _eden_chunk_array[303]=0x00000000fb1897d0
[2025-08-08T15:30:56.268+0000][621.915s][1][129][trace] GC(98) _eden_chunk_array[304]=0x00000000fb1b2e50
[2025-08-08T15:30:56.268+0000][621.915s][1][129][trace] GC(98) _eden_chunk_array[305]=0x00000000fb1d2fa8
[2025-08-08T15:30:56.268+0000][621.915s][1][129][trace] GC(98) _eden_chunk_array[306]=0x00000000fb205b90
[2025-08-08T15:30:56.268+0000][621.915s][1][129][trace] GC(98) _eden_chunk_array[307]=0x00000000fb228c20
[2025-08-08T15:30:56.268+0000][621.915s][1][129][trace] GC(98) _eden_chunk_array[308]=0x00000000fb252f78
[2025-08-08T15:30:56.268+0000][621.916s][1][129][trace] GC(98) _eden_chunk_array[309]=0x00000000fb2bd9b8
[2025-08-08T15:30:56.268+0000][621.916s][1][129][trace] GC(98) _eden_chunk_array[310]=0x00000000fb304bd0
[2025-08-08T15:30:56.268+0000][621.916s][1][129][trace] GC(98) _eden_chunk_array[311]=0x00000000fb326870
[2025-08-08T15:30:56.268+0000][621.916s][1][129][trace] GC(98) _eden_chunk_array[312]=0x00000000fb34b4d0
[2025-08-08T15:30:56.268+0000][621.916s][1][129][trace] GC(98) _eden_chunk_array[313]=0x00000000fb370130
[2025-08-08T15:30:56.268+0000][621.916s][1][129][trace] GC(98) _eden_chunk_array[314]=0x00000000fb394dc8
[2025-08-08T15:30:56.268+0000][621.916s][1][129][trace] GC(98) _eden_chunk_array[315]=0x00000000fb3b9a48
[2025-08-08T15:30:56.268+0000][621.916s][1][129][trace] GC(98) _eden_chunk_array[316]=0x00000000fb3de6a0
[2025-08-08T15:30:56.268+0000][621.916s][1][129][trace] GC(98) _eden_chunk_array[317]=0x00000000fb415270
[2025-08-08T15:30:56.268+0000][621.916s][1][129][trace] GC(98) _eden_chunk_array[318]=0x00000000fb4494c0
[2025-08-08T15:30:56.268+0000][621.916s][1][129][trace] GC(98) _eden_chunk_array[319]=0x00000000fb46db38
[2025-08-08T15:30:56.268+0000][621.916s][1][129][trace] GC(98) _eden_chunk_array[320]=0x00000000fb490698
[2025-08-08T15:30:56.268+0000][621.916s][1][129][trace] GC(98) _eden_chunk_array[321]=0x00000000fb4b4c10
[2025-08-08T15:30:56.268+0000][621.916s][1][129][trace] GC(98) _eden_chunk_array[322]=0x00000000fb4d7d10
[2025-08-08T15:30:56.268+0000][621.916s][1][129][trace] GC(98) _eden_chunk_array[323]=0x00000000fb510950
[2025-08-08T15:30:56.268+0000][621.916s][1][129][trace] GC(98) _eden_chunk_array[324]=0x00000000fb534ec0
[2025-08-08T15:30:56.268+0000][621.916s][1][129][trace] GC(98) _eden_chunk_array[325]=0x00000000fb5585a0
[2025-08-08T15:30:56.268+0000][621.916s][1][129][trace] GC(98) _eden_chunk_array[326]=0x00000000fb5911e8
[2025-08-08T15:30:56.268+0000][621.916s][1][129][trace] GC(98) _eden_chunk_array[327]=0x00000000fb5c9e40
[2025-08-08T15:30:56.268+0000][621.916s][1][129][trace] GC(98) _eden_chunk_array[328]=0x00000000fb6173a8
[2025-08-08T15:30:56.268+0000][621.916s][1][129][trace] GC(98) _eden_chunk_array[329]=0x00000000fb672600
[2025-08-08T15:30:56.268+0000][621.916s][1][129][trace] GC(98) _eden_chunk_array[330]=0x00000000fb6a04c0
[2025-08-08T15:30:56.268+0000][621.916s][1][129][trace] GC(98) _eden_chunk_array[331]=0x00000000fb6ecbc8
[2025-08-08T15:30:56.268+0000][621.916s][1][129][trace] GC(98) _eden_chunk_array[332]=0x00000000fb70cec0
[2025-08-08T15:30:56.268+0000][621.916s][1][129][trace] GC(98) _eden_chunk_array[333]=0x00000000fb7338e0
[2025-08-08T15:30:56.268+0000][621.916s][1][129][trace] GC(98) _eden_chunk_array[334]=0x00000000fb75f0b0
[2025-08-08T15:30:56.268+0000][621.916s][1][129][trace] GC(98) _eden_chunk_array[335]=0x00000000fb7871e8
[2025-08-08T15:30:56.268+0000][621.916s][1][129][trace] GC(98) _eden_chunk_array[336]=0x00000000fb7ab810
[2025-08-08T15:30:56.268+0000][621.916s][1][129][trace] GC(98) _eden_chunk_array[337]=0x00000000fb7d7f50
[2025-08-08T15:30:56.268+0000][621.916s][1][129][trace] GC(98) _eden_chunk_array[338]=0x00000000fb7fb6e8
[2025-08-08T15:30:56.268+0000][621.916s][1][129][trace] GC(98) _eden_chunk_array[339]=0x00000000fb82c340
[2025-08-08T15:30:56.268+0000][621.916s][1][129][trace] GC(98) _eden_chunk_array[340]=0x00000000fb877cf8
[2025-08-08T15:30:56.268+0000][621.916s][1][129][trace] GC(98) _eden_chunk_array[341]=0x00000000fb89b488
[2025-08-08T15:30:56.268+0000][621.916s][1][129][trace] GC(98) _eden_chunk_array[342]=0x00000000fb8bec20
[2025-08-08T15:30:56.268+0000][621.916s][1][129][trace] GC(98) _eden_chunk_array[343]=0x00000000fb8e23d8
[2025-08-08T15:30:56.268+0000][621.916s][1][129][trace] GC(98) _eden_chunk_array[344]=0x00000000fb905b80
[2025-08-08T15:30:56.268+0000][621.916s][1][129][trace] GC(98) _eden_chunk_array[345]=0x00000000fb927270
[2025-08-08T15:30:56.268+0000][621.916s][1][129][trace] GC(98) _eden_chunk_array[346]=0x00000000fb954810
[2025-08-08T15:30:56.268+0000][621.916s][1][129][trace] GC(98) _eden_chunk_array[347]=0x00000000fb97a168
[2025-08-08T15:30:56.268+0000][621.916s][1][129][trace] GC(98) _eden_chunk_array[348]=0x00000000fb9cc900
[2025-08-08T15:30:56.268+0000][621.916s][1][129][trace] GC(98) _eden_chunk_array[349]=0x00000000fb9f2848
[2025-08-08T15:30:56.268+0000][621.916s][1][129][trace] GC(98) _eden_chunk_array[350]=0x00000000fba15ff0
[2025-08-08T15:30:56.268+0000][621.916s][1][129][trace] GC(98) _eden_chunk_array[351]=0x00000000fba540e0
[2025-08-08T15:30:56.268+0000][621.916s][1][129][trace] GC(98) _eden_chunk_array[352]=0x00000000fba8f770
[2025-08-08T15:30:56.268+0000][621.916s][1][129][trace] GC(98) _eden_chunk_array[353]=0x00000000fbab3ce8
[2025-08-08T15:30:56.268+0000][621.916s][1][129][trace] GC(98) _eden_chunk_array[354]=0x00000000fbad8258
[2025-08-08T15:30:56.268+0000][621.916s][1][129][trace] GC(98) _eden_chunk_array[355]=0x00000000fbafc7c8
[2025-08-08T15:30:56.268+0000][621.916s][1][129][trace] GC(98) _eden_chunk_array[356]=0x00000000fbb481c0
[2025-08-08T15:30:56.268+0000][621.916s][1][129][trace] GC(98) _eden_chunk_array[357]=0x00000000fbb6c740
[2025-08-08T15:30:56.268+0000][621.916s][1][129][trace] GC(98) _eden_chunk_array[358]=0x00000000fbb90cc0
[2025-08-08T15:30:56.268+0000][621.916s][1][129][trace] GC(98) _eden_chunk_array[359]=0x00000000fbbdef48
[2025-08-08T15:30:56.268+0000][621.916s][1][129][trace] GC(98) _eden_chunk_array[360]=0x00000000fbc05210
[2025-08-08T15:30:56.268+0000][621.916s][1][129][trace] GC(98) _eden_chunk_array[361]=0x00000000fbc2aef8
[2025-08-08T15:30:56.268+0000][621.916s][1][129][trace] GC(98) _eden_chunk_array[362]=0x00000000fbc517f0
[2025-08-08T15:30:56.268+0000][621.916s][1][129][trace] GC(98) _eden_chunk_array[363]=0x00000000fbc71960
[2025-08-08T15:30:56.268+0000][621.916s][1][129][trace] GC(98) _eden_chunk_array[364]=0x00000000fbca9d38
[2025-08-08T15:30:56.268+0000][621.916s][1][129][trace] GC(98) _eden_chunk_array[365]=0x00000000fbce3928
[2025-08-08T15:30:56.268+0000][621.916s][1][129][trace] GC(98) _eden_chunk_array[366]=0x00000000fbd0dc60
[2025-08-08T15:30:56.268+0000][621.916s][1][129][trace] GC(98) _eden_chunk_array[367]=0x00000000fbd59618
[2025-08-08T15:30:56.268+0000][621.916s][1][129][trace] GC(98) _eden_chunk_array[368]=0x00000000fbd8f270
[2025-08-08T15:30:56.268+0000][621.916s][1][129][trace] GC(98) _eden_chunk_array[369]=0x00000000fbdd6490
[2025-08-08T15:30:56.268+0000][621.916s][1][129][trace] GC(98) _eden_chunk_array[370]=0x00000000fbe145b8
[2025-08-08T15:30:56.268+0000][621.916s][1][129][trace] GC(98) _eden_chunk_array[371]=0x00000000fbe526e8
[2025-08-08T15:30:56.268+0000][621.916s][1][129][trace] GC(98) _eden_chunk_array[372]=0x00000000fbe907e8
[2025-08-08T15:30:56.268+0000][621.916s][1][129][trace] GC(98) _eden_chunk_array[373]=0x00000000fbeb4d70
[2025-08-08T15:30:56.268+0000][621.916s][1][129][trace] GC(98) _eden_chunk_array[374]=0x00000000fbed56c0
[2025-08-08T15:30:56.268+0000][621.916s][1][129][trace] GC(98) _eden_chunk_array[375]=0x00000000fbf00b78
[2025-08-08T15:30:56.268+0000][621.916s][1][129][trace] GC(98) _eden_chunk_array[376]=0x00000000fbf25120
[2025-08-08T15:30:56.268+0000][621.916s][1][129][trace] GC(98) _eden_chunk_array[377]=0x00000000fbf5dd68
[2025-08-08T15:30:56.268+0000][621.916s][1][129][trace] GC(98) _eden_chunk_array[378]=0x00000000fbf822e8
[2025-08-08T15:30:56.268+0000][621.916s][1][129][trace] GC(98) _eden_chunk_array[379]=0x00000000fbfa6860
[2025-08-08T15:30:56.268+0000][621.916s][1][129][trace] GC(98) _eden_chunk_array[380]=0x00000000fbfedb88
[2025-08-08T15:30:56.268+0000][621.916s][1][129][trace] GC(98) _eden_chunk_array[381]=0x00000000fc027520
[2025-08-08T15:30:56.268+0000][621.916s][1][129][trace] GC(98) _eden_chunk_array[382]=0x00000000fc05cda8
[2025-08-08T15:30:56.268+0000][621.916s][1][129][trace] GC(98) _eden_chunk_array[383]=0x00000000fc092648
[2025-08-08T15:30:56.268+0000][621.916s][1][129][trace] GC(98) _eden_chunk_array[384]=0x00000000fc0c7ee0
[2025-08-08T15:30:56.268+0000][621.916s][1][129][trace] GC(98) _eden_chunk_array[385]=0x00000000fc0f5e88
[2025-08-08T15:30:56.268+0000][621.916s][1][129][trace] GC(98) _eden_chunk_array[386]=0x00000000fc11dca0
[2025-08-08T15:30:56.268+0000][621.916s][1][129][trace] GC(98) _eden_chunk_array[387]=0x00000000fc1889f0
[2025-08-08T15:30:56.269+0000][621.916s][1][129][trace] GC(98) _eden_chunk_array[388]=0x00000000fc1d17f8
[2025-08-08T15:30:56.269+0000][621.916s][1][129][trace] GC(98) _eden_chunk_array[389]=0x00000000fc1fcc00
[2025-08-08T15:30:56.269+0000][621.916s][1][129][trace] GC(98) _eden_chunk_array[390]=0x00000000fc21d560
[2025-08-08T15:30:56.269+0000][621.916s][1][129][trace] GC(98) _eden_chunk_array[391]=0x00000000fc23ffd8
[2025-08-08T15:30:56.269+0000][621.916s][1][129][trace] GC(98) _eden_chunk_array[392]=0x00000000fc2655d0
[2025-08-08T15:30:56.269+0000][621.916s][1][129][trace] GC(98) _eden_chunk_array[393]=0x00000000fc2933e0
[2025-08-08T15:30:56.269+0000][621.916s][1][129][trace] GC(98) _eden_chunk_array[394]=0x00000000fc2b6618
[2025-08-08T15:30:56.269+0000][621.916s][1][129][trace] GC(98) _eden_chunk_array[395]=0x00000000fc2d8650
[2025-08-08T15:30:56.269+0000][621.916s][1][129][trace] GC(98) _eden_chunk_array[396]=0x00000000fc2fb898
[2025-08-08T15:30:56.269+0000][621.916s][1][129][trace] GC(98) _eden_chunk_array[397]=0x00000000fc31d8c0
[2025-08-08T15:30:56.269+0000][621.916s][1][129][trace] GC(98) _eden_chunk_array[398]=0x00000000fc340af0
[2025-08-08T15:30:56.269+0000][621.916s][1][129][trace] GC(98) _eden_chunk_array[399]=0x00000000fc363da0
[2025-08-08T15:30:56.269+0000][621.916s][1][129][trace] GC(98) _eden_chunk_array[400]=0x00000000fc3c71b0
[2025-08-08T15:30:56.269+0000][621.916s][1][129][trace] GC(98) _eden_chunk_array[401]=0x00000000fc3ea348
[2025-08-08T15:30:56.269+0000][621.916s][1][129][trace] GC(98) _eden_chunk_array[402]=0x00000000fc4421c8
[2025-08-08T15:30:56.269+0000][621.916s][1][129][trace] GC(98) _eden_chunk_array[403]=0x00000000fc46d4f8
[2025-08-08T15:30:56.269+0000][621.916s][1][129][trace] GC(98) _eden_chunk_array[404]=0x00000000fc49be20
[2025-08-08T15:30:56.269+0000][621.916s][1][129][trace] GC(98) _eden_chunk_array[405]=0x00000000fc4e51e8
[2025-08-08T15:30:56.269+0000][621.916s][1][129][trace] GC(98) _eden_chunk_array[406]=0x00000000fc516898
[2025-08-08T15:30:56.269+0000][621.916s][1][129][trace] GC(98) _eden_chunk_array[407]=0x00000000fc53b508
[2025-08-08T15:30:56.269+0000][621.916s][1][129][trace] GC(98) _eden_chunk_array[408]=0x00000000fc560170
[2025-08-08T15:30:56.269+0000][621.916s][1][129][trace] GC(98) _eden_chunk_array[409]=0x00000000fc5b99d0
[2025-08-08T15:30:56.269+0000][621.916s][1][129][trace] GC(98) _eden_chunk_array[410]=0x00000000fc5de638
[2025-08-08T15:30:56.269+0000][621.916s][1][129][trace] GC(98) _eden_chunk_array[411]=0x00000000fc605018
[2025-08-08T15:30:56.269+0000][621.916s][1][129][trace] GC(98) _eden_chunk_array[412]=0x00000000fc629c70
[2025-08-08T15:30:56.269+0000][621.916s][1][129][trace] GC(98) _eden_chunk_array[413]=0x00000000fc64b868
[2025-08-08T15:30:56.269+0000][621.916s][1][129][trace] GC(98) _eden_chunk_array[414]=0x00000000fc66c4e0
[2025-08-08T15:30:56.269+0000][621.916s][1][129][trace] GC(98) _eden_chunk_array[415]=0x00000000fc68d6e8
[2025-08-08T15:30:56.269+0000][621.916s][1][129][trace] GC(98) _eden_chunk_array[416]=0x00000000fc6f2f28
[2025-08-08T15:30:56.269+0000][621.916s][1][129][trace] GC(98) _eden_chunk_array[417]=0x00000000fc730b30
[2025-08-08T15:30:56.269+0000][621.916s][1][129][trace] GC(98) _eden_chunk_array[418]=0x00000000fc75ddb0
[2025-08-08T15:30:56.269+0000][621.916s][1][129][trace] GC(98) _eden_chunk_array[419]=0x00000000fc7909e0
[2025-08-08T15:30:56.269+0000][621.916s][1][129][trace] GC(98) _eden_chunk_array[420]=0x00000000fc7bdfd8
[2025-08-08T15:30:56.269+0000][621.916s][1][129][trace] GC(98) _eden_chunk_array[421]=0x00000000fc7f8318
[2025-08-08T15:30:56.269+0000][621.916s][1][129][trace] GC(98) _eden_chunk_array[422]=0x00000000fc820028
[2025-08-08T15:30:56.269+0000][621.916s][1][129][trace] GC(98) _eden_chunk_array[423]=0x00000000fc843278
[2025-08-08T15:30:56.269+0000][621.916s][1][129][trace] GC(98) _eden_chunk_array[424]=0x00000000fc8664e0
[2025-08-08T15:30:56.269+0000][621.916s][1][129][trace] GC(98) _eden_chunk_array[425]=0x00000000fc889748
[2025-08-08T15:30:56.269+0000][621.916s][1][129][trace] GC(98) _eden_chunk_array[426]=0x00000000fc8ac998
[2025-08-08T15:30:56.269+0000][621.916s][1][129][trace] GC(98) _eden_chunk_array[427]=0x00000000fc8cfbb8
[2025-08-08T15:30:56.269+0000][621.916s][1][129][trace] GC(98) _eden_chunk_array[428]=0x00000000fc8f2e08
[2025-08-08T15:30:56.269+0000][621.916s][1][129][trace] GC(98) _eden_chunk_array[429]=0x00000000fc913530
[2025-08-08T15:30:56.269+0000][621.916s][1][129][trace] GC(98) _eden_chunk_array[430]=0x00000000fc974808
[2025-08-08T15:30:56.269+0000][621.916s][1][129][trace] GC(98) _eden_chunk_array[431]=0x00000000fc9a0720
[2025-08-08T15:30:56.269+0000][621.916s][1][129][trace] GC(98) _eden_chunk_array[432]=0x00000000fc9caa68
[2025-08-08T15:30:56.269+0000][621.916s][1][129][trace] GC(98) _eden_chunk_array[433]=0x00000000fc9f4db0
[2025-08-08T15:30:56.269+0000][621.916s][1][129][trace] GC(98) _eden_chunk_array[434]=0x00000000fca5ede0
[2025-08-08T15:30:56.269+0000][621.916s][1][129][trace] GC(98) _eden_chunk_array[435]=0x00000000fca94d60
[2025-08-08T15:30:56.269+0000][621.916s][1][129][trace] GC(98) _eden_chunk_array[436]=0x00000000fcacace8
[2025-08-08T15:30:56.269+0000][621.916s][1][129][trace] GC(98) _eden_chunk_array[437]=0x00000000fcb00c90
[2025-08-08T15:30:56.269+0000][621.916s][1][129][trace] GC(98) _eden_chunk_array[438]=0x00000000fcb36c28
[2025-08-08T15:30:56.269+0000][621.916s][1][129][trace] GC(98) _eden_chunk_array[439]=0x00000000fcb825c8
[2025-08-08T15:30:56.269+0000][621.916s][1][129][trace] GC(98) _eden_chunk_array[440]=0x00000000fcba8d30
[2025-08-08T15:30:56.269+0000][621.916s][1][129][trace] GC(98) _eden_chunk_array[441]=0x00000000fcbd32a8
[2025-08-08T15:30:56.269+0000][621.916s][1][129][trace] GC(98) _eden_chunk_array[442]=0x00000000fcbf4358
[2025-08-08T15:30:56.269+0000][621.916s][1][129][trace] GC(98) _eden_chunk_array[443]=0x00000000fcc16798
[2025-08-08T15:30:56.269+0000][621.916s][1][129][trace] GC(98) _eden_chunk_array[444]=0x00000000fcc59da8
[2025-08-08T15:30:56.269+0000][621.916s][1][129][trace] GC(98) _eden_chunk_array[445]=0x00000000fcc88778
[2025-08-08T15:30:56.269+0000][621.916s][1][129][trace] GC(98) _eden_chunk_array[446]=0x00000000fccae908
[2025-08-08T15:30:56.269+0000][621.916s][1][129][trace] GC(98) _eden_chunk_array[447]=0x00000000fcccff80
[2025-08-08T15:30:56.269+0000][621.916s][1][129][trace] GC(98) _eden_chunk_array[448]=0x00000000fccfe990
[2025-08-08T15:30:56.269+0000][621.916s][1][129][trace] GC(98) _eden_chunk_array[449]=0x00000000fcd2d3b0
[2025-08-08T15:30:56.269+0000][621.916s][1][129][trace] GC(98) _eden_chunk_array[450]=0x00000000fcd4e0f0
[2025-08-08T15:30:56.269+0000][621.916s][1][129][trace] GC(98) _eden_chunk_array[451]=0x00000000fcd72670
[2025-08-08T15:30:56.269+0000][621.916s][1][129][trace] GC(98) _eden_chunk_array[452]=0x00000000fcdd4848
[2025-08-08T15:30:56.269+0000][621.916s][1][129][trace] GC(98) _eden_chunk_array[453]=0x00000000fce201f8
[2025-08-08T15:30:56.269+0000][621.916s][1][129][trace] GC(98) _eden_chunk_array[454]=0x00000000fce4fc40
[2025-08-08T15:30:56.269+0000][621.916s][1][129][trace] GC(98) _eden_chunk_array[455]=0x00000000fce750f0
[2025-08-08T15:30:56.269+0000][621.916s][1][129][trace] GC(98) _eden_chunk_array[456]=0x00000000fceb0798
[2025-08-08T15:30:56.269+0000][621.916s][1][129][trace] GC(98) _eden_chunk_array[457]=0x00000000fceee898
[2025-08-08T15:30:56.269+0000][621.916s][1][129][trace] GC(98) _eden_chunk_array[458]=0x00000000fcf585a8
[2025-08-08T15:30:56.269+0000][621.916s][1][129][trace] GC(98) _eden_chunk_array[459]=0x00000000fcf911d8
[2025-08-08T15:30:56.269+0000][621.916s][1][129][trace] GC(98) _eden_chunk_array[460]=0x00000000fcfb1800
[2025-08-08T15:30:56.269+0000][621.916s][1][129][trace] GC(98) _eden_chunk_array[461]=0x00000000fcfe8de8
[2025-08-08T15:30:56.269+0000][621.916s][1][129][trace] GC(98) _eden_chunk_array[462]=0x00000000fd04c628
[2025-08-08T15:30:56.269+0000][621.916s][1][129][trace] GC(98) _eden_chunk_array[463]=0x00000000fd06ced8
[2025-08-08T15:30:56.269+0000][621.916s][1][129][trace] GC(98) _eden_chunk_array[464]=0x00000000fd08edc0
[2025-08-08T15:30:56.269+0000][621.916s][1][129][trace] GC(98) _eden_chunk_array[465]=0x00000000fd0b19c8
[2025-08-08T15:30:56.269+0000][621.916s][1][129][trace] GC(98) _eden_chunk_array[466]=0x00000000fd10db38
[2025-08-08T15:30:56.269+0000][621.916s][1][129][trace] GC(98) _eden_chunk_array[467]=0x00000000fd1391f8
[2025-08-08T15:30:56.269+0000][621.916s][1][129][trace] GC(98) _eden_chunk_array[468]=0x00000000fd15a670
[2025-08-08T15:30:56.269+0000][621.916s][1][129][trace] GC(98) _eden_chunk_array[469]=0x00000000fd1857d0
[2025-08-08T15:30:56.269+0000][621.916s][1][129][trace] GC(98) _eden_chunk_array[470]=0x00000000fd1dc288
[2025-08-08T15:30:56.269+0000][621.916s][1][129][trace] GC(98) _eden_chunk_array[471]=0x00000000fd1ff3d8
[2025-08-08T15:30:56.269+0000][621.916s][1][129][trace] GC(98) _eden_chunk_array[472]=0x00000000fd239180
[2025-08-08T15:30:56.269+0000][621.916s][1][129][trace] GC(98) _eden_chunk_array[473]=0x00000000fd271dd0
[2025-08-08T15:30:56.269+0000][621.916s][1][129][trace] GC(98) _eden_chunk_array[474]=0x00000000fd2aaa18
[2025-08-08T15:30:56.269+0000][621.916s][1][129][trace] GC(98) _eden_chunk_array[475]=0x00000000fd2e3660
[2025-08-08T15:30:56.269+0000][621.916s][1][129][trace] GC(98) _eden_chunk_array[476]=0x00000000fd31c2a8
[2025-08-08T15:30:56.269+0000][621.916s][1][129][trace] GC(98) _eden_chunk_array[477]=0x00000000fd367c60
[2025-08-08T15:30:56.269+0000][621.916s][1][129][trace] GC(98) _eden_chunk_array[478]=0x00000000fd39b3e0
[2025-08-08T15:30:56.269+0000][621.916s][1][129][trace] GC(98) _eden_chunk_array[479]=0x00000000fd3c0640
[2025-08-08T15:30:56.269+0000][621.916s][1][129][trace] GC(98) _eden_chunk_array[480]=0x00000000fd3eaeb8
[2025-08-08T15:30:56.269+0000][621.916s][1][129][trace] GC(98) _eden_chunk_array[481]=0x00000000fd410000
[2025-08-08T15:30:56.269+0000][621.916s][1][129][trace] GC(98) survivor 0x00000000fd410000-0x00000000fd595520-0x00000000fe780000(20381696)
[2025-08-08T15:30:56.269+0000][621.916s][1][129][trace] GC(98) _survivor_chunk_index=0, _survivor_chunk_capacity=9952
[2025-08-08T15:30:56.303+0000][621.950s][1][129][info ] GC(98) Pause Initial Mark 162M->162M(180M) 35.787ms
[2025-08-08T15:30:56.303+0000][621.950s][1][129][info ] Leaving safepoint region
[2025-08-08T15:30:56.303+0000][621.950s][1][129][info ] Total time for which application threads were stopped: 0.0361499 seconds, Stopping threads took: 0.0000345 seconds
[2025-08-08T15:30:56.303+0000][621.950s][1][128][info ] GC(98) Concurrent Mark
[2025-08-08T15:30:56.307+0000][621.954s][1][128][info ] GC(98) Concurrent Mark 4.264ms
[2025-08-08T15:30:56.307+0000][621.954s][1][128][info ] GC(98) Concurrent Preclean
[2025-08-08T15:30:56.308+0000][621.955s][1][128][info ] GC(98) Concurrent Preclean 0.352ms
[2025-08-08T15:30:56.308+0000][621.955s][1][128][info ] GC(98) Concurrent Abortable Preclean
[2025-08-08T15:30:56.308+0000][621.955s][1][128][trace] CMS: promo attempt is not safe: available(24) < av_promo(2795063), max_promo(165238192)
[2025-08-08T15:30:56.308+0000][621.955s][1][128][info ] GC(98) Concurrent Abortable Preclean 0.020ms
[2025-08-08T15:30:56.308+0000][621.955s][1][129][info ] Application time: 0.0049927 seconds
[2025-08-08T15:30:56.308+0000][621.955s][1][129][info ] Entering safepoint region: CMS_Final_Remark
[2025-08-08T15:30:56.308+0000][621.955s][1][129][trace] GC(98) eden 0x00000000f3800000-0x00000000fd410000-0x00000000fd410000(163643392)
[2025-08-08T15:30:56.308+0000][621.955s][1][129][trace] GC(98) _eden_chunk_index=482, _eden_chunk_capacity=11233
[2025-08-08T15:30:56.308+0000][621.955s][1][129][trace] GC(98) _eden_chunk_array[0]=0x00000000f73f9200
[2025-08-08T15:30:56.308+0000][621.955s][1][129][trace] GC(98) _eden_chunk_array[1]=0x00000000f74247b8
[2025-08-08T15:30:56.308+0000][621.955s][1][129][trace] GC(98) _eden_chunk_array[2]=0x00000000f7453930
[2025-08-08T15:30:56.308+0000][621.955s][1][129][trace] GC(98) _eden_chunk_array[3]=0x00000000f747dc68
[2025-08-08T15:30:56.308+0000][621.955s][1][129][trace] GC(98) _eden_chunk_array[4]=0x00000000f74ad020
[2025-08-08T15:30:56.308+0000][621.955s][1][129][trace] GC(98) _eden_chunk_array[5]=0x00000000f74d6e28
[2025-08-08T15:30:56.308+0000][621.955s][1][129][trace] GC(98) _eden_chunk_array[6]=0x00000000f74feb48
[2025-08-08T15:30:56.308+0000][621.955s][1][129][trace] GC(98) _eden_chunk_array[7]=0x00000000f7534cd8
[2025-08-08T15:30:56.308+0000][621.955s][1][129][trace] GC(98) _eden_chunk_array[8]=0x00000000f7554e70
[2025-08-08T15:30:56.308+0000][621.955s][1][129][trace] GC(98) _eden_chunk_array[9]=0x00000000f758a818
[2025-08-08T15:30:56.308+0000][621.955s][1][129][trace] GC(98) _eden_chunk_array[10]=0x00000000f75b8710
[2025-08-08T15:30:56.308+0000][621.955s][1][129][trace] GC(98) _eden_chunk_array[11]=0x00000000f75ff918
[2025-08-08T15:30:56.308+0000][621.955s][1][129][trace] GC(98) _eden_chunk_array[12]=0x00000000f7636b78
[2025-08-08T15:30:56.308+0000][621.955s][1][129][trace] GC(98) _eden_chunk_array[13]=0x00000000f767dd90
[2025-08-08T15:30:56.308+0000][621.955s][1][129][trace] GC(98) _eden_chunk_array[14]=0x00000000f76e4388
[2025-08-08T15:30:56.308+0000][621.955s][1][129][trace] GC(98) _eden_chunk_array[15]=0x00000000f7719c08
[2025-08-08T15:30:56.308+0000][621.955s][1][129][trace] GC(98) _eden_chunk_array[16]=0x00000000f774f498
[2025-08-08T15:30:56.308+0000][621.955s][1][129][trace] GC(98) _eden_chunk_array[17]=0x00000000f7784d40
[2025-08-08T15:30:56.308+0000][621.955s][1][129][trace] GC(98) _eden_chunk_array[18]=0x00000000f77ab4a0
[2025-08-08T15:30:56.308+0000][621.955s][1][129][trace] GC(98) _eden_chunk_array[19]=0x00000000f77cf2b0
[2025-08-08T15:30:56.308+0000][621.955s][1][129][trace] GC(98) _eden_chunk_array[20]=0x00000000f77f2938
[2025-08-08T15:30:56.308+0000][621.955s][1][129][trace] GC(98) _eden_chunk_array[21]=0x00000000f782c488
[2025-08-08T15:30:56.308+0000][621.955s][1][129][trace] GC(98) _eden_chunk_array[22]=0x00000000f7859ad0
[2025-08-08T15:30:56.308+0000][621.955s][1][129][trace] GC(98) _eden_chunk_array[23]=0x00000000f7890740
[2025-08-08T15:30:56.308+0000][621.955s][1][129][trace] GC(98) _eden_chunk_array[24]=0x00000000f78f70b0
[2025-08-08T15:30:56.308+0000][621.955s][1][129][trace] GC(98) _eden_chunk_array[25]=0x00000000f792d058
[2025-08-08T15:30:56.308+0000][621.955s][1][129][trace] GC(98) _eden_chunk_array[26]=0x00000000f7964c08
[2025-08-08T15:30:56.308+0000][621.955s][1][129][trace] GC(98) _eden_chunk_array[27]=0x00000000f7985bb0
[2025-08-08T15:30:56.308+0000][621.955s][1][129][trace] GC(98) _eden_chunk_array[28]=0x00000000f79ccdc8
[2025-08-08T15:30:56.308+0000][621.955s][1][129][trace] GC(98) _eden_chunk_array[29]=0x00000000f79fd778
[2025-08-08T15:30:56.308+0000][621.955s][1][129][trace] GC(98) _eden_chunk_array[30]=0x00000000f7a251b0
[2025-08-08T15:30:56.308+0000][621.955s][1][129][trace] GC(98) _eden_chunk_array[31]=0x00000000f7a8f220
[2025-08-08T15:30:56.308+0000][621.955s][1][129][trace] GC(98) _eden_chunk_array[32]=0x00000000f7abcfa0
[2025-08-08T15:30:56.308+0000][621.955s][1][129][trace] GC(98) _eden_chunk_array[33]=0x00000000f7b041c8
[2025-08-08T15:30:56.308+0000][621.955s][1][129][trace] GC(98) _eden_chunk_array[34]=0x00000000f7b32af8
[2025-08-08T15:30:56.308+0000][621.956s][1][129][trace] GC(98) _eden_chunk_array[35]=0x00000000f7b55750
[2025-08-08T15:30:56.308+0000][621.956s][1][129][trace] GC(98) _eden_chunk_array[36]=0x00000000f7b8f420
[2025-08-08T15:30:56.308+0000][621.956s][1][129][trace] GC(98) _eden_chunk_array[37]=0x00000000f7bb7128
[2025-08-08T15:30:56.308+0000][621.956s][1][129][trace] GC(98) _eden_chunk_array[38]=0x00000000f7bf9a90
[2025-08-08T15:30:56.308+0000][621.956s][1][129][trace] GC(98) _eden_chunk_array[39]=0x00000000f7c2f338
[2025-08-08T15:30:56.308+0000][621.956s][1][129][trace] GC(98) _eden_chunk_array[40]=0x00000000f7c64bd0
[2025-08-08T15:30:56.308+0000][621.956s][1][129][trace] GC(98) _eden_chunk_array[41]=0x00000000f7c9a478
[2025-08-08T15:30:56.308+0000][621.956s][1][129][trace] GC(98) _eden_chunk_array[42]=0x00000000f7ccdea0
[2025-08-08T15:30:56.308+0000][621.956s][1][129][trace] GC(98) _eden_chunk_array[43]=0x00000000f7cef8c0
[2025-08-08T15:30:56.308+0000][621.956s][1][129][trace] GC(98) _eden_chunk_array[44]=0x00000000f7d28840
[2025-08-08T15:30:56.308+0000][621.956s][1][129][trace] GC(98) _eden_chunk_array[45]=0x00000000f7d52ba0
[2025-08-08T15:30:56.308+0000][621.956s][1][129][trace] GC(98) _eden_chunk_array[46]=0x00000000f7d924a8
[2025-08-08T15:30:56.308+0000][621.956s][1][129][trace] GC(98) _eden_chunk_array[47]=0x00000000f7ddde58
[2025-08-08T15:30:56.308+0000][621.956s][1][129][trace] GC(98) _eden_chunk_array[48]=0x00000000f7e25078
[2025-08-08T15:30:56.308+0000][621.956s][1][129][trace] GC(98) _eden_chunk_array[49]=0x00000000f7e53a48
[2025-08-08T15:30:56.308+0000][621.956s][1][129][trace] GC(98) _eden_chunk_array[50]=0x00000000f7e82418
[2025-08-08T15:30:56.308+0000][621.956s][1][129][trace] GC(98) _eden_chunk_array[51]=0x00000000f7eb0de0
[2025-08-08T15:30:56.308+0000][621.956s][1][129][trace] GC(98) _eden_chunk_array[52]=0x00000000f7edf7d0
[2025-08-08T15:30:56.308+0000][621.956s][1][129][trace] GC(98) _eden_chunk_array[53]=0x00000000f7f1b0b8
[2025-08-08T15:30:56.308+0000][621.956s][1][129][trace] GC(98) _eden_chunk_array[54]=0x00000000f7f44d00
[2025-08-08T15:30:56.308+0000][621.956s][1][129][trace] GC(98) _eden_chunk_array[55]=0x00000000f7f66170
[2025-08-08T15:30:56.308+0000][621.956s][1][129][trace] GC(98) _eden_chunk_array[56]=0x00000000f7f8e538
[2025-08-08T15:30:56.308+0000][621.956s][1][129][trace] GC(98) _eden_chunk_array[57]=0x00000000f7fb15d0
[2025-08-08T15:30:56.308+0000][621.956s][1][129][trace] GC(98) _eden_chunk_array[58]=0x00000000f7fd57d0
[2025-08-08T15:30:56.308+0000][621.956s][1][129][trace] GC(98) _eden_chunk_array[59]=0x00000000f8010e90
[2025-08-08T15:30:56.308+0000][621.956s][1][129][trace] GC(98) _eden_chunk_array[60]=0x00000000f8041ae0
[2025-08-08T15:30:56.308+0000][621.956s][1][129][trace] GC(98) _eden_chunk_array[61]=0x00000000f8062088
[2025-08-08T15:30:56.308+0000][621.956s][1][129][trace] GC(98) _eden_chunk_array[62]=0x00000000f80a92a8
[2025-08-08T15:30:56.308+0000][621.956s][1][129][trace] GC(98) _eden_chunk_array[63]=0x00000000f80d7198
[2025-08-08T15:30:56.308+0000][621.956s][1][129][trace] GC(98) _eden_chunk_array[64]=0x00000000f80f80c0
[2025-08-08T15:30:56.308+0000][621.956s][1][129][trace] GC(98) _eden_chunk_array[65]=0x00000000f8125fa0
[2025-08-08T15:30:56.308+0000][621.956s][1][129][trace] GC(98) _eden_chunk_array[66]=0x00000000f8153e90
[2025-08-08T15:30:56.308+0000][621.956s][1][129][trace] GC(98) _eden_chunk_array[67]=0x00000000f8174ae8
[2025-08-08T15:30:56.308+0000][621.956s][1][129][trace] GC(98) _eden_chunk_array[68]=0x00000000f819b990
[2025-08-08T15:30:56.308+0000][621.956s][1][129][trace] GC(98) _eden_chunk_array[69]=0x00000000f81bba80
[2025-08-08T15:30:56.308+0000][621.956s][1][129][trace] GC(98) _eden_chunk_array[70]=0x00000000f820f900
[2025-08-08T15:30:56.308+0000][621.956s][1][129][trace] GC(98) _eden_chunk_array[71]=0x00000000f823d620
[2025-08-08T15:30:56.308+0000][621.956s][1][129][trace] GC(98) _eden_chunk_array[72]=0x00000000f8262ba8
[2025-08-08T15:30:56.308+0000][621.956s][1][129][trace] GC(98) _eden_chunk_array[73]=0x00000000f82ab2f8
[2025-08-08T15:30:56.308+0000][621.956s][1][129][trace] GC(98) _eden_chunk_array[74]=0x00000000f8311588
[2025-08-08T15:30:56.308+0000][621.956s][1][129][trace] GC(98) _eden_chunk_array[75]=0x00000000f834f680
[2025-08-08T15:30:56.309+0000][621.956s][1][129][trace] GC(98) _eden_chunk_array[76]=0x00000000f8373c00
[2025-08-08T15:30:56.309+0000][621.956s][1][129][trace] GC(98) _eden_chunk_array[77]=0x00000000f83b1d38
[2025-08-08T15:30:56.309+0000][621.956s][1][129][trace] GC(98) _eden_chunk_array[78]=0x00000000f83d29e0
[2025-08-08T15:30:56.309+0000][621.956s][1][129][trace] GC(98) _eden_chunk_array[79]=0x00000000f843d9b0
[2025-08-08T15:30:56.309+0000][621.956s][1][129][trace] GC(98) _eden_chunk_array[80]=0x00000000f8470448
[2025-08-08T15:30:56.309+0000][621.956s][1][129][trace] GC(98) _eden_chunk_array[81]=0x00000000f8494218
[2025-08-08T15:30:56.309+0000][621.956s][1][129][trace] GC(98) _eden_chunk_array[82]=0x00000000f84b46a0
[2025-08-08T15:30:56.309+0000][621.956s][1][129][trace] GC(98) _eden_chunk_array[83]=0x00000000f84df640
[2025-08-08T15:30:56.309+0000][621.956s][1][129][trace] GC(98) _eden_chunk_array[84]=0x00000000f8503248
[2025-08-08T15:30:56.309+0000][621.956s][1][129][trace] GC(98) _eden_chunk_array[85]=0x00000000f8525dd0
[2025-08-08T15:30:56.309+0000][621.956s][1][129][trace] GC(98) _eden_chunk_array[86]=0x00000000f8549fb0
[2025-08-08T15:30:56.309+0000][621.956s][1][129][trace] GC(98) _eden_chunk_array[87]=0x00000000f8593700
[2025-08-08T15:30:56.309+0000][621.956s][1][129][trace] GC(98) _eden_chunk_array[88]=0x00000000f85b6e98
[2025-08-08T15:30:56.309+0000][621.956s][1][129][trace] GC(98) _eden_chunk_array[89]=0x00000000f85da628
[2025-08-08T15:30:56.309+0000][621.956s][1][129][trace] GC(98) _eden_chunk_array[90]=0x00000000f8637ba0
[2025-08-08T15:30:56.309+0000][621.956s][1][129][trace] GC(98) _eden_chunk_array[91]=0x00000000f865b350
[2025-08-08T15:30:56.309+0000][621.956s][1][129][trace] GC(98) _eden_chunk_array[92]=0x00000000f867eaf8
[2025-08-08T15:30:56.309+0000][621.956s][1][129][trace] GC(98) _eden_chunk_array[93]=0x00000000f86a22b0
[2025-08-08T15:30:56.309+0000][621.956s][1][129][trace] GC(98) _eden_chunk_array[94]=0x00000000f86ce2b8
[2025-08-08T15:30:56.309+0000][621.956s][1][129][trace] GC(98) _eden_chunk_array[95]=0x00000000f871be30
[2025-08-08T15:30:56.309+0000][621.956s][1][129][trace] GC(98) _eden_chunk_array[96]=0x00000000f873c650
[2025-08-08T15:30:56.309+0000][621.956s][1][129][trace] GC(98) _eden_chunk_array[97]=0x00000000f877a548
[2025-08-08T15:30:56.309+0000][621.956s][1][129][trace] GC(98) _eden_chunk_array[98]=0x00000000f87ab198
[2025-08-08T15:30:56.309+0000][621.956s][1][129][trace] GC(98) _eden_chunk_array[99]=0x00000000f87cdba8
[2025-08-08T15:30:56.309+0000][621.956s][1][129][trace] GC(98) _eden_chunk_array[100]=0x00000000f87ff268
[2025-08-08T15:30:56.309+0000][621.956s][1][129][trace] GC(98) _eden_chunk_array[101]=0x00000000f8820d80
[2025-08-08T15:30:56.309+0000][621.956s][1][129][trace] GC(98) _eden_chunk_array[102]=0x00000000f885e7f8
[2025-08-08T15:30:56.309+0000][621.956s][1][129][trace] GC(98) _eden_chunk_array[103]=0x00000000f88976c8
[2025-08-08T15:30:56.309+0000][621.956s][1][129][trace] GC(98) _eden_chunk_array[104]=0x00000000f88e3080
[2025-08-08T15:30:56.309+0000][621.956s][1][129][trace] GC(98) _eden_chunk_array[105]=0x00000000f8910f80
[2025-08-08T15:30:56.309+0000][621.956s][1][129][trace] GC(98) _eden_chunk_array[106]=0x00000000f893eeb0
[2025-08-08T15:30:56.309+0000][621.956s][1][129][trace] GC(98) _eden_chunk_array[107]=0x00000000f89a4ac8
[2025-08-08T15:30:56.309+0000][621.956s][1][129][trace] GC(98) _eden_chunk_array[108]=0x00000000f89cb8e0
[2025-08-08T15:30:56.309+0000][621.956s][1][129][trace] GC(98) _eden_chunk_array[109]=0x00000000f89ec060
[2025-08-08T15:30:56.309+0000][621.956s][1][129][trace] GC(98) _eden_chunk_array[110]=0x00000000f8a448d8
[2025-08-08T15:30:56.309+0000][621.956s][1][129][trace] GC(98) _eden_chunk_array[111]=0x00000000f8a6cea8
[2025-08-08T15:30:56.309+0000][621.956s][1][129][trace] GC(98) _eden_chunk_array[112]=0x00000000f8a9c180
[2025-08-08T15:30:56.309+0000][621.956s][1][129][trace] GC(98) _eden_chunk_array[113]=0x00000000f8abe1a8
[2025-08-08T15:30:56.309+0000][621.956s][1][129][trace] GC(98) _eden_chunk_array[114]=0x00000000f8af4148
[2025-08-08T15:30:56.309+0000][621.956s][1][129][trace] GC(98) _eden_chunk_array[115]=0x00000000f8b5a148
[2025-08-08T15:30:56.309+0000][621.956s][1][129][trace] GC(98) _eden_chunk_array[116]=0x00000000f8ba1368
[2025-08-08T15:30:56.309+0000][621.956s][1][129][trace] GC(98) _eden_chunk_array[117]=0x00000000f8bdf490
[2025-08-08T15:30:56.309+0000][621.956s][1][129][trace] GC(98) _eden_chunk_array[118]=0x00000000f8c1d598
[2025-08-08T15:30:56.309+0000][621.956s][1][129][trace] GC(98) _eden_chunk_array[119]=0x00000000f8c5b698
[2025-08-08T15:30:56.309+0000][621.956s][1][129][trace] GC(98) _eden_chunk_array[120]=0x00000000f8c7b880
[2025-08-08T15:30:56.309+0000][621.956s][1][129][trace] GC(98) _eden_chunk_array[121]=0x00000000f8cad368
[2025-08-08T15:30:56.309+0000][621.956s][1][129][trace] GC(98) _eden_chunk_array[122]=0x00000000f8ccde78
[2025-08-08T15:30:56.309+0000][621.956s][1][129][trace] GC(98) _eden_chunk_array[123]=0x00000000f8cf5a38
[2025-08-08T15:30:56.309+0000][621.956s][1][129][trace] GC(98) _eden_chunk_array[124]=0x00000000f8d26178
[2025-08-08T15:30:56.309+0000][621.956s][1][129][trace] GC(98) _eden_chunk_array[125]=0x00000000f8d49900
[2025-08-08T15:30:56.309+0000][621.956s][1][129][trace] GC(98) _eden_chunk_array[126]=0x00000000f8d8b1f8
[2025-08-08T15:30:56.309+0000][621.956s][1][129][trace] GC(98) _eden_chunk_array[127]=0x00000000f8db2f10
[2025-08-08T15:30:56.309+0000][621.956s][1][129][trace] GC(98) _eden_chunk_array[128]=0x00000000f8de18e0
[2025-08-08T15:30:56.309+0000][621.956s][1][129][trace] GC(98) _eden_chunk_array[129]=0x00000000f8e18b48
[2025-08-08T15:30:56.309+0000][621.956s][1][129][trace] GC(98) _eden_chunk_array[130]=0x00000000f8e6f270
[2025-08-08T15:30:56.309+0000][621.956s][1][129][trace] GC(98) _eden_chunk_array[131]=0x00000000f8ebac10
[2025-08-08T15:30:56.309+0000][621.956s][1][129][trace] GC(98) _eden_chunk_array[132]=0x00000000f8f065c8
[2025-08-08T15:30:56.309+0000][621.956s][1][129][trace] GC(98) _eden_chunk_array[133]=0x00000000f8f51f80
[2025-08-08T15:30:56.309+0000][621.956s][1][129][trace] GC(98) _eden_chunk_array[134]=0x00000000f8f72620
[2025-08-08T15:30:56.309+0000][621.956s][1][129][trace] GC(98) _eden_chunk_array[135]=0x00000000f8fa4040
[2025-08-08T15:30:56.309+0000][621.956s][1][129][trace] GC(98) _eden_chunk_array[136]=0x00000000f8fc4d88
[2025-08-08T15:30:56.309+0000][621.956s][1][129][trace] GC(98) _eden_chunk_array[137]=0x00000000f8fec538
[2025-08-08T15:30:56.309+0000][621.956s][1][129][trace] GC(98) _eden_chunk_array[138]=0x00000000f902a638
[2025-08-08T15:30:56.309+0000][621.956s][1][129][trace] GC(98) _eden_chunk_array[139]=0x00000000f9058bc8
[2025-08-08T15:30:56.309+0000][621.956s][1][129][trace] GC(98) _eden_chunk_array[140]=0x00000000f9091800
[2025-08-08T15:30:56.309+0000][621.956s][1][129][trace] GC(98) _eden_chunk_array[141]=0x00000000f90dd1b8
[2025-08-08T15:30:56.309+0000][621.956s][1][129][trace] GC(98) _eden_chunk_array[142]=0x00000000f91409f8
[2025-08-08T15:30:56.309+0000][621.956s][1][129][trace] GC(98) _eden_chunk_array[143]=0x00000000f9179640
[2025-08-08T15:30:56.309+0000][621.956s][1][129][trace] GC(98) _eden_chunk_array[144]=0x00000000f91b3fe8
[2025-08-08T15:30:56.309+0000][621.956s][1][129][trace] GC(98) _eden_chunk_array[145]=0x00000000f91d5010
[2025-08-08T15:30:56.309+0000][621.956s][1][129][trace] GC(98) _eden_chunk_array[146]=0x00000000f91f5710
[2025-08-08T15:30:56.309+0000][621.956s][1][129][trace] GC(98) _eden_chunk_array[147]=0x00000000f92174a0
[2025-08-08T15:30:56.309+0000][621.956s][1][129][trace] GC(98) _eden_chunk_array[148]=0x00000000f9237f28
[2025-08-08T15:30:56.309+0000][621.956s][1][129][trace] GC(98) _eden_chunk_array[149]=0x00000000f9268880
[2025-08-08T15:30:56.309+0000][621.956s][1][129][trace] GC(98) _eden_chunk_array[150]=0x00000000f92b4220
[2025-08-08T15:30:56.309+0000][621.956s][1][129][trace] GC(98) _eden_chunk_array[151]=0x00000000f92d8e90
[2025-08-08T15:30:56.309+0000][621.956s][1][129][trace] GC(98) _eden_chunk_array[152]=0x00000000f9336e68
[2025-08-08T15:30:56.309+0000][621.956s][1][129][trace] GC(98) _eden_chunk_array[153]=0x00000000f936ce70
[2025-08-08T15:30:56.309+0000][621.956s][1][129][trace] GC(98) _eden_chunk_array[154]=0x00000000f93b8810
[2025-08-08T15:30:56.309+0000][621.956s][1][129][trace] GC(98) _eden_chunk_array[155]=0x00000000f93ffa18
[2025-08-08T15:30:56.309+0000][621.956s][1][129][trace] GC(98) _eden_chunk_array[156]=0x00000000f94267a0
[2025-08-08T15:30:56.309+0000][621.956s][1][129][trace] GC(98) _eden_chunk_array[157]=0x00000000f944e4b0
[2025-08-08T15:30:56.309+0000][621.956s][1][129][trace] GC(98) _eden_chunk_array[158]=0x00000000f94761c0
[2025-08-08T15:30:56.309+0000][621.956s][1][129][trace] GC(98) _eden_chunk_array[159]=0x00000000f94984d0
[2025-08-08T15:30:56.309+0000][621.956s][1][129][trace] GC(98) _eden_chunk_array[160]=0x00000000f94c9400
[2025-08-08T15:30:56.309+0000][621.956s][1][129][trace] GC(98) _eden_chunk_array[161]=0x00000000f94f6a80
[2025-08-08T15:30:56.309+0000][621.956s][1][129][trace] GC(98) _eden_chunk_array[162]=0x00000000f9520dc8
[2025-08-08T15:30:56.309+0000][621.956s][1][129][trace] GC(98) _eden_chunk_array[163]=0x00000000f954ecc8
[2025-08-08T15:30:56.309+0000][621.956s][1][129][trace] GC(98) _eden_chunk_array[164]=0x00000000f95aece8
[2025-08-08T15:30:56.309+0000][621.956s][1][129][trace] GC(98) _eden_chunk_array[165]=0x00000000f95dfd08
[2025-08-08T15:30:56.309+0000][621.956s][1][129][trace] GC(98) _eden_chunk_array[166]=0x00000000f9606700
[2025-08-08T15:30:56.309+0000][621.956s][1][129][trace] GC(98) _eden_chunk_array[167]=0x00000000f9628230
[2025-08-08T15:30:56.309+0000][621.956s][1][129][trace] GC(98) _eden_chunk_array[168]=0x00000000f968de50
[2025-08-08T15:30:56.309+0000][621.956s][1][129][trace] GC(98) _eden_chunk_array[169]=0x00000000f96bbd38
[2025-08-08T15:30:56.309+0000][621.956s][1][129][trace] GC(98) _eden_chunk_array[170]=0x00000000f96dc330
[2025-08-08T15:30:56.309+0000][621.956s][1][129][trace] GC(98) _eden_chunk_array[171]=0x00000000f9707340
[2025-08-08T15:30:56.309+0000][621.956s][1][129][trace] GC(98) _eden_chunk_array[172]=0x00000000f972e680
[2025-08-08T15:30:56.309+0000][621.956s][1][129][trace] GC(98) _eden_chunk_array[173]=0x00000000f97549f0
[2025-08-08T15:30:56.309+0000][621.956s][1][129][trace] GC(98) _eden_chunk_array[174]=0x00000000f97a8820
[2025-08-08T15:30:56.309+0000][621.956s][1][129][trace] GC(98) _eden_chunk_array[175]=0x00000000f97d3398
[2025-08-08T15:30:56.309+0000][621.956s][1][129][trace] GC(98) _eden_chunk_array[176]=0x00000000f97fdf80
[2025-08-08T15:30:56.309+0000][621.956s][1][129][trace] GC(98) _eden_chunk_array[177]=0x00000000f982e178
[2025-08-08T15:30:56.309+0000][621.956s][1][129][trace] GC(98) _eden_chunk_array[178]=0x00000000f9867ce0
[2025-08-08T15:30:56.309+0000][621.956s][1][129][trace] GC(98) _eden_chunk_array[179]=0x00000000f9895300
[2025-08-08T15:30:56.309+0000][621.956s][1][129][trace] GC(98) _eden_chunk_array[180]=0x00000000f98bd008
[2025-08-08T15:30:56.309+0000][621.956s][1][129][trace] GC(98) _eden_chunk_array[181]=0x00000000f98f2fb8
[2025-08-08T15:30:56.309+0000][621.956s][1][129][trace] GC(98) _eden_chunk_array[182]=0x00000000f991acd0
[2025-08-08T15:30:56.309+0000][621.956s][1][129][trace] GC(98) _eden_chunk_array[183]=0x00000000f9961bd8
[2025-08-08T15:30:56.309+0000][621.956s][1][129][trace] GC(98) _eden_chunk_array[184]=0x00000000f9997b80
[2025-08-08T15:30:56.309+0000][621.956s][1][129][trace] GC(98) _eden_chunk_array[185]=0x00000000f99cdb20
[2025-08-08T15:30:56.309+0000][621.956s][1][129][trace] GC(98) _eden_chunk_array[186]=0x00000000f99edb80
[2025-08-08T15:30:56.309+0000][621.956s][1][129][trace] GC(98) _eden_chunk_array[187]=0x00000000f9a0f7d0
[2025-08-08T15:30:56.309+0000][621.956s][1][129][trace] GC(98) _eden_chunk_array[188]=0x00000000f9a60a40
[2025-08-08T15:30:56.309+0000][621.956s][1][129][trace] GC(98) _eden_chunk_array[189]=0x00000000f9a8ad70
[2025-08-08T15:30:56.309+0000][621.956s][1][129][trace] GC(98) _eden_chunk_array[190]=0x00000000f9ad16f0
[2025-08-08T15:30:56.309+0000][621.956s][1][129][trace] GC(98) _eden_chunk_array[191]=0x00000000f9afba48
[2025-08-08T15:30:56.309+0000][621.956s][1][129][trace] GC(98) _eden_chunk_array[192]=0x00000000f9b42c60
[2025-08-08T15:30:56.309+0000][621.956s][1][129][trace] GC(98) _eden_chunk_array[193]=0x00000000f9b70b60
[2025-08-08T15:30:56.309+0000][621.956s][1][129][trace] GC(98) _eden_chunk_array[194]=0x00000000f9b9ea70
[2025-08-08T15:30:56.309+0000][621.956s][1][129][trace] GC(98) _eden_chunk_array[195]=0x00000000f9bcc968
[2025-08-08T15:30:56.309+0000][621.956s][1][129][trace] GC(98) _eden_chunk_array[196]=0x00000000f9bfa870
[2025-08-08T15:30:56.309+0000][621.956s][1][129][trace] GC(98) _eden_chunk_array[197]=0x00000000f9c28768
[2025-08-08T15:30:56.309+0000][621.956s][1][129][trace] GC(98) _eden_chunk_array[198]=0x00000000f9c48e68
[2025-08-08T15:30:56.309+0000][621.956s][1][129][trace] GC(98) _eden_chunk_array[199]=0x00000000f9c74180
[2025-08-08T15:30:56.309+0000][621.956s][1][129][trace] GC(98) _eden_chunk_array[200]=0x00000000f9c985c0
[2025-08-08T15:30:56.309+0000][621.956s][1][129][trace] GC(98) _eden_chunk_array[201]=0x00000000f9ce9f48
[2025-08-08T15:30:56.309+0000][621.956s][1][129][trace] GC(98) _eden_chunk_array[202]=0x00000000f9d12820
[2025-08-08T15:30:56.309+0000][621.956s][1][129][trace] GC(98) _eden_chunk_array[203]=0x00000000f9d4b4a0
[2025-08-08T15:30:56.309+0000][621.956s][1][129][trace] GC(98) _eden_chunk_array[204]=0x00000000f9d840e8
[2025-08-08T15:30:56.309+0000][621.956s][1][129][trace] GC(98) _eden_chunk_array[205]=0x00000000f9dbf798
[2025-08-08T15:30:56.309+0000][621.956s][1][129][trace] GC(98) _eden_chunk_array[206]=0x00000000f9dfae38
[2025-08-08T15:30:56.309+0000][621.956s][1][129][trace] GC(98) _eden_chunk_array[207]=0x00000000f9e33a88
[2025-08-08T15:30:56.309+0000][621.956s][1][129][trace] GC(98) _eden_chunk_array[208]=0x00000000f9e54b10
[2025-08-08T15:30:56.309+0000][621.956s][1][129][trace] GC(98) _eden_chunk_array[209]=0x00000000f9eb6cf8
[2025-08-08T15:30:56.309+0000][621.956s][1][129][trace] GC(98) _eden_chunk_array[210]=0x00000000f9f1d658
[2025-08-08T15:30:56.309+0000][621.957s][1][129][trace] GC(98) _eden_chunk_array[211]=0x00000000f9f3ff08
[2025-08-08T15:30:56.309+0000][621.957s][1][129][trace] GC(98) _eden_chunk_array[212]=0x00000000f9f60798
[2025-08-08T15:30:56.309+0000][621.957s][1][129][trace] GC(98) _eden_chunk_array[213]=0x00000000f9f8ddd0
[2025-08-08T15:30:56.309+0000][621.957s][1][129][trace] GC(98) _eden_chunk_array[214]=0x00000000f9fb78f8
[2025-08-08T15:30:56.309+0000][621.957s][1][129][trace] GC(98) _eden_chunk_array[215]=0x00000000f9fe9b10
[2025-08-08T15:30:56.309+0000][621.957s][1][129][trace] GC(98) _eden_chunk_array[216]=0x00000000fa013e58
[2025-08-08T15:30:56.309+0000][621.957s][1][129][trace] GC(98) _eden_chunk_array[217]=0x00000000fa03bb70
[2025-08-08T15:30:56.309+0000][621.957s][1][129][trace] GC(98) _eden_chunk_array[218]=0x00000000fa063890
[2025-08-08T15:30:56.309+0000][621.957s][1][129][trace] GC(98) _eden_chunk_array[219]=0x00000000fa0aaab0
[2025-08-08T15:30:56.309+0000][621.957s][1][129][trace] GC(98) _eden_chunk_array[220]=0x00000000fa0e2618
[2025-08-08T15:30:56.309+0000][621.957s][1][129][trace] GC(98) _eden_chunk_array[221]=0x00000000fa1185b0
[2025-08-08T15:30:56.309+0000][621.957s][1][129][trace] GC(98) _eden_chunk_array[222]=0x00000000fa14e7f0
[2025-08-08T15:30:56.309+0000][621.957s][1][129][trace] GC(98) _eden_chunk_array[223]=0x00000000fa184790
[2025-08-08T15:30:56.309+0000][621.957s][1][129][trace] GC(98) _eden_chunk_array[224]=0x00000000fa1aa238
[2025-08-08T15:30:56.309+0000][621.957s][1][129][trace] GC(98) _eden_chunk_array[225]=0x00000000fa1d0718
[2025-08-08T15:30:56.309+0000][621.957s][1][129][trace] GC(98) _eden_chunk_array[226]=0x00000000fa1f12b8
[2025-08-08T15:30:56.309+0000][621.957s][1][129][trace] GC(98) _eden_chunk_array[227]=0x00000000fa240490
[2025-08-08T15:30:56.309+0000][621.957s][1][129][trace] GC(98) _eden_chunk_array[228]=0x00000000fa270f58
[2025-08-08T15:30:56.309+0000][621.957s][1][129][trace] GC(98) _eden_chunk_array[229]=0x00000000fa2a35c0
[2025-08-08T15:30:56.309+0000][621.957s][1][129][trace] GC(98) _eden_chunk_array[230]=0x00000000fa2c77a0
[2025-08-08T15:30:56.309+0000][621.957s][1][129][trace] GC(98) _eden_chunk_array[231]=0x00000000fa2ebd18
[2025-08-08T15:30:56.309+0000][621.957s][1][129][trace] GC(98) _eden_chunk_array[232]=0x00000000fa310298
[2025-08-08T15:30:56.309+0000][621.957s][1][129][trace] GC(98) _eden_chunk_array[233]=0x00000000fa3574b0
[2025-08-08T15:30:56.309+0000][621.957s][1][129][trace] GC(98) _eden_chunk_array[234]=0x00000000fa378140
[2025-08-08T15:30:56.310+0000][621.957s][1][129][trace] GC(98) _eden_chunk_array[235]=0x00000000fa3b6240
[2025-08-08T15:30:56.310+0000][621.957s][1][129][trace] GC(98) _eden_chunk_array[236]=0x00000000fa3f4350
[2025-08-08T15:30:56.310+0000][621.957s][1][129][trace] GC(98) _eden_chunk_array[237]=0x00000000fa432458
[2025-08-08T15:30:56.310+0000][621.957s][1][129][trace] GC(98) _eden_chunk_array[238]=0x00000000fa452778
[2025-08-08T15:30:56.310+0000][621.957s][1][129][trace] GC(98) _eden_chunk_array[239]=0x00000000fa472900
[2025-08-08T15:30:56.310+0000][621.957s][1][129][trace] GC(98) _eden_chunk_array[240]=0x00000000fa4c57b0
[2025-08-08T15:30:56.310+0000][621.957s][1][129][trace] GC(98) _eden_chunk_array[241]=0x00000000fa4f9720
[2025-08-08T15:30:56.310+0000][621.957s][1][129][trace] GC(98) _eden_chunk_array[242]=0x00000000fa523aa8
[2025-08-08T15:30:56.310+0000][621.957s][1][129][trace] GC(98) _eden_chunk_array[243]=0x00000000fa544b70
[2025-08-08T15:30:56.310+0000][621.957s][1][129][trace] GC(98) _eden_chunk_array[244]=0x00000000fa57c420
[2025-08-08T15:30:56.310+0000][621.957s][1][129][trace] GC(98) _eden_chunk_array[245]=0x00000000fa5b2030
[2025-08-08T15:30:56.310+0000][621.957s][1][129][trace] GC(98) _eden_chunk_array[246]=0x00000000fa5f9248
[2025-08-08T15:30:56.310+0000][621.957s][1][129][trace] GC(98) _eden_chunk_array[247]=0x00000000fa62f1c8
[2025-08-08T15:30:56.310+0000][621.957s][1][129][trace] GC(98) _eden_chunk_array[248]=0x00000000fa665150
[2025-08-08T15:30:56.310+0000][621.957s][1][129][trace] GC(98) _eden_chunk_array[249]=0x00000000fa69b110
[2025-08-08T15:30:56.310+0000][621.957s][1][129][trace] GC(98) _eden_chunk_array[250]=0x00000000fa6d10b0
[2025-08-08T15:30:56.310+0000][621.957s][1][129][trace] GC(98) _eden_chunk_array[251]=0x00000000fa6f3ae0
[2025-08-08T15:30:56.310+0000][621.957s][1][129][trace] GC(98) _eden_chunk_array[252]=0x00000000fa714e68
[2025-08-08T15:30:56.310+0000][621.957s][1][129][trace] GC(98) _eden_chunk_array[253]=0x00000000fa760e88
[2025-08-08T15:30:56.310+0000][621.957s][1][129][trace] GC(98) _eden_chunk_array[254]=0x00000000fa796470
[2025-08-08T15:30:56.310+0000][621.957s][1][129][trace] GC(98) _eden_chunk_array[255]=0x00000000fa7b9c58
[2025-08-08T15:30:56.310+0000][621.957s][1][129][trace] GC(98) _eden_chunk_array[256]=0x00000000fa8009f0
[2025-08-08T15:30:56.310+0000][621.957s][1][129][trace] GC(98) _eden_chunk_array[257]=0x00000000fa821fc8
[2025-08-08T15:30:56.310+0000][621.957s][1][129][trace] GC(98) _eden_chunk_array[258]=0x00000000fa84fed0
[2025-08-08T15:30:56.310+0000][621.957s][1][129][trace] GC(98) _eden_chunk_array[259]=0x00000000fa87ddc8
[2025-08-08T15:30:56.310+0000][621.957s][1][129][trace] GC(98) _eden_chunk_array[260]=0x00000000fa8d8c60
[2025-08-08T15:30:56.310+0000][621.957s][1][129][trace] GC(98) _eden_chunk_array[261]=0x00000000fa906b38
[2025-08-08T15:30:56.310+0000][621.957s][1][129][trace] GC(98) _eden_chunk_array[262]=0x00000000fa934a68
[2025-08-08T15:30:56.310+0000][621.957s][1][129][trace] GC(98) _eden_chunk_array[263]=0x00000000fa955138
[2025-08-08T15:30:56.310+0000][621.957s][1][129][trace] GC(98) _eden_chunk_array[264]=0x00000000fa9a3020
[2025-08-08T15:30:56.310+0000][621.957s][1][129][trace] GC(98) _eden_chunk_array[265]=0x00000000fa9ca970
[2025-08-08T15:30:56.310+0000][621.957s][1][129][trace] GC(98) _eden_chunk_array[266]=0x00000000fa9eb948
[2025-08-08T15:30:56.310+0000][621.957s][1][129][trace] GC(98) _eden_chunk_array[267]=0x00000000faa22858
[2025-08-08T15:30:56.310+0000][621.957s][1][129][trace] GC(98) _eden_chunk_array[268]=0x00000000faa5b488
[2025-08-08T15:30:56.310+0000][621.957s][1][129][trace] GC(98) _eden_chunk_array[269]=0x00000000faa80948
[2025-08-08T15:30:56.310+0000][621.957s][1][129][trace] GC(98) _eden_chunk_array[270]=0x00000000faaa2468
[2025-08-08T15:30:56.310+0000][621.957s][1][129][trace] GC(98) _eden_chunk_array[271]=0x00000000faad0370
[2025-08-08T15:30:56.310+0000][621.957s][1][129][trace] GC(98) _eden_chunk_array[272]=0x00000000fab1bd20
[2025-08-08T15:30:56.310+0000][621.957s][1][129][trace] GC(98) _eden_chunk_array[273]=0x00000000fab41778
[2025-08-08T15:30:56.310+0000][621.957s][1][129][trace] GC(98) _eden_chunk_array[274]=0x00000000faba35d8
[2025-08-08T15:30:56.310+0000][621.957s][1][129][trace] GC(98) _eden_chunk_array[275]=0x00000000fabc3b90
[2025-08-08T15:30:56.310+0000][621.957s][1][129][trace] GC(98) _eden_chunk_array[276]=0x00000000fabf1ac0
[2025-08-08T15:30:56.310+0000][621.957s][1][129][trace] GC(98) _eden_chunk_array[277]=0x00000000fac1f9c0
[2025-08-08T15:30:56.310+0000][621.957s][1][129][trace] GC(98) _eden_chunk_array[278]=0x00000000fac43458
[2025-08-08T15:30:56.310+0000][621.957s][1][129][trace] GC(98) _eden_chunk_array[279]=0x00000000fac664a0
[2025-08-08T15:30:56.310+0000][621.957s][1][129][trace] GC(98) _eden_chunk_array[280]=0x00000000faca8880
[2025-08-08T15:30:56.310+0000][621.957s][1][129][trace] GC(98) _eden_chunk_array[281]=0x00000000facdfad8
[2025-08-08T15:30:56.310+0000][621.957s][1][129][trace] GC(98) _eden_chunk_array[282]=0x00000000fad04058
[2025-08-08T15:30:56.310+0000][621.957s][1][129][trace] GC(98) _eden_chunk_array[283]=0x00000000fad3c618
[2025-08-08T15:30:56.310+0000][621.957s][1][129][trace] GC(98) _eden_chunk_array[284]=0x00000000fad83830
[2025-08-08T15:30:56.310+0000][621.957s][1][129][trace] GC(98) _eden_chunk_array[285]=0x00000000fadebdb8
[2025-08-08T15:30:56.310+0000][621.957s][1][129][trace] GC(98) _eden_chunk_array[286]=0x00000000fae21d50
[2025-08-08T15:30:56.310+0000][621.957s][1][129][trace] GC(98) _eden_chunk_array[287]=0x00000000fae57cf0
[2025-08-08T15:30:56.310+0000][621.957s][1][129][trace] GC(98) _eden_chunk_array[288]=0x00000000fae78468
[2025-08-08T15:30:56.310+0000][621.957s][1][129][trace] GC(98) _eden_chunk_array[289]=0x00000000faebf670
[2025-08-08T15:30:56.310+0000][621.957s][1][129][trace] GC(98) _eden_chunk_array[290]=0x00000000faee8840
[2025-08-08T15:30:56.310+0000][621.957s][1][129][trace] GC(98) _eden_chunk_array[291]=0x00000000faf08cc0
[2025-08-08T15:30:56.310+0000][621.957s][1][129][trace] GC(98) _eden_chunk_array[292]=0x00000000faf34878
[2025-08-08T15:30:56.310+0000][621.957s][1][129][trace] GC(98) _eden_chunk_array[293]=0x00000000faf62f18
[2025-08-08T15:30:56.310+0000][621.957s][1][129][trace] GC(98) _eden_chunk_array[294]=0x00000000faf8d3f8
[2025-08-08T15:30:56.310+0000][621.957s][1][129][trace] GC(98) _eden_chunk_array[295]=0x00000000fafb3e08
[2025-08-08T15:30:56.310+0000][621.957s][1][129][trace] GC(98) _eden_chunk_array[296]=0x00000000fafd9f00
[2025-08-08T15:30:56.310+0000][621.957s][1][129][trace] GC(98) _eden_chunk_array[297]=0x00000000faffd078
[2025-08-08T15:30:56.310+0000][621.957s][1][129][trace] GC(98) _eden_chunk_array[298]=0x00000000fb04faa0
[2025-08-08T15:30:56.310+0000][621.957s][1][129][trace] GC(98) _eden_chunk_array[299]=0x00000000fb0b1978
[2025-08-08T15:30:56.310+0000][621.957s][1][129][trace] GC(98) _eden_chunk_array[300]=0x00000000fb0e7908
[2025-08-08T15:30:56.310+0000][621.957s][1][129][trace] GC(98) _eden_chunk_array[301]=0x00000000fb11d890
[2025-08-08T15:30:56.310+0000][621.957s][1][129][trace] GC(98) _eden_chunk_array[302]=0x00000000fb153840
[2025-08-08T15:30:56.310+0000][621.957s][1][129][trace] GC(98) _eden_chunk_array[303]=0x00000000fb1897d0
[2025-08-08T15:30:56.310+0000][621.957s][1][129][trace] GC(98) _eden_chunk_array[304]=0x00000000fb1b2e50
[2025-08-08T15:30:56.310+0000][621.957s][1][129][trace] GC(98) _eden_chunk_array[305]=0x00000000fb1d2fa8
[2025-08-08T15:30:56.310+0000][621.957s][1][129][trace] GC(98) _eden_chunk_array[306]=0x00000000fb205b90
[2025-08-08T15:30:56.310+0000][621.957s][1][129][trace] GC(98) _eden_chunk_array[307]=0x00000000fb228c20
[2025-08-08T15:30:56.310+0000][621.957s][1][129][trace] GC(98) _eden_chunk_array[308]=0x00000000fb252f78
[2025-08-08T15:30:56.310+0000][621.957s][1][129][trace] GC(98) _eden_chunk_array[309]=0x00000000fb2bd9b8
[2025-08-08T15:30:56.310+0000][621.957s][1][129][trace] GC(98) _eden_chunk_array[310]=0x00000000fb304bd0
[2025-08-08T15:30:56.310+0000][621.957s][1][129][trace] GC(98) _eden_chunk_array[311]=0x00000000fb326870
[2025-08-08T15:30:56.310+0000][621.957s][1][129][trace] GC(98) _eden_chunk_array[312]=0x00000000fb34b4d0
[2025-08-08T15:30:56.310+0000][621.957s][1][129][trace] GC(98) _eden_chunk_array[313]=0x00000000fb370130
[2025-08-08T15:30:56.310+0000][621.957s][1][129][trace] GC(98) _eden_chunk_array[314]=0x00000000fb394dc8
[2025-08-08T15:30:56.310+0000][621.957s][1][129][trace] GC(98) _eden_chunk_array[315]=0x00000000fb3b9a48
[2025-08-08T15:30:56.310+0000][621.957s][1][129][trace] GC(98) _eden_chunk_array[316]=0x00000000fb3de6a0
[2025-08-08T15:30:56.310+0000][621.957s][1][129][trace] GC(98) _eden_chunk_array[317]=0x00000000fb415270
[2025-08-08T15:30:56.310+0000][621.957s][1][129][trace] GC(98) _eden_chunk_array[318]=0x00000000fb4494c0
[2025-08-08T15:30:56.310+0000][621.957s][1][129][trace] GC(98) _eden_chunk_array[319]=0x00000000fb46db38
[2025-08-08T15:30:56.310+0000][621.957s][1][129][trace] GC(98) _eden_chunk_array[320]=0x00000000fb490698
[2025-08-08T15:30:56.310+0000][621.957s][1][129][trace] GC(98) _eden_chunk_array[321]=0x00000000fb4b4c10
[2025-08-08T15:30:56.310+0000][621.957s][1][129][trace] GC(98) _eden_chunk_array[322]=0x00000000fb4d7d10
[2025-08-08T15:30:56.310+0000][621.957s][1][129][trace] GC(98) _eden_chunk_array[323]=0x00000000fb510950
[2025-08-08T15:30:56.310+0000][621.957s][1][129][trace] GC(98) _eden_chunk_array[324]=0x00000000fb534ec0
[2025-08-08T15:30:56.310+0000][621.957s][1][129][trace] GC(98) _eden_chunk_array[325]=0x00000000fb5585a0
[2025-08-08T15:30:56.310+0000][621.957s][1][129][trace] GC(98) _eden_chunk_array[326]=0x00000000fb5911e8
[2025-08-08T15:30:56.310+0000][621.957s][1][129][trace] GC(98) _eden_chunk_array[327]=0x00000000fb5c9e40
[2025-08-08T15:30:56.310+0000][621.957s][1][129][trace] GC(98) _eden_chunk_array[328]=0x00000000fb6173a8
[2025-08-08T15:30:56.310+0000][621.957s][1][129][trace] GC(98) _eden_chunk_array[329]=0x00000000fb672600
[2025-08-08T15:30:56.310+0000][621.957s][1][129][trace] GC(98) _eden_chunk_array[330]=0x00000000fb6a04c0
[2025-08-08T15:30:56.310+0000][621.957s][1][129][trace] GC(98) _eden_chunk_array[331]=0x00000000fb6ecbc8
[2025-08-08T15:30:56.310+0000][621.957s][1][129][trace] GC(98) _eden_chunk_array[332]=0x00000000fb70cec0
[2025-08-08T15:30:56.310+0000][621.957s][1][129][trace] GC(98) _eden_chunk_array[333]=0x00000000fb7338e0
[2025-08-08T15:30:56.310+0000][621.957s][1][129][trace] GC(98) _eden_chunk_array[334]=0x00000000fb75f0b0
[2025-08-08T15:30:56.310+0000][621.957s][1][129][trace] GC(98) _eden_chunk_array[335]=0x00000000fb7871e8
[2025-08-08T15:30:56.310+0000][621.957s][1][129][trace] GC(98) _eden_chunk_array[336]=0x00000000fb7ab810
[2025-08-08T15:30:56.310+0000][621.957s][1][129][trace] GC(98) _eden_chunk_array[337]=0x00000000fb7d7f50
[2025-08-08T15:30:56.310+0000][621.957s][1][129][trace] GC(98) _eden_chunk_array[338]=0x00000000fb7fb6e8
[2025-08-08T15:30:56.310+0000][621.957s][1][129][trace] GC(98) _eden_chunk_array[339]=0x00000000fb82c340
[2025-08-08T15:30:56.310+0000][621.957s][1][129][trace] GC(98) _eden_chunk_array[340]=0x00000000fb877cf8
[2025-08-08T15:30:56.310+0000][621.957s][1][129][trace] GC(98) _eden_chunk_array[341]=0x00000000fb89b488
[2025-08-08T15:30:56.310+0000][621.957s][1][129][trace] GC(98) _eden_chunk_array[342]=0x00000000fb8bec20
[2025-08-08T15:30:56.310+0000][621.957s][1][129][trace] GC(98) _eden_chunk_array[343]=0x00000000fb8e23d8
[2025-08-08T15:30:56.310+0000][621.957s][1][129][trace] GC(98) _eden_chunk_array[344]=0x00000000fb905b80
[2025-08-08T15:30:56.310+0000][621.957s][1][129][trace] GC(98) _eden_chunk_array[345]=0x00000000fb927270
[2025-08-08T15:30:56.310+0000][621.957s][1][129][trace] GC(98) _eden_chunk_array[346]=0x00000000fb954810
[2025-08-08T15:30:56.310+0000][621.957s][1][129][trace] GC(98) _eden_chunk_array[347]=0x00000000fb97a168
[2025-08-08T15:30:56.310+0000][621.957s][1][129][trace] GC(98) _eden_chunk_array[348]=0x00000000fb9cc900
[2025-08-08T15:30:56.310+0000][621.957s][1][129][trace] GC(98) _eden_chunk_array[349]=0x00000000fb9f2848
[2025-08-08T15:30:56.310+0000][621.957s][1][129][trace] GC(98) _eden_chunk_array[350]=0x00000000fba15ff0
[2025-08-08T15:30:56.310+0000][621.957s][1][129][trace] GC(98) _eden_chunk_array[351]=0x00000000fba540e0
[2025-08-08T15:30:56.310+0000][621.957s][1][129][trace] GC(98) _eden_chunk_array[352]=0x00000000fba8f770
[2025-08-08T15:30:56.310+0000][621.957s][1][129][trace] GC(98) _eden_chunk_array[353]=0x00000000fbab3ce8
[2025-08-08T15:30:56.310+0000][621.957s][1][129][trace] GC(98) _eden_chunk_array[354]=0x00000000fbad8258
[2025-08-08T15:30:56.310+0000][621.957s][1][129][trace] GC(98) _eden_chunk_array[355]=0x00000000fbafc7c8
[2025-08-08T15:30:56.310+0000][621.957s][1][129][trace] GC(98) _eden_chunk_array[356]=0x00000000fbb481c0
[2025-08-08T15:30:56.310+0000][621.957s][1][129][trace] GC(98) _eden_chunk_array[357]=0x00000000fbb6c740
[2025-08-08T15:30:56.310+0000][621.957s][1][129][trace] GC(98) _eden_chunk_array[358]=0x00000000fbb90cc0
[2025-08-08T15:30:56.310+0000][621.957s][1][129][trace] GC(98) _eden_chunk_array[359]=0x00000000fbbdef48
[2025-08-08T15:30:56.310+0000][621.957s][1][129][trace] GC(98) _eden_chunk_array[360]=0x00000000fbc05210
[2025-08-08T15:30:56.310+0000][621.957s][1][129][trace] GC(98) _eden_chunk_array[361]=0x00000000fbc2aef8
[2025-08-08T15:30:56.310+0000][621.957s][1][129][trace] GC(98) _eden_chunk_array[362]=0x00000000fbc517f0
[2025-08-08T15:30:56.310+0000][621.957s][1][129][trace] GC(98) _eden_chunk_array[363]=0x00000000fbc71960
[2025-08-08T15:30:56.310+0000][621.957s][1][129][trace] GC(98) _eden_chunk_array[364]=0x00000000fbca9d38
[2025-08-08T15:30:56.310+0000][621.957s][1][129][trace] GC(98) _eden_chunk_array[365]=0x00000000fbce3928
[2025-08-08T15:30:56.310+0000][621.958s][1][129][trace] GC(98) _eden_chunk_array[366]=0x00000000fbd0dc60
[2025-08-08T15:30:56.310+0000][621.958s][1][129][trace] GC(98) _eden_chunk_array[367]=0x00000000fbd59618
[2025-08-08T15:30:56.310+0000][621.958s][1][129][trace] GC(98) _eden_chunk_array[368]=0x00000000fbd8f270
[2025-08-08T15:30:56.310+0000][621.958s][1][129][trace] GC(98) _eden_chunk_array[369]=0x00000000fbdd6490
[2025-08-08T15:30:56.310+0000][621.958s][1][129][trace] GC(98) _eden_chunk_array[370]=0x00000000fbe145b8
[2025-08-08T15:30:56.310+0000][621.958s][1][129][trace] GC(98) _eden_chunk_array[371]=0x00000000fbe526e8
[2025-08-08T15:30:56.310+0000][621.958s][1][129][trace] GC(98) _eden_chunk_array[372]=0x00000000fbe907e8
[2025-08-08T15:30:56.310+0000][621.958s][1][129][trace] GC(98) _eden_chunk_array[373]=0x00000000fbeb4d70
[2025-08-08T15:30:56.310+0000][621.958s][1][129][trace] GC(98) _eden_chunk_array[374]=0x00000000fbed56c0
[2025-08-08T15:30:56.310+0000][621.958s][1][129][trace] GC(98) _eden_chunk_array[375]=0x00000000fbf00b78
[2025-08-08T15:30:56.310+0000][621.958s][1][129][trace] GC(98) _eden_chunk_array[376]=0x00000000fbf25120
[2025-08-08T15:30:56.310+0000][621.958s][1][129][trace] GC(98) _eden_chunk_array[377]=0x00000000fbf5dd68
[2025-08-08T15:30:56.310+0000][621.958s][1][129][trace] GC(98) _eden_chunk_array[378]=0x00000000fbf822e8
[2025-08-08T15:30:56.310+0000][621.958s][1][129][trace] GC(98) _eden_chunk_array[379]=0x00000000fbfa6860
[2025-08-08T15:30:56.310+0000][621.958s][1][129][trace] GC(98) _eden_chunk_array[380]=0x00000000fbfedb88
[2025-08-08T15:30:56.310+0000][621.958s][1][129][trace] GC(98) _eden_chunk_array[381]=0x00000000fc027520
[2025-08-08T15:30:56.310+0000][621.958s][1][129][trace] GC(98) _eden_chunk_array[382]=0x00000000fc05cda8
[2025-08-08T15:30:56.310+0000][621.958s][1][129][trace] GC(98) _eden_chunk_array[383]=0x00000000fc092648
[2025-08-08T15:30:56.310+0000][621.958s][1][129][trace] GC(98) _eden_chunk_array[384]=0x00000000fc0c7ee0
[2025-08-08T15:30:56.310+0000][621.958s][1][129][trace] GC(98) _eden_chunk_array[385]=0x00000000fc0f5e88
[2025-08-08T15:30:56.310+0000][621.958s][1][129][trace] GC(98) _eden_chunk_array[386]=0x00000000fc11dca0
[2025-08-08T15:30:56.310+0000][621.958s][1][129][trace] GC(98) _eden_chunk_array[387]=0x00000000fc1889f0
[2025-08-08T15:30:56.310+0000][621.958s][1][129][trace] GC(98) _eden_chunk_array[388]=0x00000000fc1d17f8
[2025-08-08T15:30:56.310+0000][621.958s][1][129][trace] GC(98) _eden_chunk_array[389]=0x00000000fc1fcc00
[2025-08-08T15:30:56.310+0000][621.958s][1][129][trace] GC(98) _eden_chunk_array[390]=0x00000000fc21d560
[2025-08-08T15:30:56.310+0000][621.958s][1][129][trace] GC(98) _eden_chunk_array[391]=0x00000000fc23ffd8
[2025-08-08T15:30:56.310+0000][621.958s][1][129][trace] GC(98) _eden_chunk_array[392]=0x00000000fc2655d0
[2025-08-08T15:30:56.310+0000][621.958s][1][129][trace] GC(98) _eden_chunk_array[393]=0x00000000fc2933e0
[2025-08-08T15:30:56.310+0000][621.958s][1][129][trace] GC(98) _eden_chunk_array[394]=0x00000000fc2b6618
[2025-08-08T15:30:56.310+0000][621.958s][1][129][trace] GC(98) _eden_chunk_array[395]=0x00000000fc2d8650
[2025-08-08T15:30:56.310+0000][621.958s][1][129][trace] GC(98) _eden_chunk_array[396]=0x00000000fc2fb898
[2025-08-08T15:30:56.310+0000][621.958s][1][129][trace] GC(98) _eden_chunk_array[397]=0x00000000fc31d8c0
[2025-08-08T15:30:56.310+0000][621.958s][1][129][trace] GC(98) _eden_chunk_array[398]=0x00000000fc340af0
[2025-08-08T15:30:56.310+0000][621.958s][1][129][trace] GC(98) _eden_chunk_array[399]=0x00000000fc363da0
[2025-08-08T15:30:56.310+0000][621.958s][1][129][trace] GC(98) _eden_chunk_array[400]=0x00000000fc3c71b0
[2025-08-08T15:30:56.310+0000][621.958s][1][129][trace] GC(98) _eden_chunk_array[401]=0x00000000fc3ea348
[2025-08-08T15:30:56.310+0000][621.958s][1][129][trace] GC(98) _eden_chunk_array[402]=0x00000000fc4421c8
[2025-08-08T15:30:56.310+0000][621.958s][1][129][trace] GC(98) _eden_chunk_array[403]=0x00000000fc46d4f8
[2025-08-08T15:30:56.310+0000][621.958s][1][129][trace] GC(98) _eden_chunk_array[404]=0x00000000fc49be20
[2025-08-08T15:30:56.310+0000][621.958s][1][129][trace] GC(98) _eden_chunk_array[405]=0x00000000fc4e51e8
[2025-08-08T15:30:56.310+0000][621.958s][1][129][trace] GC(98) _eden_chunk_array[406]=0x00000000fc516898
[2025-08-08T15:30:56.310+0000][621.958s][1][129][trace] GC(98) _eden_chunk_array[407]=0x00000000fc53b508
[2025-08-08T15:30:56.310+0000][621.958s][1][129][trace] GC(98) _eden_chunk_array[408]=0x00000000fc560170
[2025-08-08T15:30:56.311+0000][621.958s][1][129][trace] GC(98) _eden_chunk_array[409]=0x00000000fc5b99d0
[2025-08-08T15:30:56.311+0000][621.958s][1][129][trace] GC(98) _eden_chunk_array[410]=0x00000000fc5de638
[2025-08-08T15:30:56.311+0000][621.958s][1][129][trace] GC(98) _eden_chunk_array[411]=0x00000000fc605018
[2025-08-08T15:30:56.311+0000][621.958s][1][129][trace] GC(98) _eden_chunk_array[412]=0x00000000fc629c70
[2025-08-08T15:30:56.311+0000][621.958s][1][129][trace] GC(98) _eden_chunk_array[413]=0x00000000fc64b868
[2025-08-08T15:30:56.311+0000][621.958s][1][129][trace] GC(98) _eden_chunk_array[414]=0x00000000fc66c4e0
[2025-08-08T15:30:56.311+0000][621.958s][1][129][trace] GC(98) _eden_chunk_array[415]=0x00000000fc68d6e8
[2025-08-08T15:30:56.311+0000][621.958s][1][129][trace] GC(98) _eden_chunk_array[416]=0x00000000fc6f2f28
[2025-08-08T15:30:56.311+0000][621.958s][1][129][trace] GC(98) _eden_chunk_array[417]=0x00000000fc730b30
[2025-08-08T15:30:56.311+0000][621.958s][1][129][trace] GC(98) _eden_chunk_array[418]=0x00000000fc75ddb0
[2025-08-08T15:30:56.311+0000][621.958s][1][129][trace] GC(98) _eden_chunk_array[419]=0x00000000fc7909e0
[2025-08-08T15:30:56.311+0000][621.958s][1][129][trace] GC(98) _eden_chunk_array[420]=0x00000000fc7bdfd8
[2025-08-08T15:30:56.311+0000][621.958s][1][129][trace] GC(98) _eden_chunk_array[421]=0x00000000fc7f8318
[2025-08-08T15:30:56.311+0000][621.958s][1][129][trace] GC(98) _eden_chunk_array[422]=0x00000000fc820028
[2025-08-08T15:30:56.311+0000][621.958s][1][129][trace] GC(98) _eden_chunk_array[423]=0x00000000fc843278
[2025-08-08T15:30:56.311+0000][621.958s][1][129][trace] GC(98) _eden_chunk_array[424]=0x00000000fc8664e0
[2025-08-08T15:30:56.311+0000][621.958s][1][129][trace] GC(98) _eden_chunk_array[425]=0x00000000fc889748
[2025-08-08T15:30:56.311+0000][621.958s][1][129][trace] GC(98) _eden_chunk_array[426]=0x00000000fc8ac998
[2025-08-08T15:30:56.311+0000][621.958s][1][129][trace] GC(98) _eden_chunk_array[427]=0x00000000fc8cfbb8
[2025-08-08T15:30:56.311+0000][621.958s][1][129][trace] GC(98) _eden_chunk_array[428]=0x00000000fc8f2e08
[2025-08-08T15:30:56.311+0000][621.958s][1][129][trace] GC(98) _eden_chunk_array[429]=0x00000000fc913530
[2025-08-08T15:30:56.311+0000][621.958s][1][129][trace] GC(98) _eden_chunk_array[430]=0x00000000fc974808
[2025-08-08T15:30:56.311+0000][621.958s][1][129][trace] GC(98) _eden_chunk_array[431]=0x00000000fc9a0720
[2025-08-08T15:30:56.311+0000][621.958s][1][129][trace] GC(98) _eden_chunk_array[432]=0x00000000fc9caa68
[2025-08-08T15:30:56.311+0000][621.958s][1][129][trace] GC(98) _eden_chunk_array[433]=0x00000000fc9f4db0
[2025-08-08T15:30:56.311+0000][621.958s][1][129][trace] GC(98) _eden_chunk_array[434]=0x00000000fca5ede0
[2025-08-08T15:30:56.311+0000][621.958s][1][129][trace] GC(98) _eden_chunk_array[435]=0x00000000fca94d60
[2025-08-08T15:30:56.311+0000][621.958s][1][129][trace] GC(98) _eden_chunk_array[436]=0x00000000fcacace8
[2025-08-08T15:30:56.311+0000][621.958s][1][129][trace] GC(98) _eden_chunk_array[437]=0x00000000fcb00c90
[2025-08-08T15:30:56.311+0000][621.958s][1][129][trace] GC(98) _eden_chunk_array[438]=0x00000000fcb36c28
[2025-08-08T15:30:56.311+0000][621.958s][1][129][trace] GC(98) _eden_chunk_array[439]=0x00000000fcb825c8
[2025-08-08T15:30:56.311+0000][621.958s][1][129][trace] GC(98) _eden_chunk_array[440]=0x00000000fcba8d30
[2025-08-08T15:30:56.311+0000][621.958s][1][129][trace] GC(98) _eden_chunk_array[441]=0x00000000fcbd32a8
[2025-08-08T15:30:56.311+0000][621.958s][1][129][trace] GC(98) _eden_chunk_array[442]=0x00000000fcbf4358
[2025-08-08T15:30:56.311+0000][621.958s][1][129][trace] GC(98) _eden_chunk_array[443]=0x00000000fcc16798
[2025-08-08T15:30:56.311+0000][621.958s][1][129][trace] GC(98) _eden_chunk_array[444]=0x00000000fcc59da8
[2025-08-08T15:30:56.311+0000][621.958s][1][129][trace] GC(98) _eden_chunk_array[445]=0x00000000fcc88778
[2025-08-08T15:30:56.311+0000][621.958s][1][129][trace] GC(98) _eden_chunk_array[446]=0x00000000fccae908
[2025-08-08T15:30:56.311+0000][621.958s][1][129][trace] GC(98) _eden_chunk_array[447]=0x00000000fcccff80
[2025-08-08T15:30:56.311+0000][621.958s][1][129][trace] GC(98) _eden_chunk_array[448]=0x00000000fccfe990
[2025-08-08T15:30:56.311+0000][621.958s][1][129][trace] GC(98) _eden_chunk_array[449]=0x00000000fcd2d3b0
[2025-08-08T15:30:56.311+0000][621.958s][1][129][trace] GC(98) _eden_chunk_array[450]=0x00000000fcd4e0f0
[2025-08-08T15:30:56.311+0000][621.958s][1][129][trace] GC(98) _eden_chunk_array[451]=0x00000000fcd72670
[2025-08-08T15:30:56.311+0000][621.958s][1][129][trace] GC(98) _eden_chunk_array[452]=0x00000000fcdd4848
[2025-08-08T15:30:56.311+0000][621.958s][1][129][trace] GC(98) _eden_chunk_array[453]=0x00000000fce201f8
[2025-08-08T15:30:56.311+0000][621.958s][1][129][trace] GC(98) _eden_chunk_array[454]=0x00000000fce4fc40
[2025-08-08T15:30:56.311+0000][621.958s][1][129][trace] GC(98) _eden_chunk_array[455]=0x00000000fce750f0
[2025-08-08T15:30:56.311+0000][621.958s][1][129][trace] GC(98) _eden_chunk_array[456]=0x00000000fceb0798
[2025-08-08T15:30:56.311+0000][621.958s][1][129][trace] GC(98) _eden_chunk_array[457]=0x00000000fceee898
[2025-08-08T15:30:56.311+0000][621.958s][1][129][trace] GC(98) _eden_chunk_array[458]=0x00000000fcf585a8
[2025-08-08T15:30:56.311+0000][621.958s][1][129][trace] GC(98) _eden_chunk_array[459]=0x00000000fcf911d8
[2025-08-08T15:30:56.311+0000][621.958s][1][129][trace] GC(98) _eden_chunk_array[460]=0x00000000fcfb1800
[2025-08-08T15:30:56.311+0000][621.958s][1][129][trace] GC(98) _eden_chunk_array[461]=0x00000000fcfe8de8
[2025-08-08T15:30:56.311+0000][621.958s][1][129][trace] GC(98) _eden_chunk_array[462]=0x00000000fd04c628
[2025-08-08T15:30:56.311+0000][621.958s][1][129][trace] GC(98) _eden_chunk_array[463]=0x00000000fd06ced8
[2025-08-08T15:30:56.311+0000][621.958s][1][129][trace] GC(98) _eden_chunk_array[464]=0x00000000fd08edc0
[2025-08-08T15:30:56.311+0000][621.958s][1][129][trace] GC(98) _eden_chunk_array[465]=0x00000000fd0b19c8
[2025-08-08T15:30:56.311+0000][621.958s][1][129][trace] GC(98) _eden_chunk_array[466]=0x00000000fd10db38
[2025-08-08T15:30:56.311+0000][621.958s][1][129][trace] GC(98) _eden_chunk_array[467]=0x00000000fd1391f8
[2025-08-08T15:30:56.311+0000][621.958s][1][129][trace] GC(98) _eden_chunk_array[468]=0x00000000fd15a670
[2025-08-08T15:30:56.311+0000][621.958s][1][129][trace] GC(98) _eden_chunk_array[469]=0x00000000fd1857d0
[2025-08-08T15:30:56.311+0000][621.958s][1][129][trace] GC(98) _eden_chunk_array[470]=0x00000000fd1dc288
[2025-08-08T15:30:56.311+0000][621.958s][1][129][trace] GC(98) _eden_chunk_array[471]=0x00000000fd1ff3d8
[2025-08-08T15:30:56.311+0000][621.958s][1][129][trace] GC(98) _eden_chunk_array[472]=0x00000000fd239180
[2025-08-08T15:30:56.311+0000][621.958s][1][129][trace] GC(98) _eden_chunk_array[473]=0x00000000fd271dd0
[2025-08-08T15:30:56.311+0000][621.958s][1][129][trace] GC(98) _eden_chunk_array[474]=0x00000000fd2aaa18
[2025-08-08T15:30:56.311+0000][621.958s][1][129][trace] GC(98) _eden_chunk_array[475]=0x00000000fd2e3660
[2025-08-08T15:30:56.311+0000][621.958s][1][129][trace] GC(98) _eden_chunk_array[476]=0x00000000fd31c2a8
[2025-08-08T15:30:56.311+0000][621.958s][1][129][trace] GC(98) _eden_chunk_array[477]=0x00000000fd367c60
[2025-08-08T15:30:56.311+0000][621.958s][1][129][trace] GC(98) _eden_chunk_array[478]=0x00000000fd39b3e0
[2025-08-08T15:30:56.311+0000][621.958s][1][129][trace] GC(98) _eden_chunk_array[479]=0x00000000fd3c0640
[2025-08-08T15:30:56.311+0000][621.958s][1][129][trace] GC(98) _eden_chunk_array[480]=0x00000000fd3eaeb8
[2025-08-08T15:30:56.311+0000][621.958s][1][129][trace] GC(98) _eden_chunk_array[481]=0x00000000fd410000
[2025-08-08T15:30:56.311+0000][621.958s][1][129][trace] GC(98) survivor 0x00000000fd410000-0x00000000fd5955b0-0x00000000fe780000(20381696)
[2025-08-08T15:30:56.311+0000][621.958s][1][129][trace] GC(98) _survivor_chunk_index=0, _survivor_chunk_capacity=9952
[2025-08-08T15:30:56.353+0000][622.000s][1][129][info ] GC(98) Pause Remark 162M->162M(180M) 44.647ms
[2025-08-08T15:30:56.353+0000][622.000s][1][129][info ] Leaving safepoint region
[2025-08-08T15:30:56.353+0000][622.000s][1][129][info ] Total time for which application threads were stopped: 0.0449651 seconds, Stopping threads took: 0.0000409 seconds
[2025-08-08T15:30:56.353+0000][622.000s][1][128][info ] GC(98) Concurrent Sweep
[2025-08-08T15:30:56.354+0000][622.002s][1][128][info ] GC(98) Concurrent Sweep 1.499ms
[2025-08-08T15:30:56.354+0000][622.002s][1][128][info ] GC(98) Concurrent Reset
[2025-08-08T15:30:56.354+0000][622.002s][1][128][info ] GC(98) Concurrent Reset 0.013ms
[2025-08-08T15:30:56.354+0000][622.002s][1][128][info ] GC(98) Old: 5183K->5183K(5184K)
[2025-08-08T15:31:01.355+0000][627.002s][1][129][info ] Application time: 5.0018823 seconds
[2025-08-08T15:31:01.355+0000][627.002s][1][129][info ] Entering safepoint region: Cleanup
[2025-08-08T15:31:01.355+0000][627.002s][1][129][info ] Leaving safepoint region
[2025-08-08T15:31:01.355+0000][627.002s][1][129][info ] Total time for which application threads were stopped: 0.0002856 seconds, Stopping threads took: 0.0000464 seconds
[2025-08-08T15:31:02.356+0000][628.003s][1][129][info ] Application time: 1.0007512 seconds
[2025-08-08T15:31:02.356+0000][628.003s][1][129][info ] Entering safepoint region: Cleanup
[2025-08-08T15:31:02.356+0000][628.003s][1][129][info ] Leaving safepoint region
[2025-08-08T15:31:02.356+0000][628.003s][1][129][info ] Total time for which application threads were stopped: 0.0002489 seconds, Stopping threads took: 0.0000636 seconds
[2025-08-08T15:31:05.357+0000][631.004s][1][129][info ] Application time: 3.0010121 seconds
[2025-08-08T15:31:05.357+0000][631.004s][1][129][info ] Entering safepoint region: Cleanup
[2025-08-08T15:31:05.357+0000][631.005s][1][129][info ] Leaving safepoint region
[2025-08-08T15:31:05.357+0000][631.005s][1][129][info ] Total time for which application threads were stopped: 0.0002564 seconds, Stopping threads took: 0.0000459 seconds
[2025-08-08T15:31:06.354+0000][632.001s][1][129][info ] Application time: 0.9967580 seconds
[2025-08-08T15:31:06.354+0000][632.002s][1][129][info ] Entering safepoint region: CMS_Initial_Mark
[2025-08-08T15:31:06.355+0000][632.002s][1][129][trace] GC(99) eden 0x00000000f3800000-0x00000000fd410000-0x00000000fd410000(163643392)
[2025-08-08T15:31:06.355+0000][632.002s][1][129][trace] GC(99) _eden_chunk_index=482, _eden_chunk_capacity=11233
[2025-08-08T15:31:06.355+0000][632.002s][1][129][trace] GC(99) _eden_chunk_array[0]=0x00000000f73f9200
[2025-08-08T15:31:06.355+0000][632.002s][1][129][trace] GC(99) _eden_chunk_array[1]=0x00000000f74247b8
[2025-08-08T15:31:06.355+0000][632.002s][1][129][trace] GC(99) _eden_chunk_array[2]=0x00000000f7453930
[2025-08-08T15:31:06.355+0000][632.002s][1][129][trace] GC(99) _eden_chunk_array[3]=0x00000000f747dc68
[2025-08-08T15:31:06.355+0000][632.002s][1][129][trace] GC(99) _eden_chunk_array[4]=0x00000000f74ad020
[2025-08-08T15:31:06.355+0000][632.002s][1][129][trace] GC(99) _eden_chunk_array[5]=0x00000000f74d6e28
[2025-08-08T15:31:06.355+0000][632.002s][1][129][trace] GC(99) _eden_chunk_array[6]=0x00000000f74feb48
[2025-08-08T15:31:06.355+0000][632.002s][1][129][trace] GC(99) _eden_chunk_array[7]=0x00000000f7534cd8
[2025-08-08T15:31:06.355+0000][632.002s][1][129][trace] GC(99) _eden_chunk_array[8]=0x00000000f7554e70
[2025-08-08T15:31:06.355+0000][632.002s][1][129][trace] GC(99) _eden_chunk_array[9]=0x00000000f758a818
[2025-08-08T15:31:06.355+0000][632.002s][1][129][trace] GC(99) _eden_chunk_array[10]=0x00000000f75b8710
[2025-08-08T15:31:06.355+0000][632.002s][1][129][trace] GC(99) _eden_chunk_array[11]=0x00000000f75ff918
[2025-08-08T15:31:06.355+0000][632.002s][1][129][trace] GC(99) _eden_chunk_array[12]=0x00000000f7636b78
[2025-08-08T15:31:06.355+0000][632.002s][1][129][trace] GC(99) _eden_chunk_array[13]=0x00000000f767dd90
[2025-08-08T15:31:06.355+0000][632.002s][1][129][trace] GC(99) _eden_chunk_array[14]=0x00000000f76e4388
[2025-08-08T15:31:06.355+0000][632.002s][1][129][trace] GC(99) _eden_chunk_array[15]=0x00000000f7719c08
[2025-08-08T15:31:06.355+0000][632.002s][1][129][trace] GC(99) _eden_chunk_array[16]=0x00000000f774f498
[2025-08-08T15:31:06.355+0000][632.002s][1][129][trace] GC(99) _eden_chunk_array[17]=0x00000000f7784d40
[2025-08-08T15:31:06.355+0000][632.002s][1][129][trace] GC(99) _eden_chunk_array[18]=0x00000000f77ab4a0
[2025-08-08T15:31:06.355+0000][632.002s][1][129][trace] GC(99) _eden_chunk_array[19]=0x00000000f77cf2b0
[2025-08-08T15:31:06.355+0000][632.002s][1][129][trace] GC(99) _eden_chunk_array[20]=0x00000000f77f2938
[2025-08-08T15:31:06.355+0000][632.002s][1][129][trace] GC(99) _eden_chunk_array[21]=0x00000000f782c488
[2025-08-08T15:31:06.355+0000][632.002s][1][129][trace] GC(99) _eden_chunk_array[22]=0x00000000f7859ad0
[2025-08-08T15:31:06.355+0000][632.002s][1][129][trace] GC(99) _eden_chunk_array[23]=0x00000000f7890740
[2025-08-08T15:31:06.355+0000][632.002s][1][129][trace] GC(99) _eden_chunk_array[24]=0x00000000f78f70b0
[2025-08-08T15:31:06.355+0000][632.002s][1][129][trace] GC(99) _eden_chunk_array[25]=0x00000000f792d058
[2025-08-08T15:31:06.355+0000][632.002s][1][129][trace] GC(99) _eden_chunk_array[26]=0x00000000f7964c08
[2025-08-08T15:31:06.355+0000][632.002s][1][129][trace] GC(99) _eden_chunk_array[27]=0x00000000f7985bb0
[2025-08-08T15:31:06.355+0000][632.002s][1][129][trace] GC(99) _eden_chunk_array[28]=0x00000000f79ccdc8
[2025-08-08T15:31:06.355+0000][632.002s][1][129][trace] GC(99) _eden_chunk_array[29]=0x00000000f79fd778
[2025-08-08T15:31:06.355+0000][632.002s][1][129][trace] GC(99) _eden_chunk_array[30]=0x00000000f7a251b0
[2025-08-08T15:31:06.355+0000][632.002s][1][129][trace] GC(99) _eden_chunk_array[31]=0x00000000f7a8f220
[2025-08-08T15:31:06.355+0000][632.002s][1][129][trace] GC(99) _eden_chunk_array[32]=0x00000000f7abcfa0
[2025-08-08T15:31:06.355+0000][632.002s][1][129][trace] GC(99) _eden_chunk_array[33]=0x00000000f7b041c8
[2025-08-08T15:31:06.355+0000][632.002s][1][129][trace] GC(99) _eden_chunk_array[34]=0x00000000f7b32af8
[2025-08-08T15:31:06.355+0000][632.002s][1][129][trace] GC(99) _eden_chunk_array[35]=0x00000000f7b55750
[2025-08-08T15:31:06.355+0000][632.002s][1][129][trace] GC(99) _eden_chunk_array[36]=0x00000000f7b8f420
[2025-08-08T15:31:06.355+0000][632.002s][1][129][trace] GC(99) _eden_chunk_array[37]=0x00000000f7bb7128
[2025-08-08T15:31:06.355+0000][632.002s][1][129][trace] GC(99) _eden_chunk_array[38]=0x00000000f7bf9a90
[2025-08-08T15:31:06.355+0000][632.002s][1][129][trace] GC(99) _eden_chunk_array[39]=0x00000000f7c2f338
[2025-08-08T15:31:06.355+0000][632.002s][1][129][trace] GC(99) _eden_chunk_array[40]=0x00000000f7c64bd0
[2025-08-08T15:31:06.355+0000][632.002s][1][129][trace] GC(99) _eden_chunk_array[41]=0x00000000f7c9a478
[2025-08-08T15:31:06.355+0000][632.002s][1][129][trace] GC(99) _eden_chunk_array[42]=0x00000000f7ccdea0
[2025-08-08T15:31:06.355+0000][632.002s][1][129][trace] GC(99) _eden_chunk_array[43]=0x00000000f7cef8c0
[2025-08-08T15:31:06.355+0000][632.002s][1][129][trace] GC(99) _eden_chunk_array[44]=0x00000000f7d28840
[2025-08-08T15:31:06.355+0000][632.002s][1][129][trace] GC(99) _eden_chunk_array[45]=0x00000000f7d52ba0
[2025-08-08T15:31:06.355+0000][632.002s][1][129][trace] GC(99) _eden_chunk_array[46]=0x00000000f7d924a8
[2025-08-08T15:31:06.355+0000][632.002s][1][129][trace] GC(99) _eden_chunk_array[47]=0x00000000f7ddde58
[2025-08-08T15:31:06.355+0000][632.002s][1][129][trace] GC(99) _eden_chunk_array[48]=0x00000000f7e25078
[2025-08-08T15:31:06.355+0000][632.002s][1][129][trace] GC(99) _eden_chunk_array[49]=0x00000000f7e53a48
[2025-08-08T15:31:06.355+0000][632.002s][1][129][trace] GC(99) _eden_chunk_array[50]=0x00000000f7e82418
[2025-08-08T15:31:06.355+0000][632.002s][1][129][trace] GC(99) _eden_chunk_array[51]=0x00000000f7eb0de0
[2025-08-08T15:31:06.355+0000][632.002s][1][129][trace] GC(99) _eden_chunk_array[52]=0x00000000f7edf7d0
[2025-08-08T15:31:06.355+0000][632.002s][1][129][trace] GC(99) _eden_chunk_array[53]=0x00000000f7f1b0b8
[2025-08-08T15:31:06.355+0000][632.002s][1][129][trace] GC(99) _eden_chunk_array[54]=0x00000000f7f44d00
[2025-08-08T15:31:06.355+0000][632.002s][1][129][trace] GC(99) _eden_chunk_array[55]=0x00000000f7f66170
[2025-08-08T15:31:06.355+0000][632.002s][1][129][trace] GC(99) _eden_chunk_array[56]=0x00000000f7f8e538
[2025-08-08T15:31:06.355+0000][632.002s][1][129][trace] GC(99) _eden_chunk_array[57]=0x00000000f7fb15d0
[2025-08-08T15:31:06.355+0000][632.002s][1][129][trace] GC(99) _eden_chunk_array[58]=0x00000000f7fd57d0
[2025-08-08T15:31:06.355+0000][632.002s][1][129][trace] GC(99) _eden_chunk_array[59]=0x00000000f8010e90
[2025-08-08T15:31:06.355+0000][632.002s][1][129][trace] GC(99) _eden_chunk_array[60]=0x00000000f8041ae0
[2025-08-08T15:31:06.355+0000][632.002s][1][129][trace] GC(99) _eden_chunk_array[61]=0x00000000f8062088
[2025-08-08T15:31:06.355+0000][632.002s][1][129][trace] GC(99) _eden_chunk_array[62]=0x00000000f80a92a8
[2025-08-08T15:31:06.355+0000][632.002s][1][129][trace] GC(99) _eden_chunk_array[63]=0x00000000f80d7198
[2025-08-08T15:31:06.355+0000][632.002s][1][129][trace] GC(99) _eden_chunk_array[64]=0x00000000f80f80c0
[2025-08-08T15:31:06.355+0000][632.002s][1][129][trace] GC(99) _eden_chunk_array[65]=0x00000000f8125fa0
[2025-08-08T15:31:06.355+0000][632.002s][1][129][trace] GC(99) _eden_chunk_array[66]=0x00000000f8153e90
[2025-08-08T15:31:06.355+0000][632.002s][1][129][trace] GC(99) _eden_chunk_array[67]=0x00000000f8174ae8
[2025-08-08T15:31:06.355+0000][632.002s][1][129][trace] GC(99) _eden_chunk_array[68]=0x00000000f819b990
[2025-08-08T15:31:06.355+0000][632.002s][1][129][trace] GC(99) _eden_chunk_array[69]=0x00000000f81bba80
[2025-08-08T15:31:06.355+0000][632.002s][1][129][trace] GC(99) _eden_chunk_array[70]=0x00000000f820f900
[2025-08-08T15:31:06.355+0000][632.002s][1][129][trace] GC(99) _eden_chunk_array[71]=0x00000000f823d620
[2025-08-08T15:31:06.355+0000][632.002s][1][129][trace] GC(99) _eden_chunk_array[72]=0x00000000f8262ba8
[2025-08-08T15:31:06.355+0000][632.002s][1][129][trace] GC(99) _eden_chunk_array[73]=0x00000000f82ab2f8
[2025-08-08T15:31:06.355+0000][632.002s][1][129][trace] GC(99) _eden_chunk_array[74]=0x00000000f8311588
[2025-08-08T15:31:06.355+0000][632.002s][1][129][trace] GC(99) _eden_chunk_array[75]=0x00000000f834f680
[2025-08-08T15:31:06.355+0000][632.002s][1][129][trace] GC(99) _eden_chunk_array[76]=0x00000000f8373c00
[2025-08-08T15:31:06.355+0000][632.002s][1][129][trace] GC(99) _eden_chunk_array[77]=0x00000000f83b1d38
[2025-08-08T15:31:06.355+0000][632.002s][1][129][trace] GC(99) _eden_chunk_array[78]=0x00000000f83d29e0
[2025-08-08T15:31:06.355+0000][632.002s][1][129][trace] GC(99) _eden_chunk_array[79]=0x00000000f843d9b0
[2025-08-08T15:31:06.355+0000][632.002s][1][129][trace] GC(99) _eden_chunk_array[80]=0x00000000f8470448
[2025-08-08T15:31:06.355+0000][632.002s][1][129][trace] GC(99) _eden_chunk_array[81]=0x00000000f8494218
[2025-08-08T15:31:06.355+0000][632.002s][1][129][trace] GC(99) _eden_chunk_array[82]=0x00000000f84b46a0
[2025-08-08T15:31:06.355+0000][632.002s][1][129][trace] GC(99) _eden_chunk_array[83]=0x00000000f84df640
[2025-08-08T15:31:06.355+0000][632.002s][1][129][trace] GC(99) _eden_chunk_array[84]=0x00000000f8503248
[2025-08-08T15:31:06.355+0000][632.002s][1][129][trace] GC(99) _eden_chunk_array[85]=0x00000000f8525dd0
[2025-08-08T15:31:06.355+0000][632.002s][1][129][trace] GC(99) _eden_chunk_array[86]=0x00000000f8549fb0
[2025-08-08T15:31:06.355+0000][632.002s][1][129][trace] GC(99) _eden_chunk_array[87]=0x00000000f8593700
[2025-08-08T15:31:06.355+0000][632.002s][1][129][trace] GC(99) _eden_chunk_array[88]=0x00000000f85b6e98
[2025-08-08T15:31:06.355+0000][632.002s][1][129][trace] GC(99) _eden_chunk_array[89]=0x00000000f85da628
[2025-08-08T15:31:06.355+0000][632.002s][1][129][trace] GC(99) _eden_chunk_array[90]=0x00000000f8637ba0
[2025-08-08T15:31:06.355+0000][632.002s][1][129][trace] GC(99) _eden_chunk_array[91]=0x00000000f865b350
[2025-08-08T15:31:06.355+0000][632.002s][1][129][trace] GC(99) _eden_chunk_array[92]=0x00000000f867eaf8
[2025-08-08T15:31:06.355+0000][632.002s][1][129][trace] GC(99) _eden_chunk_array[93]=0x00000000f86a22b0
[2025-08-08T15:31:06.355+0000][632.002s][1][129][trace] GC(99) _eden_chunk_array[94]=0x00000000f86ce2b8
[2025-08-08T15:31:06.355+0000][632.002s][1][129][trace] GC(99) _eden_chunk_array[95]=0x00000000f871be30
[2025-08-08T15:31:06.355+0000][632.002s][1][129][trace] GC(99) _eden_chunk_array[96]=0x00000000f873c650
[2025-08-08T15:31:06.355+0000][632.002s][1][129][trace] GC(99) _eden_chunk_array[97]=0x00000000f877a548
[2025-08-08T15:31:06.355+0000][632.002s][1][129][trace] GC(99) _eden_chunk_array[98]=0x00000000f87ab198
[2025-08-08T15:31:06.355+0000][632.002s][1][129][trace] GC(99) _eden_chunk_array[99]=0x00000000f87cdba8
[2025-08-08T15:31:06.355+0000][632.002s][1][129][trace] GC(99) _eden_chunk_array[100]=0x00000000f87ff268
[2025-08-08T15:31:06.355+0000][632.002s][1][129][trace] GC(99) _eden_chunk_array[101]=0x00000000f8820d80
[2025-08-08T15:31:06.355+0000][632.002s][1][129][trace] GC(99) _eden_chunk_array[102]=0x00000000f885e7f8
[2025-08-08T15:31:06.355+0000][632.003s][1][129][trace] GC(99) _eden_chunk_array[103]=0x00000000f88976c8
[2025-08-08T15:31:06.355+0000][632.003s][1][129][trace] GC(99) _eden_chunk_array[104]=0x00000000f88e3080
[2025-08-08T15:31:06.355+0000][632.003s][1][129][trace] GC(99) _eden_chunk_array[105]=0x00000000f8910f80
[2025-08-08T15:31:06.355+0000][632.003s][1][129][trace] GC(99) _eden_chunk_array[106]=0x00000000f893eeb0
[2025-08-08T15:31:06.355+0000][632.003s][1][129][trace] GC(99) _eden_chunk_array[107]=0x00000000f89a4ac8
[2025-08-08T15:31:06.355+0000][632.003s][1][129][trace] GC(99) _eden_chunk_array[108]=0x00000000f89cb8e0
[2025-08-08T15:31:06.355+0000][632.003s][1][129][trace] GC(99) _eden_chunk_array[109]=0x00000000f89ec060
[2025-08-08T15:31:06.355+0000][632.003s][1][129][trace] GC(99) _eden_chunk_array[110]=0x00000000f8a448d8
[2025-08-08T15:31:06.355+0000][632.003s][1][129][trace] GC(99) _eden_chunk_array[111]=0x00000000f8a6cea8
[2025-08-08T15:31:06.355+0000][632.003s][1][129][trace] GC(99) _eden_chunk_array[112]=0x00000000f8a9c180
[2025-08-08T15:31:06.355+0000][632.003s][1][129][trace] GC(99) _eden_chunk_array[113]=0x00000000f8abe1a8
[2025-08-08T15:31:06.355+0000][632.003s][1][129][trace] GC(99) _eden_chunk_array[114]=0x00000000f8af4148
[2025-08-08T15:31:06.355+0000][632.003s][1][129][trace] GC(99) _eden_chunk_array[115]=0x00000000f8b5a148
[2025-08-08T15:31:06.355+0000][632.003s][1][129][trace] GC(99) _eden_chunk_array[116]=0x00000000f8ba1368
[2025-08-08T15:31:06.355+0000][632.003s][1][129][trace] GC(99) _eden_chunk_array[117]=0x00000000f8bdf490
[2025-08-08T15:31:06.355+0000][632.003s][1][129][trace] GC(99) _eden_chunk_array[118]=0x00000000f8c1d598
[2025-08-08T15:31:06.355+0000][632.003s][1][129][trace] GC(99) _eden_chunk_array[119]=0x00000000f8c5b698
[2025-08-08T15:31:06.355+0000][632.003s][1][129][trace] GC(99) _eden_chunk_array[120]=0x00000000f8c7b880
[2025-08-08T15:31:06.355+0000][632.003s][1][129][trace] GC(99) _eden_chunk_array[121]=0x00000000f8cad368
[2025-08-08T15:31:06.355+0000][632.003s][1][129][trace] GC(99) _eden_chunk_array[122]=0x00000000f8ccde78
[2025-08-08T15:31:06.355+0000][632.003s][1][129][trace] GC(99) _eden_chunk_array[123]=0x00000000f8cf5a38
[2025-08-08T15:31:06.355+0000][632.003s][1][129][trace] GC(99) _eden_chunk_array[124]=0x00000000f8d26178
[2025-08-08T15:31:06.355+0000][632.003s][1][129][trace] GC(99) _eden_chunk_array[125]=0x00000000f8d49900
[2025-08-08T15:31:06.355+0000][632.003s][1][129][trace] GC(99) _eden_chunk_array[126]=0x00000000f8d8b1f8
[2025-08-08T15:31:06.355+0000][632.003s][1][129][trace] GC(99) _eden_chunk_array[127]=0x00000000f8db2f10
[2025-08-08T15:31:06.355+0000][632.003s][1][129][trace] GC(99) _eden_chunk_array[128]=0x00000000f8de18e0
[2025-08-08T15:31:06.355+0000][632.003s][1][129][trace] GC(99) _eden_chunk_array[129]=0x00000000f8e18b48
[2025-08-08T15:31:06.355+0000][632.003s][1][129][trace] GC(99) _eden_chunk_array[130]=0x00000000f8e6f270
[2025-08-08T15:31:06.355+0000][632.003s][1][129][trace] GC(99) _eden_chunk_array[131]=0x00000000f8ebac10
[2025-08-08T15:31:06.355+0000][632.003s][1][129][trace] GC(99) _eden_chunk_array[132]=0x00000000f8f065c8
[2025-08-08T15:31:06.355+0000][632.003s][1][129][trace] GC(99) _eden_chunk_array[133]=0x00000000f8f51f80
[2025-08-08T15:31:06.355+0000][632.003s][1][129][trace] GC(99) _eden_chunk_array[134]=0x00000000f8f72620
[2025-08-08T15:31:06.355+0000][632.003s][1][129][trace] GC(99) _eden_chunk_array[135]=0x00000000f8fa4040
[2025-08-08T15:31:06.355+0000][632.003s][1][129][trace] GC(99) _eden_chunk_array[136]=0x00000000f8fc4d88
[2025-08-08T15:31:06.355+0000][632.003s][1][129][trace] GC(99) _eden_chunk_array[137]=0x00000000f8fec538
[2025-08-08T15:31:06.355+0000][632.003s][1][129][trace] GC(99) _eden_chunk_array[138]=0x00000000f902a638
[2025-08-08T15:31:06.355+0000][632.003s][1][129][trace] GC(99) _eden_chunk_array[139]=0x00000000f9058bc8
[2025-08-08T15:31:06.355+0000][632.003s][1][129][trace] GC(99) _eden_chunk_array[140]=0x00000000f9091800
[2025-08-08T15:31:06.355+0000][632.003s][1][129][trace] GC(99) _eden_chunk_array[141]=0x00000000f90dd1b8
[2025-08-08T15:31:06.355+0000][632.003s][1][129][trace] GC(99) _eden_chunk_array[142]=0x00000000f91409f8
[2025-08-08T15:31:06.355+0000][632.003s][1][129][trace] GC(99) _eden_chunk_array[143]=0x00000000f9179640
[2025-08-08T15:31:06.355+0000][632.003s][1][129][trace] GC(99) _eden_chunk_array[144]=0x00000000f91b3fe8
[2025-08-08T15:31:06.355+0000][632.003s][1][129][trace] GC(99) _eden_chunk_array[145]=0x00000000f91d5010
[2025-08-08T15:31:06.355+0000][632.003s][1][129][trace] GC(99) _eden_chunk_array[146]=0x00000000f91f5710
[2025-08-08T15:31:06.355+0000][632.003s][1][129][trace] GC(99) _eden_chunk_array[147]=0x00000000f92174a0
[2025-08-08T15:31:06.355+0000][632.003s][1][129][trace] GC(99) _eden_chunk_array[148]=0x00000000f9237f28
[2025-08-08T15:31:06.355+0000][632.003s][1][129][trace] GC(99) _eden_chunk_array[149]=0x00000000f9268880
[2025-08-08T15:31:06.355+0000][632.003s][1][129][trace] GC(99) _eden_chunk_array[150]=0x00000000f92b4220
[2025-08-08T15:31:06.355+0000][632.003s][1][129][trace] GC(99) _eden_chunk_array[151]=0x00000000f92d8e90
[2025-08-08T15:31:06.356+0000][632.003s][1][129][trace] GC(99) _eden_chunk_array[152]=0x00000000f9336e68
[2025-08-08T15:31:06.356+0000][632.003s][1][129][trace] GC(99) _eden_chunk_array[153]=0x00000000f936ce70
[2025-08-08T15:31:06.356+0000][632.003s][1][129][trace] GC(99) _eden_chunk_array[154]=0x00000000f93b8810
[2025-08-08T15:31:06.356+0000][632.003s][1][129][trace] GC(99) _eden_chunk_array[155]=0x00000000f93ffa18
[2025-08-08T15:31:06.356+0000][632.003s][1][129][trace] GC(99) _eden_chunk_array[156]=0x00000000f94267a0
[2025-08-08T15:31:06.356+0000][632.003s][1][129][trace] GC(99) _eden_chunk_array[157]=0x00000000f944e4b0
[2025-08-08T15:31:06.356+0000][632.003s][1][129][trace] GC(99) _eden_chunk_array[158]=0x00000000f94761c0
[2025-08-08T15:31:06.356+0000][632.003s][1][129][trace] GC(99) _eden_chunk_array[159]=0x00000000f94984d0
[2025-08-08T15:31:06.356+0000][632.003s][1][129][trace] GC(99) _eden_chunk_array[160]=0x00000000f94c9400
[2025-08-08T15:31:06.356+0000][632.003s][1][129][trace] GC(99) _eden_chunk_array[161]=0x00000000f94f6a80
[2025-08-08T15:31:06.356+0000][632.003s][1][129][trace] GC(99) _eden_chunk_array[162]=0x00000000f9520dc8
[2025-08-08T15:31:06.356+0000][632.003s][1][129][trace] GC(99) _eden_chunk_array[163]=0x00000000f954ecc8
[2025-08-08T15:31:06.356+0000][632.003s][1][129][trace] GC(99) _eden_chunk_array[164]=0x00000000f95aece8
[2025-08-08T15:31:06.356+0000][632.003s][1][129][trace] GC(99) _eden_chunk_array[165]=0x00000000f95dfd08
[2025-08-08T15:31:06.356+0000][632.003s][1][129][trace] GC(99) _eden_chunk_array[166]=0x00000000f9606700
[2025-08-08T15:31:06.356+0000][632.003s][1][129][trace] GC(99) _eden_chunk_array[167]=0x00000000f9628230
[2025-08-08T15:31:06.356+0000][632.003s][1][129][trace] GC(99) _eden_chunk_array[168]=0x00000000f968de50
[2025-08-08T15:31:06.356+0000][632.003s][1][129][trace] GC(99) _eden_chunk_array[169]=0x00000000f96bbd38
[2025-08-08T15:31:06.356+0000][632.003s][1][129][trace] GC(99) _eden_chunk_array[170]=0x00000000f96dc330
[2025-08-08T15:31:06.356+0000][632.003s][1][129][trace] GC(99) _eden_chunk_array[171]=0x00000000f9707340
[2025-08-08T15:31:06.356+0000][632.003s][1][129][trace] GC(99) _eden_chunk_array[172]=0x00000000f972e680
[2025-08-08T15:31:06.356+0000][632.003s][1][129][trace] GC(99) _eden_chunk_array[173]=0x00000000f97549f0
[2025-08-08T15:31:06.356+0000][632.003s][1][129][trace] GC(99) _eden_chunk_array[174]=0x00000000f97a8820
[2025-08-08T15:31:06.356+0000][632.003s][1][129][trace] GC(99) _eden_chunk_array[175]=0x00000000f97d3398
[2025-08-08T15:31:06.356+0000][632.003s][1][129][trace] GC(99) _eden_chunk_array[176]=0x00000000f97fdf80
[2025-08-08T15:31:06.356+0000][632.003s][1][129][trace] GC(99) _eden_chunk_array[177]=0x00000000f982e178
[2025-08-08T15:31:06.356+0000][632.003s][1][129][trace] GC(99) _eden_chunk_array[178]=0x00000000f9867ce0
[2025-08-08T15:31:06.356+0000][632.003s][1][129][trace] GC(99) _eden_chunk_array[179]=0x00000000f9895300
[2025-08-08T15:31:06.356+0000][632.003s][1][129][trace] GC(99) _eden_chunk_array[180]=0x00000000f98bd008
[2025-08-08T15:31:06.356+0000][632.003s][1][129][trace] GC(99) _eden_chunk_array[181]=0x00000000f98f2fb8
[2025-08-08T15:31:06.356+0000][632.003s][1][129][trace] GC(99) _eden_chunk_array[182]=0x00000000f991acd0
[2025-08-08T15:31:06.356+0000][632.003s][1][129][trace] GC(99) _eden_chunk_array[183]=0x00000000f9961bd8
[2025-08-08T15:31:06.356+0000][632.003s][1][129][trace] GC(99) _eden_chunk_array[184]=0x00000000f9997b80
[2025-08-08T15:31:06.356+0000][632.003s][1][129][trace] GC(99) _eden_chunk_array[185]=0x00000000f99cdb20
[2025-08-08T15:31:06.356+0000][632.003s][1][129][trace] GC(99) _eden_chunk_array[186]=0x00000000f99edb80
[2025-08-08T15:31:06.356+0000][632.003s][1][129][trace] GC(99) _eden_chunk_array[187]=0x00000000f9a0f7d0
[2025-08-08T15:31:06.356+0000][632.003s][1][129][trace] GC(99) _eden_chunk_array[188]=0x00000000f9a60a40
[2025-08-08T15:31:06.356+0000][632.003s][1][129][trace] GC(99) _eden_chunk_array[189]=0x00000000f9a8ad70
[2025-08-08T15:31:06.356+0000][632.003s][1][129][trace] GC(99) _eden_chunk_array[190]=0x00000000f9ad16f0
[2025-08-08T15:31:06.356+0000][632.003s][1][129][trace] GC(99) _eden_chunk_array[191]=0x00000000f9afba48
[2025-08-08T15:31:06.356+0000][632.003s][1][129][trace] GC(99) _eden_chunk_array[192]=0x00000000f9b42c60
[2025-08-08T15:31:06.356+0000][632.003s][1][129][trace] GC(99) _eden_chunk_array[193]=0x00000000f9b70b60
[2025-08-08T15:31:06.356+0000][632.003s][1][129][trace] GC(99) _eden_chunk_array[194]=0x00000000f9b9ea70
[2025-08-08T15:31:06.356+0000][632.003s][1][129][trace] GC(99) _eden_chunk_array[195]=0x00000000f9bcc968
[2025-08-08T15:31:06.356+0000][632.003s][1][129][trace] GC(99) _eden_chunk_array[196]=0x00000000f9bfa870
[2025-08-08T15:31:06.356+0000][632.003s][1][129][trace] GC(99) _eden_chunk_array[197]=0x00000000f9c28768
[2025-08-08T15:31:06.356+0000][632.003s][1][129][trace] GC(99) _eden_chunk_array[198]=0x00000000f9c48e68
[2025-08-08T15:31:06.356+0000][632.003s][1][129][trace] GC(99) _eden_chunk_array[199]=0x00000000f9c74180
[2025-08-08T15:31:06.356+0000][632.003s][1][129][trace] GC(99) _eden_chunk_array[200]=0x00000000f9c985c0
[2025-08-08T15:31:06.356+0000][632.003s][1][129][trace] GC(99) _eden_chunk_array[201]=0x00000000f9ce9f48
[2025-08-08T15:31:06.356+0000][632.003s][1][129][trace] GC(99) _eden_chunk_array[202]=0x00000000f9d12820
[2025-08-08T15:31:06.356+0000][632.003s][1][129][trace] GC(99) _eden_chunk_array[203]=0x00000000f9d4b4a0
[2025-08-08T15:31:06.356+0000][632.003s][1][129][trace] GC(99) _eden_chunk_array[204]=0x00000000f9d840e8
[2025-08-08T15:31:06.356+0000][632.003s][1][129][trace] GC(99) _eden_chunk_array[205]=0x00000000f9dbf798
[2025-08-08T15:31:06.356+0000][632.003s][1][129][trace] GC(99) _eden_chunk_array[206]=0x00000000f9dfae38
[2025-08-08T15:31:06.356+0000][632.003s][1][129][trace] GC(99) _eden_chunk_array[207]=0x00000000f9e33a88
[2025-08-08T15:31:06.356+0000][632.003s][1][129][trace] GC(99) _eden_chunk_array[208]=0x00000000f9e54b10
[2025-08-08T15:31:06.356+0000][632.003s][1][129][trace] GC(99) _eden_chunk_array[209]=0x00000000f9eb6cf8
[2025-08-08T15:31:06.356+0000][632.003s][1][129][trace] GC(99) _eden_chunk_array[210]=0x00000000f9f1d658
[2025-08-08T15:31:06.356+0000][632.003s][1][129][trace] GC(99) _eden_chunk_array[211]=0x00000000f9f3ff08
[2025-08-08T15:31:06.356+0000][632.003s][1][129][trace] GC(99) _eden_chunk_array[212]=0x00000000f9f60798
[2025-08-08T15:31:06.356+0000][632.003s][1][129][trace] GC(99) _eden_chunk_array[213]=0x00000000f9f8ddd0
[2025-08-08T15:31:06.356+0000][632.003s][1][129][trace] GC(99) _eden_chunk_array[214]=0x00000000f9fb78f8
[2025-08-08T15:31:06.356+0000][632.003s][1][129][trace] GC(99) _eden_chunk_array[215]=0x00000000f9fe9b10
[2025-08-08T15:31:06.356+0000][632.003s][1][129][trace] GC(99) _eden_chunk_array[216]=0x00000000fa013e58
[2025-08-08T15:31:06.356+0000][632.003s][1][129][trace] GC(99) _eden_chunk_array[217]=0x00000000fa03bb70
[2025-08-08T15:31:06.356+0000][632.003s][1][129][trace] GC(99) _eden_chunk_array[218]=0x00000000fa063890
[2025-08-08T15:31:06.356+0000][632.003s][1][129][trace] GC(99) _eden_chunk_array[219]=0x00000000fa0aaab0
[2025-08-08T15:31:06.356+0000][632.003s][1][129][trace] GC(99) _eden_chunk_array[220]=0x00000000fa0e2618
[2025-08-08T15:31:06.356+0000][632.003s][1][129][trace] GC(99) _eden_chunk_array[221]=0x00000000fa1185b0
[2025-08-08T15:31:06.356+0000][632.003s][1][129][trace] GC(99) _eden_chunk_array[222]=0x00000000fa14e7f0
[2025-08-08T15:31:06.356+0000][632.003s][1][129][trace] GC(99) _eden_chunk_array[223]=0x00000000fa184790
[2025-08-08T15:31:06.356+0000][632.003s][1][129][trace] GC(99) _eden_chunk_array[224]=0x00000000fa1aa238
[2025-08-08T15:31:06.356+0000][632.003s][1][129][trace] GC(99) _eden_chunk_array[225]=0x00000000fa1d0718
[2025-08-08T15:31:06.356+0000][632.003s][1][129][trace] GC(99) _eden_chunk_array[226]=0x00000000fa1f12b8
[2025-08-08T15:31:06.356+0000][632.003s][1][129][trace] GC(99) _eden_chunk_array[227]=0x00000000fa240490
[2025-08-08T15:31:06.356+0000][632.003s][1][129][trace] GC(99) _eden_chunk_array[228]=0x00000000fa270f58
[2025-08-08T15:31:06.356+0000][632.003s][1][129][trace] GC(99) _eden_chunk_array[229]=0x00000000fa2a35c0
[2025-08-08T15:31:06.356+0000][632.003s][1][129][trace] GC(99) _eden_chunk_array[230]=0x00000000fa2c77a0
[2025-08-08T15:31:06.356+0000][632.003s][1][129][trace] GC(99) _eden_chunk_array[231]=0x00000000fa2ebd18
[2025-08-08T15:31:06.356+0000][632.003s][1][129][trace] GC(99) _eden_chunk_array[232]=0x00000000fa310298
[2025-08-08T15:31:06.356+0000][632.003s][1][129][trace] GC(99) _eden_chunk_array[233]=0x00000000fa3574b0
[2025-08-08T15:31:06.356+0000][632.003s][1][129][trace] GC(99) _eden_chunk_array[234]=0x00000000fa378140
[2025-08-08T15:31:06.356+0000][632.003s][1][129][trace] GC(99) _eden_chunk_array[235]=0x00000000fa3b6240
[2025-08-08T15:31:06.356+0000][632.003s][1][129][trace] GC(99) _eden_chunk_array[236]=0x00000000fa3f4350
[2025-08-08T15:31:06.356+0000][632.003s][1][129][trace] GC(99) _eden_chunk_array[237]=0x00000000fa432458
[2025-08-08T15:31:06.356+0000][632.003s][1][129][trace] GC(99) _eden_chunk_array[238]=0x00000000fa452778
[2025-08-08T15:31:06.356+0000][632.003s][1][129][trace] GC(99) _eden_chunk_array[239]=0x00000000fa472900
[2025-08-08T15:31:06.356+0000][632.003s][1][129][trace] GC(99) _eden_chunk_array[240]=0x00000000fa4c57b0
[2025-08-08T15:31:06.356+0000][632.003s][1][129][trace] GC(99) _eden_chunk_array[241]=0x00000000fa4f9720
[2025-08-08T15:31:06.356+0000][632.003s][1][129][trace] GC(99) _eden_chunk_array[242]=0x00000000fa523aa8
[2025-08-08T15:31:06.356+0000][632.003s][1][129][trace] GC(99) _eden_chunk_array[243]=0x00000000fa544b70
[2025-08-08T15:31:06.356+0000][632.003s][1][129][trace] GC(99) _eden_chunk_array[244]=0x00000000fa57c420
[2025-08-08T15:31:06.356+0000][632.003s][1][129][trace] GC(99) _eden_chunk_array[245]=0x00000000fa5b2030
[2025-08-08T15:31:06.356+0000][632.003s][1][129][trace] GC(99) _eden_chunk_array[246]=0x00000000fa5f9248
[2025-08-08T15:31:06.356+0000][632.003s][1][129][trace] GC(99) _eden_chunk_array[247]=0x00000000fa62f1c8
[2025-08-08T15:31:06.356+0000][632.003s][1][129][trace] GC(99) _eden_chunk_array[248]=0x00000000fa665150
[2025-08-08T15:31:06.356+0000][632.003s][1][129][trace] GC(99) _eden_chunk_array[249]=0x00000000fa69b110
[2025-08-08T15:31:06.356+0000][632.004s][1][129][trace] GC(99) _eden_chunk_array[250]=0x00000000fa6d10b0
[2025-08-08T15:31:06.356+0000][632.004s][1][129][trace] GC(99) _eden_chunk_array[251]=0x00000000fa6f3ae0
[2025-08-08T15:31:06.356+0000][632.004s][1][129][trace] GC(99) _eden_chunk_array[252]=0x00000000fa714e68
[2025-08-08T15:31:06.356+0000][632.004s][1][129][trace] GC(99) _eden_chunk_array[253]=0x00000000fa760e88
[2025-08-08T15:31:06.356+0000][632.004s][1][129][trace] GC(99) _eden_chunk_array[254]=0x00000000fa796470
[2025-08-08T15:31:06.356+0000][632.004s][1][129][trace] GC(99) _eden_chunk_array[255]=0x00000000fa7b9c58
[2025-08-08T15:31:06.356+0000][632.004s][1][129][trace] GC(99) _eden_chunk_array[256]=0x00000000fa8009f0
[2025-08-08T15:31:06.356+0000][632.004s][1][129][trace] GC(99) _eden_chunk_array[257]=0x00000000fa821fc8
[2025-08-08T15:31:06.356+0000][632.004s][1][129][trace] GC(99) _eden_chunk_array[258]=0x00000000fa84fed0
[2025-08-08T15:31:06.356+0000][632.004s][1][129][trace] GC(99) _eden_chunk_array[259]=0x00000000fa87ddc8
[2025-08-08T15:31:06.356+0000][632.004s][1][129][trace] GC(99) _eden_chunk_array[260]=0x00000000fa8d8c60
[2025-08-08T15:31:06.356+0000][632.004s][1][129][trace] GC(99) _eden_chunk_array[261]=0x00000000fa906b38
[2025-08-08T15:31:06.356+0000][632.004s][1][129][trace] GC(99) _eden_chunk_array[262]=0x00000000fa934a68
[2025-08-08T15:31:06.356+0000][632.004s][1][129][trace] GC(99) _eden_chunk_array[263]=0x00000000fa955138
[2025-08-08T15:31:06.356+0000][632.004s][1][129][trace] GC(99) _eden_chunk_array[264]=0x00000000fa9a3020
[2025-08-08T15:31:06.356+0000][632.004s][1][129][trace] GC(99) _eden_chunk_array[265]=0x00000000fa9ca970
[2025-08-08T15:31:06.356+0000][632.004s][1][129][trace] GC(99) _eden_chunk_array[266]=0x00000000fa9eb948
[2025-08-08T15:31:06.356+0000][632.004s][1][129][trace] GC(99) _eden_chunk_array[267]=0x00000000faa22858
[2025-08-08T15:31:06.356+0000][632.004s][1][129][trace] GC(99) _eden_chunk_array[268]=0x00000000faa5b488
[2025-08-08T15:31:06.356+0000][632.004s][1][129][trace] GC(99) _eden_chunk_array[269]=0x00000000faa80948
[2025-08-08T15:31:06.356+0000][632.004s][1][129][trace] GC(99) _eden_chunk_array[270]=0x00000000faaa2468
[2025-08-08T15:31:06.356+0000][632.004s][1][129][trace] GC(99) _eden_chunk_array[271]=0x00000000faad0370
[2025-08-08T15:31:06.356+0000][632.004s][1][129][trace] GC(99) _eden_chunk_array[272]=0x00000000fab1bd20
[2025-08-08T15:31:06.356+0000][632.004s][1][129][trace] GC(99) _eden_chunk_array[273]=0x00000000fab41778
[2025-08-08T15:31:06.356+0000][632.004s][1][129][trace] GC(99) _eden_chunk_array[274]=0x00000000faba35d8
[2025-08-08T15:31:06.356+0000][632.004s][1][129][trace] GC(99) _eden_chunk_array[275]=0x00000000fabc3b90
[2025-08-08T15:31:06.356+0000][632.004s][1][129][trace] GC(99) _eden_chunk_array[276]=0x00000000fabf1ac0
[2025-08-08T15:31:06.356+0000][632.004s][1][129][trace] GC(99) _eden_chunk_array[277]=0x00000000fac1f9c0
[2025-08-08T15:31:06.356+0000][632.004s][1][129][trace] GC(99) _eden_chunk_array[278]=0x00000000fac43458
[2025-08-08T15:31:06.356+0000][632.004s][1][129][trace] GC(99) _eden_chunk_array[279]=0x00000000fac664a0
[2025-08-08T15:31:06.356+0000][632.004s][1][129][trace] GC(99) _eden_chunk_array[280]=0x00000000faca8880
[2025-08-08T15:31:06.356+0000][632.004s][1][129][trace] GC(99) _eden_chunk_array[281]=0x00000000facdfad8
[2025-08-08T15:31:06.356+0000][632.004s][1][129][trace] GC(99) _eden_chunk_array[282]=0x00000000fad04058
[2025-08-08T15:31:06.356+0000][632.004s][1][129][trace] GC(99) _eden_chunk_array[283]=0x00000000fad3c618
[2025-08-08T15:31:06.356+0000][632.004s][1][129][trace] GC(99) _eden_chunk_array[284]=0x00000000fad83830
[2025-08-08T15:31:06.356+0000][632.004s][1][129][trace] GC(99) _eden_chunk_array[285]=0x00000000fadebdb8
[2025-08-08T15:31:06.356+0000][632.004s][1][129][trace] GC(99) _eden_chunk_array[286]=0x00000000fae21d50
[2025-08-08T15:31:06.356+0000][632.004s][1][129][trace] GC(99) _eden_chunk_array[287]=0x00000000fae57cf0
[2025-08-08T15:31:06.356+0000][632.004s][1][129][trace] GC(99) _eden_chunk_array[288]=0x00000000fae78468
[2025-08-08T15:31:06.356+0000][632.004s][1][129][trace] GC(99) _eden_chunk_array[289]=0x00000000faebf670
[2025-08-08T15:31:06.356+0000][632.004s][1][129][trace] GC(99) _eden_chunk_array[290]=0x00000000faee8840
[2025-08-08T15:31:06.356+0000][632.004s][1][129][trace] GC(99) _eden_chunk_array[291]=0x00000000faf08cc0
[2025-08-08T15:31:06.356+0000][632.004s][1][129][trace] GC(99) _eden_chunk_array[292]=0x00000000faf34878
[2025-08-08T15:31:06.356+0000][632.004s][1][129][trace] GC(99) _eden_chunk_array[293]=0x00000000faf62f18
[2025-08-08T15:31:06.356+0000][632.004s][1][129][trace] GC(99) _eden_chunk_array[294]=0x00000000faf8d3f8
[2025-08-08T15:31:06.356+0000][632.004s][1][129][trace] GC(99) _eden_chunk_array[295]=0x00000000fafb3e08
[2025-08-08T15:31:06.356+0000][632.004s][1][129][trace] GC(99) _eden_chunk_array[296]=0x00000000fafd9f00
[2025-08-08T15:31:06.356+0000][632.004s][1][129][trace] GC(99) _eden_chunk_array[297]=0x00000000faffd078
[2025-08-08T15:31:06.356+0000][632.004s][1][129][trace] GC(99) _eden_chunk_array[298]=0x00000000fb04faa0
[2025-08-08T15:31:06.356+0000][632.004s][1][129][trace] GC(99) _eden_chunk_array[299]=0x00000000fb0b1978
[2025-08-08T15:31:06.356+0000][632.004s][1][129][trace] GC(99) _eden_chunk_array[300]=0x00000000fb0e7908
[2025-08-08T15:31:06.356+0000][632.004s][1][129][trace] GC(99) _eden_chunk_array[301]=0x00000000fb11d890
[2025-08-08T15:31:06.356+0000][632.004s][1][129][trace] GC(99) _eden_chunk_array[302]=0x00000000fb153840
[2025-08-08T15:31:06.356+0000][632.004s][1][129][trace] GC(99) _eden_chunk_array[303]=0x00000000fb1897d0
[2025-08-08T15:31:06.356+0000][632.004s][1][129][trace] GC(99) _eden_chunk_array[304]=0x00000000fb1b2e50
[2025-08-08T15:31:06.356+0000][632.004s][1][129][trace] GC(99) _eden_chunk_array[305]=0x00000000fb1d2fa8
[2025-08-08T15:31:06.356+0000][632.004s][1][129][trace] GC(99) _eden_chunk_array[306]=0x00000000fb205b90
[2025-08-08T15:31:06.356+0000][632.004s][1][129][trace] GC(99) _eden_chunk_array[307]=0x00000000fb228c20
[2025-08-08T15:31:06.356+0000][632.004s][1][129][trace] GC(99) _eden_chunk_array[308]=0x00000000fb252f78
[2025-08-08T15:31:06.356+0000][632.004s][1][129][trace] GC(99) _eden_chunk_array[309]=0x00000000fb2bd9b8
[2025-08-08T15:31:06.357+0000][632.004s][1][129][trace] GC(99) _eden_chunk_array[310]=0x00000000fb304bd0
[2025-08-08T15:31:06.357+0000][632.004s][1][129][trace] GC(99) _eden_chunk_array[311]=0x00000000fb326870
[2025-08-08T15:31:06.357+0000][632.004s][1][129][trace] GC(99) _eden_chunk_array[312]=0x00000000fb34b4d0
[2025-08-08T15:31:06.357+0000][632.004s][1][129][trace] GC(99) _eden_chunk_array[313]=0x00000000fb370130
[2025-08-08T15:31:06.357+0000][632.004s][1][129][trace] GC(99) _eden_chunk_array[314]=0x00000000fb394dc8
[2025-08-08T15:31:06.357+0000][632.004s][1][129][trace] GC(99) _eden_chunk_array[315]=0x00000000fb3b9a48
[2025-08-08T15:31:06.357+0000][632.004s][1][129][trace] GC(99) _eden_chunk_array[316]=0x00000000fb3de6a0
[2025-08-08T15:31:06.357+0000][632.004s][1][129][trace] GC(99) _eden_chunk_array[317]=0x00000000fb415270
[2025-08-08T15:31:06.357+0000][632.004s][1][129][trace] GC(99) _eden_chunk_array[318]=0x00000000fb4494c0
[2025-08-08T15:31:06.357+0000][632.004s][1][129][trace] GC(99) _eden_chunk_array[319]=0x00000000fb46db38
[2025-08-08T15:31:06.357+0000][632.004s][1][129][trace] GC(99) _eden_chunk_array[320]=0x00000000fb490698
[2025-08-08T15:31:06.357+0000][632.004s][1][129][trace] GC(99) _eden_chunk_array[321]=0x00000000fb4b4c10
[2025-08-08T15:31:06.357+0000][632.004s][1][129][trace] GC(99) _eden_chunk_array[322]=0x00000000fb4d7d10
[2025-08-08T15:31:06.357+0000][632.004s][1][129][trace] GC(99) _eden_chunk_array[323]=0x00000000fb510950
[2025-08-08T15:31:06.357+0000][632.004s][1][129][trace] GC(99) _eden_chunk_array[324]=0x00000000fb534ec0
[2025-08-08T15:31:06.357+0000][632.004s][1][129][trace] GC(99) _eden_chunk_array[325]=0x00000000fb5585a0
[2025-08-08T15:31:06.357+0000][632.004s][1][129][trace] GC(99) _eden_chunk_array[326]=0x00000000fb5911e8
[2025-08-08T15:31:06.357+0000][632.004s][1][129][trace] GC(99) _eden_chunk_array[327]=0x00000000fb5c9e40
[2025-08-08T15:31:06.357+0000][632.004s][1][129][trace] GC(99) _eden_chunk_array[328]=0x00000000fb6173a8
[2025-08-08T15:31:06.357+0000][632.004s][1][129][trace] GC(99) _eden_chunk_array[329]=0x00000000fb672600
[2025-08-08T15:31:06.357+0000][632.004s][1][129][trace] GC(99) _eden_chunk_array[330]=0x00000000fb6a04c0
[2025-08-08T15:31:06.357+0000][632.004s][1][129][trace] GC(99) _eden_chunk_array[331]=0x00000000fb6ecbc8
[2025-08-08T15:31:06.357+0000][632.004s][1][129][trace] GC(99) _eden_chunk_array[332]=0x00000000fb70cec0
[2025-08-08T15:31:06.357+0000][632.004s][1][129][trace] GC(99) _eden_chunk_array[333]=0x00000000fb7338e0
[2025-08-08T15:31:06.357+0000][632.004s][1][129][trace] GC(99) _eden_chunk_array[334]=0x00000000fb75f0b0
[2025-08-08T15:31:06.357+0000][632.004s][1][129][trace] GC(99) _eden_chunk_array[335]=0x00000000fb7871e8
[2025-08-08T15:31:06.357+0000][632.004s][1][129][trace] GC(99) _eden_chunk_array[336]=0x00000000fb7ab810
[2025-08-08T15:31:06.357+0000][632.004s][1][129][trace] GC(99) _eden_chunk_array[337]=0x00000000fb7d7f50
[2025-08-08T15:31:06.357+0000][632.004s][1][129][trace] GC(99) _eden_chunk_array[338]=0x00000000fb7fb6e8
[2025-08-08T15:31:06.357+0000][632.004s][1][129][trace] GC(99) _eden_chunk_array[339]=0x00000000fb82c340
[2025-08-08T15:31:06.357+0000][632.004s][1][129][trace] GC(99) _eden_chunk_array[340]=0x00000000fb877cf8
[2025-08-08T15:31:06.357+0000][632.004s][1][129][trace] GC(99) _eden_chunk_array[341]=0x00000000fb89b488
[2025-08-08T15:31:06.357+0000][632.004s][1][129][trace] GC(99) _eden_chunk_array[342]=0x00000000fb8bec20
[2025-08-08T15:31:06.357+0000][632.004s][1][129][trace] GC(99) _eden_chunk_array[343]=0x00000000fb8e23d8
[2025-08-08T15:31:06.357+0000][632.004s][1][129][trace] GC(99) _eden_chunk_array[344]=0x00000000fb905b80
[2025-08-08T15:31:06.357+0000][632.004s][1][129][trace] GC(99) _eden_chunk_array[345]=0x00000000fb927270
[2025-08-08T15:31:06.357+0000][632.004s][1][129][trace] GC(99) _eden_chunk_array[346]=0x00000000fb954810
[2025-08-08T15:31:06.357+0000][632.004s][1][129][trace] GC(99) _eden_chunk_array[347]=0x00000000fb97a168
[2025-08-08T15:31:06.357+0000][632.004s][1][129][trace] GC(99) _eden_chunk_array[348]=0x00000000fb9cc900
[2025-08-08T15:31:06.357+0000][632.004s][1][129][trace] GC(99) _eden_chunk_array[349]=0x00000000fb9f2848
[2025-08-08T15:31:06.357+0000][632.004s][1][129][trace] GC(99) _eden_chunk_array[350]=0x00000000fba15ff0
[2025-08-08T15:31:06.357+0000][632.004s][1][129][trace] GC(99) _eden_chunk_array[351]=0x00000000fba540e0
[2025-08-08T15:31:06.357+0000][632.004s][1][129][trace] GC(99) _eden_chunk_array[352]=0x00000000fba8f770
[2025-08-08T15:31:06.357+0000][632.004s][1][129][trace] GC(99) _eden_chunk_array[353]=0x00000000fbab3ce8
[2025-08-08T15:31:06.357+0000][632.004s][1][129][trace] GC(99) _eden_chunk_array[354]=0x00000000fbad8258
[2025-08-08T15:31:06.357+0000][632.004s][1][129][trace] GC(99) _eden_chunk_array[355]=0x00000000fbafc7c8
[2025-08-08T15:31:06.357+0000][632.004s][1][129][trace] GC(99) _eden_chunk_array[356]=0x00000000fbb481c0
[2025-08-08T15:31:06.357+0000][632.004s][1][129][trace] GC(99) _eden_chunk_array[357]=0x00000000fbb6c740
[2025-08-08T15:31:06.357+0000][632.004s][1][129][trace] GC(99) _eden_chunk_array[358]=0x00000000fbb90cc0
[2025-08-08T15:31:06.357+0000][632.004s][1][129][trace] GC(99) _eden_chunk_array[359]=0x00000000fbbdef48
[2025-08-08T15:31:06.357+0000][632.004s][1][129][trace] GC(99) _eden_chunk_array[360]=0x00000000fbc05210
[2025-08-08T15:31:06.357+0000][632.004s][1][129][trace] GC(99) _eden_chunk_array[361]=0x00000000fbc2aef8
[2025-08-08T15:31:06.357+0000][632.004s][1][129][trace] GC(99) _eden_chunk_array[362]=0x00000000fbc517f0
[2025-08-08T15:31:06.357+0000][632.004s][1][129][trace] GC(99) _eden_chunk_array[363]=0x00000000fbc71960
[2025-08-08T15:31:06.357+0000][632.004s][1][129][trace] GC(99) _eden_chunk_array[364]=0x00000000fbca9d38
[2025-08-08T15:31:06.357+0000][632.004s][1][129][trace] GC(99) _eden_chunk_array[365]=0x00000000fbce3928
[2025-08-08T15:31:06.357+0000][632.004s][1][129][trace] GC(99) _eden_chunk_array[366]=0x00000000fbd0dc60
[2025-08-08T15:31:06.357+0000][632.004s][1][129][trace] GC(99) _eden_chunk_array[367]=0x00000000fbd59618
[2025-08-08T15:31:06.357+0000][632.004s][1][129][trace] GC(99) _eden_chunk_array[368]=0x00000000fbd8f270
[2025-08-08T15:31:06.357+0000][632.004s][1][129][trace] GC(99) _eden_chunk_array[369]=0x00000000fbdd6490
[2025-08-08T15:31:06.357+0000][632.004s][1][129][trace] GC(99) _eden_chunk_array[370]=0x00000000fbe145b8
[2025-08-08T15:31:06.357+0000][632.004s][1][129][trace] GC(99) _eden_chunk_array[371]=0x00000000fbe526e8
[2025-08-08T15:31:06.357+0000][632.004s][1][129][trace] GC(99) _eden_chunk_array[372]=0x00000000fbe907e8
[2025-08-08T15:31:06.357+0000][632.004s][1][129][trace] GC(99) _eden_chunk_array[373]=0x00000000fbeb4d70
[2025-08-08T15:31:06.357+0000][632.004s][1][129][trace] GC(99) _eden_chunk_array[374]=0x00000000fbed56c0
[2025-08-08T15:31:06.357+0000][632.004s][1][129][trace] GC(99) _eden_chunk_array[375]=0x00000000fbf00b78
[2025-08-08T15:31:06.357+0000][632.004s][1][129][trace] GC(99) _eden_chunk_array[376]=0x00000000fbf25120
[2025-08-08T15:31:06.357+0000][632.004s][1][129][trace] GC(99) _eden_chunk_array[377]=0x00000000fbf5dd68
[2025-08-08T15:31:06.357+0000][632.004s][1][129][trace] GC(99) _eden_chunk_array[378]=0x00000000fbf822e8
[2025-08-08T15:31:06.357+0000][632.004s][1][129][trace] GC(99) _eden_chunk_array[379]=0x00000000fbfa6860
[2025-08-08T15:31:06.357+0000][632.004s][1][129][trace] GC(99) _eden_chunk_array[380]=0x00000000fbfedb88
[2025-08-08T15:31:06.357+0000][632.004s][1][129][trace] GC(99) _eden_chunk_array[381]=0x00000000fc027520
[2025-08-08T15:31:06.357+0000][632.004s][1][129][trace] GC(99) _eden_chunk_array[382]=0x00000000fc05cda8
[2025-08-08T15:31:06.357+0000][632.004s][1][129][trace] GC(99) _eden_chunk_array[383]=0x00000000fc092648
[2025-08-08T15:31:06.357+0000][632.004s][1][129][trace] GC(99) _eden_chunk_array[384]=0x00000000fc0c7ee0
[2025-08-08T15:31:06.357+0000][632.004s][1][129][trace] GC(99) _eden_chunk_array[385]=0x00000000fc0f5e88
[2025-08-08T15:31:06.357+0000][632.004s][1][129][trace] GC(99) _eden_chunk_array[386]=0x00000000fc11dca0
[2025-08-08T15:31:06.357+0000][632.004s][1][129][trace] GC(99) _eden_chunk_array[387]=0x00000000fc1889f0
[2025-08-08T15:31:06.357+0000][632.004s][1][129][trace] GC(99) _eden_chunk_array[388]=0x00000000fc1d17f8
[2025-08-08T15:31:06.357+0000][632.004s][1][129][trace] GC(99) _eden_chunk_array[389]=0x00000000fc1fcc00
[2025-08-08T15:31:06.357+0000][632.004s][1][129][trace] GC(99) _eden_chunk_array[390]=0x00000000fc21d560
[2025-08-08T15:31:06.357+0000][632.004s][1][129][trace] GC(99) _eden_chunk_array[391]=0x00000000fc23ffd8
[2025-08-08T15:31:06.357+0000][632.004s][1][129][trace] GC(99) _eden_chunk_array[392]=0x00000000fc2655d0
[2025-08-08T15:31:06.357+0000][632.004s][1][129][trace] GC(99) _eden_chunk_array[393]=0x00000000fc2933e0
[2025-08-08T15:31:06.357+0000][632.004s][1][129][trace] GC(99) _eden_chunk_array[394]=0x00000000fc2b6618
[2025-08-08T15:31:06.357+0000][632.004s][1][129][trace] GC(99) _eden_chunk_array[395]=0x00000000fc2d8650
[2025-08-08T15:31:06.357+0000][632.004s][1][129][trace] GC(99) _eden_chunk_array[396]=0x00000000fc2fb898
[2025-08-08T15:31:06.357+0000][632.004s][1][129][trace] GC(99) _eden_chunk_array[397]=0x00000000fc31d8c0
[2025-08-08T15:31:06.357+0000][632.004s][1][129][trace] GC(99) _eden_chunk_array[398]=0x00000000fc340af0
[2025-08-08T15:31:06.357+0000][632.004s][1][129][trace] GC(99) _eden_chunk_array[399]=0x00000000fc363da0
[2025-08-08T15:31:06.357+0000][632.004s][1][129][trace] GC(99) _eden_chunk_array[400]=0x00000000fc3c71b0
[2025-08-08T15:31:06.357+0000][632.004s][1][129][trace] GC(99) _eden_chunk_array[401]=0x00000000fc3ea348
[2025-08-08T15:31:06.357+0000][632.004s][1][129][trace] GC(99) _eden_chunk_array[402]=0x00000000fc4421c8
[2025-08-08T15:31:06.357+0000][632.004s][1][129][trace] GC(99) _eden_chunk_array[403]=0x00000000fc46d4f8
[2025-08-08T15:31:06.357+0000][632.004s][1][129][trace] GC(99) _eden_chunk_array[404]=0x00000000fc49be20
[2025-08-08T15:31:06.357+0000][632.004s][1][129][trace] GC(99) _eden_chunk_array[405]=0x00000000fc4e51e8
[2025-08-08T15:31:06.357+0000][632.004s][1][129][trace] GC(99) _eden_chunk_array[406]=0x00000000fc516898
[2025-08-08T15:31:06.357+0000][632.004s][1][129][trace] GC(99) _eden_chunk_array[407]=0x00000000fc53b508
[2025-08-08T15:31:06.357+0000][632.004s][1][129][trace] GC(99) _eden_chunk_array[408]=0x00000000fc560170
[2025-08-08T15:31:06.357+0000][632.004s][1][129][trace] GC(99) _eden_chunk_array[409]=0x00000000fc5b99d0
[2025-08-08T15:31:06.357+0000][632.004s][1][129][trace] GC(99) _eden_chunk_array[410]=0x00000000fc5de638
[2025-08-08T15:31:06.357+0000][632.004s][1][129][trace] GC(99) _eden_chunk_array[411]=0x00000000fc605018
[2025-08-08T15:31:06.357+0000][632.004s][1][129][trace] GC(99) _eden_chunk_array[412]=0x00000000fc629c70
[2025-08-08T15:31:06.357+0000][632.004s][1][129][trace] GC(99) _eden_chunk_array[413]=0x00000000fc64b868
[2025-08-08T15:31:06.357+0000][632.004s][1][129][trace] GC(99) _eden_chunk_array[414]=0x00000000fc66c4e0
[2025-08-08T15:31:06.357+0000][632.004s][1][129][trace] GC(99) _eden_chunk_array[415]=0x00000000fc68d6e8
[2025-08-08T15:31:06.357+0000][632.004s][1][129][trace] GC(99) _eden_chunk_array[416]=0x00000000fc6f2f28
[2025-08-08T15:31:06.357+0000][632.004s][1][129][trace] GC(99) _eden_chunk_array[417]=0x00000000fc730b30
[2025-08-08T15:31:06.357+0000][632.004s][1][129][trace] GC(99) _eden_chunk_array[418]=0x00000000fc75ddb0
[2025-08-08T15:31:06.357+0000][632.004s][1][129][trace] GC(99) _eden_chunk_array[419]=0x00000000fc7909e0
[2025-08-08T15:31:06.357+0000][632.004s][1][129][trace] GC(99) _eden_chunk_array[420]=0x00000000fc7bdfd8
[2025-08-08T15:31:06.357+0000][632.004s][1][129][trace] GC(99) _eden_chunk_array[421]=0x00000000fc7f8318
[2025-08-08T15:31:06.357+0000][632.004s][1][129][trace] GC(99) _eden_chunk_array[422]=0x00000000fc820028
[2025-08-08T15:31:06.357+0000][632.004s][1][129][trace] GC(99) _eden_chunk_array[423]=0x00000000fc843278
[2025-08-08T15:31:06.357+0000][632.004s][1][129][trace] GC(99) _eden_chunk_array[424]=0x00000000fc8664e0
[2025-08-08T15:31:06.357+0000][632.004s][1][129][trace] GC(99) _eden_chunk_array[425]=0x00000000fc889748
[2025-08-08T15:31:06.357+0000][632.004s][1][129][trace] GC(99) _eden_chunk_array[426]=0x00000000fc8ac998
[2025-08-08T15:31:06.357+0000][632.004s][1][129][trace] GC(99) _eden_chunk_array[427]=0x00000000fc8cfbb8
[2025-08-08T15:31:06.357+0000][632.004s][1][129][trace] GC(99) _eden_chunk_array[428]=0x00000000fc8f2e08
[2025-08-08T15:31:06.357+0000][632.004s][1][129][trace] GC(99) _eden_chunk_array[429]=0x00000000fc913530
[2025-08-08T15:31:06.357+0000][632.004s][1][129][trace] GC(99) _eden_chunk_array[430]=0x00000000fc974808
[2025-08-08T15:31:06.357+0000][632.004s][1][129][trace] GC(99) _eden_chunk_array[431]=0x00000000fc9a0720
[2025-08-08T15:31:06.357+0000][632.004s][1][129][trace] GC(99) _eden_chunk_array[432]=0x00000000fc9caa68
[2025-08-08T15:31:06.357+0000][632.004s][1][129][trace] GC(99) _eden_chunk_array[433]=0x00000000fc9f4db0
[2025-08-08T15:31:06.357+0000][632.004s][1][129][trace] GC(99) _eden_chunk_array[434]=0x00000000fca5ede0
[2025-08-08T15:31:06.357+0000][632.004s][1][129][trace] GC(99) _eden_chunk_array[435]=0x00000000fca94d60
[2025-08-08T15:31:06.357+0000][632.004s][1][129][trace] GC(99) _eden_chunk_array[436]=0x00000000fcacace8
[2025-08-08T15:31:06.357+0000][632.004s][1][129][trace] GC(99) _eden_chunk_array[437]=0x00000000fcb00c90
[2025-08-08T15:31:06.357+0000][632.004s][1][129][trace] GC(99) _eden_chunk_array[438]=0x00000000fcb36c28
[2025-08-08T15:31:06.357+0000][632.004s][1][129][trace] GC(99) _eden_chunk_array[439]=0x00000000fcb825c8
[2025-08-08T15:31:06.357+0000][632.004s][1][129][trace] GC(99) _eden_chunk_array[440]=0x00000000fcba8d30
[2025-08-08T15:31:06.357+0000][632.004s][1][129][trace] GC(99) _eden_chunk_array[441]=0x00000000fcbd32a8
[2025-08-08T15:31:06.357+0000][632.004s][1][129][trace] GC(99) _eden_chunk_array[442]=0x00000000fcbf4358
[2025-08-08T15:31:06.357+0000][632.004s][1][129][trace] GC(99) _eden_chunk_array[443]=0x00000000fcc16798
[2025-08-08T15:31:06.357+0000][632.004s][1][129][trace] GC(99) _eden_chunk_array[444]=0x00000000fcc59da8
[2025-08-08T15:31:06.357+0000][632.004s][1][129][trace] GC(99) _eden_chunk_array[445]=0x00000000fcc88778
[2025-08-08T15:31:06.357+0000][632.004s][1][129][trace] GC(99) _eden_chunk_array[446]=0x00000000fccae908
[2025-08-08T15:31:06.357+0000][632.004s][1][129][trace] GC(99) _eden_chunk_array[447]=0x00000000fcccff80
[2025-08-08T15:31:06.357+0000][632.004s][1][129][trace] GC(99) _eden_chunk_array[448]=0x00000000fccfe990
[2025-08-08T15:31:06.357+0000][632.004s][1][129][trace] GC(99) _eden_chunk_array[449]=0x00000000fcd2d3b0
[2025-08-08T15:31:06.357+0000][632.004s][1][129][trace] GC(99) _eden_chunk_array[450]=0x00000000fcd4e0f0
[2025-08-08T15:31:06.357+0000][632.004s][1][129][trace] GC(99) _eden_chunk_array[451]=0x00000000fcd72670
[2025-08-08T15:31:06.357+0000][632.004s][1][129][trace] GC(99) _eden_chunk_array[452]=0x00000000fcdd4848
[2025-08-08T15:31:06.357+0000][632.004s][1][129][trace] GC(99) _eden_chunk_array[453]=0x00000000fce201f8
[2025-08-08T15:31:06.357+0000][632.005s][1][129][trace] GC(99) _eden_chunk_array[454]=0x00000000fce4fc40
[2025-08-08T15:31:06.357+0000][632.005s][1][129][trace] GC(99) _eden_chunk_array[455]=0x00000000fce750f0
[2025-08-08T15:31:06.357+0000][632.005s][1][129][trace] GC(99) _eden_chunk_array[456]=0x00000000fceb0798
[2025-08-08T15:31:06.357+0000][632.005s][1][129][trace] GC(99) _eden_chunk_array[457]=0x00000000fceee898
[2025-08-08T15:31:06.357+0000][632.005s][1][129][trace] GC(99) _eden_chunk_array[458]=0x00000000fcf585a8
[2025-08-08T15:31:06.357+0000][632.005s][1][129][trace] GC(99) _eden_chunk_array[459]=0x00000000fcf911d8
[2025-08-08T15:31:06.357+0000][632.005s][1][129][trace] GC(99) _eden_chunk_array[460]=0x00000000fcfb1800
[2025-08-08T15:31:06.357+0000][632.005s][1][129][trace] GC(99) _eden_chunk_array[461]=0x00000000fcfe8de8
[2025-08-08T15:31:06.357+0000][632.005s][1][129][trace] GC(99) _eden_chunk_array[462]=0x00000000fd04c628
[2025-08-08T15:31:06.357+0000][632.005s][1][129][trace] GC(99) _eden_chunk_array[463]=0x00000000fd06ced8
[2025-08-08T15:31:06.357+0000][632.005s][1][129][trace] GC(99) _eden_chunk_array[464]=0x00000000fd08edc0
[2025-08-08T15:31:06.357+0000][632.005s][1][129][trace] GC(99) _eden_chunk_array[465]=0x00000000fd0b19c8
[2025-08-08T15:31:06.357+0000][632.005s][1][129][trace] GC(99) _eden_chunk_array[466]=0x00000000fd10db38
[2025-08-08T15:31:06.357+0000][632.005s][1][129][trace] GC(99) _eden_chunk_array[467]=0x00000000fd1391f8
[2025-08-08T15:31:06.357+0000][632.005s][1][129][trace] GC(99) _eden_chunk_array[468]=0x00000000fd15a670
[2025-08-08T15:31:06.357+0000][632.005s][1][129][trace] GC(99) _eden_chunk_array[469]=0x00000000fd1857d0
[2025-08-08T15:31:06.357+0000][632.005s][1][129][trace] GC(99) _eden_chunk_array[470]=0x00000000fd1dc288
[2025-08-08T15:31:06.357+0000][632.005s][1][129][trace] GC(99) _eden_chunk_array[471]=0x00000000fd1ff3d8
[2025-08-08T15:31:06.357+0000][632.005s][1][129][trace] GC(99) _eden_chunk_array[472]=0x00000000fd239180
[2025-08-08T15:31:06.357+0000][632.005s][1][129][trace] GC(99) _eden_chunk_array[473]=0x00000000fd271dd0
[2025-08-08T15:31:06.357+0000][632.005s][1][129][trace] GC(99) _eden_chunk_array[474]=0x00000000fd2aaa18
[2025-08-08T15:31:06.357+0000][632.005s][1][129][trace] GC(99) _eden_chunk_array[475]=0x00000000fd2e3660
[2025-08-08T15:31:06.357+0000][632.005s][1][129][trace] GC(99) _eden_chunk_array[476]=0x00000000fd31c2a8
[2025-08-08T15:31:06.357+0000][632.005s][1][129][trace] GC(99) _eden_chunk_array[477]=0x00000000fd367c60
[2025-08-08T15:31:06.357+0000][632.005s][1][129][trace] GC(99) _eden_chunk_array[478]=0x00000000fd39b3e0
[2025-08-08T15:31:06.357+0000][632.005s][1][129][trace] GC(99) _eden_chunk_array[479]=0x00000000fd3c0640
[2025-08-08T15:31:06.357+0000][632.005s][1][129][trace] GC(99) _eden_chunk_array[480]=0x00000000fd3eaeb8
[2025-08-08T15:31:06.357+0000][632.005s][1][129][trace] GC(99) _eden_chunk_array[481]=0x00000000fd410000
[2025-08-08T15:31:06.357+0000][632.005s][1][129][trace] GC(99) survivor 0x00000000fd410000-0x00000000fdcf3290-0x00000000fe780000(20381696)
[2025-08-08T15:31:06.357+0000][632.005s][1][129][trace] GC(99) _survivor_chunk_index=0, _survivor_chunk_capacity=9952
[2025-08-08T15:31:06.384+0000][632.031s][1][129][info ] GC(99) Pause Initial Mark 170M->170M(180M) 29.113ms
[2025-08-08T15:31:06.384+0000][632.031s][1][129][info ] Leaving safepoint region
[2025-08-08T15:31:06.384+0000][632.031s][1][129][info ] Total time for which application threads were stopped: 0.0294825 seconds, Stopping threads took: 0.0000386 seconds
[2025-08-08T15:31:06.384+0000][632.031s][1][128][info ] GC(99) Concurrent Mark
[2025-08-08T15:31:06.387+0000][632.034s][1][128][info ] GC(99) Concurrent Mark 3.158ms
[2025-08-08T15:31:06.387+0000][632.034s][1][128][info ] GC(99) Concurrent Preclean
[2025-08-08T15:31:06.387+0000][632.035s][1][128][info ] GC(99) Concurrent Preclean 0.314ms
[2025-08-08T15:31:06.387+0000][632.035s][1][128][info ] GC(99) Concurrent Abortable Preclean
[2025-08-08T15:31:06.387+0000][632.035s][1][128][trace] CMS: promo attempt is not safe: available(24) < av_promo(2795063), max_promo(172962512)
[2025-08-08T15:31:06.387+0000][632.035s][1][128][info ] GC(99) Concurrent Abortable Preclean 0.017ms
[2025-08-08T15:31:06.388+0000][632.035s][1][129][info ] Application time: 0.0037972 seconds
[2025-08-08T15:31:06.388+0000][632.035s][1][129][info ] Entering safepoint region: CMS_Final_Remark
[2025-08-08T15:31:06.388+0000][632.035s][1][129][trace] GC(99) eden 0x00000000f3800000-0x00000000fd410000-0x00000000fd410000(163643392)
[2025-08-08T15:31:06.388+0000][632.035s][1][129][trace] GC(99) _eden_chunk_index=482, _eden_chunk_capacity=11233
[2025-08-08T15:31:06.388+0000][632.035s][1][129][trace] GC(99) _eden_chunk_array[0]=0x00000000f73f9200
[2025-08-08T15:31:06.388+0000][632.035s][1][129][trace] GC(99) _eden_chunk_array[1]=0x00000000f74247b8
[2025-08-08T15:31:06.388+0000][632.035s][1][129][trace] GC(99) _eden_chunk_array[2]=0x00000000f7453930
[2025-08-08T15:31:06.388+0000][632.035s][1][129][trace] GC(99) _eden_chunk_array[3]=0x00000000f747dc68
[2025-08-08T15:31:06.388+0000][632.035s][1][129][trace] GC(99) _eden_chunk_array[4]=0x00000000f74ad020
[2025-08-08T15:31:06.388+0000][632.035s][1][129][trace] GC(99) _eden_chunk_array[5]=0x00000000f74d6e28
[2025-08-08T15:31:06.388+0000][632.035s][1][129][trace] GC(99) _eden_chunk_array[6]=0x00000000f74feb48
[2025-08-08T15:31:06.388+0000][632.035s][1][129][trace] GC(99) _eden_chunk_array[7]=0x00000000f7534cd8
[2025-08-08T15:31:06.388+0000][632.035s][1][129][trace] GC(99) _eden_chunk_array[8]=0x00000000f7554e70
[2025-08-08T15:31:06.388+0000][632.035s][1][129][trace] GC(99) _eden_chunk_array[9]=0x00000000f758a818
[2025-08-08T15:31:06.388+0000][632.035s][1][129][trace] GC(99) _eden_chunk_array[10]=0x00000000f75b8710
[2025-08-08T15:31:06.388+0000][632.035s][1][129][trace] GC(99) _eden_chunk_array[11]=0x00000000f75ff918
[2025-08-08T15:31:06.388+0000][632.035s][1][129][trace] GC(99) _eden_chunk_array[12]=0x00000000f7636b78
[2025-08-08T15:31:06.388+0000][632.035s][1][129][trace] GC(99) _eden_chunk_array[13]=0x00000000f767dd90
[2025-08-08T15:31:06.388+0000][632.035s][1][129][trace] GC(99) _eden_chunk_array[14]=0x00000000f76e4388
[2025-08-08T15:31:06.388+0000][632.035s][1][129][trace] GC(99) _eden_chunk_array[15]=0x00000000f7719c08
[2025-08-08T15:31:06.388+0000][632.035s][1][129][trace] GC(99) _eden_chunk_array[16]=0x00000000f774f498
[2025-08-08T15:31:06.388+0000][632.035s][1][129][trace] GC(99) _eden_chunk_array[17]=0x00000000f7784d40
[2025-08-08T15:31:06.388+0000][632.035s][1][129][trace] GC(99) _eden_chunk_array[18]=0x00000000f77ab4a0
[2025-08-08T15:31:06.388+0000][632.035s][1][129][trace] GC(99) _eden_chunk_array[19]=0x00000000f77cf2b0
[2025-08-08T15:31:06.388+0000][632.035s][1][129][trace] GC(99) _eden_chunk_array[20]=0x00000000f77f2938
[2025-08-08T15:31:06.388+0000][632.035s][1][129][trace] GC(99) _eden_chunk_array[21]=0x00000000f782c488
[2025-08-08T15:31:06.388+0000][632.035s][1][129][trace] GC(99) _eden_chunk_array[22]=0x00000000f7859ad0
[2025-08-08T15:31:06.388+0000][632.035s][1][129][trace] GC(99) _eden_chunk_array[23]=0x00000000f7890740
[2025-08-08T15:31:06.388+0000][632.035s][1][129][trace] GC(99) _eden_chunk_array[24]=0x00000000f78f70b0
[2025-08-08T15:31:06.388+0000][632.035s][1][129][trace] GC(99) _eden_chunk_array[25]=0x00000000f792d058
[2025-08-08T15:31:06.388+0000][632.035s][1][129][trace] GC(99) _eden_chunk_array[26]=0x00000000f7964c08
[2025-08-08T15:31:06.388+0000][632.035s][1][129][trace] GC(99) _eden_chunk_array[27]=0x00000000f7985bb0
[2025-08-08T15:31:06.388+0000][632.035s][1][129][trace] GC(99) _eden_chunk_array[28]=0x00000000f79ccdc8
[2025-08-08T15:31:06.388+0000][632.035s][1][129][trace] GC(99) _eden_chunk_array[29]=0x00000000f79fd778
[2025-08-08T15:31:06.388+0000][632.035s][1][129][trace] GC(99) _eden_chunk_array[30]=0x00000000f7a251b0
[2025-08-08T15:31:06.388+0000][632.035s][1][129][trace] GC(99) _eden_chunk_array[31]=0x00000000f7a8f220
[2025-08-08T15:31:06.388+0000][632.035s][1][129][trace] GC(99) _eden_chunk_array[32]=0x00000000f7abcfa0
[2025-08-08T15:31:06.388+0000][632.035s][1][129][trace] GC(99) _eden_chunk_array[33]=0x00000000f7b041c8
[2025-08-08T15:31:06.388+0000][632.035s][1][129][trace] GC(99) _eden_chunk_array[34]=0x00000000f7b32af8
[2025-08-08T15:31:06.388+0000][632.035s][1][129][trace] GC(99) _eden_chunk_array[35]=0x00000000f7b55750
[2025-08-08T15:31:06.388+0000][632.035s][1][129][trace] GC(99) _eden_chunk_array[36]=0x00000000f7b8f420
[2025-08-08T15:31:06.388+0000][632.035s][1][129][trace] GC(99) _eden_chunk_array[37]=0x00000000f7bb7128
[2025-08-08T15:31:06.388+0000][632.035s][1][129][trace] GC(99) _eden_chunk_array[38]=0x00000000f7bf9a90
[2025-08-08T15:31:06.388+0000][632.035s][1][129][trace] GC(99) _eden_chunk_array[39]=0x00000000f7c2f338
[2025-08-08T15:31:06.388+0000][632.035s][1][129][trace] GC(99) _eden_chunk_array[40]=0x00000000f7c64bd0
[2025-08-08T15:31:06.388+0000][632.035s][1][129][trace] GC(99) _eden_chunk_array[41]=0x00000000f7c9a478
[2025-08-08T15:31:06.388+0000][632.035s][1][129][trace] GC(99) _eden_chunk_array[42]=0x00000000f7ccdea0
[2025-08-08T15:31:06.388+0000][632.035s][1][129][trace] GC(99) _eden_chunk_array[43]=0x00000000f7cef8c0
[2025-08-08T15:31:06.388+0000][632.035s][1][129][trace] GC(99) _eden_chunk_array[44]=0x00000000f7d28840
[2025-08-08T15:31:06.388+0000][632.035s][1][129][trace] GC(99) _eden_chunk_array[45]=0x00000000f7d52ba0
[2025-08-08T15:31:06.388+0000][632.035s][1][129][trace] GC(99) _eden_chunk_array[46]=0x00000000f7d924a8
[2025-08-08T15:31:06.388+0000][632.035s][1][129][trace] GC(99) _eden_chunk_array[47]=0x00000000f7ddde58
[2025-08-08T15:31:06.388+0000][632.035s][1][129][trace] GC(99) _eden_chunk_array[48]=0x00000000f7e25078
[2025-08-08T15:31:06.388+0000][632.035s][1][129][trace] GC(99) _eden_chunk_array[49]=0x00000000f7e53a48
[2025-08-08T15:31:06.388+0000][632.035s][1][129][trace] GC(99) _eden_chunk_array[50]=0x00000000f7e82418
[2025-08-08T15:31:06.388+0000][632.035s][1][129][trace] GC(99) _eden_chunk_array[51]=0x00000000f7eb0de0
[2025-08-08T15:31:06.388+0000][632.035s][1][129][trace] GC(99) _eden_chunk_array[52]=0x00000000f7edf7d0
[2025-08-08T15:31:06.388+0000][632.035s][1][129][trace] GC(99) _eden_chunk_array[53]=0x00000000f7f1b0b8
[2025-08-08T15:31:06.388+0000][632.035s][1][129][trace] GC(99) _eden_chunk_array[54]=0x00000000f7f44d00
[2025-08-08T15:31:06.388+0000][632.035s][1][129][trace] GC(99) _eden_chunk_array[55]=0x00000000f7f66170
[2025-08-08T15:31:06.388+0000][632.035s][1][129][trace] GC(99) _eden_chunk_array[56]=0x00000000f7f8e538
[2025-08-08T15:31:06.388+0000][632.035s][1][129][trace] GC(99) _eden_chunk_array[57]=0x00000000f7fb15d0
[2025-08-08T15:31:06.388+0000][632.035s][1][129][trace] GC(99) _eden_chunk_array[58]=0x00000000f7fd57d0
[2025-08-08T15:31:06.388+0000][632.035s][1][129][trace] GC(99) _eden_chunk_array[59]=0x00000000f8010e90
[2025-08-08T15:31:06.388+0000][632.035s][1][129][trace] GC(99) _eden_chunk_array[60]=0x00000000f8041ae0
[2025-08-08T15:31:06.388+0000][632.035s][1][129][trace] GC(99) _eden_chunk_array[61]=0x00000000f8062088
[2025-08-08T15:31:06.388+0000][632.035s][1][129][trace] GC(99) _eden_chunk_array[62]=0x00000000f80a92a8
[2025-08-08T15:31:06.388+0000][632.035s][1][129][trace] GC(99) _eden_chunk_array[63]=0x00000000f80d7198
[2025-08-08T15:31:06.388+0000][632.036s][1][129][trace] GC(99) _eden_chunk_array[64]=0x00000000f80f80c0
[2025-08-08T15:31:06.388+0000][632.036s][1][129][trace] GC(99) _eden_chunk_array[65]=0x00000000f8125fa0
[2025-08-08T15:31:06.388+0000][632.036s][1][129][trace] GC(99) _eden_chunk_array[66]=0x00000000f8153e90
[2025-08-08T15:31:06.388+0000][632.036s][1][129][trace] GC(99) _eden_chunk_array[67]=0x00000000f8174ae8
[2025-08-08T15:31:06.388+0000][632.036s][1][129][trace] GC(99) _eden_chunk_array[68]=0x00000000f819b990
[2025-08-08T15:31:06.388+0000][632.036s][1][129][trace] GC(99) _eden_chunk_array[69]=0x00000000f81bba80
[2025-08-08T15:31:06.388+0000][632.036s][1][129][trace] GC(99) _eden_chunk_array[70]=0x00000000f820f900
[2025-08-08T15:31:06.388+0000][632.036s][1][129][trace] GC(99) _eden_chunk_array[71]=0x00000000f823d620
[2025-08-08T15:31:06.388+0000][632.036s][1][129][trace] GC(99) _eden_chunk_array[72]=0x00000000f8262ba8
[2025-08-08T15:31:06.388+0000][632.036s][1][129][trace] GC(99) _eden_chunk_array[73]=0x00000000f82ab2f8
[2025-08-08T15:31:06.388+0000][632.036s][1][129][trace] GC(99) _eden_chunk_array[74]=0x00000000f8311588
[2025-08-08T15:31:06.388+0000][632.036s][1][129][trace] GC(99) _eden_chunk_array[75]=0x00000000f834f680
[2025-08-08T15:31:06.388+0000][632.036s][1][129][trace] GC(99) _eden_chunk_array[76]=0x00000000f8373c00
[2025-08-08T15:31:06.388+0000][632.036s][1][129][trace] GC(99) _eden_chunk_array[77]=0x00000000f83b1d38
[2025-08-08T15:31:06.388+0000][632.036s][1][129][trace] GC(99) _eden_chunk_array[78]=0x00000000f83d29e0
[2025-08-08T15:31:06.388+0000][632.036s][1][129][trace] GC(99) _eden_chunk_array[79]=0x00000000f843d9b0
[2025-08-08T15:31:06.388+0000][632.036s][1][129][trace] GC(99) _eden_chunk_array[80]=0x00000000f8470448
[2025-08-08T15:31:06.388+0000][632.036s][1][129][trace] GC(99) _eden_chunk_array[81]=0x00000000f8494218
[2025-08-08T15:31:06.388+0000][632.036s][1][129][trace] GC(99) _eden_chunk_array[82]=0x00000000f84b46a0
[2025-08-08T15:31:06.388+0000][632.036s][1][129][trace] GC(99) _eden_chunk_array[83]=0x00000000f84df640
[2025-08-08T15:31:06.388+0000][632.036s][1][129][trace] GC(99) _eden_chunk_array[84]=0x00000000f8503248
[2025-08-08T15:31:06.388+0000][632.036s][1][129][trace] GC(99) _eden_chunk_array[85]=0x00000000f8525dd0
[2025-08-08T15:31:06.388+0000][632.036s][1][129][trace] GC(99) _eden_chunk_array[86]=0x00000000f8549fb0
[2025-08-08T15:31:06.388+0000][632.036s][1][129][trace] GC(99) _eden_chunk_array[87]=0x00000000f8593700
[2025-08-08T15:31:06.388+0000][632.036s][1][129][trace] GC(99) _eden_chunk_array[88]=0x00000000f85b6e98
[2025-08-08T15:31:06.388+0000][632.036s][1][129][trace] GC(99) _eden_chunk_array[89]=0x00000000f85da628
[2025-08-08T15:31:06.388+0000][632.036s][1][129][trace] GC(99) _eden_chunk_array[90]=0x00000000f8637ba0
[2025-08-08T15:31:06.388+0000][632.036s][1][129][trace] GC(99) _eden_chunk_array[91]=0x00000000f865b350
[2025-08-08T15:31:06.388+0000][632.036s][1][129][trace] GC(99) _eden_chunk_array[92]=0x00000000f867eaf8
[2025-08-08T15:31:06.388+0000][632.036s][1][129][trace] GC(99) _eden_chunk_array[93]=0x00000000f86a22b0
[2025-08-08T15:31:06.388+0000][632.036s][1][129][trace] GC(99) _eden_chunk_array[94]=0x00000000f86ce2b8
[2025-08-08T15:31:06.388+0000][632.036s][1][129][trace] GC(99) _eden_chunk_array[95]=0x00000000f871be30
[2025-08-08T15:31:06.388+0000][632.036s][1][129][trace] GC(99) _eden_chunk_array[96]=0x00000000f873c650
[2025-08-08T15:31:06.388+0000][632.036s][1][129][trace] GC(99) _eden_chunk_array[97]=0x00000000f877a548
[2025-08-08T15:31:06.388+0000][632.036s][1][129][trace] GC(99) _eden_chunk_array[98]=0x00000000f87ab198
[2025-08-08T15:31:06.388+0000][632.036s][1][129][trace] GC(99) _eden_chunk_array[99]=0x00000000f87cdba8
[2025-08-08T15:31:06.388+0000][632.036s][1][129][trace] GC(99) _eden_chunk_array[100]=0x00000000f87ff268
[2025-08-08T15:31:06.388+0000][632.036s][1][129][trace] GC(99) _eden_chunk_array[101]=0x00000000f8820d80
[2025-08-08T15:31:06.388+0000][632.036s][1][129][trace] GC(99) _eden_chunk_array[102]=0x00000000f885e7f8
[2025-08-08T15:31:06.388+0000][632.036s][1][129][trace] GC(99) _eden_chunk_array[103]=0x00000000f88976c8
[2025-08-08T15:31:06.388+0000][632.036s][1][129][trace] GC(99) _eden_chunk_array[104]=0x00000000f88e3080
[2025-08-08T15:31:06.388+0000][632.036s][1][129][trace] GC(99) _eden_chunk_array[105]=0x00000000f8910f80
[2025-08-08T15:31:06.388+0000][632.036s][1][129][trace] GC(99) _eden_chunk_array[106]=0x00000000f893eeb0
[2025-08-08T15:31:06.388+0000][632.036s][1][129][trace] GC(99) _eden_chunk_array[107]=0x00000000f89a4ac8
[2025-08-08T15:31:06.388+0000][632.036s][1][129][trace] GC(99) _eden_chunk_array[108]=0x00000000f89cb8e0
[2025-08-08T15:31:06.388+0000][632.036s][1][129][trace] GC(99) _eden_chunk_array[109]=0x00000000f89ec060
[2025-08-08T15:31:06.388+0000][632.036s][1][129][trace] GC(99) _eden_chunk_array[110]=0x00000000f8a448d8
[2025-08-08T15:31:06.388+0000][632.036s][1][129][trace] GC(99) _eden_chunk_array[111]=0x00000000f8a6cea8
[2025-08-08T15:31:06.388+0000][632.036s][1][129][trace] GC(99) _eden_chunk_array[112]=0x00000000f8a9c180
[2025-08-08T15:31:06.388+0000][632.036s][1][129][trace] GC(99) _eden_chunk_array[113]=0x00000000f8abe1a8
[2025-08-08T15:31:06.388+0000][632.036s][1][129][trace] GC(99) _eden_chunk_array[114]=0x00000000f8af4148
[2025-08-08T15:31:06.388+0000][632.036s][1][129][trace] GC(99) _eden_chunk_array[115]=0x00000000f8b5a148
[2025-08-08T15:31:06.388+0000][632.036s][1][129][trace] GC(99) _eden_chunk_array[116]=0x00000000f8ba1368
[2025-08-08T15:31:06.388+0000][632.036s][1][129][trace] GC(99) _eden_chunk_array[117]=0x00000000f8bdf490
[2025-08-08T15:31:06.388+0000][632.036s][1][129][trace] GC(99) _eden_chunk_array[118]=0x00000000f8c1d598
[2025-08-08T15:31:06.388+0000][632.036s][1][129][trace] GC(99) _eden_chunk_array[119]=0x00000000f8c5b698
[2025-08-08T15:31:06.388+0000][632.036s][1][129][trace] GC(99) _eden_chunk_array[120]=0x00000000f8c7b880
[2025-08-08T15:31:06.388+0000][632.036s][1][129][trace] GC(99) _eden_chunk_array[121]=0x00000000f8cad368
[2025-08-08T15:31:06.388+0000][632.036s][1][129][trace] GC(99) _eden_chunk_array[122]=0x00000000f8ccde78
[2025-08-08T15:31:06.388+0000][632.036s][1][129][trace] GC(99) _eden_chunk_array[123]=0x00000000f8cf5a38
[2025-08-08T15:31:06.388+0000][632.036s][1][129][trace] GC(99) _eden_chunk_array[124]=0x00000000f8d26178
[2025-08-08T15:31:06.389+0000][632.036s][1][129][trace] GC(99) _eden_chunk_array[125]=0x00000000f8d49900
[2025-08-08T15:31:06.389+0000][632.036s][1][129][trace] GC(99) _eden_chunk_array[126]=0x00000000f8d8b1f8
[2025-08-08T15:31:06.389+0000][632.036s][1][129][trace] GC(99) _eden_chunk_array[127]=0x00000000f8db2f10
[2025-08-08T15:31:06.389+0000][632.036s][1][129][trace] GC(99) _eden_chunk_array[128]=0x00000000f8de18e0
[2025-08-08T15:31:06.389+0000][632.036s][1][129][trace] GC(99) _eden_chunk_array[129]=0x00000000f8e18b48
[2025-08-08T15:31:06.389+0000][632.036s][1][129][trace] GC(99) _eden_chunk_array[130]=0x00000000f8e6f270
[2025-08-08T15:31:06.389+0000][632.036s][1][129][trace] GC(99) _eden_chunk_array[131]=0x00000000f8ebac10
[2025-08-08T15:31:06.389+0000][632.036s][1][129][trace] GC(99) _eden_chunk_array[132]=0x00000000f8f065c8
[2025-08-08T15:31:06.389+0000][632.036s][1][129][trace] GC(99) _eden_chunk_array[133]=0x00000000f8f51f80
[2025-08-08T15:31:06.389+0000][632.036s][1][129][trace] GC(99) _eden_chunk_array[134]=0x00000000f8f72620
[2025-08-08T15:31:06.389+0000][632.036s][1][129][trace] GC(99) _eden_chunk_array[135]=0x00000000f8fa4040
[2025-08-08T15:31:06.389+0000][632.036s][1][129][trace] GC(99) _eden_chunk_array[136]=0x00000000f8fc4d88
[2025-08-08T15:31:06.389+0000][632.036s][1][129][trace] GC(99) _eden_chunk_array[137]=0x00000000f8fec538
[2025-08-08T15:31:06.389+0000][632.036s][1][129][trace] GC(99) _eden_chunk_array[138]=0x00000000f902a638
[2025-08-08T15:31:06.389+0000][632.036s][1][129][trace] GC(99) _eden_chunk_array[139]=0x00000000f9058bc8
[2025-08-08T15:31:06.389+0000][632.036s][1][129][trace] GC(99) _eden_chunk_array[140]=0x00000000f9091800
[2025-08-08T15:31:06.389+0000][632.036s][1][129][trace] GC(99) _eden_chunk_array[141]=0x00000000f90dd1b8
[2025-08-08T15:31:06.390+0000][632.038s][1][129][trace] GC(99) _eden_chunk_array[142]=0x00000000f91409f8
[2025-08-08T15:31:06.390+0000][632.038s][1][129][trace] GC(99) _eden_chunk_array[143]=0x00000000f9179640
[2025-08-08T15:31:06.390+0000][632.038s][1][129][trace] GC(99) _eden_chunk_array[144]=0x00000000f91b3fe8
[2025-08-08T15:31:06.390+0000][632.038s][1][129][trace] GC(99) _eden_chunk_array[145]=0x00000000f91d5010
[2025-08-08T15:31:06.390+0000][632.038s][1][129][trace] GC(99) _eden_chunk_array[146]=0x00000000f91f5710
[2025-08-08T15:31:06.390+0000][632.038s][1][129][trace] GC(99) _eden_chunk_array[147]=0x00000000f92174a0
[2025-08-08T15:31:06.390+0000][632.038s][1][129][trace] GC(99) _eden_chunk_array[148]=0x00000000f9237f28
[2025-08-08T15:31:06.390+0000][632.038s][1][129][trace] GC(99) _eden_chunk_array[149]=0x00000000f9268880
[2025-08-08T15:31:06.390+0000][632.038s][1][129][trace] GC(99) _eden_chunk_array[150]=0x00000000f92b4220
[2025-08-08T15:31:06.390+0000][632.038s][1][129][trace] GC(99) _eden_chunk_array[151]=0x00000000f92d8e90
[2025-08-08T15:31:06.390+0000][632.038s][1][129][trace] GC(99) _eden_chunk_array[152]=0x00000000f9336e68
[2025-08-08T15:31:06.390+0000][632.038s][1][129][trace] GC(99) _eden_chunk_array[153]=0x00000000f936ce70
[2025-08-08T15:31:06.390+0000][632.038s][1][129][trace] GC(99) _eden_chunk_array[154]=0x00000000f93b8810
[2025-08-08T15:31:06.390+0000][632.038s][1][129][trace] GC(99) _eden_chunk_array[155]=0x00000000f93ffa18
[2025-08-08T15:31:06.390+0000][632.038s][1][129][trace] GC(99) _eden_chunk_array[156]=0x00000000f94267a0
[2025-08-08T15:31:06.390+0000][632.038s][1][129][trace] GC(99) _eden_chunk_array[157]=0x00000000f944e4b0
[2025-08-08T15:31:06.390+0000][632.038s][1][129][trace] GC(99) _eden_chunk_array[158]=0x00000000f94761c0
[2025-08-08T15:31:06.390+0000][632.038s][1][129][trace] GC(99) _eden_chunk_array[159]=0x00000000f94984d0
[2025-08-08T15:31:06.390+0000][632.038s][1][129][trace] GC(99) _eden_chunk_array[160]=0x00000000f94c9400
[2025-08-08T15:31:06.390+0000][632.038s][1][129][trace] GC(99) _eden_chunk_array[161]=0x00000000f94f6a80
[2025-08-08T15:31:06.390+0000][632.038s][1][129][trace] GC(99) _eden_chunk_array[162]=0x00000000f9520dc8
[2025-08-08T15:31:06.390+0000][632.038s][1][129][trace] GC(99) _eden_chunk_array[163]=0x00000000f954ecc8
[2025-08-08T15:31:06.390+0000][632.038s][1][129][trace] GC(99) _eden_chunk_array[164]=0x00000000f95aece8
[2025-08-08T15:31:06.390+0000][632.038s][1][129][trace] GC(99) _eden_chunk_array[165]=0x00000000f95dfd08
[2025-08-08T15:31:06.390+0000][632.038s][1][129][trace] GC(99) _eden_chunk_array[166]=0x00000000f9606700
[2025-08-08T15:31:06.390+0000][632.038s][1][129][trace] GC(99) _eden_chunk_array[167]=0x00000000f9628230
[2025-08-08T15:31:06.390+0000][632.038s][1][129][trace] GC(99) _eden_chunk_array[168]=0x00000000f968de50
[2025-08-08T15:31:06.390+0000][632.038s][1][129][trace] GC(99) _eden_chunk_array[169]=0x00000000f96bbd38
[2025-08-08T15:31:06.390+0000][632.038s][1][129][trace] GC(99) _eden_chunk_array[170]=0x00000000f96dc330
[2025-08-08T15:31:06.390+0000][632.038s][1][129][trace] GC(99) _eden_chunk_array[171]=0x00000000f9707340
[2025-08-08T15:31:06.390+0000][632.038s][1][129][trace] GC(99) _eden_chunk_array[172]=0x00000000f972e680
[2025-08-08T15:31:06.390+0000][632.038s][1][129][trace] GC(99) _eden_chunk_array[173]=0x00000000f97549f0
[2025-08-08T15:31:06.390+0000][632.038s][1][129][trace] GC(99) _eden_chunk_array[174]=0x00000000f97a8820
[2025-08-08T15:31:06.391+0000][632.038s][1][129][trace] GC(99) _eden_chunk_array[175]=0x00000000f97d3398
[2025-08-08T15:31:06.391+0000][632.038s][1][129][trace] GC(99) _eden_chunk_array[176]=0x00000000f97fdf80
[2025-08-08T15:31:06.391+0000][632.038s][1][129][trace] GC(99) _eden_chunk_array[177]=0x00000000f982e178
[2025-08-08T15:31:06.391+0000][632.038s][1][129][trace] GC(99) _eden_chunk_array[178]=0x00000000f9867ce0
[2025-08-08T15:31:06.391+0000][632.038s][1][129][trace] GC(99) _eden_chunk_array[179]=0x00000000f9895300
[2025-08-08T15:31:06.391+0000][632.038s][1][129][trace] GC(99) _eden_chunk_array[180]=0x00000000f98bd008
[2025-08-08T15:31:06.391+0000][632.038s][1][129][trace] GC(99) _eden_chunk_array[181]=0x00000000f98f2fb8
[2025-08-08T15:31:06.391+0000][632.038s][1][129][trace] GC(99) _eden_chunk_array[182]=0x00000000f991acd0
[2025-08-08T15:31:06.391+0000][632.038s][1][129][trace] GC(99) _eden_chunk_array[183]=0x00000000f9961bd8
[2025-08-08T15:31:06.391+0000][632.038s][1][129][trace] GC(99) _eden_chunk_array[184]=0x00000000f9997b80
[2025-08-08T15:31:06.391+0000][632.038s][1][129][trace] GC(99) _eden_chunk_array[185]=0x00000000f99cdb20
[2025-08-08T15:31:06.391+0000][632.038s][1][129][trace] GC(99) _eden_chunk_array[186]=0x00000000f99edb80
[2025-08-08T15:31:06.391+0000][632.038s][1][129][trace] GC(99) _eden_chunk_array[187]=0x00000000f9a0f7d0
[2025-08-08T15:31:06.391+0000][632.038s][1][129][trace] GC(99) _eden_chunk_array[188]=0x00000000f9a60a40
[2025-08-08T15:31:06.391+0000][632.038s][1][129][trace] GC(99) _eden_chunk_array[189]=0x00000000f9a8ad70
[2025-08-08T15:31:06.391+0000][632.038s][1][129][trace] GC(99) _eden_chunk_array[190]=0x00000000f9ad16f0
[2025-08-08T15:31:06.391+0000][632.038s][1][129][trace] GC(99) _eden_chunk_array[191]=0x00000000f9afba48
[2025-08-08T15:31:06.391+0000][632.038s][1][129][trace] GC(99) _eden_chunk_array[192]=0x00000000f9b42c60
[2025-08-08T15:31:06.391+0000][632.038s][1][129][trace] GC(99) _eden_chunk_array[193]=0x00000000f9b70b60
[2025-08-08T15:31:06.391+0000][632.038s][1][129][trace] GC(99) _eden_chunk_array[194]=0x00000000f9b9ea70
[2025-08-08T15:31:06.391+0000][632.038s][1][129][trace] GC(99) _eden_chunk_array[195]=0x00000000f9bcc968
[2025-08-08T15:31:06.391+0000][632.038s][1][129][trace] GC(99) _eden_chunk_array[196]=0x00000000f9bfa870
[2025-08-08T15:31:06.391+0000][632.038s][1][129][trace] GC(99) _eden_chunk_array[197]=0x00000000f9c28768
[2025-08-08T15:31:06.391+0000][632.038s][1][129][trace] GC(99) _eden_chunk_array[198]=0x00000000f9c48e68
[2025-08-08T15:31:06.391+0000][632.038s][1][129][trace] GC(99) _eden_chunk_array[199]=0x00000000f9c74180
[2025-08-08T15:31:06.391+0000][632.038s][1][129][trace] GC(99) _eden_chunk_array[200]=0x00000000f9c985c0
[2025-08-08T15:31:06.391+0000][632.038s][1][129][trace] GC(99) _eden_chunk_array[201]=0x00000000f9ce9f48
[2025-08-08T15:31:06.391+0000][632.038s][1][129][trace] GC(99) _eden_chunk_array[202]=0x00000000f9d12820
[2025-08-08T15:31:06.391+0000][632.038s][1][129][trace] GC(99) _eden_chunk_array[203]=0x00000000f9d4b4a0
[2025-08-08T15:31:06.391+0000][632.038s][1][129][trace] GC(99) _eden_chunk_array[204]=0x00000000f9d840e8
[2025-08-08T15:31:06.391+0000][632.038s][1][129][trace] GC(99) _eden_chunk_array[205]=0x00000000f9dbf798
[2025-08-08T15:31:06.391+0000][632.038s][1][129][trace] GC(99) _eden_chunk_array[206]=0x00000000f9dfae38
[2025-08-08T15:31:06.391+0000][632.038s][1][129][trace] GC(99) _eden_chunk_array[207]=0x00000000f9e33a88
[2025-08-08T15:31:06.391+0000][632.038s][1][129][trace] GC(99) _eden_chunk_array[208]=0x00000000f9e54b10
[2025-08-08T15:31:06.391+0000][632.038s][1][129][trace] GC(99) _eden_chunk_array[209]=0x00000000f9eb6cf8
[2025-08-08T15:31:06.391+0000][632.038s][1][129][trace] GC(99) _eden_chunk_array[210]=0x00000000f9f1d658
[2025-08-08T15:31:06.391+0000][632.038s][1][129][trace] GC(99) _eden_chunk_array[211]=0x00000000f9f3ff08
[2025-08-08T15:31:06.391+0000][632.038s][1][129][trace] GC(99) _eden_chunk_array[212]=0x00000000f9f60798
[2025-08-08T15:31:06.391+0000][632.038s][1][129][trace] GC(99) _eden_chunk_array[213]=0x00000000f9f8ddd0
[2025-08-08T15:31:06.391+0000][632.038s][1][129][trace] GC(99) _eden_chunk_array[214]=0x00000000f9fb78f8
[2025-08-08T15:31:06.391+0000][632.038s][1][129][trace] GC(99) _eden_chunk_array[215]=0x00000000f9fe9b10
[2025-08-08T15:31:06.391+0000][632.038s][1][129][trace] GC(99) _eden_chunk_array[216]=0x00000000fa013e58
[2025-08-08T15:31:06.391+0000][632.038s][1][129][trace] GC(99) _eden_chunk_array[217]=0x00000000fa03bb70
[2025-08-08T15:31:06.391+0000][632.038s][1][129][trace] GC(99) _eden_chunk_array[218]=0x00000000fa063890
[2025-08-08T15:31:06.391+0000][632.038s][1][129][trace] GC(99) _eden_chunk_array[219]=0x00000000fa0aaab0
[2025-08-08T15:31:06.391+0000][632.038s][1][129][trace] GC(99) _eden_chunk_array[220]=0x00000000fa0e2618
[2025-08-08T15:31:06.391+0000][632.038s][1][129][trace] GC(99) _eden_chunk_array[221]=0x00000000fa1185b0
[2025-08-08T15:31:06.391+0000][632.038s][1][129][trace] GC(99) _eden_chunk_array[222]=0x00000000fa14e7f0
[2025-08-08T15:31:06.391+0000][632.038s][1][129][trace] GC(99) _eden_chunk_array[223]=0x00000000fa184790
[2025-08-08T15:31:06.391+0000][632.038s][1][129][trace] GC(99) _eden_chunk_array[224]=0x00000000fa1aa238
[2025-08-08T15:31:06.391+0000][632.038s][1][129][trace] GC(99) _eden_chunk_array[225]=0x00000000fa1d0718
[2025-08-08T15:31:06.391+0000][632.038s][1][129][trace] GC(99) _eden_chunk_array[226]=0x00000000fa1f12b8
[2025-08-08T15:31:06.391+0000][632.038s][1][129][trace] GC(99) _eden_chunk_array[227]=0x00000000fa240490
[2025-08-08T15:31:06.391+0000][632.038s][1][129][trace] GC(99) _eden_chunk_array[228]=0x00000000fa270f58
[2025-08-08T15:31:06.391+0000][632.038s][1][129][trace] GC(99) _eden_chunk_array[229]=0x00000000fa2a35c0
[2025-08-08T15:31:06.391+0000][632.038s][1][129][trace] GC(99) _eden_chunk_array[230]=0x00000000fa2c77a0
[2025-08-08T15:31:06.391+0000][632.038s][1][129][trace] GC(99) _eden_chunk_array[231]=0x00000000fa2ebd18
[2025-08-08T15:31:06.391+0000][632.038s][1][129][trace] GC(99) _eden_chunk_array[232]=0x00000000fa310298
[2025-08-08T15:31:06.391+0000][632.038s][1][129][trace] GC(99) _eden_chunk_array[233]=0x00000000fa3574b0
[2025-08-08T15:31:06.391+0000][632.038s][1][129][trace] GC(99) _eden_chunk_array[234]=0x00000000fa378140
[2025-08-08T15:31:06.391+0000][632.038s][1][129][trace] GC(99) _eden_chunk_array[235]=0x00000000fa3b6240
[2025-08-08T15:31:06.391+0000][632.038s][1][129][trace] GC(99) _eden_chunk_array[236]=0x00000000fa3f4350
[2025-08-08T15:31:06.391+0000][632.038s][1][129][trace] GC(99) _eden_chunk_array[237]=0x00000000fa432458
[2025-08-08T15:31:06.391+0000][632.038s][1][129][trace] GC(99) _eden_chunk_array[238]=0x00000000fa452778
[2025-08-08T15:31:06.391+0000][632.038s][1][129][trace] GC(99) _eden_chunk_array[239]=0x00000000fa472900
[2025-08-08T15:31:06.391+0000][632.038s][1][129][trace] GC(99) _eden_chunk_array[240]=0x00000000fa4c57b0
[2025-08-08T15:31:06.391+0000][632.038s][1][129][trace] GC(99) _eden_chunk_array[241]=0x00000000fa4f9720
[2025-08-08T15:31:06.391+0000][632.038s][1][129][trace] GC(99) _eden_chunk_array[242]=0x00000000fa523aa8
[2025-08-08T15:31:06.391+0000][632.038s][1][129][trace] GC(99) _eden_chunk_array[243]=0x00000000fa544b70
[2025-08-08T15:31:06.391+0000][632.038s][1][129][trace] GC(99) _eden_chunk_array[244]=0x00000000fa57c420
[2025-08-08T15:31:06.391+0000][632.038s][1][129][trace] GC(99) _eden_chunk_array[245]=0x00000000fa5b2030
[2025-08-08T15:31:06.391+0000][632.038s][1][129][trace] GC(99) _eden_chunk_array[246]=0x00000000fa5f9248
[2025-08-08T15:31:06.391+0000][632.038s][1][129][trace] GC(99) _eden_chunk_array[247]=0x00000000fa62f1c8
[2025-08-08T15:31:06.391+0000][632.038s][1][129][trace] GC(99) _eden_chunk_array[248]=0x00000000fa665150
[2025-08-08T15:31:06.391+0000][632.038s][1][129][trace] GC(99) _eden_chunk_array[249]=0x00000000fa69b110
[2025-08-08T15:31:06.391+0000][632.038s][1][129][trace] GC(99) _eden_chunk_array[250]=0x00000000fa6d10b0
[2025-08-08T15:31:06.391+0000][632.038s][1][129][trace] GC(99) _eden_chunk_array[251]=0x00000000fa6f3ae0
[2025-08-08T15:31:06.391+0000][632.038s][1][129][trace] GC(99) _eden_chunk_array[252]=0x00000000fa714e68
[2025-08-08T15:31:06.391+0000][632.038s][1][129][trace] GC(99) _eden_chunk_array[253]=0x00000000fa760e88
[2025-08-08T15:31:06.391+0000][632.038s][1][129][trace] GC(99) _eden_chunk_array[254]=0x00000000fa796470
[2025-08-08T15:31:06.391+0000][632.038s][1][129][trace] GC(99) _eden_chunk_array[255]=0x00000000fa7b9c58
[2025-08-08T15:31:06.391+0000][632.038s][1][129][trace] GC(99) _eden_chunk_array[256]=0x00000000fa8009f0
[2025-08-08T15:31:06.391+0000][632.038s][1][129][trace] GC(99) _eden_chunk_array[257]=0x00000000fa821fc8
[2025-08-08T15:31:06.391+0000][632.038s][1][129][trace] GC(99) _eden_chunk_array[258]=0x00000000fa84fed0
[2025-08-08T15:31:06.391+0000][632.038s][1][129][trace] GC(99) _eden_chunk_array[259]=0x00000000fa87ddc8
[2025-08-08T15:31:06.391+0000][632.038s][1][129][trace] GC(99) _eden_chunk_array[260]=0x00000000fa8d8c60
[2025-08-08T15:31:06.391+0000][632.038s][1][129][trace] GC(99) _eden_chunk_array[261]=0x00000000fa906b38
[2025-08-08T15:31:06.391+0000][632.038s][1][129][trace] GC(99) _eden_chunk_array[262]=0x00000000fa934a68
[2025-08-08T15:31:06.391+0000][632.038s][1][129][trace] GC(99) _eden_chunk_array[263]=0x00000000fa955138
[2025-08-08T15:31:06.391+0000][632.038s][1][129][trace] GC(99) _eden_chunk_array[264]=0x00000000fa9a3020
[2025-08-08T15:31:06.391+0000][632.038s][1][129][trace] GC(99) _eden_chunk_array[265]=0x00000000fa9ca970
[2025-08-08T15:31:06.391+0000][632.038s][1][129][trace] GC(99) _eden_chunk_array[266]=0x00000000fa9eb948
[2025-08-08T15:31:06.391+0000][632.038s][1][129][trace] GC(99) _eden_chunk_array[267]=0x00000000faa22858
[2025-08-08T15:31:06.391+0000][632.038s][1][129][trace] GC(99) _eden_chunk_array[268]=0x00000000faa5b488
[2025-08-08T15:31:06.391+0000][632.038s][1][129][trace] GC(99) _eden_chunk_array[269]=0x00000000faa80948
[2025-08-08T15:31:06.391+0000][632.038s][1][129][trace] GC(99) _eden_chunk_array[270]=0x00000000faaa2468
[2025-08-08T15:31:06.391+0000][632.038s][1][129][trace] GC(99) _eden_chunk_array[271]=0x00000000faad0370
[2025-08-08T15:31:06.391+0000][632.038s][1][129][trace] GC(99) _eden_chunk_array[272]=0x00000000fab1bd20
[2025-08-08T15:31:06.391+0000][632.038s][1][129][trace] GC(99) _eden_chunk_array[273]=0x00000000fab41778
[2025-08-08T15:31:06.391+0000][632.038s][1][129][trace] GC(99) _eden_chunk_array[274]=0x00000000faba35d8
[2025-08-08T15:31:06.391+0000][632.038s][1][129][trace] GC(99) _eden_chunk_array[275]=0x00000000fabc3b90
[2025-08-08T15:31:06.391+0000][632.038s][1][129][trace] GC(99) _eden_chunk_array[276]=0x00000000fabf1ac0
[2025-08-08T15:31:06.391+0000][632.038s][1][129][trace] GC(99) _eden_chunk_array[277]=0x00000000fac1f9c0
[2025-08-08T15:31:06.391+0000][632.038s][1][129][trace] GC(99) _eden_chunk_array[278]=0x00000000fac43458
[2025-08-08T15:31:06.391+0000][632.038s][1][129][trace] GC(99) _eden_chunk_array[279]=0x00000000fac664a0
[2025-08-08T15:31:06.391+0000][632.038s][1][129][trace] GC(99) _eden_chunk_array[280]=0x00000000faca8880
[2025-08-08T15:31:06.391+0000][632.038s][1][129][trace] GC(99) _eden_chunk_array[281]=0x00000000facdfad8
[2025-08-08T15:31:06.391+0000][632.038s][1][129][trace] GC(99) _eden_chunk_array[282]=0x00000000fad04058
[2025-08-08T15:31:06.391+0000][632.038s][1][129][trace] GC(99) _eden_chunk_array[283]=0x00000000fad3c618
[2025-08-08T15:31:06.391+0000][632.038s][1][129][trace] GC(99) _eden_chunk_array[284]=0x00000000fad83830
[2025-08-08T15:31:06.391+0000][632.038s][1][129][trace] GC(99) _eden_chunk_array[285]=0x00000000fadebdb8
[2025-08-08T15:31:06.391+0000][632.038s][1][129][trace] GC(99) _eden_chunk_array[286]=0x00000000fae21d50
[2025-08-08T15:31:06.391+0000][632.038s][1][129][trace] GC(99) _eden_chunk_array[287]=0x00000000fae57cf0
[2025-08-08T15:31:06.391+0000][632.038s][1][129][trace] GC(99) _eden_chunk_array[288]=0x00000000fae78468
[2025-08-08T15:31:06.391+0000][632.038s][1][129][trace] GC(99) _eden_chunk_array[289]=0x00000000faebf670
[2025-08-08T15:31:06.391+0000][632.038s][1][129][trace] GC(99) _eden_chunk_array[290]=0x00000000faee8840
[2025-08-08T15:31:06.391+0000][632.038s][1][129][trace] GC(99) _eden_chunk_array[291]=0x00000000faf08cc0
[2025-08-08T15:31:06.391+0000][632.038s][1][129][trace] GC(99) _eden_chunk_array[292]=0x00000000faf34878
[2025-08-08T15:31:06.391+0000][632.038s][1][129][trace] GC(99) _eden_chunk_array[293]=0x00000000faf62f18
[2025-08-08T15:31:06.391+0000][632.038s][1][129][trace] GC(99) _eden_chunk_array[294]=0x00000000faf8d3f8
[2025-08-08T15:31:06.391+0000][632.038s][1][129][trace] GC(99) _eden_chunk_array[295]=0x00000000fafb3e08
[2025-08-08T15:31:06.391+0000][632.038s][1][129][trace] GC(99) _eden_chunk_array[296]=0x00000000fafd9f00
[2025-08-08T15:31:06.391+0000][632.038s][1][129][trace] GC(99) _eden_chunk_array[297]=0x00000000faffd078
[2025-08-08T15:31:06.391+0000][632.038s][1][129][trace] GC(99) _eden_chunk_array[298]=0x00000000fb04faa0
[2025-08-08T15:31:06.391+0000][632.038s][1][129][trace] GC(99) _eden_chunk_array[299]=0x00000000fb0b1978
[2025-08-08T15:31:06.391+0000][632.038s][1][129][trace] GC(99) _eden_chunk_array[300]=0x00000000fb0e7908
[2025-08-08T15:31:06.391+0000][632.038s][1][129][trace] GC(99) _eden_chunk_array[301]=0x00000000fb11d890
[2025-08-08T15:31:06.391+0000][632.038s][1][129][trace] GC(99) _eden_chunk_array[302]=0x00000000fb153840
[2025-08-08T15:31:06.391+0000][632.038s][1][129][trace] GC(99) _eden_chunk_array[303]=0x00000000fb1897d0
[2025-08-08T15:31:06.391+0000][632.038s][1][129][trace] GC(99) _eden_chunk_array[304]=0x00000000fb1b2e50
[2025-08-08T15:31:06.391+0000][632.038s][1][129][trace] GC(99) _eden_chunk_array[305]=0x00000000fb1d2fa8
[2025-08-08T15:31:06.391+0000][632.038s][1][129][trace] GC(99) _eden_chunk_array[306]=0x00000000fb205b90
[2025-08-08T15:31:06.391+0000][632.038s][1][129][trace] GC(99) _eden_chunk_array[307]=0x00000000fb228c20
[2025-08-08T15:31:06.391+0000][632.038s][1][129][trace] GC(99) _eden_chunk_array[308]=0x00000000fb252f78
[2025-08-08T15:31:06.391+0000][632.038s][1][129][trace] GC(99) _eden_chunk_array[309]=0x00000000fb2bd9b8
[2025-08-08T15:31:06.391+0000][632.038s][1][129][trace] GC(99) _eden_chunk_array[310]=0x00000000fb304bd0
[2025-08-08T15:31:06.391+0000][632.038s][1][129][trace] GC(99) _eden_chunk_array[311]=0x00000000fb326870
[2025-08-08T15:31:06.391+0000][632.039s][1][129][trace] GC(99) _eden_chunk_array[312]=0x00000000fb34b4d0
[2025-08-08T15:31:06.391+0000][632.039s][1][129][trace] GC(99) _eden_chunk_array[313]=0x00000000fb370130
[2025-08-08T15:31:06.391+0000][632.039s][1][129][trace] GC(99) _eden_chunk_array[314]=0x00000000fb394dc8
[2025-08-08T15:31:06.391+0000][632.039s][1][129][trace] GC(99) _eden_chunk_array[315]=0x00000000fb3b9a48
[2025-08-08T15:31:06.391+0000][632.039s][1][129][trace] GC(99) _eden_chunk_array[316]=0x00000000fb3de6a0
[2025-08-08T15:31:06.391+0000][632.039s][1][129][trace] GC(99) _eden_chunk_array[317]=0x00000000fb415270
[2025-08-08T15:31:06.391+0000][632.039s][1][129][trace] GC(99) _eden_chunk_array[318]=0x00000000fb4494c0
[2025-08-08T15:31:06.391+0000][632.039s][1][129][trace] GC(99) _eden_chunk_array[319]=0x00000000fb46db38
[2025-08-08T15:31:06.391+0000][632.039s][1][129][trace] GC(99) _eden_chunk_array[320]=0x00000000fb490698
[2025-08-08T15:31:06.391+0000][632.039s][1][129][trace] GC(99) _eden_chunk_array[321]=0x00000000fb4b4c10
[2025-08-08T15:31:06.391+0000][632.039s][1][129][trace] GC(99) _eden_chunk_array[322]=0x00000000fb4d7d10
[2025-08-08T15:31:06.391+0000][632.039s][1][129][trace] GC(99) _eden_chunk_array[323]=0x00000000fb510950
[2025-08-08T15:31:06.391+0000][632.039s][1][129][trace] GC(99) _eden_chunk_array[324]=0x00000000fb534ec0
[2025-08-08T15:31:06.391+0000][632.039s][1][129][trace] GC(99) _eden_chunk_array[325]=0x00000000fb5585a0
[2025-08-08T15:31:06.391+0000][632.039s][1][129][trace] GC(99) _eden_chunk_array[326]=0x00000000fb5911e8
[2025-08-08T15:31:06.391+0000][632.039s][1][129][trace] GC(99) _eden_chunk_array[327]=0x00000000fb5c9e40
[2025-08-08T15:31:06.391+0000][632.039s][1][129][trace] GC(99) _eden_chunk_array[328]=0x00000000fb6173a8
[2025-08-08T15:31:06.391+0000][632.039s][1][129][trace] GC(99) _eden_chunk_array[329]=0x00000000fb672600
[2025-08-08T15:31:06.391+0000][632.039s][1][129][trace] GC(99) _eden_chunk_array[330]=0x00000000fb6a04c0
[2025-08-08T15:31:06.391+0000][632.039s][1][129][trace] GC(99) _eden_chunk_array[331]=0x00000000fb6ecbc8
[2025-08-08T15:31:06.392+0000][632.039s][1][129][trace] GC(99) _eden_chunk_array[332]=0x00000000fb70cec0
[2025-08-08T15:31:06.392+0000][632.039s][1][129][trace] GC(99) _eden_chunk_array[333]=0x00000000fb7338e0
[2025-08-08T15:31:06.392+0000][632.039s][1][129][trace] GC(99) _eden_chunk_array[334]=0x00000000fb75f0b0
[2025-08-08T15:31:06.392+0000][632.039s][1][129][trace] GC(99) _eden_chunk_array[335]=0x00000000fb7871e8
[2025-08-08T15:31:06.392+0000][632.039s][1][129][trace] GC(99) _eden_chunk_array[336]=0x00000000fb7ab810
[2025-08-08T15:31:06.392+0000][632.039s][1][129][trace] GC(99) _eden_chunk_array[337]=0x00000000fb7d7f50
[2025-08-08T15:31:06.392+0000][632.039s][1][129][trace] GC(99) _eden_chunk_array[338]=0x00000000fb7fb6e8
[2025-08-08T15:31:06.392+0000][632.039s][1][129][trace] GC(99) _eden_chunk_array[339]=0x00000000fb82c340
[2025-08-08T15:31:06.392+0000][632.039s][1][129][trace] GC(99) _eden_chunk_array[340]=0x00000000fb877cf8
[2025-08-08T15:31:06.392+0000][632.039s][1][129][trace] GC(99) _eden_chunk_array[341]=0x00000000fb89b488
[2025-08-08T15:31:06.392+0000][632.039s][1][129][trace] GC(99) _eden_chunk_array[342]=0x00000000fb8bec20
[2025-08-08T15:31:06.392+0000][632.039s][1][129][trace] GC(99) _eden_chunk_array[343]=0x00000000fb8e23d8
[2025-08-08T15:31:06.392+0000][632.039s][1][129][trace] GC(99) _eden_chunk_array[344]=0x00000000fb905b80
[2025-08-08T15:31:06.392+0000][632.039s][1][129][trace] GC(99) _eden_chunk_array[345]=0x00000000fb927270
[2025-08-08T15:31:06.392+0000][632.039s][1][129][trace] GC(99) _eden_chunk_array[346]=0x00000000fb954810
[2025-08-08T15:31:06.392+0000][632.039s][1][129][trace] GC(99) _eden_chunk_array[347]=0x00000000fb97a168
[2025-08-08T15:31:06.392+0000][632.039s][1][129][trace] GC(99) _eden_chunk_array[348]=0x00000000fb9cc900
[2025-08-08T15:31:06.392+0000][632.039s][1][129][trace] GC(99) _eden_chunk_array[349]=0x00000000fb9f2848
[2025-08-08T15:31:06.392+0000][632.039s][1][129][trace] GC(99) _eden_chunk_array[350]=0x00000000fba15ff0
[2025-08-08T15:31:06.392+0000][632.039s][1][129][trace] GC(99) _eden_chunk_array[351]=0x00000000fba540e0
[2025-08-08T15:31:06.392+0000][632.039s][1][129][trace] GC(99) _eden_chunk_array[352]=0x00000000fba8f770
[2025-08-08T15:31:06.392+0000][632.039s][1][129][trace] GC(99) _eden_chunk_array[353]=0x00000000fbab3ce8
[2025-08-08T15:31:06.392+0000][632.039s][1][129][trace] GC(99) _eden_chunk_array[354]=0x00000000fbad8258
[2025-08-08T15:31:06.392+0000][632.039s][1][129][trace] GC(99) _eden_chunk_array[355]=0x00000000fbafc7c8
[2025-08-08T15:31:06.392+0000][632.039s][1][129][trace] GC(99) _eden_chunk_array[356]=0x00000000fbb481c0
[2025-08-08T15:31:06.392+0000][632.039s][1][129][trace] GC(99) _eden_chunk_array[357]=0x00000000fbb6c740
[2025-08-08T15:31:06.392+0000][632.039s][1][129][trace] GC(99) _eden_chunk_array[358]=0x00000000fbb90cc0
[2025-08-08T15:31:06.392+0000][632.039s][1][129][trace] GC(99) _eden_chunk_array[359]=0x00000000fbbdef48
[2025-08-08T15:31:06.392+0000][632.039s][1][129][trace] GC(99) _eden_chunk_array[360]=0x00000000fbc05210
[2025-08-08T15:31:06.392+0000][632.039s][1][129][trace] GC(99) _eden_chunk_array[361]=0x00000000fbc2aef8
[2025-08-08T15:31:06.392+0000][632.039s][1][129][trace] GC(99) _eden_chunk_array[362]=0x00000000fbc517f0
[2025-08-08T15:31:06.392+0000][632.039s][1][129][trace] GC(99) _eden_chunk_array[363]=0x00000000fbc71960
[2025-08-08T15:31:06.392+0000][632.039s][1][129][trace] GC(99) _eden_chunk_array[364]=0x00000000fbca9d38
[2025-08-08T15:31:06.392+0000][632.039s][1][129][trace] GC(99) _eden_chunk_array[365]=0x00000000fbce3928
[2025-08-08T15:31:06.392+0000][632.039s][1][129][trace] GC(99) _eden_chunk_array[366]=0x00000000fbd0dc60
[2025-08-08T15:31:06.392+0000][632.040s][1][129][trace] GC(99) _eden_chunk_array[367]=0x00000000fbd59618
[2025-08-08T15:31:06.392+0000][632.040s][1][129][trace] GC(99) _eden_chunk_array[368]=0x00000000fbd8f270
[2025-08-08T15:31:06.392+0000][632.040s][1][129][trace] GC(99) _eden_chunk_array[369]=0x00000000fbdd6490
[2025-08-08T15:31:06.392+0000][632.040s][1][129][trace] GC(99) _eden_chunk_array[370]=0x00000000fbe145b8
[2025-08-08T15:31:06.392+0000][632.040s][1][129][trace] GC(99) _eden_chunk_array[371]=0x00000000fbe526e8
[2025-08-08T15:31:06.392+0000][632.040s][1][129][trace] GC(99) _eden_chunk_array[372]=0x00000000fbe907e8
[2025-08-08T15:31:06.392+0000][632.040s][1][129][trace] GC(99) _eden_chunk_array[373]=0x00000000fbeb4d70
[2025-08-08T15:31:06.392+0000][632.040s][1][129][trace] GC(99) _eden_chunk_array[374]=0x00000000fbed56c0
[2025-08-08T15:31:06.392+0000][632.040s][1][129][trace] GC(99) _eden_chunk_array[375]=0x00000000fbf00b78
[2025-08-08T15:31:06.392+0000][632.040s][1][129][trace] GC(99) _eden_chunk_array[376]=0x00000000fbf25120
[2025-08-08T15:31:06.392+0000][632.040s][1][129][trace] GC(99) _eden_chunk_array[377]=0x00000000fbf5dd68
[2025-08-08T15:31:06.392+0000][632.040s][1][129][trace] GC(99) _eden_chunk_array[378]=0x00000000fbf822e8
[2025-08-08T15:31:06.392+0000][632.040s][1][129][trace] GC(99) _eden_chunk_array[379]=0x00000000fbfa6860
[2025-08-08T15:31:06.392+0000][632.040s][1][129][trace] GC(99) _eden_chunk_array[380]=0x00000000fbfedb88
[2025-08-08T15:31:06.392+0000][632.040s][1][129][trace] GC(99) _eden_chunk_array[381]=0x00000000fc027520
[2025-08-08T15:31:06.392+0000][632.040s][1][129][trace] GC(99) _eden_chunk_array[382]=0x00000000fc05cda8
[2025-08-08T15:31:06.392+0000][632.040s][1][129][trace] GC(99) _eden_chunk_array[383]=0x00000000fc092648
[2025-08-08T15:31:06.392+0000][632.040s][1][129][trace] GC(99) _eden_chunk_array[384]=0x00000000fc0c7ee0
[2025-08-08T15:31:06.392+0000][632.040s][1][129][trace] GC(99) _eden_chunk_array[385]=0x00000000fc0f5e88
[2025-08-08T15:31:06.392+0000][632.040s][1][129][trace] GC(99) _eden_chunk_array[386]=0x00000000fc11dca0
[2025-08-08T15:31:06.392+0000][632.040s][1][129][trace] GC(99) _eden_chunk_array[387]=0x00000000fc1889f0
[2025-08-08T15:31:06.392+0000][632.040s][1][129][trace] GC(99) _eden_chunk_array[388]=0x00000000fc1d17f8
[2025-08-08T15:31:06.392+0000][632.040s][1][129][trace] GC(99) _eden_chunk_array[389]=0x00000000fc1fcc00
[2025-08-08T15:31:06.392+0000][632.040s][1][129][trace] GC(99) _eden_chunk_array[390]=0x00000000fc21d560
[2025-08-08T15:31:06.392+0000][632.040s][1][129][trace] GC(99) _eden_chunk_array[391]=0x00000000fc23ffd8
[2025-08-08T15:31:06.392+0000][632.040s][1][129][trace] GC(99) _eden_chunk_array[392]=0x00000000fc2655d0
[2025-08-08T15:31:06.392+0000][632.040s][1][129][trace] GC(99) _eden_chunk_array[393]=0x00000000fc2933e0
[2025-08-08T15:31:06.392+0000][632.040s][1][129][trace] GC(99) _eden_chunk_array[394]=0x00000000fc2b6618
[2025-08-08T15:31:06.392+0000][632.040s][1][129][trace] GC(99) _eden_chunk_array[395]=0x00000000fc2d8650
[2025-08-08T15:31:06.392+0000][632.040s][1][129][trace] GC(99) _eden_chunk_array[396]=0x00000000fc2fb898
[2025-08-08T15:31:06.392+0000][632.040s][1][129][trace] GC(99) _eden_chunk_array[397]=0x00000000fc31d8c0
[2025-08-08T15:31:06.392+0000][632.040s][1][129][trace] GC(99) _eden_chunk_array[398]=0x00000000fc340af0
[2025-08-08T15:31:06.392+0000][632.040s][1][129][trace] GC(99) _eden_chunk_array[399]=0x00000000fc363da0
[2025-08-08T15:31:06.392+0000][632.040s][1][129][trace] GC(99) _eden_chunk_array[400]=0x00000000fc3c71b0
[2025-08-08T15:31:06.392+0000][632.040s][1][129][trace] GC(99) _eden_chunk_array[401]=0x00000000fc3ea348
[2025-08-08T15:31:06.392+0000][632.040s][1][129][trace] GC(99) _eden_chunk_array[402]=0x00000000fc4421c8
[2025-08-08T15:31:06.392+0000][632.040s][1][129][trace] GC(99) _eden_chunk_array[403]=0x00000000fc46d4f8
[2025-08-08T15:31:06.392+0000][632.040s][1][129][trace] GC(99) _eden_chunk_array[404]=0x00000000fc49be20
[2025-08-08T15:31:06.392+0000][632.040s][1][129][trace] GC(99) _eden_chunk_array[405]=0x00000000fc4e51e8
[2025-08-08T15:31:06.392+0000][632.040s][1][129][trace] GC(99) _eden_chunk_array[406]=0x00000000fc516898
[2025-08-08T15:31:06.392+0000][632.040s][1][129][trace] GC(99) _eden_chunk_array[407]=0x00000000fc53b508
[2025-08-08T15:31:06.393+0000][632.040s][1][129][trace] GC(99) _eden_chunk_array[408]=0x00000000fc560170
[2025-08-08T15:31:06.393+0000][632.040s][1][129][trace] GC(99) _eden_chunk_array[409]=0x00000000fc5b99d0
[2025-08-08T15:31:06.393+0000][632.040s][1][129][trace] GC(99) _eden_chunk_array[410]=0x00000000fc5de638
[2025-08-08T15:31:06.393+0000][632.040s][1][129][trace] GC(99) _eden_chunk_array[411]=0x00000000fc605018
[2025-08-08T15:31:06.393+0000][632.040s][1][129][trace] GC(99) _eden_chunk_array[412]=0x00000000fc629c70
[2025-08-08T15:31:06.393+0000][632.040s][1][129][trace] GC(99) _eden_chunk_array[413]=0x00000000fc64b868
[2025-08-08T15:31:06.393+0000][632.040s][1][129][trace] GC(99) _eden_chunk_array[414]=0x00000000fc66c4e0
[2025-08-08T15:31:06.393+0000][632.040s][1][129][trace] GC(99) _eden_chunk_array[415]=0x00000000fc68d6e8
[2025-08-08T15:31:06.393+0000][632.040s][1][129][trace] GC(99) _eden_chunk_array[416]=0x00000000fc6f2f28
[2025-08-08T15:31:06.393+0000][632.040s][1][129][trace] GC(99) _eden_chunk_array[417]=0x00000000fc730b30
[2025-08-08T15:31:06.393+0000][632.040s][1][129][trace] GC(99) _eden_chunk_array[418]=0x00000000fc75ddb0
[2025-08-08T15:31:06.393+0000][632.040s][1][129][trace] GC(99) _eden_chunk_array[419]=0x00000000fc7909e0
[2025-08-08T15:31:06.393+0000][632.040s][1][129][trace] GC(99) _eden_chunk_array[420]=0x00000000fc7bdfd8
[2025-08-08T15:31:06.393+0000][632.040s][1][129][trace] GC(99) _eden_chunk_array[421]=0x00000000fc7f8318
[2025-08-08T15:31:06.393+0000][632.040s][1][129][trace] GC(99) _eden_chunk_array[422]=0x00000000fc820028
[2025-08-08T15:31:06.393+0000][632.040s][1][129][trace] GC(99) _eden_chunk_array[423]=0x00000000fc843278
[2025-08-08T15:31:06.393+0000][632.040s][1][129][trace] GC(99) _eden_chunk_array[424]=0x00000000fc8664e0
[2025-08-08T15:31:06.393+0000][632.040s][1][129][trace] GC(99) _eden_chunk_array[425]=0x00000000fc889748
[2025-08-08T15:31:06.393+0000][632.040s][1][129][trace] GC(99) _eden_chunk_array[426]=0x00000000fc8ac998
[2025-08-08T15:31:06.393+0000][632.040s][1][129][trace] GC(99) _eden_chunk_array[427]=0x00000000fc8cfbb8
[2025-08-08T15:31:06.393+0000][632.040s][1][129][trace] GC(99) _eden_chunk_array[428]=0x00000000fc8f2e08
[2025-08-08T15:31:06.393+0000][632.040s][1][129][trace] GC(99) _eden_chunk_array[429]=0x00000000fc913530
[2025-08-08T15:31:06.393+0000][632.040s][1][129][trace] GC(99) _eden_chunk_array[430]=0x00000000fc974808
[2025-08-08T15:31:06.393+0000][632.040s][1][129][trace] GC(99) _eden_chunk_array[431]=0x00000000fc9a0720
[2025-08-08T15:31:06.393+0000][632.040s][1][129][trace] GC(99) _eden_chunk_array[432]=0x00000000fc9caa68
[2025-08-08T15:31:06.393+0000][632.040s][1][129][trace] GC(99) _eden_chunk_array[433]=0x00000000fc9f4db0
[2025-08-08T15:31:06.393+0000][632.040s][1][129][trace] GC(99) _eden_chunk_array[434]=0x00000000fca5ede0
[2025-08-08T15:31:06.393+0000][632.040s][1][129][trace] GC(99) _eden_chunk_array[435]=0x00000000fca94d60
[2025-08-08T15:31:06.393+0000][632.040s][1][129][trace] GC(99) _eden_chunk_array[436]=0x00000000fcacace8
[2025-08-08T15:31:06.393+0000][632.040s][1][129][trace] GC(99) _eden_chunk_array[437]=0x00000000fcb00c90
[2025-08-08T15:31:06.393+0000][632.040s][1][129][trace] GC(99) _eden_chunk_array[438]=0x00000000fcb36c28
[2025-08-08T15:31:06.393+0000][632.040s][1][129][trace] GC(99) _eden_chunk_array[439]=0x00000000fcb825c8
[2025-08-08T15:31:06.393+0000][632.040s][1][129][trace] GC(99) _eden_chunk_array[440]=0x00000000fcba8d30
[2025-08-08T15:31:06.393+0000][632.040s][1][129][trace] GC(99) _eden_chunk_array[441]=0x00000000fcbd32a8
[2025-08-08T15:31:06.393+0000][632.040s][1][129][trace] GC(99) _eden_chunk_array[442]=0x00000000fcbf4358
[2025-08-08T15:31:06.393+0000][632.040s][1][129][trace] GC(99) _eden_chunk_array[443]=0x00000000fcc16798
[2025-08-08T15:31:06.393+0000][632.040s][1][129][trace] GC(99) _eden_chunk_array[444]=0x00000000fcc59da8
[2025-08-08T15:31:06.393+0000][632.040s][1][129][trace] GC(99) _eden_chunk_array[445]=0x00000000fcc88778
[2025-08-08T15:31:06.393+0000][632.040s][1][129][trace] GC(99) _eden_chunk_array[446]=0x00000000fccae908
[2025-08-08T15:31:06.393+0000][632.040s][1][129][trace] GC(99) _eden_chunk_array[447]=0x00000000fcccff80
[2025-08-08T15:31:06.393+0000][632.040s][1][129][trace] GC(99) _eden_chunk_array[448]=0x00000000fccfe990
[2025-08-08T15:31:06.393+0000][632.040s][1][129][trace] GC(99) _eden_chunk_array[449]=0x00000000fcd2d3b0
[2025-08-08T15:31:06.393+0000][632.040s][1][129][trace] GC(99) _eden_chunk_array[450]=0x00000000fcd4e0f0
[2025-08-08T15:31:06.393+0000][632.040s][1][129][trace] GC(99) _eden_chunk_array[451]=0x00000000fcd72670
[2025-08-08T15:31:06.393+0000][632.040s][1][129][trace] GC(99) _eden_chunk_array[452]=0x00000000fcdd4848
[2025-08-08T15:31:06.393+0000][632.040s][1][129][trace] GC(99) _eden_chunk_array[453]=0x00000000fce201f8
[2025-08-08T15:31:06.393+0000][632.040s][1][129][trace] GC(99) _eden_chunk_array[454]=0x00000000fce4fc40
[2025-08-08T15:31:06.393+0000][632.040s][1][129][trace] GC(99) _eden_chunk_array[455]=0x00000000fce750f0
[2025-08-08T15:31:06.393+0000][632.040s][1][129][trace] GC(99) _eden_chunk_array[456]=0x00000000fceb0798
[2025-08-08T15:31:06.393+0000][632.040s][1][129][trace] GC(99) _eden_chunk_array[457]=0x00000000fceee898
[2025-08-08T15:31:06.393+0000][632.040s][1][129][trace] GC(99) _eden_chunk_array[458]=0x00000000fcf585a8
[2025-08-08T15:31:06.393+0000][632.040s][1][129][trace] GC(99) _eden_chunk_array[459]=0x00000000fcf911d8
[2025-08-08T15:31:06.393+0000][632.040s][1][129][trace] GC(99) _eden_chunk_array[460]=0x00000000fcfb1800
[2025-08-08T15:31:06.393+0000][632.040s][1][129][trace] GC(99) _eden_chunk_array[461]=0x00000000fcfe8de8
[2025-08-08T15:31:06.393+0000][632.040s][1][129][trace] GC(99) _eden_chunk_array[462]=0x00000000fd04c628
[2025-08-08T15:31:06.393+0000][632.040s][1][129][trace] GC(99) _eden_chunk_array[463]=0x00000000fd06ced8
[2025-08-08T15:31:06.393+0000][632.040s][1][129][trace] GC(99) _eden_chunk_array[464]=0x00000000fd08edc0
[2025-08-08T15:31:06.393+0000][632.040s][1][129][trace] GC(99) _eden_chunk_array[465]=0x00000000fd0b19c8
[2025-08-08T15:31:06.393+0000][632.040s][1][129][trace] GC(99) _eden_chunk_array[466]=0x00000000fd10db38
[2025-08-08T15:31:06.393+0000][632.040s][1][129][trace] GC(99) _eden_chunk_array[467]=0x00000000fd1391f8
[2025-08-08T15:31:06.393+0000][632.040s][1][129][trace] GC(99) _eden_chunk_array[468]=0x00000000fd15a670
[2025-08-08T15:31:06.393+0000][632.040s][1][129][trace] GC(99) _eden_chunk_array[469]=0x00000000fd1857d0
[2025-08-08T15:31:06.393+0000][632.040s][1][129][trace] GC(99) _eden_chunk_array[470]=0x00000000fd1dc288
[2025-08-08T15:31:06.393+0000][632.040s][1][129][trace] GC(99) _eden_chunk_array[471]=0x00000000fd1ff3d8
[2025-08-08T15:31:06.393+0000][632.040s][1][129][trace] GC(99) _eden_chunk_array[472]=0x00000000fd239180
[2025-08-08T15:31:06.393+0000][632.040s][1][129][trace] GC(99) _eden_chunk_array[473]=0x00000000fd271dd0
[2025-08-08T15:31:06.393+0000][632.040s][1][129][trace] GC(99) _eden_chunk_array[474]=0x00000000fd2aaa18
[2025-08-08T15:31:06.393+0000][632.040s][1][129][trace] GC(99) _eden_chunk_array[475]=0x00000000fd2e3660
[2025-08-08T15:31:06.393+0000][632.040s][1][129][trace] GC(99) _eden_chunk_array[476]=0x00000000fd31c2a8
[2025-08-08T15:31:06.393+0000][632.040s][1][129][trace] GC(99) _eden_chunk_array[477]=0x00000000fd367c60
[2025-08-08T15:31:06.393+0000][632.040s][1][129][trace] GC(99) _eden_chunk_array[478]=0x00000000fd39b3e0
[2025-08-08T15:31:06.393+0000][632.040s][1][129][trace] GC(99) _eden_chunk_array[479]=0x00000000fd3c0640
[2025-08-08T15:31:06.393+0000][632.040s][1][129][trace] GC(99) _eden_chunk_array[480]=0x00000000fd3eaeb8
[2025-08-08T15:31:06.393+0000][632.040s][1][129][trace] GC(99) _eden_chunk_array[481]=0x00000000fd410000
[2025-08-08T15:31:06.393+0000][632.040s][1][129][trace] GC(99) survivor 0x00000000fd410000-0x00000000fdcf32d0-0x00000000fe780000(20381696)
[2025-08-08T15:31:06.393+0000][632.040s][1][129][trace] GC(99) _survivor_chunk_index=0, _survivor_chunk_capacity=9952
[2025-08-08T15:31:06.438+0000][632.085s][1][129][info ] GC(99) Pause Remark 170M->170M(180M) 50.039ms
[2025-08-08T15:31:06.438+0000][632.085s][1][129][info ] Leaving safepoint region
[2025-08-08T15:31:06.438+0000][632.085s][1][129][info ] Total time for which application threads were stopped: 0.0503707 seconds, Stopping threads took: 0.0000342 seconds
[2025-08-08T15:31:06.438+0000][632.086s][1][128][info ] GC(99) Concurrent Sweep
[2025-08-08T15:31:06.440+0000][632.087s][1][128][info ] GC(99) Concurrent Sweep 1.712ms
[2025-08-08T15:31:06.440+0000][632.087s][1][128][info ] GC(99) Concurrent Reset
[2025-08-08T15:31:06.440+0000][632.087s][1][128][info ] GC(99) Concurrent Reset 0.021ms
[2025-08-08T15:31:06.440+0000][632.087s][1][128][info ] GC(99) Old: 5183K->5183K(5184K)
[2025-08-08T15:31:10.439+0000][636.087s][1][129][info ] Application time: 4.0014788 seconds
[2025-08-08T15:31:10.439+0000][636.087s][1][129][info ] Entering safepoint region: Cleanup
[2025-08-08T15:31:10.440+0000][636.087s][1][129][info ] Leaving safepoint region
[2025-08-08T15:31:10.440+0000][636.087s][1][129][info ] Total time for which application threads were stopped: 0.0001665 seconds, Stopping threads took: 0.0000236 seconds
[2025-08-08T15:31:13.442+0000][639.089s][1][129][info ] Application time: 3.0019448 seconds
[2025-08-08T15:31:13.442+0000][639.089s][1][129][info ] Entering safepoint region: Cleanup
[2025-08-08T15:31:13.442+0000][639.089s][1][129][info ] Leaving safepoint region
[2025-08-08T15:31:13.442+0000][639.089s][1][129][info ] Total time for which application threads were stopped: 0.0002182 seconds, Stopping threads took: 0.0000345 seconds
[2025-08-08T15:31:15.411+0000][641.058s][1][129][info ] Application time: 1.9691851 seconds
[2025-08-08T15:31:15.411+0000][641.059s][1][129][info ] Entering safepoint region: GenCollectForAllocation
[2025-08-08T15:31:15.411+0000][641.059s][1][129][debug] GC(100) Heap before GC invocations=16 (full 85): par new generation   total 179712K, used 179712K [0x00000000f3800000, 0x00000000ffaf0000, 0x00000000ffaf0000)
[2025-08-08T15:31:15.411+0000][641.059s][1][129][debug] GC(100)   eden space 159808K, 100% used [0x00000000f3800000, 0x00000000fd410000, 0x00000000fd410000)
[2025-08-08T15:31:15.411+0000][641.059s][1][129][debug] GC(100)   from space 19904K, 100% used [0x00000000fd410000, 0x00000000fe780000, 0x00000000fe780000)
[2025-08-08T15:31:15.411+0000][641.059s][1][129][debug] GC(100)   to   space 19904K,   0% used [0x00000000fe780000, 0x00000000fe780000, 0x00000000ffaf0000)
[2025-08-08T15:31:15.411+0000][641.059s][1][129][debug] GC(100)  concurrent mark-sweep generation total 5184K, used 5183K [0x00000000ffaf0000, 0x0000000100000000, 0x0000000100000000)
[2025-08-08T15:31:15.411+0000][641.059s][1][129][debug] GC(100)  Metaspace       used 51718K, capacity 53280K, committed 54036K, reserved 1097728K
[2025-08-08T15:31:15.411+0000][641.059s][1][129][debug] GC(100)   class space    used 5693K, capacity 6411K, committed 6652K, reserved 1048576K
[2025-08-08T15:31:15.412+0000][641.059s][1][129][trace] CMS: promo attempt is not safe: available(24) < av_promo(2795063), max_promo(184025088)
[2025-08-08T15:31:15.576+0000][641.223s][1][129][info ] GC(101) Pause Full (Allocation Failure) 180M->65M(180M) 164.298ms
[2025-08-08T15:31:15.576+0000][641.223s][1][129][info ] GC(100) ParNew: 179712K->61714K(179712K)
[2025-08-08T15:31:15.576+0000][641.223s][1][129][info ] GC(100) CMS: 5183K->5183K(5184K)
[2025-08-08T15:31:15.576+0000][641.223s][1][129][trace] CMS: promo attempt is not safe: available(24) < av_promo(2794949), max_promo(63196064)
[2025-08-08T15:31:15.576+0000][641.223s][1][129][info ] GC(100) Pause Young (Allocation Failure) 180M->65M(180M) 164.486ms
[2025-08-08T15:31:15.576+0000][641.223s][1][129][debug] GC(100) Heap after GC invocations=17 (full 86): par new generation   total 179712K, used 61714K [0x00000000f3800000, 0x00000000ffaf0000, 0x00000000ffaf0000)
[2025-08-08T15:31:15.576+0000][641.223s][1][129][debug] GC(100)   eden space 159808K,  38% used [0x00000000f3800000, 0x00000000f7444ba0, 0x00000000fd410000)
[2025-08-08T15:31:15.576+0000][641.223s][1][129][debug] GC(100)   from space 19904K,   0% used [0x00000000fd410000, 0x00000000fd410000, 0x00000000fe780000)
[2025-08-08T15:31:15.576+0000][641.223s][1][129][debug] GC(100)   to   space 19904K,   0% used [0x00000000fe780000, 0x00000000fe780000, 0x00000000ffaf0000)
[2025-08-08T15:31:15.576+0000][641.223s][1][129][debug] GC(100)  concurrent mark-sweep generation total 5184K, used 5183K [0x00000000ffaf0000, 0x0000000100000000, 0x0000000100000000)
[2025-08-08T15:31:15.576+0000][641.223s][1][129][debug] GC(100)  Metaspace       used 51718K, capacity 53280K, committed 54036K, reserved 1097728K
[2025-08-08T15:31:15.576+0000][641.223s][1][129][debug] GC(100)   class space    used 5693K, capacity 6411K, committed 6652K, reserved 1048576K
[2025-08-08T15:31:15.576+0000][641.223s][1][129][info ] Leaving safepoint region
[2025-08-08T15:31:15.576+0000][641.223s][1][129][info ] Total time for which application threads were stopped: 0.1649395 seconds, Stopping threads took: 0.0001410 seconds
[2025-08-08T15:31:15.577+0000][641.225s][1][129][info ] Application time: 0.0013054 seconds
[2025-08-08T15:31:15.577+0000][641.225s][1][129][info ] Entering safepoint region: CMS_Initial_Mark
[2025-08-08T15:31:15.578+0000][641.225s][1][129][trace] GC(102) eden 0x00000000f3800000-0x00000000f751f248-0x00000000fd410000(163643392)
[2025-08-08T15:31:15.578+0000][641.225s][1][129][trace] GC(102) _eden_chunk_index=5, _eden_chunk_capacity=11233
[2025-08-08T15:31:15.578+0000][641.225s][1][129][trace] GC(102) _eden_chunk_array[0]=0x00000000f7444bb8
[2025-08-08T15:31:15.578+0000][641.225s][1][129][trace] GC(102) _eden_chunk_array[1]=0x00000000f7469938
[2025-08-08T15:31:15.578+0000][641.225s][1][129][trace] GC(102) _eden_chunk_array[2]=0x00000000f74aff58
[2025-08-08T15:31:15.578+0000][641.225s][1][129][trace] GC(102) _eden_chunk_array[3]=0x00000000f74d0a88
[2025-08-08T15:31:15.578+0000][641.225s][1][129][trace] GC(102) _eden_chunk_array[4]=0x00000000f751b4a8
[2025-08-08T15:31:15.578+0000][641.225s][1][129][trace] GC(102) survivor 0x00000000fd410000-0x00000000fd410000-0x00000000fe780000(20381696)
[2025-08-08T15:31:15.578+0000][641.225s][1][129][trace] GC(102) _survivor_chunk_index=0, _survivor_chunk_capacity=9952
[2025-08-08T15:31:15.599+0000][641.246s][1][129][info ] GC(102) Pause Initial Mark 66M->66M(180M) 21.517ms
[2025-08-08T15:31:15.599+0000][641.247s][1][129][info ] Leaving safepoint region
[2025-08-08T15:31:15.599+0000][641.247s][1][129][info ] Total time for which application threads were stopped: 0.0218386 seconds, Stopping threads took: 0.0000839 seconds
[2025-08-08T15:31:15.599+0000][641.247s][1][128][info ] GC(102) Concurrent Mark
[2025-08-08T15:31:15.604+0000][641.251s][1][128][info ] GC(102) Concurrent Mark 4.309ms
[2025-08-08T15:31:15.604+0000][641.251s][1][128][info ] GC(102) Concurrent Preclean
[2025-08-08T15:31:15.607+0000][641.254s][1][128][info ] GC(102) Concurrent Preclean 2.811ms
[2025-08-08T15:31:15.607+0000][641.254s][1][128][info ] GC(102) Concurrent Abortable Preclean
[2025-08-08T15:31:15.607+0000][641.254s][1][128][info ] GC(102) Concurrent Abortable Preclean 0.008ms
[2025-08-08T15:31:15.607+0000][641.254s][1][129][info ] Application time: 0.0074365 seconds
[2025-08-08T15:31:15.607+0000][641.254s][1][129][info ] Entering safepoint region: CMS_Final_Remark
[2025-08-08T15:31:15.607+0000][641.254s][1][129][trace] GC(102) eden 0x00000000f3800000-0x00000000f762dad0-0x00000000fd410000(163643392)
[2025-08-08T15:31:15.607+0000][641.254s][1][129][trace] GC(102) _eden_chunk_index=12, _eden_chunk_capacity=11233
[2025-08-08T15:31:15.607+0000][641.254s][1][129][trace] GC(102) _eden_chunk_array[0]=0x00000000f7444bb8
[2025-08-08T15:31:15.607+0000][641.254s][1][129][trace] GC(102) _eden_chunk_array[1]=0x00000000f7469938
[2025-08-08T15:31:15.607+0000][641.254s][1][129][trace] GC(102) _eden_chunk_array[2]=0x00000000f74aff58
[2025-08-08T15:31:15.607+0000][641.254s][1][129][trace] GC(102) _eden_chunk_array[3]=0x00000000f74d0a88
[2025-08-08T15:31:15.607+0000][641.254s][1][129][trace] GC(102) _eden_chunk_array[4]=0x00000000f751b4a8
[2025-08-08T15:31:15.607+0000][641.254s][1][129][trace] GC(102) _eden_chunk_array[5]=0x00000000f7541788
[2025-08-08T15:31:15.607+0000][641.254s][1][129][trace] GC(102) _eden_chunk_array[6]=0x00000000f75631d8
[2025-08-08T15:31:15.607+0000][641.254s][1][129][trace] GC(102) _eden_chunk_array[7]=0x00000000f7598108
[2025-08-08T15:31:15.607+0000][641.254s][1][129][trace] GC(102) _eden_chunk_array[8]=0x00000000f75ba638
[2025-08-08T15:31:15.607+0000][641.254s][1][129][trace] GC(102) _eden_chunk_array[9]=0x00000000f75dd770
[2025-08-08T15:31:15.607+0000][641.254s][1][129][trace] GC(102) _eden_chunk_array[10]=0x00000000f75ffca8
[2025-08-08T15:31:15.607+0000][641.254s][1][129][trace] GC(102) _eden_chunk_array[11]=0x00000000f76221f0
[2025-08-08T15:31:15.607+0000][641.254s][1][129][trace] GC(102) survivor 0x00000000fd410000-0x00000000fd410000-0x00000000fe780000(20381696)
[2025-08-08T15:31:15.607+0000][641.254s][1][129][trace] GC(102) _survivor_chunk_index=0, _survivor_chunk_capacity=9952
[2025-08-08T15:31:15.665+0000][641.313s][1][129][info ] GC(102) Pause Remark 67M->67M(180M) 58.455ms
[2025-08-08T15:31:15.665+0000][641.313s][1][129][info ] Leaving safepoint region
[2025-08-08T15:31:15.665+0000][641.313s][1][129][info ] Total time for which application threads were stopped: 0.0587415 seconds, Stopping threads took: 0.0000304 seconds
[2025-08-08T15:31:15.666+0000][641.313s][1][128][info ] GC(102) Concurrent Sweep
[2025-08-08T15:31:15.667+0000][641.315s][1][128][info ] GC(102) Concurrent Sweep 1.603ms
[2025-08-08T15:31:15.667+0000][641.315s][1][128][info ] GC(102) Concurrent Reset
[2025-08-08T15:31:15.667+0000][641.315s][1][128][info ] GC(102) Concurrent Reset 0.016ms
[2025-08-08T15:31:15.667+0000][641.315s][1][128][info ] GC(102) Old: 5183K->5183K(5184K)
[2025-08-08T15:31:18.667+0000][644.314s][1][129][info ] Application time: 3.0011388 seconds
[2025-08-08T15:31:18.667+0000][644.314s][1][129][info ] Entering safepoint region: Cleanup
[2025-08-08T15:31:18.667+0000][644.314s][1][129][info ] Leaving safepoint region
[2025-08-08T15:31:18.667+0000][644.314s][1][129][info ] Total time for which application threads were stopped: 0.0001506 seconds, Stopping threads took: 0.0000229 seconds
[2025-08-08T15:31:25.667+0000][651.315s][1][129][info ] Application time: 7.0006462 seconds
[2025-08-08T15:31:25.667+0000][651.315s][1][129][info ] Entering safepoint region: CMS_Initial_Mark
[2025-08-08T15:31:25.668+0000][651.315s][1][129][trace] GC(103) eden 0x00000000f3800000-0x00000000f7e0b978-0x00000000fd410000(163643392)
[2025-08-08T15:31:25.668+0000][651.315s][1][129][trace] GC(103) _eden_chunk_index=57, _eden_chunk_capacity=11233
[2025-08-08T15:31:25.668+0000][651.315s][1][129][trace] GC(103) _eden_chunk_array[0]=0x00000000f7444bb8
[2025-08-08T15:31:25.668+0000][651.315s][1][129][trace] GC(103) _eden_chunk_array[1]=0x00000000f7469938
[2025-08-08T15:31:25.668+0000][651.315s][1][129][trace] GC(103) _eden_chunk_array[2]=0x00000000f74aff58
[2025-08-08T15:31:25.668+0000][651.315s][1][129][trace] GC(103) _eden_chunk_array[3]=0x00000000f74d0a88
[2025-08-08T15:31:25.668+0000][651.315s][1][129][trace] GC(103) _eden_chunk_array[4]=0x00000000f751b4a8
[2025-08-08T15:31:25.668+0000][651.315s][1][129][trace] GC(103) _eden_chunk_array[5]=0x00000000f7541788
[2025-08-08T15:31:25.668+0000][651.315s][1][129][trace] GC(103) _eden_chunk_array[6]=0x00000000f75631d8
[2025-08-08T15:31:25.668+0000][651.315s][1][129][trace] GC(103) _eden_chunk_array[7]=0x00000000f7598108
[2025-08-08T15:31:25.668+0000][651.315s][1][129][trace] GC(103) _eden_chunk_array[8]=0x00000000f75ba638
[2025-08-08T15:31:25.668+0000][651.315s][1][129][trace] GC(103) _eden_chunk_array[9]=0x00000000f75dd770
[2025-08-08T15:31:25.668+0000][651.315s][1][129][trace] GC(103) _eden_chunk_array[10]=0x00000000f75ffca8
[2025-08-08T15:31:25.668+0000][651.315s][1][129][trace] GC(103) _eden_chunk_array[11]=0x00000000f76221f0
[2025-08-08T15:31:25.668+0000][651.315s][1][129][trace] GC(103) _eden_chunk_array[12]=0x00000000f7645e60
[2025-08-08T15:31:25.668+0000][651.315s][1][129][trace] GC(103) _eden_chunk_array[13]=0x00000000f7667e88
[2025-08-08T15:31:25.668+0000][651.315s][1][129][trace] GC(103) _eden_chunk_array[14]=0x00000000f769af40
[2025-08-08T15:31:25.668+0000][651.315s][1][129][trace] GC(103) _eden_chunk_array[15]=0x00000000f76c4168
[2025-08-08T15:31:25.668+0000][651.315s][1][129][trace] GC(103) _eden_chunk_array[16]=0x00000000f76eff48
[2025-08-08T15:31:25.668+0000][651.315s][1][129][trace] GC(103) _eden_chunk_array[17]=0x00000000f7712388
[2025-08-08T15:31:25.668+0000][651.315s][1][129][trace] GC(103) _eden_chunk_array[18]=0x00000000f7757bd0
[2025-08-08T15:31:25.668+0000][651.315s][1][129][trace] GC(103) _eden_chunk_array[19]=0x00000000f7777be8
[2025-08-08T15:31:25.668+0000][651.315s][1][129][trace] GC(103) _eden_chunk_array[20]=0x00000000f779b980
[2025-08-08T15:31:25.668+0000][651.315s][1][129][trace] GC(103) _eden_chunk_array[21]=0x00000000f77bf710
[2025-08-08T15:31:25.668+0000][651.315s][1][129][trace] GC(103) _eden_chunk_array[22]=0x00000000f7801aa8
[2025-08-08T15:31:25.668+0000][651.315s][1][129][trace] GC(103) _eden_chunk_array[23]=0x00000000f784c4c8
[2025-08-08T15:31:25.668+0000][651.315s][1][129][trace] GC(103) _eden_chunk_array[24]=0x00000000f786e918
[2025-08-08T15:31:25.668+0000][651.315s][1][129][trace] GC(103) _eden_chunk_array[25]=0x00000000f7890d60
[2025-08-08T15:31:25.668+0000][651.315s][1][129][trace] GC(103) _eden_chunk_array[26]=0x00000000f78b31b8
[2025-08-08T15:31:25.668+0000][651.315s][1][129][trace] GC(103) _eden_chunk_array[27]=0x00000000f78d5610
[2025-08-08T15:31:25.668+0000][651.315s][1][129][trace] GC(103) _eden_chunk_array[28]=0x00000000f78f7a70
[2025-08-08T15:31:25.668+0000][651.315s][1][129][trace] GC(103) _eden_chunk_array[29]=0x00000000f791bd80
[2025-08-08T15:31:25.668+0000][651.315s][1][129][trace] GC(103) _eden_chunk_array[30]=0x00000000f7950e60
[2025-08-08T15:31:25.668+0000][651.315s][1][129][trace] GC(103) _eden_chunk_array[31]=0x00000000f79754c0
[2025-08-08T15:31:25.668+0000][651.315s][1][129][trace] GC(103) _eden_chunk_array[32]=0x00000000f79a6708
[2025-08-08T15:31:25.668+0000][651.315s][1][129][trace] GC(103) _eden_chunk_array[33]=0x00000000f79c8b60
[2025-08-08T15:31:25.668+0000][651.315s][1][129][trace] GC(103) _eden_chunk_array[34]=0x00000000f7a135c0
[2025-08-08T15:31:25.668+0000][651.315s][1][129][trace] GC(103) _eden_chunk_array[35]=0x00000000f7a47230
[2025-08-08T15:31:25.668+0000][651.315s][1][129][trace] GC(103) _eden_chunk_array[36]=0x00000000f7a6a370
[2025-08-08T15:31:25.668+0000][651.315s][1][129][trace] GC(103) _eden_chunk_array[37]=0x00000000f7a8d4b0
[2025-08-08T15:31:25.668+0000][651.315s][1][129][trace] GC(103) _eden_chunk_array[38]=0x00000000f7ad2d10
[2025-08-08T15:31:25.668+0000][651.315s][1][129][trace] GC(103) _eden_chunk_array[39]=0x00000000f7af5e48
[2025-08-08T15:31:25.668+0000][651.315s][1][129][trace] GC(103) _eden_chunk_array[40]=0x00000000f7b18f98
[2025-08-08T15:31:25.668+0000][651.315s][1][129][trace] GC(103) _eden_chunk_array[41]=0x00000000f7b5e7e0
[2025-08-08T15:31:25.668+0000][651.315s][1][129][trace] GC(103) _eden_chunk_array[42]=0x00000000f7b81928
[2025-08-08T15:31:25.668+0000][651.315s][1][129][trace] GC(103) _eden_chunk_array[43]=0x00000000f7ba4a70
[2025-08-08T15:31:25.668+0000][651.315s][1][129][trace] GC(103) _eden_chunk_array[44]=0x00000000f7bc5f98
[2025-08-08T15:31:25.668+0000][651.315s][1][129][trace] GC(103) _eden_chunk_array[45]=0x00000000f7c017b8
[2025-08-08T15:31:25.668+0000][651.315s][1][129][trace] GC(103) _eden_chunk_array[46]=0x00000000f7c29598
[2025-08-08T15:31:25.668+0000][651.315s][1][129][trace] GC(103) _eden_chunk_array[47]=0x00000000f7c5caa8
[2025-08-08T15:31:25.668+0000][651.315s][1][129][trace] GC(103) _eden_chunk_array[48]=0x00000000f7c80840
[2025-08-08T15:31:25.668+0000][651.315s][1][129][trace] GC(103) _eden_chunk_array[49]=0x00000000f7caabb8
[2025-08-08T15:31:25.668+0000][651.315s][1][129][trace] GC(103) _eden_chunk_array[50]=0x00000000f7cce950
[2025-08-08T15:31:25.668+0000][651.315s][1][129][trace] GC(103) _eden_chunk_array[51]=0x00000000f7cf8cb0
[2025-08-08T15:31:25.668+0000][651.315s][1][129][trace] GC(103) _eden_chunk_array[52]=0x00000000f7d23028
[2025-08-08T15:31:25.668+0000][651.315s][1][129][trace] GC(103) _eden_chunk_array[53]=0x00000000f7d4d398
[2025-08-08T15:31:25.668+0000][651.315s][1][129][trace] GC(103) _eden_chunk_array[54]=0x00000000f7dacf70
[2025-08-08T15:31:25.668+0000][651.315s][1][129][trace] GC(103) _eden_chunk_array[55]=0x00000000f7dcd2a0
[2025-08-08T15:31:25.668+0000][651.315s][1][129][trace] GC(103) _eden_chunk_array[56]=0x00000000f7deee48
[2025-08-08T15:31:25.668+0000][651.315s][1][129][trace] GC(103) survivor 0x00000000fd410000-0x00000000fd410000-0x00000000fe780000(20381696)
[2025-08-08T15:31:25.668+0000][651.315s][1][129][trace] GC(103) _survivor_chunk_index=0, _survivor_chunk_capacity=9952
[2025-08-08T15:31:25.683+0000][651.331s][1][129][info ] GC(103) Pause Initial Mark 75M->75M(180M) 15.630ms
[2025-08-08T15:31:25.683+0000][651.331s][1][129][info ] Leaving safepoint region
[2025-08-08T15:31:25.683+0000][651.331s][1][129][info ] Total time for which application threads were stopped: 0.0158358 seconds, Stopping threads took: 0.0000212 seconds
[2025-08-08T15:31:25.683+0000][651.331s][1][128][info ] GC(103) Concurrent Mark
[2025-08-08T15:31:25.685+0000][651.333s][1][128][info ] GC(103) Concurrent Mark 1.963ms
[2025-08-08T15:31:25.685+0000][651.333s][1][128][info ] GC(103) Concurrent Preclean
[2025-08-08T15:31:25.686+0000][651.333s][1][128][info ] GC(103) Concurrent Preclean 0.180ms
[2025-08-08T15:31:25.686+0000][651.333s][1][128][info ] GC(103) Concurrent Abortable Preclean
[2025-08-08T15:31:25.686+0000][651.333s][1][128][trace] CMS: promo attempt is not safe: available(24) < av_promo(2794949), max_promo(73447800)
[2025-08-08T15:31:25.686+0000][651.333s][1][128][info ] GC(103) Concurrent Abortable Preclean 0.008ms
[2025-08-08T15:31:25.686+0000][651.333s][1][129][info ] Application time: 0.0023137 seconds
[2025-08-08T15:31:25.686+0000][651.333s][1][129][info ] Entering safepoint region: CMS_Final_Remark
[2025-08-08T15:31:25.686+0000][651.333s][1][129][trace] GC(103) eden 0x00000000f3800000-0x00000000f7e0b978-0x00000000fd410000(163643392)
[2025-08-08T15:31:25.686+0000][651.333s][1][129][trace] GC(103) _eden_chunk_index=57, _eden_chunk_capacity=11233
[2025-08-08T15:31:25.686+0000][651.333s][1][129][trace] GC(103) _eden_chunk_array[0]=0x00000000f7444bb8
[2025-08-08T15:31:25.686+0000][651.333s][1][129][trace] GC(103) _eden_chunk_array[1]=0x00000000f7469938
[2025-08-08T15:31:25.686+0000][651.333s][1][129][trace] GC(103) _eden_chunk_array[2]=0x00000000f74aff58
[2025-08-08T15:31:25.686+0000][651.333s][1][129][trace] GC(103) _eden_chunk_array[3]=0x00000000f74d0a88
[2025-08-08T15:31:25.686+0000][651.333s][1][129][trace] GC(103) _eden_chunk_array[4]=0x00000000f751b4a8
[2025-08-08T15:31:25.686+0000][651.333s][1][129][trace] GC(103) _eden_chunk_array[5]=0x00000000f7541788
[2025-08-08T15:31:25.686+0000][651.333s][1][129][trace] GC(103) _eden_chunk_array[6]=0x00000000f75631d8
[2025-08-08T15:31:25.686+0000][651.333s][1][129][trace] GC(103) _eden_chunk_array[7]=0x00000000f7598108
[2025-08-08T15:31:25.686+0000][651.333s][1][129][trace] GC(103) _eden_chunk_array[8]=0x00000000f75ba638
[2025-08-08T15:31:25.686+0000][651.333s][1][129][trace] GC(103) _eden_chunk_array[9]=0x00000000f75dd770
[2025-08-08T15:31:25.686+0000][651.333s][1][129][trace] GC(103) _eden_chunk_array[10]=0x00000000f75ffca8
[2025-08-08T15:31:25.686+0000][651.333s][1][129][trace] GC(103) _eden_chunk_array[11]=0x00000000f76221f0
[2025-08-08T15:31:25.686+0000][651.333s][1][129][trace] GC(103) _eden_chunk_array[12]=0x00000000f7645e60
[2025-08-08T15:31:25.686+0000][651.333s][1][129][trace] GC(103) _eden_chunk_array[13]=0x00000000f7667e88
[2025-08-08T15:31:25.686+0000][651.333s][1][129][trace] GC(103) _eden_chunk_array[14]=0x00000000f769af40
[2025-08-08T15:31:25.686+0000][651.333s][1][129][trace] GC(103) _eden_chunk_array[15]=0x00000000f76c4168
[2025-08-08T15:31:25.686+0000][651.333s][1][129][trace] GC(103) _eden_chunk_array[16]=0x00000000f76eff48
[2025-08-08T15:31:25.686+0000][651.333s][1][129][trace] GC(103) _eden_chunk_array[17]=0x00000000f7712388
[2025-08-08T15:31:25.686+0000][651.333s][1][129][trace] GC(103) _eden_chunk_array[18]=0x00000000f7757bd0
[2025-08-08T15:31:25.686+0000][651.333s][1][129][trace] GC(103) _eden_chunk_array[19]=0x00000000f7777be8
[2025-08-08T15:31:25.686+0000][651.333s][1][129][trace] GC(103) _eden_chunk_array[20]=0x00000000f779b980
[2025-08-08T15:31:25.686+0000][651.333s][1][129][trace] GC(103) _eden_chunk_array[21]=0x00000000f77bf710
[2025-08-08T15:31:25.686+0000][651.333s][1][129][trace] GC(103) _eden_chunk_array[22]=0x00000000f7801aa8
[2025-08-08T15:31:25.686+0000][651.333s][1][129][trace] GC(103) _eden_chunk_array[23]=0x00000000f784c4c8
[2025-08-08T15:31:25.686+0000][651.333s][1][129][trace] GC(103) _eden_chunk_array[24]=0x00000000f786e918
[2025-08-08T15:31:25.686+0000][651.333s][1][129][trace] GC(103) _eden_chunk_array[25]=0x00000000f7890d60
[2025-08-08T15:31:25.686+0000][651.333s][1][129][trace] GC(103) _eden_chunk_array[26]=0x00000000f78b31b8
[2025-08-08T15:31:25.686+0000][651.333s][1][129][trace] GC(103) _eden_chunk_array[27]=0x00000000f78d5610
[2025-08-08T15:31:25.686+0000][651.333s][1][129][trace] GC(103) _eden_chunk_array[28]=0x00000000f78f7a70
[2025-08-08T15:31:25.686+0000][651.333s][1][129][trace] GC(103) _eden_chunk_array[29]=0x00000000f791bd80
[2025-08-08T15:31:25.686+0000][651.333s][1][129][trace] GC(103) _eden_chunk_array[30]=0x00000000f7950e60
[2025-08-08T15:31:25.686+0000][651.333s][1][129][trace] GC(103) _eden_chunk_array[31]=0x00000000f79754c0
[2025-08-08T15:31:25.686+0000][651.333s][1][129][trace] GC(103) _eden_chunk_array[32]=0x00000000f79a6708
[2025-08-08T15:31:25.686+0000][651.333s][1][129][trace] GC(103) _eden_chunk_array[33]=0x00000000f79c8b60
[2025-08-08T15:31:25.686+0000][651.333s][1][129][trace] GC(103) _eden_chunk_array[34]=0x00000000f7a135c0
[2025-08-08T15:31:25.686+0000][651.333s][1][129][trace] GC(103) _eden_chunk_array[35]=0x00000000f7a47230
[2025-08-08T15:31:25.686+0000][651.333s][1][129][trace] GC(103) _eden_chunk_array[36]=0x00000000f7a6a370
[2025-08-08T15:31:25.686+0000][651.333s][1][129][trace] GC(103) _eden_chunk_array[37]=0x00000000f7a8d4b0
[2025-08-08T15:31:25.686+0000][651.333s][1][129][trace] GC(103) _eden_chunk_array[38]=0x00000000f7ad2d10
[2025-08-08T15:31:25.686+0000][651.333s][1][129][trace] GC(103) _eden_chunk_array[39]=0x00000000f7af5e48
[2025-08-08T15:31:25.686+0000][651.333s][1][129][trace] GC(103) _eden_chunk_array[40]=0x00000000f7b18f98
[2025-08-08T15:31:25.686+0000][651.333s][1][129][trace] GC(103) _eden_chunk_array[41]=0x00000000f7b5e7e0
[2025-08-08T15:31:25.686+0000][651.333s][1][129][trace] GC(103) _eden_chunk_array[42]=0x00000000f7b81928
[2025-08-08T15:31:25.686+0000][651.333s][1][129][trace] GC(103) _eden_chunk_array[43]=0x00000000f7ba4a70
[2025-08-08T15:31:25.686+0000][651.333s][1][129][trace] GC(103) _eden_chunk_array[44]=0x00000000f7bc5f98
[2025-08-08T15:31:25.686+0000][651.333s][1][129][trace] GC(103) _eden_chunk_array[45]=0x00000000f7c017b8
[2025-08-08T15:31:25.686+0000][651.333s][1][129][trace] GC(103) _eden_chunk_array[46]=0x00000000f7c29598
[2025-08-08T15:31:25.686+0000][651.333s][1][129][trace] GC(103) _eden_chunk_array[47]=0x00000000f7c5caa8
[2025-08-08T15:31:25.686+0000][651.333s][1][129][trace] GC(103) _eden_chunk_array[48]=0x00000000f7c80840
[2025-08-08T15:31:25.686+0000][651.333s][1][129][trace] GC(103) _eden_chunk_array[49]=0x00000000f7caabb8
[2025-08-08T15:31:25.686+0000][651.333s][1][129][trace] GC(103) _eden_chunk_array[50]=0x00000000f7cce950
[2025-08-08T15:31:25.686+0000][651.333s][1][129][trace] GC(103) _eden_chunk_array[51]=0x00000000f7cf8cb0
[2025-08-08T15:31:25.686+0000][651.333s][1][129][trace] GC(103) _eden_chunk_array[52]=0x00000000f7d23028
[2025-08-08T15:31:25.686+0000][651.333s][1][129][trace] GC(103) _eden_chunk_array[53]=0x00000000f7d4d398
[2025-08-08T15:31:25.686+0000][651.333s][1][129][trace] GC(103) _eden_chunk_array[54]=0x00000000f7dacf70
[2025-08-08T15:31:25.686+0000][651.333s][1][129][trace] GC(103) _eden_chunk_array[55]=0x00000000f7dcd2a0
[2025-08-08T15:31:25.686+0000][651.333s][1][129][trace] GC(103) _eden_chunk_array[56]=0x00000000f7deee48
[2025-08-08T15:31:25.686+0000][651.333s][1][129][trace] GC(103) survivor 0x00000000fd410000-0x00000000fd410000-0x00000000fe780000(20381696)
[2025-08-08T15:31:25.686+0000][651.333s][1][129][trace] GC(103) _survivor_chunk_index=0, _survivor_chunk_capacity=9952
[2025-08-08T15:31:25.715+0000][651.362s][1][129][info ] GC(103) Pause Remark 75M->75M(180M) 29.402ms
[2025-08-08T15:31:25.715+0000][651.363s][1][129][info ] Leaving safepoint region
[2025-08-08T15:31:25.715+0000][651.363s][1][129][info ] Total time for which application threads were stopped: 0.0296407 seconds, Stopping threads took: 0.0000122 seconds
[2025-08-08T15:31:25.715+0000][651.363s][1][128][info ] GC(103) Concurrent Sweep
[2025-08-08T15:31:25.717+0000][651.364s][1][128][info ] GC(103) Concurrent Sweep 1.171ms
[2025-08-08T15:31:25.717+0000][651.364s][1][128][info ] GC(103) Concurrent Reset
[2025-08-08T15:31:25.717+0000][651.364s][1][128][info ] GC(103) Concurrent Reset 0.012ms
[2025-08-08T15:31:25.717+0000][651.364s][1][128][info ] GC(103) Old: 5183K->5183K(5184K)
[2025-08-08T15:31:26.716+0000][652.363s][1][129][info ] Application time: 1.0005781 seconds
[2025-08-08T15:31:26.716+0000][652.363s][1][129][info ] Entering safepoint region: Cleanup
[2025-08-08T15:31:26.716+0000][652.363s][1][129][info ] Leaving safepoint region
[2025-08-08T15:31:26.716+0000][652.363s][1][129][info ] Total time for which application threads were stopped: 0.0002241 seconds, Stopping threads took: 0.0000339 seconds
[2025-08-08T15:31:34.722+0000][660.369s][1][129][info ] Application time: 8.0060156 seconds
[2025-08-08T15:31:34.722+0000][660.370s][1][129][info ] Entering safepoint region: Cleanup
[2025-08-08T15:31:34.722+0000][660.370s][1][129][info ] Leaving safepoint region
[2025-08-08T15:31:34.722+0000][660.370s][1][129][info ] Total time for which application threads were stopped: 0.0001733 seconds, Stopping threads took: 0.0000236 seconds
[2025-08-08T15:31:35.717+0000][661.364s][1][129][info ] Application time: 0.9945980 seconds
[2025-08-08T15:31:35.717+0000][661.364s][1][129][info ] Entering safepoint region: CMS_Initial_Mark
[2025-08-08T15:31:35.717+0000][661.365s][1][129][trace] GC(104) eden 0x00000000f3800000-0x00000000f88f9b90-0x00000000fd410000(163643392)
[2025-08-08T15:31:35.717+0000][661.365s][1][129][trace] GC(104) _eden_chunk_index=114, _eden_chunk_capacity=11233
[2025-08-08T15:31:35.717+0000][661.365s][1][129][trace] GC(104) _eden_chunk_array[0]=0x00000000f7444bb8
[2025-08-08T15:31:35.717+0000][661.365s][1][129][trace] GC(104) _eden_chunk_array[1]=0x00000000f7469938
[2025-08-08T15:31:35.717+0000][661.365s][1][129][trace] GC(104) _eden_chunk_array[2]=0x00000000f74aff58
[2025-08-08T15:31:35.717+0000][661.365s][1][129][trace] GC(104) _eden_chunk_array[3]=0x00000000f74d0a88
[2025-08-08T15:31:35.717+0000][661.365s][1][129][trace] GC(104) _eden_chunk_array[4]=0x00000000f751b4a8
[2025-08-08T15:31:35.717+0000][661.365s][1][129][trace] GC(104) _eden_chunk_array[5]=0x00000000f7541788
[2025-08-08T15:31:35.717+0000][661.365s][1][129][trace] GC(104) _eden_chunk_array[6]=0x00000000f75631d8
[2025-08-08T15:31:35.717+0000][661.365s][1][129][trace] GC(104) _eden_chunk_array[7]=0x00000000f7598108
[2025-08-08T15:31:35.717+0000][661.365s][1][129][trace] GC(104) _eden_chunk_array[8]=0x00000000f75ba638
[2025-08-08T15:31:35.717+0000][661.365s][1][129][trace] GC(104) _eden_chunk_array[9]=0x00000000f75dd770
[2025-08-08T15:31:35.717+0000][661.365s][1][129][trace] GC(104) _eden_chunk_array[10]=0x00000000f75ffca8
[2025-08-08T15:31:35.717+0000][661.365s][1][129][trace] GC(104) _eden_chunk_array[11]=0x00000000f76221f0
[2025-08-08T15:31:35.717+0000][661.365s][1][129][trace] GC(104) _eden_chunk_array[12]=0x00000000f7645e60
[2025-08-08T15:31:35.717+0000][661.365s][1][129][trace] GC(104) _eden_chunk_array[13]=0x00000000f7667e88
[2025-08-08T15:31:35.717+0000][661.365s][1][129][trace] GC(104) _eden_chunk_array[14]=0x00000000f769af40
[2025-08-08T15:31:35.717+0000][661.365s][1][129][trace] GC(104) _eden_chunk_array[15]=0x00000000f76c4168
[2025-08-08T15:31:35.717+0000][661.365s][1][129][trace] GC(104) _eden_chunk_array[16]=0x00000000f76eff48
[2025-08-08T15:31:35.717+0000][661.365s][1][129][trace] GC(104) _eden_chunk_array[17]=0x00000000f7712388
[2025-08-08T15:31:35.717+0000][661.365s][1][129][trace] GC(104) _eden_chunk_array[18]=0x00000000f7757bd0
[2025-08-08T15:31:35.717+0000][661.365s][1][129][trace] GC(104) _eden_chunk_array[19]=0x00000000f7777be8
[2025-08-08T15:31:35.717+0000][661.365s][1][129][trace] GC(104) _eden_chunk_array[20]=0x00000000f779b980
[2025-08-08T15:31:35.717+0000][661.365s][1][129][trace] GC(104) _eden_chunk_array[21]=0x00000000f77bf710
[2025-08-08T15:31:35.717+0000][661.365s][1][129][trace] GC(104) _eden_chunk_array[22]=0x00000000f7801aa8
[2025-08-08T15:31:35.717+0000][661.365s][1][129][trace] GC(104) _eden_chunk_array[23]=0x00000000f784c4c8
[2025-08-08T15:31:35.717+0000][661.365s][1][129][trace] GC(104) _eden_chunk_array[24]=0x00000000f786e918
[2025-08-08T15:31:35.717+0000][661.365s][1][129][trace] GC(104) _eden_chunk_array[25]=0x00000000f7890d60
[2025-08-08T15:31:35.717+0000][661.365s][1][129][trace] GC(104) _eden_chunk_array[26]=0x00000000f78b31b8
[2025-08-08T15:31:35.717+0000][661.365s][1][129][trace] GC(104) _eden_chunk_array[27]=0x00000000f78d5610
[2025-08-08T15:31:35.717+0000][661.365s][1][129][trace] GC(104) _eden_chunk_array[28]=0x00000000f78f7a70
[2025-08-08T15:31:35.717+0000][661.365s][1][129][trace] GC(104) _eden_chunk_array[29]=0x00000000f791bd80
[2025-08-08T15:31:35.717+0000][661.365s][1][129][trace] GC(104) _eden_chunk_array[30]=0x00000000f7950e60
[2025-08-08T15:31:35.717+0000][661.365s][1][129][trace] GC(104) _eden_chunk_array[31]=0x00000000f79754c0
[2025-08-08T15:31:35.717+0000][661.365s][1][129][trace] GC(104) _eden_chunk_array[32]=0x00000000f79a6708
[2025-08-08T15:31:35.717+0000][661.365s][1][129][trace] GC(104) _eden_chunk_array[33]=0x00000000f79c8b60
[2025-08-08T15:31:35.717+0000][661.365s][1][129][trace] GC(104) _eden_chunk_array[34]=0x00000000f7a135c0
[2025-08-08T15:31:35.717+0000][661.365s][1][129][trace] GC(104) _eden_chunk_array[35]=0x00000000f7a47230
[2025-08-08T15:31:35.717+0000][661.365s][1][129][trace] GC(104) _eden_chunk_array[36]=0x00000000f7a6a370
[2025-08-08T15:31:35.717+0000][661.365s][1][129][trace] GC(104) _eden_chunk_array[37]=0x00000000f7a8d4b0
[2025-08-08T15:31:35.717+0000][661.365s][1][129][trace] GC(104) _eden_chunk_array[38]=0x00000000f7ad2d10
[2025-08-08T15:31:35.717+0000][661.365s][1][129][trace] GC(104) _eden_chunk_array[39]=0x00000000f7af5e48
[2025-08-08T15:31:35.717+0000][661.365s][1][129][trace] GC(104) _eden_chunk_array[40]=0x00000000f7b18f98
[2025-08-08T15:31:35.717+0000][661.365s][1][129][trace] GC(104) _eden_chunk_array[41]=0x00000000f7b5e7e0
[2025-08-08T15:31:35.717+0000][661.365s][1][129][trace] GC(104) _eden_chunk_array[42]=0x00000000f7b81928
[2025-08-08T15:31:35.717+0000][661.365s][1][129][trace] GC(104) _eden_chunk_array[43]=0x00000000f7ba4a70
[2025-08-08T15:31:35.717+0000][661.365s][1][129][trace] GC(104) _eden_chunk_array[44]=0x00000000f7bc5f98
[2025-08-08T15:31:35.717+0000][661.365s][1][129][trace] GC(104) _eden_chunk_array[45]=0x00000000f7c017b8
[2025-08-08T15:31:35.717+0000][661.365s][1][129][trace] GC(104) _eden_chunk_array[46]=0x00000000f7c29598
[2025-08-08T15:31:35.717+0000][661.365s][1][129][trace] GC(104) _eden_chunk_array[47]=0x00000000f7c5caa8
[2025-08-08T15:31:35.717+0000][661.365s][1][129][trace] GC(104) _eden_chunk_array[48]=0x00000000f7c80840
[2025-08-08T15:31:35.717+0000][661.365s][1][129][trace] GC(104) _eden_chunk_array[49]=0x00000000f7caabb8
[2025-08-08T15:31:35.717+0000][661.365s][1][129][trace] GC(104) _eden_chunk_array[50]=0x00000000f7cce950
[2025-08-08T15:31:35.717+0000][661.365s][1][129][trace] GC(104) _eden_chunk_array[51]=0x00000000f7cf8cb0
[2025-08-08T15:31:35.717+0000][661.365s][1][129][trace] GC(104) _eden_chunk_array[52]=0x00000000f7d23028
[2025-08-08T15:31:35.717+0000][661.365s][1][129][trace] GC(104) _eden_chunk_array[53]=0x00000000f7d4d398
[2025-08-08T15:31:35.717+0000][661.365s][1][129][trace] GC(104) _eden_chunk_array[54]=0x00000000f7dacf70
[2025-08-08T15:31:35.717+0000][661.365s][1][129][trace] GC(104) _eden_chunk_array[55]=0x00000000f7dcd2a0
[2025-08-08T15:31:35.717+0000][661.365s][1][129][trace] GC(104) _eden_chunk_array[56]=0x00000000f7deee48
[2025-08-08T15:31:35.717+0000][661.365s][1][129][trace] GC(104) _eden_chunk_array[57]=0x00000000f7e0f710
[2025-08-08T15:31:35.717+0000][661.365s][1][129][trace] GC(104) _eden_chunk_array[58]=0x00000000f7e64520
[2025-08-08T15:31:35.717+0000][661.365s][1][129][trace] GC(104) _eden_chunk_array[59]=0x00000000f7e8bcb8
[2025-08-08T15:31:35.717+0000][661.365s][1][129][trace] GC(104) _eden_chunk_array[60]=0x00000000f7eafa40
[2025-08-08T15:31:35.717+0000][661.365s][1][129][trace] GC(104) _eden_chunk_array[61]=0x00000000f7ed37c8
[2025-08-08T15:31:35.717+0000][661.365s][1][129][trace] GC(104) _eden_chunk_array[62]=0x00000000f7f19028
[2025-08-08T15:31:35.717+0000][661.365s][1][129][trace] GC(104) _eden_chunk_array[63]=0x00000000f7f42ad8
[2025-08-08T15:31:35.717+0000][661.365s][1][129][trace] GC(104) _eden_chunk_array[64]=0x00000000f7f6e720
[2025-08-08T15:31:35.717+0000][661.365s][1][129][trace] GC(104) _eden_chunk_array[65]=0x00000000f7f99710
[2025-08-08T15:31:35.717+0000][661.365s][1][129][trace] GC(104) _eden_chunk_array[66]=0x00000000f7fc5350
[2025-08-08T15:31:35.717+0000][661.365s][1][129][trace] GC(104) _eden_chunk_array[67]=0x00000000f8025b98
[2025-08-08T15:31:35.717+0000][661.365s][1][129][trace] GC(104) _eden_chunk_array[68]=0x00000000f8051800
[2025-08-08T15:31:35.717+0000][661.365s][1][129][trace] GC(104) _eden_chunk_array[69]=0x00000000f807d440
[2025-08-08T15:31:35.718+0000][661.365s][1][129][trace] GC(104) _eden_chunk_array[70]=0x00000000f80a3b28
[2025-08-08T15:31:35.718+0000][661.365s][1][129][trace] GC(104) _eden_chunk_array[71]=0x00000000f80c3d58
[2025-08-08T15:31:35.718+0000][661.365s][1][129][trace] GC(104) _eden_chunk_array[72]=0x00000000f80e4c40
[2025-08-08T15:31:35.718+0000][661.365s][1][129][trace] GC(104) _eden_chunk_array[73]=0x00000000f8118878
[2025-08-08T15:31:35.718+0000][661.365s][1][129][trace] GC(104) _eden_chunk_array[74]=0x00000000f8144f58
[2025-08-08T15:31:35.718+0000][661.365s][1][129][trace] GC(104) _eden_chunk_array[75]=0x00000000f8179648
[2025-08-08T15:31:35.718+0000][661.365s][1][129][trace] GC(104) _eden_chunk_array[76]=0x00000000f81b2f50
[2025-08-08T15:31:35.718+0000][661.365s][1][129][trace] GC(104) _eden_chunk_array[77]=0x00000000f8214e60
[2025-08-08T15:31:35.718+0000][661.365s][1][129][trace] GC(104) _eden_chunk_array[78]=0x00000000f82437e8
[2025-08-08T15:31:35.718+0000][661.365s][1][129][trace] GC(104) _eden_chunk_array[79]=0x00000000f827ec80
[2025-08-08T15:31:35.718+0000][661.365s][1][129][trace] GC(104) _eden_chunk_array[80]=0x00000000f82db998
[2025-08-08T15:31:35.718+0000][661.365s][1][129][trace] GC(104) _eden_chunk_array[81]=0x00000000f82ff478
[2025-08-08T15:31:35.718+0000][661.365s][1][129][trace] GC(104) _eden_chunk_array[82]=0x00000000f8325d68
[2025-08-08T15:31:35.718+0000][661.365s][1][129][trace] GC(104) _eden_chunk_array[83]=0x00000000f8346e68
[2025-08-08T15:31:35.718+0000][661.365s][1][129][trace] GC(104) _eden_chunk_array[84]=0x00000000f836c3f8
[2025-08-08T15:31:35.718+0000][661.365s][1][129][trace] GC(104) _eden_chunk_array[85]=0x00000000f838e968
[2025-08-08T15:31:35.718+0000][661.365s][1][129][trace] GC(104) _eden_chunk_array[86]=0x00000000f83b0db0
[2025-08-08T15:31:35.718+0000][661.365s][1][129][trace] GC(104) _eden_chunk_array[87]=0x00000000f83e4830
[2025-08-08T15:31:35.718+0000][661.365s][1][129][trace] GC(104) _eden_chunk_array[88]=0x00000000f841bc28
[2025-08-08T15:31:35.718+0000][661.365s][1][129][trace] GC(104) _eden_chunk_array[89]=0x00000000f8448db0
[2025-08-08T15:31:35.718+0000][661.365s][1][129][trace] GC(104) _eden_chunk_array[90]=0x00000000f846f610
[2025-08-08T15:31:35.718+0000][661.365s][1][129][trace] GC(104) _eden_chunk_array[91]=0x00000000f84933a8
[2025-08-08T15:31:35.718+0000][661.365s][1][129][trace] GC(104) _eden_chunk_array[92]=0x00000000f84ec018
[2025-08-08T15:31:35.718+0000][661.365s][1][129][trace] GC(104) _eden_chunk_array[93]=0x00000000f8512850
[2025-08-08T15:31:35.718+0000][661.365s][1][129][trace] GC(104) _eden_chunk_array[94]=0x00000000f8539090
[2025-08-08T15:31:35.718+0000][661.365s][1][129][trace] GC(104) _eden_chunk_array[95]=0x00000000f855f8d0
[2025-08-08T15:31:35.718+0000][661.365s][1][129][trace] GC(104) _eden_chunk_array[96]=0x00000000f8586100
[2025-08-08T15:31:35.718+0000][661.365s][1][129][trace] GC(104) _eden_chunk_array[97]=0x00000000f85a9238
[2025-08-08T15:31:35.718+0000][661.365s][1][129][trace] GC(104) _eden_chunk_array[98]=0x00000000f85f3ec8
[2025-08-08T15:31:35.718+0000][661.365s][1][129][trace] GC(104) _eden_chunk_array[99]=0x00000000f8616f50
[2025-08-08T15:31:35.718+0000][661.365s][1][129][trace] GC(104) _eden_chunk_array[100]=0x00000000f86377d8
[2025-08-08T15:31:35.718+0000][661.365s][1][129][trace] GC(104) _eden_chunk_array[101]=0x00000000f866d798
[2025-08-08T15:31:35.718+0000][661.365s][1][129][trace] GC(104) _eden_chunk_array[102]=0x00000000f86996f8
[2025-08-08T15:31:35.718+0000][661.365s][1][129][trace] GC(104) _eden_chunk_array[103]=0x00000000f86ca900
[2025-08-08T15:31:35.718+0000][661.365s][1][129][trace] GC(104) _eden_chunk_array[104]=0x00000000f8710158
[2025-08-08T15:31:35.718+0000][661.365s][1][129][trace] GC(104) _eden_chunk_array[105]=0x00000000f873eae8
[2025-08-08T15:31:35.718+0000][661.365s][1][129][trace] GC(104) _eden_chunk_array[106]=0x00000000f875f150
[2025-08-08T15:31:35.718+0000][661.365s][1][129][trace] GC(104) _eden_chunk_array[107]=0x00000000f87a9b70
[2025-08-08T15:31:35.718+0000][661.365s][1][129][trace] GC(104) _eden_chunk_array[108]=0x00000000f87f4578
[2025-08-08T15:31:35.718+0000][661.365s][1][129][trace] GC(104) _eden_chunk_array[109]=0x00000000f8822f08
[2025-08-08T15:31:35.718+0000][661.365s][1][129][trace] GC(104) _eden_chunk_array[110]=0x00000000f88535c0
[2025-08-08T15:31:35.718+0000][661.365s][1][129][trace] GC(104) _eden_chunk_array[111]=0x00000000f888ca40
[2025-08-08T15:31:35.718+0000][661.365s][1][129][trace] GC(104) _eden_chunk_array[112]=0x00000000f88b86a0
[2025-08-08T15:31:35.718+0000][661.365s][1][129][trace] GC(104) _eden_chunk_array[113]=0x00000000f88e2f90
[2025-08-08T15:31:35.718+0000][661.365s][1][129][trace] GC(104) survivor 0x00000000fd410000-0x00000000fd410000-0x00000000fe780000(20381696)
[2025-08-08T15:31:35.718+0000][661.365s][1][129][trace] GC(104) _survivor_chunk_index=0, _survivor_chunk_capacity=9952
[2025-08-08T15:31:35.739+0000][661.387s][1][129][info ] GC(104) Pause Initial Mark 86M->86M(180M) 22.242ms
[2025-08-08T15:31:35.739+0000][661.387s][1][129][info ] Leaving safepoint region
[2025-08-08T15:31:35.740+0000][661.387s][1][129][info ] Total time for which application threads were stopped: 0.0224888 seconds, Stopping threads took: 0.0000254 seconds
[2025-08-08T15:31:35.740+0000][661.387s][1][128][info ] GC(104) Concurrent Mark
[2025-08-08T15:31:35.742+0000][661.390s][1][128][info ] GC(104) Concurrent Mark 2.597ms
[2025-08-08T15:31:35.742+0000][661.390s][1][128][info ] GC(104) Concurrent Preclean
[2025-08-08T15:31:35.742+0000][661.390s][1][128][info ] GC(104) Concurrent Preclean 0.217ms
[2025-08-08T15:31:35.743+0000][661.390s][1][128][info ] GC(104) Concurrent Abortable Preclean
[2025-08-08T15:31:35.743+0000][661.390s][1][128][trace] CMS: promo attempt is not safe: available(24) < av_promo(2794949), max_promo(84908944)
[2025-08-08T15:31:35.743+0000][661.390s][1][128][info ] GC(104) Concurrent Abortable Preclean 0.019ms
[2025-08-08T15:31:35.743+0000][661.390s][1][129][info ] Application time: 0.0033300 seconds
[2025-08-08T15:31:35.743+0000][661.390s][1][129][info ] Entering safepoint region: CMS_Final_Remark
[2025-08-08T15:31:35.743+0000][661.390s][1][129][trace] GC(104) eden 0x00000000f3800000-0x00000000f88f9b90-0x00000000fd410000(163643392)
[2025-08-08T15:31:35.743+0000][661.390s][1][129][trace] GC(104) _eden_chunk_index=114, _eden_chunk_capacity=11233
[2025-08-08T15:31:35.743+0000][661.390s][1][129][trace] GC(104) _eden_chunk_array[0]=0x00000000f7444bb8
[2025-08-08T15:31:35.743+0000][661.390s][1][129][trace] GC(104) _eden_chunk_array[1]=0x00000000f7469938
[2025-08-08T15:31:35.743+0000][661.390s][1][129][trace] GC(104) _eden_chunk_array[2]=0x00000000f74aff58
[2025-08-08T15:31:35.743+0000][661.390s][1][129][trace] GC(104) _eden_chunk_array[3]=0x00000000f74d0a88
[2025-08-08T15:31:35.743+0000][661.390s][1][129][trace] GC(104) _eden_chunk_array[4]=0x00000000f751b4a8
[2025-08-08T15:31:35.743+0000][661.390s][1][129][trace] GC(104) _eden_chunk_array[5]=0x00000000f7541788
[2025-08-08T15:31:35.743+0000][661.390s][1][129][trace] GC(104) _eden_chunk_array[6]=0x00000000f75631d8
[2025-08-08T15:31:35.743+0000][661.390s][1][129][trace] GC(104) _eden_chunk_array[7]=0x00000000f7598108
[2025-08-08T15:31:35.743+0000][661.390s][1][129][trace] GC(104) _eden_chunk_array[8]=0x00000000f75ba638
[2025-08-08T15:31:35.743+0000][661.390s][1][129][trace] GC(104) _eden_chunk_array[9]=0x00000000f75dd770
[2025-08-08T15:31:35.743+0000][661.390s][1][129][trace] GC(104) _eden_chunk_array[10]=0x00000000f75ffca8
[2025-08-08T15:31:35.743+0000][661.390s][1][129][trace] GC(104) _eden_chunk_array[11]=0x00000000f76221f0
[2025-08-08T15:31:35.743+0000][661.390s][1][129][trace] GC(104) _eden_chunk_array[12]=0x00000000f7645e60
[2025-08-08T15:31:35.743+0000][661.390s][1][129][trace] GC(104) _eden_chunk_array[13]=0x00000000f7667e88
[2025-08-08T15:31:35.743+0000][661.390s][1][129][trace] GC(104) _eden_chunk_array[14]=0x00000000f769af40
[2025-08-08T15:31:35.743+0000][661.390s][1][129][trace] GC(104) _eden_chunk_array[15]=0x00000000f76c4168
[2025-08-08T15:31:35.743+0000][661.390s][1][129][trace] GC(104) _eden_chunk_array[16]=0x00000000f76eff48
[2025-08-08T15:31:35.743+0000][661.390s][1][129][trace] GC(104) _eden_chunk_array[17]=0x00000000f7712388
[2025-08-08T15:31:35.743+0000][661.390s][1][129][trace] GC(104) _eden_chunk_array[18]=0x00000000f7757bd0
[2025-08-08T15:31:35.743+0000][661.390s][1][129][trace] GC(104) _eden_chunk_array[19]=0x00000000f7777be8
[2025-08-08T15:31:35.743+0000][661.390s][1][129][trace] GC(104) _eden_chunk_array[20]=0x00000000f779b980
[2025-08-08T15:31:35.743+0000][661.390s][1][129][trace] GC(104) _eden_chunk_array[21]=0x00000000f77bf710
[2025-08-08T15:31:35.743+0000][661.390s][1][129][trace] GC(104) _eden_chunk_array[22]=0x00000000f7801aa8
[2025-08-08T15:31:35.743+0000][661.390s][1][129][trace] GC(104) _eden_chunk_array[23]=0x00000000f784c4c8
[2025-08-08T15:31:35.743+0000][661.390s][1][129][trace] GC(104) _eden_chunk_array[24]=0x00000000f786e918
[2025-08-08T15:31:35.743+0000][661.390s][1][129][trace] GC(104) _eden_chunk_array[25]=0x00000000f7890d60
[2025-08-08T15:31:35.743+0000][661.390s][1][129][trace] GC(104) _eden_chunk_array[26]=0x00000000f78b31b8
[2025-08-08T15:31:35.743+0000][661.390s][1][129][trace] GC(104) _eden_chunk_array[27]=0x00000000f78d5610
[2025-08-08T15:31:35.743+0000][661.390s][1][129][trace] GC(104) _eden_chunk_array[28]=0x00000000f78f7a70
[2025-08-08T15:31:35.743+0000][661.391s][1][129][trace] GC(104) _eden_chunk_array[29]=0x00000000f791bd80
[2025-08-08T15:31:35.743+0000][661.391s][1][129][trace] GC(104) _eden_chunk_array[30]=0x00000000f7950e60
[2025-08-08T15:31:35.743+0000][661.391s][1][129][trace] GC(104) _eden_chunk_array[31]=0x00000000f79754c0
[2025-08-08T15:31:35.743+0000][661.391s][1][129][trace] GC(104) _eden_chunk_array[32]=0x00000000f79a6708
[2025-08-08T15:31:35.743+0000][661.391s][1][129][trace] GC(104) _eden_chunk_array[33]=0x00000000f79c8b60
[2025-08-08T15:31:35.743+0000][661.391s][1][129][trace] GC(104) _eden_chunk_array[34]=0x00000000f7a135c0
[2025-08-08T15:31:35.743+0000][661.391s][1][129][trace] GC(104) _eden_chunk_array[35]=0x00000000f7a47230
[2025-08-08T15:31:35.743+0000][661.391s][1][129][trace] GC(104) _eden_chunk_array[36]=0x00000000f7a6a370
[2025-08-08T15:31:35.743+0000][661.391s][1][129][trace] GC(104) _eden_chunk_array[37]=0x00000000f7a8d4b0
[2025-08-08T15:31:35.743+0000][661.391s][1][129][trace] GC(104) _eden_chunk_array[38]=0x00000000f7ad2d10
[2025-08-08T15:31:35.743+0000][661.391s][1][129][trace] GC(104) _eden_chunk_array[39]=0x00000000f7af5e48
[2025-08-08T15:31:35.743+0000][661.391s][1][129][trace] GC(104) _eden_chunk_array[40]=0x00000000f7b18f98
[2025-08-08T15:31:35.743+0000][661.391s][1][129][trace] GC(104) _eden_chunk_array[41]=0x00000000f7b5e7e0
[2025-08-08T15:31:35.743+0000][661.391s][1][129][trace] GC(104) _eden_chunk_array[42]=0x00000000f7b81928
[2025-08-08T15:31:35.743+0000][661.391s][1][129][trace] GC(104) _eden_chunk_array[43]=0x00000000f7ba4a70
[2025-08-08T15:31:35.743+0000][661.391s][1][129][trace] GC(104) _eden_chunk_array[44]=0x00000000f7bc5f98
[2025-08-08T15:31:35.743+0000][661.391s][1][129][trace] GC(104) _eden_chunk_array[45]=0x00000000f7c017b8
[2025-08-08T15:31:35.743+0000][661.391s][1][129][trace] GC(104) _eden_chunk_array[46]=0x00000000f7c29598
[2025-08-08T15:31:35.743+0000][661.391s][1][129][trace] GC(104) _eden_chunk_array[47]=0x00000000f7c5caa8
[2025-08-08T15:31:35.743+0000][661.391s][1][129][trace] GC(104) _eden_chunk_array[48]=0x00000000f7c80840
[2025-08-08T15:31:35.743+0000][661.391s][1][129][trace] GC(104) _eden_chunk_array[49]=0x00000000f7caabb8
[2025-08-08T15:31:35.743+0000][661.391s][1][129][trace] GC(104) _eden_chunk_array[50]=0x00000000f7cce950
[2025-08-08T15:31:35.743+0000][661.391s][1][129][trace] GC(104) _eden_chunk_array[51]=0x00000000f7cf8cb0
[2025-08-08T15:31:35.743+0000][661.391s][1][129][trace] GC(104) _eden_chunk_array[52]=0x00000000f7d23028
[2025-08-08T15:31:35.743+0000][661.391s][1][129][trace] GC(104) _eden_chunk_array[53]=0x00000000f7d4d398
[2025-08-08T15:31:35.743+0000][661.391s][1][129][trace] GC(104) _eden_chunk_array[54]=0x00000000f7dacf70
[2025-08-08T15:31:35.743+0000][661.391s][1][129][trace] GC(104) _eden_chunk_array[55]=0x00000000f7dcd2a0
[2025-08-08T15:31:35.743+0000][661.391s][1][129][trace] GC(104) _eden_chunk_array[56]=0x00000000f7deee48
[2025-08-08T15:31:35.743+0000][661.391s][1][129][trace] GC(104) _eden_chunk_array[57]=0x00000000f7e0f710
[2025-08-08T15:31:35.743+0000][661.391s][1][129][trace] GC(104) _eden_chunk_array[58]=0x00000000f7e64520
[2025-08-08T15:31:35.743+0000][661.391s][1][129][trace] GC(104) _eden_chunk_array[59]=0x00000000f7e8bcb8
[2025-08-08T15:31:35.743+0000][661.391s][1][129][trace] GC(104) _eden_chunk_array[60]=0x00000000f7eafa40
[2025-08-08T15:31:35.743+0000][661.391s][1][129][trace] GC(104) _eden_chunk_array[61]=0x00000000f7ed37c8
[2025-08-08T15:31:35.743+0000][661.391s][1][129][trace] GC(104) _eden_chunk_array[62]=0x00000000f7f19028
[2025-08-08T15:31:35.743+0000][661.391s][1][129][trace] GC(104) _eden_chunk_array[63]=0x00000000f7f42ad8
[2025-08-08T15:31:35.743+0000][661.391s][1][129][trace] GC(104) _eden_chunk_array[64]=0x00000000f7f6e720
[2025-08-08T15:31:35.743+0000][661.391s][1][129][trace] GC(104) _eden_chunk_array[65]=0x00000000f7f99710
[2025-08-08T15:31:35.743+0000][661.391s][1][129][trace] GC(104) _eden_chunk_array[66]=0x00000000f7fc5350
[2025-08-08T15:31:35.743+0000][661.391s][1][129][trace] GC(104) _eden_chunk_array[67]=0x00000000f8025b98
[2025-08-08T15:31:35.743+0000][661.391s][1][129][trace] GC(104) _eden_chunk_array[68]=0x00000000f8051800
[2025-08-08T15:31:35.743+0000][661.391s][1][129][trace] GC(104) _eden_chunk_array[69]=0x00000000f807d440
[2025-08-08T15:31:35.743+0000][661.391s][1][129][trace] GC(104) _eden_chunk_array[70]=0x00000000f80a3b28
[2025-08-08T15:31:35.743+0000][661.391s][1][129][trace] GC(104) _eden_chunk_array[71]=0x00000000f80c3d58
[2025-08-08T15:31:35.743+0000][661.391s][1][129][trace] GC(104) _eden_chunk_array[72]=0x00000000f80e4c40
[2025-08-08T15:31:35.743+0000][661.391s][1][129][trace] GC(104) _eden_chunk_array[73]=0x00000000f8118878
[2025-08-08T15:31:35.743+0000][661.391s][1][129][trace] GC(104) _eden_chunk_array[74]=0x00000000f8144f58
[2025-08-08T15:31:35.743+0000][661.391s][1][129][trace] GC(104) _eden_chunk_array[75]=0x00000000f8179648
[2025-08-08T15:31:35.743+0000][661.391s][1][129][trace] GC(104) _eden_chunk_array[76]=0x00000000f81b2f50
[2025-08-08T15:31:35.743+0000][661.391s][1][129][trace] GC(104) _eden_chunk_array[77]=0x00000000f8214e60
[2025-08-08T15:31:35.743+0000][661.391s][1][129][trace] GC(104) _eden_chunk_array[78]=0x00000000f82437e8
[2025-08-08T15:31:35.743+0000][661.391s][1][129][trace] GC(104) _eden_chunk_array[79]=0x00000000f827ec80
[2025-08-08T15:31:35.743+0000][661.391s][1][129][trace] GC(104) _eden_chunk_array[80]=0x00000000f82db998
[2025-08-08T15:31:35.743+0000][661.391s][1][129][trace] GC(104) _eden_chunk_array[81]=0x00000000f82ff478
[2025-08-08T15:31:35.743+0000][661.391s][1][129][trace] GC(104) _eden_chunk_array[82]=0x00000000f8325d68
[2025-08-08T15:31:35.743+0000][661.391s][1][129][trace] GC(104) _eden_chunk_array[83]=0x00000000f8346e68
[2025-08-08T15:31:35.743+0000][661.391s][1][129][trace] GC(104) _eden_chunk_array[84]=0x00000000f836c3f8
[2025-08-08T15:31:35.743+0000][661.391s][1][129][trace] GC(104) _eden_chunk_array[85]=0x00000000f838e968
[2025-08-08T15:31:35.743+0000][661.391s][1][129][trace] GC(104) _eden_chunk_array[86]=0x00000000f83b0db0
[2025-08-08T15:31:35.743+0000][661.391s][1][129][trace] GC(104) _eden_chunk_array[87]=0x00000000f83e4830
[2025-08-08T15:31:35.743+0000][661.391s][1][129][trace] GC(104) _eden_chunk_array[88]=0x00000000f841bc28
[2025-08-08T15:31:35.743+0000][661.391s][1][129][trace] GC(104) _eden_chunk_array[89]=0x00000000f8448db0
[2025-08-08T15:31:35.743+0000][661.391s][1][129][trace] GC(104) _eden_chunk_array[90]=0x00000000f846f610
[2025-08-08T15:31:35.743+0000][661.391s][1][129][trace] GC(104) _eden_chunk_array[91]=0x00000000f84933a8
[2025-08-08T15:31:35.743+0000][661.391s][1][129][trace] GC(104) _eden_chunk_array[92]=0x00000000f84ec018
[2025-08-08T15:31:35.743+0000][661.391s][1][129][trace] GC(104) _eden_chunk_array[93]=0x00000000f8512850
[2025-08-08T15:31:35.743+0000][661.391s][1][129][trace] GC(104) _eden_chunk_array[94]=0x00000000f8539090
[2025-08-08T15:31:35.743+0000][661.391s][1][129][trace] GC(104) _eden_chunk_array[95]=0x00000000f855f8d0
[2025-08-08T15:31:35.743+0000][661.391s][1][129][trace] GC(104) _eden_chunk_array[96]=0x00000000f8586100
[2025-08-08T15:31:35.743+0000][661.391s][1][129][trace] GC(104) _eden_chunk_array[97]=0x00000000f85a9238
[2025-08-08T15:31:35.743+0000][661.391s][1][129][trace] GC(104) _eden_chunk_array[98]=0x00000000f85f3ec8
[2025-08-08T15:31:35.743+0000][661.391s][1][129][trace] GC(104) _eden_chunk_array[99]=0x00000000f8616f50
[2025-08-08T15:31:35.743+0000][661.391s][1][129][trace] GC(104) _eden_chunk_array[100]=0x00000000f86377d8
[2025-08-08T15:31:35.743+0000][661.391s][1][129][trace] GC(104) _eden_chunk_array[101]=0x00000000f866d798
[2025-08-08T15:31:35.743+0000][661.391s][1][129][trace] GC(104) _eden_chunk_array[102]=0x00000000f86996f8
[2025-08-08T15:31:35.743+0000][661.391s][1][129][trace] GC(104) _eden_chunk_array[103]=0x00000000f86ca900
[2025-08-08T15:31:35.743+0000][661.391s][1][129][trace] GC(104) _eden_chunk_array[104]=0x00000000f8710158
[2025-08-08T15:31:35.743+0000][661.391s][1][129][trace] GC(104) _eden_chunk_array[105]=0x00000000f873eae8
[2025-08-08T15:31:35.743+0000][661.391s][1][129][trace] GC(104) _eden_chunk_array[106]=0x00000000f875f150
[2025-08-08T15:31:35.743+0000][661.391s][1][129][trace] GC(104) _eden_chunk_array[107]=0x00000000f87a9b70
[2025-08-08T15:31:35.743+0000][661.391s][1][129][trace] GC(104) _eden_chunk_array[108]=0x00000000f87f4578
[2025-08-08T15:31:35.743+0000][661.391s][1][129][trace] GC(104) _eden_chunk_array[109]=0x00000000f8822f08
[2025-08-08T15:31:35.743+0000][661.391s][1][129][trace] GC(104) _eden_chunk_array[110]=0x00000000f88535c0
[2025-08-08T15:31:35.743+0000][661.391s][1][129][trace] GC(104) _eden_chunk_array[111]=0x00000000f888ca40
[2025-08-08T15:31:35.743+0000][661.391s][1][129][trace] GC(104) _eden_chunk_array[112]=0x00000000f88b86a0
[2025-08-08T15:31:35.743+0000][661.391s][1][129][trace] GC(104) _eden_chunk_array[113]=0x00000000f88e2f90
[2025-08-08T15:31:35.743+0000][661.391s][1][129][trace] GC(104) survivor 0x00000000fd410000-0x00000000fd410000-0x00000000fe780000(20381696)
[2025-08-08T15:31:35.743+0000][661.391s][1][129][trace] GC(104) _survivor_chunk_index=0, _survivor_chunk_capacity=9952
[2025-08-08T15:31:35.782+0000][661.429s][1][129][info ] GC(104) Pause Remark 86M->86M(180M) 38.815ms
[2025-08-08T15:31:35.782+0000][661.429s][1][129][info ] Leaving safepoint region
[2025-08-08T15:31:35.782+0000][661.429s][1][129][info ] Total time for which application threads were stopped: 0.0391098 seconds, Stopping threads took: 0.0000266 seconds
[2025-08-08T15:31:35.782+0000][661.429s][1][128][info ] GC(104) Concurrent Sweep
[2025-08-08T15:31:35.783+0000][661.431s][1][128][info ] GC(104) Concurrent Sweep 1.340ms
[2025-08-08T15:31:35.784+0000][661.431s][1][128][info ] GC(104) Concurrent Reset
[2025-08-08T15:31:35.784+0000][661.431s][1][128][info ] GC(104) Concurrent Reset 0.014ms
[2025-08-08T15:31:35.784+0000][661.431s][1][128][info ] GC(104) Old: 5183K->5183K(5184K)
[2025-08-08T15:31:40.785+0000][666.432s][1][129][info ] Application time: 5.0030434 seconds
[2025-08-08T15:31:40.785+0000][666.432s][1][129][info ] Entering safepoint region: Cleanup
[2025-08-08T15:31:40.785+0000][666.433s][1][129][info ] Leaving safepoint region
[2025-08-08T15:31:40.785+0000][666.433s][1][129][info ] Total time for which application threads were stopped: 0.0001696 seconds, Stopping threads took: 0.0000291 seconds
[2025-08-08T15:31:45.784+0000][671.432s][1][129][info ] Application time: 4.9990695 seconds
[2025-08-08T15:31:45.784+0000][671.432s][1][129][info ] Entering safepoint region: CMS_Initial_Mark
[2025-08-08T15:31:45.785+0000][671.432s][1][129][trace] GC(105) eden 0x00000000f3800000-0x00000000f9351500-0x00000000fd410000(163643392)
[2025-08-08T15:31:45.785+0000][671.432s][1][129][trace] GC(105) _eden_chunk_index=169, _eden_chunk_capacity=11233
[2025-08-08T15:31:45.785+0000][671.432s][1][129][trace] GC(105) _eden_chunk_array[0]=0x00000000f7444bb8
[2025-08-08T15:31:45.785+0000][671.432s][1][129][trace] GC(105) _eden_chunk_array[1]=0x00000000f7469938
[2025-08-08T15:31:45.785+0000][671.432s][1][129][trace] GC(105) _eden_chunk_array[2]=0x00000000f74aff58
[2025-08-08T15:31:45.785+0000][671.432s][1][129][trace] GC(105) _eden_chunk_array[3]=0x00000000f74d0a88
[2025-08-08T15:31:45.785+0000][671.432s][1][129][trace] GC(105) _eden_chunk_array[4]=0x00000000f751b4a8
[2025-08-08T15:31:45.785+0000][671.432s][1][129][trace] GC(105) _eden_chunk_array[5]=0x00000000f7541788
[2025-08-08T15:31:45.785+0000][671.432s][1][129][trace] GC(105) _eden_chunk_array[6]=0x00000000f75631d8
[2025-08-08T15:31:45.785+0000][671.432s][1][129][trace] GC(105) _eden_chunk_array[7]=0x00000000f7598108
[2025-08-08T15:31:45.785+0000][671.432s][1][129][trace] GC(105) _eden_chunk_array[8]=0x00000000f75ba638
[2025-08-08T15:31:45.785+0000][671.432s][1][129][trace] GC(105) _eden_chunk_array[9]=0x00000000f75dd770
[2025-08-08T15:31:45.785+0000][671.432s][1][129][trace] GC(105) _eden_chunk_array[10]=0x00000000f75ffca8
[2025-08-08T15:31:45.785+0000][671.432s][1][129][trace] GC(105) _eden_chunk_array[11]=0x00000000f76221f0
[2025-08-08T15:31:45.785+0000][671.432s][1][129][trace] GC(105) _eden_chunk_array[12]=0x00000000f7645e60
[2025-08-08T15:31:45.785+0000][671.432s][1][129][trace] GC(105) _eden_chunk_array[13]=0x00000000f7667e88
[2025-08-08T15:31:45.785+0000][671.432s][1][129][trace] GC(105) _eden_chunk_array[14]=0x00000000f769af40
[2025-08-08T15:31:45.785+0000][671.432s][1][129][trace] GC(105) _eden_chunk_array[15]=0x00000000f76c4168
[2025-08-08T15:31:45.785+0000][671.432s][1][129][trace] GC(105) _eden_chunk_array[16]=0x00000000f76eff48
[2025-08-08T15:31:45.785+0000][671.432s][1][129][trace] GC(105) _eden_chunk_array[17]=0x00000000f7712388
[2025-08-08T15:31:45.785+0000][671.432s][1][129][trace] GC(105) _eden_chunk_array[18]=0x00000000f7757bd0
[2025-08-08T15:31:45.785+0000][671.432s][1][129][trace] GC(105) _eden_chunk_array[19]=0x00000000f7777be8
[2025-08-08T15:31:45.785+0000][671.432s][1][129][trace] GC(105) _eden_chunk_array[20]=0x00000000f779b980
[2025-08-08T15:31:45.785+0000][671.432s][1][129][trace] GC(105) _eden_chunk_array[21]=0x00000000f77bf710
[2025-08-08T15:31:45.785+0000][671.432s][1][129][trace] GC(105) _eden_chunk_array[22]=0x00000000f7801aa8
[2025-08-08T15:31:45.785+0000][671.432s][1][129][trace] GC(105) _eden_chunk_array[23]=0x00000000f784c4c8
[2025-08-08T15:31:45.785+0000][671.432s][1][129][trace] GC(105) _eden_chunk_array[24]=0x00000000f786e918
[2025-08-08T15:31:45.785+0000][671.432s][1][129][trace] GC(105) _eden_chunk_array[25]=0x00000000f7890d60
[2025-08-08T15:31:45.785+0000][671.432s][1][129][trace] GC(105) _eden_chunk_array[26]=0x00000000f78b31b8
[2025-08-08T15:31:45.785+0000][671.432s][1][129][trace] GC(105) _eden_chunk_array[27]=0x00000000f78d5610
[2025-08-08T15:31:45.785+0000][671.432s][1][129][trace] GC(105) _eden_chunk_array[28]=0x00000000f78f7a70
[2025-08-08T15:31:45.785+0000][671.432s][1][129][trace] GC(105) _eden_chunk_array[29]=0x00000000f791bd80
[2025-08-08T15:31:45.785+0000][671.432s][1][129][trace] GC(105) _eden_chunk_array[30]=0x00000000f7950e60
[2025-08-08T15:31:45.785+0000][671.432s][1][129][trace] GC(105) _eden_chunk_array[31]=0x00000000f79754c0
[2025-08-08T15:31:45.785+0000][671.432s][1][129][trace] GC(105) _eden_chunk_array[32]=0x00000000f79a6708
[2025-08-08T15:31:45.785+0000][671.432s][1][129][trace] GC(105) _eden_chunk_array[33]=0x00000000f79c8b60
[2025-08-08T15:31:45.785+0000][671.432s][1][129][trace] GC(105) _eden_chunk_array[34]=0x00000000f7a135c0
[2025-08-08T15:31:45.785+0000][671.432s][1][129][trace] GC(105) _eden_chunk_array[35]=0x00000000f7a47230
[2025-08-08T15:31:45.785+0000][671.432s][1][129][trace] GC(105) _eden_chunk_array[36]=0x00000000f7a6a370
[2025-08-08T15:31:45.785+0000][671.432s][1][129][trace] GC(105) _eden_chunk_array[37]=0x00000000f7a8d4b0
[2025-08-08T15:31:45.785+0000][671.432s][1][129][trace] GC(105) _eden_chunk_array[38]=0x00000000f7ad2d10
[2025-08-08T15:31:45.785+0000][671.432s][1][129][trace] GC(105) _eden_chunk_array[39]=0x00000000f7af5e48
[2025-08-08T15:31:45.785+0000][671.432s][1][129][trace] GC(105) _eden_chunk_array[40]=0x00000000f7b18f98
[2025-08-08T15:31:45.785+0000][671.432s][1][129][trace] GC(105) _eden_chunk_array[41]=0x00000000f7b5e7e0
[2025-08-08T15:31:45.785+0000][671.432s][1][129][trace] GC(105) _eden_chunk_array[42]=0x00000000f7b81928
[2025-08-08T15:31:45.785+0000][671.432s][1][129][trace] GC(105) _eden_chunk_array[43]=0x00000000f7ba4a70
[2025-08-08T15:31:45.785+0000][671.432s][1][129][trace] GC(105) _eden_chunk_array[44]=0x00000000f7bc5f98
[2025-08-08T15:31:45.785+0000][671.432s][1][129][trace] GC(105) _eden_chunk_array[45]=0x00000000f7c017b8
[2025-08-08T15:31:45.785+0000][671.432s][1][129][trace] GC(105) _eden_chunk_array[46]=0x00000000f7c29598
[2025-08-08T15:31:45.785+0000][671.432s][1][129][trace] GC(105) _eden_chunk_array[47]=0x00000000f7c5caa8
[2025-08-08T15:31:45.785+0000][671.432s][1][129][trace] GC(105) _eden_chunk_array[48]=0x00000000f7c80840
[2025-08-08T15:31:45.785+0000][671.432s][1][129][trace] GC(105) _eden_chunk_array[49]=0x00000000f7caabb8
[2025-08-08T15:31:45.785+0000][671.432s][1][129][trace] GC(105) _eden_chunk_array[50]=0x00000000f7cce950
[2025-08-08T15:31:45.785+0000][671.432s][1][129][trace] GC(105) _eden_chunk_array[51]=0x00000000f7cf8cb0
[2025-08-08T15:31:45.785+0000][671.432s][1][129][trace] GC(105) _eden_chunk_array[52]=0x00000000f7d23028
[2025-08-08T15:31:45.785+0000][671.432s][1][129][trace] GC(105) _eden_chunk_array[53]=0x00000000f7d4d398
[2025-08-08T15:31:45.785+0000][671.432s][1][129][trace] GC(105) _eden_chunk_array[54]=0x00000000f7dacf70
[2025-08-08T15:31:45.785+0000][671.432s][1][129][trace] GC(105) _eden_chunk_array[55]=0x00000000f7dcd2a0
[2025-08-08T15:31:45.785+0000][671.432s][1][129][trace] GC(105) _eden_chunk_array[56]=0x00000000f7deee48
[2025-08-08T15:31:45.785+0000][671.432s][1][129][trace] GC(105) _eden_chunk_array[57]=0x00000000f7e0f710
[2025-08-08T15:31:45.785+0000][671.432s][1][129][trace] GC(105) _eden_chunk_array[58]=0x00000000f7e64520
[2025-08-08T15:31:45.785+0000][671.432s][1][129][trace] GC(105) _eden_chunk_array[59]=0x00000000f7e8bcb8
[2025-08-08T15:31:45.785+0000][671.432s][1][129][trace] GC(105) _eden_chunk_array[60]=0x00000000f7eafa40
[2025-08-08T15:31:45.785+0000][671.432s][1][129][trace] GC(105) _eden_chunk_array[61]=0x00000000f7ed37c8
[2025-08-08T15:31:45.785+0000][671.432s][1][129][trace] GC(105) _eden_chunk_array[62]=0x00000000f7f19028
[2025-08-08T15:31:45.785+0000][671.432s][1][129][trace] GC(105) _eden_chunk_array[63]=0x00000000f7f42ad8
[2025-08-08T15:31:45.785+0000][671.432s][1][129][trace] GC(105) _eden_chunk_array[64]=0x00000000f7f6e720
[2025-08-08T15:31:45.785+0000][671.432s][1][129][trace] GC(105) _eden_chunk_array[65]=0x00000000f7f99710
[2025-08-08T15:31:45.785+0000][671.432s][1][129][trace] GC(105) _eden_chunk_array[66]=0x00000000f7fc5350
[2025-08-08T15:31:45.785+0000][671.432s][1][129][trace] GC(105) _eden_chunk_array[67]=0x00000000f8025b98
[2025-08-08T15:31:45.785+0000][671.432s][1][129][trace] GC(105) _eden_chunk_array[68]=0x00000000f8051800
[2025-08-08T15:31:45.785+0000][671.432s][1][129][trace] GC(105) _eden_chunk_array[69]=0x00000000f807d440
[2025-08-08T15:31:45.785+0000][671.432s][1][129][trace] GC(105) _eden_chunk_array[70]=0x00000000f80a3b28
[2025-08-08T15:31:45.785+0000][671.432s][1][129][trace] GC(105) _eden_chunk_array[71]=0x00000000f80c3d58
[2025-08-08T15:31:45.785+0000][671.432s][1][129][trace] GC(105) _eden_chunk_array[72]=0x00000000f80e4c40
[2025-08-08T15:31:45.785+0000][671.432s][1][129][trace] GC(105) _eden_chunk_array[73]=0x00000000f8118878
[2025-08-08T15:31:45.785+0000][671.432s][1][129][trace] GC(105) _eden_chunk_array[74]=0x00000000f8144f58
[2025-08-08T15:31:45.785+0000][671.432s][1][129][trace] GC(105) _eden_chunk_array[75]=0x00000000f8179648
[2025-08-08T15:31:45.785+0000][671.432s][1][129][trace] GC(105) _eden_chunk_array[76]=0x00000000f81b2f50
[2025-08-08T15:31:45.785+0000][671.432s][1][129][trace] GC(105) _eden_chunk_array[77]=0x00000000f8214e60
[2025-08-08T15:31:45.785+0000][671.432s][1][129][trace] GC(105) _eden_chunk_array[78]=0x00000000f82437e8
[2025-08-08T15:31:45.785+0000][671.432s][1][129][trace] GC(105) _eden_chunk_array[79]=0x00000000f827ec80
[2025-08-08T15:31:45.785+0000][671.432s][1][129][trace] GC(105) _eden_chunk_array[80]=0x00000000f82db998
[2025-08-08T15:31:45.785+0000][671.432s][1][129][trace] GC(105) _eden_chunk_array[81]=0x00000000f82ff478
[2025-08-08T15:31:45.785+0000][671.432s][1][129][trace] GC(105) _eden_chunk_array[82]=0x00000000f8325d68
[2025-08-08T15:31:45.785+0000][671.432s][1][129][trace] GC(105) _eden_chunk_array[83]=0x00000000f8346e68
[2025-08-08T15:31:45.785+0000][671.432s][1][129][trace] GC(105) _eden_chunk_array[84]=0x00000000f836c3f8
[2025-08-08T15:31:45.785+0000][671.432s][1][129][trace] GC(105) _eden_chunk_array[85]=0x00000000f838e968
[2025-08-08T15:31:45.785+0000][671.432s][1][129][trace] GC(105) _eden_chunk_array[86]=0x00000000f83b0db0
[2025-08-08T15:31:45.785+0000][671.432s][1][129][trace] GC(105) _eden_chunk_array[87]=0x00000000f83e4830
[2025-08-08T15:31:45.785+0000][671.432s][1][129][trace] GC(105) _eden_chunk_array[88]=0x00000000f841bc28
[2025-08-08T15:31:45.785+0000][671.432s][1][129][trace] GC(105) _eden_chunk_array[89]=0x00000000f8448db0
[2025-08-08T15:31:45.785+0000][671.432s][1][129][trace] GC(105) _eden_chunk_array[90]=0x00000000f846f610
[2025-08-08T15:31:45.785+0000][671.432s][1][129][trace] GC(105) _eden_chunk_array[91]=0x00000000f84933a8
[2025-08-08T15:31:45.785+0000][671.432s][1][129][trace] GC(105) _eden_chunk_array[92]=0x00000000f84ec018
[2025-08-08T15:31:45.785+0000][671.432s][1][129][trace] GC(105) _eden_chunk_array[93]=0x00000000f8512850
[2025-08-08T15:31:45.785+0000][671.432s][1][129][trace] GC(105) _eden_chunk_array[94]=0x00000000f8539090
[2025-08-08T15:31:45.785+0000][671.432s][1][129][trace] GC(105) _eden_chunk_array[95]=0x00000000f855f8d0
[2025-08-08T15:31:45.785+0000][671.432s][1][129][trace] GC(105) _eden_chunk_array[96]=0x00000000f8586100
[2025-08-08T15:31:45.785+0000][671.432s][1][129][trace] GC(105) _eden_chunk_array[97]=0x00000000f85a9238
[2025-08-08T15:31:45.785+0000][671.432s][1][129][trace] GC(105) _eden_chunk_array[98]=0x00000000f85f3ec8
[2025-08-08T15:31:45.785+0000][671.432s][1][129][trace] GC(105) _eden_chunk_array[99]=0x00000000f8616f50
[2025-08-08T15:31:45.785+0000][671.432s][1][129][trace] GC(105) _eden_chunk_array[100]=0x00000000f86377d8
[2025-08-08T15:31:45.785+0000][671.432s][1][129][trace] GC(105) _eden_chunk_array[101]=0x00000000f866d798
[2025-08-08T15:31:45.785+0000][671.432s][1][129][trace] GC(105) _eden_chunk_array[102]=0x00000000f86996f8
[2025-08-08T15:31:45.785+0000][671.432s][1][129][trace] GC(105) _eden_chunk_array[103]=0x00000000f86ca900
[2025-08-08T15:31:45.785+0000][671.432s][1][129][trace] GC(105) _eden_chunk_array[104]=0x00000000f8710158
[2025-08-08T15:31:45.785+0000][671.432s][1][129][trace] GC(105) _eden_chunk_array[105]=0x00000000f873eae8
[2025-08-08T15:31:45.785+0000][671.432s][1][129][trace] GC(105) _eden_chunk_array[106]=0x00000000f875f150
[2025-08-08T15:31:45.785+0000][671.432s][1][129][trace] GC(105) _eden_chunk_array[107]=0x00000000f87a9b70
[2025-08-08T15:31:45.785+0000][671.432s][1][129][trace] GC(105) _eden_chunk_array[108]=0x00000000f87f4578
[2025-08-08T15:31:45.785+0000][671.432s][1][129][trace] GC(105) _eden_chunk_array[109]=0x00000000f8822f08
[2025-08-08T15:31:45.785+0000][671.432s][1][129][trace] GC(105) _eden_chunk_array[110]=0x00000000f88535c0
[2025-08-08T15:31:45.785+0000][671.432s][1][129][trace] GC(105) _eden_chunk_array[111]=0x00000000f888ca40
[2025-08-08T15:31:45.785+0000][671.432s][1][129][trace] GC(105) _eden_chunk_array[112]=0x00000000f88b86a0
[2025-08-08T15:31:45.785+0000][671.432s][1][129][trace] GC(105) _eden_chunk_array[113]=0x00000000f88e2f90
[2025-08-08T15:31:45.785+0000][671.432s][1][129][trace] GC(105) _eden_chunk_array[114]=0x00000000f8904400
[2025-08-08T15:31:45.785+0000][671.432s][1][129][trace] GC(105) _eden_chunk_array[115]=0x00000000f8939410
[2025-08-08T15:31:45.785+0000][671.432s][1][129][trace] GC(105) _eden_chunk_array[116]=0x00000000f895d1b8
[2025-08-08T15:31:45.785+0000][671.432s][1][129][trace] GC(105) _eden_chunk_array[117]=0x00000000f89b5e30
[2025-08-08T15:31:45.785+0000][671.432s][1][129][trace] GC(105) _eden_chunk_array[118]=0x00000000f89e0190
[2025-08-08T15:31:45.785+0000][671.432s][1][129][trace] GC(105) _eden_chunk_array[119]=0x00000000f8a0a500
[2025-08-08T15:31:45.785+0000][671.432s][1][129][trace] GC(105) _eden_chunk_array[120]=0x00000000f8a34878
[2025-08-08T15:31:45.785+0000][671.432s][1][129][trace] GC(105) _eden_chunk_array[121]=0x00000000f8a5ebe8
[2025-08-08T15:31:45.785+0000][671.432s][1][129][trace] GC(105) _eden_chunk_array[122]=0x00000000f8a9af00
[2025-08-08T15:31:45.785+0000][671.432s][1][129][trace] GC(105) _eden_chunk_array[123]=0x00000000f8ac5280
[2025-08-08T15:31:45.785+0000][671.432s][1][129][trace] GC(105) _eden_chunk_array[124]=0x00000000f8ae83b8
[2025-08-08T15:31:45.785+0000][671.432s][1][129][trace] GC(105) _eden_chunk_array[125]=0x00000000f8b083e0
[2025-08-08T15:31:45.785+0000][671.432s][1][129][trace] GC(105) _eden_chunk_array[126]=0x00000000f8b283f8
[2025-08-08T15:31:45.785+0000][671.432s][1][129][trace] GC(105) _eden_chunk_array[127]=0x00000000f8b48410
[2025-08-08T15:31:45.785+0000][671.432s][1][129][trace] GC(105) _eden_chunk_array[128]=0x00000000f8b68710
[2025-08-08T15:31:45.785+0000][671.432s][1][129][trace] GC(105) _eden_chunk_array[129]=0x00000000f8b89640
[2025-08-08T15:31:45.785+0000][671.432s][1][129][trace] GC(105) _eden_chunk_array[130]=0x00000000f8bad128
[2025-08-08T15:31:45.785+0000][671.432s][1][129][trace] GC(105) _eden_chunk_array[131]=0x00000000f8bd0260
[2025-08-08T15:31:45.785+0000][671.432s][1][129][trace] GC(105) _eden_chunk_array[132]=0x00000000f8bf33a0
[2025-08-08T15:31:45.785+0000][671.432s][1][129][trace] GC(105) _eden_chunk_array[133]=0x00000000f8c2eb30
[2025-08-08T15:31:45.785+0000][671.432s][1][129][trace] GC(105) _eden_chunk_array[134]=0x00000000f8c64158
[2025-08-08T15:31:45.785+0000][671.432s][1][129][trace] GC(105) _eden_chunk_array[135]=0x00000000f8c93080
[2025-08-08T15:31:45.785+0000][671.432s][1][129][trace] GC(105) _eden_chunk_array[136]=0x00000000f8cb4de8
[2025-08-08T15:31:45.785+0000][671.432s][1][129][trace] GC(105) _eden_chunk_array[137]=0x00000000f8d14a10
[2025-08-08T15:31:45.785+0000][671.432s][1][129][trace] GC(105) _eden_chunk_array[138]=0x00000000f8d5a268
[2025-08-08T15:31:45.785+0000][671.432s][1][129][trace] GC(105) _eden_chunk_array[139]=0x00000000f8d8dd38
[2025-08-08T15:31:45.785+0000][671.432s][1][129][trace] GC(105) _eden_chunk_array[140]=0x00000000f8dc17e8
[2025-08-08T15:31:45.785+0000][671.432s][1][129][trace] GC(105) _eden_chunk_array[141]=0x00000000f8dec658
[2025-08-08T15:31:45.785+0000][671.432s][1][129][trace] GC(105) _eden_chunk_array[142]=0x00000000f8e0eaa0
[2025-08-08T15:31:45.785+0000][671.432s][1][129][trace] GC(105) _eden_chunk_array[143]=0x00000000f8e30dc8
[2025-08-08T15:31:45.785+0000][671.432s][1][129][trace] GC(105) _eden_chunk_array[144]=0x00000000f8e5e848
[2025-08-08T15:31:45.785+0000][671.432s][1][129][trace] GC(105) _eden_chunk_array[145]=0x00000000f8e7eda8
[2025-08-08T15:31:45.785+0000][671.432s][1][129][trace] GC(105) _eden_chunk_array[146]=0x00000000f8ed3c18
[2025-08-08T15:31:45.785+0000][671.432s][1][129][trace] GC(105) _eden_chunk_array[147]=0x00000000f8f0f2e8
[2025-08-08T15:31:45.785+0000][671.432s][1][129][trace] GC(105) _eden_chunk_array[148]=0x00000000f8f3af38
[2025-08-08T15:31:45.785+0000][671.432s][1][129][trace] GC(105) _eden_chunk_array[149]=0x00000000f8f7d3c0
[2025-08-08T15:31:45.785+0000][671.432s][1][129][trace] GC(105) _eden_chunk_array[150]=0x00000000f8fa9000
[2025-08-08T15:31:45.785+0000][671.432s][1][129][trace] GC(105) _eden_chunk_array[151]=0x00000000f8fcb538
[2025-08-08T15:31:45.785+0000][671.432s][1][129][trace] GC(105) _eden_chunk_array[152]=0x00000000f8ff7178
[2025-08-08T15:31:45.785+0000][671.432s][1][129][trace] GC(105) _eden_chunk_array[153]=0x00000000f9022e08
[2025-08-08T15:31:45.785+0000][671.432s][1][129][trace] GC(105) _eden_chunk_array[154]=0x00000000f907e470
[2025-08-08T15:31:45.785+0000][671.432s][1][129][trace] GC(105) _eden_chunk_array[155]=0x00000000f909ee40
[2025-08-08T15:31:45.785+0000][671.432s][1][129][trace] GC(105) _eden_chunk_array[156]=0x00000000f90bf1c8
[2025-08-08T15:31:45.785+0000][671.432s][1][129][trace] GC(105) _eden_chunk_array[157]=0x00000000f90e7d00
[2025-08-08T15:31:45.785+0000][671.432s][1][129][trace] GC(105) _eden_chunk_array[158]=0x00000000f9119878
[2025-08-08T15:31:45.785+0000][671.432s][1][129][trace] GC(105) _eden_chunk_array[159]=0x00000000f9151450
[2025-08-08T15:31:45.785+0000][671.432s][1][129][trace] GC(105) _eden_chunk_array[160]=0x00000000f91b09f0
[2025-08-08T15:31:45.785+0000][671.432s][1][129][trace] GC(105) _eden_chunk_array[161]=0x00000000f91dad88
[2025-08-08T15:31:45.785+0000][671.432s][1][129][trace] GC(105) _eden_chunk_array[162]=0x00000000f92050f0
[2025-08-08T15:31:45.785+0000][671.432s][1][129][trace] GC(105) _eden_chunk_array[163]=0x00000000f922f458
[2025-08-08T15:31:45.785+0000][671.432s][1][129][trace] GC(105) _eden_chunk_array[164]=0x00000000f92597e0
[2025-08-08T15:31:45.785+0000][671.432s][1][129][trace] GC(105) _eden_chunk_array[165]=0x00000000f92a41f8
[2025-08-08T15:31:45.785+0000][671.432s][1][129][trace] GC(105) _eden_chunk_array[166]=0x00000000f9303df0
[2025-08-08T15:31:45.785+0000][671.432s][1][129][trace] GC(105) _eden_chunk_array[167]=0x00000000f932e158
[2025-08-08T15:31:45.785+0000][671.432s][1][129][trace] GC(105) _eden_chunk_array[168]=0x00000000f9351500
[2025-08-08T15:31:45.785+0000][671.432s][1][129][trace] GC(105) survivor 0x00000000fd410000-0x00000000fd410000-0x00000000fe780000(20381696)
[2025-08-08T15:31:45.785+0000][671.432s][1][129][trace] GC(105) _survivor_chunk_index=0, _survivor_chunk_capacity=9952
[2025-08-08T15:31:45.807+0000][671.454s][1][129][info ] GC(105) Pause Initial Mark 96M->96M(180M) 22.250ms
[2025-08-08T15:31:45.807+0000][671.454s][1][129][info ] Leaving safepoint region
[2025-08-08T15:31:45.807+0000][671.454s][1][129][info ] Total time for which application threads were stopped: 0.0224784 seconds, Stopping threads took: 0.0000222 seconds
[2025-08-08T15:31:45.807+0000][671.455s][1][128][info ] GC(105) Concurrent Mark
[2025-08-08T15:31:45.811+0000][671.459s][1][128][info ] GC(105) Concurrent Mark 4.008ms
[2025-08-08T15:31:45.811+0000][671.459s][1][128][info ] GC(105) Concurrent Preclean
[2025-08-08T15:31:45.811+0000][671.459s][1][128][info ] GC(105) Concurrent Preclean 0.224ms
[2025-08-08T15:31:45.811+0000][671.459s][1][128][info ] GC(105) Concurrent Abortable Preclean
[2025-08-08T15:31:45.811+0000][671.459s][1][128][trace] CMS: promo attempt is not safe: available(24) < av_promo(2794949), max_promo(95756224)
[2025-08-08T15:31:45.812+0000][671.459s][1][128][info ] GC(105) Concurrent Abortable Preclean 0.012ms
[2025-08-08T15:31:45.812+0000][671.459s][1][129][info ] Application time: 0.0047274 seconds
[2025-08-08T15:31:45.812+0000][671.459s][1][129][info ] Entering safepoint region: CMS_Final_Remark
[2025-08-08T15:31:45.812+0000][671.459s][1][129][trace] GC(105) eden 0x00000000f3800000-0x00000000f9351fc0-0x00000000fd410000(163643392)
[2025-08-08T15:31:45.812+0000][671.459s][1][129][trace] GC(105) _eden_chunk_index=169, _eden_chunk_capacity=11233
[2025-08-08T15:31:45.812+0000][671.459s][1][129][trace] GC(105) _eden_chunk_array[0]=0x00000000f7444bb8
[2025-08-08T15:31:45.812+0000][671.459s][1][129][trace] GC(105) _eden_chunk_array[1]=0x00000000f7469938
[2025-08-08T15:31:45.812+0000][671.459s][1][129][trace] GC(105) _eden_chunk_array[2]=0x00000000f74aff58
[2025-08-08T15:31:45.812+0000][671.459s][1][129][trace] GC(105) _eden_chunk_array[3]=0x00000000f74d0a88
[2025-08-08T15:31:45.812+0000][671.459s][1][129][trace] GC(105) _eden_chunk_array[4]=0x00000000f751b4a8
[2025-08-08T15:31:45.812+0000][671.459s][1][129][trace] GC(105) _eden_chunk_array[5]=0x00000000f7541788
[2025-08-08T15:31:45.812+0000][671.459s][1][129][trace] GC(105) _eden_chunk_array[6]=0x00000000f75631d8
[2025-08-08T15:31:45.812+0000][671.459s][1][129][trace] GC(105) _eden_chunk_array[7]=0x00000000f7598108
[2025-08-08T15:31:45.812+0000][671.459s][1][129][trace] GC(105) _eden_chunk_array[8]=0x00000000f75ba638
[2025-08-08T15:31:45.812+0000][671.459s][1][129][trace] GC(105) _eden_chunk_array[9]=0x00000000f75dd770
[2025-08-08T15:31:45.812+0000][671.459s][1][129][trace] GC(105) _eden_chunk_array[10]=0x00000000f75ffca8
[2025-08-08T15:31:45.812+0000][671.459s][1][129][trace] GC(105) _eden_chunk_array[11]=0x00000000f76221f0
[2025-08-08T15:31:45.812+0000][671.459s][1][129][trace] GC(105) _eden_chunk_array[12]=0x00000000f7645e60
[2025-08-08T15:31:45.812+0000][671.459s][1][129][trace] GC(105) _eden_chunk_array[13]=0x00000000f7667e88
[2025-08-08T15:31:45.812+0000][671.459s][1][129][trace] GC(105) _eden_chunk_array[14]=0x00000000f769af40
[2025-08-08T15:31:45.812+0000][671.459s][1][129][trace] GC(105) _eden_chunk_array[15]=0x00000000f76c4168
[2025-08-08T15:31:45.812+0000][671.459s][1][129][trace] GC(105) _eden_chunk_array[16]=0x00000000f76eff48
[2025-08-08T15:31:45.812+0000][671.459s][1][129][trace] GC(105) _eden_chunk_array[17]=0x00000000f7712388
[2025-08-08T15:31:45.812+0000][671.459s][1][129][trace] GC(105) _eden_chunk_array[18]=0x00000000f7757bd0
[2025-08-08T15:31:45.812+0000][671.459s][1][129][trace] GC(105) _eden_chunk_array[19]=0x00000000f7777be8
[2025-08-08T15:31:45.812+0000][671.459s][1][129][trace] GC(105) _eden_chunk_array[20]=0x00000000f779b980
[2025-08-08T15:31:45.812+0000][671.459s][1][129][trace] GC(105) _eden_chunk_array[21]=0x00000000f77bf710
[2025-08-08T15:31:45.812+0000][671.459s][1][129][trace] GC(105) _eden_chunk_array[22]=0x00000000f7801aa8
[2025-08-08T15:31:45.812+0000][671.459s][1][129][trace] GC(105) _eden_chunk_array[23]=0x00000000f784c4c8
[2025-08-08T15:31:45.812+0000][671.459s][1][129][trace] GC(105) _eden_chunk_array[24]=0x00000000f786e918
[2025-08-08T15:31:45.812+0000][671.459s][1][129][trace] GC(105) _eden_chunk_array[25]=0x00000000f7890d60
[2025-08-08T15:31:45.812+0000][671.459s][1][129][trace] GC(105) _eden_chunk_array[26]=0x00000000f78b31b8
[2025-08-08T15:31:45.812+0000][671.459s][1][129][trace] GC(105) _eden_chunk_array[27]=0x00000000f78d5610
[2025-08-08T15:31:45.812+0000][671.459s][1][129][trace] GC(105) _eden_chunk_array[28]=0x00000000f78f7a70
[2025-08-08T15:31:45.812+0000][671.459s][1][129][trace] GC(105) _eden_chunk_array[29]=0x00000000f791bd80
[2025-08-08T15:31:45.812+0000][671.459s][1][129][trace] GC(105) _eden_chunk_array[30]=0x00000000f7950e60
[2025-08-08T15:31:45.812+0000][671.459s][1][129][trace] GC(105) _eden_chunk_array[31]=0x00000000f79754c0
[2025-08-08T15:31:45.812+0000][671.459s][1][129][trace] GC(105) _eden_chunk_array[32]=0x00000000f79a6708
[2025-08-08T15:31:45.812+0000][671.459s][1][129][trace] GC(105) _eden_chunk_array[33]=0x00000000f79c8b60
[2025-08-08T15:31:45.812+0000][671.459s][1][129][trace] GC(105) _eden_chunk_array[34]=0x00000000f7a135c0
[2025-08-08T15:31:45.812+0000][671.459s][1][129][trace] GC(105) _eden_chunk_array[35]=0x00000000f7a47230
[2025-08-08T15:31:45.812+0000][671.459s][1][129][trace] GC(105) _eden_chunk_array[36]=0x00000000f7a6a370
[2025-08-08T15:31:45.812+0000][671.459s][1][129][trace] GC(105) _eden_chunk_array[37]=0x00000000f7a8d4b0
[2025-08-08T15:31:45.812+0000][671.459s][1][129][trace] GC(105) _eden_chunk_array[38]=0x00000000f7ad2d10
[2025-08-08T15:31:45.812+0000][671.459s][1][129][trace] GC(105) _eden_chunk_array[39]=0x00000000f7af5e48
[2025-08-08T15:31:45.812+0000][671.459s][1][129][trace] GC(105) _eden_chunk_array[40]=0x00000000f7b18f98
[2025-08-08T15:31:45.812+0000][671.459s][1][129][trace] GC(105) _eden_chunk_array[41]=0x00000000f7b5e7e0
[2025-08-08T15:31:45.812+0000][671.459s][1][129][trace] GC(105) _eden_chunk_array[42]=0x00000000f7b81928
[2025-08-08T15:31:45.812+0000][671.459s][1][129][trace] GC(105) _eden_chunk_array[43]=0x00000000f7ba4a70
[2025-08-08T15:31:45.812+0000][671.459s][1][129][trace] GC(105) _eden_chunk_array[44]=0x00000000f7bc5f98
[2025-08-08T15:31:45.812+0000][671.459s][1][129][trace] GC(105) _eden_chunk_array[45]=0x00000000f7c017b8
[2025-08-08T15:31:45.812+0000][671.459s][1][129][trace] GC(105) _eden_chunk_array[46]=0x00000000f7c29598
[2025-08-08T15:31:45.812+0000][671.459s][1][129][trace] GC(105) _eden_chunk_array[47]=0x00000000f7c5caa8
[2025-08-08T15:31:45.812+0000][671.459s][1][129][trace] GC(105) _eden_chunk_array[48]=0x00000000f7c80840
[2025-08-08T15:31:45.812+0000][671.459s][1][129][trace] GC(105) _eden_chunk_array[49]=0x00000000f7caabb8
[2025-08-08T15:31:45.812+0000][671.459s][1][129][trace] GC(105) _eden_chunk_array[50]=0x00000000f7cce950
[2025-08-08T15:31:45.812+0000][671.459s][1][129][trace] GC(105) _eden_chunk_array[51]=0x00000000f7cf8cb0
[2025-08-08T15:31:45.812+0000][671.459s][1][129][trace] GC(105) _eden_chunk_array[52]=0x00000000f7d23028
[2025-08-08T15:31:45.812+0000][671.459s][1][129][trace] GC(105) _eden_chunk_array[53]=0x00000000f7d4d398
[2025-08-08T15:31:45.812+0000][671.459s][1][129][trace] GC(105) _eden_chunk_array[54]=0x00000000f7dacf70
[2025-08-08T15:31:45.812+0000][671.459s][1][129][trace] GC(105) _eden_chunk_array[55]=0x00000000f7dcd2a0
[2025-08-08T15:31:45.812+0000][671.459s][1][129][trace] GC(105) _eden_chunk_array[56]=0x00000000f7deee48
[2025-08-08T15:31:45.812+0000][671.459s][1][129][trace] GC(105) _eden_chunk_array[57]=0x00000000f7e0f710
[2025-08-08T15:31:45.812+0000][671.459s][1][129][trace] GC(105) _eden_chunk_array[58]=0x00000000f7e64520
[2025-08-08T15:31:45.812+0000][671.459s][1][129][trace] GC(105) _eden_chunk_array[59]=0x00000000f7e8bcb8
[2025-08-08T15:31:45.812+0000][671.459s][1][129][trace] GC(105) _eden_chunk_array[60]=0x00000000f7eafa40
[2025-08-08T15:31:45.812+0000][671.459s][1][129][trace] GC(105) _eden_chunk_array[61]=0x00000000f7ed37c8
[2025-08-08T15:31:45.812+0000][671.459s][1][129][trace] GC(105) _eden_chunk_array[62]=0x00000000f7f19028
[2025-08-08T15:31:45.812+0000][671.459s][1][129][trace] GC(105) _eden_chunk_array[63]=0x00000000f7f42ad8
[2025-08-08T15:31:45.812+0000][671.459s][1][129][trace] GC(105) _eden_chunk_array[64]=0x00000000f7f6e720
[2025-08-08T15:31:45.812+0000][671.459s][1][129][trace] GC(105) _eden_chunk_array[65]=0x00000000f7f99710
[2025-08-08T15:31:45.812+0000][671.459s][1][129][trace] GC(105) _eden_chunk_array[66]=0x00000000f7fc5350
[2025-08-08T15:31:45.812+0000][671.459s][1][129][trace] GC(105) _eden_chunk_array[67]=0x00000000f8025b98
[2025-08-08T15:31:45.812+0000][671.459s][1][129][trace] GC(105) _eden_chunk_array[68]=0x00000000f8051800
[2025-08-08T15:31:45.812+0000][671.459s][1][129][trace] GC(105) _eden_chunk_array[69]=0x00000000f807d440
[2025-08-08T15:31:45.812+0000][671.459s][1][129][trace] GC(105) _eden_chunk_array[70]=0x00000000f80a3b28
[2025-08-08T15:31:45.812+0000][671.459s][1][129][trace] GC(105) _eden_chunk_array[71]=0x00000000f80c3d58
[2025-08-08T15:31:45.812+0000][671.459s][1][129][trace] GC(105) _eden_chunk_array[72]=0x00000000f80e4c40
[2025-08-08T15:31:45.812+0000][671.459s][1][129][trace] GC(105) _eden_chunk_array[73]=0x00000000f8118878
[2025-08-08T15:31:45.812+0000][671.459s][1][129][trace] GC(105) _eden_chunk_array[74]=0x00000000f8144f58
[2025-08-08T15:31:45.812+0000][671.459s][1][129][trace] GC(105) _eden_chunk_array[75]=0x00000000f8179648
[2025-08-08T15:31:45.812+0000][671.459s][1][129][trace] GC(105) _eden_chunk_array[76]=0x00000000f81b2f50
[2025-08-08T15:31:45.812+0000][671.459s][1][129][trace] GC(105) _eden_chunk_array[77]=0x00000000f8214e60
[2025-08-08T15:31:45.812+0000][671.459s][1][129][trace] GC(105) _eden_chunk_array[78]=0x00000000f82437e8
[2025-08-08T15:31:45.812+0000][671.459s][1][129][trace] GC(105) _eden_chunk_array[79]=0x00000000f827ec80
[2025-08-08T15:31:45.812+0000][671.459s][1][129][trace] GC(105) _eden_chunk_array[80]=0x00000000f82db998
[2025-08-08T15:31:45.812+0000][671.459s][1][129][trace] GC(105) _eden_chunk_array[81]=0x00000000f82ff478
[2025-08-08T15:31:45.812+0000][671.459s][1][129][trace] GC(105) _eden_chunk_array[82]=0x00000000f8325d68
[2025-08-08T15:31:45.812+0000][671.459s][1][129][trace] GC(105) _eden_chunk_array[83]=0x00000000f8346e68
[2025-08-08T15:31:45.812+0000][671.459s][1][129][trace] GC(105) _eden_chunk_array[84]=0x00000000f836c3f8
[2025-08-08T15:31:45.812+0000][671.459s][1][129][trace] GC(105) _eden_chunk_array[85]=0x00000000f838e968
[2025-08-08T15:31:45.812+0000][671.459s][1][129][trace] GC(105) _eden_chunk_array[86]=0x00000000f83b0db0
[2025-08-08T15:31:45.812+0000][671.459s][1][129][trace] GC(105) _eden_chunk_array[87]=0x00000000f83e4830
[2025-08-08T15:31:45.812+0000][671.459s][1][129][trace] GC(105) _eden_chunk_array[88]=0x00000000f841bc28
[2025-08-08T15:31:45.812+0000][671.459s][1][129][trace] GC(105) _eden_chunk_array[89]=0x00000000f8448db0
[2025-08-08T15:31:45.812+0000][671.459s][1][129][trace] GC(105) _eden_chunk_array[90]=0x00000000f846f610
[2025-08-08T15:31:45.812+0000][671.459s][1][129][trace] GC(105) _eden_chunk_array[91]=0x00000000f84933a8
[2025-08-08T15:31:45.812+0000][671.459s][1][129][trace] GC(105) _eden_chunk_array[92]=0x00000000f84ec018
[2025-08-08T15:31:45.812+0000][671.459s][1][129][trace] GC(105) _eden_chunk_array[93]=0x00000000f8512850
[2025-08-08T15:31:45.812+0000][671.459s][1][129][trace] GC(105) _eden_chunk_array[94]=0x00000000f8539090
[2025-08-08T15:31:45.812+0000][671.459s][1][129][trace] GC(105) _eden_chunk_array[95]=0x00000000f855f8d0
[2025-08-08T15:31:45.812+0000][671.459s][1][129][trace] GC(105) _eden_chunk_array[96]=0x00000000f8586100
[2025-08-08T15:31:45.812+0000][671.459s][1][129][trace] GC(105) _eden_chunk_array[97]=0x00000000f85a9238
[2025-08-08T15:31:45.812+0000][671.459s][1][129][trace] GC(105) _eden_chunk_array[98]=0x00000000f85f3ec8
[2025-08-08T15:31:45.812+0000][671.459s][1][129][trace] GC(105) _eden_chunk_array[99]=0x00000000f8616f50
[2025-08-08T15:31:45.812+0000][671.459s][1][129][trace] GC(105) _eden_chunk_array[100]=0x00000000f86377d8
[2025-08-08T15:31:45.812+0000][671.459s][1][129][trace] GC(105) _eden_chunk_array[101]=0x00000000f866d798
[2025-08-08T15:31:45.812+0000][671.459s][1][129][trace] GC(105) _eden_chunk_array[102]=0x00000000f86996f8
[2025-08-08T15:31:45.812+0000][671.459s][1][129][trace] GC(105) _eden_chunk_array[103]=0x00000000f86ca900
[2025-08-08T15:31:45.812+0000][671.459s][1][129][trace] GC(105) _eden_chunk_array[104]=0x00000000f8710158
[2025-08-08T15:31:45.812+0000][671.459s][1][129][trace] GC(105) _eden_chunk_array[105]=0x00000000f873eae8
[2025-08-08T15:31:45.812+0000][671.459s][1][129][trace] GC(105) _eden_chunk_array[106]=0x00000000f875f150
[2025-08-08T15:31:45.812+0000][671.459s][1][129][trace] GC(105) _eden_chunk_array[107]=0x00000000f87a9b70
[2025-08-08T15:31:45.812+0000][671.459s][1][129][trace] GC(105) _eden_chunk_array[108]=0x00000000f87f4578
[2025-08-08T15:31:45.812+0000][671.459s][1][129][trace] GC(105) _eden_chunk_array[109]=0x00000000f8822f08
[2025-08-08T15:31:45.812+0000][671.459s][1][129][trace] GC(105) _eden_chunk_array[110]=0x00000000f88535c0
[2025-08-08T15:31:45.812+0000][671.459s][1][129][trace] GC(105) _eden_chunk_array[111]=0x00000000f888ca40
[2025-08-08T15:31:45.812+0000][671.459s][1][129][trace] GC(105) _eden_chunk_array[112]=0x00000000f88b86a0
[2025-08-08T15:31:45.812+0000][671.459s][1][129][trace] GC(105) _eden_chunk_array[113]=0x00000000f88e2f90
[2025-08-08T15:31:45.812+0000][671.459s][1][129][trace] GC(105) _eden_chunk_array[114]=0x00000000f8904400
[2025-08-08T15:31:45.812+0000][671.459s][1][129][trace] GC(105) _eden_chunk_array[115]=0x00000000f8939410
[2025-08-08T15:31:45.812+0000][671.459s][1][129][trace] GC(105) _eden_chunk_array[116]=0x00000000f895d1b8
[2025-08-08T15:31:45.812+0000][671.459s][1][129][trace] GC(105) _eden_chunk_array[117]=0x00000000f89b5e30
[2025-08-08T15:31:45.812+0000][671.459s][1][129][trace] GC(105) _eden_chunk_array[118]=0x00000000f89e0190
[2025-08-08T15:31:45.812+0000][671.459s][1][129][trace] GC(105) _eden_chunk_array[119]=0x00000000f8a0a500
[2025-08-08T15:31:45.812+0000][671.459s][1][129][trace] GC(105) _eden_chunk_array[120]=0x00000000f8a34878
[2025-08-08T15:31:45.812+0000][671.459s][1][129][trace] GC(105) _eden_chunk_array[121]=0x00000000f8a5ebe8
[2025-08-08T15:31:45.812+0000][671.459s][1][129][trace] GC(105) _eden_chunk_array[122]=0x00000000f8a9af00
[2025-08-08T15:31:45.812+0000][671.459s][1][129][trace] GC(105) _eden_chunk_array[123]=0x00000000f8ac5280
[2025-08-08T15:31:45.812+0000][671.459s][1][129][trace] GC(105) _eden_chunk_array[124]=0x00000000f8ae83b8
[2025-08-08T15:31:45.812+0000][671.459s][1][129][trace] GC(105) _eden_chunk_array[125]=0x00000000f8b083e0
[2025-08-08T15:31:45.812+0000][671.459s][1][129][trace] GC(105) _eden_chunk_array[126]=0x00000000f8b283f8
[2025-08-08T15:31:45.812+0000][671.459s][1][129][trace] GC(105) _eden_chunk_array[127]=0x00000000f8b48410
[2025-08-08T15:31:45.812+0000][671.459s][1][129][trace] GC(105) _eden_chunk_array[128]=0x00000000f8b68710
[2025-08-08T15:31:45.812+0000][671.459s][1][129][trace] GC(105) _eden_chunk_array[129]=0x00000000f8b89640
[2025-08-08T15:31:45.812+0000][671.459s][1][129][trace] GC(105) _eden_chunk_array[130]=0x00000000f8bad128
[2025-08-08T15:31:45.812+0000][671.459s][1][129][trace] GC(105) _eden_chunk_array[131]=0x00000000f8bd0260
[2025-08-08T15:31:45.812+0000][671.459s][1][129][trace] GC(105) _eden_chunk_array[132]=0x00000000f8bf33a0
[2025-08-08T15:31:45.812+0000][671.459s][1][129][trace] GC(105) _eden_chunk_array[133]=0x00000000f8c2eb30
[2025-08-08T15:31:45.812+0000][671.460s][1][129][trace] GC(105) _eden_chunk_array[134]=0x00000000f8c64158
[2025-08-08T15:31:45.812+0000][671.460s][1][129][trace] GC(105) _eden_chunk_array[135]=0x00000000f8c93080
[2025-08-08T15:31:45.812+0000][671.460s][1][129][trace] GC(105) _eden_chunk_array[136]=0x00000000f8cb4de8
[2025-08-08T15:31:45.812+0000][671.460s][1][129][trace] GC(105) _eden_chunk_array[137]=0x00000000f8d14a10
[2025-08-08T15:31:45.812+0000][671.460s][1][129][trace] GC(105) _eden_chunk_array[138]=0x00000000f8d5a268
[2025-08-08T15:31:45.812+0000][671.460s][1][129][trace] GC(105) _eden_chunk_array[139]=0x00000000f8d8dd38
[2025-08-08T15:31:45.812+0000][671.460s][1][129][trace] GC(105) _eden_chunk_array[140]=0x00000000f8dc17e8
[2025-08-08T15:31:45.812+0000][671.460s][1][129][trace] GC(105) _eden_chunk_array[141]=0x00000000f8dec658
[2025-08-08T15:31:45.812+0000][671.460s][1][129][trace] GC(105) _eden_chunk_array[142]=0x00000000f8e0eaa0
[2025-08-08T15:31:45.812+0000][671.460s][1][129][trace] GC(105) _eden_chunk_array[143]=0x00000000f8e30dc8
[2025-08-08T15:31:45.812+0000][671.460s][1][129][trace] GC(105) _eden_chunk_array[144]=0x00000000f8e5e848
[2025-08-08T15:31:45.812+0000][671.460s][1][129][trace] GC(105) _eden_chunk_array[145]=0x00000000f8e7eda8
[2025-08-08T15:31:45.812+0000][671.460s][1][129][trace] GC(105) _eden_chunk_array[146]=0x00000000f8ed3c18
[2025-08-08T15:31:45.812+0000][671.460s][1][129][trace] GC(105) _eden_chunk_array[147]=0x00000000f8f0f2e8
[2025-08-08T15:31:45.812+0000][671.460s][1][129][trace] GC(105) _eden_chunk_array[148]=0x00000000f8f3af38
[2025-08-08T15:31:45.812+0000][671.460s][1][129][trace] GC(105) _eden_chunk_array[149]=0x00000000f8f7d3c0
[2025-08-08T15:31:45.812+0000][671.460s][1][129][trace] GC(105) _eden_chunk_array[150]=0x00000000f8fa9000
[2025-08-08T15:31:45.812+0000][671.460s][1][129][trace] GC(105) _eden_chunk_array[151]=0x00000000f8fcb538
[2025-08-08T15:31:45.812+0000][671.460s][1][129][trace] GC(105) _eden_chunk_array[152]=0x00000000f8ff7178
[2025-08-08T15:31:45.812+0000][671.460s][1][129][trace] GC(105) _eden_chunk_array[153]=0x00000000f9022e08
[2025-08-08T15:31:45.812+0000][671.460s][1][129][trace] GC(105) _eden_chunk_array[154]=0x00000000f907e470
[2025-08-08T15:31:45.812+0000][671.460s][1][129][trace] GC(105) _eden_chunk_array[155]=0x00000000f909ee40
[2025-08-08T15:31:45.812+0000][671.460s][1][129][trace] GC(105) _eden_chunk_array[156]=0x00000000f90bf1c8
[2025-08-08T15:31:45.812+0000][671.460s][1][129][trace] GC(105) _eden_chunk_array[157]=0x00000000f90e7d00
[2025-08-08T15:31:45.812+0000][671.460s][1][129][trace] GC(105) _eden_chunk_array[158]=0x00000000f9119878
[2025-08-08T15:31:45.812+0000][671.460s][1][129][trace] GC(105) _eden_chunk_array[159]=0x00000000f9151450
[2025-08-08T15:31:45.812+0000][671.460s][1][129][trace] GC(105) _eden_chunk_array[160]=0x00000000f91b09f0
[2025-08-08T15:31:45.812+0000][671.460s][1][129][trace] GC(105) _eden_chunk_array[161]=0x00000000f91dad88
[2025-08-08T15:31:45.812+0000][671.460s][1][129][trace] GC(105) _eden_chunk_array[162]=0x00000000f92050f0
[2025-08-08T15:31:45.812+0000][671.460s][1][129][trace] GC(105) _eden_chunk_array[163]=0x00000000f922f458
[2025-08-08T15:31:45.812+0000][671.460s][1][129][trace] GC(105) _eden_chunk_array[164]=0x00000000f92597e0
[2025-08-08T15:31:45.812+0000][671.460s][1][129][trace] GC(105) _eden_chunk_array[165]=0x00000000f92a41f8
[2025-08-08T15:31:45.812+0000][671.460s][1][129][trace] GC(105) _eden_chunk_array[166]=0x00000000f9303df0
[2025-08-08T15:31:45.812+0000][671.460s][1][129][trace] GC(105) _eden_chunk_array[167]=0x00000000f932e158
[2025-08-08T15:31:45.812+0000][671.460s][1][129][trace] GC(105) _eden_chunk_array[168]=0x00000000f9351500
[2025-08-08T15:31:45.812+0000][671.460s][1][129][trace] GC(105) survivor 0x00000000fd410000-0x00000000fd410000-0x00000000fe780000(20381696)
[2025-08-08T15:31:45.812+0000][671.460s][1][129][trace] GC(105) _survivor_chunk_index=0, _survivor_chunk_capacity=9952
[2025-08-08T15:31:45.846+0000][671.493s][1][129][info ] GC(105) Pause Remark 96M->96M(180M) 34.141ms
[2025-08-08T15:31:45.846+0000][671.493s][1][129][info ] Leaving safepoint region
[2025-08-08T15:31:45.846+0000][671.493s][1][129][info ] Total time for which application threads were stopped: 0.0343598 seconds, Stopping threads took: 0.0000210 seconds
[2025-08-08T15:31:45.846+0000][671.493s][1][128][info ] GC(105) Concurrent Sweep
[2025-08-08T15:31:45.847+0000][671.495s][1][128][info ] GC(105) Concurrent Sweep 1.176ms
[2025-08-08T15:31:45.847+0000][671.495s][1][128][info ] GC(105) Concurrent Reset
[2025-08-08T15:31:45.847+0000][671.495s][1][128][info ] GC(105) Concurrent Reset 0.010ms
[2025-08-08T15:31:45.847+0000][671.495s][1][128][info ] GC(105) Old: 5183K->5183K(5184K)
[2025-08-08T15:31:55.847+0000][681.494s][1][129][info ] Application time: 10.0009491 seconds
[2025-08-08T15:31:55.847+0000][681.494s][1][129][info ] Entering safepoint region: CMS_Initial_Mark
[2025-08-08T15:31:55.847+0000][681.495s][1][129][trace] GC(106) eden 0x00000000f3800000-0x00000000f9de5d38-0x00000000fd410000(163643392)
[2025-08-08T15:31:55.847+0000][681.495s][1][129][trace] GC(106) _eden_chunk_index=227, _eden_chunk_capacity=11233
[2025-08-08T15:31:55.847+0000][681.495s][1][129][trace] GC(106) _eden_chunk_array[0]=0x00000000f7444bb8
[2025-08-08T15:31:55.847+0000][681.495s][1][129][trace] GC(106) _eden_chunk_array[1]=0x00000000f7469938
[2025-08-08T15:31:55.847+0000][681.495s][1][129][trace] GC(106) _eden_chunk_array[2]=0x00000000f74aff58
[2025-08-08T15:31:55.847+0000][681.495s][1][129][trace] GC(106) _eden_chunk_array[3]=0x00000000f74d0a88
[2025-08-08T15:31:55.847+0000][681.495s][1][129][trace] GC(106) _eden_chunk_array[4]=0x00000000f751b4a8
[2025-08-08T15:31:55.847+0000][681.495s][1][129][trace] GC(106) _eden_chunk_array[5]=0x00000000f7541788
[2025-08-08T15:31:55.847+0000][681.495s][1][129][trace] GC(106) _eden_chunk_array[6]=0x00000000f75631d8
[2025-08-08T15:31:55.847+0000][681.495s][1][129][trace] GC(106) _eden_chunk_array[7]=0x00000000f7598108
[2025-08-08T15:31:55.847+0000][681.495s][1][129][trace] GC(106) _eden_chunk_array[8]=0x00000000f75ba638
[2025-08-08T15:31:55.847+0000][681.495s][1][129][trace] GC(106) _eden_chunk_array[9]=0x00000000f75dd770
[2025-08-08T15:31:55.847+0000][681.495s][1][129][trace] GC(106) _eden_chunk_array[10]=0x00000000f75ffca8
[2025-08-08T15:31:55.847+0000][681.495s][1][129][trace] GC(106) _eden_chunk_array[11]=0x00000000f76221f0
[2025-08-08T15:31:55.847+0000][681.495s][1][129][trace] GC(106) _eden_chunk_array[12]=0x00000000f7645e60
[2025-08-08T15:31:55.847+0000][681.495s][1][129][trace] GC(106) _eden_chunk_array[13]=0x00000000f7667e88
[2025-08-08T15:31:55.847+0000][681.495s][1][129][trace] GC(106) _eden_chunk_array[14]=0x00000000f769af40
[2025-08-08T15:31:55.847+0000][681.495s][1][129][trace] GC(106) _eden_chunk_array[15]=0x00000000f76c4168
[2025-08-08T15:31:55.847+0000][681.495s][1][129][trace] GC(106) _eden_chunk_array[16]=0x00000000f76eff48
[2025-08-08T15:31:55.847+0000][681.495s][1][129][trace] GC(106) _eden_chunk_array[17]=0x00000000f7712388
[2025-08-08T15:31:55.847+0000][681.495s][1][129][trace] GC(106) _eden_chunk_array[18]=0x00000000f7757bd0
[2025-08-08T15:31:55.847+0000][681.495s][1][129][trace] GC(106) _eden_chunk_array[19]=0x00000000f7777be8
[2025-08-08T15:31:55.847+0000][681.495s][1][129][trace] GC(106) _eden_chunk_array[20]=0x00000000f779b980
[2025-08-08T15:31:55.847+0000][681.495s][1][129][trace] GC(106) _eden_chunk_array[21]=0x00000000f77bf710
[2025-08-08T15:31:55.847+0000][681.495s][1][129][trace] GC(106) _eden_chunk_array[22]=0x00000000f7801aa8
[2025-08-08T15:31:55.847+0000][681.495s][1][129][trace] GC(106) _eden_chunk_array[23]=0x00000000f784c4c8
[2025-08-08T15:31:55.847+0000][681.495s][1][129][trace] GC(106) _eden_chunk_array[24]=0x00000000f786e918
[2025-08-08T15:31:55.847+0000][681.495s][1][129][trace] GC(106) _eden_chunk_array[25]=0x00000000f7890d60
[2025-08-08T15:31:55.847+0000][681.495s][1][129][trace] GC(106) _eden_chunk_array[26]=0x00000000f78b31b8
[2025-08-08T15:31:55.847+0000][681.495s][1][129][trace] GC(106) _eden_chunk_array[27]=0x00000000f78d5610
[2025-08-08T15:31:55.847+0000][681.495s][1][129][trace] GC(106) _eden_chunk_array[28]=0x00000000f78f7a70
[2025-08-08T15:31:55.847+0000][681.495s][1][129][trace] GC(106) _eden_chunk_array[29]=0x00000000f791bd80
[2025-08-08T15:31:55.847+0000][681.495s][1][129][trace] GC(106) _eden_chunk_array[30]=0x00000000f7950e60
[2025-08-08T15:31:55.847+0000][681.495s][1][129][trace] GC(106) _eden_chunk_array[31]=0x00000000f79754c0
[2025-08-08T15:31:55.847+0000][681.495s][1][129][trace] GC(106) _eden_chunk_array[32]=0x00000000f79a6708
[2025-08-08T15:31:55.847+0000][681.495s][1][129][trace] GC(106) _eden_chunk_array[33]=0x00000000f79c8b60
[2025-08-08T15:31:55.847+0000][681.495s][1][129][trace] GC(106) _eden_chunk_array[34]=0x00000000f7a135c0
[2025-08-08T15:31:55.847+0000][681.495s][1][129][trace] GC(106) _eden_chunk_array[35]=0x00000000f7a47230
[2025-08-08T15:31:55.847+0000][681.495s][1][129][trace] GC(106) _eden_chunk_array[36]=0x00000000f7a6a370
[2025-08-08T15:31:55.847+0000][681.495s][1][129][trace] GC(106) _eden_chunk_array[37]=0x00000000f7a8d4b0
[2025-08-08T15:31:55.847+0000][681.495s][1][129][trace] GC(106) _eden_chunk_array[38]=0x00000000f7ad2d10
[2025-08-08T15:31:55.848+0000][681.495s][1][129][trace] GC(106) _eden_chunk_array[39]=0x00000000f7af5e48
[2025-08-08T15:31:55.848+0000][681.495s][1][129][trace] GC(106) _eden_chunk_array[40]=0x00000000f7b18f98
[2025-08-08T15:31:55.848+0000][681.495s][1][129][trace] GC(106) _eden_chunk_array[41]=0x00000000f7b5e7e0
[2025-08-08T15:31:55.848+0000][681.495s][1][129][trace] GC(106) _eden_chunk_array[42]=0x00000000f7b81928
[2025-08-08T15:31:55.848+0000][681.495s][1][129][trace] GC(106) _eden_chunk_array[43]=0x00000000f7ba4a70
[2025-08-08T15:31:55.848+0000][681.495s][1][129][trace] GC(106) _eden_chunk_array[44]=0x00000000f7bc5f98
[2025-08-08T15:31:55.848+0000][681.495s][1][129][trace] GC(106) _eden_chunk_array[45]=0x00000000f7c017b8
[2025-08-08T15:31:55.848+0000][681.495s][1][129][trace] GC(106) _eden_chunk_array[46]=0x00000000f7c29598
[2025-08-08T15:31:55.848+0000][681.495s][1][129][trace] GC(106) _eden_chunk_array[47]=0x00000000f7c5caa8
[2025-08-08T15:31:55.848+0000][681.495s][1][129][trace] GC(106) _eden_chunk_array[48]=0x00000000f7c80840
[2025-08-08T15:31:55.848+0000][681.495s][1][129][trace] GC(106) _eden_chunk_array[49]=0x00000000f7caabb8
[2025-08-08T15:31:55.848+0000][681.495s][1][129][trace] GC(106) _eden_chunk_array[50]=0x00000000f7cce950
[2025-08-08T15:31:55.848+0000][681.495s][1][129][trace] GC(106) _eden_chunk_array[51]=0x00000000f7cf8cb0
[2025-08-08T15:31:55.848+0000][681.495s][1][129][trace] GC(106) _eden_chunk_array[52]=0x00000000f7d23028
[2025-08-08T15:31:55.848+0000][681.495s][1][129][trace] GC(106) _eden_chunk_array[53]=0x00000000f7d4d398
[2025-08-08T15:31:55.848+0000][681.495s][1][129][trace] GC(106) _eden_chunk_array[54]=0x00000000f7dacf70
[2025-08-08T15:31:55.848+0000][681.495s][1][129][trace] GC(106) _eden_chunk_array[55]=0x00000000f7dcd2a0
[2025-08-08T15:31:55.848+0000][681.495s][1][129][trace] GC(106) _eden_chunk_array[56]=0x00000000f7deee48
[2025-08-08T15:31:55.848+0000][681.495s][1][129][trace] GC(106) _eden_chunk_array[57]=0x00000000f7e0f710
[2025-08-08T15:31:55.848+0000][681.495s][1][129][trace] GC(106) _eden_chunk_array[58]=0x00000000f7e64520
[2025-08-08T15:31:55.848+0000][681.495s][1][129][trace] GC(106) _eden_chunk_array[59]=0x00000000f7e8bcb8
[2025-08-08T15:31:55.848+0000][681.495s][1][129][trace] GC(106) _eden_chunk_array[60]=0x00000000f7eafa40
[2025-08-08T15:31:55.848+0000][681.495s][1][129][trace] GC(106) _eden_chunk_array[61]=0x00000000f7ed37c8
[2025-08-08T15:31:55.848+0000][681.495s][1][129][trace] GC(106) _eden_chunk_array[62]=0x00000000f7f19028
[2025-08-08T15:31:55.848+0000][681.495s][1][129][trace] GC(106) _eden_chunk_array[63]=0x00000000f7f42ad8
[2025-08-08T15:31:55.848+0000][681.495s][1][129][trace] GC(106) _eden_chunk_array[64]=0x00000000f7f6e720
[2025-08-08T15:31:55.848+0000][681.495s][1][129][trace] GC(106) _eden_chunk_array[65]=0x00000000f7f99710
[2025-08-08T15:31:55.848+0000][681.495s][1][129][trace] GC(106) _eden_chunk_array[66]=0x00000000f7fc5350
[2025-08-08T15:31:55.848+0000][681.495s][1][129][trace] GC(106) _eden_chunk_array[67]=0x00000000f8025b98
[2025-08-08T15:31:55.848+0000][681.495s][1][129][trace] GC(106) _eden_chunk_array[68]=0x00000000f8051800
[2025-08-08T15:31:55.848+0000][681.495s][1][129][trace] GC(106) _eden_chunk_array[69]=0x00000000f807d440
[2025-08-08T15:31:55.848+0000][681.495s][1][129][trace] GC(106) _eden_chunk_array[70]=0x00000000f80a3b28
[2025-08-08T15:31:55.848+0000][681.495s][1][129][trace] GC(106) _eden_chunk_array[71]=0x00000000f80c3d58
[2025-08-08T15:31:55.848+0000][681.495s][1][129][trace] GC(106) _eden_chunk_array[72]=0x00000000f80e4c40
[2025-08-08T15:31:55.848+0000][681.495s][1][129][trace] GC(106) _eden_chunk_array[73]=0x00000000f8118878
[2025-08-08T15:31:55.848+0000][681.495s][1][129][trace] GC(106) _eden_chunk_array[74]=0x00000000f8144f58
[2025-08-08T15:31:55.848+0000][681.495s][1][129][trace] GC(106) _eden_chunk_array[75]=0x00000000f8179648
[2025-08-08T15:31:55.848+0000][681.495s][1][129][trace] GC(106) _eden_chunk_array[76]=0x00000000f81b2f50
[2025-08-08T15:31:55.848+0000][681.495s][1][129][trace] GC(106) _eden_chunk_array[77]=0x00000000f8214e60
[2025-08-08T15:31:55.848+0000][681.495s][1][129][trace] GC(106) _eden_chunk_array[78]=0x00000000f82437e8
[2025-08-08T15:31:55.848+0000][681.495s][1][129][trace] GC(106) _eden_chunk_array[79]=0x00000000f827ec80
[2025-08-08T15:31:55.848+0000][681.495s][1][129][trace] GC(106) _eden_chunk_array[80]=0x00000000f82db998
[2025-08-08T15:31:55.848+0000][681.495s][1][129][trace] GC(106) _eden_chunk_array[81]=0x00000000f82ff478
[2025-08-08T15:31:55.848+0000][681.495s][1][129][trace] GC(106) _eden_chunk_array[82]=0x00000000f8325d68
[2025-08-08T15:31:55.848+0000][681.495s][1][129][trace] GC(106) _eden_chunk_array[83]=0x00000000f8346e68
[2025-08-08T15:31:55.848+0000][681.495s][1][129][trace] GC(106) _eden_chunk_array[84]=0x00000000f836c3f8
[2025-08-08T15:31:55.848+0000][681.495s][1][129][trace] GC(106) _eden_chunk_array[85]=0x00000000f838e968
[2025-08-08T15:31:55.848+0000][681.495s][1][129][trace] GC(106) _eden_chunk_array[86]=0x00000000f83b0db0
[2025-08-08T15:31:55.848+0000][681.495s][1][129][trace] GC(106) _eden_chunk_array[87]=0x00000000f83e4830
[2025-08-08T15:31:55.848+0000][681.495s][1][129][trace] GC(106) _eden_chunk_array[88]=0x00000000f841bc28
[2025-08-08T15:31:55.848+0000][681.495s][1][129][trace] GC(106) _eden_chunk_array[89]=0x00000000f8448db0
[2025-08-08T15:31:55.848+0000][681.495s][1][129][trace] GC(106) _eden_chunk_array[90]=0x00000000f846f610
[2025-08-08T15:31:55.848+0000][681.495s][1][129][trace] GC(106) _eden_chunk_array[91]=0x00000000f84933a8
[2025-08-08T15:31:55.848+0000][681.495s][1][129][trace] GC(106) _eden_chunk_array[92]=0x00000000f84ec018
[2025-08-08T15:31:55.848+0000][681.495s][1][129][trace] GC(106) _eden_chunk_array[93]=0x00000000f8512850
[2025-08-08T15:31:55.848+0000][681.495s][1][129][trace] GC(106) _eden_chunk_array[94]=0x00000000f8539090
[2025-08-08T15:31:55.848+0000][681.495s][1][129][trace] GC(106) _eden_chunk_array[95]=0x00000000f855f8d0
[2025-08-08T15:31:55.848+0000][681.495s][1][129][trace] GC(106) _eden_chunk_array[96]=0x00000000f8586100
[2025-08-08T15:31:55.848+0000][681.495s][1][129][trace] GC(106) _eden_chunk_array[97]=0x00000000f85a9238
[2025-08-08T15:31:55.848+0000][681.495s][1][129][trace] GC(106) _eden_chunk_array[98]=0x00000000f85f3ec8
[2025-08-08T15:31:55.848+0000][681.495s][1][129][trace] GC(106) _eden_chunk_array[99]=0x00000000f8616f50
[2025-08-08T15:31:55.848+0000][681.495s][1][129][trace] GC(106) _eden_chunk_array[100]=0x00000000f86377d8
[2025-08-08T15:31:55.848+0000][681.495s][1][129][trace] GC(106) _eden_chunk_array[101]=0x00000000f866d798
[2025-08-08T15:31:55.848+0000][681.495s][1][129][trace] GC(106) _eden_chunk_array[102]=0x00000000f86996f8
[2025-08-08T15:31:55.848+0000][681.495s][1][129][trace] GC(106) _eden_chunk_array[103]=0x00000000f86ca900
[2025-08-08T15:31:55.848+0000][681.495s][1][129][trace] GC(106) _eden_chunk_array[104]=0x00000000f8710158
[2025-08-08T15:31:55.848+0000][681.495s][1][129][trace] GC(106) _eden_chunk_array[105]=0x00000000f873eae8
[2025-08-08T15:31:55.848+0000][681.495s][1][129][trace] GC(106) _eden_chunk_array[106]=0x00000000f875f150
[2025-08-08T15:31:55.848+0000][681.495s][1][129][trace] GC(106) _eden_chunk_array[107]=0x00000000f87a9b70
[2025-08-08T15:31:55.848+0000][681.495s][1][129][trace] GC(106) _eden_chunk_array[108]=0x00000000f87f4578
[2025-08-08T15:31:55.848+0000][681.495s][1][129][trace] GC(106) _eden_chunk_array[109]=0x00000000f8822f08
[2025-08-08T15:31:55.848+0000][681.495s][1][129][trace] GC(106) _eden_chunk_array[110]=0x00000000f88535c0
[2025-08-08T15:31:55.848+0000][681.495s][1][129][trace] GC(106) _eden_chunk_array[111]=0x00000000f888ca40
[2025-08-08T15:31:55.848+0000][681.495s][1][129][trace] GC(106) _eden_chunk_array[112]=0x00000000f88b86a0
[2025-08-08T15:31:55.848+0000][681.495s][1][129][trace] GC(106) _eden_chunk_array[113]=0x00000000f88e2f90
[2025-08-08T15:31:55.848+0000][681.495s][1][129][trace] GC(106) _eden_chunk_array[114]=0x00000000f8904400
[2025-08-08T15:31:55.848+0000][681.495s][1][129][trace] GC(106) _eden_chunk_array[115]=0x00000000f8939410
[2025-08-08T15:31:55.848+0000][681.495s][1][129][trace] GC(106) _eden_chunk_array[116]=0x00000000f895d1b8
[2025-08-08T15:31:55.848+0000][681.495s][1][129][trace] GC(106) _eden_chunk_array[117]=0x00000000f89b5e30
[2025-08-08T15:31:55.848+0000][681.495s][1][129][trace] GC(106) _eden_chunk_array[118]=0x00000000f89e0190
[2025-08-08T15:31:55.848+0000][681.495s][1][129][trace] GC(106) _eden_chunk_array[119]=0x00000000f8a0a500
[2025-08-08T15:31:55.848+0000][681.495s][1][129][trace] GC(106) _eden_chunk_array[120]=0x00000000f8a34878
[2025-08-08T15:31:55.848+0000][681.495s][1][129][trace] GC(106) _eden_chunk_array[121]=0x00000000f8a5ebe8
[2025-08-08T15:31:55.848+0000][681.495s][1][129][trace] GC(106) _eden_chunk_array[122]=0x00000000f8a9af00
[2025-08-08T15:31:55.848+0000][681.495s][1][129][trace] GC(106) _eden_chunk_array[123]=0x00000000f8ac5280
[2025-08-08T15:31:55.848+0000][681.495s][1][129][trace] GC(106) _eden_chunk_array[124]=0x00000000f8ae83b8
[2025-08-08T15:31:55.848+0000][681.495s][1][129][trace] GC(106) _eden_chunk_array[125]=0x00000000f8b083e0
[2025-08-08T15:31:55.848+0000][681.495s][1][129][trace] GC(106) _eden_chunk_array[126]=0x00000000f8b283f8
[2025-08-08T15:31:55.848+0000][681.495s][1][129][trace] GC(106) _eden_chunk_array[127]=0x00000000f8b48410
[2025-08-08T15:31:55.848+0000][681.495s][1][129][trace] GC(106) _eden_chunk_array[128]=0x00000000f8b68710
[2025-08-08T15:31:55.848+0000][681.495s][1][129][trace] GC(106) _eden_chunk_array[129]=0x00000000f8b89640
[2025-08-08T15:31:55.848+0000][681.495s][1][129][trace] GC(106) _eden_chunk_array[130]=0x00000000f8bad128
[2025-08-08T15:31:55.848+0000][681.495s][1][129][trace] GC(106) _eden_chunk_array[131]=0x00000000f8bd0260
[2025-08-08T15:31:55.848+0000][681.495s][1][129][trace] GC(106) _eden_chunk_array[132]=0x00000000f8bf33a0
[2025-08-08T15:31:55.848+0000][681.495s][1][129][trace] GC(106) _eden_chunk_array[133]=0x00000000f8c2eb30
[2025-08-08T15:31:55.848+0000][681.495s][1][129][trace] GC(106) _eden_chunk_array[134]=0x00000000f8c64158
[2025-08-08T15:31:55.848+0000][681.495s][1][129][trace] GC(106) _eden_chunk_array[135]=0x00000000f8c93080
[2025-08-08T15:31:55.848+0000][681.495s][1][129][trace] GC(106) _eden_chunk_array[136]=0x00000000f8cb4de8
[2025-08-08T15:31:55.848+0000][681.495s][1][129][trace] GC(106) _eden_chunk_array[137]=0x00000000f8d14a10
[2025-08-08T15:31:55.848+0000][681.495s][1][129][trace] GC(106) _eden_chunk_array[138]=0x00000000f8d5a268
[2025-08-08T15:31:55.848+0000][681.495s][1][129][trace] GC(106) _eden_chunk_array[139]=0x00000000f8d8dd38
[2025-08-08T15:31:55.848+0000][681.495s][1][129][trace] GC(106) _eden_chunk_array[140]=0x00000000f8dc17e8
[2025-08-08T15:31:55.848+0000][681.495s][1][129][trace] GC(106) _eden_chunk_array[141]=0x00000000f8dec658
[2025-08-08T15:31:55.848+0000][681.495s][1][129][trace] GC(106) _eden_chunk_array[142]=0x00000000f8e0eaa0
[2025-08-08T15:31:55.848+0000][681.495s][1][129][trace] GC(106) _eden_chunk_array[143]=0x00000000f8e30dc8
[2025-08-08T15:31:55.848+0000][681.495s][1][129][trace] GC(106) _eden_chunk_array[144]=0x00000000f8e5e848
[2025-08-08T15:31:55.848+0000][681.495s][1][129][trace] GC(106) _eden_chunk_array[145]=0x00000000f8e7eda8
[2025-08-08T15:31:55.848+0000][681.495s][1][129][trace] GC(106) _eden_chunk_array[146]=0x00000000f8ed3c18
[2025-08-08T15:31:55.848+0000][681.495s][1][129][trace] GC(106) _eden_chunk_array[147]=0x00000000f8f0f2e8
[2025-08-08T15:31:55.848+0000][681.495s][1][129][trace] GC(106) _eden_chunk_array[148]=0x00000000f8f3af38
[2025-08-08T15:31:55.848+0000][681.495s][1][129][trace] GC(106) _eden_chunk_array[149]=0x00000000f8f7d3c0
[2025-08-08T15:31:55.848+0000][681.495s][1][129][trace] GC(106) _eden_chunk_array[150]=0x00000000f8fa9000
[2025-08-08T15:31:55.848+0000][681.495s][1][129][trace] GC(106) _eden_chunk_array[151]=0x00000000f8fcb538
[2025-08-08T15:31:55.848+0000][681.495s][1][129][trace] GC(106) _eden_chunk_array[152]=0x00000000f8ff7178
[2025-08-08T15:31:55.848+0000][681.495s][1][129][trace] GC(106) _eden_chunk_array[153]=0x00000000f9022e08
[2025-08-08T15:31:55.848+0000][681.495s][1][129][trace] GC(106) _eden_chunk_array[154]=0x00000000f907e470
[2025-08-08T15:31:55.848+0000][681.495s][1][129][trace] GC(106) _eden_chunk_array[155]=0x00000000f909ee40
[2025-08-08T15:31:55.848+0000][681.495s][1][129][trace] GC(106) _eden_chunk_array[156]=0x00000000f90bf1c8
[2025-08-08T15:31:55.848+0000][681.495s][1][129][trace] GC(106) _eden_chunk_array[157]=0x00000000f90e7d00
[2025-08-08T15:31:55.848+0000][681.495s][1][129][trace] GC(106) _eden_chunk_array[158]=0x00000000f9119878
[2025-08-08T15:31:55.848+0000][681.495s][1][129][trace] GC(106) _eden_chunk_array[159]=0x00000000f9151450
[2025-08-08T15:31:55.848+0000][681.495s][1][129][trace] GC(106) _eden_chunk_array[160]=0x00000000f91b09f0
[2025-08-08T15:31:55.848+0000][681.495s][1][129][trace] GC(106) _eden_chunk_array[161]=0x00000000f91dad88
[2025-08-08T15:31:55.848+0000][681.495s][1][129][trace] GC(106) _eden_chunk_array[162]=0x00000000f92050f0
[2025-08-08T15:31:55.848+0000][681.495s][1][129][trace] GC(106) _eden_chunk_array[163]=0x00000000f922f458
[2025-08-08T15:31:55.848+0000][681.495s][1][129][trace] GC(106) _eden_chunk_array[164]=0x00000000f92597e0
[2025-08-08T15:31:55.848+0000][681.495s][1][129][trace] GC(106) _eden_chunk_array[165]=0x00000000f92a41f8
[2025-08-08T15:31:55.848+0000][681.495s][1][129][trace] GC(106) _eden_chunk_array[166]=0x00000000f9303df0
[2025-08-08T15:31:55.848+0000][681.495s][1][129][trace] GC(106) _eden_chunk_array[167]=0x00000000f932e158
[2025-08-08T15:31:55.848+0000][681.495s][1][129][trace] GC(106) _eden_chunk_array[168]=0x00000000f9351500
[2025-08-08T15:31:55.848+0000][681.495s][1][129][trace] GC(106) _eden_chunk_array[169]=0x00000000f9376880
[2025-08-08T15:31:55.848+0000][681.495s][1][129][trace] GC(106) _eden_chunk_array[170]=0x00000000f93999a8
[2025-08-08T15:31:55.848+0000][681.495s][1][129][trace] GC(106) _eden_chunk_array[171]=0x00000000f93df210
[2025-08-08T15:31:55.848+0000][681.495s][1][129][trace] GC(106) _eden_chunk_array[172]=0x00000000f9402368
[2025-08-08T15:31:55.848+0000][681.495s][1][129][trace] GC(106) _eden_chunk_array[173]=0x00000000f942e9e0
[2025-08-08T15:31:55.848+0000][681.495s][1][129][trace] GC(106) _eden_chunk_array[174]=0x00000000f9462d90
[2025-08-08T15:31:55.848+0000][681.495s][1][129][trace] GC(106) _eden_chunk_array[175]=0x00000000f9483e80
[2025-08-08T15:31:55.848+0000][681.495s][1][129][trace] GC(106) _eden_chunk_array[176]=0x00000000f94bf730
[2025-08-08T15:31:55.848+0000][681.495s][1][129][trace] GC(106) _eden_chunk_array[177]=0x00000000f9524ee0
[2025-08-08T15:31:55.848+0000][681.495s][1][129][trace] GC(106) _eden_chunk_array[178]=0x00000000f9564d68
[2025-08-08T15:31:55.848+0000][681.495s][1][129][trace] GC(106) _eden_chunk_array[179]=0x00000000f95a4c18
[2025-08-08T15:31:55.848+0000][681.495s][1][129][trace] GC(106) _eden_chunk_array[180]=0x00000000f95c6860
[2025-08-08T15:31:55.848+0000][681.495s][1][129][trace] GC(106) _eden_chunk_array[181]=0x00000000f95efa90
[2025-08-08T15:31:55.848+0000][681.495s][1][129][trace] GC(106) _eden_chunk_array[182]=0x00000000f9610388
[2025-08-08T15:31:55.848+0000][681.495s][1][129][trace] GC(106) _eden_chunk_array[183]=0x00000000f96641f8
[2025-08-08T15:31:55.848+0000][681.495s][1][129][trace] GC(106) _eden_chunk_array[184]=0x00000000f968c468
[2025-08-08T15:31:55.848+0000][681.495s][1][129][trace] GC(106) _eden_chunk_array[185]=0x00000000f96b04c0
[2025-08-08T15:31:55.848+0000][681.495s][1][129][trace] GC(106) _eden_chunk_array[186]=0x00000000f96da9b8
[2025-08-08T15:31:55.848+0000][681.495s][1][129][trace] GC(106) _eden_chunk_array[187]=0x00000000f96fce08
[2025-08-08T15:31:55.848+0000][681.495s][1][129][trace] GC(106) _eden_chunk_array[188]=0x00000000f971f250
[2025-08-08T15:31:55.848+0000][681.495s][1][129][trace] GC(106) _eden_chunk_array[189]=0x00000000f9740d20
[2025-08-08T15:31:55.848+0000][681.495s][1][129][trace] GC(106) _eden_chunk_array[190]=0x00000000f9764ab0
[2025-08-08T15:31:55.848+0000][681.495s][1][129][trace] GC(106) _eden_chunk_array[191]=0x00000000f97aa308
[2025-08-08T15:31:55.848+0000][681.495s][1][129][trace] GC(106) _eden_chunk_array[192]=0x00000000f97ce108
[2025-08-08T15:31:55.848+0000][681.496s][1][129][trace] GC(106) _eden_chunk_array[193]=0x00000000f980df80
[2025-08-08T15:31:55.848+0000][681.496s][1][129][trace] GC(106) _eden_chunk_array[194]=0x00000000f984de00
[2025-08-08T15:31:55.848+0000][681.496s][1][129][trace] GC(106) _eden_chunk_array[195]=0x00000000f986fa88
[2025-08-08T15:31:55.848+0000][681.496s][1][129][trace] GC(106) _eden_chunk_array[196]=0x00000000f9899cd0
[2025-08-08T15:31:55.848+0000][681.496s][1][129][trace] GC(106) _eden_chunk_array[197]=0x00000000f98bd6d8
[2025-08-08T15:31:55.848+0000][681.496s][1][129][trace] GC(106) _eden_chunk_array[198]=0x00000000f98eca98
[2025-08-08T15:31:55.848+0000][681.496s][1][129][trace] GC(106) _eden_chunk_array[199]=0x00000000f9918838
[2025-08-08T15:31:55.848+0000][681.496s][1][129][trace] GC(106) _eden_chunk_array[200]=0x00000000f99405e0
[2025-08-08T15:31:55.848+0000][681.496s][1][129][trace] GC(106) _eden_chunk_array[201]=0x00000000f9964370
[2025-08-08T15:31:55.848+0000][681.496s][1][129][trace] GC(106) _eden_chunk_array[202]=0x00000000f99a9bc8
[2025-08-08T15:31:55.848+0000][681.496s][1][129][trace] GC(106) _eden_chunk_array[203]=0x00000000f99f45e8
[2025-08-08T15:31:55.848+0000][681.496s][1][129][trace] GC(106) _eden_chunk_array[204]=0x00000000f9a40c50
[2025-08-08T15:31:55.848+0000][681.496s][1][129][trace] GC(106) _eden_chunk_array[205]=0x00000000f9a63198
[2025-08-08T15:31:55.848+0000][681.496s][1][129][trace] GC(106) _eden_chunk_array[206]=0x00000000f9a856d8
[2025-08-08T15:31:55.848+0000][681.496s][1][129][trace] GC(106) _eden_chunk_array[207]=0x00000000f9aa7c10
[2025-08-08T15:31:55.848+0000][681.496s][1][129][trace] GC(106) _eden_chunk_array[208]=0x00000000f9aca148
[2025-08-08T15:31:55.848+0000][681.496s][1][129][trace] GC(106) _eden_chunk_array[209]=0x00000000f9aec678
[2025-08-08T15:31:55.848+0000][681.496s][1][129][trace] GC(106) _eden_chunk_array[210]=0x00000000f9b0ebb8
[2025-08-08T15:31:55.848+0000][681.496s][1][129][trace] GC(106) _eden_chunk_array[211]=0x00000000f9b310f0
[2025-08-08T15:31:55.848+0000][681.496s][1][129][trace] GC(106) _eden_chunk_array[212]=0x00000000f9b51ad0
[2025-08-08T15:31:55.848+0000][681.496s][1][129][trace] GC(106) _eden_chunk_array[213]=0x00000000f9b72290
[2025-08-08T15:31:55.848+0000][681.496s][1][129][trace] GC(106) _eden_chunk_array[214]=0x00000000f9b92540
[2025-08-08T15:31:55.848+0000][681.496s][1][129][trace] GC(106) _eden_chunk_array[215]=0x00000000f9bbca38
[2025-08-08T15:31:55.848+0000][681.496s][1][129][trace] GC(106) _eden_chunk_array[216]=0x00000000f9be0818
[2025-08-08T15:31:55.848+0000][681.496s][1][129][trace] GC(106) _eden_chunk_array[217]=0x00000000f9c1e2f8
[2025-08-08T15:31:55.848+0000][681.496s][1][129][trace] GC(106) _eden_chunk_array[218]=0x00000000f9c6ccf8
[2025-08-08T15:31:55.848+0000][681.496s][1][129][trace] GC(106) _eden_chunk_array[219]=0x00000000f9c99358
[2025-08-08T15:31:55.848+0000][681.496s][1][129][trace] GC(106) _eden_chunk_array[220]=0x00000000f9cc7cf0
[2025-08-08T15:31:55.848+0000][681.496s][1][129][trace] GC(106) _eden_chunk_array[221]=0x00000000f9cf6650
[2025-08-08T15:31:55.848+0000][681.496s][1][129][trace] GC(106) _eden_chunk_array[222]=0x00000000f9d24fc0
[2025-08-08T15:31:55.848+0000][681.496s][1][129][trace] GC(106) _eden_chunk_array[223]=0x00000000f9d53938
[2025-08-08T15:31:55.848+0000][681.496s][1][129][trace] GC(106) _eden_chunk_array[224]=0x00000000f9d8eb88
[2025-08-08T15:31:55.848+0000][681.496s][1][129][trace] GC(106) _eden_chunk_array[225]=0x00000000f9daebb8
[2025-08-08T15:31:55.848+0000][681.496s][1][129][trace] GC(106) _eden_chunk_array[226]=0x00000000f9dcebd0
[2025-08-08T15:31:55.848+0000][681.496s][1][129][trace] GC(106) survivor 0x00000000fd410000-0x00000000fd410000-0x00000000fe780000(20381696)
[2025-08-08T15:31:55.848+0000][681.496s][1][129][trace] GC(106) _survivor_chunk_index=0, _survivor_chunk_capacity=9952
[2025-08-08T15:31:55.874+0000][681.521s][1][129][info ] GC(106) Pause Initial Mark 106M->106M(180M) 26.806ms
[2025-08-08T15:31:55.874+0000][681.521s][1][129][info ] Leaving safepoint region
[2025-08-08T15:31:55.874+0000][681.521s][1][129][info ] Total time for which application threads were stopped: 0.0271001 seconds, Stopping threads took: 0.0000366 seconds
[2025-08-08T15:31:55.874+0000][681.522s][1][128][info ] GC(106) Concurrent Mark
[2025-08-08T15:31:55.877+0000][681.524s][1][128][info ] GC(106) Concurrent Mark 2.991ms
[2025-08-08T15:31:55.877+0000][681.525s][1][128][info ] GC(106) Concurrent Preclean
[2025-08-08T15:31:55.877+0000][681.525s][1][128][info ] GC(106) Concurrent Preclean 0.263ms
[2025-08-08T15:31:55.878+0000][681.525s][1][128][info ] GC(106) Concurrent Abortable Preclean
[2025-08-08T15:31:55.878+0000][681.525s][1][128][trace] CMS: promo attempt is not safe: available(24) < av_promo(2794949), max_promo(106851448)
[2025-08-08T15:31:55.878+0000][681.525s][1][128][info ] GC(106) Concurrent Abortable Preclean 0.015ms
[2025-08-08T15:31:55.878+0000][681.525s][1][129][info ] Application time: 0.0036047 seconds
[2025-08-08T15:31:55.878+0000][681.525s][1][129][info ] Entering safepoint region: CMS_Final_Remark
[2025-08-08T15:31:55.878+0000][681.525s][1][129][trace] GC(106) eden 0x00000000f3800000-0x00000000f9de6c78-0x00000000fd410000(163643392)
[2025-08-08T15:31:55.878+0000][681.525s][1][129][trace] GC(106) _eden_chunk_index=227, _eden_chunk_capacity=11233
[2025-08-08T15:31:55.878+0000][681.525s][1][129][trace] GC(106) _eden_chunk_array[0]=0x00000000f7444bb8
[2025-08-08T15:31:55.878+0000][681.525s][1][129][trace] GC(106) _eden_chunk_array[1]=0x00000000f7469938
[2025-08-08T15:31:55.878+0000][681.525s][1][129][trace] GC(106) _eden_chunk_array[2]=0x00000000f74aff58
[2025-08-08T15:31:55.878+0000][681.525s][1][129][trace] GC(106) _eden_chunk_array[3]=0x00000000f74d0a88
[2025-08-08T15:31:55.878+0000][681.525s][1][129][trace] GC(106) _eden_chunk_array[4]=0x00000000f751b4a8
[2025-08-08T15:31:55.878+0000][681.525s][1][129][trace] GC(106) _eden_chunk_array[5]=0x00000000f7541788
[2025-08-08T15:31:55.878+0000][681.525s][1][129][trace] GC(106) _eden_chunk_array[6]=0x00000000f75631d8
[2025-08-08T15:31:55.878+0000][681.525s][1][129][trace] GC(106) _eden_chunk_array[7]=0x00000000f7598108
[2025-08-08T15:31:55.878+0000][681.525s][1][129][trace] GC(106) _eden_chunk_array[8]=0x00000000f75ba638
[2025-08-08T15:31:55.878+0000][681.525s][1][129][trace] GC(106) _eden_chunk_array[9]=0x00000000f75dd770
[2025-08-08T15:31:55.878+0000][681.525s][1][129][trace] GC(106) _eden_chunk_array[10]=0x00000000f75ffca8
[2025-08-08T15:31:55.878+0000][681.525s][1][129][trace] GC(106) _eden_chunk_array[11]=0x00000000f76221f0
[2025-08-08T15:31:55.878+0000][681.525s][1][129][trace] GC(106) _eden_chunk_array[12]=0x00000000f7645e60
[2025-08-08T15:31:55.878+0000][681.525s][1][129][trace] GC(106) _eden_chunk_array[13]=0x00000000f7667e88
[2025-08-08T15:31:55.878+0000][681.525s][1][129][trace] GC(106) _eden_chunk_array[14]=0x00000000f769af40
[2025-08-08T15:31:55.878+0000][681.525s][1][129][trace] GC(106) _eden_chunk_array[15]=0x00000000f76c4168
[2025-08-08T15:31:55.878+0000][681.525s][1][129][trace] GC(106) _eden_chunk_array[16]=0x00000000f76eff48
[2025-08-08T15:31:55.878+0000][681.525s][1][129][trace] GC(106) _eden_chunk_array[17]=0x00000000f7712388
[2025-08-08T15:31:55.878+0000][681.525s][1][129][trace] GC(106) _eden_chunk_array[18]=0x00000000f7757bd0
[2025-08-08T15:31:55.878+0000][681.525s][1][129][trace] GC(106) _eden_chunk_array[19]=0x00000000f7777be8
[2025-08-08T15:31:55.878+0000][681.525s][1][129][trace] GC(106) _eden_chunk_array[20]=0x00000000f779b980
[2025-08-08T15:31:55.878+0000][681.525s][1][129][trace] GC(106) _eden_chunk_array[21]=0x00000000f77bf710
[2025-08-08T15:31:55.878+0000][681.525s][1][129][trace] GC(106) _eden_chunk_array[22]=0x00000000f7801aa8
[2025-08-08T15:31:55.878+0000][681.525s][1][129][trace] GC(106) _eden_chunk_array[23]=0x00000000f784c4c8
[2025-08-08T15:31:55.878+0000][681.525s][1][129][trace] GC(106) _eden_chunk_array[24]=0x00000000f786e918
[2025-08-08T15:31:55.878+0000][681.525s][1][129][trace] GC(106) _eden_chunk_array[25]=0x00000000f7890d60
[2025-08-08T15:31:55.878+0000][681.525s][1][129][trace] GC(106) _eden_chunk_array[26]=0x00000000f78b31b8
[2025-08-08T15:31:55.878+0000][681.525s][1][129][trace] GC(106) _eden_chunk_array[27]=0x00000000f78d5610
[2025-08-08T15:31:55.878+0000][681.525s][1][129][trace] GC(106) _eden_chunk_array[28]=0x00000000f78f7a70
[2025-08-08T15:31:55.878+0000][681.525s][1][129][trace] GC(106) _eden_chunk_array[29]=0x00000000f791bd80
[2025-08-08T15:31:55.878+0000][681.525s][1][129][trace] GC(106) _eden_chunk_array[30]=0x00000000f7950e60
[2025-08-08T15:31:55.878+0000][681.525s][1][129][trace] GC(106) _eden_chunk_array[31]=0x00000000f79754c0
[2025-08-08T15:31:55.878+0000][681.525s][1][129][trace] GC(106) _eden_chunk_array[32]=0x00000000f79a6708
[2025-08-08T15:31:55.878+0000][681.525s][1][129][trace] GC(106) _eden_chunk_array[33]=0x00000000f79c8b60
[2025-08-08T15:31:55.878+0000][681.525s][1][129][trace] GC(106) _eden_chunk_array[34]=0x00000000f7a135c0
[2025-08-08T15:31:55.878+0000][681.525s][1][129][trace] GC(106) _eden_chunk_array[35]=0x00000000f7a47230
[2025-08-08T15:31:55.878+0000][681.525s][1][129][trace] GC(106) _eden_chunk_array[36]=0x00000000f7a6a370
[2025-08-08T15:31:55.878+0000][681.525s][1][129][trace] GC(106) _eden_chunk_array[37]=0x00000000f7a8d4b0
[2025-08-08T15:31:55.878+0000][681.525s][1][129][trace] GC(106) _eden_chunk_array[38]=0x00000000f7ad2d10
[2025-08-08T15:31:55.878+0000][681.525s][1][129][trace] GC(106) _eden_chunk_array[39]=0x00000000f7af5e48
[2025-08-08T15:31:55.878+0000][681.525s][1][129][trace] GC(106) _eden_chunk_array[40]=0x00000000f7b18f98
[2025-08-08T15:31:55.878+0000][681.525s][1][129][trace] GC(106) _eden_chunk_array[41]=0x00000000f7b5e7e0
[2025-08-08T15:31:55.878+0000][681.525s][1][129][trace] GC(106) _eden_chunk_array[42]=0x00000000f7b81928
[2025-08-08T15:31:55.878+0000][681.525s][1][129][trace] GC(106) _eden_chunk_array[43]=0x00000000f7ba4a70
[2025-08-08T15:31:55.878+0000][681.525s][1][129][trace] GC(106) _eden_chunk_array[44]=0x00000000f7bc5f98
[2025-08-08T15:31:55.878+0000][681.525s][1][129][trace] GC(106) _eden_chunk_array[45]=0x00000000f7c017b8
[2025-08-08T15:31:55.878+0000][681.525s][1][129][trace] GC(106) _eden_chunk_array[46]=0x00000000f7c29598
[2025-08-08T15:31:55.878+0000][681.525s][1][129][trace] GC(106) _eden_chunk_array[47]=0x00000000f7c5caa8
[2025-08-08T15:31:55.878+0000][681.525s][1][129][trace] GC(106) _eden_chunk_array[48]=0x00000000f7c80840
[2025-08-08T15:31:55.878+0000][681.525s][1][129][trace] GC(106) _eden_chunk_array[49]=0x00000000f7caabb8
[2025-08-08T15:31:55.878+0000][681.525s][1][129][trace] GC(106) _eden_chunk_array[50]=0x00000000f7cce950
[2025-08-08T15:31:55.878+0000][681.525s][1][129][trace] GC(106) _eden_chunk_array[51]=0x00000000f7cf8cb0
[2025-08-08T15:31:55.878+0000][681.525s][1][129][trace] GC(106) _eden_chunk_array[52]=0x00000000f7d23028
[2025-08-08T15:31:55.878+0000][681.526s][1][129][trace] GC(106) _eden_chunk_array[53]=0x00000000f7d4d398
[2025-08-08T15:31:55.878+0000][681.526s][1][129][trace] GC(106) _eden_chunk_array[54]=0x00000000f7dacf70
[2025-08-08T15:31:55.878+0000][681.526s][1][129][trace] GC(106) _eden_chunk_array[55]=0x00000000f7dcd2a0
[2025-08-08T15:31:55.878+0000][681.526s][1][129][trace] GC(106) _eden_chunk_array[56]=0x00000000f7deee48
[2025-08-08T15:31:55.878+0000][681.526s][1][129][trace] GC(106) _eden_chunk_array[57]=0x00000000f7e0f710
[2025-08-08T15:31:55.878+0000][681.526s][1][129][trace] GC(106) _eden_chunk_array[58]=0x00000000f7e64520
[2025-08-08T15:31:55.878+0000][681.526s][1][129][trace] GC(106) _eden_chunk_array[59]=0x00000000f7e8bcb8
[2025-08-08T15:31:55.878+0000][681.526s][1][129][trace] GC(106) _eden_chunk_array[60]=0x00000000f7eafa40
[2025-08-08T15:31:55.878+0000][681.526s][1][129][trace] GC(106) _eden_chunk_array[61]=0x00000000f7ed37c8
[2025-08-08T15:31:55.878+0000][681.526s][1][129][trace] GC(106) _eden_chunk_array[62]=0x00000000f7f19028
[2025-08-08T15:31:55.878+0000][681.526s][1][129][trace] GC(106) _eden_chunk_array[63]=0x00000000f7f42ad8
[2025-08-08T15:31:55.878+0000][681.526s][1][129][trace] GC(106) _eden_chunk_array[64]=0x00000000f7f6e720
[2025-08-08T15:31:55.878+0000][681.526s][1][129][trace] GC(106) _eden_chunk_array[65]=0x00000000f7f99710
[2025-08-08T15:31:55.878+0000][681.526s][1][129][trace] GC(106) _eden_chunk_array[66]=0x00000000f7fc5350
[2025-08-08T15:31:55.878+0000][681.526s][1][129][trace] GC(106) _eden_chunk_array[67]=0x00000000f8025b98
[2025-08-08T15:31:55.878+0000][681.526s][1][129][trace] GC(106) _eden_chunk_array[68]=0x00000000f8051800
[2025-08-08T15:31:55.878+0000][681.526s][1][129][trace] GC(106) _eden_chunk_array[69]=0x00000000f807d440
[2025-08-08T15:31:55.878+0000][681.526s][1][129][trace] GC(106) _eden_chunk_array[70]=0x00000000f80a3b28
[2025-08-08T15:31:55.878+0000][681.526s][1][129][trace] GC(106) _eden_chunk_array[71]=0x00000000f80c3d58
[2025-08-08T15:31:55.878+0000][681.526s][1][129][trace] GC(106) _eden_chunk_array[72]=0x00000000f80e4c40
[2025-08-08T15:31:55.878+0000][681.526s][1][129][trace] GC(106) _eden_chunk_array[73]=0x00000000f8118878
[2025-08-08T15:31:55.878+0000][681.526s][1][129][trace] GC(106) _eden_chunk_array[74]=0x00000000f8144f58
[2025-08-08T15:31:55.878+0000][681.526s][1][129][trace] GC(106) _eden_chunk_array[75]=0x00000000f8179648
[2025-08-08T15:31:55.878+0000][681.526s][1][129][trace] GC(106) _eden_chunk_array[76]=0x00000000f81b2f50
[2025-08-08T15:31:55.878+0000][681.526s][1][129][trace] GC(106) _eden_chunk_array[77]=0x00000000f8214e60
[2025-08-08T15:31:55.878+0000][681.526s][1][129][trace] GC(106) _eden_chunk_array[78]=0x00000000f82437e8
[2025-08-08T15:31:55.878+0000][681.526s][1][129][trace] GC(106) _eden_chunk_array[79]=0x00000000f827ec80
[2025-08-08T15:31:55.878+0000][681.526s][1][129][trace] GC(106) _eden_chunk_array[80]=0x00000000f82db998
[2025-08-08T15:31:55.878+0000][681.526s][1][129][trace] GC(106) _eden_chunk_array[81]=0x00000000f82ff478
[2025-08-08T15:31:55.878+0000][681.526s][1][129][trace] GC(106) _eden_chunk_array[82]=0x00000000f8325d68
[2025-08-08T15:31:55.878+0000][681.526s][1][129][trace] GC(106) _eden_chunk_array[83]=0x00000000f8346e68
[2025-08-08T15:31:55.878+0000][681.526s][1][129][trace] GC(106) _eden_chunk_array[84]=0x00000000f836c3f8
[2025-08-08T15:31:55.878+0000][681.526s][1][129][trace] GC(106) _eden_chunk_array[85]=0x00000000f838e968
[2025-08-08T15:31:55.878+0000][681.526s][1][129][trace] GC(106) _eden_chunk_array[86]=0x00000000f83b0db0
[2025-08-08T15:31:55.878+0000][681.526s][1][129][trace] GC(106) _eden_chunk_array[87]=0x00000000f83e4830
[2025-08-08T15:31:55.878+0000][681.526s][1][129][trace] GC(106) _eden_chunk_array[88]=0x00000000f841bc28
[2025-08-08T15:31:55.878+0000][681.526s][1][129][trace] GC(106) _eden_chunk_array[89]=0x00000000f8448db0
[2025-08-08T15:31:55.878+0000][681.526s][1][129][trace] GC(106) _eden_chunk_array[90]=0x00000000f846f610
[2025-08-08T15:31:55.878+0000][681.526s][1][129][trace] GC(106) _eden_chunk_array[91]=0x00000000f84933a8
[2025-08-08T15:31:55.878+0000][681.526s][1][129][trace] GC(106) _eden_chunk_array[92]=0x00000000f84ec018
[2025-08-08T15:31:55.878+0000][681.526s][1][129][trace] GC(106) _eden_chunk_array[93]=0x00000000f8512850
[2025-08-08T15:31:55.878+0000][681.526s][1][129][trace] GC(106) _eden_chunk_array[94]=0x00000000f8539090
[2025-08-08T15:31:55.878+0000][681.526s][1][129][trace] GC(106) _eden_chunk_array[95]=0x00000000f855f8d0
[2025-08-08T15:31:55.878+0000][681.526s][1][129][trace] GC(106) _eden_chunk_array[96]=0x00000000f8586100
[2025-08-08T15:31:55.878+0000][681.526s][1][129][trace] GC(106) _eden_chunk_array[97]=0x00000000f85a9238
[2025-08-08T15:31:55.878+0000][681.526s][1][129][trace] GC(106) _eden_chunk_array[98]=0x00000000f85f3ec8
[2025-08-08T15:31:55.878+0000][681.526s][1][129][trace] GC(106) _eden_chunk_array[99]=0x00000000f8616f50
[2025-08-08T15:31:55.878+0000][681.526s][1][129][trace] GC(106) _eden_chunk_array[100]=0x00000000f86377d8
[2025-08-08T15:31:55.878+0000][681.526s][1][129][trace] GC(106) _eden_chunk_array[101]=0x00000000f866d798
[2025-08-08T15:31:55.878+0000][681.526s][1][129][trace] GC(106) _eden_chunk_array[102]=0x00000000f86996f8
[2025-08-08T15:31:55.878+0000][681.526s][1][129][trace] GC(106) _eden_chunk_array[103]=0x00000000f86ca900
[2025-08-08T15:31:55.878+0000][681.526s][1][129][trace] GC(106) _eden_chunk_array[104]=0x00000000f8710158
[2025-08-08T15:31:55.878+0000][681.526s][1][129][trace] GC(106) _eden_chunk_array[105]=0x00000000f873eae8
[2025-08-08T15:31:55.878+0000][681.526s][1][129][trace] GC(106) _eden_chunk_array[106]=0x00000000f875f150
[2025-08-08T15:31:55.878+0000][681.526s][1][129][trace] GC(106) _eden_chunk_array[107]=0x00000000f87a9b70
[2025-08-08T15:31:55.878+0000][681.526s][1][129][trace] GC(106) _eden_chunk_array[108]=0x00000000f87f4578
[2025-08-08T15:31:55.878+0000][681.526s][1][129][trace] GC(106) _eden_chunk_array[109]=0x00000000f8822f08
[2025-08-08T15:31:55.878+0000][681.526s][1][129][trace] GC(106) _eden_chunk_array[110]=0x00000000f88535c0
[2025-08-08T15:31:55.878+0000][681.526s][1][129][trace] GC(106) _eden_chunk_array[111]=0x00000000f888ca40
[2025-08-08T15:31:55.878+0000][681.526s][1][129][trace] GC(106) _eden_chunk_array[112]=0x00000000f88b86a0
[2025-08-08T15:31:55.878+0000][681.526s][1][129][trace] GC(106) _eden_chunk_array[113]=0x00000000f88e2f90
[2025-08-08T15:31:55.878+0000][681.526s][1][129][trace] GC(106) _eden_chunk_array[114]=0x00000000f8904400
[2025-08-08T15:31:55.878+0000][681.526s][1][129][trace] GC(106) _eden_chunk_array[115]=0x00000000f8939410
[2025-08-08T15:31:55.878+0000][681.526s][1][129][trace] GC(106) _eden_chunk_array[116]=0x00000000f895d1b8
[2025-08-08T15:31:55.878+0000][681.526s][1][129][trace] GC(106) _eden_chunk_array[117]=0x00000000f89b5e30
[2025-08-08T15:31:55.878+0000][681.526s][1][129][trace] GC(106) _eden_chunk_array[118]=0x00000000f89e0190
[2025-08-08T15:31:55.878+0000][681.526s][1][129][trace] GC(106) _eden_chunk_array[119]=0x00000000f8a0a500
[2025-08-08T15:31:55.878+0000][681.526s][1][129][trace] GC(106) _eden_chunk_array[120]=0x00000000f8a34878
[2025-08-08T15:31:55.878+0000][681.526s][1][129][trace] GC(106) _eden_chunk_array[121]=0x00000000f8a5ebe8
[2025-08-08T15:31:55.878+0000][681.526s][1][129][trace] GC(106) _eden_chunk_array[122]=0x00000000f8a9af00
[2025-08-08T15:31:55.878+0000][681.526s][1][129][trace] GC(106) _eden_chunk_array[123]=0x00000000f8ac5280
[2025-08-08T15:31:55.878+0000][681.526s][1][129][trace] GC(106) _eden_chunk_array[124]=0x00000000f8ae83b8
[2025-08-08T15:31:55.878+0000][681.526s][1][129][trace] GC(106) _eden_chunk_array[125]=0x00000000f8b083e0
[2025-08-08T15:31:55.879+0000][681.526s][1][129][trace] GC(106) _eden_chunk_array[126]=0x00000000f8b283f8
[2025-08-08T15:31:55.879+0000][681.526s][1][129][trace] GC(106) _eden_chunk_array[127]=0x00000000f8b48410
[2025-08-08T15:31:55.879+0000][681.526s][1][129][trace] GC(106) _eden_chunk_array[128]=0x00000000f8b68710
[2025-08-08T15:31:55.879+0000][681.526s][1][129][trace] GC(106) _eden_chunk_array[129]=0x00000000f8b89640
[2025-08-08T15:31:55.879+0000][681.526s][1][129][trace] GC(106) _eden_chunk_array[130]=0x00000000f8bad128
[2025-08-08T15:31:55.879+0000][681.526s][1][129][trace] GC(106) _eden_chunk_array[131]=0x00000000f8bd0260
[2025-08-08T15:31:55.879+0000][681.526s][1][129][trace] GC(106) _eden_chunk_array[132]=0x00000000f8bf33a0
[2025-08-08T15:31:55.879+0000][681.526s][1][129][trace] GC(106) _eden_chunk_array[133]=0x00000000f8c2eb30
[2025-08-08T15:31:55.879+0000][681.526s][1][129][trace] GC(106) _eden_chunk_array[134]=0x00000000f8c64158
[2025-08-08T15:31:55.879+0000][681.526s][1][129][trace] GC(106) _eden_chunk_array[135]=0x00000000f8c93080
[2025-08-08T15:31:55.879+0000][681.526s][1][129][trace] GC(106) _eden_chunk_array[136]=0x00000000f8cb4de8
[2025-08-08T15:31:55.879+0000][681.526s][1][129][trace] GC(106) _eden_chunk_array[137]=0x00000000f8d14a10
[2025-08-08T15:31:55.879+0000][681.526s][1][129][trace] GC(106) _eden_chunk_array[138]=0x00000000f8d5a268
[2025-08-08T15:31:55.879+0000][681.526s][1][129][trace] GC(106) _eden_chunk_array[139]=0x00000000f8d8dd38
[2025-08-08T15:31:55.879+0000][681.526s][1][129][trace] GC(106) _eden_chunk_array[140]=0x00000000f8dc17e8
[2025-08-08T15:31:55.879+0000][681.526s][1][129][trace] GC(106) _eden_chunk_array[141]=0x00000000f8dec658
[2025-08-08T15:31:55.879+0000][681.526s][1][129][trace] GC(106) _eden_chunk_array[142]=0x00000000f8e0eaa0
[2025-08-08T15:31:55.879+0000][681.526s][1][129][trace] GC(106) _eden_chunk_array[143]=0x00000000f8e30dc8
[2025-08-08T15:31:55.879+0000][681.526s][1][129][trace] GC(106) _eden_chunk_array[144]=0x00000000f8e5e848
[2025-08-08T15:31:55.879+0000][681.526s][1][129][trace] GC(106) _eden_chunk_array[145]=0x00000000f8e7eda8
[2025-08-08T15:31:55.879+0000][681.526s][1][129][trace] GC(106) _eden_chunk_array[146]=0x00000000f8ed3c18
[2025-08-08T15:31:55.879+0000][681.526s][1][129][trace] GC(106) _eden_chunk_array[147]=0x00000000f8f0f2e8
[2025-08-08T15:31:55.879+0000][681.526s][1][129][trace] GC(106) _eden_chunk_array[148]=0x00000000f8f3af38
[2025-08-08T15:31:55.879+0000][681.526s][1][129][trace] GC(106) _eden_chunk_array[149]=0x00000000f8f7d3c0
[2025-08-08T15:31:55.879+0000][681.526s][1][129][trace] GC(106) _eden_chunk_array[150]=0x00000000f8fa9000
[2025-08-08T15:31:55.879+0000][681.526s][1][129][trace] GC(106) _eden_chunk_array[151]=0x00000000f8fcb538
[2025-08-08T15:31:55.879+0000][681.526s][1][129][trace] GC(106) _eden_chunk_array[152]=0x00000000f8ff7178
[2025-08-08T15:31:55.879+0000][681.526s][1][129][trace] GC(106) _eden_chunk_array[153]=0x00000000f9022e08
[2025-08-08T15:31:55.879+0000][681.526s][1][129][trace] GC(106) _eden_chunk_array[154]=0x00000000f907e470
[2025-08-08T15:31:55.879+0000][681.526s][1][129][trace] GC(106) _eden_chunk_array[155]=0x00000000f909ee40
[2025-08-08T15:31:55.879+0000][681.526s][1][129][trace] GC(106) _eden_chunk_array[156]=0x00000000f90bf1c8
[2025-08-08T15:31:55.879+0000][681.526s][1][129][trace] GC(106) _eden_chunk_array[157]=0x00000000f90e7d00
[2025-08-08T15:31:55.879+0000][681.526s][1][129][trace] GC(106) _eden_chunk_array[158]=0x00000000f9119878
[2025-08-08T15:31:55.879+0000][681.526s][1][129][trace] GC(106) _eden_chunk_array[159]=0x00000000f9151450
[2025-08-08T15:31:55.879+0000][681.526s][1][129][trace] GC(106) _eden_chunk_array[160]=0x00000000f91b09f0
[2025-08-08T15:31:55.879+0000][681.526s][1][129][trace] GC(106) _eden_chunk_array[161]=0x00000000f91dad88
[2025-08-08T15:31:55.879+0000][681.526s][1][129][trace] GC(106) _eden_chunk_array[162]=0x00000000f92050f0
[2025-08-08T15:31:55.879+0000][681.526s][1][129][trace] GC(106) _eden_chunk_array[163]=0x00000000f922f458
[2025-08-08T15:31:55.879+0000][681.526s][1][129][trace] GC(106) _eden_chunk_array[164]=0x00000000f92597e0
[2025-08-08T15:31:55.879+0000][681.526s][1][129][trace] GC(106) _eden_chunk_array[165]=0x00000000f92a41f8
[2025-08-08T15:31:55.879+0000][681.526s][1][129][trace] GC(106) _eden_chunk_array[166]=0x00000000f9303df0
[2025-08-08T15:31:55.879+0000][681.526s][1][129][trace] GC(106) _eden_chunk_array[167]=0x00000000f932e158
[2025-08-08T15:31:55.879+0000][681.526s][1][129][trace] GC(106) _eden_chunk_array[168]=0x00000000f9351500
[2025-08-08T15:31:55.879+0000][681.526s][1][129][trace] GC(106) _eden_chunk_array[169]=0x00000000f9376880
[2025-08-08T15:31:55.879+0000][681.526s][1][129][trace] GC(106) _eden_chunk_array[170]=0x00000000f93999a8
[2025-08-08T15:31:55.879+0000][681.526s][1][129][trace] GC(106) _eden_chunk_array[171]=0x00000000f93df210
[2025-08-08T15:31:55.879+0000][681.526s][1][129][trace] GC(106) _eden_chunk_array[172]=0x00000000f9402368
[2025-08-08T15:31:55.879+0000][681.526s][1][129][trace] GC(106) _eden_chunk_array[173]=0x00000000f942e9e0
[2025-08-08T15:31:55.879+0000][681.526s][1][129][trace] GC(106) _eden_chunk_array[174]=0x00000000f9462d90
[2025-08-08T15:31:55.879+0000][681.526s][1][129][trace] GC(106) _eden_chunk_array[175]=0x00000000f9483e80
[2025-08-08T15:31:55.879+0000][681.526s][1][129][trace] GC(106) _eden_chunk_array[176]=0x00000000f94bf730
[2025-08-08T15:31:55.879+0000][681.526s][1][129][trace] GC(106) _eden_chunk_array[177]=0x00000000f9524ee0
[2025-08-08T15:31:55.879+0000][681.526s][1][129][trace] GC(106) _eden_chunk_array[178]=0x00000000f9564d68
[2025-08-08T15:31:55.879+0000][681.526s][1][129][trace] GC(106) _eden_chunk_array[179]=0x00000000f95a4c18
[2025-08-08T15:31:55.879+0000][681.526s][1][129][trace] GC(106) _eden_chunk_array[180]=0x00000000f95c6860
[2025-08-08T15:31:55.879+0000][681.526s][1][129][trace] GC(106) _eden_chunk_array[181]=0x00000000f95efa90
[2025-08-08T15:31:55.879+0000][681.526s][1][129][trace] GC(106) _eden_chunk_array[182]=0x00000000f9610388
[2025-08-08T15:31:55.879+0000][681.526s][1][129][trace] GC(106) _eden_chunk_array[183]=0x00000000f96641f8
[2025-08-08T15:31:55.879+0000][681.526s][1][129][trace] GC(106) _eden_chunk_array[184]=0x00000000f968c468
[2025-08-08T15:31:55.879+0000][681.526s][1][129][trace] GC(106) _eden_chunk_array[185]=0x00000000f96b04c0
[2025-08-08T15:31:55.879+0000][681.526s][1][129][trace] GC(106) _eden_chunk_array[186]=0x00000000f96da9b8
[2025-08-08T15:31:55.879+0000][681.526s][1][129][trace] GC(106) _eden_chunk_array[187]=0x00000000f96fce08
[2025-08-08T15:31:55.879+0000][681.526s][1][129][trace] GC(106) _eden_chunk_array[188]=0x00000000f971f250
[2025-08-08T15:31:55.879+0000][681.526s][1][129][trace] GC(106) _eden_chunk_array[189]=0x00000000f9740d20
[2025-08-08T15:31:55.879+0000][681.526s][1][129][trace] GC(106) _eden_chunk_array[190]=0x00000000f9764ab0
[2025-08-08T15:31:55.879+0000][681.526s][1][129][trace] GC(106) _eden_chunk_array[191]=0x00000000f97aa308
[2025-08-08T15:31:55.879+0000][681.526s][1][129][trace] GC(106) _eden_chunk_array[192]=0x00000000f97ce108
[2025-08-08T15:31:55.879+0000][681.526s][1][129][trace] GC(106) _eden_chunk_array[193]=0x00000000f980df80
[2025-08-08T15:31:55.879+0000][681.526s][1][129][trace] GC(106) _eden_chunk_array[194]=0x00000000f984de00
[2025-08-08T15:31:55.879+0000][681.526s][1][129][trace] GC(106) _eden_chunk_array[195]=0x00000000f986fa88
[2025-08-08T15:31:55.879+0000][681.526s][1][129][trace] GC(106) _eden_chunk_array[196]=0x00000000f9899cd0
[2025-08-08T15:31:55.879+0000][681.526s][1][129][trace] GC(106) _eden_chunk_array[197]=0x00000000f98bd6d8
[2025-08-08T15:31:55.879+0000][681.526s][1][129][trace] GC(106) _eden_chunk_array[198]=0x00000000f98eca98
[2025-08-08T15:31:55.879+0000][681.526s][1][129][trace] GC(106) _eden_chunk_array[199]=0x00000000f9918838
[2025-08-08T15:31:55.879+0000][681.526s][1][129][trace] GC(106) _eden_chunk_array[200]=0x00000000f99405e0
[2025-08-08T15:31:55.879+0000][681.526s][1][129][trace] GC(106) _eden_chunk_array[201]=0x00000000f9964370
[2025-08-08T15:31:55.879+0000][681.526s][1][129][trace] GC(106) _eden_chunk_array[202]=0x00000000f99a9bc8
[2025-08-08T15:31:55.879+0000][681.526s][1][129][trace] GC(106) _eden_chunk_array[203]=0x00000000f99f45e8
[2025-08-08T15:31:55.879+0000][681.526s][1][129][trace] GC(106) _eden_chunk_array[204]=0x00000000f9a40c50
[2025-08-08T15:31:55.879+0000][681.526s][1][129][trace] GC(106) _eden_chunk_array[205]=0x00000000f9a63198
[2025-08-08T15:31:55.879+0000][681.526s][1][129][trace] GC(106) _eden_chunk_array[206]=0x00000000f9a856d8
[2025-08-08T15:31:55.879+0000][681.526s][1][129][trace] GC(106) _eden_chunk_array[207]=0x00000000f9aa7c10
[2025-08-08T15:31:55.879+0000][681.526s][1][129][trace] GC(106) _eden_chunk_array[208]=0x00000000f9aca148
[2025-08-08T15:31:55.879+0000][681.526s][1][129][trace] GC(106) _eden_chunk_array[209]=0x00000000f9aec678
[2025-08-08T15:31:55.879+0000][681.526s][1][129][trace] GC(106) _eden_chunk_array[210]=0x00000000f9b0ebb8
[2025-08-08T15:31:55.879+0000][681.526s][1][129][trace] GC(106) _eden_chunk_array[211]=0x00000000f9b310f0
[2025-08-08T15:31:55.879+0000][681.526s][1][129][trace] GC(106) _eden_chunk_array[212]=0x00000000f9b51ad0
[2025-08-08T15:31:55.879+0000][681.526s][1][129][trace] GC(106) _eden_chunk_array[213]=0x00000000f9b72290
[2025-08-08T15:31:55.879+0000][681.526s][1][129][trace] GC(106) _eden_chunk_array[214]=0x00000000f9b92540
[2025-08-08T15:31:55.879+0000][681.526s][1][129][trace] GC(106) _eden_chunk_array[215]=0x00000000f9bbca38
[2025-08-08T15:31:55.879+0000][681.526s][1][129][trace] GC(106) _eden_chunk_array[216]=0x00000000f9be0818
[2025-08-08T15:31:55.879+0000][681.526s][1][129][trace] GC(106) _eden_chunk_array[217]=0x00000000f9c1e2f8
[2025-08-08T15:31:55.879+0000][681.526s][1][129][trace] GC(106) _eden_chunk_array[218]=0x00000000f9c6ccf8
[2025-08-08T15:31:55.879+0000][681.526s][1][129][trace] GC(106) _eden_chunk_array[219]=0x00000000f9c99358
[2025-08-08T15:31:55.879+0000][681.526s][1][129][trace] GC(106) _eden_chunk_array[220]=0x00000000f9cc7cf0
[2025-08-08T15:31:55.879+0000][681.526s][1][129][trace] GC(106) _eden_chunk_array[221]=0x00000000f9cf6650
[2025-08-08T15:31:55.879+0000][681.526s][1][129][trace] GC(106) _eden_chunk_array[222]=0x00000000f9d24fc0
[2025-08-08T15:31:55.879+0000][681.526s][1][129][trace] GC(106) _eden_chunk_array[223]=0x00000000f9d53938
[2025-08-08T15:31:55.879+0000][681.526s][1][129][trace] GC(106) _eden_chunk_array[224]=0x00000000f9d8eb88
[2025-08-08T15:31:55.879+0000][681.526s][1][129][trace] GC(106) _eden_chunk_array[225]=0x00000000f9daebb8
[2025-08-08T15:31:55.879+0000][681.526s][1][129][trace] GC(106) _eden_chunk_array[226]=0x00000000f9dcebd0
[2025-08-08T15:31:55.879+0000][681.526s][1][129][trace] GC(106) survivor 0x00000000fd410000-0x00000000fd410000-0x00000000fe780000(20381696)
[2025-08-08T15:31:55.879+0000][681.526s][1][129][trace] GC(106) _survivor_chunk_index=0, _survivor_chunk_capacity=9952
[2025-08-08T15:31:55.928+0000][681.576s][1][129][info ] GC(106) Pause Remark 106M->106M(180M) 50.583ms
[2025-08-08T15:31:55.929+0000][681.576s][1][129][info ] Leaving safepoint region
[2025-08-08T15:31:55.929+0000][681.576s][1][129][info ] Total time for which application threads were stopped: 0.0508706 seconds, Stopping threads took: 0.0000362 seconds
[2025-08-08T15:31:55.929+0000][681.576s][1][128][info ] GC(106) Concurrent Sweep
[2025-08-08T15:31:55.930+0000][681.577s][1][128][info ] GC(106) Concurrent Sweep 1.460ms
[2025-08-08T15:31:55.930+0000][681.578s][1][128][info ] GC(106) Concurrent Reset
[2025-08-08T15:31:55.930+0000][681.578s][1][128][info ] GC(106) Concurrent Reset 0.015ms
[2025-08-08T15:31:55.930+0000][681.578s][1][128][info ] GC(106) Old: 5183K->5183K(5184K)
[2025-08-08T15:31:56.929+0000][682.576s][1][129][info ] Application time: 1.0004303 seconds
[2025-08-08T15:31:56.929+0000][682.576s][1][129][info ] Entering safepoint region: Cleanup
[2025-08-08T15:31:56.929+0000][682.576s][1][129][info ] Leaving safepoint region
[2025-08-08T15:31:56.929+0000][682.576s][1][129][info ] Total time for which application threads were stopped: 0.0001420 seconds, Stopping threads took: 0.0000192 seconds
[2025-08-08T15:32:03.931+0000][689.578s][1][129][info ] Application time: 7.0016216 seconds
[2025-08-08T15:32:03.931+0000][689.578s][1][129][info ] Entering safepoint region: Cleanup
[2025-08-08T15:32:03.931+0000][689.578s][1][129][info ] Leaving safepoint region
[2025-08-08T15:32:03.931+0000][689.578s][1][129][info ] Total time for which application threads were stopped: 0.0001766 seconds, Stopping threads took: 0.0000397 seconds
[2025-08-08T15:32:05.931+0000][691.578s][1][129][info ] Application time: 1.9999435 seconds
[2025-08-08T15:32:05.931+0000][691.578s][1][129][info ] Entering safepoint region: CMS_Initial_Mark
[2025-08-08T15:32:05.931+0000][691.579s][1][129][trace] GC(107) eden 0x00000000f3800000-0x00000000fa5ca230-0x00000000fd410000(163643392)
[2025-08-08T15:32:05.931+0000][691.579s][1][129][trace] GC(107) _eden_chunk_index=272, _eden_chunk_capacity=11233
[2025-08-08T15:32:05.931+0000][691.579s][1][129][trace] GC(107) _eden_chunk_array[0]=0x00000000f7444bb8
[2025-08-08T15:32:05.931+0000][691.579s][1][129][trace] GC(107) _eden_chunk_array[1]=0x00000000f7469938
[2025-08-08T15:32:05.931+0000][691.579s][1][129][trace] GC(107) _eden_chunk_array[2]=0x00000000f74aff58
[2025-08-08T15:32:05.931+0000][691.579s][1][129][trace] GC(107) _eden_chunk_array[3]=0x00000000f74d0a88
[2025-08-08T15:32:05.931+0000][691.579s][1][129][trace] GC(107) _eden_chunk_array[4]=0x00000000f751b4a8
[2025-08-08T15:32:05.931+0000][691.579s][1][129][trace] GC(107) _eden_chunk_array[5]=0x00000000f7541788
[2025-08-08T15:32:05.931+0000][691.579s][1][129][trace] GC(107) _eden_chunk_array[6]=0x00000000f75631d8
[2025-08-08T15:32:05.931+0000][691.579s][1][129][trace] GC(107) _eden_chunk_array[7]=0x00000000f7598108
[2025-08-08T15:32:05.931+0000][691.579s][1][129][trace] GC(107) _eden_chunk_array[8]=0x00000000f75ba638
[2025-08-08T15:32:05.931+0000][691.579s][1][129][trace] GC(107) _eden_chunk_array[9]=0x00000000f75dd770
[2025-08-08T15:32:05.931+0000][691.579s][1][129][trace] GC(107) _eden_chunk_array[10]=0x00000000f75ffca8
[2025-08-08T15:32:05.931+0000][691.579s][1][129][trace] GC(107) _eden_chunk_array[11]=0x00000000f76221f0
[2025-08-08T15:32:05.931+0000][691.579s][1][129][trace] GC(107) _eden_chunk_array[12]=0x00000000f7645e60
[2025-08-08T15:32:05.931+0000][691.579s][1][129][trace] GC(107) _eden_chunk_array[13]=0x00000000f7667e88
[2025-08-08T15:32:05.931+0000][691.579s][1][129][trace] GC(107) _eden_chunk_array[14]=0x00000000f769af40
[2025-08-08T15:32:05.931+0000][691.579s][1][129][trace] GC(107) _eden_chunk_array[15]=0x00000000f76c4168
[2025-08-08T15:32:05.931+0000][691.579s][1][129][trace] GC(107) _eden_chunk_array[16]=0x00000000f76eff48
[2025-08-08T15:32:05.931+0000][691.579s][1][129][trace] GC(107) _eden_chunk_array[17]=0x00000000f7712388
[2025-08-08T15:32:05.931+0000][691.579s][1][129][trace] GC(107) _eden_chunk_array[18]=0x00000000f7757bd0
[2025-08-08T15:32:05.931+0000][691.579s][1][129][trace] GC(107) _eden_chunk_array[19]=0x00000000f7777be8
[2025-08-08T15:32:05.931+0000][691.579s][1][129][trace] GC(107) _eden_chunk_array[20]=0x00000000f779b980
[2025-08-08T15:32:05.931+0000][691.579s][1][129][trace] GC(107) _eden_chunk_array[21]=0x00000000f77bf710
[2025-08-08T15:32:05.931+0000][691.579s][1][129][trace] GC(107) _eden_chunk_array[22]=0x00000000f7801aa8
[2025-08-08T15:32:05.931+0000][691.579s][1][129][trace] GC(107) _eden_chunk_array[23]=0x00000000f784c4c8
[2025-08-08T15:32:05.931+0000][691.579s][1][129][trace] GC(107) _eden_chunk_array[24]=0x00000000f786e918
[2025-08-08T15:32:05.931+0000][691.579s][1][129][trace] GC(107) _eden_chunk_array[25]=0x00000000f7890d60
[2025-08-08T15:32:05.931+0000][691.579s][1][129][trace] GC(107) _eden_chunk_array[26]=0x00000000f78b31b8
[2025-08-08T15:32:05.931+0000][691.579s][1][129][trace] GC(107) _eden_chunk_array[27]=0x00000000f78d5610
[2025-08-08T15:32:05.931+0000][691.579s][1][129][trace] GC(107) _eden_chunk_array[28]=0x00000000f78f7a70
[2025-08-08T15:32:05.931+0000][691.579s][1][129][trace] GC(107) _eden_chunk_array[29]=0x00000000f791bd80
[2025-08-08T15:32:05.931+0000][691.579s][1][129][trace] GC(107) _eden_chunk_array[30]=0x00000000f7950e60
[2025-08-08T15:32:05.931+0000][691.579s][1][129][trace] GC(107) _eden_chunk_array[31]=0x00000000f79754c0
[2025-08-08T15:32:05.931+0000][691.579s][1][129][trace] GC(107) _eden_chunk_array[32]=0x00000000f79a6708
[2025-08-08T15:32:05.931+0000][691.579s][1][129][trace] GC(107) _eden_chunk_array[33]=0x00000000f79c8b60
[2025-08-08T15:32:05.931+0000][691.579s][1][129][trace] GC(107) _eden_chunk_array[34]=0x00000000f7a135c0
[2025-08-08T15:32:05.931+0000][691.579s][1][129][trace] GC(107) _eden_chunk_array[35]=0x00000000f7a47230
[2025-08-08T15:32:05.931+0000][691.579s][1][129][trace] GC(107) _eden_chunk_array[36]=0x00000000f7a6a370
[2025-08-08T15:32:05.931+0000][691.579s][1][129][trace] GC(107) _eden_chunk_array[37]=0x00000000f7a8d4b0
[2025-08-08T15:32:05.931+0000][691.579s][1][129][trace] GC(107) _eden_chunk_array[38]=0x00000000f7ad2d10
[2025-08-08T15:32:05.931+0000][691.579s][1][129][trace] GC(107) _eden_chunk_array[39]=0x00000000f7af5e48
[2025-08-08T15:32:05.931+0000][691.579s][1][129][trace] GC(107) _eden_chunk_array[40]=0x00000000f7b18f98
[2025-08-08T15:32:05.931+0000][691.579s][1][129][trace] GC(107) _eden_chunk_array[41]=0x00000000f7b5e7e0
[2025-08-08T15:32:05.931+0000][691.579s][1][129][trace] GC(107) _eden_chunk_array[42]=0x00000000f7b81928
[2025-08-08T15:32:05.931+0000][691.579s][1][129][trace] GC(107) _eden_chunk_array[43]=0x00000000f7ba4a70
[2025-08-08T15:32:05.931+0000][691.579s][1][129][trace] GC(107) _eden_chunk_array[44]=0x00000000f7bc5f98
[2025-08-08T15:32:05.931+0000][691.579s][1][129][trace] GC(107) _eden_chunk_array[45]=0x00000000f7c017b8
[2025-08-08T15:32:05.931+0000][691.579s][1][129][trace] GC(107) _eden_chunk_array[46]=0x00000000f7c29598
[2025-08-08T15:32:05.931+0000][691.579s][1][129][trace] GC(107) _eden_chunk_array[47]=0x00000000f7c5caa8
[2025-08-08T15:32:05.931+0000][691.579s][1][129][trace] GC(107) _eden_chunk_array[48]=0x00000000f7c80840
[2025-08-08T15:32:05.932+0000][691.579s][1][129][trace] GC(107) _eden_chunk_array[49]=0x00000000f7caabb8
[2025-08-08T15:32:05.932+0000][691.579s][1][129][trace] GC(107) _eden_chunk_array[50]=0x00000000f7cce950
[2025-08-08T15:32:05.932+0000][691.579s][1][129][trace] GC(107) _eden_chunk_array[51]=0x00000000f7cf8cb0
[2025-08-08T15:32:05.932+0000][691.579s][1][129][trace] GC(107) _eden_chunk_array[52]=0x00000000f7d23028
[2025-08-08T15:32:05.932+0000][691.579s][1][129][trace] GC(107) _eden_chunk_array[53]=0x00000000f7d4d398
[2025-08-08T15:32:05.932+0000][691.579s][1][129][trace] GC(107) _eden_chunk_array[54]=0x00000000f7dacf70
[2025-08-08T15:32:05.932+0000][691.579s][1][129][trace] GC(107) _eden_chunk_array[55]=0x00000000f7dcd2a0
[2025-08-08T15:32:05.932+0000][691.579s][1][129][trace] GC(107) _eden_chunk_array[56]=0x00000000f7deee48
[2025-08-08T15:32:05.932+0000][691.579s][1][129][trace] GC(107) _eden_chunk_array[57]=0x00000000f7e0f710
[2025-08-08T15:32:05.932+0000][691.579s][1][129][trace] GC(107) _eden_chunk_array[58]=0x00000000f7e64520
[2025-08-08T15:32:05.932+0000][691.579s][1][129][trace] GC(107) _eden_chunk_array[59]=0x00000000f7e8bcb8
[2025-08-08T15:32:05.932+0000][691.579s][1][129][trace] GC(107) _eden_chunk_array[60]=0x00000000f7eafa40
[2025-08-08T15:32:05.932+0000][691.579s][1][129][trace] GC(107) _eden_chunk_array[61]=0x00000000f7ed37c8
[2025-08-08T15:32:05.932+0000][691.579s][1][129][trace] GC(107) _eden_chunk_array[62]=0x00000000f7f19028
[2025-08-08T15:32:05.932+0000][691.579s][1][129][trace] GC(107) _eden_chunk_array[63]=0x00000000f7f42ad8
[2025-08-08T15:32:05.932+0000][691.579s][1][129][trace] GC(107) _eden_chunk_array[64]=0x00000000f7f6e720
[2025-08-08T15:32:05.932+0000][691.579s][1][129][trace] GC(107) _eden_chunk_array[65]=0x00000000f7f99710
[2025-08-08T15:32:05.932+0000][691.579s][1][129][trace] GC(107) _eden_chunk_array[66]=0x00000000f7fc5350
[2025-08-08T15:32:05.932+0000][691.579s][1][129][trace] GC(107) _eden_chunk_array[67]=0x00000000f8025b98
[2025-08-08T15:32:05.932+0000][691.579s][1][129][trace] GC(107) _eden_chunk_array[68]=0x00000000f8051800
[2025-08-08T15:32:05.932+0000][691.579s][1][129][trace] GC(107) _eden_chunk_array[69]=0x00000000f807d440
[2025-08-08T15:32:05.932+0000][691.579s][1][129][trace] GC(107) _eden_chunk_array[70]=0x00000000f80a3b28
[2025-08-08T15:32:05.932+0000][691.579s][1][129][trace] GC(107) _eden_chunk_array[71]=0x00000000f80c3d58
[2025-08-08T15:32:05.932+0000][691.579s][1][129][trace] GC(107) _eden_chunk_array[72]=0x00000000f80e4c40
[2025-08-08T15:32:05.932+0000][691.579s][1][129][trace] GC(107) _eden_chunk_array[73]=0x00000000f8118878
[2025-08-08T15:32:05.932+0000][691.579s][1][129][trace] GC(107) _eden_chunk_array[74]=0x00000000f8144f58
[2025-08-08T15:32:05.932+0000][691.579s][1][129][trace] GC(107) _eden_chunk_array[75]=0x00000000f8179648
[2025-08-08T15:32:05.932+0000][691.579s][1][129][trace] GC(107) _eden_chunk_array[76]=0x00000000f81b2f50
[2025-08-08T15:32:05.932+0000][691.579s][1][129][trace] GC(107) _eden_chunk_array[77]=0x00000000f8214e60
[2025-08-08T15:32:05.932+0000][691.579s][1][129][trace] GC(107) _eden_chunk_array[78]=0x00000000f82437e8
[2025-08-08T15:32:05.932+0000][691.579s][1][129][trace] GC(107) _eden_chunk_array[79]=0x00000000f827ec80
[2025-08-08T15:32:05.932+0000][691.579s][1][129][trace] GC(107) _eden_chunk_array[80]=0x00000000f82db998
[2025-08-08T15:32:05.932+0000][691.579s][1][129][trace] GC(107) _eden_chunk_array[81]=0x00000000f82ff478
[2025-08-08T15:32:05.932+0000][691.579s][1][129][trace] GC(107) _eden_chunk_array[82]=0x00000000f8325d68
[2025-08-08T15:32:05.932+0000][691.579s][1][129][trace] GC(107) _eden_chunk_array[83]=0x00000000f8346e68
[2025-08-08T15:32:05.932+0000][691.579s][1][129][trace] GC(107) _eden_chunk_array[84]=0x00000000f836c3f8
[2025-08-08T15:32:05.932+0000][691.579s][1][129][trace] GC(107) _eden_chunk_array[85]=0x00000000f838e968
[2025-08-08T15:32:05.932+0000][691.579s][1][129][trace] GC(107) _eden_chunk_array[86]=0x00000000f83b0db0
[2025-08-08T15:32:05.932+0000][691.579s][1][129][trace] GC(107) _eden_chunk_array[87]=0x00000000f83e4830
[2025-08-08T15:32:05.932+0000][691.579s][1][129][trace] GC(107) _eden_chunk_array[88]=0x00000000f841bc28
[2025-08-08T15:32:05.932+0000][691.579s][1][129][trace] GC(107) _eden_chunk_array[89]=0x00000000f8448db0
[2025-08-08T15:32:05.932+0000][691.579s][1][129][trace] GC(107) _eden_chunk_array[90]=0x00000000f846f610
[2025-08-08T15:32:05.932+0000][691.579s][1][129][trace] GC(107) _eden_chunk_array[91]=0x00000000f84933a8
[2025-08-08T15:32:05.932+0000][691.579s][1][129][trace] GC(107) _eden_chunk_array[92]=0x00000000f84ec018
[2025-08-08T15:32:05.932+0000][691.579s][1][129][trace] GC(107) _eden_chunk_array[93]=0x00000000f8512850
[2025-08-08T15:32:05.932+0000][691.579s][1][129][trace] GC(107) _eden_chunk_array[94]=0x00000000f8539090
[2025-08-08T15:32:05.932+0000][691.579s][1][129][trace] GC(107) _eden_chunk_array[95]=0x00000000f855f8d0
[2025-08-08T15:32:05.932+0000][691.579s][1][129][trace] GC(107) _eden_chunk_array[96]=0x00000000f8586100
[2025-08-08T15:32:05.932+0000][691.579s][1][129][trace] GC(107) _eden_chunk_array[97]=0x00000000f85a9238
[2025-08-08T15:32:05.932+0000][691.579s][1][129][trace] GC(107) _eden_chunk_array[98]=0x00000000f85f3ec8
[2025-08-08T15:32:05.932+0000][691.579s][1][129][trace] GC(107) _eden_chunk_array[99]=0x00000000f8616f50
[2025-08-08T15:32:05.932+0000][691.579s][1][129][trace] GC(107) _eden_chunk_array[100]=0x00000000f86377d8
[2025-08-08T15:32:05.932+0000][691.579s][1][129][trace] GC(107) _eden_chunk_array[101]=0x00000000f866d798
[2025-08-08T15:32:05.932+0000][691.579s][1][129][trace] GC(107) _eden_chunk_array[102]=0x00000000f86996f8
[2025-08-08T15:32:05.932+0000][691.579s][1][129][trace] GC(107) _eden_chunk_array[103]=0x00000000f86ca900
[2025-08-08T15:32:05.932+0000][691.579s][1][129][trace] GC(107) _eden_chunk_array[104]=0x00000000f8710158
[2025-08-08T15:32:05.932+0000][691.579s][1][129][trace] GC(107) _eden_chunk_array[105]=0x00000000f873eae8
[2025-08-08T15:32:05.932+0000][691.579s][1][129][trace] GC(107) _eden_chunk_array[106]=0x00000000f875f150
[2025-08-08T15:32:05.932+0000][691.579s][1][129][trace] GC(107) _eden_chunk_array[107]=0x00000000f87a9b70
[2025-08-08T15:32:05.932+0000][691.579s][1][129][trace] GC(107) _eden_chunk_array[108]=0x00000000f87f4578
[2025-08-08T15:32:05.932+0000][691.579s][1][129][trace] GC(107) _eden_chunk_array[109]=0x00000000f8822f08
[2025-08-08T15:32:05.932+0000][691.579s][1][129][trace] GC(107) _eden_chunk_array[110]=0x00000000f88535c0
[2025-08-08T15:32:05.932+0000][691.579s][1][129][trace] GC(107) _eden_chunk_array[111]=0x00000000f888ca40
[2025-08-08T15:32:05.932+0000][691.579s][1][129][trace] GC(107) _eden_chunk_array[112]=0x00000000f88b86a0
[2025-08-08T15:32:05.932+0000][691.579s][1][129][trace] GC(107) _eden_chunk_array[113]=0x00000000f88e2f90
[2025-08-08T15:32:05.932+0000][691.579s][1][129][trace] GC(107) _eden_chunk_array[114]=0x00000000f8904400
[2025-08-08T15:32:05.932+0000][691.579s][1][129][trace] GC(107) _eden_chunk_array[115]=0x00000000f8939410
[2025-08-08T15:32:05.932+0000][691.579s][1][129][trace] GC(107) _eden_chunk_array[116]=0x00000000f895d1b8
[2025-08-08T15:32:05.932+0000][691.579s][1][129][trace] GC(107) _eden_chunk_array[117]=0x00000000f89b5e30
[2025-08-08T15:32:05.932+0000][691.579s][1][129][trace] GC(107) _eden_chunk_array[118]=0x00000000f89e0190
[2025-08-08T15:32:05.932+0000][691.579s][1][129][trace] GC(107) _eden_chunk_array[119]=0x00000000f8a0a500
[2025-08-08T15:32:05.932+0000][691.579s][1][129][trace] GC(107) _eden_chunk_array[120]=0x00000000f8a34878
[2025-08-08T15:32:05.932+0000][691.579s][1][129][trace] GC(107) _eden_chunk_array[121]=0x00000000f8a5ebe8
[2025-08-08T15:32:05.932+0000][691.579s][1][129][trace] GC(107) _eden_chunk_array[122]=0x00000000f8a9af00
[2025-08-08T15:32:05.932+0000][691.579s][1][129][trace] GC(107) _eden_chunk_array[123]=0x00000000f8ac5280
[2025-08-08T15:32:05.932+0000][691.579s][1][129][trace] GC(107) _eden_chunk_array[124]=0x00000000f8ae83b8
[2025-08-08T15:32:05.932+0000][691.579s][1][129][trace] GC(107) _eden_chunk_array[125]=0x00000000f8b083e0
[2025-08-08T15:32:05.932+0000][691.579s][1][129][trace] GC(107) _eden_chunk_array[126]=0x00000000f8b283f8
[2025-08-08T15:32:05.932+0000][691.579s][1][129][trace] GC(107) _eden_chunk_array[127]=0x00000000f8b48410
[2025-08-08T15:32:05.932+0000][691.579s][1][129][trace] GC(107) _eden_chunk_array[128]=0x00000000f8b68710
[2025-08-08T15:32:05.932+0000][691.579s][1][129][trace] GC(107) _eden_chunk_array[129]=0x00000000f8b89640
[2025-08-08T15:32:05.932+0000][691.579s][1][129][trace] GC(107) _eden_chunk_array[130]=0x00000000f8bad128
[2025-08-08T15:32:05.932+0000][691.579s][1][129][trace] GC(107) _eden_chunk_array[131]=0x00000000f8bd0260
[2025-08-08T15:32:05.932+0000][691.579s][1][129][trace] GC(107) _eden_chunk_array[132]=0x00000000f8bf33a0
[2025-08-08T15:32:05.932+0000][691.579s][1][129][trace] GC(107) _eden_chunk_array[133]=0x00000000f8c2eb30
[2025-08-08T15:32:05.932+0000][691.579s][1][129][trace] GC(107) _eden_chunk_array[134]=0x00000000f8c64158
[2025-08-08T15:32:05.932+0000][691.579s][1][129][trace] GC(107) _eden_chunk_array[135]=0x00000000f8c93080
[2025-08-08T15:32:05.932+0000][691.579s][1][129][trace] GC(107) _eden_chunk_array[136]=0x00000000f8cb4de8
[2025-08-08T15:32:05.932+0000][691.579s][1][129][trace] GC(107) _eden_chunk_array[137]=0x00000000f8d14a10
[2025-08-08T15:32:05.932+0000][691.579s][1][129][trace] GC(107) _eden_chunk_array[138]=0x00000000f8d5a268
[2025-08-08T15:32:05.932+0000][691.579s][1][129][trace] GC(107) _eden_chunk_array[139]=0x00000000f8d8dd38
[2025-08-08T15:32:05.932+0000][691.579s][1][129][trace] GC(107) _eden_chunk_array[140]=0x00000000f8dc17e8
[2025-08-08T15:32:05.932+0000][691.579s][1][129][trace] GC(107) _eden_chunk_array[141]=0x00000000f8dec658
[2025-08-08T15:32:05.932+0000][691.579s][1][129][trace] GC(107) _eden_chunk_array[142]=0x00000000f8e0eaa0
[2025-08-08T15:32:05.932+0000][691.579s][1][129][trace] GC(107) _eden_chunk_array[143]=0x00000000f8e30dc8
[2025-08-08T15:32:05.932+0000][691.579s][1][129][trace] GC(107) _eden_chunk_array[144]=0x00000000f8e5e848
[2025-08-08T15:32:05.932+0000][691.579s][1][129][trace] GC(107) _eden_chunk_array[145]=0x00000000f8e7eda8
[2025-08-08T15:32:05.932+0000][691.579s][1][129][trace] GC(107) _eden_chunk_array[146]=0x00000000f8ed3c18
[2025-08-08T15:32:05.932+0000][691.579s][1][129][trace] GC(107) _eden_chunk_array[147]=0x00000000f8f0f2e8
[2025-08-08T15:32:05.932+0000][691.579s][1][129][trace] GC(107) _eden_chunk_array[148]=0x00000000f8f3af38
[2025-08-08T15:32:05.932+0000][691.579s][1][129][trace] GC(107) _eden_chunk_array[149]=0x00000000f8f7d3c0
[2025-08-08T15:32:05.932+0000][691.579s][1][129][trace] GC(107) _eden_chunk_array[150]=0x00000000f8fa9000
[2025-08-08T15:32:05.932+0000][691.579s][1][129][trace] GC(107) _eden_chunk_array[151]=0x00000000f8fcb538
[2025-08-08T15:32:05.932+0000][691.579s][1][129][trace] GC(107) _eden_chunk_array[152]=0x00000000f8ff7178
[2025-08-08T15:32:05.932+0000][691.579s][1][129][trace] GC(107) _eden_chunk_array[153]=0x00000000f9022e08
[2025-08-08T15:32:05.932+0000][691.579s][1][129][trace] GC(107) _eden_chunk_array[154]=0x00000000f907e470
[2025-08-08T15:32:05.932+0000][691.579s][1][129][trace] GC(107) _eden_chunk_array[155]=0x00000000f909ee40
[2025-08-08T15:32:05.932+0000][691.579s][1][129][trace] GC(107) _eden_chunk_array[156]=0x00000000f90bf1c8
[2025-08-08T15:32:05.932+0000][691.579s][1][129][trace] GC(107) _eden_chunk_array[157]=0x00000000f90e7d00
[2025-08-08T15:32:05.932+0000][691.579s][1][129][trace] GC(107) _eden_chunk_array[158]=0x00000000f9119878
[2025-08-08T15:32:05.932+0000][691.579s][1][129][trace] GC(107) _eden_chunk_array[159]=0x00000000f9151450
[2025-08-08T15:32:05.932+0000][691.579s][1][129][trace] GC(107) _eden_chunk_array[160]=0x00000000f91b09f0
[2025-08-08T15:32:05.932+0000][691.579s][1][129][trace] GC(107) _eden_chunk_array[161]=0x00000000f91dad88
[2025-08-08T15:32:05.932+0000][691.579s][1][129][trace] GC(107) _eden_chunk_array[162]=0x00000000f92050f0
[2025-08-08T15:32:05.932+0000][691.579s][1][129][trace] GC(107) _eden_chunk_array[163]=0x00000000f922f458
[2025-08-08T15:32:05.932+0000][691.579s][1][129][trace] GC(107) _eden_chunk_array[164]=0x00000000f92597e0
[2025-08-08T15:32:05.932+0000][691.579s][1][129][trace] GC(107) _eden_chunk_array[165]=0x00000000f92a41f8
[2025-08-08T15:32:05.932+0000][691.579s][1][129][trace] GC(107) _eden_chunk_array[166]=0x00000000f9303df0
[2025-08-08T15:32:05.932+0000][691.579s][1][129][trace] GC(107) _eden_chunk_array[167]=0x00000000f932e158
[2025-08-08T15:32:05.932+0000][691.579s][1][129][trace] GC(107) _eden_chunk_array[168]=0x00000000f9351500
[2025-08-08T15:32:05.932+0000][691.579s][1][129][trace] GC(107) _eden_chunk_array[169]=0x00000000f9376880
[2025-08-08T15:32:05.932+0000][691.579s][1][129][trace] GC(107) _eden_chunk_array[170]=0x00000000f93999a8
[2025-08-08T15:32:05.932+0000][691.579s][1][129][trace] GC(107) _eden_chunk_array[171]=0x00000000f93df210
[2025-08-08T15:32:05.932+0000][691.579s][1][129][trace] GC(107) _eden_chunk_array[172]=0x00000000f9402368
[2025-08-08T15:32:05.932+0000][691.579s][1][129][trace] GC(107) _eden_chunk_array[173]=0x00000000f942e9e0
[2025-08-08T15:32:05.932+0000][691.579s][1][129][trace] GC(107) _eden_chunk_array[174]=0x00000000f9462d90
[2025-08-08T15:32:05.932+0000][691.579s][1][129][trace] GC(107) _eden_chunk_array[175]=0x00000000f9483e80
[2025-08-08T15:32:05.932+0000][691.579s][1][129][trace] GC(107) _eden_chunk_array[176]=0x00000000f94bf730
[2025-08-08T15:32:05.932+0000][691.579s][1][129][trace] GC(107) _eden_chunk_array[177]=0x00000000f9524ee0
[2025-08-08T15:32:05.932+0000][691.579s][1][129][trace] GC(107) _eden_chunk_array[178]=0x00000000f9564d68
[2025-08-08T15:32:05.932+0000][691.579s][1][129][trace] GC(107) _eden_chunk_array[179]=0x00000000f95a4c18
[2025-08-08T15:32:05.932+0000][691.579s][1][129][trace] GC(107) _eden_chunk_array[180]=0x00000000f95c6860
[2025-08-08T15:32:05.932+0000][691.579s][1][129][trace] GC(107) _eden_chunk_array[181]=0x00000000f95efa90
[2025-08-08T15:32:05.932+0000][691.579s][1][129][trace] GC(107) _eden_chunk_array[182]=0x00000000f9610388
[2025-08-08T15:32:05.932+0000][691.579s][1][129][trace] GC(107) _eden_chunk_array[183]=0x00000000f96641f8
[2025-08-08T15:32:05.932+0000][691.579s][1][129][trace] GC(107) _eden_chunk_array[184]=0x00000000f968c468
[2025-08-08T15:32:05.932+0000][691.579s][1][129][trace] GC(107) _eden_chunk_array[185]=0x00000000f96b04c0
[2025-08-08T15:32:05.932+0000][691.579s][1][129][trace] GC(107) _eden_chunk_array[186]=0x00000000f96da9b8
[2025-08-08T15:32:05.932+0000][691.579s][1][129][trace] GC(107) _eden_chunk_array[187]=0x00000000f96fce08
[2025-08-08T15:32:05.932+0000][691.579s][1][129][trace] GC(107) _eden_chunk_array[188]=0x00000000f971f250
[2025-08-08T15:32:05.932+0000][691.579s][1][129][trace] GC(107) _eden_chunk_array[189]=0x00000000f9740d20
[2025-08-08T15:32:05.932+0000][691.579s][1][129][trace] GC(107) _eden_chunk_array[190]=0x00000000f9764ab0
[2025-08-08T15:32:05.932+0000][691.579s][1][129][trace] GC(107) _eden_chunk_array[191]=0x00000000f97aa308
[2025-08-08T15:32:05.932+0000][691.579s][1][129][trace] GC(107) _eden_chunk_array[192]=0x00000000f97ce108
[2025-08-08T15:32:05.932+0000][691.579s][1][129][trace] GC(107) _eden_chunk_array[193]=0x00000000f980df80
[2025-08-08T15:32:05.932+0000][691.579s][1][129][trace] GC(107) _eden_chunk_array[194]=0x00000000f984de00
[2025-08-08T15:32:05.932+0000][691.579s][1][129][trace] GC(107) _eden_chunk_array[195]=0x00000000f986fa88
[2025-08-08T15:32:05.932+0000][691.579s][1][129][trace] GC(107) _eden_chunk_array[196]=0x00000000f9899cd0
[2025-08-08T15:32:05.932+0000][691.579s][1][129][trace] GC(107) _eden_chunk_array[197]=0x00000000f98bd6d8
[2025-08-08T15:32:05.932+0000][691.579s][1][129][trace] GC(107) _eden_chunk_array[198]=0x00000000f98eca98
[2025-08-08T15:32:05.932+0000][691.579s][1][129][trace] GC(107) _eden_chunk_array[199]=0x00000000f9918838
[2025-08-08T15:32:05.932+0000][691.579s][1][129][trace] GC(107) _eden_chunk_array[200]=0x00000000f99405e0
[2025-08-08T15:32:05.932+0000][691.579s][1][129][trace] GC(107) _eden_chunk_array[201]=0x00000000f9964370
[2025-08-08T15:32:05.932+0000][691.579s][1][129][trace] GC(107) _eden_chunk_array[202]=0x00000000f99a9bc8
[2025-08-08T15:32:05.932+0000][691.579s][1][129][trace] GC(107) _eden_chunk_array[203]=0x00000000f99f45e8
[2025-08-08T15:32:05.932+0000][691.579s][1][129][trace] GC(107) _eden_chunk_array[204]=0x00000000f9a40c50
[2025-08-08T15:32:05.932+0000][691.579s][1][129][trace] GC(107) _eden_chunk_array[205]=0x00000000f9a63198
[2025-08-08T15:32:05.932+0000][691.579s][1][129][trace] GC(107) _eden_chunk_array[206]=0x00000000f9a856d8
[2025-08-08T15:32:05.932+0000][691.579s][1][129][trace] GC(107) _eden_chunk_array[207]=0x00000000f9aa7c10
[2025-08-08T15:32:05.932+0000][691.579s][1][129][trace] GC(107) _eden_chunk_array[208]=0x00000000f9aca148
[2025-08-08T15:32:05.932+0000][691.579s][1][129][trace] GC(107) _eden_chunk_array[209]=0x00000000f9aec678
[2025-08-08T15:32:05.932+0000][691.579s][1][129][trace] GC(107) _eden_chunk_array[210]=0x00000000f9b0ebb8
[2025-08-08T15:32:05.932+0000][691.579s][1][129][trace] GC(107) _eden_chunk_array[211]=0x00000000f9b310f0
[2025-08-08T15:32:05.932+0000][691.579s][1][129][trace] GC(107) _eden_chunk_array[212]=0x00000000f9b51ad0
[2025-08-08T15:32:05.932+0000][691.579s][1][129][trace] GC(107) _eden_chunk_array[213]=0x00000000f9b72290
[2025-08-08T15:32:05.932+0000][691.579s][1][129][trace] GC(107) _eden_chunk_array[214]=0x00000000f9b92540
[2025-08-08T15:32:05.932+0000][691.579s][1][129][trace] GC(107) _eden_chunk_array[215]=0x00000000f9bbca38
[2025-08-08T15:32:05.932+0000][691.579s][1][129][trace] GC(107) _eden_chunk_array[216]=0x00000000f9be0818
[2025-08-08T15:32:05.932+0000][691.579s][1][129][trace] GC(107) _eden_chunk_array[217]=0x00000000f9c1e2f8
[2025-08-08T15:32:05.932+0000][691.579s][1][129][trace] GC(107) _eden_chunk_array[218]=0x00000000f9c6ccf8
[2025-08-08T15:32:05.932+0000][691.579s][1][129][trace] GC(107) _eden_chunk_array[219]=0x00000000f9c99358
[2025-08-08T15:32:05.932+0000][691.579s][1][129][trace] GC(107) _eden_chunk_array[220]=0x00000000f9cc7cf0
[2025-08-08T15:32:05.932+0000][691.579s][1][129][trace] GC(107) _eden_chunk_array[221]=0x00000000f9cf6650
[2025-08-08T15:32:05.932+0000][691.579s][1][129][trace] GC(107) _eden_chunk_array[222]=0x00000000f9d24fc0
[2025-08-08T15:32:05.932+0000][691.579s][1][129][trace] GC(107) _eden_chunk_array[223]=0x00000000f9d53938
[2025-08-08T15:32:05.932+0000][691.579s][1][129][trace] GC(107) _eden_chunk_array[224]=0x00000000f9d8eb88
[2025-08-08T15:32:05.932+0000][691.579s][1][129][trace] GC(107) _eden_chunk_array[225]=0x00000000f9daebb8
[2025-08-08T15:32:05.932+0000][691.579s][1][129][trace] GC(107) _eden_chunk_array[226]=0x00000000f9dcebd0
[2025-08-08T15:32:05.932+0000][691.579s][1][129][trace] GC(107) _eden_chunk_array[227]=0x00000000f9def608
[2025-08-08T15:32:05.932+0000][691.579s][1][129][trace] GC(107) _eden_chunk_array[228]=0x00000000f9e0fe60
[2025-08-08T15:32:05.932+0000][691.579s][1][129][trace] GC(107) _eden_chunk_array[229]=0x00000000f9e33e78
[2025-08-08T15:32:05.932+0000][691.579s][1][129][trace] GC(107) _eden_chunk_array[230]=0x00000000f9e67908
[2025-08-08T15:32:05.932+0000][691.579s][1][129][trace] GC(107) _eden_chunk_array[231]=0x00000000f9eaa1c8
[2025-08-08T15:32:05.932+0000][691.579s][1][129][trace] GC(107) _eden_chunk_array[232]=0x00000000f9ecd300
[2025-08-08T15:32:05.932+0000][691.579s][1][129][trace] GC(107) _eden_chunk_array[233]=0x00000000f9ef0438
[2025-08-08T15:32:05.932+0000][691.579s][1][129][trace] GC(107) _eden_chunk_array[234]=0x00000000f9f13570
[2025-08-08T15:32:05.932+0000][691.580s][1][129][trace] GC(107) _eden_chunk_array[235]=0x00000000f9f366b8
[2025-08-08T15:32:05.932+0000][691.580s][1][129][trace] GC(107) _eden_chunk_array[236]=0x00000000f9f59808
[2025-08-08T15:32:05.932+0000][691.580s][1][129][trace] GC(107) _eden_chunk_array[237]=0x00000000f9f7c940
[2025-08-08T15:32:05.932+0000][691.580s][1][129][trace] GC(107) _eden_chunk_array[238]=0x00000000f9f9c968
[2025-08-08T15:32:05.932+0000][691.580s][1][129][trace] GC(107) _eden_chunk_array[239]=0x00000000f9fcf668
[2025-08-08T15:32:05.932+0000][691.580s][1][129][trace] GC(107) _eden_chunk_array[240]=0x00000000f9fef698
[2025-08-08T15:32:05.932+0000][691.580s][1][129][trace] GC(107) _eden_chunk_array[241]=0x00000000fa00f6c8
[2025-08-08T15:32:05.932+0000][691.580s][1][129][trace] GC(107) _eden_chunk_array[242]=0x00000000fa05a100
[2025-08-08T15:32:05.932+0000][691.580s][1][129][trace] GC(107) _eden_chunk_array[243]=0x00000000fa08a198
[2025-08-08T15:32:05.932+0000][691.580s][1][129][trace] GC(107) _eden_chunk_array[244]=0x00000000fa0ae310
[2025-08-08T15:32:05.932+0000][691.580s][1][129][trace] GC(107) _eden_chunk_array[245]=0x00000000fa0de170
[2025-08-08T15:32:05.932+0000][691.580s][1][129][trace] GC(107) _eden_chunk_array[246]=0x00000000fa120780
[2025-08-08T15:32:05.932+0000][691.580s][1][129][trace] GC(107) _eden_chunk_array[247]=0x00000000fa152b00
[2025-08-08T15:32:05.932+0000][691.580s][1][129][trace] GC(107) _eden_chunk_array[248]=0x00000000fa173c60
[2025-08-08T15:32:05.932+0000][691.580s][1][129][trace] GC(107) _eden_chunk_array[249]=0x00000000fa194de8
[2025-08-08T15:32:05.932+0000][691.580s][1][129][trace] GC(107) _eden_chunk_array[250]=0x00000000fa1b5f48
[2025-08-08T15:32:05.932+0000][691.580s][1][129][trace] GC(107) _eden_chunk_array[251]=0x00000000fa1d70a0
[2025-08-08T15:32:05.932+0000][691.580s][1][129][trace] GC(107) _eden_chunk_array[252]=0x00000000fa1f8200
[2025-08-08T15:32:05.932+0000][691.580s][1][129][trace] GC(107) _eden_chunk_array[253]=0x00000000fa24fe88
[2025-08-08T15:32:05.932+0000][691.580s][1][129][trace] GC(107) _eden_chunk_array[254]=0x00000000fa270fe0
[2025-08-08T15:32:05.932+0000][691.580s][1][129][trace] GC(107) _eden_chunk_array[255]=0x00000000fa2bba00
[2025-08-08T15:32:05.932+0000][691.580s][1][129][trace] GC(107) _eden_chunk_array[256]=0x00000000fa2f1758
[2025-08-08T15:32:05.932+0000][691.580s][1][129][trace] GC(107) _eden_chunk_array[257]=0x00000000fa314b88
[2025-08-08T15:32:05.932+0000][691.580s][1][129][trace] GC(107) _eden_chunk_array[258]=0x00000000fa334ce8
[2025-08-08T15:32:05.932+0000][691.580s][1][129][trace] GC(107) _eden_chunk_array[259]=0x00000000fa37a550
[2025-08-08T15:32:05.932+0000][691.580s][1][129][trace] GC(107) _eden_chunk_array[260]=0x00000000fa3a8448
[2025-08-08T15:32:05.932+0000][691.580s][1][129][trace] GC(107) _eden_chunk_array[261]=0x00000000fa3ce1b8
[2025-08-08T15:32:05.932+0000][691.580s][1][129][trace] GC(107) _eden_chunk_array[262]=0x00000000fa3f06f8
[2025-08-08T15:32:05.932+0000][691.580s][1][129][trace] GC(107) _eden_chunk_array[263]=0x00000000fa4321b8
[2025-08-08T15:32:05.932+0000][691.580s][1][129][trace] GC(107) _eden_chunk_array[264]=0x00000000fa460b28
[2025-08-08T15:32:05.932+0000][691.580s][1][129][trace] GC(107) _eden_chunk_array[265]=0x00000000fa48f4b0
[2025-08-08T15:32:05.932+0000][691.580s][1][129][trace] GC(107) _eden_chunk_array[266]=0x00000000fa4bde50
[2025-08-08T15:32:05.932+0000][691.580s][1][129][trace] GC(107) _eden_chunk_array[267]=0x00000000fa4ee438
[2025-08-08T15:32:05.932+0000][691.580s][1][129][trace] GC(107) _eden_chunk_array[268]=0x00000000fa51cde8
[2025-08-08T15:32:05.932+0000][691.580s][1][129][trace] GC(107) _eden_chunk_array[269]=0x00000000fa5677f0
[2025-08-08T15:32:05.932+0000][691.580s][1][129][trace] GC(107) _eden_chunk_array[270]=0x00000000fa58b2e8
[2025-08-08T15:32:05.932+0000][691.580s][1][129][trace] GC(107) _eden_chunk_array[271]=0x00000000fa5ab370
[2025-08-08T15:32:05.932+0000][691.580s][1][129][trace] GC(107) survivor 0x00000000fd410000-0x00000000fd410000-0x00000000fe780000(20381696)
[2025-08-08T15:32:05.932+0000][691.580s][1][129][trace] GC(107) _survivor_chunk_index=0, _survivor_chunk_capacity=9952
[2025-08-08T15:32:05.955+0000][691.602s][1][129][info ] GC(107) Pause Initial Mark 114M->114M(180M) 23.516ms
[2025-08-08T15:32:05.955+0000][691.602s][1][129][info ] Leaving safepoint region
[2025-08-08T15:32:05.955+0000][691.602s][1][129][info ] Total time for which application threads were stopped: 0.0237466 seconds, Stopping threads took: 0.0000300 seconds
[2025-08-08T15:32:05.955+0000][691.602s][1][128][info ] GC(107) Concurrent Mark
[2025-08-08T15:32:05.958+0000][691.605s][1][128][info ] GC(107) Concurrent Mark 2.670ms
[2025-08-08T15:32:05.958+0000][691.605s][1][128][info ] GC(107) Concurrent Preclean
[2025-08-08T15:32:05.958+0000][691.605s][1][128][info ] GC(107) Concurrent Preclean 0.172ms
[2025-08-08T15:32:05.958+0000][691.605s][1][128][info ] GC(107) Concurrent Abortable Preclean
[2025-08-08T15:32:05.958+0000][691.605s][1][128][trace] CMS: promo attempt is not safe: available(24) < av_promo(2794949), max_promo(115122736)
[2025-08-08T15:32:05.958+0000][691.605s][1][128][info ] GC(107) Concurrent Abortable Preclean 0.013ms
[2025-08-08T15:32:05.958+0000][691.605s][1][129][info ] Application time: 0.0031939 seconds
[2025-08-08T15:32:05.958+0000][691.605s][1][129][info ] Entering safepoint region: CMS_Final_Remark
[2025-08-08T15:32:05.958+0000][691.605s][1][129][trace] GC(107) eden 0x00000000f3800000-0x00000000fa5ca230-0x00000000fd410000(163643392)
[2025-08-08T15:32:05.958+0000][691.605s][1][129][trace] GC(107) _eden_chunk_index=272, _eden_chunk_capacity=11233
[2025-08-08T15:32:05.958+0000][691.605s][1][129][trace] GC(107) _eden_chunk_array[0]=0x00000000f7444bb8
[2025-08-08T15:32:05.958+0000][691.605s][1][129][trace] GC(107) _eden_chunk_array[1]=0x00000000f7469938
[2025-08-08T15:32:05.958+0000][691.605s][1][129][trace] GC(107) _eden_chunk_array[2]=0x00000000f74aff58
[2025-08-08T15:32:05.958+0000][691.606s][1][129][trace] GC(107) _eden_chunk_array[3]=0x00000000f74d0a88
[2025-08-08T15:32:05.958+0000][691.606s][1][129][trace] GC(107) _eden_chunk_array[4]=0x00000000f751b4a8
[2025-08-08T15:32:05.958+0000][691.606s][1][129][trace] GC(107) _eden_chunk_array[5]=0x00000000f7541788
[2025-08-08T15:32:05.958+0000][691.606s][1][129][trace] GC(107) _eden_chunk_array[6]=0x00000000f75631d8
[2025-08-08T15:32:05.958+0000][691.606s][1][129][trace] GC(107) _eden_chunk_array[7]=0x00000000f7598108
[2025-08-08T15:32:05.958+0000][691.606s][1][129][trace] GC(107) _eden_chunk_array[8]=0x00000000f75ba638
[2025-08-08T15:32:05.958+0000][691.606s][1][129][trace] GC(107) _eden_chunk_array[9]=0x00000000f75dd770
[2025-08-08T15:32:05.958+0000][691.606s][1][129][trace] GC(107) _eden_chunk_array[10]=0x00000000f75ffca8
[2025-08-08T15:32:05.958+0000][691.606s][1][129][trace] GC(107) _eden_chunk_array[11]=0x00000000f76221f0
[2025-08-08T15:32:05.958+0000][691.606s][1][129][trace] GC(107) _eden_chunk_array[12]=0x00000000f7645e60
[2025-08-08T15:32:05.958+0000][691.606s][1][129][trace] GC(107) _eden_chunk_array[13]=0x00000000f7667e88
[2025-08-08T15:32:05.958+0000][691.606s][1][129][trace] GC(107) _eden_chunk_array[14]=0x00000000f769af40
[2025-08-08T15:32:05.958+0000][691.606s][1][129][trace] GC(107) _eden_chunk_array[15]=0x00000000f76c4168
[2025-08-08T15:32:05.958+0000][691.606s][1][129][trace] GC(107) _eden_chunk_array[16]=0x00000000f76eff48
[2025-08-08T15:32:05.958+0000][691.606s][1][129][trace] GC(107) _eden_chunk_array[17]=0x00000000f7712388
[2025-08-08T15:32:05.958+0000][691.606s][1][129][trace] GC(107) _eden_chunk_array[18]=0x00000000f7757bd0
[2025-08-08T15:32:05.958+0000][691.606s][1][129][trace] GC(107) _eden_chunk_array[19]=0x00000000f7777be8
[2025-08-08T15:32:05.958+0000][691.606s][1][129][trace] GC(107) _eden_chunk_array[20]=0x00000000f779b980
[2025-08-08T15:32:05.958+0000][691.606s][1][129][trace] GC(107) _eden_chunk_array[21]=0x00000000f77bf710
[2025-08-08T15:32:05.958+0000][691.606s][1][129][trace] GC(107) _eden_chunk_array[22]=0x00000000f7801aa8
[2025-08-08T15:32:05.958+0000][691.606s][1][129][trace] GC(107) _eden_chunk_array[23]=0x00000000f784c4c8
[2025-08-08T15:32:05.958+0000][691.606s][1][129][trace] GC(107) _eden_chunk_array[24]=0x00000000f786e918
[2025-08-08T15:32:05.958+0000][691.606s][1][129][trace] GC(107) _eden_chunk_array[25]=0x00000000f7890d60
[2025-08-08T15:32:05.958+0000][691.606s][1][129][trace] GC(107) _eden_chunk_array[26]=0x00000000f78b31b8
[2025-08-08T15:32:05.958+0000][691.606s][1][129][trace] GC(107) _eden_chunk_array[27]=0x00000000f78d5610
[2025-08-08T15:32:05.958+0000][691.606s][1][129][trace] GC(107) _eden_chunk_array[28]=0x00000000f78f7a70
[2025-08-08T15:32:05.958+0000][691.606s][1][129][trace] GC(107) _eden_chunk_array[29]=0x00000000f791bd80
[2025-08-08T15:32:05.958+0000][691.606s][1][129][trace] GC(107) _eden_chunk_array[30]=0x00000000f7950e60
[2025-08-08T15:32:05.958+0000][691.606s][1][129][trace] GC(107) _eden_chunk_array[31]=0x00000000f79754c0
[2025-08-08T15:32:05.958+0000][691.606s][1][129][trace] GC(107) _eden_chunk_array[32]=0x00000000f79a6708
[2025-08-08T15:32:05.958+0000][691.606s][1][129][trace] GC(107) _eden_chunk_array[33]=0x00000000f79c8b60
[2025-08-08T15:32:05.958+0000][691.606s][1][129][trace] GC(107) _eden_chunk_array[34]=0x00000000f7a135c0
[2025-08-08T15:32:05.958+0000][691.606s][1][129][trace] GC(107) _eden_chunk_array[35]=0x00000000f7a47230
[2025-08-08T15:32:05.958+0000][691.606s][1][129][trace] GC(107) _eden_chunk_array[36]=0x00000000f7a6a370
[2025-08-08T15:32:05.958+0000][691.606s][1][129][trace] GC(107) _eden_chunk_array[37]=0x00000000f7a8d4b0
[2025-08-08T15:32:05.958+0000][691.606s][1][129][trace] GC(107) _eden_chunk_array[38]=0x00000000f7ad2d10
[2025-08-08T15:32:05.958+0000][691.606s][1][129][trace] GC(107) _eden_chunk_array[39]=0x00000000f7af5e48
[2025-08-08T15:32:05.958+0000][691.606s][1][129][trace] GC(107) _eden_chunk_array[40]=0x00000000f7b18f98
[2025-08-08T15:32:05.958+0000][691.606s][1][129][trace] GC(107) _eden_chunk_array[41]=0x00000000f7b5e7e0
[2025-08-08T15:32:05.958+0000][691.606s][1][129][trace] GC(107) _eden_chunk_array[42]=0x00000000f7b81928
[2025-08-08T15:32:05.958+0000][691.606s][1][129][trace] GC(107) _eden_chunk_array[43]=0x00000000f7ba4a70
[2025-08-08T15:32:05.958+0000][691.606s][1][129][trace] GC(107) _eden_chunk_array[44]=0x00000000f7bc5f98
[2025-08-08T15:32:05.958+0000][691.606s][1][129][trace] GC(107) _eden_chunk_array[45]=0x00000000f7c017b8
[2025-08-08T15:32:05.958+0000][691.606s][1][129][trace] GC(107) _eden_chunk_array[46]=0x00000000f7c29598
[2025-08-08T15:32:05.958+0000][691.606s][1][129][trace] GC(107) _eden_chunk_array[47]=0x00000000f7c5caa8
[2025-08-08T15:32:05.958+0000][691.606s][1][129][trace] GC(107) _eden_chunk_array[48]=0x00000000f7c80840
[2025-08-08T15:32:05.958+0000][691.606s][1][129][trace] GC(107) _eden_chunk_array[49]=0x00000000f7caabb8
[2025-08-08T15:32:05.958+0000][691.606s][1][129][trace] GC(107) _eden_chunk_array[50]=0x00000000f7cce950
[2025-08-08T15:32:05.958+0000][691.606s][1][129][trace] GC(107) _eden_chunk_array[51]=0x00000000f7cf8cb0
[2025-08-08T15:32:05.958+0000][691.606s][1][129][trace] GC(107) _eden_chunk_array[52]=0x00000000f7d23028
[2025-08-08T15:32:05.958+0000][691.606s][1][129][trace] GC(107) _eden_chunk_array[53]=0x00000000f7d4d398
[2025-08-08T15:32:05.958+0000][691.606s][1][129][trace] GC(107) _eden_chunk_array[54]=0x00000000f7dacf70
[2025-08-08T15:32:05.958+0000][691.606s][1][129][trace] GC(107) _eden_chunk_array[55]=0x00000000f7dcd2a0
[2025-08-08T15:32:05.958+0000][691.606s][1][129][trace] GC(107) _eden_chunk_array[56]=0x00000000f7deee48
[2025-08-08T15:32:05.958+0000][691.606s][1][129][trace] GC(107) _eden_chunk_array[57]=0x00000000f7e0f710
[2025-08-08T15:32:05.958+0000][691.606s][1][129][trace] GC(107) _eden_chunk_array[58]=0x00000000f7e64520
[2025-08-08T15:32:05.958+0000][691.606s][1][129][trace] GC(107) _eden_chunk_array[59]=0x00000000f7e8bcb8
[2025-08-08T15:32:05.958+0000][691.606s][1][129][trace] GC(107) _eden_chunk_array[60]=0x00000000f7eafa40
[2025-08-08T15:32:05.958+0000][691.606s][1][129][trace] GC(107) _eden_chunk_array[61]=0x00000000f7ed37c8
[2025-08-08T15:32:05.958+0000][691.606s][1][129][trace] GC(107) _eden_chunk_array[62]=0x00000000f7f19028
[2025-08-08T15:32:05.958+0000][691.606s][1][129][trace] GC(107) _eden_chunk_array[63]=0x00000000f7f42ad8
[2025-08-08T15:32:05.958+0000][691.606s][1][129][trace] GC(107) _eden_chunk_array[64]=0x00000000f7f6e720
[2025-08-08T15:32:05.958+0000][691.606s][1][129][trace] GC(107) _eden_chunk_array[65]=0x00000000f7f99710
[2025-08-08T15:32:05.958+0000][691.606s][1][129][trace] GC(107) _eden_chunk_array[66]=0x00000000f7fc5350
[2025-08-08T15:32:05.958+0000][691.606s][1][129][trace] GC(107) _eden_chunk_array[67]=0x00000000f8025b98
[2025-08-08T15:32:05.958+0000][691.606s][1][129][trace] GC(107) _eden_chunk_array[68]=0x00000000f8051800
[2025-08-08T15:32:05.958+0000][691.606s][1][129][trace] GC(107) _eden_chunk_array[69]=0x00000000f807d440
[2025-08-08T15:32:05.958+0000][691.606s][1][129][trace] GC(107) _eden_chunk_array[70]=0x00000000f80a3b28
[2025-08-08T15:32:05.958+0000][691.606s][1][129][trace] GC(107) _eden_chunk_array[71]=0x00000000f80c3d58
[2025-08-08T15:32:05.958+0000][691.606s][1][129][trace] GC(107) _eden_chunk_array[72]=0x00000000f80e4c40
[2025-08-08T15:32:05.958+0000][691.606s][1][129][trace] GC(107) _eden_chunk_array[73]=0x00000000f8118878
[2025-08-08T15:32:05.958+0000][691.606s][1][129][trace] GC(107) _eden_chunk_array[74]=0x00000000f8144f58
[2025-08-08T15:32:05.958+0000][691.606s][1][129][trace] GC(107) _eden_chunk_array[75]=0x00000000f8179648
[2025-08-08T15:32:05.958+0000][691.606s][1][129][trace] GC(107) _eden_chunk_array[76]=0x00000000f81b2f50
[2025-08-08T15:32:05.958+0000][691.606s][1][129][trace] GC(107) _eden_chunk_array[77]=0x00000000f8214e60
[2025-08-08T15:32:05.958+0000][691.606s][1][129][trace] GC(107) _eden_chunk_array[78]=0x00000000f82437e8
[2025-08-08T15:32:05.958+0000][691.606s][1][129][trace] GC(107) _eden_chunk_array[79]=0x00000000f827ec80
[2025-08-08T15:32:05.958+0000][691.606s][1][129][trace] GC(107) _eden_chunk_array[80]=0x00000000f82db998
[2025-08-08T15:32:05.958+0000][691.606s][1][129][trace] GC(107) _eden_chunk_array[81]=0x00000000f82ff478
[2025-08-08T15:32:05.958+0000][691.606s][1][129][trace] GC(107) _eden_chunk_array[82]=0x00000000f8325d68
[2025-08-08T15:32:05.958+0000][691.606s][1][129][trace] GC(107) _eden_chunk_array[83]=0x00000000f8346e68
[2025-08-08T15:32:05.958+0000][691.606s][1][129][trace] GC(107) _eden_chunk_array[84]=0x00000000f836c3f8
[2025-08-08T15:32:05.958+0000][691.606s][1][129][trace] GC(107) _eden_chunk_array[85]=0x00000000f838e968
[2025-08-08T15:32:05.958+0000][691.606s][1][129][trace] GC(107) _eden_chunk_array[86]=0x00000000f83b0db0
[2025-08-08T15:32:05.958+0000][691.606s][1][129][trace] GC(107) _eden_chunk_array[87]=0x00000000f83e4830
[2025-08-08T15:32:05.958+0000][691.606s][1][129][trace] GC(107) _eden_chunk_array[88]=0x00000000f841bc28
[2025-08-08T15:32:05.958+0000][691.606s][1][129][trace] GC(107) _eden_chunk_array[89]=0x00000000f8448db0
[2025-08-08T15:32:05.958+0000][691.606s][1][129][trace] GC(107) _eden_chunk_array[90]=0x00000000f846f610
[2025-08-08T15:32:05.959+0000][691.606s][1][129][trace] GC(107) _eden_chunk_array[91]=0x00000000f84933a8
[2025-08-08T15:32:05.959+0000][691.606s][1][129][trace] GC(107) _eden_chunk_array[92]=0x00000000f84ec018
[2025-08-08T15:32:05.959+0000][691.606s][1][129][trace] GC(107) _eden_chunk_array[93]=0x00000000f8512850
[2025-08-08T15:32:05.959+0000][691.606s][1][129][trace] GC(107) _eden_chunk_array[94]=0x00000000f8539090
[2025-08-08T15:32:05.959+0000][691.606s][1][129][trace] GC(107) _eden_chunk_array[95]=0x00000000f855f8d0
[2025-08-08T15:32:05.959+0000][691.606s][1][129][trace] GC(107) _eden_chunk_array[96]=0x00000000f8586100
[2025-08-08T15:32:05.959+0000][691.606s][1][129][trace] GC(107) _eden_chunk_array[97]=0x00000000f85a9238
[2025-08-08T15:32:05.959+0000][691.606s][1][129][trace] GC(107) _eden_chunk_array[98]=0x00000000f85f3ec8
[2025-08-08T15:32:05.959+0000][691.606s][1][129][trace] GC(107) _eden_chunk_array[99]=0x00000000f8616f50
[2025-08-08T15:32:05.959+0000][691.606s][1][129][trace] GC(107) _eden_chunk_array[100]=0x00000000f86377d8
[2025-08-08T15:32:05.959+0000][691.606s][1][129][trace] GC(107) _eden_chunk_array[101]=0x00000000f866d798
[2025-08-08T15:32:05.959+0000][691.606s][1][129][trace] GC(107) _eden_chunk_array[102]=0x00000000f86996f8
[2025-08-08T15:32:05.959+0000][691.606s][1][129][trace] GC(107) _eden_chunk_array[103]=0x00000000f86ca900
[2025-08-08T15:32:05.959+0000][691.606s][1][129][trace] GC(107) _eden_chunk_array[104]=0x00000000f8710158
[2025-08-08T15:32:05.959+0000][691.606s][1][129][trace] GC(107) _eden_chunk_array[105]=0x00000000f873eae8
[2025-08-08T15:32:05.959+0000][691.606s][1][129][trace] GC(107) _eden_chunk_array[106]=0x00000000f875f150
[2025-08-08T15:32:05.959+0000][691.606s][1][129][trace] GC(107) _eden_chunk_array[107]=0x00000000f87a9b70
[2025-08-08T15:32:05.959+0000][691.606s][1][129][trace] GC(107) _eden_chunk_array[108]=0x00000000f87f4578
[2025-08-08T15:32:05.959+0000][691.606s][1][129][trace] GC(107) _eden_chunk_array[109]=0x00000000f8822f08
[2025-08-08T15:32:05.959+0000][691.606s][1][129][trace] GC(107) _eden_chunk_array[110]=0x00000000f88535c0
[2025-08-08T15:32:05.959+0000][691.606s][1][129][trace] GC(107) _eden_chunk_array[111]=0x00000000f888ca40
[2025-08-08T15:32:05.959+0000][691.606s][1][129][trace] GC(107) _eden_chunk_array[112]=0x00000000f88b86a0
[2025-08-08T15:32:05.959+0000][691.606s][1][129][trace] GC(107) _eden_chunk_array[113]=0x00000000f88e2f90
[2025-08-08T15:32:05.959+0000][691.606s][1][129][trace] GC(107) _eden_chunk_array[114]=0x00000000f8904400
[2025-08-08T15:32:05.959+0000][691.606s][1][129][trace] GC(107) _eden_chunk_array[115]=0x00000000f8939410
[2025-08-08T15:32:05.959+0000][691.606s][1][129][trace] GC(107) _eden_chunk_array[116]=0x00000000f895d1b8
[2025-08-08T15:32:05.959+0000][691.606s][1][129][trace] GC(107) _eden_chunk_array[117]=0x00000000f89b5e30
[2025-08-08T15:32:05.959+0000][691.606s][1][129][trace] GC(107) _eden_chunk_array[118]=0x00000000f89e0190
[2025-08-08T15:32:05.959+0000][691.606s][1][129][trace] GC(107) _eden_chunk_array[119]=0x00000000f8a0a500
[2025-08-08T15:32:05.959+0000][691.606s][1][129][trace] GC(107) _eden_chunk_array[120]=0x00000000f8a34878
[2025-08-08T15:32:05.959+0000][691.606s][1][129][trace] GC(107) _eden_chunk_array[121]=0x00000000f8a5ebe8
[2025-08-08T15:32:05.959+0000][691.606s][1][129][trace] GC(107) _eden_chunk_array[122]=0x00000000f8a9af00
[2025-08-08T15:32:05.959+0000][691.606s][1][129][trace] GC(107) _eden_chunk_array[123]=0x00000000f8ac5280
[2025-08-08T15:32:05.959+0000][691.606s][1][129][trace] GC(107) _eden_chunk_array[124]=0x00000000f8ae83b8
[2025-08-08T15:32:05.959+0000][691.606s][1][129][trace] GC(107) _eden_chunk_array[125]=0x00000000f8b083e0
[2025-08-08T15:32:05.959+0000][691.606s][1][129][trace] GC(107) _eden_chunk_array[126]=0x00000000f8b283f8
[2025-08-08T15:32:05.959+0000][691.606s][1][129][trace] GC(107) _eden_chunk_array[127]=0x00000000f8b48410
[2025-08-08T15:32:05.959+0000][691.606s][1][129][trace] GC(107) _eden_chunk_array[128]=0x00000000f8b68710
[2025-08-08T15:32:05.959+0000][691.606s][1][129][trace] GC(107) _eden_chunk_array[129]=0x00000000f8b89640
[2025-08-08T15:32:05.959+0000][691.606s][1][129][trace] GC(107) _eden_chunk_array[130]=0x00000000f8bad128
[2025-08-08T15:32:05.959+0000][691.606s][1][129][trace] GC(107) _eden_chunk_array[131]=0x00000000f8bd0260
[2025-08-08T15:32:05.959+0000][691.606s][1][129][trace] GC(107) _eden_chunk_array[132]=0x00000000f8bf33a0
[2025-08-08T15:32:05.959+0000][691.606s][1][129][trace] GC(107) _eden_chunk_array[133]=0x00000000f8c2eb30
[2025-08-08T15:32:05.959+0000][691.606s][1][129][trace] GC(107) _eden_chunk_array[134]=0x00000000f8c64158
[2025-08-08T15:32:05.959+0000][691.606s][1][129][trace] GC(107) _eden_chunk_array[135]=0x00000000f8c93080
[2025-08-08T15:32:05.959+0000][691.606s][1][129][trace] GC(107) _eden_chunk_array[136]=0x00000000f8cb4de8
[2025-08-08T15:32:05.959+0000][691.606s][1][129][trace] GC(107) _eden_chunk_array[137]=0x00000000f8d14a10
[2025-08-08T15:32:05.959+0000][691.606s][1][129][trace] GC(107) _eden_chunk_array[138]=0x00000000f8d5a268
[2025-08-08T15:32:05.959+0000][691.606s][1][129][trace] GC(107) _eden_chunk_array[139]=0x00000000f8d8dd38
[2025-08-08T15:32:05.959+0000][691.606s][1][129][trace] GC(107) _eden_chunk_array[140]=0x00000000f8dc17e8
[2025-08-08T15:32:05.959+0000][691.606s][1][129][trace] GC(107) _eden_chunk_array[141]=0x00000000f8dec658
[2025-08-08T15:32:05.959+0000][691.606s][1][129][trace] GC(107) _eden_chunk_array[142]=0x00000000f8e0eaa0
[2025-08-08T15:32:05.959+0000][691.606s][1][129][trace] GC(107) _eden_chunk_array[143]=0x00000000f8e30dc8
[2025-08-08T15:32:05.959+0000][691.606s][1][129][trace] GC(107) _eden_chunk_array[144]=0x00000000f8e5e848
[2025-08-08T15:32:05.959+0000][691.606s][1][129][trace] GC(107) _eden_chunk_array[145]=0x00000000f8e7eda8
[2025-08-08T15:32:05.959+0000][691.606s][1][129][trace] GC(107) _eden_chunk_array[146]=0x00000000f8ed3c18
[2025-08-08T15:32:05.959+0000][691.606s][1][129][trace] GC(107) _eden_chunk_array[147]=0x00000000f8f0f2e8
[2025-08-08T15:32:05.959+0000][691.606s][1][129][trace] GC(107) _eden_chunk_array[148]=0x00000000f8f3af38
[2025-08-08T15:32:05.959+0000][691.606s][1][129][trace] GC(107) _eden_chunk_array[149]=0x00000000f8f7d3c0
[2025-08-08T15:32:05.959+0000][691.606s][1][129][trace] GC(107) _eden_chunk_array[150]=0x00000000f8fa9000
[2025-08-08T15:32:05.959+0000][691.606s][1][129][trace] GC(107) _eden_chunk_array[151]=0x00000000f8fcb538
[2025-08-08T15:32:05.959+0000][691.606s][1][129][trace] GC(107) _eden_chunk_array[152]=0x00000000f8ff7178
[2025-08-08T15:32:05.959+0000][691.606s][1][129][trace] GC(107) _eden_chunk_array[153]=0x00000000f9022e08
[2025-08-08T15:32:05.959+0000][691.606s][1][129][trace] GC(107) _eden_chunk_array[154]=0x00000000f907e470
[2025-08-08T15:32:05.959+0000][691.606s][1][129][trace] GC(107) _eden_chunk_array[155]=0x00000000f909ee40
[2025-08-08T15:32:05.959+0000][691.606s][1][129][trace] GC(107) _eden_chunk_array[156]=0x00000000f90bf1c8
[2025-08-08T15:32:05.959+0000][691.606s][1][129][trace] GC(107) _eden_chunk_array[157]=0x00000000f90e7d00
[2025-08-08T15:32:05.959+0000][691.606s][1][129][trace] GC(107) _eden_chunk_array[158]=0x00000000f9119878
[2025-08-08T15:32:05.959+0000][691.606s][1][129][trace] GC(107) _eden_chunk_array[159]=0x00000000f9151450
[2025-08-08T15:32:05.959+0000][691.606s][1][129][trace] GC(107) _eden_chunk_array[160]=0x00000000f91b09f0
[2025-08-08T15:32:05.959+0000][691.606s][1][129][trace] GC(107) _eden_chunk_array[161]=0x00000000f91dad88
[2025-08-08T15:32:05.959+0000][691.606s][1][129][trace] GC(107) _eden_chunk_array[162]=0x00000000f92050f0
[2025-08-08T15:32:05.959+0000][691.606s][1][129][trace] GC(107) _eden_chunk_array[163]=0x00000000f922f458
[2025-08-08T15:32:05.959+0000][691.606s][1][129][trace] GC(107) _eden_chunk_array[164]=0x00000000f92597e0
[2025-08-08T15:32:05.959+0000][691.606s][1][129][trace] GC(107) _eden_chunk_array[165]=0x00000000f92a41f8
[2025-08-08T15:32:05.959+0000][691.606s][1][129][trace] GC(107) _eden_chunk_array[166]=0x00000000f9303df0
[2025-08-08T15:32:05.959+0000][691.606s][1][129][trace] GC(107) _eden_chunk_array[167]=0x00000000f932e158
[2025-08-08T15:32:05.959+0000][691.606s][1][129][trace] GC(107) _eden_chunk_array[168]=0x00000000f9351500
[2025-08-08T15:32:05.959+0000][691.606s][1][129][trace] GC(107) _eden_chunk_array[169]=0x00000000f9376880
[2025-08-08T15:32:05.959+0000][691.606s][1][129][trace] GC(107) _eden_chunk_array[170]=0x00000000f93999a8
[2025-08-08T15:32:05.959+0000][691.606s][1][129][trace] GC(107) _eden_chunk_array[171]=0x00000000f93df210
[2025-08-08T15:32:05.959+0000][691.606s][1][129][trace] GC(107) _eden_chunk_array[172]=0x00000000f9402368
[2025-08-08T15:32:05.959+0000][691.606s][1][129][trace] GC(107) _eden_chunk_array[173]=0x00000000f942e9e0
[2025-08-08T15:32:05.959+0000][691.606s][1][129][trace] GC(107) _eden_chunk_array[174]=0x00000000f9462d90
[2025-08-08T15:32:05.959+0000][691.606s][1][129][trace] GC(107) _eden_chunk_array[175]=0x00000000f9483e80
[2025-08-08T15:32:05.959+0000][691.606s][1][129][trace] GC(107) _eden_chunk_array[176]=0x00000000f94bf730
[2025-08-08T15:32:05.959+0000][691.606s][1][129][trace] GC(107) _eden_chunk_array[177]=0x00000000f9524ee0
[2025-08-08T15:32:05.959+0000][691.606s][1][129][trace] GC(107) _eden_chunk_array[178]=0x00000000f9564d68
[2025-08-08T15:32:05.959+0000][691.606s][1][129][trace] GC(107) _eden_chunk_array[179]=0x00000000f95a4c18
[2025-08-08T15:32:05.959+0000][691.606s][1][129][trace] GC(107) _eden_chunk_array[180]=0x00000000f95c6860
[2025-08-08T15:32:05.959+0000][691.606s][1][129][trace] GC(107) _eden_chunk_array[181]=0x00000000f95efa90
[2025-08-08T15:32:05.959+0000][691.606s][1][129][trace] GC(107) _eden_chunk_array[182]=0x00000000f9610388
[2025-08-08T15:32:05.959+0000][691.606s][1][129][trace] GC(107) _eden_chunk_array[183]=0x00000000f96641f8
[2025-08-08T15:32:05.959+0000][691.606s][1][129][trace] GC(107) _eden_chunk_array[184]=0x00000000f968c468
[2025-08-08T15:32:05.959+0000][691.606s][1][129][trace] GC(107) _eden_chunk_array[185]=0x00000000f96b04c0
[2025-08-08T15:32:05.959+0000][691.606s][1][129][trace] GC(107) _eden_chunk_array[186]=0x00000000f96da9b8
[2025-08-08T15:32:05.959+0000][691.606s][1][129][trace] GC(107) _eden_chunk_array[187]=0x00000000f96fce08
[2025-08-08T15:32:05.959+0000][691.606s][1][129][trace] GC(107) _eden_chunk_array[188]=0x00000000f971f250
[2025-08-08T15:32:05.959+0000][691.606s][1][129][trace] GC(107) _eden_chunk_array[189]=0x00000000f9740d20
[2025-08-08T15:32:05.959+0000][691.606s][1][129][trace] GC(107) _eden_chunk_array[190]=0x00000000f9764ab0
[2025-08-08T15:32:05.959+0000][691.606s][1][129][trace] GC(107) _eden_chunk_array[191]=0x00000000f97aa308
[2025-08-08T15:32:05.959+0000][691.606s][1][129][trace] GC(107) _eden_chunk_array[192]=0x00000000f97ce108
[2025-08-08T15:32:05.959+0000][691.606s][1][129][trace] GC(107) _eden_chunk_array[193]=0x00000000f980df80
[2025-08-08T15:32:05.959+0000][691.606s][1][129][trace] GC(107) _eden_chunk_array[194]=0x00000000f984de00
[2025-08-08T15:32:05.959+0000][691.606s][1][129][trace] GC(107) _eden_chunk_array[195]=0x00000000f986fa88
[2025-08-08T15:32:05.959+0000][691.606s][1][129][trace] GC(107) _eden_chunk_array[196]=0x00000000f9899cd0
[2025-08-08T15:32:05.959+0000][691.606s][1][129][trace] GC(107) _eden_chunk_array[197]=0x00000000f98bd6d8
[2025-08-08T15:32:05.959+0000][691.606s][1][129][trace] GC(107) _eden_chunk_array[198]=0x00000000f98eca98
[2025-08-08T15:32:05.959+0000][691.606s][1][129][trace] GC(107) _eden_chunk_array[199]=0x00000000f9918838
[2025-08-08T15:32:05.959+0000][691.606s][1][129][trace] GC(107) _eden_chunk_array[200]=0x00000000f99405e0
[2025-08-08T15:32:05.959+0000][691.606s][1][129][trace] GC(107) _eden_chunk_array[201]=0x00000000f9964370
[2025-08-08T15:32:05.959+0000][691.606s][1][129][trace] GC(107) _eden_chunk_array[202]=0x00000000f99a9bc8
[2025-08-08T15:32:05.959+0000][691.606s][1][129][trace] GC(107) _eden_chunk_array[203]=0x00000000f99f45e8
[2025-08-08T15:32:05.959+0000][691.606s][1][129][trace] GC(107) _eden_chunk_array[204]=0x00000000f9a40c50
[2025-08-08T15:32:05.959+0000][691.606s][1][129][trace] GC(107) _eden_chunk_array[205]=0x00000000f9a63198
[2025-08-08T15:32:05.959+0000][691.606s][1][129][trace] GC(107) _eden_chunk_array[206]=0x00000000f9a856d8
[2025-08-08T15:32:05.959+0000][691.606s][1][129][trace] GC(107) _eden_chunk_array[207]=0x00000000f9aa7c10
[2025-08-08T15:32:05.959+0000][691.606s][1][129][trace] GC(107) _eden_chunk_array[208]=0x00000000f9aca148
[2025-08-08T15:32:05.959+0000][691.606s][1][129][trace] GC(107) _eden_chunk_array[209]=0x00000000f9aec678
[2025-08-08T15:32:05.959+0000][691.606s][1][129][trace] GC(107) _eden_chunk_array[210]=0x00000000f9b0ebb8
[2025-08-08T15:32:05.959+0000][691.606s][1][129][trace] GC(107) _eden_chunk_array[211]=0x00000000f9b310f0
[2025-08-08T15:32:05.959+0000][691.606s][1][129][trace] GC(107) _eden_chunk_array[212]=0x00000000f9b51ad0
[2025-08-08T15:32:05.959+0000][691.606s][1][129][trace] GC(107) _eden_chunk_array[213]=0x00000000f9b72290
[2025-08-08T15:32:05.959+0000][691.606s][1][129][trace] GC(107) _eden_chunk_array[214]=0x00000000f9b92540
[2025-08-08T15:32:05.959+0000][691.606s][1][129][trace] GC(107) _eden_chunk_array[215]=0x00000000f9bbca38
[2025-08-08T15:32:05.959+0000][691.606s][1][129][trace] GC(107) _eden_chunk_array[216]=0x00000000f9be0818
[2025-08-08T15:32:05.959+0000][691.606s][1][129][trace] GC(107) _eden_chunk_array[217]=0x00000000f9c1e2f8
[2025-08-08T15:32:05.959+0000][691.606s][1][129][trace] GC(107) _eden_chunk_array[218]=0x00000000f9c6ccf8
[2025-08-08T15:32:05.959+0000][691.606s][1][129][trace] GC(107) _eden_chunk_array[219]=0x00000000f9c99358
[2025-08-08T15:32:05.959+0000][691.606s][1][129][trace] GC(107) _eden_chunk_array[220]=0x00000000f9cc7cf0
[2025-08-08T15:32:05.959+0000][691.606s][1][129][trace] GC(107) _eden_chunk_array[221]=0x00000000f9cf6650
[2025-08-08T15:32:05.959+0000][691.606s][1][129][trace] GC(107) _eden_chunk_array[222]=0x00000000f9d24fc0
[2025-08-08T15:32:05.959+0000][691.606s][1][129][trace] GC(107) _eden_chunk_array[223]=0x00000000f9d53938
[2025-08-08T15:32:05.959+0000][691.606s][1][129][trace] GC(107) _eden_chunk_array[224]=0x00000000f9d8eb88
[2025-08-08T15:32:05.959+0000][691.606s][1][129][trace] GC(107) _eden_chunk_array[225]=0x00000000f9daebb8
[2025-08-08T15:32:05.959+0000][691.606s][1][129][trace] GC(107) _eden_chunk_array[226]=0x00000000f9dcebd0
[2025-08-08T15:32:05.959+0000][691.606s][1][129][trace] GC(107) _eden_chunk_array[227]=0x00000000f9def608
[2025-08-08T15:32:05.959+0000][691.606s][1][129][trace] GC(107) _eden_chunk_array[228]=0x00000000f9e0fe60
[2025-08-08T15:32:05.959+0000][691.606s][1][129][trace] GC(107) _eden_chunk_array[229]=0x00000000f9e33e78
[2025-08-08T15:32:05.959+0000][691.606s][1][129][trace] GC(107) _eden_chunk_array[230]=0x00000000f9e67908
[2025-08-08T15:32:05.959+0000][691.606s][1][129][trace] GC(107) _eden_chunk_array[231]=0x00000000f9eaa1c8
[2025-08-08T15:32:05.959+0000][691.606s][1][129][trace] GC(107) _eden_chunk_array[232]=0x00000000f9ecd300
[2025-08-08T15:32:05.959+0000][691.606s][1][129][trace] GC(107) _eden_chunk_array[233]=0x00000000f9ef0438
[2025-08-08T15:32:05.959+0000][691.606s][1][129][trace] GC(107) _eden_chunk_array[234]=0x00000000f9f13570
[2025-08-08T15:32:05.959+0000][691.606s][1][129][trace] GC(107) _eden_chunk_array[235]=0x00000000f9f366b8
[2025-08-08T15:32:05.959+0000][691.606s][1][129][trace] GC(107) _eden_chunk_array[236]=0x00000000f9f59808
[2025-08-08T15:32:05.959+0000][691.606s][1][129][trace] GC(107) _eden_chunk_array[237]=0x00000000f9f7c940
[2025-08-08T15:32:05.959+0000][691.606s][1][129][trace] GC(107) _eden_chunk_array[238]=0x00000000f9f9c968
[2025-08-08T15:32:05.959+0000][691.606s][1][129][trace] GC(107) _eden_chunk_array[239]=0x00000000f9fcf668
[2025-08-08T15:32:05.959+0000][691.606s][1][129][trace] GC(107) _eden_chunk_array[240]=0x00000000f9fef698
[2025-08-08T15:32:05.959+0000][691.606s][1][129][trace] GC(107) _eden_chunk_array[241]=0x00000000fa00f6c8
[2025-08-08T15:32:05.959+0000][691.606s][1][129][trace] GC(107) _eden_chunk_array[242]=0x00000000fa05a100
[2025-08-08T15:32:05.959+0000][691.606s][1][129][trace] GC(107) _eden_chunk_array[243]=0x00000000fa08a198
[2025-08-08T15:32:05.959+0000][691.606s][1][129][trace] GC(107) _eden_chunk_array[244]=0x00000000fa0ae310
[2025-08-08T15:32:05.959+0000][691.606s][1][129][trace] GC(107) _eden_chunk_array[245]=0x00000000fa0de170
[2025-08-08T15:32:05.959+0000][691.606s][1][129][trace] GC(107) _eden_chunk_array[246]=0x00000000fa120780
[2025-08-08T15:32:05.959+0000][691.606s][1][129][trace] GC(107) _eden_chunk_array[247]=0x00000000fa152b00
[2025-08-08T15:32:05.959+0000][691.606s][1][129][trace] GC(107) _eden_chunk_array[248]=0x00000000fa173c60
[2025-08-08T15:32:05.959+0000][691.606s][1][129][trace] GC(107) _eden_chunk_array[249]=0x00000000fa194de8
[2025-08-08T15:32:05.959+0000][691.606s][1][129][trace] GC(107) _eden_chunk_array[250]=0x00000000fa1b5f48
[2025-08-08T15:32:05.959+0000][691.606s][1][129][trace] GC(107) _eden_chunk_array[251]=0x00000000fa1d70a0
[2025-08-08T15:32:05.959+0000][691.606s][1][129][trace] GC(107) _eden_chunk_array[252]=0x00000000fa1f8200
[2025-08-08T15:32:05.959+0000][691.606s][1][129][trace] GC(107) _eden_chunk_array[253]=0x00000000fa24fe88
[2025-08-08T15:32:05.959+0000][691.606s][1][129][trace] GC(107) _eden_chunk_array[254]=0x00000000fa270fe0
[2025-08-08T15:32:05.959+0000][691.606s][1][129][trace] GC(107) _eden_chunk_array[255]=0x00000000fa2bba00
[2025-08-08T15:32:05.959+0000][691.606s][1][129][trace] GC(107) _eden_chunk_array[256]=0x00000000fa2f1758
[2025-08-08T15:32:05.959+0000][691.606s][1][129][trace] GC(107) _eden_chunk_array[257]=0x00000000fa314b88
[2025-08-08T15:32:05.959+0000][691.606s][1][129][trace] GC(107) _eden_chunk_array[258]=0x00000000fa334ce8
[2025-08-08T15:32:05.959+0000][691.606s][1][129][trace] GC(107) _eden_chunk_array[259]=0x00000000fa37a550
[2025-08-08T15:32:05.959+0000][691.606s][1][129][trace] GC(107) _eden_chunk_array[260]=0x00000000fa3a8448
[2025-08-08T15:32:05.959+0000][691.606s][1][129][trace] GC(107) _eden_chunk_array[261]=0x00000000fa3ce1b8
[2025-08-08T15:32:05.959+0000][691.606s][1][129][trace] GC(107) _eden_chunk_array[262]=0x00000000fa3f06f8
[2025-08-08T15:32:05.959+0000][691.606s][1][129][trace] GC(107) _eden_chunk_array[263]=0x00000000fa4321b8
[2025-08-08T15:32:05.959+0000][691.606s][1][129][trace] GC(107) _eden_chunk_array[264]=0x00000000fa460b28
[2025-08-08T15:32:05.959+0000][691.606s][1][129][trace] GC(107) _eden_chunk_array[265]=0x00000000fa48f4b0
[2025-08-08T15:32:05.959+0000][691.606s][1][129][trace] GC(107) _eden_chunk_array[266]=0x00000000fa4bde50
[2025-08-08T15:32:05.959+0000][691.606s][1][129][trace] GC(107) _eden_chunk_array[267]=0x00000000fa4ee438
[2025-08-08T15:32:05.959+0000][691.606s][1][129][trace] GC(107) _eden_chunk_array[268]=0x00000000fa51cde8
[2025-08-08T15:32:05.959+0000][691.606s][1][129][trace] GC(107) _eden_chunk_array[269]=0x00000000fa5677f0
[2025-08-08T15:32:05.959+0000][691.606s][1][129][trace] GC(107) _eden_chunk_array[270]=0x00000000fa58b2e8
[2025-08-08T15:32:05.959+0000][691.606s][1][129][trace] GC(107) _eden_chunk_array[271]=0x00000000fa5ab370
[2025-08-08T15:32:05.959+0000][691.606s][1][129][trace] GC(107) survivor 0x00000000fd410000-0x00000000fd410000-0x00000000fe780000(20381696)
[2025-08-08T15:32:05.959+0000][691.606s][1][129][trace] GC(107) _survivor_chunk_index=0, _survivor_chunk_capacity=9952
[2025-08-08T15:32:05.993+0000][691.640s][1][129][info ] GC(107) Pause Remark 114M->114M(180M) 34.525ms
[2025-08-08T15:32:05.993+0000][691.640s][1][129][info ] Leaving safepoint region
[2025-08-08T15:32:05.993+0000][691.640s][1][129][info ] Total time for which application threads were stopped: 0.0347849 seconds, Stopping threads took: 0.0000304 seconds
[2025-08-08T15:32:05.993+0000][691.640s][1][128][info ] GC(107) Concurrent Sweep
[2025-08-08T15:32:05.994+0000][691.641s][1][128][info ] GC(107) Concurrent Sweep 1.299ms
[2025-08-08T15:32:05.994+0000][691.642s][1][128][info ] GC(107) Concurrent Reset
[2025-08-08T15:32:05.994+0000][691.642s][1][128][info ] GC(107) Concurrent Reset 0.013ms
[2025-08-08T15:32:05.994+0000][691.642s][1][128][info ] GC(107) Old: 5183K->5183K(5184K)
[2025-08-08T15:32:06.994+0000][692.641s][1][129][info ] Application time: 1.0012469 seconds
[2025-08-08T15:32:06.994+0000][692.641s][1][129][info ] Entering safepoint region: Cleanup
[2025-08-08T15:32:06.994+0000][692.642s][1][129][info ] Leaving safepoint region
[2025-08-08T15:32:06.994+0000][692.642s][1][129][info ] Total time for which application threads were stopped: 0.0001450 seconds, Stopping threads took: 0.0000222 seconds
[2025-08-08T15:32:15.002+0000][700.649s][1][129][info ] Application time: 8.0079246 seconds
[2025-08-08T15:32:15.002+0000][700.650s][1][129][info ] Entering safepoint region: Cleanup
[2025-08-08T15:32:15.002+0000][700.650s][1][129][info ] Leaving safepoint region
[2025-08-08T15:32:15.002+0000][700.650s][1][129][info ] Total time for which application threads were stopped: 0.0001479 seconds, Stopping threads took: 0.0000218 seconds
[2025-08-08T15:32:15.995+0000][701.642s][1][129][info ] Application time: 0.9922119 seconds
[2025-08-08T15:32:15.995+0000][701.642s][1][129][info ] Entering safepoint region: CMS_Initial_Mark
[2025-08-08T15:32:15.995+0000][701.642s][1][129][trace] GC(108) eden 0x00000000f3800000-0x00000000fb02f1e0-0x00000000fd410000(163643392)
[2025-08-08T15:32:15.995+0000][701.642s][1][129][trace] GC(108) _eden_chunk_index=329, _eden_chunk_capacity=11233
[2025-08-08T15:32:15.995+0000][701.642s][1][129][trace] GC(108) _eden_chunk_array[0]=0x00000000f7444bb8
[2025-08-08T15:32:15.995+0000][701.642s][1][129][trace] GC(108) _eden_chunk_array[1]=0x00000000f7469938
[2025-08-08T15:32:15.995+0000][701.642s][1][129][trace] GC(108) _eden_chunk_array[2]=0x00000000f74aff58
[2025-08-08T15:32:15.995+0000][701.642s][1][129][trace] GC(108) _eden_chunk_array[3]=0x00000000f74d0a88
[2025-08-08T15:32:15.995+0000][701.642s][1][129][trace] GC(108) _eden_chunk_array[4]=0x00000000f751b4a8
[2025-08-08T15:32:15.995+0000][701.642s][1][129][trace] GC(108) _eden_chunk_array[5]=0x00000000f7541788
[2025-08-08T15:32:15.995+0000][701.642s][1][129][trace] GC(108) _eden_chunk_array[6]=0x00000000f75631d8
[2025-08-08T15:32:15.995+0000][701.642s][1][129][trace] GC(108) _eden_chunk_array[7]=0x00000000f7598108
[2025-08-08T15:32:15.995+0000][701.642s][1][129][trace] GC(108) _eden_chunk_array[8]=0x00000000f75ba638
[2025-08-08T15:32:15.995+0000][701.642s][1][129][trace] GC(108) _eden_chunk_array[9]=0x00000000f75dd770
[2025-08-08T15:32:15.995+0000][701.642s][1][129][trace] GC(108) _eden_chunk_array[10]=0x00000000f75ffca8
[2025-08-08T15:32:15.995+0000][701.642s][1][129][trace] GC(108) _eden_chunk_array[11]=0x00000000f76221f0
[2025-08-08T15:32:15.995+0000][701.642s][1][129][trace] GC(108) _eden_chunk_array[12]=0x00000000f7645e60
[2025-08-08T15:32:15.995+0000][701.642s][1][129][trace] GC(108) _eden_chunk_array[13]=0x00000000f7667e88
[2025-08-08T15:32:15.995+0000][701.642s][1][129][trace] GC(108) _eden_chunk_array[14]=0x00000000f769af40
[2025-08-08T15:32:15.995+0000][701.642s][1][129][trace] GC(108) _eden_chunk_array[15]=0x00000000f76c4168
[2025-08-08T15:32:15.995+0000][701.642s][1][129][trace] GC(108) _eden_chunk_array[16]=0x00000000f76eff48
[2025-08-08T15:32:15.995+0000][701.642s][1][129][trace] GC(108) _eden_chunk_array[17]=0x00000000f7712388
[2025-08-08T15:32:15.995+0000][701.642s][1][129][trace] GC(108) _eden_chunk_array[18]=0x00000000f7757bd0
[2025-08-08T15:32:15.995+0000][701.642s][1][129][trace] GC(108) _eden_chunk_array[19]=0x00000000f7777be8
[2025-08-08T15:32:15.995+0000][701.642s][1][129][trace] GC(108) _eden_chunk_array[20]=0x00000000f779b980
[2025-08-08T15:32:15.995+0000][701.642s][1][129][trace] GC(108) _eden_chunk_array[21]=0x00000000f77bf710
[2025-08-08T15:32:15.995+0000][701.642s][1][129][trace] GC(108) _eden_chunk_array[22]=0x00000000f7801aa8
[2025-08-08T15:32:15.995+0000][701.642s][1][129][trace] GC(108) _eden_chunk_array[23]=0x00000000f784c4c8
[2025-08-08T15:32:15.995+0000][701.642s][1][129][trace] GC(108) _eden_chunk_array[24]=0x00000000f786e918
[2025-08-08T15:32:15.995+0000][701.642s][1][129][trace] GC(108) _eden_chunk_array[25]=0x00000000f7890d60
[2025-08-08T15:32:15.995+0000][701.642s][1][129][trace] GC(108) _eden_chunk_array[26]=0x00000000f78b31b8
[2025-08-08T15:32:15.995+0000][701.642s][1][129][trace] GC(108) _eden_chunk_array[27]=0x00000000f78d5610
[2025-08-08T15:32:15.995+0000][701.642s][1][129][trace] GC(108) _eden_chunk_array[28]=0x00000000f78f7a70
[2025-08-08T15:32:15.995+0000][701.642s][1][129][trace] GC(108) _eden_chunk_array[29]=0x00000000f791bd80
[2025-08-08T15:32:15.995+0000][701.642s][1][129][trace] GC(108) _eden_chunk_array[30]=0x00000000f7950e60
[2025-08-08T15:32:15.995+0000][701.642s][1][129][trace] GC(108) _eden_chunk_array[31]=0x00000000f79754c0
[2025-08-08T15:32:15.995+0000][701.642s][1][129][trace] GC(108) _eden_chunk_array[32]=0x00000000f79a6708
[2025-08-08T15:32:15.995+0000][701.642s][1][129][trace] GC(108) _eden_chunk_array[33]=0x00000000f79c8b60
[2025-08-08T15:32:15.995+0000][701.642s][1][129][trace] GC(108) _eden_chunk_array[34]=0x00000000f7a135c0
[2025-08-08T15:32:15.995+0000][701.642s][1][129][trace] GC(108) _eden_chunk_array[35]=0x00000000f7a47230
[2025-08-08T15:32:15.995+0000][701.642s][1][129][trace] GC(108) _eden_chunk_array[36]=0x00000000f7a6a370
[2025-08-08T15:32:15.995+0000][701.642s][1][129][trace] GC(108) _eden_chunk_array[37]=0x00000000f7a8d4b0
[2025-08-08T15:32:15.995+0000][701.642s][1][129][trace] GC(108) _eden_chunk_array[38]=0x00000000f7ad2d10
[2025-08-08T15:32:15.995+0000][701.642s][1][129][trace] GC(108) _eden_chunk_array[39]=0x00000000f7af5e48
[2025-08-08T15:32:15.995+0000][701.642s][1][129][trace] GC(108) _eden_chunk_array[40]=0x00000000f7b18f98
[2025-08-08T15:32:15.995+0000][701.642s][1][129][trace] GC(108) _eden_chunk_array[41]=0x00000000f7b5e7e0
[2025-08-08T15:32:15.995+0000][701.643s][1][129][trace] GC(108) _eden_chunk_array[42]=0x00000000f7b81928
[2025-08-08T15:32:15.995+0000][701.643s][1][129][trace] GC(108) _eden_chunk_array[43]=0x00000000f7ba4a70
[2025-08-08T15:32:15.995+0000][701.643s][1][129][trace] GC(108) _eden_chunk_array[44]=0x00000000f7bc5f98
[2025-08-08T15:32:15.995+0000][701.643s][1][129][trace] GC(108) _eden_chunk_array[45]=0x00000000f7c017b8
[2025-08-08T15:32:15.995+0000][701.643s][1][129][trace] GC(108) _eden_chunk_array[46]=0x00000000f7c29598
[2025-08-08T15:32:15.995+0000][701.643s][1][129][trace] GC(108) _eden_chunk_array[47]=0x00000000f7c5caa8
[2025-08-08T15:32:15.995+0000][701.643s][1][129][trace] GC(108) _eden_chunk_array[48]=0x00000000f7c80840
[2025-08-08T15:32:15.995+0000][701.643s][1][129][trace] GC(108) _eden_chunk_array[49]=0x00000000f7caabb8
[2025-08-08T15:32:15.995+0000][701.643s][1][129][trace] GC(108) _eden_chunk_array[50]=0x00000000f7cce950
[2025-08-08T15:32:15.995+0000][701.643s][1][129][trace] GC(108) _eden_chunk_array[51]=0x00000000f7cf8cb0
[2025-08-08T15:32:15.995+0000][701.643s][1][129][trace] GC(108) _eden_chunk_array[52]=0x00000000f7d23028
[2025-08-08T15:32:15.995+0000][701.643s][1][129][trace] GC(108) _eden_chunk_array[53]=0x00000000f7d4d398
[2025-08-08T15:32:15.995+0000][701.643s][1][129][trace] GC(108) _eden_chunk_array[54]=0x00000000f7dacf70
[2025-08-08T15:32:15.995+0000][701.643s][1][129][trace] GC(108) _eden_chunk_array[55]=0x00000000f7dcd2a0
[2025-08-08T15:32:15.995+0000][701.643s][1][129][trace] GC(108) _eden_chunk_array[56]=0x00000000f7deee48
[2025-08-08T15:32:15.995+0000][701.643s][1][129][trace] GC(108) _eden_chunk_array[57]=0x00000000f7e0f710
[2025-08-08T15:32:15.995+0000][701.643s][1][129][trace] GC(108) _eden_chunk_array[58]=0x00000000f7e64520
[2025-08-08T15:32:15.995+0000][701.643s][1][129][trace] GC(108) _eden_chunk_array[59]=0x00000000f7e8bcb8
[2025-08-08T15:32:15.995+0000][701.643s][1][129][trace] GC(108) _eden_chunk_array[60]=0x00000000f7eafa40
[2025-08-08T15:32:15.995+0000][701.643s][1][129][trace] GC(108) _eden_chunk_array[61]=0x00000000f7ed37c8
[2025-08-08T15:32:15.995+0000][701.643s][1][129][trace] GC(108) _eden_chunk_array[62]=0x00000000f7f19028
[2025-08-08T15:32:15.995+0000][701.643s][1][129][trace] GC(108) _eden_chunk_array[63]=0x00000000f7f42ad8
[2025-08-08T15:32:15.995+0000][701.643s][1][129][trace] GC(108) _eden_chunk_array[64]=0x00000000f7f6e720
[2025-08-08T15:32:15.995+0000][701.643s][1][129][trace] GC(108) _eden_chunk_array[65]=0x00000000f7f99710
[2025-08-08T15:32:15.995+0000][701.643s][1][129][trace] GC(108) _eden_chunk_array[66]=0x00000000f7fc5350
[2025-08-08T15:32:15.995+0000][701.643s][1][129][trace] GC(108) _eden_chunk_array[67]=0x00000000f8025b98
[2025-08-08T15:32:15.995+0000][701.643s][1][129][trace] GC(108) _eden_chunk_array[68]=0x00000000f8051800
[2025-08-08T15:32:15.995+0000][701.643s][1][129][trace] GC(108) _eden_chunk_array[69]=0x00000000f807d440
[2025-08-08T15:32:15.995+0000][701.643s][1][129][trace] GC(108) _eden_chunk_array[70]=0x00000000f80a3b28
[2025-08-08T15:32:15.995+0000][701.643s][1][129][trace] GC(108) _eden_chunk_array[71]=0x00000000f80c3d58
[2025-08-08T15:32:15.995+0000][701.643s][1][129][trace] GC(108) _eden_chunk_array[72]=0x00000000f80e4c40
[2025-08-08T15:32:15.995+0000][701.643s][1][129][trace] GC(108) _eden_chunk_array[73]=0x00000000f8118878
[2025-08-08T15:32:15.995+0000][701.643s][1][129][trace] GC(108) _eden_chunk_array[74]=0x00000000f8144f58
[2025-08-08T15:32:15.995+0000][701.643s][1][129][trace] GC(108) _eden_chunk_array[75]=0x00000000f8179648
[2025-08-08T15:32:15.995+0000][701.643s][1][129][trace] GC(108) _eden_chunk_array[76]=0x00000000f81b2f50
[2025-08-08T15:32:15.995+0000][701.643s][1][129][trace] GC(108) _eden_chunk_array[77]=0x00000000f8214e60
[2025-08-08T15:32:15.995+0000][701.643s][1][129][trace] GC(108) _eden_chunk_array[78]=0x00000000f82437e8
[2025-08-08T15:32:15.995+0000][701.643s][1][129][trace] GC(108) _eden_chunk_array[79]=0x00000000f827ec80
[2025-08-08T15:32:15.995+0000][701.643s][1][129][trace] GC(108) _eden_chunk_array[80]=0x00000000f82db998
[2025-08-08T15:32:15.996+0000][701.643s][1][129][trace] GC(108) _eden_chunk_array[81]=0x00000000f82ff478
[2025-08-08T15:32:15.996+0000][701.643s][1][129][trace] GC(108) _eden_chunk_array[82]=0x00000000f8325d68
[2025-08-08T15:32:15.996+0000][701.643s][1][129][trace] GC(108) _eden_chunk_array[83]=0x00000000f8346e68
[2025-08-08T15:32:15.996+0000][701.643s][1][129][trace] GC(108) _eden_chunk_array[84]=0x00000000f836c3f8
[2025-08-08T15:32:15.996+0000][701.643s][1][129][trace] GC(108) _eden_chunk_array[85]=0x00000000f838e968
[2025-08-08T15:32:15.996+0000][701.643s][1][129][trace] GC(108) _eden_chunk_array[86]=0x00000000f83b0db0
[2025-08-08T15:32:15.996+0000][701.643s][1][129][trace] GC(108) _eden_chunk_array[87]=0x00000000f83e4830
[2025-08-08T15:32:15.996+0000][701.643s][1][129][trace] GC(108) _eden_chunk_array[88]=0x00000000f841bc28
[2025-08-08T15:32:15.996+0000][701.643s][1][129][trace] GC(108) _eden_chunk_array[89]=0x00000000f8448db0
[2025-08-08T15:32:15.996+0000][701.643s][1][129][trace] GC(108) _eden_chunk_array[90]=0x00000000f846f610
[2025-08-08T15:32:15.996+0000][701.643s][1][129][trace] GC(108) _eden_chunk_array[91]=0x00000000f84933a8
[2025-08-08T15:32:15.996+0000][701.643s][1][129][trace] GC(108) _eden_chunk_array[92]=0x00000000f84ec018
[2025-08-08T15:32:15.996+0000][701.643s][1][129][trace] GC(108) _eden_chunk_array[93]=0x00000000f8512850
[2025-08-08T15:32:15.996+0000][701.643s][1][129][trace] GC(108) _eden_chunk_array[94]=0x00000000f8539090
[2025-08-08T15:32:15.996+0000][701.643s][1][129][trace] GC(108) _eden_chunk_array[95]=0x00000000f855f8d0
[2025-08-08T15:32:15.996+0000][701.643s][1][129][trace] GC(108) _eden_chunk_array[96]=0x00000000f8586100
[2025-08-08T15:32:15.996+0000][701.643s][1][129][trace] GC(108) _eden_chunk_array[97]=0x00000000f85a9238
[2025-08-08T15:32:15.996+0000][701.643s][1][129][trace] GC(108) _eden_chunk_array[98]=0x00000000f85f3ec8
[2025-08-08T15:32:15.996+0000][701.643s][1][129][trace] GC(108) _eden_chunk_array[99]=0x00000000f8616f50
[2025-08-08T15:32:15.996+0000][701.643s][1][129][trace] GC(108) _eden_chunk_array[100]=0x00000000f86377d8
[2025-08-08T15:32:15.996+0000][701.643s][1][129][trace] GC(108) _eden_chunk_array[101]=0x00000000f866d798
[2025-08-08T15:32:15.996+0000][701.643s][1][129][trace] GC(108) _eden_chunk_array[102]=0x00000000f86996f8
[2025-08-08T15:32:15.996+0000][701.643s][1][129][trace] GC(108) _eden_chunk_array[103]=0x00000000f86ca900
[2025-08-08T15:32:15.996+0000][701.643s][1][129][trace] GC(108) _eden_chunk_array[104]=0x00000000f8710158
[2025-08-08T15:32:15.996+0000][701.643s][1][129][trace] GC(108) _eden_chunk_array[105]=0x00000000f873eae8
[2025-08-08T15:32:15.996+0000][701.643s][1][129][trace] GC(108) _eden_chunk_array[106]=0x00000000f875f150
[2025-08-08T15:32:15.996+0000][701.643s][1][129][trace] GC(108) _eden_chunk_array[107]=0x00000000f87a9b70
[2025-08-08T15:32:15.996+0000][701.643s][1][129][trace] GC(108) _eden_chunk_array[108]=0x00000000f87f4578
[2025-08-08T15:32:15.996+0000][701.643s][1][129][trace] GC(108) _eden_chunk_array[109]=0x00000000f8822f08
[2025-08-08T15:32:15.996+0000][701.643s][1][129][trace] GC(108) _eden_chunk_array[110]=0x00000000f88535c0
[2025-08-08T15:32:15.996+0000][701.643s][1][129][trace] GC(108) _eden_chunk_array[111]=0x00000000f888ca40
[2025-08-08T15:32:15.996+0000][701.643s][1][129][trace] GC(108) _eden_chunk_array[112]=0x00000000f88b86a0
[2025-08-08T15:32:15.996+0000][701.643s][1][129][trace] GC(108) _eden_chunk_array[113]=0x00000000f88e2f90
[2025-08-08T15:32:15.996+0000][701.643s][1][129][trace] GC(108) _eden_chunk_array[114]=0x00000000f8904400
[2025-08-08T15:32:15.996+0000][701.643s][1][129][trace] GC(108) _eden_chunk_array[115]=0x00000000f8939410
[2025-08-08T15:32:15.996+0000][701.643s][1][129][trace] GC(108) _eden_chunk_array[116]=0x00000000f895d1b8
[2025-08-08T15:32:15.996+0000][701.643s][1][129][trace] GC(108) _eden_chunk_array[117]=0x00000000f89b5e30
[2025-08-08T15:32:15.996+0000][701.643s][1][129][trace] GC(108) _eden_chunk_array[118]=0x00000000f89e0190
[2025-08-08T15:32:15.996+0000][701.643s][1][129][trace] GC(108) _eden_chunk_array[119]=0x00000000f8a0a500
[2025-08-08T15:32:15.996+0000][701.643s][1][129][trace] GC(108) _eden_chunk_array[120]=0x00000000f8a34878
[2025-08-08T15:32:15.996+0000][701.643s][1][129][trace] GC(108) _eden_chunk_array[121]=0x00000000f8a5ebe8
[2025-08-08T15:32:15.996+0000][701.643s][1][129][trace] GC(108) _eden_chunk_array[122]=0x00000000f8a9af00
[2025-08-08T15:32:15.996+0000][701.643s][1][129][trace] GC(108) _eden_chunk_array[123]=0x00000000f8ac5280
[2025-08-08T15:32:15.996+0000][701.643s][1][129][trace] GC(108) _eden_chunk_array[124]=0x00000000f8ae83b8
[2025-08-08T15:32:15.996+0000][701.643s][1][129][trace] GC(108) _eden_chunk_array[125]=0x00000000f8b083e0
[2025-08-08T15:32:15.996+0000][701.643s][1][129][trace] GC(108) _eden_chunk_array[126]=0x00000000f8b283f8
[2025-08-08T15:32:15.996+0000][701.643s][1][129][trace] GC(108) _eden_chunk_array[127]=0x00000000f8b48410
[2025-08-08T15:32:15.996+0000][701.643s][1][129][trace] GC(108) _eden_chunk_array[128]=0x00000000f8b68710
[2025-08-08T15:32:15.996+0000][701.643s][1][129][trace] GC(108) _eden_chunk_array[129]=0x00000000f8b89640
[2025-08-08T15:32:15.996+0000][701.643s][1][129][trace] GC(108) _eden_chunk_array[130]=0x00000000f8bad128
[2025-08-08T15:32:15.996+0000][701.643s][1][129][trace] GC(108) _eden_chunk_array[131]=0x00000000f8bd0260
[2025-08-08T15:32:15.996+0000][701.643s][1][129][trace] GC(108) _eden_chunk_array[132]=0x00000000f8bf33a0
[2025-08-08T15:32:15.996+0000][701.643s][1][129][trace] GC(108) _eden_chunk_array[133]=0x00000000f8c2eb30
[2025-08-08T15:32:15.996+0000][701.643s][1][129][trace] GC(108) _eden_chunk_array[134]=0x00000000f8c64158
[2025-08-08T15:32:15.996+0000][701.643s][1][129][trace] GC(108) _eden_chunk_array[135]=0x00000000f8c93080
[2025-08-08T15:32:15.996+0000][701.643s][1][129][trace] GC(108) _eden_chunk_array[136]=0x00000000f8cb4de8
[2025-08-08T15:32:15.996+0000][701.643s][1][129][trace] GC(108) _eden_chunk_array[137]=0x00000000f8d14a10
[2025-08-08T15:32:15.996+0000][701.643s][1][129][trace] GC(108) _eden_chunk_array[138]=0x00000000f8d5a268
[2025-08-08T15:32:15.996+0000][701.643s][1][129][trace] GC(108) _eden_chunk_array[139]=0x00000000f8d8dd38
[2025-08-08T15:32:15.996+0000][701.643s][1][129][trace] GC(108) _eden_chunk_array[140]=0x00000000f8dc17e8
[2025-08-08T15:32:15.996+0000][701.643s][1][129][trace] GC(108) _eden_chunk_array[141]=0x00000000f8dec658
[2025-08-08T15:32:15.996+0000][701.643s][1][129][trace] GC(108) _eden_chunk_array[142]=0x00000000f8e0eaa0
[2025-08-08T15:32:15.996+0000][701.643s][1][129][trace] GC(108) _eden_chunk_array[143]=0x00000000f8e30dc8
[2025-08-08T15:32:15.996+0000][701.643s][1][129][trace] GC(108) _eden_chunk_array[144]=0x00000000f8e5e848
[2025-08-08T15:32:15.996+0000][701.643s][1][129][trace] GC(108) _eden_chunk_array[145]=0x00000000f8e7eda8
[2025-08-08T15:32:15.996+0000][701.643s][1][129][trace] GC(108) _eden_chunk_array[146]=0x00000000f8ed3c18
[2025-08-08T15:32:15.996+0000][701.643s][1][129][trace] GC(108) _eden_chunk_array[147]=0x00000000f8f0f2e8
[2025-08-08T15:32:15.996+0000][701.643s][1][129][trace] GC(108) _eden_chunk_array[148]=0x00000000f8f3af38
[2025-08-08T15:32:15.996+0000][701.643s][1][129][trace] GC(108) _eden_chunk_array[149]=0x00000000f8f7d3c0
[2025-08-08T15:32:15.996+0000][701.643s][1][129][trace] GC(108) _eden_chunk_array[150]=0x00000000f8fa9000
[2025-08-08T15:32:15.996+0000][701.643s][1][129][trace] GC(108) _eden_chunk_array[151]=0x00000000f8fcb538
[2025-08-08T15:32:15.996+0000][701.643s][1][129][trace] GC(108) _eden_chunk_array[152]=0x00000000f8ff7178
[2025-08-08T15:32:15.996+0000][701.643s][1][129][trace] GC(108) _eden_chunk_array[153]=0x00000000f9022e08
[2025-08-08T15:32:15.996+0000][701.643s][1][129][trace] GC(108) _eden_chunk_array[154]=0x00000000f907e470
[2025-08-08T15:32:15.996+0000][701.643s][1][129][trace] GC(108) _eden_chunk_array[155]=0x00000000f909ee40
[2025-08-08T15:32:15.996+0000][701.643s][1][129][trace] GC(108) _eden_chunk_array[156]=0x00000000f90bf1c8
[2025-08-08T15:32:15.996+0000][701.643s][1][129][trace] GC(108) _eden_chunk_array[157]=0x00000000f90e7d00
[2025-08-08T15:32:15.996+0000][701.643s][1][129][trace] GC(108) _eden_chunk_array[158]=0x00000000f9119878
[2025-08-08T15:32:15.996+0000][701.643s][1][129][trace] GC(108) _eden_chunk_array[159]=0x00000000f9151450
[2025-08-08T15:32:15.996+0000][701.643s][1][129][trace] GC(108) _eden_chunk_array[160]=0x00000000f91b09f0
[2025-08-08T15:32:15.996+0000][701.643s][1][129][trace] GC(108) _eden_chunk_array[161]=0x00000000f91dad88
[2025-08-08T15:32:15.996+0000][701.643s][1][129][trace] GC(108) _eden_chunk_array[162]=0x00000000f92050f0
[2025-08-08T15:32:15.996+0000][701.643s][1][129][trace] GC(108) _eden_chunk_array[163]=0x00000000f922f458
[2025-08-08T15:32:15.996+0000][701.643s][1][129][trace] GC(108) _eden_chunk_array[164]=0x00000000f92597e0
[2025-08-08T15:32:15.996+0000][701.643s][1][129][trace] GC(108) _eden_chunk_array[165]=0x00000000f92a41f8
[2025-08-08T15:32:15.996+0000][701.643s][1][129][trace] GC(108) _eden_chunk_array[166]=0x00000000f9303df0
[2025-08-08T15:32:15.996+0000][701.643s][1][129][trace] GC(108) _eden_chunk_array[167]=0x00000000f932e158
[2025-08-08T15:32:15.996+0000][701.643s][1][129][trace] GC(108) _eden_chunk_array[168]=0x00000000f9351500
[2025-08-08T15:32:15.996+0000][701.643s][1][129][trace] GC(108) _eden_chunk_array[169]=0x00000000f9376880
[2025-08-08T15:32:15.996+0000][701.643s][1][129][trace] GC(108) _eden_chunk_array[170]=0x00000000f93999a8
[2025-08-08T15:32:15.996+0000][701.643s][1][129][trace] GC(108) _eden_chunk_array[171]=0x00000000f93df210
[2025-08-08T15:32:15.996+0000][701.643s][1][129][trace] GC(108) _eden_chunk_array[172]=0x00000000f9402368
[2025-08-08T15:32:15.996+0000][701.643s][1][129][trace] GC(108) _eden_chunk_array[173]=0x00000000f942e9e0
[2025-08-08T15:32:15.996+0000][701.643s][1][129][trace] GC(108) _eden_chunk_array[174]=0x00000000f9462d90
[2025-08-08T15:32:15.996+0000][701.643s][1][129][trace] GC(108) _eden_chunk_array[175]=0x00000000f9483e80
[2025-08-08T15:32:15.996+0000][701.643s][1][129][trace] GC(108) _eden_chunk_array[176]=0x00000000f94bf730
[2025-08-08T15:32:15.996+0000][701.643s][1][129][trace] GC(108) _eden_chunk_array[177]=0x00000000f9524ee0
[2025-08-08T15:32:15.996+0000][701.643s][1][129][trace] GC(108) _eden_chunk_array[178]=0x00000000f9564d68
[2025-08-08T15:32:15.996+0000][701.643s][1][129][trace] GC(108) _eden_chunk_array[179]=0x00000000f95a4c18
[2025-08-08T15:32:15.996+0000][701.643s][1][129][trace] GC(108) _eden_chunk_array[180]=0x00000000f95c6860
[2025-08-08T15:32:15.996+0000][701.643s][1][129][trace] GC(108) _eden_chunk_array[181]=0x00000000f95efa90
[2025-08-08T15:32:15.996+0000][701.643s][1][129][trace] GC(108) _eden_chunk_array[182]=0x00000000f9610388
[2025-08-08T15:32:15.996+0000][701.643s][1][129][trace] GC(108) _eden_chunk_array[183]=0x00000000f96641f8
[2025-08-08T15:32:15.996+0000][701.643s][1][129][trace] GC(108) _eden_chunk_array[184]=0x00000000f968c468
[2025-08-08T15:32:15.996+0000][701.643s][1][129][trace] GC(108) _eden_chunk_array[185]=0x00000000f96b04c0
[2025-08-08T15:32:15.996+0000][701.643s][1][129][trace] GC(108) _eden_chunk_array[186]=0x00000000f96da9b8
[2025-08-08T15:32:15.996+0000][701.643s][1][129][trace] GC(108) _eden_chunk_array[187]=0x00000000f96fce08
[2025-08-08T15:32:15.996+0000][701.643s][1][129][trace] GC(108) _eden_chunk_array[188]=0x00000000f971f250
[2025-08-08T15:32:15.996+0000][701.643s][1][129][trace] GC(108) _eden_chunk_array[189]=0x00000000f9740d20
[2025-08-08T15:32:15.996+0000][701.643s][1][129][trace] GC(108) _eden_chunk_array[190]=0x00000000f9764ab0
[2025-08-08T15:32:15.996+0000][701.643s][1][129][trace] GC(108) _eden_chunk_array[191]=0x00000000f97aa308
[2025-08-08T15:32:15.996+0000][701.643s][1][129][trace] GC(108) _eden_chunk_array[192]=0x00000000f97ce108
[2025-08-08T15:32:15.996+0000][701.643s][1][129][trace] GC(108) _eden_chunk_array[193]=0x00000000f980df80
[2025-08-08T15:32:15.996+0000][701.643s][1][129][trace] GC(108) _eden_chunk_array[194]=0x00000000f984de00
[2025-08-08T15:32:15.996+0000][701.643s][1][129][trace] GC(108) _eden_chunk_array[195]=0x00000000f986fa88
[2025-08-08T15:32:15.996+0000][701.643s][1][129][trace] GC(108) _eden_chunk_array[196]=0x00000000f9899cd0
[2025-08-08T15:32:15.996+0000][701.643s][1][129][trace] GC(108) _eden_chunk_array[197]=0x00000000f98bd6d8
[2025-08-08T15:32:15.996+0000][701.643s][1][129][trace] GC(108) _eden_chunk_array[198]=0x00000000f98eca98
[2025-08-08T15:32:15.996+0000][701.643s][1][129][trace] GC(108) _eden_chunk_array[199]=0x00000000f9918838
[2025-08-08T15:32:15.996+0000][701.643s][1][129][trace] GC(108) _eden_chunk_array[200]=0x00000000f99405e0
[2025-08-08T15:32:15.996+0000][701.643s][1][129][trace] GC(108) _eden_chunk_array[201]=0x00000000f9964370
[2025-08-08T15:32:15.996+0000][701.643s][1][129][trace] GC(108) _eden_chunk_array[202]=0x00000000f99a9bc8
[2025-08-08T15:32:15.996+0000][701.643s][1][129][trace] GC(108) _eden_chunk_array[203]=0x00000000f99f45e8
[2025-08-08T15:32:15.996+0000][701.643s][1][129][trace] GC(108) _eden_chunk_array[204]=0x00000000f9a40c50
[2025-08-08T15:32:15.996+0000][701.643s][1][129][trace] GC(108) _eden_chunk_array[205]=0x00000000f9a63198
[2025-08-08T15:32:15.996+0000][701.643s][1][129][trace] GC(108) _eden_chunk_array[206]=0x00000000f9a856d8
[2025-08-08T15:32:15.996+0000][701.643s][1][129][trace] GC(108) _eden_chunk_array[207]=0x00000000f9aa7c10
[2025-08-08T15:32:15.996+0000][701.643s][1][129][trace] GC(108) _eden_chunk_array[208]=0x00000000f9aca148
[2025-08-08T15:32:15.996+0000][701.643s][1][129][trace] GC(108) _eden_chunk_array[209]=0x00000000f9aec678
[2025-08-08T15:32:15.996+0000][701.643s][1][129][trace] GC(108) _eden_chunk_array[210]=0x00000000f9b0ebb8
[2025-08-08T15:32:15.996+0000][701.643s][1][129][trace] GC(108) _eden_chunk_array[211]=0x00000000f9b310f0
[2025-08-08T15:32:15.996+0000][701.643s][1][129][trace] GC(108) _eden_chunk_array[212]=0x00000000f9b51ad0
[2025-08-08T15:32:15.996+0000][701.643s][1][129][trace] GC(108) _eden_chunk_array[213]=0x00000000f9b72290
[2025-08-08T15:32:15.996+0000][701.643s][1][129][trace] GC(108) _eden_chunk_array[214]=0x00000000f9b92540
[2025-08-08T15:32:15.996+0000][701.643s][1][129][trace] GC(108) _eden_chunk_array[215]=0x00000000f9bbca38
[2025-08-08T15:32:15.996+0000][701.643s][1][129][trace] GC(108) _eden_chunk_array[216]=0x00000000f9be0818
[2025-08-08T15:32:15.996+0000][701.643s][1][129][trace] GC(108) _eden_chunk_array[217]=0x00000000f9c1e2f8
[2025-08-08T15:32:15.996+0000][701.643s][1][129][trace] GC(108) _eden_chunk_array[218]=0x00000000f9c6ccf8
[2025-08-08T15:32:15.996+0000][701.643s][1][129][trace] GC(108) _eden_chunk_array[219]=0x00000000f9c99358
[2025-08-08T15:32:15.996+0000][701.643s][1][129][trace] GC(108) _eden_chunk_array[220]=0x00000000f9cc7cf0
[2025-08-08T15:32:15.996+0000][701.643s][1][129][trace] GC(108) _eden_chunk_array[221]=0x00000000f9cf6650
[2025-08-08T15:32:15.996+0000][701.643s][1][129][trace] GC(108) _eden_chunk_array[222]=0x00000000f9d24fc0
[2025-08-08T15:32:15.996+0000][701.643s][1][129][trace] GC(108) _eden_chunk_array[223]=0x00000000f9d53938
[2025-08-08T15:32:15.996+0000][701.643s][1][129][trace] GC(108) _eden_chunk_array[224]=0x00000000f9d8eb88
[2025-08-08T15:32:15.996+0000][701.643s][1][129][trace] GC(108) _eden_chunk_array[225]=0x00000000f9daebb8
[2025-08-08T15:32:15.996+0000][701.643s][1][129][trace] GC(108) _eden_chunk_array[226]=0x00000000f9dcebd0
[2025-08-08T15:32:15.996+0000][701.643s][1][129][trace] GC(108) _eden_chunk_array[227]=0x00000000f9def608
[2025-08-08T15:32:15.996+0000][701.643s][1][129][trace] GC(108) _eden_chunk_array[228]=0x00000000f9e0fe60
[2025-08-08T15:32:15.996+0000][701.643s][1][129][trace] GC(108) _eden_chunk_array[229]=0x00000000f9e33e78
[2025-08-08T15:32:15.996+0000][701.643s][1][129][trace] GC(108) _eden_chunk_array[230]=0x00000000f9e67908
[2025-08-08T15:32:15.996+0000][701.643s][1][129][trace] GC(108) _eden_chunk_array[231]=0x00000000f9eaa1c8
[2025-08-08T15:32:15.996+0000][701.643s][1][129][trace] GC(108) _eden_chunk_array[232]=0x00000000f9ecd300
[2025-08-08T15:32:15.996+0000][701.643s][1][129][trace] GC(108) _eden_chunk_array[233]=0x00000000f9ef0438
[2025-08-08T15:32:15.996+0000][701.643s][1][129][trace] GC(108) _eden_chunk_array[234]=0x00000000f9f13570
[2025-08-08T15:32:15.996+0000][701.643s][1][129][trace] GC(108) _eden_chunk_array[235]=0x00000000f9f366b8
[2025-08-08T15:32:15.996+0000][701.643s][1][129][trace] GC(108) _eden_chunk_array[236]=0x00000000f9f59808
[2025-08-08T15:32:15.996+0000][701.643s][1][129][trace] GC(108) _eden_chunk_array[237]=0x00000000f9f7c940
[2025-08-08T15:32:15.996+0000][701.643s][1][129][trace] GC(108) _eden_chunk_array[238]=0x00000000f9f9c968
[2025-08-08T15:32:15.996+0000][701.643s][1][129][trace] GC(108) _eden_chunk_array[239]=0x00000000f9fcf668
[2025-08-08T15:32:15.996+0000][701.643s][1][129][trace] GC(108) _eden_chunk_array[240]=0x00000000f9fef698
[2025-08-08T15:32:15.996+0000][701.643s][1][129][trace] GC(108) _eden_chunk_array[241]=0x00000000fa00f6c8
[2025-08-08T15:32:15.996+0000][701.643s][1][129][trace] GC(108) _eden_chunk_array[242]=0x00000000fa05a100
[2025-08-08T15:32:15.996+0000][701.643s][1][129][trace] GC(108) _eden_chunk_array[243]=0x00000000fa08a198
[2025-08-08T15:32:15.996+0000][701.644s][1][129][trace] GC(108) _eden_chunk_array[244]=0x00000000fa0ae310
[2025-08-08T15:32:15.996+0000][701.644s][1][129][trace] GC(108) _eden_chunk_array[245]=0x00000000fa0de170
[2025-08-08T15:32:15.996+0000][701.644s][1][129][trace] GC(108) _eden_chunk_array[246]=0x00000000fa120780
[2025-08-08T15:32:15.996+0000][701.644s][1][129][trace] GC(108) _eden_chunk_array[247]=0x00000000fa152b00
[2025-08-08T15:32:15.996+0000][701.644s][1][129][trace] GC(108) _eden_chunk_array[248]=0x00000000fa173c60
[2025-08-08T15:32:15.996+0000][701.644s][1][129][trace] GC(108) _eden_chunk_array[249]=0x00000000fa194de8
[2025-08-08T15:32:15.996+0000][701.644s][1][129][trace] GC(108) _eden_chunk_array[250]=0x00000000fa1b5f48
[2025-08-08T15:32:15.996+0000][701.644s][1][129][trace] GC(108) _eden_chunk_array[251]=0x00000000fa1d70a0
[2025-08-08T15:32:15.996+0000][701.644s][1][129][trace] GC(108) _eden_chunk_array[252]=0x00000000fa1f8200
[2025-08-08T15:32:15.996+0000][701.644s][1][129][trace] GC(108) _eden_chunk_array[253]=0x00000000fa24fe88
[2025-08-08T15:32:15.996+0000][701.644s][1][129][trace] GC(108) _eden_chunk_array[254]=0x00000000fa270fe0
[2025-08-08T15:32:15.996+0000][701.644s][1][129][trace] GC(108) _eden_chunk_array[255]=0x00000000fa2bba00
[2025-08-08T15:32:15.996+0000][701.644s][1][129][trace] GC(108) _eden_chunk_array[256]=0x00000000fa2f1758
[2025-08-08T15:32:15.996+0000][701.644s][1][129][trace] GC(108) _eden_chunk_array[257]=0x00000000fa314b88
[2025-08-08T15:32:15.996+0000][701.644s][1][129][trace] GC(108) _eden_chunk_array[258]=0x00000000fa334ce8
[2025-08-08T15:32:15.996+0000][701.644s][1][129][trace] GC(108) _eden_chunk_array[259]=0x00000000fa37a550
[2025-08-08T15:32:15.996+0000][701.644s][1][129][trace] GC(108) _eden_chunk_array[260]=0x00000000fa3a8448
[2025-08-08T15:32:15.996+0000][701.644s][1][129][trace] GC(108) _eden_chunk_array[261]=0x00000000fa3ce1b8
[2025-08-08T15:32:15.996+0000][701.644s][1][129][trace] GC(108) _eden_chunk_array[262]=0x00000000fa3f06f8
[2025-08-08T15:32:15.996+0000][701.644s][1][129][trace] GC(108) _eden_chunk_array[263]=0x00000000fa4321b8
[2025-08-08T15:32:15.996+0000][701.644s][1][129][trace] GC(108) _eden_chunk_array[264]=0x00000000fa460b28
[2025-08-08T15:32:15.996+0000][701.644s][1][129][trace] GC(108) _eden_chunk_array[265]=0x00000000fa48f4b0
[2025-08-08T15:32:15.996+0000][701.644s][1][129][trace] GC(108) _eden_chunk_array[266]=0x00000000fa4bde50
[2025-08-08T15:32:15.996+0000][701.644s][1][129][trace] GC(108) _eden_chunk_array[267]=0x00000000fa4ee438
[2025-08-08T15:32:15.996+0000][701.644s][1][129][trace] GC(108) _eden_chunk_array[268]=0x00000000fa51cde8
[2025-08-08T15:32:15.996+0000][701.644s][1][129][trace] GC(108) _eden_chunk_array[269]=0x00000000fa5677f0
[2025-08-08T15:32:15.996+0000][701.644s][1][129][trace] GC(108) _eden_chunk_array[270]=0x00000000fa58b2e8
[2025-08-08T15:32:15.996+0000][701.644s][1][129][trace] GC(108) _eden_chunk_array[271]=0x00000000fa5ab370
[2025-08-08T15:32:15.996+0000][701.644s][1][129][trace] GC(108) _eden_chunk_array[272]=0x00000000fa5cdfc0
[2025-08-08T15:32:15.996+0000][701.644s][1][129][trace] GC(108) _eden_chunk_array[273]=0x00000000fa625ea8
[2025-08-08T15:32:15.996+0000][701.644s][1][129][trace] GC(108) _eden_chunk_array[274]=0x00000000fa65d550
[2025-08-08T15:32:15.996+0000][701.644s][1][129][trace] GC(108) _eden_chunk_array[275]=0x00000000fa67fa90
[2025-08-08T15:32:15.996+0000][701.644s][1][129][trace] GC(108) _eden_chunk_array[276]=0x00000000fa6c52f0
[2025-08-08T15:32:15.996+0000][701.644s][1][129][trace] GC(108) _eden_chunk_array[277]=0x00000000fa6f3c58
[2025-08-08T15:32:15.996+0000][701.644s][1][129][trace] GC(108) _eden_chunk_array[278]=0x00000000fa7403a8
[2025-08-08T15:32:15.996+0000][701.644s][1][129][trace] GC(108) _eden_chunk_array[279]=0x00000000fa7627f0
[2025-08-08T15:32:15.996+0000][701.644s][1][129][trace] GC(108) _eden_chunk_array[280]=0x00000000fa784c30
[2025-08-08T15:32:15.996+0000][701.644s][1][129][trace] GC(108) _eden_chunk_array[281]=0x00000000fa7a7088
[2025-08-08T15:32:15.996+0000][701.644s][1][129][trace] GC(108) _eden_chunk_array[282]=0x00000000fa7c94e8
[2025-08-08T15:32:15.996+0000][701.644s][1][129][trace] GC(108) _eden_chunk_array[283]=0x00000000fa7eb938
[2025-08-08T15:32:15.996+0000][701.644s][1][129][trace] GC(108) _eden_chunk_array[284]=0x00000000fa80dd90
[2025-08-08T15:32:15.996+0000][701.644s][1][129][trace] GC(108) _eden_chunk_array[285]=0x00000000fa8301e8
[2025-08-08T15:32:15.996+0000][701.644s][1][129][trace] GC(108) _eden_chunk_array[286]=0x00000000fa856168
[2025-08-08T15:32:15.996+0000][701.644s][1][129][trace] GC(108) _eden_chunk_array[287]=0x00000000fa88c420
[2025-08-08T15:32:15.996+0000][701.644s][1][129][trace] GC(108) _eden_chunk_array[288]=0x00000000fa8bf590
[2025-08-08T15:32:15.996+0000][701.644s][1][129][trace] GC(108) _eden_chunk_array[289]=0x00000000fa8fc410
[2025-08-08T15:32:15.996+0000][701.644s][1][129][trace] GC(108) _eden_chunk_array[290]=0x00000000fa927558
[2025-08-08T15:32:15.996+0000][701.644s][1][129][trace] GC(108) _eden_chunk_array[291]=0x00000000fa94b2e0
[2025-08-08T15:32:15.996+0000][701.644s][1][129][trace] GC(108) _eden_chunk_array[292]=0x00000000fa96cf28
[2025-08-08T15:32:15.996+0000][701.644s][1][129][trace] GC(108) _eden_chunk_array[293]=0x00000000fa9d26b8
[2025-08-08T15:32:15.996+0000][701.644s][1][129][trace] GC(108) _eden_chunk_array[294]=0x00000000faa1d0c0
[2025-08-08T15:32:15.996+0000][701.644s][1][129][trace] GC(108) _eden_chunk_array[295]=0x00000000faa5cf38
[2025-08-08T15:32:15.996+0000][701.644s][1][129][trace] GC(108) _eden_chunk_array[296]=0x00000000faa9cdc0
[2025-08-08T15:32:15.996+0000][701.644s][1][129][trace] GC(108) _eden_chunk_array[297]=0x00000000faadcc78
[2025-08-08T15:32:15.996+0000][701.644s][1][129][trace] GC(108) _eden_chunk_array[298]=0x00000000fab08bf0
[2025-08-08T15:32:15.996+0000][701.644s][1][129][trace] GC(108) _eden_chunk_array[299]=0x00000000fab3eca0
[2025-08-08T15:32:15.996+0000][701.644s][1][129][trace] GC(108) _eden_chunk_array[300]=0x00000000fab72720
[2025-08-08T15:32:15.996+0000][701.644s][1][129][trace] GC(108) _eden_chunk_array[301]=0x00000000fabbd128
[2025-08-08T15:32:15.996+0000][701.644s][1][129][trace] GC(108) _eden_chunk_array[302]=0x00000000fac0fb50
[2025-08-08T15:32:15.996+0000][701.644s][1][129][trace] GC(108) _eden_chunk_array[303]=0x00000000fac553a8
[2025-08-08T15:32:15.996+0000][701.644s][1][129][trace] GC(108) _eden_chunk_array[304]=0x00000000fac88db8
[2025-08-08T15:32:15.996+0000][701.644s][1][129][trace] GC(108) _eden_chunk_array[305]=0x00000000facabf08
[2025-08-08T15:32:15.996+0000][701.644s][1][129][trace] GC(108) _eden_chunk_array[306]=0x00000000faccf048
[2025-08-08T15:32:15.996+0000][701.644s][1][129][trace] GC(108) _eden_chunk_array[307]=0x00000000facf3d08
[2025-08-08T15:32:15.996+0000][701.644s][1][129][trace] GC(108) _eden_chunk_array[308]=0x00000000fad16e50
[2025-08-08T15:32:15.996+0000][701.644s][1][129][trace] GC(108) _eden_chunk_array[309]=0x00000000fad44528
[2025-08-08T15:32:15.996+0000][701.644s][1][129][trace] GC(108) _eden_chunk_array[310]=0x00000000fad66ee8
[2025-08-08T15:32:15.996+0000][701.644s][1][129][trace] GC(108) _eden_chunk_array[311]=0x00000000fad87a90
[2025-08-08T15:32:15.996+0000][701.644s][1][129][trace] GC(108) _eden_chunk_array[312]=0x00000000fada8d68
[2025-08-08T15:32:15.996+0000][701.644s][1][129][trace] GC(108) _eden_chunk_array[313]=0x00000000fadc8db8
[2025-08-08T15:32:15.996+0000][701.644s][1][129][trace] GC(108) _eden_chunk_array[314]=0x00000000fade8de0
[2025-08-08T15:32:15.996+0000][701.644s][1][129][trace] GC(108) _eden_chunk_array[315]=0x00000000fae13df0
[2025-08-08T15:32:15.996+0000][701.644s][1][129][trace] GC(108) _eden_chunk_array[316]=0x00000000fae3fa50
[2025-08-08T15:32:15.996+0000][701.644s][1][129][trace] GC(108) _eden_chunk_array[317]=0x00000000fae61f80
[2025-08-08T15:32:15.996+0000][701.644s][1][129][trace] GC(108) _eden_chunk_array[318]=0x00000000faea77d8
[2025-08-08T15:32:15.996+0000][701.644s][1][129][trace] GC(108) _eden_chunk_array[319]=0x00000000faec9d10
[2025-08-08T15:32:15.996+0000][701.644s][1][129][trace] GC(108) _eden_chunk_array[320]=0x00000000faeec240
[2025-08-08T15:32:15.997+0000][701.644s][1][129][trace] GC(108) _eden_chunk_array[321]=0x00000000faf0e780
[2025-08-08T15:32:15.997+0000][701.644s][1][129][trace] GC(108) _eden_chunk_array[322]=0x00000000faf30cb0
[2025-08-08T15:32:15.997+0000][701.644s][1][129][trace] GC(108) _eden_chunk_array[323]=0x00000000faf531f0
[2025-08-08T15:32:15.997+0000][701.644s][1][129][trace] GC(108) _eden_chunk_array[324]=0x00000000faf75738
[2025-08-08T15:32:15.997+0000][701.644s][1][129][trace] GC(108) _eden_chunk_array[325]=0x00000000fafc0158
[2025-08-08T15:32:15.997+0000][701.644s][1][129][trace] GC(108) _eden_chunk_array[326]=0x00000000fafe3290
[2025-08-08T15:32:15.997+0000][701.644s][1][129][trace] GC(108) _eden_chunk_array[327]=0x00000000fb003f80
[2025-08-08T15:32:15.997+0000][701.644s][1][129][trace] GC(108) _eden_chunk_array[328]=0x00000000fb02f1e0
[2025-08-08T15:32:15.997+0000][701.644s][1][129][trace] GC(108) survivor 0x00000000fd410000-0x00000000fd410000-0x00000000fe780000(20381696)
[2025-08-08T15:32:15.997+0000][701.644s][1][129][trace] GC(108) _survivor_chunk_index=0, _survivor_chunk_capacity=9952
[2025-08-08T15:32:16.021+0000][701.668s][1][129][info ] GC(108) Pause Initial Mark 125M->125M(180M) 26.374ms
[2025-08-08T15:32:16.021+0000][701.669s][1][129][info ] Leaving safepoint region
[2025-08-08T15:32:16.021+0000][701.669s][1][129][info ] Total time for which application threads were stopped: 0.0266219 seconds, Stopping threads took: 0.0000327 seconds
[2025-08-08T15:32:16.021+0000][701.669s][1][128][info ] GC(108) Concurrent Mark
[2025-08-08T15:32:16.024+0000][701.672s][1][128][info ] GC(108) Concurrent Mark 3.092ms
[2025-08-08T15:32:16.024+0000][701.672s][1][128][info ] GC(108) Concurrent Preclean
[2025-08-08T15:32:16.025+0000][701.672s][1][128][info ] GC(108) Concurrent Preclean 0.194ms
[2025-08-08T15:32:16.025+0000][701.672s][1][128][info ] GC(108) Concurrent Abortable Preclean
[2025-08-08T15:32:16.025+0000][701.672s][1][128][trace] CMS: promo attempt is not safe: available(24) < av_promo(2794949), max_promo(126022112)
[2025-08-08T15:32:16.025+0000][701.672s][1][128][info ] GC(108) Concurrent Abortable Preclean 0.014ms
[2025-08-08T15:32:16.025+0000][701.672s][1][129][info ] Application time: 0.0035711 seconds
[2025-08-08T15:32:16.025+0000][701.672s][1][129][info ] Entering safepoint region: CMS_Final_Remark
[2025-08-08T15:32:16.025+0000][701.672s][1][129][trace] GC(108) eden 0x00000000f3800000-0x00000000fb02f1e0-0x00000000fd410000(163643392)
[2025-08-08T15:32:16.025+0000][701.672s][1][129][trace] GC(108) _eden_chunk_index=329, _eden_chunk_capacity=11233
[2025-08-08T15:32:16.025+0000][701.672s][1][129][trace] GC(108) _eden_chunk_array[0]=0x00000000f7444bb8
[2025-08-08T15:32:16.025+0000][701.672s][1][129][trace] GC(108) _eden_chunk_array[1]=0x00000000f7469938
[2025-08-08T15:32:16.025+0000][701.672s][1][129][trace] GC(108) _eden_chunk_array[2]=0x00000000f74aff58
[2025-08-08T15:32:16.025+0000][701.672s][1][129][trace] GC(108) _eden_chunk_array[3]=0x00000000f74d0a88
[2025-08-08T15:32:16.025+0000][701.672s][1][129][trace] GC(108) _eden_chunk_array[4]=0x00000000f751b4a8
[2025-08-08T15:32:16.025+0000][701.672s][1][129][trace] GC(108) _eden_chunk_array[5]=0x00000000f7541788
[2025-08-08T15:32:16.025+0000][701.672s][1][129][trace] GC(108) _eden_chunk_array[6]=0x00000000f75631d8
[2025-08-08T15:32:16.025+0000][701.672s][1][129][trace] GC(108) _eden_chunk_array[7]=0x00000000f7598108
[2025-08-08T15:32:16.025+0000][701.672s][1][129][trace] GC(108) _eden_chunk_array[8]=0x00000000f75ba638
[2025-08-08T15:32:16.025+0000][701.672s][1][129][trace] GC(108) _eden_chunk_array[9]=0x00000000f75dd770
[2025-08-08T15:32:16.025+0000][701.672s][1][129][trace] GC(108) _eden_chunk_array[10]=0x00000000f75ffca8
[2025-08-08T15:32:16.025+0000][701.672s][1][129][trace] GC(108) _eden_chunk_array[11]=0x00000000f76221f0
[2025-08-08T15:32:16.025+0000][701.672s][1][129][trace] GC(108) _eden_chunk_array[12]=0x00000000f7645e60
[2025-08-08T15:32:16.025+0000][701.672s][1][129][trace] GC(108) _eden_chunk_array[13]=0x00000000f7667e88
[2025-08-08T15:32:16.025+0000][701.672s][1][129][trace] GC(108) _eden_chunk_array[14]=0x00000000f769af40
[2025-08-08T15:32:16.025+0000][701.672s][1][129][trace] GC(108) _eden_chunk_array[15]=0x00000000f76c4168
[2025-08-08T15:32:16.025+0000][701.672s][1][129][trace] GC(108) _eden_chunk_array[16]=0x00000000f76eff48
[2025-08-08T15:32:16.025+0000][701.672s][1][129][trace] GC(108) _eden_chunk_array[17]=0x00000000f7712388
[2025-08-08T15:32:16.025+0000][701.672s][1][129][trace] GC(108) _eden_chunk_array[18]=0x00000000f7757bd0
[2025-08-08T15:32:16.025+0000][701.672s][1][129][trace] GC(108) _eden_chunk_array[19]=0x00000000f7777be8
[2025-08-08T15:32:16.025+0000][701.672s][1][129][trace] GC(108) _eden_chunk_array[20]=0x00000000f779b980
[2025-08-08T15:32:16.025+0000][701.672s][1][129][trace] GC(108) _eden_chunk_array[21]=0x00000000f77bf710
[2025-08-08T15:32:16.025+0000][701.672s][1][129][trace] GC(108) _eden_chunk_array[22]=0x00000000f7801aa8
[2025-08-08T15:32:16.025+0000][701.672s][1][129][trace] GC(108) _eden_chunk_array[23]=0x00000000f784c4c8
[2025-08-08T15:32:16.025+0000][701.672s][1][129][trace] GC(108) _eden_chunk_array[24]=0x00000000f786e918
[2025-08-08T15:32:16.025+0000][701.672s][1][129][trace] GC(108) _eden_chunk_array[25]=0x00000000f7890d60
[2025-08-08T15:32:16.025+0000][701.672s][1][129][trace] GC(108) _eden_chunk_array[26]=0x00000000f78b31b8
[2025-08-08T15:32:16.025+0000][701.672s][1][129][trace] GC(108) _eden_chunk_array[27]=0x00000000f78d5610
[2025-08-08T15:32:16.025+0000][701.672s][1][129][trace] GC(108) _eden_chunk_array[28]=0x00000000f78f7a70
[2025-08-08T15:32:16.025+0000][701.672s][1][129][trace] GC(108) _eden_chunk_array[29]=0x00000000f791bd80
[2025-08-08T15:32:16.025+0000][701.672s][1][129][trace] GC(108) _eden_chunk_array[30]=0x00000000f7950e60
[2025-08-08T15:32:16.025+0000][701.672s][1][129][trace] GC(108) _eden_chunk_array[31]=0x00000000f79754c0
[2025-08-08T15:32:16.025+0000][701.672s][1][129][trace] GC(108) _eden_chunk_array[32]=0x00000000f79a6708
[2025-08-08T15:32:16.025+0000][701.672s][1][129][trace] GC(108) _eden_chunk_array[33]=0x00000000f79c8b60
[2025-08-08T15:32:16.025+0000][701.672s][1][129][trace] GC(108) _eden_chunk_array[34]=0x00000000f7a135c0
[2025-08-08T15:32:16.025+0000][701.672s][1][129][trace] GC(108) _eden_chunk_array[35]=0x00000000f7a47230
[2025-08-08T15:32:16.025+0000][701.673s][1][129][trace] GC(108) _eden_chunk_array[36]=0x00000000f7a6a370
[2025-08-08T15:32:16.025+0000][701.673s][1][129][trace] GC(108) _eden_chunk_array[37]=0x00000000f7a8d4b0
[2025-08-08T15:32:16.025+0000][701.673s][1][129][trace] GC(108) _eden_chunk_array[38]=0x00000000f7ad2d10
[2025-08-08T15:32:16.025+0000][701.673s][1][129][trace] GC(108) _eden_chunk_array[39]=0x00000000f7af5e48
[2025-08-08T15:32:16.025+0000][701.673s][1][129][trace] GC(108) _eden_chunk_array[40]=0x00000000f7b18f98
[2025-08-08T15:32:16.025+0000][701.673s][1][129][trace] GC(108) _eden_chunk_array[41]=0x00000000f7b5e7e0
[2025-08-08T15:32:16.025+0000][701.673s][1][129][trace] GC(108) _eden_chunk_array[42]=0x00000000f7b81928
[2025-08-08T15:32:16.025+0000][701.673s][1][129][trace] GC(108) _eden_chunk_array[43]=0x00000000f7ba4a70
[2025-08-08T15:32:16.025+0000][701.673s][1][129][trace] GC(108) _eden_chunk_array[44]=0x00000000f7bc5f98
[2025-08-08T15:32:16.025+0000][701.673s][1][129][trace] GC(108) _eden_chunk_array[45]=0x00000000f7c017b8
[2025-08-08T15:32:16.025+0000][701.673s][1][129][trace] GC(108) _eden_chunk_array[46]=0x00000000f7c29598
[2025-08-08T15:32:16.025+0000][701.673s][1][129][trace] GC(108) _eden_chunk_array[47]=0x00000000f7c5caa8
[2025-08-08T15:32:16.025+0000][701.673s][1][129][trace] GC(108) _eden_chunk_array[48]=0x00000000f7c80840
[2025-08-08T15:32:16.025+0000][701.673s][1][129][trace] GC(108) _eden_chunk_array[49]=0x00000000f7caabb8
[2025-08-08T15:32:16.025+0000][701.673s][1][129][trace] GC(108) _eden_chunk_array[50]=0x00000000f7cce950
[2025-08-08T15:32:16.025+0000][701.673s][1][129][trace] GC(108) _eden_chunk_array[51]=0x00000000f7cf8cb0
[2025-08-08T15:32:16.025+0000][701.673s][1][129][trace] GC(108) _eden_chunk_array[52]=0x00000000f7d23028
[2025-08-08T15:32:16.025+0000][701.673s][1][129][trace] GC(108) _eden_chunk_array[53]=0x00000000f7d4d398
[2025-08-08T15:32:16.025+0000][701.673s][1][129][trace] GC(108) _eden_chunk_array[54]=0x00000000f7dacf70
[2025-08-08T15:32:16.025+0000][701.673s][1][129][trace] GC(108) _eden_chunk_array[55]=0x00000000f7dcd2a0
[2025-08-08T15:32:16.025+0000][701.673s][1][129][trace] GC(108) _eden_chunk_array[56]=0x00000000f7deee48
[2025-08-08T15:32:16.025+0000][701.673s][1][129][trace] GC(108) _eden_chunk_array[57]=0x00000000f7e0f710
[2025-08-08T15:32:16.025+0000][701.673s][1][129][trace] GC(108) _eden_chunk_array[58]=0x00000000f7e64520
[2025-08-08T15:32:16.025+0000][701.673s][1][129][trace] GC(108) _eden_chunk_array[59]=0x00000000f7e8bcb8
[2025-08-08T15:32:16.025+0000][701.673s][1][129][trace] GC(108) _eden_chunk_array[60]=0x00000000f7eafa40
[2025-08-08T15:32:16.025+0000][701.673s][1][129][trace] GC(108) _eden_chunk_array[61]=0x00000000f7ed37c8
[2025-08-08T15:32:16.025+0000][701.673s][1][129][trace] GC(108) _eden_chunk_array[62]=0x00000000f7f19028
[2025-08-08T15:32:16.025+0000][701.673s][1][129][trace] GC(108) _eden_chunk_array[63]=0x00000000f7f42ad8
[2025-08-08T15:32:16.025+0000][701.673s][1][129][trace] GC(108) _eden_chunk_array[64]=0x00000000f7f6e720
[2025-08-08T15:32:16.025+0000][701.673s][1][129][trace] GC(108) _eden_chunk_array[65]=0x00000000f7f99710
[2025-08-08T15:32:16.025+0000][701.673s][1][129][trace] GC(108) _eden_chunk_array[66]=0x00000000f7fc5350
[2025-08-08T15:32:16.025+0000][701.673s][1][129][trace] GC(108) _eden_chunk_array[67]=0x00000000f8025b98
[2025-08-08T15:32:16.025+0000][701.673s][1][129][trace] GC(108) _eden_chunk_array[68]=0x00000000f8051800
[2025-08-08T15:32:16.025+0000][701.673s][1][129][trace] GC(108) _eden_chunk_array[69]=0x00000000f807d440
[2025-08-08T15:32:16.025+0000][701.673s][1][129][trace] GC(108) _eden_chunk_array[70]=0x00000000f80a3b28
[2025-08-08T15:32:16.025+0000][701.673s][1][129][trace] GC(108) _eden_chunk_array[71]=0x00000000f80c3d58
[2025-08-08T15:32:16.025+0000][701.673s][1][129][trace] GC(108) _eden_chunk_array[72]=0x00000000f80e4c40
[2025-08-08T15:32:16.025+0000][701.673s][1][129][trace] GC(108) _eden_chunk_array[73]=0x00000000f8118878
[2025-08-08T15:32:16.025+0000][701.673s][1][129][trace] GC(108) _eden_chunk_array[74]=0x00000000f8144f58
[2025-08-08T15:32:16.025+0000][701.673s][1][129][trace] GC(108) _eden_chunk_array[75]=0x00000000f8179648
[2025-08-08T15:32:16.025+0000][701.673s][1][129][trace] GC(108) _eden_chunk_array[76]=0x00000000f81b2f50
[2025-08-08T15:32:16.025+0000][701.673s][1][129][trace] GC(108) _eden_chunk_array[77]=0x00000000f8214e60
[2025-08-08T15:32:16.025+0000][701.673s][1][129][trace] GC(108) _eden_chunk_array[78]=0x00000000f82437e8
[2025-08-08T15:32:16.025+0000][701.673s][1][129][trace] GC(108) _eden_chunk_array[79]=0x00000000f827ec80
[2025-08-08T15:32:16.025+0000][701.673s][1][129][trace] GC(108) _eden_chunk_array[80]=0x00000000f82db998
[2025-08-08T15:32:16.025+0000][701.673s][1][129][trace] GC(108) _eden_chunk_array[81]=0x00000000f82ff478
[2025-08-08T15:32:16.025+0000][701.673s][1][129][trace] GC(108) _eden_chunk_array[82]=0x00000000f8325d68
[2025-08-08T15:32:16.025+0000][701.673s][1][129][trace] GC(108) _eden_chunk_array[83]=0x00000000f8346e68
[2025-08-08T15:32:16.025+0000][701.673s][1][129][trace] GC(108) _eden_chunk_array[84]=0x00000000f836c3f8
[2025-08-08T15:32:16.025+0000][701.673s][1][129][trace] GC(108) _eden_chunk_array[85]=0x00000000f838e968
[2025-08-08T15:32:16.025+0000][701.673s][1][129][trace] GC(108) _eden_chunk_array[86]=0x00000000f83b0db0
[2025-08-08T15:32:16.025+0000][701.673s][1][129][trace] GC(108) _eden_chunk_array[87]=0x00000000f83e4830
[2025-08-08T15:32:16.025+0000][701.673s][1][129][trace] GC(108) _eden_chunk_array[88]=0x00000000f841bc28
[2025-08-08T15:32:16.025+0000][701.673s][1][129][trace] GC(108) _eden_chunk_array[89]=0x00000000f8448db0
[2025-08-08T15:32:16.025+0000][701.673s][1][129][trace] GC(108) _eden_chunk_array[90]=0x00000000f846f610
[2025-08-08T15:32:16.025+0000][701.673s][1][129][trace] GC(108) _eden_chunk_array[91]=0x00000000f84933a8
[2025-08-08T15:32:16.025+0000][701.673s][1][129][trace] GC(108) _eden_chunk_array[92]=0x00000000f84ec018
[2025-08-08T15:32:16.025+0000][701.673s][1][129][trace] GC(108) _eden_chunk_array[93]=0x00000000f8512850
[2025-08-08T15:32:16.025+0000][701.673s][1][129][trace] GC(108) _eden_chunk_array[94]=0x00000000f8539090
[2025-08-08T15:32:16.025+0000][701.673s][1][129][trace] GC(108) _eden_chunk_array[95]=0x00000000f855f8d0
[2025-08-08T15:32:16.025+0000][701.673s][1][129][trace] GC(108) _eden_chunk_array[96]=0x00000000f8586100
[2025-08-08T15:32:16.025+0000][701.673s][1][129][trace] GC(108) _eden_chunk_array[97]=0x00000000f85a9238
[2025-08-08T15:32:16.025+0000][701.673s][1][129][trace] GC(108) _eden_chunk_array[98]=0x00000000f85f3ec8
[2025-08-08T15:32:16.025+0000][701.673s][1][129][trace] GC(108) _eden_chunk_array[99]=0x00000000f8616f50
[2025-08-08T15:32:16.025+0000][701.673s][1][129][trace] GC(108) _eden_chunk_array[100]=0x00000000f86377d8
[2025-08-08T15:32:16.025+0000][701.673s][1][129][trace] GC(108) _eden_chunk_array[101]=0x00000000f866d798
[2025-08-08T15:32:16.025+0000][701.673s][1][129][trace] GC(108) _eden_chunk_array[102]=0x00000000f86996f8
[2025-08-08T15:32:16.025+0000][701.673s][1][129][trace] GC(108) _eden_chunk_array[103]=0x00000000f86ca900
[2025-08-08T15:32:16.025+0000][701.673s][1][129][trace] GC(108) _eden_chunk_array[104]=0x00000000f8710158
[2025-08-08T15:32:16.025+0000][701.673s][1][129][trace] GC(108) _eden_chunk_array[105]=0x00000000f873eae8
[2025-08-08T15:32:16.025+0000][701.673s][1][129][trace] GC(108) _eden_chunk_array[106]=0x00000000f875f150
[2025-08-08T15:32:16.025+0000][701.673s][1][129][trace] GC(108) _eden_chunk_array[107]=0x00000000f87a9b70
[2025-08-08T15:32:16.025+0000][701.673s][1][129][trace] GC(108) _eden_chunk_array[108]=0x00000000f87f4578
[2025-08-08T15:32:16.025+0000][701.673s][1][129][trace] GC(108) _eden_chunk_array[109]=0x00000000f8822f08
[2025-08-08T15:32:16.025+0000][701.673s][1][129][trace] GC(108) _eden_chunk_array[110]=0x00000000f88535c0
[2025-08-08T15:32:16.025+0000][701.673s][1][129][trace] GC(108) _eden_chunk_array[111]=0x00000000f888ca40
[2025-08-08T15:32:16.025+0000][701.673s][1][129][trace] GC(108) _eden_chunk_array[112]=0x00000000f88b86a0
[2025-08-08T15:32:16.025+0000][701.673s][1][129][trace] GC(108) _eden_chunk_array[113]=0x00000000f88e2f90
[2025-08-08T15:32:16.025+0000][701.673s][1][129][trace] GC(108) _eden_chunk_array[114]=0x00000000f8904400
[2025-08-08T15:32:16.026+0000][701.673s][1][129][trace] GC(108) _eden_chunk_array[115]=0x00000000f8939410
[2025-08-08T15:32:16.026+0000][701.673s][1][129][trace] GC(108) _eden_chunk_array[116]=0x00000000f895d1b8
[2025-08-08T15:32:16.026+0000][701.673s][1][129][trace] GC(108) _eden_chunk_array[117]=0x00000000f89b5e30
[2025-08-08T15:32:16.026+0000][701.673s][1][129][trace] GC(108) _eden_chunk_array[118]=0x00000000f89e0190
[2025-08-08T15:32:16.026+0000][701.673s][1][129][trace] GC(108) _eden_chunk_array[119]=0x00000000f8a0a500
[2025-08-08T15:32:16.026+0000][701.673s][1][129][trace] GC(108) _eden_chunk_array[120]=0x00000000f8a34878
[2025-08-08T15:32:16.026+0000][701.673s][1][129][trace] GC(108) _eden_chunk_array[121]=0x00000000f8a5ebe8
[2025-08-08T15:32:16.026+0000][701.673s][1][129][trace] GC(108) _eden_chunk_array[122]=0x00000000f8a9af00
[2025-08-08T15:32:16.026+0000][701.673s][1][129][trace] GC(108) _eden_chunk_array[123]=0x00000000f8ac5280
[2025-08-08T15:32:16.026+0000][701.673s][1][129][trace] GC(108) _eden_chunk_array[124]=0x00000000f8ae83b8
[2025-08-08T15:32:16.026+0000][701.673s][1][129][trace] GC(108) _eden_chunk_array[125]=0x00000000f8b083e0
[2025-08-08T15:32:16.026+0000][701.673s][1][129][trace] GC(108) _eden_chunk_array[126]=0x00000000f8b283f8
[2025-08-08T15:32:16.026+0000][701.673s][1][129][trace] GC(108) _eden_chunk_array[127]=0x00000000f8b48410
[2025-08-08T15:32:16.026+0000][701.673s][1][129][trace] GC(108) _eden_chunk_array[128]=0x00000000f8b68710
[2025-08-08T15:32:16.026+0000][701.673s][1][129][trace] GC(108) _eden_chunk_array[129]=0x00000000f8b89640
[2025-08-08T15:32:16.026+0000][701.673s][1][129][trace] GC(108) _eden_chunk_array[130]=0x00000000f8bad128
[2025-08-08T15:32:16.026+0000][701.673s][1][129][trace] GC(108) _eden_chunk_array[131]=0x00000000f8bd0260
[2025-08-08T15:32:16.026+0000][701.673s][1][129][trace] GC(108) _eden_chunk_array[132]=0x00000000f8bf33a0
[2025-08-08T15:32:16.026+0000][701.673s][1][129][trace] GC(108) _eden_chunk_array[133]=0x00000000f8c2eb30
[2025-08-08T15:32:16.026+0000][701.673s][1][129][trace] GC(108) _eden_chunk_array[134]=0x00000000f8c64158
[2025-08-08T15:32:16.026+0000][701.673s][1][129][trace] GC(108) _eden_chunk_array[135]=0x00000000f8c93080
[2025-08-08T15:32:16.026+0000][701.673s][1][129][trace] GC(108) _eden_chunk_array[136]=0x00000000f8cb4de8
[2025-08-08T15:32:16.026+0000][701.673s][1][129][trace] GC(108) _eden_chunk_array[137]=0x00000000f8d14a10
[2025-08-08T15:32:16.026+0000][701.673s][1][129][trace] GC(108) _eden_chunk_array[138]=0x00000000f8d5a268
[2025-08-08T15:32:16.026+0000][701.673s][1][129][trace] GC(108) _eden_chunk_array[139]=0x00000000f8d8dd38
[2025-08-08T15:32:16.026+0000][701.673s][1][129][trace] GC(108) _eden_chunk_array[140]=0x00000000f8dc17e8
[2025-08-08T15:32:16.026+0000][701.673s][1][129][trace] GC(108) _eden_chunk_array[141]=0x00000000f8dec658
[2025-08-08T15:32:16.026+0000][701.673s][1][129][trace] GC(108) _eden_chunk_array[142]=0x00000000f8e0eaa0
[2025-08-08T15:32:16.026+0000][701.673s][1][129][trace] GC(108) _eden_chunk_array[143]=0x00000000f8e30dc8
[2025-08-08T15:32:16.026+0000][701.673s][1][129][trace] GC(108) _eden_chunk_array[144]=0x00000000f8e5e848
[2025-08-08T15:32:16.026+0000][701.673s][1][129][trace] GC(108) _eden_chunk_array[145]=0x00000000f8e7eda8
[2025-08-08T15:32:16.026+0000][701.673s][1][129][trace] GC(108) _eden_chunk_array[146]=0x00000000f8ed3c18
[2025-08-08T15:32:16.026+0000][701.673s][1][129][trace] GC(108) _eden_chunk_array[147]=0x00000000f8f0f2e8
[2025-08-08T15:32:16.026+0000][701.673s][1][129][trace] GC(108) _eden_chunk_array[148]=0x00000000f8f3af38
[2025-08-08T15:32:16.026+0000][701.673s][1][129][trace] GC(108) _eden_chunk_array[149]=0x00000000f8f7d3c0
[2025-08-08T15:32:16.026+0000][701.673s][1][129][trace] GC(108) _eden_chunk_array[150]=0x00000000f8fa9000
[2025-08-08T15:32:16.026+0000][701.673s][1][129][trace] GC(108) _eden_chunk_array[151]=0x00000000f8fcb538
[2025-08-08T15:32:16.026+0000][701.673s][1][129][trace] GC(108) _eden_chunk_array[152]=0x00000000f8ff7178
[2025-08-08T15:32:16.026+0000][701.673s][1][129][trace] GC(108) _eden_chunk_array[153]=0x00000000f9022e08
[2025-08-08T15:32:16.026+0000][701.673s][1][129][trace] GC(108) _eden_chunk_array[154]=0x00000000f907e470
[2025-08-08T15:32:16.026+0000][701.673s][1][129][trace] GC(108) _eden_chunk_array[155]=0x00000000f909ee40
[2025-08-08T15:32:16.026+0000][701.673s][1][129][trace] GC(108) _eden_chunk_array[156]=0x00000000f90bf1c8
[2025-08-08T15:32:16.026+0000][701.673s][1][129][trace] GC(108) _eden_chunk_array[157]=0x00000000f90e7d00
[2025-08-08T15:32:16.026+0000][701.673s][1][129][trace] GC(108) _eden_chunk_array[158]=0x00000000f9119878
[2025-08-08T15:32:16.026+0000][701.673s][1][129][trace] GC(108) _eden_chunk_array[159]=0x00000000f9151450
[2025-08-08T15:32:16.026+0000][701.673s][1][129][trace] GC(108) _eden_chunk_array[160]=0x00000000f91b09f0
[2025-08-08T15:32:16.026+0000][701.673s][1][129][trace] GC(108) _eden_chunk_array[161]=0x00000000f91dad88
[2025-08-08T15:32:16.026+0000][701.673s][1][129][trace] GC(108) _eden_chunk_array[162]=0x00000000f92050f0
[2025-08-08T15:32:16.026+0000][701.673s][1][129][trace] GC(108) _eden_chunk_array[163]=0x00000000f922f458
[2025-08-08T15:32:16.026+0000][701.673s][1][129][trace] GC(108) _eden_chunk_array[164]=0x00000000f92597e0
[2025-08-08T15:32:16.026+0000][701.673s][1][129][trace] GC(108) _eden_chunk_array[165]=0x00000000f92a41f8
[2025-08-08T15:32:16.026+0000][701.673s][1][129][trace] GC(108) _eden_chunk_array[166]=0x00000000f9303df0
[2025-08-08T15:32:16.026+0000][701.673s][1][129][trace] GC(108) _eden_chunk_array[167]=0x00000000f932e158
[2025-08-08T15:32:16.026+0000][701.673s][1][129][trace] GC(108) _eden_chunk_array[168]=0x00000000f9351500
[2025-08-08T15:32:16.026+0000][701.673s][1][129][trace] GC(108) _eden_chunk_array[169]=0x00000000f9376880
[2025-08-08T15:32:16.026+0000][701.673s][1][129][trace] GC(108) _eden_chunk_array[170]=0x00000000f93999a8
[2025-08-08T15:32:16.026+0000][701.673s][1][129][trace] GC(108) _eden_chunk_array[171]=0x00000000f93df210
[2025-08-08T15:32:16.026+0000][701.673s][1][129][trace] GC(108) _eden_chunk_array[172]=0x00000000f9402368
[2025-08-08T15:32:16.026+0000][701.673s][1][129][trace] GC(108) _eden_chunk_array[173]=0x00000000f942e9e0
[2025-08-08T15:32:16.026+0000][701.673s][1][129][trace] GC(108) _eden_chunk_array[174]=0x00000000f9462d90
[2025-08-08T15:32:16.026+0000][701.673s][1][129][trace] GC(108) _eden_chunk_array[175]=0x00000000f9483e80
[2025-08-08T15:32:16.026+0000][701.673s][1][129][trace] GC(108) _eden_chunk_array[176]=0x00000000f94bf730
[2025-08-08T15:32:16.026+0000][701.673s][1][129][trace] GC(108) _eden_chunk_array[177]=0x00000000f9524ee0
[2025-08-08T15:32:16.026+0000][701.673s][1][129][trace] GC(108) _eden_chunk_array[178]=0x00000000f9564d68
[2025-08-08T15:32:16.026+0000][701.673s][1][129][trace] GC(108) _eden_chunk_array[179]=0x00000000f95a4c18
[2025-08-08T15:32:16.026+0000][701.673s][1][129][trace] GC(108) _eden_chunk_array[180]=0x00000000f95c6860
[2025-08-08T15:32:16.026+0000][701.673s][1][129][trace] GC(108) _eden_chunk_array[181]=0x00000000f95efa90
[2025-08-08T15:32:16.026+0000][701.673s][1][129][trace] GC(108) _eden_chunk_array[182]=0x00000000f9610388
[2025-08-08T15:32:16.026+0000][701.673s][1][129][trace] GC(108) _eden_chunk_array[183]=0x00000000f96641f8
[2025-08-08T15:32:16.026+0000][701.673s][1][129][trace] GC(108) _eden_chunk_array[184]=0x00000000f968c468
[2025-08-08T15:32:16.026+0000][701.673s][1][129][trace] GC(108) _eden_chunk_array[185]=0x00000000f96b04c0
[2025-08-08T15:32:16.026+0000][701.673s][1][129][trace] GC(108) _eden_chunk_array[186]=0x00000000f96da9b8
[2025-08-08T15:32:16.026+0000][701.673s][1][129][trace] GC(108) _eden_chunk_array[187]=0x00000000f96fce08
[2025-08-08T15:32:16.026+0000][701.673s][1][129][trace] GC(108) _eden_chunk_array[188]=0x00000000f971f250
[2025-08-08T15:32:16.026+0000][701.673s][1][129][trace] GC(108) _eden_chunk_array[189]=0x00000000f9740d20
[2025-08-08T15:32:16.026+0000][701.673s][1][129][trace] GC(108) _eden_chunk_array[190]=0x00000000f9764ab0
[2025-08-08T15:32:16.026+0000][701.673s][1][129][trace] GC(108) _eden_chunk_array[191]=0x00000000f97aa308
[2025-08-08T15:32:16.026+0000][701.673s][1][129][trace] GC(108) _eden_chunk_array[192]=0x00000000f97ce108
[2025-08-08T15:32:16.026+0000][701.673s][1][129][trace] GC(108) _eden_chunk_array[193]=0x00000000f980df80
[2025-08-08T15:32:16.026+0000][701.673s][1][129][trace] GC(108) _eden_chunk_array[194]=0x00000000f984de00
[2025-08-08T15:32:16.026+0000][701.673s][1][129][trace] GC(108) _eden_chunk_array[195]=0x00000000f986fa88
[2025-08-08T15:32:16.026+0000][701.673s][1][129][trace] GC(108) _eden_chunk_array[196]=0x00000000f9899cd0
[2025-08-08T15:32:16.026+0000][701.673s][1][129][trace] GC(108) _eden_chunk_array[197]=0x00000000f98bd6d8
[2025-08-08T15:32:16.026+0000][701.673s][1][129][trace] GC(108) _eden_chunk_array[198]=0x00000000f98eca98
[2025-08-08T15:32:16.026+0000][701.673s][1][129][trace] GC(108) _eden_chunk_array[199]=0x00000000f9918838
[2025-08-08T15:32:16.026+0000][701.673s][1][129][trace] GC(108) _eden_chunk_array[200]=0x00000000f99405e0
[2025-08-08T15:32:16.026+0000][701.673s][1][129][trace] GC(108) _eden_chunk_array[201]=0x00000000f9964370
[2025-08-08T15:32:16.026+0000][701.673s][1][129][trace] GC(108) _eden_chunk_array[202]=0x00000000f99a9bc8
[2025-08-08T15:32:16.026+0000][701.673s][1][129][trace] GC(108) _eden_chunk_array[203]=0x00000000f99f45e8
[2025-08-08T15:32:16.026+0000][701.673s][1][129][trace] GC(108) _eden_chunk_array[204]=0x00000000f9a40c50
[2025-08-08T15:32:16.026+0000][701.673s][1][129][trace] GC(108) _eden_chunk_array[205]=0x00000000f9a63198
[2025-08-08T15:32:16.026+0000][701.673s][1][129][trace] GC(108) _eden_chunk_array[206]=0x00000000f9a856d8
[2025-08-08T15:32:16.026+0000][701.673s][1][129][trace] GC(108) _eden_chunk_array[207]=0x00000000f9aa7c10
[2025-08-08T15:32:16.026+0000][701.673s][1][129][trace] GC(108) _eden_chunk_array[208]=0x00000000f9aca148
[2025-08-08T15:32:16.026+0000][701.673s][1][129][trace] GC(108) _eden_chunk_array[209]=0x00000000f9aec678
[2025-08-08T15:32:16.026+0000][701.673s][1][129][trace] GC(108) _eden_chunk_array[210]=0x00000000f9b0ebb8
[2025-08-08T15:32:16.026+0000][701.673s][1][129][trace] GC(108) _eden_chunk_array[211]=0x00000000f9b310f0
[2025-08-08T15:32:16.026+0000][701.673s][1][129][trace] GC(108) _eden_chunk_array[212]=0x00000000f9b51ad0
[2025-08-08T15:32:16.026+0000][701.673s][1][129][trace] GC(108) _eden_chunk_array[213]=0x00000000f9b72290
[2025-08-08T15:32:16.026+0000][701.673s][1][129][trace] GC(108) _eden_chunk_array[214]=0x00000000f9b92540
[2025-08-08T15:32:16.026+0000][701.673s][1][129][trace] GC(108) _eden_chunk_array[215]=0x00000000f9bbca38
[2025-08-08T15:32:16.026+0000][701.673s][1][129][trace] GC(108) _eden_chunk_array[216]=0x00000000f9be0818
[2025-08-08T15:32:16.026+0000][701.673s][1][129][trace] GC(108) _eden_chunk_array[217]=0x00000000f9c1e2f8
[2025-08-08T15:32:16.026+0000][701.673s][1][129][trace] GC(108) _eden_chunk_array[218]=0x00000000f9c6ccf8
[2025-08-08T15:32:16.026+0000][701.673s][1][129][trace] GC(108) _eden_chunk_array[219]=0x00000000f9c99358
[2025-08-08T15:32:16.026+0000][701.673s][1][129][trace] GC(108) _eden_chunk_array[220]=0x00000000f9cc7cf0
[2025-08-08T15:32:16.026+0000][701.673s][1][129][trace] GC(108) _eden_chunk_array[221]=0x00000000f9cf6650
[2025-08-08T15:32:16.026+0000][701.673s][1][129][trace] GC(108) _eden_chunk_array[222]=0x00000000f9d24fc0
[2025-08-08T15:32:16.026+0000][701.673s][1][129][trace] GC(108) _eden_chunk_array[223]=0x00000000f9d53938
[2025-08-08T15:32:16.026+0000][701.673s][1][129][trace] GC(108) _eden_chunk_array[224]=0x00000000f9d8eb88
[2025-08-08T15:32:16.026+0000][701.673s][1][129][trace] GC(108) _eden_chunk_array[225]=0x00000000f9daebb8
[2025-08-08T15:32:16.026+0000][701.673s][1][129][trace] GC(108) _eden_chunk_array[226]=0x00000000f9dcebd0
[2025-08-08T15:32:16.026+0000][701.673s][1][129][trace] GC(108) _eden_chunk_array[227]=0x00000000f9def608
[2025-08-08T15:32:16.026+0000][701.673s][1][129][trace] GC(108) _eden_chunk_array[228]=0x00000000f9e0fe60
[2025-08-08T15:32:16.026+0000][701.673s][1][129][trace] GC(108) _eden_chunk_array[229]=0x00000000f9e33e78
[2025-08-08T15:32:16.026+0000][701.673s][1][129][trace] GC(108) _eden_chunk_array[230]=0x00000000f9e67908
[2025-08-08T15:32:16.026+0000][701.673s][1][129][trace] GC(108) _eden_chunk_array[231]=0x00000000f9eaa1c8
[2025-08-08T15:32:16.026+0000][701.673s][1][129][trace] GC(108) _eden_chunk_array[232]=0x00000000f9ecd300
[2025-08-08T15:32:16.026+0000][701.673s][1][129][trace] GC(108) _eden_chunk_array[233]=0x00000000f9ef0438
[2025-08-08T15:32:16.026+0000][701.673s][1][129][trace] GC(108) _eden_chunk_array[234]=0x00000000f9f13570
[2025-08-08T15:32:16.026+0000][701.673s][1][129][trace] GC(108) _eden_chunk_array[235]=0x00000000f9f366b8
[2025-08-08T15:32:16.026+0000][701.673s][1][129][trace] GC(108) _eden_chunk_array[236]=0x00000000f9f59808
[2025-08-08T15:32:16.026+0000][701.673s][1][129][trace] GC(108) _eden_chunk_array[237]=0x00000000f9f7c940
[2025-08-08T15:32:16.026+0000][701.673s][1][129][trace] GC(108) _eden_chunk_array[238]=0x00000000f9f9c968
[2025-08-08T15:32:16.026+0000][701.673s][1][129][trace] GC(108) _eden_chunk_array[239]=0x00000000f9fcf668
[2025-08-08T15:32:16.026+0000][701.673s][1][129][trace] GC(108) _eden_chunk_array[240]=0x00000000f9fef698
[2025-08-08T15:32:16.026+0000][701.673s][1][129][trace] GC(108) _eden_chunk_array[241]=0x00000000fa00f6c8
[2025-08-08T15:32:16.026+0000][701.673s][1][129][trace] GC(108) _eden_chunk_array[242]=0x00000000fa05a100
[2025-08-08T15:32:16.026+0000][701.673s][1][129][trace] GC(108) _eden_chunk_array[243]=0x00000000fa08a198
[2025-08-08T15:32:16.026+0000][701.673s][1][129][trace] GC(108) _eden_chunk_array[244]=0x00000000fa0ae310
[2025-08-08T15:32:16.026+0000][701.673s][1][129][trace] GC(108) _eden_chunk_array[245]=0x00000000fa0de170
[2025-08-08T15:32:16.026+0000][701.673s][1][129][trace] GC(108) _eden_chunk_array[246]=0x00000000fa120780
[2025-08-08T15:32:16.026+0000][701.673s][1][129][trace] GC(108) _eden_chunk_array[247]=0x00000000fa152b00
[2025-08-08T15:32:16.026+0000][701.673s][1][129][trace] GC(108) _eden_chunk_array[248]=0x00000000fa173c60
[2025-08-08T15:32:16.026+0000][701.673s][1][129][trace] GC(108) _eden_chunk_array[249]=0x00000000fa194de8
[2025-08-08T15:32:16.026+0000][701.673s][1][129][trace] GC(108) _eden_chunk_array[250]=0x00000000fa1b5f48
[2025-08-08T15:32:16.026+0000][701.673s][1][129][trace] GC(108) _eden_chunk_array[251]=0x00000000fa1d70a0
[2025-08-08T15:32:16.026+0000][701.673s][1][129][trace] GC(108) _eden_chunk_array[252]=0x00000000fa1f8200
[2025-08-08T15:32:16.026+0000][701.673s][1][129][trace] GC(108) _eden_chunk_array[253]=0x00000000fa24fe88
[2025-08-08T15:32:16.026+0000][701.673s][1][129][trace] GC(108) _eden_chunk_array[254]=0x00000000fa270fe0
[2025-08-08T15:32:16.026+0000][701.673s][1][129][trace] GC(108) _eden_chunk_array[255]=0x00000000fa2bba00
[2025-08-08T15:32:16.026+0000][701.673s][1][129][trace] GC(108) _eden_chunk_array[256]=0x00000000fa2f1758
[2025-08-08T15:32:16.026+0000][701.673s][1][129][trace] GC(108) _eden_chunk_array[257]=0x00000000fa314b88
[2025-08-08T15:32:16.026+0000][701.673s][1][129][trace] GC(108) _eden_chunk_array[258]=0x00000000fa334ce8
[2025-08-08T15:32:16.026+0000][701.673s][1][129][trace] GC(108) _eden_chunk_array[259]=0x00000000fa37a550
[2025-08-08T15:32:16.026+0000][701.673s][1][129][trace] GC(108) _eden_chunk_array[260]=0x00000000fa3a8448
[2025-08-08T15:32:16.026+0000][701.673s][1][129][trace] GC(108) _eden_chunk_array[261]=0x00000000fa3ce1b8
[2025-08-08T15:32:16.026+0000][701.673s][1][129][trace] GC(108) _eden_chunk_array[262]=0x00000000fa3f06f8
[2025-08-08T15:32:16.026+0000][701.673s][1][129][trace] GC(108) _eden_chunk_array[263]=0x00000000fa4321b8
[2025-08-08T15:32:16.026+0000][701.673s][1][129][trace] GC(108) _eden_chunk_array[264]=0x00000000fa460b28
[2025-08-08T15:32:16.026+0000][701.673s][1][129][trace] GC(108) _eden_chunk_array[265]=0x00000000fa48f4b0
[2025-08-08T15:32:16.026+0000][701.673s][1][129][trace] GC(108) _eden_chunk_array[266]=0x00000000fa4bde50
[2025-08-08T15:32:16.026+0000][701.673s][1][129][trace] GC(108) _eden_chunk_array[267]=0x00000000fa4ee438
[2025-08-08T15:32:16.026+0000][701.673s][1][129][trace] GC(108) _eden_chunk_array[268]=0x00000000fa51cde8
[2025-08-08T15:32:16.026+0000][701.673s][1][129][trace] GC(108) _eden_chunk_array[269]=0x00000000fa5677f0
[2025-08-08T15:32:16.026+0000][701.673s][1][129][trace] GC(108) _eden_chunk_array[270]=0x00000000fa58b2e8
[2025-08-08T15:32:16.026+0000][701.673s][1][129][trace] GC(108) _eden_chunk_array[271]=0x00000000fa5ab370
[2025-08-08T15:32:16.026+0000][701.673s][1][129][trace] GC(108) _eden_chunk_array[272]=0x00000000fa5cdfc0
[2025-08-08T15:32:16.026+0000][701.673s][1][129][trace] GC(108) _eden_chunk_array[273]=0x00000000fa625ea8
[2025-08-08T15:32:16.026+0000][701.673s][1][129][trace] GC(108) _eden_chunk_array[274]=0x00000000fa65d550
[2025-08-08T15:32:16.026+0000][701.673s][1][129][trace] GC(108) _eden_chunk_array[275]=0x00000000fa67fa90
[2025-08-08T15:32:16.026+0000][701.673s][1][129][trace] GC(108) _eden_chunk_array[276]=0x00000000fa6c52f0
[2025-08-08T15:32:16.026+0000][701.673s][1][129][trace] GC(108) _eden_chunk_array[277]=0x00000000fa6f3c58
[2025-08-08T15:32:16.026+0000][701.673s][1][129][trace] GC(108) _eden_chunk_array[278]=0x00000000fa7403a8
[2025-08-08T15:32:16.026+0000][701.673s][1][129][trace] GC(108) _eden_chunk_array[279]=0x00000000fa7627f0
[2025-08-08T15:32:16.026+0000][701.673s][1][129][trace] GC(108) _eden_chunk_array[280]=0x00000000fa784c30
[2025-08-08T15:32:16.026+0000][701.673s][1][129][trace] GC(108) _eden_chunk_array[281]=0x00000000fa7a7088
[2025-08-08T15:32:16.026+0000][701.673s][1][129][trace] GC(108) _eden_chunk_array[282]=0x00000000fa7c94e8
[2025-08-08T15:32:16.026+0000][701.673s][1][129][trace] GC(108) _eden_chunk_array[283]=0x00000000fa7eb938
[2025-08-08T15:32:16.026+0000][701.673s][1][129][trace] GC(108) _eden_chunk_array[284]=0x00000000fa80dd90
[2025-08-08T15:32:16.026+0000][701.673s][1][129][trace] GC(108) _eden_chunk_array[285]=0x00000000fa8301e8
[2025-08-08T15:32:16.026+0000][701.674s][1][129][trace] GC(108) _eden_chunk_array[286]=0x00000000fa856168
[2025-08-08T15:32:16.026+0000][701.674s][1][129][trace] GC(108) _eden_chunk_array[287]=0x00000000fa88c420
[2025-08-08T15:32:16.026+0000][701.674s][1][129][trace] GC(108) _eden_chunk_array[288]=0x00000000fa8bf590
[2025-08-08T15:32:16.026+0000][701.674s][1][129][trace] GC(108) _eden_chunk_array[289]=0x00000000fa8fc410
[2025-08-08T15:32:16.026+0000][701.674s][1][129][trace] GC(108) _eden_chunk_array[290]=0x00000000fa927558
[2025-08-08T15:32:16.026+0000][701.674s][1][129][trace] GC(108) _eden_chunk_array[291]=0x00000000fa94b2e0
[2025-08-08T15:32:16.026+0000][701.674s][1][129][trace] GC(108) _eden_chunk_array[292]=0x00000000fa96cf28
[2025-08-08T15:32:16.026+0000][701.674s][1][129][trace] GC(108) _eden_chunk_array[293]=0x00000000fa9d26b8
[2025-08-08T15:32:16.026+0000][701.674s][1][129][trace] GC(108) _eden_chunk_array[294]=0x00000000faa1d0c0
[2025-08-08T15:32:16.026+0000][701.674s][1][129][trace] GC(108) _eden_chunk_array[295]=0x00000000faa5cf38
[2025-08-08T15:32:16.026+0000][701.674s][1][129][trace] GC(108) _eden_chunk_array[296]=0x00000000faa9cdc0
[2025-08-08T15:32:16.026+0000][701.674s][1][129][trace] GC(108) _eden_chunk_array[297]=0x00000000faadcc78
[2025-08-08T15:32:16.026+0000][701.674s][1][129][trace] GC(108) _eden_chunk_array[298]=0x00000000fab08bf0
[2025-08-08T15:32:16.026+0000][701.674s][1][129][trace] GC(108) _eden_chunk_array[299]=0x00000000fab3eca0
[2025-08-08T15:32:16.026+0000][701.674s][1][129][trace] GC(108) _eden_chunk_array[300]=0x00000000fab72720
[2025-08-08T15:32:16.026+0000][701.674s][1][129][trace] GC(108) _eden_chunk_array[301]=0x00000000fabbd128
[2025-08-08T15:32:16.026+0000][701.674s][1][129][trace] GC(108) _eden_chunk_array[302]=0x00000000fac0fb50
[2025-08-08T15:32:16.026+0000][701.674s][1][129][trace] GC(108) _eden_chunk_array[303]=0x00000000fac553a8
[2025-08-08T15:32:16.026+0000][701.674s][1][129][trace] GC(108) _eden_chunk_array[304]=0x00000000fac88db8
[2025-08-08T15:32:16.026+0000][701.674s][1][129][trace] GC(108) _eden_chunk_array[305]=0x00000000facabf08
[2025-08-08T15:32:16.026+0000][701.674s][1][129][trace] GC(108) _eden_chunk_array[306]=0x00000000faccf048
[2025-08-08T15:32:16.026+0000][701.674s][1][129][trace] GC(108) _eden_chunk_array[307]=0x00000000facf3d08
[2025-08-08T15:32:16.026+0000][701.674s][1][129][trace] GC(108) _eden_chunk_array[308]=0x00000000fad16e50
[2025-08-08T15:32:16.026+0000][701.674s][1][129][trace] GC(108) _eden_chunk_array[309]=0x00000000fad44528
[2025-08-08T15:32:16.026+0000][701.674s][1][129][trace] GC(108) _eden_chunk_array[310]=0x00000000fad66ee8
[2025-08-08T15:32:16.026+0000][701.674s][1][129][trace] GC(108) _eden_chunk_array[311]=0x00000000fad87a90
[2025-08-08T15:32:16.026+0000][701.674s][1][129][trace] GC(108) _eden_chunk_array[312]=0x00000000fada8d68
[2025-08-08T15:32:16.026+0000][701.674s][1][129][trace] GC(108) _eden_chunk_array[313]=0x00000000fadc8db8
[2025-08-08T15:32:16.026+0000][701.674s][1][129][trace] GC(108) _eden_chunk_array[314]=0x00000000fade8de0
[2025-08-08T15:32:16.026+0000][701.674s][1][129][trace] GC(108) _eden_chunk_array[315]=0x00000000fae13df0
[2025-08-08T15:32:16.026+0000][701.674s][1][129][trace] GC(108) _eden_chunk_array[316]=0x00000000fae3fa50
[2025-08-08T15:32:16.026+0000][701.674s][1][129][trace] GC(108) _eden_chunk_array[317]=0x00000000fae61f80
[2025-08-08T15:32:16.026+0000][701.674s][1][129][trace] GC(108) _eden_chunk_array[318]=0x00000000faea77d8
[2025-08-08T15:32:16.026+0000][701.674s][1][129][trace] GC(108) _eden_chunk_array[319]=0x00000000faec9d10
[2025-08-08T15:32:16.026+0000][701.674s][1][129][trace] GC(108) _eden_chunk_array[320]=0x00000000faeec240
[2025-08-08T15:32:16.026+0000][701.674s][1][129][trace] GC(108) _eden_chunk_array[321]=0x00000000faf0e780
[2025-08-08T15:32:16.026+0000][701.674s][1][129][trace] GC(108) _eden_chunk_array[322]=0x00000000faf30cb0
[2025-08-08T15:32:16.026+0000][701.674s][1][129][trace] GC(108) _eden_chunk_array[323]=0x00000000faf531f0
[2025-08-08T15:32:16.026+0000][701.674s][1][129][trace] GC(108) _eden_chunk_array[324]=0x00000000faf75738
[2025-08-08T15:32:16.026+0000][701.674s][1][129][trace] GC(108) _eden_chunk_array[325]=0x00000000fafc0158
[2025-08-08T15:32:16.026+0000][701.674s][1][129][trace] GC(108) _eden_chunk_array[326]=0x00000000fafe3290
[2025-08-08T15:32:16.026+0000][701.674s][1][129][trace] GC(108) _eden_chunk_array[327]=0x00000000fb003f80
[2025-08-08T15:32:16.026+0000][701.674s][1][129][trace] GC(108) _eden_chunk_array[328]=0x00000000fb02f1e0
[2025-08-08T15:32:16.026+0000][701.674s][1][129][trace] GC(108) survivor 0x00000000fd410000-0x00000000fd410000-0x00000000fe780000(20381696)
[2025-08-08T15:32:16.026+0000][701.674s][1][129][trace] GC(108) _survivor_chunk_index=0, _survivor_chunk_capacity=9952
[2025-08-08T15:32:16.059+0000][701.706s][1][129][info ] GC(108) Pause Remark 125M->125M(180M) 33.756ms
[2025-08-08T15:32:16.059+0000][701.706s][1][129][info ] Leaving safepoint region
[2025-08-08T15:32:16.059+0000][701.706s][1][129][info ] Total time for which application threads were stopped: 0.0340018 seconds, Stopping threads took: 0.0000283 seconds
[2025-08-08T15:32:16.059+0000][701.706s][1][128][info ] GC(108) Concurrent Sweep
[2025-08-08T15:32:16.060+0000][701.708s][1][128][info ] GC(108) Concurrent Sweep 1.267ms
[2025-08-08T15:32:16.060+0000][701.708s][1][128][info ] GC(108) Concurrent Reset
[2025-08-08T15:32:16.060+0000][701.708s][1][128][info ] GC(108) Concurrent Reset 0.016ms
[2025-08-08T15:32:16.060+0000][701.708s][1][128][info ] GC(108) Old: 5183K->5183K(5184K)
[2025-08-08T15:32:20.061+0000][705.708s][1][129][info ] Application time: 4.0023562 seconds
[2025-08-08T15:32:20.061+0000][705.709s][1][129][info ] Entering safepoint region: Cleanup
[2025-08-08T15:32:20.061+0000][705.709s][1][129][info ] Leaving safepoint region
[2025-08-08T15:32:20.061+0000][705.709s][1][129][info ] Total time for which application threads were stopped: 0.0002168 seconds, Stopping threads took: 0.0000364 seconds
[2025-08-08T15:32:26.061+0000][711.708s][1][129][info ] Application time: 5.9991563 seconds
[2025-08-08T15:32:26.061+0000][711.708s][1][129][info ] Entering safepoint region: CMS_Initial_Mark
[2025-08-08T15:32:26.061+0000][711.708s][1][129][trace] GC(109) eden 0x00000000f3800000-0x00000000fba876f8-0x00000000fd410000(163643392)
[2025-08-08T15:32:26.061+0000][711.708s][1][129][trace] GC(109) _eden_chunk_index=382, _eden_chunk_capacity=11233
[2025-08-08T15:32:26.061+0000][711.708s][1][129][trace] GC(109) _eden_chunk_array[0]=0x00000000f7444bb8
[2025-08-08T15:32:26.061+0000][711.726s][1][129][trace] GC(109) _eden_chunk_array[1]=0x00000000f7469938
[2025-08-08T15:32:26.079+0000][711.726s][1][129][trace] GC(109) _eden_chunk_array[2]=0x00000000f74aff58
[2025-08-08T15:32:26.079+0000][711.727s][1][129][trace] GC(109) _eden_chunk_array[3]=0x00000000f74d0a88
[2025-08-08T15:32:26.079+0000][711.727s][1][129][trace] GC(109) _eden_chunk_array[4]=0x00000000f751b4a8
[2025-08-08T15:32:26.079+0000][711.727s][1][129][trace] GC(109) _eden_chunk_array[5]=0x00000000f7541788
[2025-08-08T15:32:26.079+0000][711.727s][1][129][trace] GC(109) _eden_chunk_array[6]=0x00000000f75631d8
[2025-08-08T15:32:26.079+0000][711.727s][1][129][trace] GC(109) _eden_chunk_array[7]=0x00000000f7598108
[2025-08-08T15:32:26.079+0000][711.727s][1][129][trace] GC(109) _eden_chunk_array[8]=0x00000000f75ba638
[2025-08-08T15:32:26.079+0000][711.727s][1][129][trace] GC(109) _eden_chunk_array[9]=0x00000000f75dd770
[2025-08-08T15:32:26.079+0000][711.727s][1][129][trace] GC(109) _eden_chunk_array[10]=0x00000000f75ffca8
[2025-08-08T15:32:26.079+0000][711.727s][1][129][trace] GC(109) _eden_chunk_array[11]=0x00000000f76221f0
[2025-08-08T15:32:26.079+0000][711.727s][1][129][trace] GC(109) _eden_chunk_array[12]=0x00000000f7645e60
[2025-08-08T15:32:26.079+0000][711.727s][1][129][trace] GC(109) _eden_chunk_array[13]=0x00000000f7667e88
[2025-08-08T15:32:26.079+0000][711.727s][1][129][trace] GC(109) _eden_chunk_array[14]=0x00000000f769af40
[2025-08-08T15:32:26.079+0000][711.727s][1][129][trace] GC(109) _eden_chunk_array[15]=0x00000000f76c4168
[2025-08-08T15:32:26.079+0000][711.727s][1][129][trace] GC(109) _eden_chunk_array[16]=0x00000000f76eff48
[2025-08-08T15:32:26.079+0000][711.727s][1][129][trace] GC(109) _eden_chunk_array[17]=0x00000000f7712388
[2025-08-08T15:32:26.079+0000][711.727s][1][129][trace] GC(109) _eden_chunk_array[18]=0x00000000f7757bd0
[2025-08-08T15:32:26.079+0000][711.727s][1][129][trace] GC(109) _eden_chunk_array[19]=0x00000000f7777be8
[2025-08-08T15:32:26.079+0000][711.727s][1][129][trace] GC(109) _eden_chunk_array[20]=0x00000000f779b980
[2025-08-08T15:32:26.079+0000][711.727s][1][129][trace] GC(109) _eden_chunk_array[21]=0x00000000f77bf710
[2025-08-08T15:32:26.079+0000][711.727s][1][129][trace] GC(109) _eden_chunk_array[22]=0x00000000f7801aa8
[2025-08-08T15:32:26.079+0000][711.727s][1][129][trace] GC(109) _eden_chunk_array[23]=0x00000000f784c4c8
[2025-08-08T15:32:26.079+0000][711.727s][1][129][trace] GC(109) _eden_chunk_array[24]=0x00000000f786e918
[2025-08-08T15:32:26.079+0000][711.727s][1][129][trace] GC(109) _eden_chunk_array[25]=0x00000000f7890d60
[2025-08-08T15:32:26.079+0000][711.727s][1][129][trace] GC(109) _eden_chunk_array[26]=0x00000000f78b31b8
[2025-08-08T15:32:26.079+0000][711.727s][1][129][trace] GC(109) _eden_chunk_array[27]=0x00000000f78d5610
[2025-08-08T15:32:26.079+0000][711.727s][1][129][trace] GC(109) _eden_chunk_array[28]=0x00000000f78f7a70
[2025-08-08T15:32:26.079+0000][711.727s][1][129][trace] GC(109) _eden_chunk_array[29]=0x00000000f791bd80
[2025-08-08T15:32:26.079+0000][711.727s][1][129][trace] GC(109) _eden_chunk_array[30]=0x00000000f7950e60
[2025-08-08T15:32:26.079+0000][711.727s][1][129][trace] GC(109) _eden_chunk_array[31]=0x00000000f79754c0
[2025-08-08T15:32:26.079+0000][711.727s][1][129][trace] GC(109) _eden_chunk_array[32]=0x00000000f79a6708
[2025-08-08T15:32:26.079+0000][711.727s][1][129][trace] GC(109) _eden_chunk_array[33]=0x00000000f79c8b60
[2025-08-08T15:32:26.079+0000][711.727s][1][129][trace] GC(109) _eden_chunk_array[34]=0x00000000f7a135c0
[2025-08-08T15:32:26.079+0000][711.727s][1][129][trace] GC(109) _eden_chunk_array[35]=0x00000000f7a47230
[2025-08-08T15:32:26.079+0000][711.727s][1][129][trace] GC(109) _eden_chunk_array[36]=0x00000000f7a6a370
[2025-08-08T15:32:26.079+0000][711.727s][1][129][trace] GC(109) _eden_chunk_array[37]=0x00000000f7a8d4b0
[2025-08-08T15:32:26.079+0000][711.727s][1][129][trace] GC(109) _eden_chunk_array[38]=0x00000000f7ad2d10
[2025-08-08T15:32:26.079+0000][711.727s][1][129][trace] GC(109) _eden_chunk_array[39]=0x00000000f7af5e48
[2025-08-08T15:32:26.079+0000][711.727s][1][129][trace] GC(109) _eden_chunk_array[40]=0x00000000f7b18f98
[2025-08-08T15:32:26.079+0000][711.727s][1][129][trace] GC(109) _eden_chunk_array[41]=0x00000000f7b5e7e0
[2025-08-08T15:32:26.079+0000][711.727s][1][129][trace] GC(109) _eden_chunk_array[42]=0x00000000f7b81928
[2025-08-08T15:32:26.079+0000][711.727s][1][129][trace] GC(109) _eden_chunk_array[43]=0x00000000f7ba4a70
[2025-08-08T15:32:26.079+0000][711.727s][1][129][trace] GC(109) _eden_chunk_array[44]=0x00000000f7bc5f98
[2025-08-08T15:32:26.079+0000][711.727s][1][129][trace] GC(109) _eden_chunk_array[45]=0x00000000f7c017b8
[2025-08-08T15:32:26.079+0000][711.727s][1][129][trace] GC(109) _eden_chunk_array[46]=0x00000000f7c29598
[2025-08-08T15:32:26.079+0000][711.727s][1][129][trace] GC(109) _eden_chunk_array[47]=0x00000000f7c5caa8
[2025-08-08T15:32:26.079+0000][711.727s][1][129][trace] GC(109) _eden_chunk_array[48]=0x00000000f7c80840
[2025-08-08T15:32:26.079+0000][711.727s][1][129][trace] GC(109) _eden_chunk_array[49]=0x00000000f7caabb8
[2025-08-08T15:32:26.079+0000][711.727s][1][129][trace] GC(109) _eden_chunk_array[50]=0x00000000f7cce950
[2025-08-08T15:32:26.079+0000][711.727s][1][129][trace] GC(109) _eden_chunk_array[51]=0x00000000f7cf8cb0
[2025-08-08T15:32:26.079+0000][711.727s][1][129][trace] GC(109) _eden_chunk_array[52]=0x00000000f7d23028
[2025-08-08T15:32:26.079+0000][711.727s][1][129][trace] GC(109) _eden_chunk_array[53]=0x00000000f7d4d398
[2025-08-08T15:32:26.079+0000][711.727s][1][129][trace] GC(109) _eden_chunk_array[54]=0x00000000f7dacf70
[2025-08-08T15:32:26.079+0000][711.727s][1][129][trace] GC(109) _eden_chunk_array[55]=0x00000000f7dcd2a0
[2025-08-08T15:32:26.079+0000][711.727s][1][129][trace] GC(109) _eden_chunk_array[56]=0x00000000f7deee48
[2025-08-08T15:32:26.079+0000][711.727s][1][129][trace] GC(109) _eden_chunk_array[57]=0x00000000f7e0f710
[2025-08-08T15:32:26.079+0000][711.727s][1][129][trace] GC(109) _eden_chunk_array[58]=0x00000000f7e64520
[2025-08-08T15:32:26.079+0000][711.727s][1][129][trace] GC(109) _eden_chunk_array[59]=0x00000000f7e8bcb8
[2025-08-08T15:32:26.079+0000][711.727s][1][129][trace] GC(109) _eden_chunk_array[60]=0x00000000f7eafa40
[2025-08-08T15:32:26.079+0000][711.727s][1][129][trace] GC(109) _eden_chunk_array[61]=0x00000000f7ed37c8
[2025-08-08T15:32:26.079+0000][711.727s][1][129][trace] GC(109) _eden_chunk_array[62]=0x00000000f7f19028
[2025-08-08T15:32:26.079+0000][711.727s][1][129][trace] GC(109) _eden_chunk_array[63]=0x00000000f7f42ad8
[2025-08-08T15:32:26.079+0000][711.727s][1][129][trace] GC(109) _eden_chunk_array[64]=0x00000000f7f6e720
[2025-08-08T15:32:26.079+0000][711.727s][1][129][trace] GC(109) _eden_chunk_array[65]=0x00000000f7f99710
[2025-08-08T15:32:26.079+0000][711.727s][1][129][trace] GC(109) _eden_chunk_array[66]=0x00000000f7fc5350
[2025-08-08T15:32:26.079+0000][711.727s][1][129][trace] GC(109) _eden_chunk_array[67]=0x00000000f8025b98
[2025-08-08T15:32:26.079+0000][711.727s][1][129][trace] GC(109) _eden_chunk_array[68]=0x00000000f8051800
[2025-08-08T15:32:26.079+0000][711.727s][1][129][trace] GC(109) _eden_chunk_array[69]=0x00000000f807d440
[2025-08-08T15:32:26.079+0000][711.727s][1][129][trace] GC(109) _eden_chunk_array[70]=0x00000000f80a3b28
[2025-08-08T15:32:26.079+0000][711.727s][1][129][trace] GC(109) _eden_chunk_array[71]=0x00000000f80c3d58
[2025-08-08T15:32:26.079+0000][711.727s][1][129][trace] GC(109) _eden_chunk_array[72]=0x00000000f80e4c40
[2025-08-08T15:32:26.079+0000][711.727s][1][129][trace] GC(109) _eden_chunk_array[73]=0x00000000f8118878
[2025-08-08T15:32:26.079+0000][711.727s][1][129][trace] GC(109) _eden_chunk_array[74]=0x00000000f8144f58
[2025-08-08T15:32:26.079+0000][711.727s][1][129][trace] GC(109) _eden_chunk_array[75]=0x00000000f8179648
[2025-08-08T15:32:26.079+0000][711.727s][1][129][trace] GC(109) _eden_chunk_array[76]=0x00000000f81b2f50
[2025-08-08T15:32:26.079+0000][711.727s][1][129][trace] GC(109) _eden_chunk_array[77]=0x00000000f8214e60
[2025-08-08T15:32:26.079+0000][711.727s][1][129][trace] GC(109) _eden_chunk_array[78]=0x00000000f82437e8
[2025-08-08T15:32:26.079+0000][711.727s][1][129][trace] GC(109) _eden_chunk_array[79]=0x00000000f827ec80
[2025-08-08T15:32:26.079+0000][711.727s][1][129][trace] GC(109) _eden_chunk_array[80]=0x00000000f82db998
[2025-08-08T15:32:26.079+0000][711.727s][1][129][trace] GC(109) _eden_chunk_array[81]=0x00000000f82ff478
[2025-08-08T15:32:26.079+0000][711.727s][1][129][trace] GC(109) _eden_chunk_array[82]=0x00000000f8325d68
[2025-08-08T15:32:26.079+0000][711.727s][1][129][trace] GC(109) _eden_chunk_array[83]=0x00000000f8346e68
[2025-08-08T15:32:26.079+0000][711.727s][1][129][trace] GC(109) _eden_chunk_array[84]=0x00000000f836c3f8
[2025-08-08T15:32:26.079+0000][711.727s][1][129][trace] GC(109) _eden_chunk_array[85]=0x00000000f838e968
[2025-08-08T15:32:26.079+0000][711.727s][1][129][trace] GC(109) _eden_chunk_array[86]=0x00000000f83b0db0
[2025-08-08T15:32:26.079+0000][711.727s][1][129][trace] GC(109) _eden_chunk_array[87]=0x00000000f83e4830
[2025-08-08T15:32:26.079+0000][711.727s][1][129][trace] GC(109) _eden_chunk_array[88]=0x00000000f841bc28
[2025-08-08T15:32:26.079+0000][711.727s][1][129][trace] GC(109) _eden_chunk_array[89]=0x00000000f8448db0
[2025-08-08T15:32:26.079+0000][711.727s][1][129][trace] GC(109) _eden_chunk_array[90]=0x00000000f846f610
[2025-08-08T15:32:26.079+0000][711.727s][1][129][trace] GC(109) _eden_chunk_array[91]=0x00000000f84933a8
[2025-08-08T15:32:26.080+0000][711.727s][1][129][trace] GC(109) _eden_chunk_array[92]=0x00000000f84ec018
[2025-08-08T15:32:26.080+0000][711.727s][1][129][trace] GC(109) _eden_chunk_array[93]=0x00000000f8512850
[2025-08-08T15:32:26.080+0000][711.727s][1][129][trace] GC(109) _eden_chunk_array[94]=0x00000000f8539090
[2025-08-08T15:32:26.080+0000][711.727s][1][129][trace] GC(109) _eden_chunk_array[95]=0x00000000f855f8d0
[2025-08-08T15:32:26.080+0000][711.727s][1][129][trace] GC(109) _eden_chunk_array[96]=0x00000000f8586100
[2025-08-08T15:32:26.080+0000][711.727s][1][129][trace] GC(109) _eden_chunk_array[97]=0x00000000f85a9238
[2025-08-08T15:32:26.080+0000][711.727s][1][129][trace] GC(109) _eden_chunk_array[98]=0x00000000f85f3ec8
[2025-08-08T15:32:26.080+0000][711.727s][1][129][trace] GC(109) _eden_chunk_array[99]=0x00000000f8616f50
[2025-08-08T15:32:26.080+0000][711.727s][1][129][trace] GC(109) _eden_chunk_array[100]=0x00000000f86377d8
[2025-08-08T15:32:26.080+0000][711.727s][1][129][trace] GC(109) _eden_chunk_array[101]=0x00000000f866d798
[2025-08-08T15:32:26.080+0000][711.727s][1][129][trace] GC(109) _eden_chunk_array[102]=0x00000000f86996f8
[2025-08-08T15:32:26.080+0000][711.727s][1][129][trace] GC(109) _eden_chunk_array[103]=0x00000000f86ca900
[2025-08-08T15:32:26.080+0000][711.727s][1][129][trace] GC(109) _eden_chunk_array[104]=0x00000000f8710158
[2025-08-08T15:32:26.080+0000][711.727s][1][129][trace] GC(109) _eden_chunk_array[105]=0x00000000f873eae8
[2025-08-08T15:32:26.080+0000][711.727s][1][129][trace] GC(109) _eden_chunk_array[106]=0x00000000f875f150
[2025-08-08T15:32:26.080+0000][711.727s][1][129][trace] GC(109) _eden_chunk_array[107]=0x00000000f87a9b70
[2025-08-08T15:32:26.080+0000][711.727s][1][129][trace] GC(109) _eden_chunk_array[108]=0x00000000f87f4578
[2025-08-08T15:32:26.080+0000][711.727s][1][129][trace] GC(109) _eden_chunk_array[109]=0x00000000f8822f08
[2025-08-08T15:32:26.080+0000][711.727s][1][129][trace] GC(109) _eden_chunk_array[110]=0x00000000f88535c0
[2025-08-08T15:32:26.080+0000][711.727s][1][129][trace] GC(109) _eden_chunk_array[111]=0x00000000f888ca40
[2025-08-08T15:32:26.080+0000][711.727s][1][129][trace] GC(109) _eden_chunk_array[112]=0x00000000f88b86a0
[2025-08-08T15:32:26.080+0000][711.727s][1][129][trace] GC(109) _eden_chunk_array[113]=0x00000000f88e2f90
[2025-08-08T15:32:26.080+0000][711.727s][1][129][trace] GC(109) _eden_chunk_array[114]=0x00000000f8904400
[2025-08-08T15:32:26.080+0000][711.727s][1][129][trace] GC(109) _eden_chunk_array[115]=0x00000000f8939410
[2025-08-08T15:32:26.080+0000][711.727s][1][129][trace] GC(109) _eden_chunk_array[116]=0x00000000f895d1b8
[2025-08-08T15:32:26.080+0000][711.727s][1][129][trace] GC(109) _eden_chunk_array[117]=0x00000000f89b5e30
[2025-08-08T15:32:26.080+0000][711.727s][1][129][trace] GC(109) _eden_chunk_array[118]=0x00000000f89e0190
[2025-08-08T15:32:26.080+0000][711.727s][1][129][trace] GC(109) _eden_chunk_array[119]=0x00000000f8a0a500
[2025-08-08T15:32:26.080+0000][711.727s][1][129][trace] GC(109) _eden_chunk_array[120]=0x00000000f8a34878
[2025-08-08T15:32:26.080+0000][711.727s][1][129][trace] GC(109) _eden_chunk_array[121]=0x00000000f8a5ebe8
[2025-08-08T15:32:26.080+0000][711.727s][1][129][trace] GC(109) _eden_chunk_array[122]=0x00000000f8a9af00
[2025-08-08T15:32:26.080+0000][711.727s][1][129][trace] GC(109) _eden_chunk_array[123]=0x00000000f8ac5280
[2025-08-08T15:32:26.080+0000][711.727s][1][129][trace] GC(109) _eden_chunk_array[124]=0x00000000f8ae83b8
[2025-08-08T15:32:26.080+0000][711.727s][1][129][trace] GC(109) _eden_chunk_array[125]=0x00000000f8b083e0
[2025-08-08T15:32:26.080+0000][711.727s][1][129][trace] GC(109) _eden_chunk_array[126]=0x00000000f8b283f8
[2025-08-08T15:32:26.080+0000][711.727s][1][129][trace] GC(109) _eden_chunk_array[127]=0x00000000f8b48410
[2025-08-08T15:32:26.080+0000][711.727s][1][129][trace] GC(109) _eden_chunk_array[128]=0x00000000f8b68710
[2025-08-08T15:32:26.080+0000][711.727s][1][129][trace] GC(109) _eden_chunk_array[129]=0x00000000f8b89640
[2025-08-08T15:32:26.080+0000][711.727s][1][129][trace] GC(109) _eden_chunk_array[130]=0x00000000f8bad128
[2025-08-08T15:32:26.080+0000][711.727s][1][129][trace] GC(109) _eden_chunk_array[131]=0x00000000f8bd0260
[2025-08-08T15:32:26.080+0000][711.727s][1][129][trace] GC(109) _eden_chunk_array[132]=0x00000000f8bf33a0
[2025-08-08T15:32:26.080+0000][711.727s][1][129][trace] GC(109) _eden_chunk_array[133]=0x00000000f8c2eb30
[2025-08-08T15:32:26.080+0000][711.727s][1][129][trace] GC(109) _eden_chunk_array[134]=0x00000000f8c64158
[2025-08-08T15:32:26.080+0000][711.727s][1][129][trace] GC(109) _eden_chunk_array[135]=0x00000000f8c93080
[2025-08-08T15:32:26.080+0000][711.727s][1][129][trace] GC(109) _eden_chunk_array[136]=0x00000000f8cb4de8
[2025-08-08T15:32:26.080+0000][711.727s][1][129][trace] GC(109) _eden_chunk_array[137]=0x00000000f8d14a10
[2025-08-08T15:32:26.080+0000][711.727s][1][129][trace] GC(109) _eden_chunk_array[138]=0x00000000f8d5a268
[2025-08-08T15:32:26.080+0000][711.727s][1][129][trace] GC(109) _eden_chunk_array[139]=0x00000000f8d8dd38
[2025-08-08T15:32:26.080+0000][711.727s][1][129][trace] GC(109) _eden_chunk_array[140]=0x00000000f8dc17e8
[2025-08-08T15:32:26.080+0000][711.727s][1][129][trace] GC(109) _eden_chunk_array[141]=0x00000000f8dec658
[2025-08-08T15:32:26.080+0000][711.727s][1][129][trace] GC(109) _eden_chunk_array[142]=0x00000000f8e0eaa0
[2025-08-08T15:32:26.080+0000][711.727s][1][129][trace] GC(109) _eden_chunk_array[143]=0x00000000f8e30dc8
[2025-08-08T15:32:26.080+0000][711.727s][1][129][trace] GC(109) _eden_chunk_array[144]=0x00000000f8e5e848
[2025-08-08T15:32:26.080+0000][711.727s][1][129][trace] GC(109) _eden_chunk_array[145]=0x00000000f8e7eda8
[2025-08-08T15:32:26.080+0000][711.727s][1][129][trace] GC(109) _eden_chunk_array[146]=0x00000000f8ed3c18
[2025-08-08T15:32:26.080+0000][711.727s][1][129][trace] GC(109) _eden_chunk_array[147]=0x00000000f8f0f2e8
[2025-08-08T15:32:26.080+0000][711.727s][1][129][trace] GC(109) _eden_chunk_array[148]=0x00000000f8f3af38
[2025-08-08T15:32:26.080+0000][711.727s][1][129][trace] GC(109) _eden_chunk_array[149]=0x00000000f8f7d3c0
[2025-08-08T15:32:26.080+0000][711.727s][1][129][trace] GC(109) _eden_chunk_array[150]=0x00000000f8fa9000
[2025-08-08T15:32:26.080+0000][711.727s][1][129][trace] GC(109) _eden_chunk_array[151]=0x00000000f8fcb538
[2025-08-08T15:32:26.080+0000][711.727s][1][129][trace] GC(109) _eden_chunk_array[152]=0x00000000f8ff7178
[2025-08-08T15:32:26.080+0000][711.727s][1][129][trace] GC(109) _eden_chunk_array[153]=0x00000000f9022e08
[2025-08-08T15:32:26.080+0000][711.727s][1][129][trace] GC(109) _eden_chunk_array[154]=0x00000000f907e470
[2025-08-08T15:32:26.080+0000][711.727s][1][129][trace] GC(109) _eden_chunk_array[155]=0x00000000f909ee40
[2025-08-08T15:32:26.080+0000][711.727s][1][129][trace] GC(109) _eden_chunk_array[156]=0x00000000f90bf1c8
[2025-08-08T15:32:26.080+0000][711.727s][1][129][trace] GC(109) _eden_chunk_array[157]=0x00000000f90e7d00
[2025-08-08T15:32:26.080+0000][711.727s][1][129][trace] GC(109) _eden_chunk_array[158]=0x00000000f9119878
[2025-08-08T15:32:26.080+0000][711.727s][1][129][trace] GC(109) _eden_chunk_array[159]=0x00000000f9151450
[2025-08-08T15:32:26.080+0000][711.727s][1][129][trace] GC(109) _eden_chunk_array[160]=0x00000000f91b09f0
[2025-08-08T15:32:26.080+0000][711.727s][1][129][trace] GC(109) _eden_chunk_array[161]=0x00000000f91dad88
[2025-08-08T15:32:26.080+0000][711.727s][1][129][trace] GC(109) _eden_chunk_array[162]=0x00000000f92050f0
[2025-08-08T15:32:26.080+0000][711.727s][1][129][trace] GC(109) _eden_chunk_array[163]=0x00000000f922f458
[2025-08-08T15:32:26.080+0000][711.727s][1][129][trace] GC(109) _eden_chunk_array[164]=0x00000000f92597e0
[2025-08-08T15:32:26.080+0000][711.727s][1][129][trace] GC(109) _eden_chunk_array[165]=0x00000000f92a41f8
[2025-08-08T15:32:26.080+0000][711.727s][1][129][trace] GC(109) _eden_chunk_array[166]=0x00000000f9303df0
[2025-08-08T15:32:26.080+0000][711.727s][1][129][trace] GC(109) _eden_chunk_array[167]=0x00000000f932e158
[2025-08-08T15:32:26.080+0000][711.727s][1][129][trace] GC(109) _eden_chunk_array[168]=0x00000000f9351500
[2025-08-08T15:32:26.080+0000][711.727s][1][129][trace] GC(109) _eden_chunk_array[169]=0x00000000f9376880
[2025-08-08T15:32:26.080+0000][711.727s][1][129][trace] GC(109) _eden_chunk_array[170]=0x00000000f93999a8
[2025-08-08T15:32:26.080+0000][711.727s][1][129][trace] GC(109) _eden_chunk_array[171]=0x00000000f93df210
[2025-08-08T15:32:26.080+0000][711.727s][1][129][trace] GC(109) _eden_chunk_array[172]=0x00000000f9402368
[2025-08-08T15:32:26.080+0000][711.727s][1][129][trace] GC(109) _eden_chunk_array[173]=0x00000000f942e9e0
[2025-08-08T15:32:26.080+0000][711.727s][1][129][trace] GC(109) _eden_chunk_array[174]=0x00000000f9462d90
[2025-08-08T15:32:26.080+0000][711.727s][1][129][trace] GC(109) _eden_chunk_array[175]=0x00000000f9483e80
[2025-08-08T15:32:26.080+0000][711.727s][1][129][trace] GC(109) _eden_chunk_array[176]=0x00000000f94bf730
[2025-08-08T15:32:26.080+0000][711.727s][1][129][trace] GC(109) _eden_chunk_array[177]=0x00000000f9524ee0
[2025-08-08T15:32:26.080+0000][711.727s][1][129][trace] GC(109) _eden_chunk_array[178]=0x00000000f9564d68
[2025-08-08T15:32:26.080+0000][711.727s][1][129][trace] GC(109) _eden_chunk_array[179]=0x00000000f95a4c18
[2025-08-08T15:32:26.080+0000][711.727s][1][129][trace] GC(109) _eden_chunk_array[180]=0x00000000f95c6860
[2025-08-08T15:32:26.080+0000][711.727s][1][129][trace] GC(109) _eden_chunk_array[181]=0x00000000f95efa90
[2025-08-08T15:32:26.080+0000][711.727s][1][129][trace] GC(109) _eden_chunk_array[182]=0x00000000f9610388
[2025-08-08T15:32:26.080+0000][711.727s][1][129][trace] GC(109) _eden_chunk_array[183]=0x00000000f96641f8
[2025-08-08T15:32:26.080+0000][711.727s][1][129][trace] GC(109) _eden_chunk_array[184]=0x00000000f968c468
[2025-08-08T15:32:26.080+0000][711.727s][1][129][trace] GC(109) _eden_chunk_array[185]=0x00000000f96b04c0
[2025-08-08T15:32:26.080+0000][711.727s][1][129][trace] GC(109) _eden_chunk_array[186]=0x00000000f96da9b8
[2025-08-08T15:32:26.080+0000][711.727s][1][129][trace] GC(109) _eden_chunk_array[187]=0x00000000f96fce08
[2025-08-08T15:32:26.080+0000][711.727s][1][129][trace] GC(109) _eden_chunk_array[188]=0x00000000f971f250
[2025-08-08T15:32:26.080+0000][711.727s][1][129][trace] GC(109) _eden_chunk_array[189]=0x00000000f9740d20
[2025-08-08T15:32:26.080+0000][711.727s][1][129][trace] GC(109) _eden_chunk_array[190]=0x00000000f9764ab0
[2025-08-08T15:32:26.080+0000][711.727s][1][129][trace] GC(109) _eden_chunk_array[191]=0x00000000f97aa308
[2025-08-08T15:32:26.080+0000][711.727s][1][129][trace] GC(109) _eden_chunk_array[192]=0x00000000f97ce108
[2025-08-08T15:32:26.080+0000][711.727s][1][129][trace] GC(109) _eden_chunk_array[193]=0x00000000f980df80
[2025-08-08T15:32:26.080+0000][711.727s][1][129][trace] GC(109) _eden_chunk_array[194]=0x00000000f984de00
[2025-08-08T15:32:26.080+0000][711.727s][1][129][trace] GC(109) _eden_chunk_array[195]=0x00000000f986fa88
[2025-08-08T15:32:26.080+0000][711.727s][1][129][trace] GC(109) _eden_chunk_array[196]=0x00000000f9899cd0
[2025-08-08T15:32:26.080+0000][711.727s][1][129][trace] GC(109) _eden_chunk_array[197]=0x00000000f98bd6d8
[2025-08-08T15:32:26.080+0000][711.727s][1][129][trace] GC(109) _eden_chunk_array[198]=0x00000000f98eca98
[2025-08-08T15:32:26.080+0000][711.727s][1][129][trace] GC(109) _eden_chunk_array[199]=0x00000000f9918838
[2025-08-08T15:32:26.080+0000][711.727s][1][129][trace] GC(109) _eden_chunk_array[200]=0x00000000f99405e0
[2025-08-08T15:32:26.080+0000][711.727s][1][129][trace] GC(109) _eden_chunk_array[201]=0x00000000f9964370
[2025-08-08T15:32:26.080+0000][711.727s][1][129][trace] GC(109) _eden_chunk_array[202]=0x00000000f99a9bc8
[2025-08-08T15:32:26.080+0000][711.727s][1][129][trace] GC(109) _eden_chunk_array[203]=0x00000000f99f45e8
[2025-08-08T15:32:26.080+0000][711.727s][1][129][trace] GC(109) _eden_chunk_array[204]=0x00000000f9a40c50
[2025-08-08T15:32:26.080+0000][711.727s][1][129][trace] GC(109) _eden_chunk_array[205]=0x00000000f9a63198
[2025-08-08T15:32:26.080+0000][711.727s][1][129][trace] GC(109) _eden_chunk_array[206]=0x00000000f9a856d8
[2025-08-08T15:32:26.080+0000][711.727s][1][129][trace] GC(109) _eden_chunk_array[207]=0x00000000f9aa7c10
[2025-08-08T15:32:26.080+0000][711.727s][1][129][trace] GC(109) _eden_chunk_array[208]=0x00000000f9aca148
[2025-08-08T15:32:26.080+0000][711.727s][1][129][trace] GC(109) _eden_chunk_array[209]=0x00000000f9aec678
[2025-08-08T15:32:26.080+0000][711.727s][1][129][trace] GC(109) _eden_chunk_array[210]=0x00000000f9b0ebb8
[2025-08-08T15:32:26.080+0000][711.727s][1][129][trace] GC(109) _eden_chunk_array[211]=0x00000000f9b310f0
[2025-08-08T15:32:26.080+0000][711.727s][1][129][trace] GC(109) _eden_chunk_array[212]=0x00000000f9b51ad0
[2025-08-08T15:32:26.080+0000][711.727s][1][129][trace] GC(109) _eden_chunk_array[213]=0x00000000f9b72290
[2025-08-08T15:32:26.080+0000][711.727s][1][129][trace] GC(109) _eden_chunk_array[214]=0x00000000f9b92540
[2025-08-08T15:32:26.080+0000][711.727s][1][129][trace] GC(109) _eden_chunk_array[215]=0x00000000f9bbca38
[2025-08-08T15:32:26.080+0000][711.727s][1][129][trace] GC(109) _eden_chunk_array[216]=0x00000000f9be0818
[2025-08-08T15:32:26.080+0000][711.727s][1][129][trace] GC(109) _eden_chunk_array[217]=0x00000000f9c1e2f8
[2025-08-08T15:32:26.080+0000][711.727s][1][129][trace] GC(109) _eden_chunk_array[218]=0x00000000f9c6ccf8
[2025-08-08T15:32:26.080+0000][711.727s][1][129][trace] GC(109) _eden_chunk_array[219]=0x00000000f9c99358
[2025-08-08T15:32:26.080+0000][711.727s][1][129][trace] GC(109) _eden_chunk_array[220]=0x00000000f9cc7cf0
[2025-08-08T15:32:26.080+0000][711.727s][1][129][trace] GC(109) _eden_chunk_array[221]=0x00000000f9cf6650
[2025-08-08T15:32:26.080+0000][711.727s][1][129][trace] GC(109) _eden_chunk_array[222]=0x00000000f9d24fc0
[2025-08-08T15:32:26.080+0000][711.727s][1][129][trace] GC(109) _eden_chunk_array[223]=0x00000000f9d53938
[2025-08-08T15:32:26.080+0000][711.727s][1][129][trace] GC(109) _eden_chunk_array[224]=0x00000000f9d8eb88
[2025-08-08T15:32:26.080+0000][711.727s][1][129][trace] GC(109) _eden_chunk_array[225]=0x00000000f9daebb8
[2025-08-08T15:32:26.080+0000][711.727s][1][129][trace] GC(109) _eden_chunk_array[226]=0x00000000f9dcebd0
[2025-08-08T15:32:26.080+0000][711.727s][1][129][trace] GC(109) _eden_chunk_array[227]=0x00000000f9def608
[2025-08-08T15:32:26.080+0000][711.727s][1][129][trace] GC(109) _eden_chunk_array[228]=0x00000000f9e0fe60
[2025-08-08T15:32:26.080+0000][711.727s][1][129][trace] GC(109) _eden_chunk_array[229]=0x00000000f9e33e78
[2025-08-08T15:32:26.080+0000][711.727s][1][129][trace] GC(109) _eden_chunk_array[230]=0x00000000f9e67908
[2025-08-08T15:32:26.080+0000][711.727s][1][129][trace] GC(109) _eden_chunk_array[231]=0x00000000f9eaa1c8
[2025-08-08T15:32:26.080+0000][711.727s][1][129][trace] GC(109) _eden_chunk_array[232]=0x00000000f9ecd300
[2025-08-08T15:32:26.080+0000][711.727s][1][129][trace] GC(109) _eden_chunk_array[233]=0x00000000f9ef0438
[2025-08-08T15:32:26.080+0000][711.727s][1][129][trace] GC(109) _eden_chunk_array[234]=0x00000000f9f13570
[2025-08-08T15:32:26.080+0000][711.727s][1][129][trace] GC(109) _eden_chunk_array[235]=0x00000000f9f366b8
[2025-08-08T15:32:26.080+0000][711.727s][1][129][trace] GC(109) _eden_chunk_array[236]=0x00000000f9f59808
[2025-08-08T15:32:26.080+0000][711.727s][1][129][trace] GC(109) _eden_chunk_array[237]=0x00000000f9f7c940
[2025-08-08T15:32:26.080+0000][711.727s][1][129][trace] GC(109) _eden_chunk_array[238]=0x00000000f9f9c968
[2025-08-08T15:32:26.080+0000][711.727s][1][129][trace] GC(109) _eden_chunk_array[239]=0x00000000f9fcf668
[2025-08-08T15:32:26.080+0000][711.727s][1][129][trace] GC(109) _eden_chunk_array[240]=0x00000000f9fef698
[2025-08-08T15:32:26.080+0000][711.727s][1][129][trace] GC(109) _eden_chunk_array[241]=0x00000000fa00f6c8
[2025-08-08T15:32:26.080+0000][711.727s][1][129][trace] GC(109) _eden_chunk_array[242]=0x00000000fa05a100
[2025-08-08T15:32:26.080+0000][711.727s][1][129][trace] GC(109) _eden_chunk_array[243]=0x00000000fa08a198
[2025-08-08T15:32:26.080+0000][711.727s][1][129][trace] GC(109) _eden_chunk_array[244]=0x00000000fa0ae310
[2025-08-08T15:32:26.080+0000][711.727s][1][129][trace] GC(109) _eden_chunk_array[245]=0x00000000fa0de170
[2025-08-08T15:32:26.080+0000][711.727s][1][129][trace] GC(109) _eden_chunk_array[246]=0x00000000fa120780
[2025-08-08T15:32:26.080+0000][711.727s][1][129][trace] GC(109) _eden_chunk_array[247]=0x00000000fa152b00
[2025-08-08T15:32:26.080+0000][711.727s][1][129][trace] GC(109) _eden_chunk_array[248]=0x00000000fa173c60
[2025-08-08T15:32:26.080+0000][711.727s][1][129][trace] GC(109) _eden_chunk_array[249]=0x00000000fa194de8
[2025-08-08T15:32:26.080+0000][711.727s][1][129][trace] GC(109) _eden_chunk_array[250]=0x00000000fa1b5f48
[2025-08-08T15:32:26.080+0000][711.727s][1][129][trace] GC(109) _eden_chunk_array[251]=0x00000000fa1d70a0
[2025-08-08T15:32:26.080+0000][711.727s][1][129][trace] GC(109) _eden_chunk_array[252]=0x00000000fa1f8200
[2025-08-08T15:32:26.080+0000][711.727s][1][129][trace] GC(109) _eden_chunk_array[253]=0x00000000fa24fe88
[2025-08-08T15:32:26.080+0000][711.727s][1][129][trace] GC(109) _eden_chunk_array[254]=0x00000000fa270fe0
[2025-08-08T15:32:26.080+0000][711.727s][1][129][trace] GC(109) _eden_chunk_array[255]=0x00000000fa2bba00
[2025-08-08T15:32:26.080+0000][711.727s][1][129][trace] GC(109) _eden_chunk_array[256]=0x00000000fa2f1758
[2025-08-08T15:32:26.080+0000][711.727s][1][129][trace] GC(109) _eden_chunk_array[257]=0x00000000fa314b88
[2025-08-08T15:32:26.080+0000][711.727s][1][129][trace] GC(109) _eden_chunk_array[258]=0x00000000fa334ce8
[2025-08-08T15:32:26.080+0000][711.727s][1][129][trace] GC(109) _eden_chunk_array[259]=0x00000000fa37a550
[2025-08-08T15:32:26.080+0000][711.727s][1][129][trace] GC(109) _eden_chunk_array[260]=0x00000000fa3a8448
[2025-08-08T15:32:26.080+0000][711.727s][1][129][trace] GC(109) _eden_chunk_array[261]=0x00000000fa3ce1b8
[2025-08-08T15:32:26.080+0000][711.727s][1][129][trace] GC(109) _eden_chunk_array[262]=0x00000000fa3f06f8
[2025-08-08T15:32:26.080+0000][711.727s][1][129][trace] GC(109) _eden_chunk_array[263]=0x00000000fa4321b8
[2025-08-08T15:32:26.080+0000][711.727s][1][129][trace] GC(109) _eden_chunk_array[264]=0x00000000fa460b28
[2025-08-08T15:32:26.080+0000][711.727s][1][129][trace] GC(109) _eden_chunk_array[265]=0x00000000fa48f4b0
[2025-08-08T15:32:26.080+0000][711.727s][1][129][trace] GC(109) _eden_chunk_array[266]=0x00000000fa4bde50
[2025-08-08T15:32:26.080+0000][711.727s][1][129][trace] GC(109) _eden_chunk_array[267]=0x00000000fa4ee438
[2025-08-08T15:32:26.080+0000][711.728s][1][129][trace] GC(109) _eden_chunk_array[268]=0x00000000fa51cde8
[2025-08-08T15:32:26.080+0000][711.728s][1][129][trace] GC(109) _eden_chunk_array[269]=0x00000000fa5677f0
[2025-08-08T15:32:26.080+0000][711.728s][1][129][trace] GC(109) _eden_chunk_array[270]=0x00000000fa58b2e8
[2025-08-08T15:32:26.080+0000][711.728s][1][129][trace] GC(109) _eden_chunk_array[271]=0x00000000fa5ab370
[2025-08-08T15:32:26.080+0000][711.728s][1][129][trace] GC(109) _eden_chunk_array[272]=0x00000000fa5cdfc0
[2025-08-08T15:32:26.080+0000][711.728s][1][129][trace] GC(109) _eden_chunk_array[273]=0x00000000fa625ea8
[2025-08-08T15:32:26.080+0000][711.728s][1][129][trace] GC(109) _eden_chunk_array[274]=0x00000000fa65d550
[2025-08-08T15:32:26.080+0000][711.728s][1][129][trace] GC(109) _eden_chunk_array[275]=0x00000000fa67fa90
[2025-08-08T15:32:26.080+0000][711.728s][1][129][trace] GC(109) _eden_chunk_array[276]=0x00000000fa6c52f0
[2025-08-08T15:32:26.080+0000][711.728s][1][129][trace] GC(109) _eden_chunk_array[277]=0x00000000fa6f3c58
[2025-08-08T15:32:26.080+0000][711.728s][1][129][trace] GC(109) _eden_chunk_array[278]=0x00000000fa7403a8
[2025-08-08T15:32:26.080+0000][711.728s][1][129][trace] GC(109) _eden_chunk_array[279]=0x00000000fa7627f0
[2025-08-08T15:32:26.080+0000][711.728s][1][129][trace] GC(109) _eden_chunk_array[280]=0x00000000fa784c30
[2025-08-08T15:32:26.080+0000][711.728s][1][129][trace] GC(109) _eden_chunk_array[281]=0x00000000fa7a7088
[2025-08-08T15:32:26.080+0000][711.728s][1][129][trace] GC(109) _eden_chunk_array[282]=0x00000000fa7c94e8
[2025-08-08T15:32:26.080+0000][711.728s][1][129][trace] GC(109) _eden_chunk_array[283]=0x00000000fa7eb938
[2025-08-08T15:32:26.080+0000][711.728s][1][129][trace] GC(109) _eden_chunk_array[284]=0x00000000fa80dd90
[2025-08-08T15:32:26.080+0000][711.728s][1][129][trace] GC(109) _eden_chunk_array[285]=0x00000000fa8301e8
[2025-08-08T15:32:26.080+0000][711.728s][1][129][trace] GC(109) _eden_chunk_array[286]=0x00000000fa856168
[2025-08-08T15:32:26.080+0000][711.728s][1][129][trace] GC(109) _eden_chunk_array[287]=0x00000000fa88c420
[2025-08-08T15:32:26.080+0000][711.728s][1][129][trace] GC(109) _eden_chunk_array[288]=0x00000000fa8bf590
[2025-08-08T15:32:26.080+0000][711.728s][1][129][trace] GC(109) _eden_chunk_array[289]=0x00000000fa8fc410
[2025-08-08T15:32:26.080+0000][711.728s][1][129][trace] GC(109) _eden_chunk_array[290]=0x00000000fa927558
[2025-08-08T15:32:26.080+0000][711.728s][1][129][trace] GC(109) _eden_chunk_array[291]=0x00000000fa94b2e0
[2025-08-08T15:32:26.080+0000][711.728s][1][129][trace] GC(109) _eden_chunk_array[292]=0x00000000fa96cf28
[2025-08-08T15:32:26.080+0000][711.728s][1][129][trace] GC(109) _eden_chunk_array[293]=0x00000000fa9d26b8
[2025-08-08T15:32:26.080+0000][711.728s][1][129][trace] GC(109) _eden_chunk_array[294]=0x00000000faa1d0c0
[2025-08-08T15:32:26.080+0000][711.728s][1][129][trace] GC(109) _eden_chunk_array[295]=0x00000000faa5cf38
[2025-08-08T15:32:26.080+0000][711.728s][1][129][trace] GC(109) _eden_chunk_array[296]=0x00000000faa9cdc0
[2025-08-08T15:32:26.080+0000][711.728s][1][129][trace] GC(109) _eden_chunk_array[297]=0x00000000faadcc78
[2025-08-08T15:32:26.080+0000][711.728s][1][129][trace] GC(109) _eden_chunk_array[298]=0x00000000fab08bf0
[2025-08-08T15:32:26.080+0000][711.728s][1][129][trace] GC(109) _eden_chunk_array[299]=0x00000000fab3eca0
[2025-08-08T15:32:26.080+0000][711.728s][1][129][trace] GC(109) _eden_chunk_array[300]=0x00000000fab72720
[2025-08-08T15:32:26.080+0000][711.728s][1][129][trace] GC(109) _eden_chunk_array[301]=0x00000000fabbd128
[2025-08-08T15:32:26.080+0000][711.728s][1][129][trace] GC(109) _eden_chunk_array[302]=0x00000000fac0fb50
[2025-08-08T15:32:26.080+0000][711.728s][1][129][trace] GC(109) _eden_chunk_array[303]=0x00000000fac553a8
[2025-08-08T15:32:26.080+0000][711.728s][1][129][trace] GC(109) _eden_chunk_array[304]=0x00000000fac88db8
[2025-08-08T15:32:26.080+0000][711.728s][1][129][trace] GC(109) _eden_chunk_array[305]=0x00000000facabf08
[2025-08-08T15:32:26.080+0000][711.728s][1][129][trace] GC(109) _eden_chunk_array[306]=0x00000000faccf048
[2025-08-08T15:32:26.080+0000][711.728s][1][129][trace] GC(109) _eden_chunk_array[307]=0x00000000facf3d08
[2025-08-08T15:32:26.080+0000][711.728s][1][129][trace] GC(109) _eden_chunk_array[308]=0x00000000fad16e50
[2025-08-08T15:32:26.080+0000][711.728s][1][129][trace] GC(109) _eden_chunk_array[309]=0x00000000fad44528
[2025-08-08T15:32:26.080+0000][711.728s][1][129][trace] GC(109) _eden_chunk_array[310]=0x00000000fad66ee8
[2025-08-08T15:32:26.080+0000][711.728s][1][129][trace] GC(109) _eden_chunk_array[311]=0x00000000fad87a90
[2025-08-08T15:32:26.080+0000][711.728s][1][129][trace] GC(109) _eden_chunk_array[312]=0x00000000fada8d68
[2025-08-08T15:32:26.080+0000][711.728s][1][129][trace] GC(109) _eden_chunk_array[313]=0x00000000fadc8db8
[2025-08-08T15:32:26.080+0000][711.728s][1][129][trace] GC(109) _eden_chunk_array[314]=0x00000000fade8de0
[2025-08-08T15:32:26.080+0000][711.728s][1][129][trace] GC(109) _eden_chunk_array[315]=0x00000000fae13df0
[2025-08-08T15:32:26.080+0000][711.728s][1][129][trace] GC(109) _eden_chunk_array[316]=0x00000000fae3fa50
[2025-08-08T15:32:26.080+0000][711.728s][1][129][trace] GC(109) _eden_chunk_array[317]=0x00000000fae61f80
[2025-08-08T15:32:26.080+0000][711.728s][1][129][trace] GC(109) _eden_chunk_array[318]=0x00000000faea77d8
[2025-08-08T15:32:26.080+0000][711.728s][1][129][trace] GC(109) _eden_chunk_array[319]=0x00000000faec9d10
[2025-08-08T15:32:26.080+0000][711.728s][1][129][trace] GC(109) _eden_chunk_array[320]=0x00000000faeec240
[2025-08-08T15:32:26.080+0000][711.728s][1][129][trace] GC(109) _eden_chunk_array[321]=0x00000000faf0e780
[2025-08-08T15:32:26.080+0000][711.728s][1][129][trace] GC(109) _eden_chunk_array[322]=0x00000000faf30cb0
[2025-08-08T15:32:26.080+0000][711.728s][1][129][trace] GC(109) _eden_chunk_array[323]=0x00000000faf531f0
[2025-08-08T15:32:26.080+0000][711.728s][1][129][trace] GC(109) _eden_chunk_array[324]=0x00000000faf75738
[2025-08-08T15:32:26.080+0000][711.728s][1][129][trace] GC(109) _eden_chunk_array[325]=0x00000000fafc0158
[2025-08-08T15:32:26.080+0000][711.728s][1][129][trace] GC(109) _eden_chunk_array[326]=0x00000000fafe3290
[2025-08-08T15:32:26.080+0000][711.728s][1][129][trace] GC(109) _eden_chunk_array[327]=0x00000000fb003f80
[2025-08-08T15:32:26.080+0000][711.728s][1][129][trace] GC(109) _eden_chunk_array[328]=0x00000000fb02f1e0
[2025-08-08T15:32:26.080+0000][711.728s][1][129][trace] GC(109) _eden_chunk_array[329]=0x00000000fb088650
[2025-08-08T15:32:26.080+0000][711.728s][1][129][trace] GC(109) _eden_chunk_array[330]=0x00000000fb0ae5f8
[2025-08-08T15:32:26.080+0000][711.728s][1][129][trace] GC(109) _eden_chunk_array[331]=0x00000000fb0d0a50
[2025-08-08T15:32:26.080+0000][711.728s][1][129][trace] GC(109) _eden_chunk_array[332]=0x00000000fb1063a0
[2025-08-08T15:32:26.080+0000][711.728s][1][129][trace] GC(109) _eden_chunk_array[333]=0x00000000fb12a120
[2025-08-08T15:32:26.080+0000][711.728s][1][129][trace] GC(109) _eden_chunk_array[334]=0x00000000fb174b38
[2025-08-08T15:32:26.080+0000][711.728s][1][129][trace] GC(109) _eden_chunk_array[335]=0x00000000fb1a0928
[2025-08-08T15:32:26.080+0000][711.728s][1][129][trace] GC(109) _eden_chunk_array[336]=0x00000000fb1d04a0
[2025-08-08T15:32:26.080+0000][711.728s][1][129][trace] GC(109) _eden_chunk_array[337]=0x00000000fb203f30
[2025-08-08T15:32:26.080+0000][711.728s][1][129][trace] GC(109) _eden_chunk_array[338]=0x00000000fb2379d8
[2025-08-08T15:32:26.080+0000][711.728s][1][129][trace] GC(109) _eden_chunk_array[339]=0x00000000fb26b460
[2025-08-08T15:32:26.080+0000][711.728s][1][129][trace] GC(109) _eden_chunk_array[340]=0x00000000fb29eef0
[2025-08-08T15:32:26.080+0000][711.728s][1][129][trace] GC(109) _eden_chunk_array[341]=0x00000000fb2c3a58
[2025-08-08T15:32:26.080+0000][711.728s][1][129][trace] GC(109) _eden_chunk_array[342]=0x00000000fb2f9bd0
[2025-08-08T15:32:26.080+0000][711.728s][1][129][trace] GC(109) _eden_chunk_array[343]=0x00000000fb31f728
[2025-08-08T15:32:26.080+0000][711.728s][1][129][trace] GC(109) _eden_chunk_array[344]=0x00000000fb34e618
[2025-08-08T15:32:26.080+0000][711.728s][1][129][trace] GC(109) _eden_chunk_array[345]=0x00000000fb37d590
[2025-08-08T15:32:26.080+0000][711.728s][1][129][trace] GC(109) _eden_chunk_array[346]=0x00000000fb3c2dd8
[2025-08-08T15:32:26.080+0000][711.728s][1][129][trace] GC(109) _eden_chunk_array[347]=0x00000000fb3f7478
[2025-08-08T15:32:26.080+0000][711.728s][1][129][trace] GC(109) _eden_chunk_array[348]=0x00000000fb461dd0
[2025-08-08T15:32:26.080+0000][711.728s][1][129][trace] GC(109) _eden_chunk_array[349]=0x00000000fb4a1c60
[2025-08-08T15:32:26.080+0000][711.728s][1][129][trace] GC(109) _eden_chunk_array[350]=0x00000000fb4c38b8
[2025-08-08T15:32:26.080+0000][711.728s][1][129][trace] GC(109) _eden_chunk_array[351]=0x00000000fb503740
[2025-08-08T15:32:26.080+0000][711.728s][1][129][trace] GC(109) _eden_chunk_array[352]=0x00000000fb539528
[2025-08-08T15:32:26.080+0000][711.728s][1][129][trace] GC(109) _eden_chunk_array[353]=0x00000000fb56d9f8
[2025-08-08T15:32:26.080+0000][711.728s][1][129][trace] GC(109) _eden_chunk_array[354]=0x00000000fb5cc130
[2025-08-08T15:32:26.080+0000][711.728s][1][129][trace] GC(109) _eden_chunk_array[355]=0x00000000fb5efed0
[2025-08-08T15:32:26.081+0000][711.728s][1][129][trace] GC(109) _eden_chunk_array[356]=0x00000000fb627600
[2025-08-08T15:32:26.081+0000][711.728s][1][129][trace] GC(109) _eden_chunk_array[357]=0x00000000fb64d2c8
[2025-08-08T15:32:26.081+0000][711.728s][1][129][trace] GC(109) _eden_chunk_array[358]=0x00000000fb671410
[2025-08-08T15:32:26.081+0000][711.728s][1][129][trace] GC(109) _eden_chunk_array[359]=0x00000000fb694558
[2025-08-08T15:32:26.081+0000][711.728s][1][129][trace] GC(109) _eden_chunk_array[360]=0x00000000fb6b76a8
[2025-08-08T15:32:26.081+0000][711.728s][1][129][trace] GC(109) _eden_chunk_array[361]=0x00000000fb6d76d0
[2025-08-08T15:32:26.081+0000][711.728s][1][129][trace] GC(109) _eden_chunk_array[362]=0x00000000fb6f76f8
[2025-08-08T15:32:26.081+0000][711.728s][1][129][trace] GC(109) _eden_chunk_array[363]=0x00000000fb71a830
[2025-08-08T15:32:26.081+0000][711.728s][1][129][trace] GC(109) _eden_chunk_array[364]=0x00000000fb73d978
[2025-08-08T15:32:26.081+0000][711.728s][1][129][trace] GC(109) _eden_chunk_array[365]=0x00000000fb760ab8
[2025-08-08T15:32:26.081+0000][711.728s][1][129][trace] GC(109) _eden_chunk_array[366]=0x00000000fb783bf8
[2025-08-08T15:32:26.081+0000][711.728s][1][129][trace] GC(109) _eden_chunk_array[367]=0x00000000fb7aadf8
[2025-08-08T15:32:26.081+0000][711.728s][1][129][trace] GC(109) _eden_chunk_array[368]=0x00000000fb7cb9a0
[2025-08-08T15:32:26.081+0000][711.728s][1][129][trace] GC(109) _eden_chunk_array[369]=0x00000000fb7f8820
[2025-08-08T15:32:26.081+0000][711.728s][1][129][trace] GC(109) _eden_chunk_array[370]=0x00000000fb8230e0
[2025-08-08T15:32:26.081+0000][711.728s][1][129][trace] GC(109) _eden_chunk_array[371]=0x00000000fb851a48
[2025-08-08T15:32:26.081+0000][711.728s][1][129][trace] GC(109) _eden_chunk_array[372]=0x00000000fb882c40
[2025-08-08T15:32:26.081+0000][711.728s][1][129][trace] GC(109) _eden_chunk_array[373]=0x00000000fb8c8488
[2025-08-08T15:32:26.081+0000][711.728s][1][129][trace] GC(109) _eden_chunk_array[374]=0x00000000fb908300
[2025-08-08T15:32:26.081+0000][711.728s][1][129][trace] GC(109) _eden_chunk_array[375]=0x00000000fb948180
[2025-08-08T15:32:26.081+0000][711.728s][1][129][trace] GC(109) _eden_chunk_array[376]=0x00000000fb96df18
[2025-08-08T15:32:26.081+0000][711.728s][1][129][trace] GC(109) _eden_chunk_array[377]=0x00000000fb9b8938
[2025-08-08T15:32:26.081+0000][711.728s][1][129][trace] GC(109) _eden_chunk_array[378]=0x00000000fb9fe180
[2025-08-08T15:32:26.081+0000][711.728s][1][129][trace] GC(109) _eden_chunk_array[379]=0x00000000fba3e008
[2025-08-08T15:32:26.081+0000][711.728s][1][129][trace] GC(109) _eden_chunk_array[380]=0x00000000fba5fbb0
[2025-08-08T15:32:26.081+0000][711.728s][1][129][trace] GC(109) _eden_chunk_array[381]=0x00000000fba861f0
[2025-08-08T15:32:26.081+0000][711.728s][1][129][trace] GC(109) survivor 0x00000000fd410000-0x00000000fd410000-0x00000000fe780000(20381696)
[2025-08-08T15:32:26.081+0000][711.728s][1][129][trace] GC(109) _survivor_chunk_index=0, _survivor_chunk_capacity=9952
[2025-08-08T15:32:26.111+0000][711.758s][1][129][info ] GC(109) Pause Initial Mark 135M->135M(180M) 49.954ms
[2025-08-08T15:32:26.111+0000][711.758s][1][129][info ] Leaving safepoint region
[2025-08-08T15:32:26.111+0000][711.758s][1][129][info ] Total time for which application threads were stopped: 0.0502240 seconds, Stopping threads took: 0.0000488 seconds
[2025-08-08T15:32:26.111+0000][711.758s][1][128][info ] GC(109) Concurrent Mark
[2025-08-08T15:32:26.113+0000][711.761s][1][128][info ] GC(109) Concurrent Mark 2.407ms
[2025-08-08T15:32:26.113+0000][711.761s][1][128][info ] GC(109) Concurrent Preclean
[2025-08-08T15:32:26.114+0000][711.761s][1][128][info ] GC(109) Concurrent Preclean 0.179ms
[2025-08-08T15:32:26.114+0000][711.761s][1][128][info ] GC(109) Concurrent Abortable Preclean
[2025-08-08T15:32:26.114+0000][711.761s][1][128][trace] CMS: promo attempt is not safe: available(24) < av_promo(2794949), max_promo(136869624)
[2025-08-08T15:32:26.114+0000][711.761s][1][128][info ] GC(109) Concurrent Abortable Preclean 0.013ms
[2025-08-08T15:32:26.114+0000][711.761s][1][129][info ] Application time: 0.0027973 seconds
[2025-08-08T15:32:26.114+0000][711.761s][1][129][info ] Entering safepoint region: CMS_Final_Remark
[2025-08-08T15:32:26.114+0000][711.761s][1][129][trace] GC(109) eden 0x00000000f3800000-0x00000000fba876f8-0x00000000fd410000(163643392)
[2025-08-08T15:32:26.114+0000][711.761s][1][129][trace] GC(109) _eden_chunk_index=382, _eden_chunk_capacity=11233
[2025-08-08T15:32:26.114+0000][711.761s][1][129][trace] GC(109) _eden_chunk_array[0]=0x00000000f7444bb8
[2025-08-08T15:32:26.114+0000][711.761s][1][129][trace] GC(109) _eden_chunk_array[1]=0x00000000f7469938
[2025-08-08T15:32:26.114+0000][711.761s][1][129][trace] GC(109) _eden_chunk_array[2]=0x00000000f74aff58
[2025-08-08T15:32:26.114+0000][711.761s][1][129][trace] GC(109) _eden_chunk_array[3]=0x00000000f74d0a88
[2025-08-08T15:32:26.114+0000][711.761s][1][129][trace] GC(109) _eden_chunk_array[4]=0x00000000f751b4a8
[2025-08-08T15:32:26.114+0000][711.761s][1][129][trace] GC(109) _eden_chunk_array[5]=0x00000000f7541788
[2025-08-08T15:32:26.114+0000][711.761s][1][129][trace] GC(109) _eden_chunk_array[6]=0x00000000f75631d8
[2025-08-08T15:32:26.114+0000][711.761s][1][129][trace] GC(109) _eden_chunk_array[7]=0x00000000f7598108
[2025-08-08T15:32:26.114+0000][711.761s][1][129][trace] GC(109) _eden_chunk_array[8]=0x00000000f75ba638
[2025-08-08T15:32:26.114+0000][711.761s][1][129][trace] GC(109) _eden_chunk_array[9]=0x00000000f75dd770
[2025-08-08T15:32:26.114+0000][711.761s][1][129][trace] GC(109) _eden_chunk_array[10]=0x00000000f75ffca8
[2025-08-08T15:32:26.114+0000][711.761s][1][129][trace] GC(109) _eden_chunk_array[11]=0x00000000f76221f0
[2025-08-08T15:32:26.114+0000][711.761s][1][129][trace] GC(109) _eden_chunk_array[12]=0x00000000f7645e60
[2025-08-08T15:32:26.114+0000][711.761s][1][129][trace] GC(109) _eden_chunk_array[13]=0x00000000f7667e88
[2025-08-08T15:32:26.114+0000][711.761s][1][129][trace] GC(109) _eden_chunk_array[14]=0x00000000f769af40
[2025-08-08T15:32:26.114+0000][711.761s][1][129][trace] GC(109) _eden_chunk_array[15]=0x00000000f76c4168
[2025-08-08T15:32:26.114+0000][711.761s][1][129][trace] GC(109) _eden_chunk_array[16]=0x00000000f76eff48
[2025-08-08T15:32:26.114+0000][711.761s][1][129][trace] GC(109) _eden_chunk_array[17]=0x00000000f7712388
[2025-08-08T15:32:26.114+0000][711.761s][1][129][trace] GC(109) _eden_chunk_array[18]=0x00000000f7757bd0
[2025-08-08T15:32:26.114+0000][711.761s][1][129][trace] GC(109) _eden_chunk_array[19]=0x00000000f7777be8
[2025-08-08T15:32:26.114+0000][711.761s][1][129][trace] GC(109) _eden_chunk_array[20]=0x00000000f779b980
[2025-08-08T15:32:26.114+0000][711.761s][1][129][trace] GC(109) _eden_chunk_array[21]=0x00000000f77bf710
[2025-08-08T15:32:26.114+0000][711.761s][1][129][trace] GC(109) _eden_chunk_array[22]=0x00000000f7801aa8
[2025-08-08T15:32:26.114+0000][711.761s][1][129][trace] GC(109) _eden_chunk_array[23]=0x00000000f784c4c8
[2025-08-08T15:32:26.114+0000][711.761s][1][129][trace] GC(109) _eden_chunk_array[24]=0x00000000f786e918
[2025-08-08T15:32:26.114+0000][711.761s][1][129][trace] GC(109) _eden_chunk_array[25]=0x00000000f7890d60
[2025-08-08T15:32:26.114+0000][711.761s][1][129][trace] GC(109) _eden_chunk_array[26]=0x00000000f78b31b8
[2025-08-08T15:32:26.114+0000][711.761s][1][129][trace] GC(109) _eden_chunk_array[27]=0x00000000f78d5610
[2025-08-08T15:32:26.114+0000][711.761s][1][129][trace] GC(109) _eden_chunk_array[28]=0x00000000f78f7a70
[2025-08-08T15:32:26.114+0000][711.761s][1][129][trace] GC(109) _eden_chunk_array[29]=0x00000000f791bd80
[2025-08-08T15:32:26.114+0000][711.761s][1][129][trace] GC(109) _eden_chunk_array[30]=0x00000000f7950e60
[2025-08-08T15:32:26.114+0000][711.761s][1][129][trace] GC(109) _eden_chunk_array[31]=0x00000000f79754c0
[2025-08-08T15:32:26.114+0000][711.761s][1][129][trace] GC(109) _eden_chunk_array[32]=0x00000000f79a6708
[2025-08-08T15:32:26.114+0000][711.761s][1][129][trace] GC(109) _eden_chunk_array[33]=0x00000000f79c8b60
[2025-08-08T15:32:26.114+0000][711.761s][1][129][trace] GC(109) _eden_chunk_array[34]=0x00000000f7a135c0
[2025-08-08T15:32:26.114+0000][711.761s][1][129][trace] GC(109) _eden_chunk_array[35]=0x00000000f7a47230
[2025-08-08T15:32:26.114+0000][711.761s][1][129][trace] GC(109) _eden_chunk_array[36]=0x00000000f7a6a370
[2025-08-08T15:32:26.114+0000][711.761s][1][129][trace] GC(109) _eden_chunk_array[37]=0x00000000f7a8d4b0
[2025-08-08T15:32:26.114+0000][711.761s][1][129][trace] GC(109) _eden_chunk_array[38]=0x00000000f7ad2d10
[2025-08-08T15:32:26.114+0000][711.761s][1][129][trace] GC(109) _eden_chunk_array[39]=0x00000000f7af5e48
[2025-08-08T15:32:26.114+0000][711.761s][1][129][trace] GC(109) _eden_chunk_array[40]=0x00000000f7b18f98
[2025-08-08T15:32:26.114+0000][711.761s][1][129][trace] GC(109) _eden_chunk_array[41]=0x00000000f7b5e7e0
[2025-08-08T15:32:26.114+0000][711.761s][1][129][trace] GC(109) _eden_chunk_array[42]=0x00000000f7b81928
[2025-08-08T15:32:26.114+0000][711.761s][1][129][trace] GC(109) _eden_chunk_array[43]=0x00000000f7ba4a70
[2025-08-08T15:32:26.114+0000][711.761s][1][129][trace] GC(109) _eden_chunk_array[44]=0x00000000f7bc5f98
[2025-08-08T15:32:26.114+0000][711.761s][1][129][trace] GC(109) _eden_chunk_array[45]=0x00000000f7c017b8
[2025-08-08T15:32:26.114+0000][711.761s][1][129][trace] GC(109) _eden_chunk_array[46]=0x00000000f7c29598
[2025-08-08T15:32:26.114+0000][711.761s][1][129][trace] GC(109) _eden_chunk_array[47]=0x00000000f7c5caa8
[2025-08-08T15:32:26.114+0000][711.761s][1][129][trace] GC(109) _eden_chunk_array[48]=0x00000000f7c80840
[2025-08-08T15:32:26.114+0000][711.761s][1][129][trace] GC(109) _eden_chunk_array[49]=0x00000000f7caabb8
[2025-08-08T15:32:26.114+0000][711.761s][1][129][trace] GC(109) _eden_chunk_array[50]=0x00000000f7cce950
[2025-08-08T15:32:26.114+0000][711.761s][1][129][trace] GC(109) _eden_chunk_array[51]=0x00000000f7cf8cb0
[2025-08-08T15:32:26.114+0000][711.761s][1][129][trace] GC(109) _eden_chunk_array[52]=0x00000000f7d23028
[2025-08-08T15:32:26.114+0000][711.761s][1][129][trace] GC(109) _eden_chunk_array[53]=0x00000000f7d4d398
[2025-08-08T15:32:26.114+0000][711.761s][1][129][trace] GC(109) _eden_chunk_array[54]=0x00000000f7dacf70
[2025-08-08T15:32:26.114+0000][711.761s][1][129][trace] GC(109) _eden_chunk_array[55]=0x00000000f7dcd2a0
[2025-08-08T15:32:26.114+0000][711.761s][1][129][trace] GC(109) _eden_chunk_array[56]=0x00000000f7deee48
[2025-08-08T15:32:26.114+0000][711.761s][1][129][trace] GC(109) _eden_chunk_array[57]=0x00000000f7e0f710
[2025-08-08T15:32:26.114+0000][711.761s][1][129][trace] GC(109) _eden_chunk_array[58]=0x00000000f7e64520
[2025-08-08T15:32:26.114+0000][711.761s][1][129][trace] GC(109) _eden_chunk_array[59]=0x00000000f7e8bcb8
[2025-08-08T15:32:26.114+0000][711.761s][1][129][trace] GC(109) _eden_chunk_array[60]=0x00000000f7eafa40
[2025-08-08T15:32:26.114+0000][711.761s][1][129][trace] GC(109) _eden_chunk_array[61]=0x00000000f7ed37c8
[2025-08-08T15:32:26.114+0000][711.761s][1][129][trace] GC(109) _eden_chunk_array[62]=0x00000000f7f19028
[2025-08-08T15:32:26.114+0000][711.761s][1][129][trace] GC(109) _eden_chunk_array[63]=0x00000000f7f42ad8
[2025-08-08T15:32:26.114+0000][711.761s][1][129][trace] GC(109) _eden_chunk_array[64]=0x00000000f7f6e720
[2025-08-08T15:32:26.114+0000][711.761s][1][129][trace] GC(109) _eden_chunk_array[65]=0x00000000f7f99710
[2025-08-08T15:32:26.114+0000][711.761s][1][129][trace] GC(109) _eden_chunk_array[66]=0x00000000f7fc5350
[2025-08-08T15:32:26.114+0000][711.761s][1][129][trace] GC(109) _eden_chunk_array[67]=0x00000000f8025b98
[2025-08-08T15:32:26.114+0000][711.761s][1][129][trace] GC(109) _eden_chunk_array[68]=0x00000000f8051800
[2025-08-08T15:32:26.114+0000][711.761s][1][129][trace] GC(109) _eden_chunk_array[69]=0x00000000f807d440
[2025-08-08T15:32:26.114+0000][711.761s][1][129][trace] GC(109) _eden_chunk_array[70]=0x00000000f80a3b28
[2025-08-08T15:32:26.114+0000][711.762s][1][129][trace] GC(109) _eden_chunk_array[71]=0x00000000f80c3d58
[2025-08-08T15:32:26.114+0000][711.762s][1][129][trace] GC(109) _eden_chunk_array[72]=0x00000000f80e4c40
[2025-08-08T15:32:26.114+0000][711.762s][1][129][trace] GC(109) _eden_chunk_array[73]=0x00000000f8118878
[2025-08-08T15:32:26.114+0000][711.762s][1][129][trace] GC(109) _eden_chunk_array[74]=0x00000000f8144f58
[2025-08-08T15:32:26.114+0000][711.762s][1][129][trace] GC(109) _eden_chunk_array[75]=0x00000000f8179648
[2025-08-08T15:32:26.114+0000][711.762s][1][129][trace] GC(109) _eden_chunk_array[76]=0x00000000f81b2f50
[2025-08-08T15:32:26.114+0000][711.762s][1][129][trace] GC(109) _eden_chunk_array[77]=0x00000000f8214e60
[2025-08-08T15:32:26.114+0000][711.762s][1][129][trace] GC(109) _eden_chunk_array[78]=0x00000000f82437e8
[2025-08-08T15:32:26.114+0000][711.762s][1][129][trace] GC(109) _eden_chunk_array[79]=0x00000000f827ec80
[2025-08-08T15:32:26.114+0000][711.762s][1][129][trace] GC(109) _eden_chunk_array[80]=0x00000000f82db998
[2025-08-08T15:32:26.114+0000][711.762s][1][129][trace] GC(109) _eden_chunk_array[81]=0x00000000f82ff478
[2025-08-08T15:32:26.114+0000][711.762s][1][129][trace] GC(109) _eden_chunk_array[82]=0x00000000f8325d68
[2025-08-08T15:32:26.114+0000][711.762s][1][129][trace] GC(109) _eden_chunk_array[83]=0x00000000f8346e68
[2025-08-08T15:32:26.114+0000][711.762s][1][129][trace] GC(109) _eden_chunk_array[84]=0x00000000f836c3f8
[2025-08-08T15:32:26.114+0000][711.762s][1][129][trace] GC(109) _eden_chunk_array[85]=0x00000000f838e968
[2025-08-08T15:32:26.114+0000][711.762s][1][129][trace] GC(109) _eden_chunk_array[86]=0x00000000f83b0db0
[2025-08-08T15:32:26.114+0000][711.762s][1][129][trace] GC(109) _eden_chunk_array[87]=0x00000000f83e4830
[2025-08-08T15:32:26.114+0000][711.762s][1][129][trace] GC(109) _eden_chunk_array[88]=0x00000000f841bc28
[2025-08-08T15:32:26.114+0000][711.762s][1][129][trace] GC(109) _eden_chunk_array[89]=0x00000000f8448db0
[2025-08-08T15:32:26.114+0000][711.762s][1][129][trace] GC(109) _eden_chunk_array[90]=0x00000000f846f610
[2025-08-08T15:32:26.114+0000][711.762s][1][129][trace] GC(109) _eden_chunk_array[91]=0x00000000f84933a8
[2025-08-08T15:32:26.114+0000][711.762s][1][129][trace] GC(109) _eden_chunk_array[92]=0x00000000f84ec018
[2025-08-08T15:32:26.114+0000][711.762s][1][129][trace] GC(109) _eden_chunk_array[93]=0x00000000f8512850
[2025-08-08T15:32:26.114+0000][711.762s][1][129][trace] GC(109) _eden_chunk_array[94]=0x00000000f8539090
[2025-08-08T15:32:26.114+0000][711.762s][1][129][trace] GC(109) _eden_chunk_array[95]=0x00000000f855f8d0
[2025-08-08T15:32:26.114+0000][711.762s][1][129][trace] GC(109) _eden_chunk_array[96]=0x00000000f8586100
[2025-08-08T15:32:26.114+0000][711.762s][1][129][trace] GC(109) _eden_chunk_array[97]=0x00000000f85a9238
[2025-08-08T15:32:26.114+0000][711.762s][1][129][trace] GC(109) _eden_chunk_array[98]=0x00000000f85f3ec8
[2025-08-08T15:32:26.114+0000][711.762s][1][129][trace] GC(109) _eden_chunk_array[99]=0x00000000f8616f50
[2025-08-08T15:32:26.114+0000][711.762s][1][129][trace] GC(109) _eden_chunk_array[100]=0x00000000f86377d8
[2025-08-08T15:32:26.114+0000][711.762s][1][129][trace] GC(109) _eden_chunk_array[101]=0x00000000f866d798
[2025-08-08T15:32:26.114+0000][711.762s][1][129][trace] GC(109) _eden_chunk_array[102]=0x00000000f86996f8
[2025-08-08T15:32:26.114+0000][711.762s][1][129][trace] GC(109) _eden_chunk_array[103]=0x00000000f86ca900
[2025-08-08T15:32:26.114+0000][711.762s][1][129][trace] GC(109) _eden_chunk_array[104]=0x00000000f8710158
[2025-08-08T15:32:26.114+0000][711.762s][1][129][trace] GC(109) _eden_chunk_array[105]=0x00000000f873eae8
[2025-08-08T15:32:26.114+0000][711.762s][1][129][trace] GC(109) _eden_chunk_array[106]=0x00000000f875f150
[2025-08-08T15:32:26.114+0000][711.762s][1][129][trace] GC(109) _eden_chunk_array[107]=0x00000000f87a9b70
[2025-08-08T15:32:26.114+0000][711.762s][1][129][trace] GC(109) _eden_chunk_array[108]=0x00000000f87f4578
[2025-08-08T15:32:26.114+0000][711.762s][1][129][trace] GC(109) _eden_chunk_array[109]=0x00000000f8822f08
[2025-08-08T15:32:26.114+0000][711.762s][1][129][trace] GC(109) _eden_chunk_array[110]=0x00000000f88535c0
[2025-08-08T15:32:26.114+0000][711.762s][1][129][trace] GC(109) _eden_chunk_array[111]=0x00000000f888ca40
[2025-08-08T15:32:26.114+0000][711.762s][1][129][trace] GC(109) _eden_chunk_array[112]=0x00000000f88b86a0
[2025-08-08T15:32:26.114+0000][711.762s][1][129][trace] GC(109) _eden_chunk_array[113]=0x00000000f88e2f90
[2025-08-08T15:32:26.114+0000][711.762s][1][129][trace] GC(109) _eden_chunk_array[114]=0x00000000f8904400
[2025-08-08T15:32:26.114+0000][711.762s][1][129][trace] GC(109) _eden_chunk_array[115]=0x00000000f8939410
[2025-08-08T15:32:26.114+0000][711.762s][1][129][trace] GC(109) _eden_chunk_array[116]=0x00000000f895d1b8
[2025-08-08T15:32:26.114+0000][711.762s][1][129][trace] GC(109) _eden_chunk_array[117]=0x00000000f89b5e30
[2025-08-08T15:32:26.114+0000][711.762s][1][129][trace] GC(109) _eden_chunk_array[118]=0x00000000f89e0190
[2025-08-08T15:32:26.114+0000][711.762s][1][129][trace] GC(109) _eden_chunk_array[119]=0x00000000f8a0a500
[2025-08-08T15:32:26.114+0000][711.762s][1][129][trace] GC(109) _eden_chunk_array[120]=0x00000000f8a34878
[2025-08-08T15:32:26.114+0000][711.762s][1][129][trace] GC(109) _eden_chunk_array[121]=0x00000000f8a5ebe8
[2025-08-08T15:32:26.114+0000][711.762s][1][129][trace] GC(109) _eden_chunk_array[122]=0x00000000f8a9af00
[2025-08-08T15:32:26.114+0000][711.762s][1][129][trace] GC(109) _eden_chunk_array[123]=0x00000000f8ac5280
[2025-08-08T15:32:26.114+0000][711.762s][1][129][trace] GC(109) _eden_chunk_array[124]=0x00000000f8ae83b8
[2025-08-08T15:32:26.114+0000][711.762s][1][129][trace] GC(109) _eden_chunk_array[125]=0x00000000f8b083e0
[2025-08-08T15:32:26.114+0000][711.762s][1][129][trace] GC(109) _eden_chunk_array[126]=0x00000000f8b283f8
[2025-08-08T15:32:26.114+0000][711.762s][1][129][trace] GC(109) _eden_chunk_array[127]=0x00000000f8b48410
[2025-08-08T15:32:26.114+0000][711.762s][1][129][trace] GC(109) _eden_chunk_array[128]=0x00000000f8b68710
[2025-08-08T15:32:26.114+0000][711.762s][1][129][trace] GC(109) _eden_chunk_array[129]=0x00000000f8b89640
[2025-08-08T15:32:26.114+0000][711.762s][1][129][trace] GC(109) _eden_chunk_array[130]=0x00000000f8bad128
[2025-08-08T15:32:26.114+0000][711.762s][1][129][trace] GC(109) _eden_chunk_array[131]=0x00000000f8bd0260
[2025-08-08T15:32:26.114+0000][711.762s][1][129][trace] GC(109) _eden_chunk_array[132]=0x00000000f8bf33a0
[2025-08-08T15:32:26.114+0000][711.762s][1][129][trace] GC(109) _eden_chunk_array[133]=0x00000000f8c2eb30
[2025-08-08T15:32:26.114+0000][711.762s][1][129][trace] GC(109) _eden_chunk_array[134]=0x00000000f8c64158
[2025-08-08T15:32:26.114+0000][711.762s][1][129][trace] GC(109) _eden_chunk_array[135]=0x00000000f8c93080
[2025-08-08T15:32:26.114+0000][711.762s][1][129][trace] GC(109) _eden_chunk_array[136]=0x00000000f8cb4de8
[2025-08-08T15:32:26.114+0000][711.762s][1][129][trace] GC(109) _eden_chunk_array[137]=0x00000000f8d14a10
[2025-08-08T15:32:26.114+0000][711.762s][1][129][trace] GC(109) _eden_chunk_array[138]=0x00000000f8d5a268
[2025-08-08T15:32:26.114+0000][711.762s][1][129][trace] GC(109) _eden_chunk_array[139]=0x00000000f8d8dd38
[2025-08-08T15:32:26.114+0000][711.762s][1][129][trace] GC(109) _eden_chunk_array[140]=0x00000000f8dc17e8
[2025-08-08T15:32:26.114+0000][711.762s][1][129][trace] GC(109) _eden_chunk_array[141]=0x00000000f8dec658
[2025-08-08T15:32:26.115+0000][711.762s][1][129][trace] GC(109) _eden_chunk_array[142]=0x00000000f8e0eaa0
[2025-08-08T15:32:26.115+0000][711.762s][1][129][trace] GC(109) _eden_chunk_array[143]=0x00000000f8e30dc8
[2025-08-08T15:32:26.115+0000][711.762s][1][129][trace] GC(109) _eden_chunk_array[144]=0x00000000f8e5e848
[2025-08-08T15:32:26.115+0000][711.762s][1][129][trace] GC(109) _eden_chunk_array[145]=0x00000000f8e7eda8
[2025-08-08T15:32:26.115+0000][711.762s][1][129][trace] GC(109) _eden_chunk_array[146]=0x00000000f8ed3c18
[2025-08-08T15:32:26.115+0000][711.762s][1][129][trace] GC(109) _eden_chunk_array[147]=0x00000000f8f0f2e8
[2025-08-08T15:32:26.115+0000][711.762s][1][129][trace] GC(109) _eden_chunk_array[148]=0x00000000f8f3af38
[2025-08-08T15:32:26.115+0000][711.762s][1][129][trace] GC(109) _eden_chunk_array[149]=0x00000000f8f7d3c0
[2025-08-08T15:32:26.115+0000][711.762s][1][129][trace] GC(109) _eden_chunk_array[150]=0x00000000f8fa9000
[2025-08-08T15:32:26.115+0000][711.762s][1][129][trace] GC(109) _eden_chunk_array[151]=0x00000000f8fcb538
[2025-08-08T15:32:26.115+0000][711.762s][1][129][trace] GC(109) _eden_chunk_array[152]=0x00000000f8ff7178
[2025-08-08T15:32:26.115+0000][711.762s][1][129][trace] GC(109) _eden_chunk_array[153]=0x00000000f9022e08
[2025-08-08T15:32:26.115+0000][711.762s][1][129][trace] GC(109) _eden_chunk_array[154]=0x00000000f907e470
[2025-08-08T15:32:26.115+0000][711.762s][1][129][trace] GC(109) _eden_chunk_array[155]=0x00000000f909ee40
[2025-08-08T15:32:26.115+0000][711.762s][1][129][trace] GC(109) _eden_chunk_array[156]=0x00000000f90bf1c8
[2025-08-08T15:32:26.115+0000][711.762s][1][129][trace] GC(109) _eden_chunk_array[157]=0x00000000f90e7d00
[2025-08-08T15:32:26.115+0000][711.762s][1][129][trace] GC(109) _eden_chunk_array[158]=0x00000000f9119878
[2025-08-08T15:32:26.115+0000][711.762s][1][129][trace] GC(109) _eden_chunk_array[159]=0x00000000f9151450
[2025-08-08T15:32:26.115+0000][711.762s][1][129][trace] GC(109) _eden_chunk_array[160]=0x00000000f91b09f0
[2025-08-08T15:32:26.115+0000][711.762s][1][129][trace] GC(109) _eden_chunk_array[161]=0x00000000f91dad88
[2025-08-08T15:32:26.115+0000][711.762s][1][129][trace] GC(109) _eden_chunk_array[162]=0x00000000f92050f0
[2025-08-08T15:32:26.115+0000][711.762s][1][129][trace] GC(109) _eden_chunk_array[163]=0x00000000f922f458
[2025-08-08T15:32:26.115+0000][711.762s][1][129][trace] GC(109) _eden_chunk_array[164]=0x00000000f92597e0
[2025-08-08T15:32:26.115+0000][711.762s][1][129][trace] GC(109) _eden_chunk_array[165]=0x00000000f92a41f8
[2025-08-08T15:32:26.115+0000][711.762s][1][129][trace] GC(109) _eden_chunk_array[166]=0x00000000f9303df0
[2025-08-08T15:32:26.115+0000][711.762s][1][129][trace] GC(109) _eden_chunk_array[167]=0x00000000f932e158
[2025-08-08T15:32:26.115+0000][711.762s][1][129][trace] GC(109) _eden_chunk_array[168]=0x00000000f9351500
[2025-08-08T15:32:26.115+0000][711.762s][1][129][trace] GC(109) _eden_chunk_array[169]=0x00000000f9376880
[2025-08-08T15:32:26.115+0000][711.762s][1][129][trace] GC(109) _eden_chunk_array[170]=0x00000000f93999a8
[2025-08-08T15:32:26.115+0000][711.762s][1][129][trace] GC(109) _eden_chunk_array[171]=0x00000000f93df210
[2025-08-08T15:32:26.115+0000][711.762s][1][129][trace] GC(109) _eden_chunk_array[172]=0x00000000f9402368
[2025-08-08T15:32:26.115+0000][711.762s][1][129][trace] GC(109) _eden_chunk_array[173]=0x00000000f942e9e0
[2025-08-08T15:32:26.115+0000][711.762s][1][129][trace] GC(109) _eden_chunk_array[174]=0x00000000f9462d90
[2025-08-08T15:32:26.115+0000][711.762s][1][129][trace] GC(109) _eden_chunk_array[175]=0x00000000f9483e80
[2025-08-08T15:32:26.115+0000][711.762s][1][129][trace] GC(109) _eden_chunk_array[176]=0x00000000f94bf730
[2025-08-08T15:32:26.115+0000][711.762s][1][129][trace] GC(109) _eden_chunk_array[177]=0x00000000f9524ee0
[2025-08-08T15:32:26.115+0000][711.762s][1][129][trace] GC(109) _eden_chunk_array[178]=0x00000000f9564d68
[2025-08-08T15:32:26.115+0000][711.762s][1][129][trace] GC(109) _eden_chunk_array[179]=0x00000000f95a4c18
[2025-08-08T15:32:26.115+0000][711.762s][1][129][trace] GC(109) _eden_chunk_array[180]=0x00000000f95c6860
[2025-08-08T15:32:26.115+0000][711.762s][1][129][trace] GC(109) _eden_chunk_array[181]=0x00000000f95efa90
[2025-08-08T15:32:26.115+0000][711.762s][1][129][trace] GC(109) _eden_chunk_array[182]=0x00000000f9610388
[2025-08-08T15:32:26.115+0000][711.762s][1][129][trace] GC(109) _eden_chunk_array[183]=0x00000000f96641f8
[2025-08-08T15:32:26.115+0000][711.762s][1][129][trace] GC(109) _eden_chunk_array[184]=0x00000000f968c468
[2025-08-08T15:32:26.115+0000][711.762s][1][129][trace] GC(109) _eden_chunk_array[185]=0x00000000f96b04c0
[2025-08-08T15:32:26.115+0000][711.762s][1][129][trace] GC(109) _eden_chunk_array[186]=0x00000000f96da9b8
[2025-08-08T15:32:26.115+0000][711.762s][1][129][trace] GC(109) _eden_chunk_array[187]=0x00000000f96fce08
[2025-08-08T15:32:26.115+0000][711.762s][1][129][trace] GC(109) _eden_chunk_array[188]=0x00000000f971f250
[2025-08-08T15:32:26.115+0000][711.762s][1][129][trace] GC(109) _eden_chunk_array[189]=0x00000000f9740d20
[2025-08-08T15:32:26.115+0000][711.762s][1][129][trace] GC(109) _eden_chunk_array[190]=0x00000000f9764ab0
[2025-08-08T15:32:26.115+0000][711.762s][1][129][trace] GC(109) _eden_chunk_array[191]=0x00000000f97aa308
[2025-08-08T15:32:26.115+0000][711.762s][1][129][trace] GC(109) _eden_chunk_array[192]=0x00000000f97ce108
[2025-08-08T15:32:26.115+0000][711.762s][1][129][trace] GC(109) _eden_chunk_array[193]=0x00000000f980df80
[2025-08-08T15:32:26.115+0000][711.762s][1][129][trace] GC(109) _eden_chunk_array[194]=0x00000000f984de00
[2025-08-08T15:32:26.115+0000][711.762s][1][129][trace] GC(109) _eden_chunk_array[195]=0x00000000f986fa88
[2025-08-08T15:32:26.115+0000][711.762s][1][129][trace] GC(109) _eden_chunk_array[196]=0x00000000f9899cd0
[2025-08-08T15:32:26.115+0000][711.762s][1][129][trace] GC(109) _eden_chunk_array[197]=0x00000000f98bd6d8
[2025-08-08T15:32:26.115+0000][711.762s][1][129][trace] GC(109) _eden_chunk_array[198]=0x00000000f98eca98
[2025-08-08T15:32:26.115+0000][711.762s][1][129][trace] GC(109) _eden_chunk_array[199]=0x00000000f9918838
[2025-08-08T15:32:26.115+0000][711.762s][1][129][trace] GC(109) _eden_chunk_array[200]=0x00000000f99405e0
[2025-08-08T15:32:26.115+0000][711.762s][1][129][trace] GC(109) _eden_chunk_array[201]=0x00000000f9964370
[2025-08-08T15:32:26.115+0000][711.762s][1][129][trace] GC(109) _eden_chunk_array[202]=0x00000000f99a9bc8
[2025-08-08T15:32:26.115+0000][711.762s][1][129][trace] GC(109) _eden_chunk_array[203]=0x00000000f99f45e8
[2025-08-08T15:32:26.115+0000][711.762s][1][129][trace] GC(109) _eden_chunk_array[204]=0x00000000f9a40c50
[2025-08-08T15:32:26.115+0000][711.762s][1][129][trace] GC(109) _eden_chunk_array[205]=0x00000000f9a63198
[2025-08-08T15:32:26.115+0000][711.762s][1][129][trace] GC(109) _eden_chunk_array[206]=0x00000000f9a856d8
[2025-08-08T15:32:26.115+0000][711.762s][1][129][trace] GC(109) _eden_chunk_array[207]=0x00000000f9aa7c10
[2025-08-08T15:32:26.115+0000][711.762s][1][129][trace] GC(109) _eden_chunk_array[208]=0x00000000f9aca148
[2025-08-08T15:32:26.115+0000][711.762s][1][129][trace] GC(109) _eden_chunk_array[209]=0x00000000f9aec678
[2025-08-08T15:32:26.115+0000][711.762s][1][129][trace] GC(109) _eden_chunk_array[210]=0x00000000f9b0ebb8
[2025-08-08T15:32:26.115+0000][711.762s][1][129][trace] GC(109) _eden_chunk_array[211]=0x00000000f9b310f0
[2025-08-08T15:32:26.115+0000][711.762s][1][129][trace] GC(109) _eden_chunk_array[212]=0x00000000f9b51ad0
[2025-08-08T15:32:26.115+0000][711.762s][1][129][trace] GC(109) _eden_chunk_array[213]=0x00000000f9b72290
[2025-08-08T15:32:26.115+0000][711.762s][1][129][trace] GC(109) _eden_chunk_array[214]=0x00000000f9b92540
[2025-08-08T15:32:26.115+0000][711.762s][1][129][trace] GC(109) _eden_chunk_array[215]=0x00000000f9bbca38
[2025-08-08T15:32:26.115+0000][711.762s][1][129][trace] GC(109) _eden_chunk_array[216]=0x00000000f9be0818
[2025-08-08T15:32:26.115+0000][711.762s][1][129][trace] GC(109) _eden_chunk_array[217]=0x00000000f9c1e2f8
[2025-08-08T15:32:26.115+0000][711.762s][1][129][trace] GC(109) _eden_chunk_array[218]=0x00000000f9c6ccf8
[2025-08-08T15:32:26.115+0000][711.762s][1][129][trace] GC(109) _eden_chunk_array[219]=0x00000000f9c99358
[2025-08-08T15:32:26.115+0000][711.762s][1][129][trace] GC(109) _eden_chunk_array[220]=0x00000000f9cc7cf0
[2025-08-08T15:32:26.115+0000][711.762s][1][129][trace] GC(109) _eden_chunk_array[221]=0x00000000f9cf6650
[2025-08-08T15:32:26.115+0000][711.762s][1][129][trace] GC(109) _eden_chunk_array[222]=0x00000000f9d24fc0
[2025-08-08T15:32:26.115+0000][711.762s][1][129][trace] GC(109) _eden_chunk_array[223]=0x00000000f9d53938
[2025-08-08T15:32:26.115+0000][711.762s][1][129][trace] GC(109) _eden_chunk_array[224]=0x00000000f9d8eb88
[2025-08-08T15:32:26.115+0000][711.762s][1][129][trace] GC(109) _eden_chunk_array[225]=0x00000000f9daebb8
[2025-08-08T15:32:26.115+0000][711.762s][1][129][trace] GC(109) _eden_chunk_array[226]=0x00000000f9dcebd0
[2025-08-08T15:32:26.115+0000][711.762s][1][129][trace] GC(109) _eden_chunk_array[227]=0x00000000f9def608
[2025-08-08T15:32:26.115+0000][711.762s][1][129][trace] GC(109) _eden_chunk_array[228]=0x00000000f9e0fe60
[2025-08-08T15:32:26.115+0000][711.762s][1][129][trace] GC(109) _eden_chunk_array[229]=0x00000000f9e33e78
[2025-08-08T15:32:26.115+0000][711.762s][1][129][trace] GC(109) _eden_chunk_array[230]=0x00000000f9e67908
[2025-08-08T15:32:26.115+0000][711.762s][1][129][trace] GC(109) _eden_chunk_array[231]=0x00000000f9eaa1c8
[2025-08-08T15:32:26.115+0000][711.762s][1][129][trace] GC(109) _eden_chunk_array[232]=0x00000000f9ecd300
[2025-08-08T15:32:26.115+0000][711.762s][1][129][trace] GC(109) _eden_chunk_array[233]=0x00000000f9ef0438
[2025-08-08T15:32:26.115+0000][711.762s][1][129][trace] GC(109) _eden_chunk_array[234]=0x00000000f9f13570
[2025-08-08T15:32:26.115+0000][711.762s][1][129][trace] GC(109) _eden_chunk_array[235]=0x00000000f9f366b8
[2025-08-08T15:32:26.115+0000][711.762s][1][129][trace] GC(109) _eden_chunk_array[236]=0x00000000f9f59808
[2025-08-08T15:32:26.115+0000][711.762s][1][129][trace] GC(109) _eden_chunk_array[237]=0x00000000f9f7c940
[2025-08-08T15:32:26.115+0000][711.762s][1][129][trace] GC(109) _eden_chunk_array[238]=0x00000000f9f9c968
[2025-08-08T15:32:26.115+0000][711.762s][1][129][trace] GC(109) _eden_chunk_array[239]=0x00000000f9fcf668
[2025-08-08T15:32:26.115+0000][711.762s][1][129][trace] GC(109) _eden_chunk_array[240]=0x00000000f9fef698
[2025-08-08T15:32:26.115+0000][711.762s][1][129][trace] GC(109) _eden_chunk_array[241]=0x00000000fa00f6c8
[2025-08-08T15:32:26.115+0000][711.762s][1][129][trace] GC(109) _eden_chunk_array[242]=0x00000000fa05a100
[2025-08-08T15:32:26.115+0000][711.762s][1][129][trace] GC(109) _eden_chunk_array[243]=0x00000000fa08a198
[2025-08-08T15:32:26.115+0000][711.762s][1][129][trace] GC(109) _eden_chunk_array[244]=0x00000000fa0ae310
[2025-08-08T15:32:26.115+0000][711.762s][1][129][trace] GC(109) _eden_chunk_array[245]=0x00000000fa0de170
[2025-08-08T15:32:26.115+0000][711.762s][1][129][trace] GC(109) _eden_chunk_array[246]=0x00000000fa120780
[2025-08-08T15:32:26.115+0000][711.762s][1][129][trace] GC(109) _eden_chunk_array[247]=0x00000000fa152b00
[2025-08-08T15:32:26.115+0000][711.762s][1][129][trace] GC(109) _eden_chunk_array[248]=0x00000000fa173c60
[2025-08-08T15:32:26.115+0000][711.762s][1][129][trace] GC(109) _eden_chunk_array[249]=0x00000000fa194de8
[2025-08-08T15:32:26.115+0000][711.762s][1][129][trace] GC(109) _eden_chunk_array[250]=0x00000000fa1b5f48
[2025-08-08T15:32:26.115+0000][711.762s][1][129][trace] GC(109) _eden_chunk_array[251]=0x00000000fa1d70a0
[2025-08-08T15:32:26.115+0000][711.762s][1][129][trace] GC(109) _eden_chunk_array[252]=0x00000000fa1f8200
[2025-08-08T15:32:26.115+0000][711.762s][1][129][trace] GC(109) _eden_chunk_array[253]=0x00000000fa24fe88
[2025-08-08T15:32:26.115+0000][711.762s][1][129][trace] GC(109) _eden_chunk_array[254]=0x00000000fa270fe0
[2025-08-08T15:32:26.115+0000][711.762s][1][129][trace] GC(109) _eden_chunk_array[255]=0x00000000fa2bba00
[2025-08-08T15:32:26.115+0000][711.762s][1][129][trace] GC(109) _eden_chunk_array[256]=0x00000000fa2f1758
[2025-08-08T15:32:26.115+0000][711.762s][1][129][trace] GC(109) _eden_chunk_array[257]=0x00000000fa314b88
[2025-08-08T15:32:26.115+0000][711.762s][1][129][trace] GC(109) _eden_chunk_array[258]=0x00000000fa334ce8
[2025-08-08T15:32:26.115+0000][711.762s][1][129][trace] GC(109) _eden_chunk_array[259]=0x00000000fa37a550
[2025-08-08T15:32:26.115+0000][711.762s][1][129][trace] GC(109) _eden_chunk_array[260]=0x00000000fa3a8448
[2025-08-08T15:32:26.115+0000][711.762s][1][129][trace] GC(109) _eden_chunk_array[261]=0x00000000fa3ce1b8
[2025-08-08T15:32:26.115+0000][711.762s][1][129][trace] GC(109) _eden_chunk_array[262]=0x00000000fa3f06f8
[2025-08-08T15:32:26.115+0000][711.762s][1][129][trace] GC(109) _eden_chunk_array[263]=0x00000000fa4321b8
[2025-08-08T15:32:26.115+0000][711.762s][1][129][trace] GC(109) _eden_chunk_array[264]=0x00000000fa460b28
[2025-08-08T15:32:26.115+0000][711.762s][1][129][trace] GC(109) _eden_chunk_array[265]=0x00000000fa48f4b0
[2025-08-08T15:32:26.115+0000][711.762s][1][129][trace] GC(109) _eden_chunk_array[266]=0x00000000fa4bde50
[2025-08-08T15:32:26.115+0000][711.762s][1][129][trace] GC(109) _eden_chunk_array[267]=0x00000000fa4ee438
[2025-08-08T15:32:26.115+0000][711.762s][1][129][trace] GC(109) _eden_chunk_array[268]=0x00000000fa51cde8
[2025-08-08T15:32:26.115+0000][711.762s][1][129][trace] GC(109) _eden_chunk_array[269]=0x00000000fa5677f0
[2025-08-08T15:32:26.115+0000][711.762s][1][129][trace] GC(109) _eden_chunk_array[270]=0x00000000fa58b2e8
[2025-08-08T15:32:26.115+0000][711.762s][1][129][trace] GC(109) _eden_chunk_array[271]=0x00000000fa5ab370
[2025-08-08T15:32:26.115+0000][711.762s][1][129][trace] GC(109) _eden_chunk_array[272]=0x00000000fa5cdfc0
[2025-08-08T15:32:26.115+0000][711.762s][1][129][trace] GC(109) _eden_chunk_array[273]=0x00000000fa625ea8
[2025-08-08T15:32:26.115+0000][711.762s][1][129][trace] GC(109) _eden_chunk_array[274]=0x00000000fa65d550
[2025-08-08T15:32:26.115+0000][711.762s][1][129][trace] GC(109) _eden_chunk_array[275]=0x00000000fa67fa90
[2025-08-08T15:32:26.115+0000][711.762s][1][129][trace] GC(109) _eden_chunk_array[276]=0x00000000fa6c52f0
[2025-08-08T15:32:26.115+0000][711.762s][1][129][trace] GC(109) _eden_chunk_array[277]=0x00000000fa6f3c58
[2025-08-08T15:32:26.115+0000][711.762s][1][129][trace] GC(109) _eden_chunk_array[278]=0x00000000fa7403a8
[2025-08-08T15:32:26.115+0000][711.762s][1][129][trace] GC(109) _eden_chunk_array[279]=0x00000000fa7627f0
[2025-08-08T15:32:26.115+0000][711.762s][1][129][trace] GC(109) _eden_chunk_array[280]=0x00000000fa784c30
[2025-08-08T15:32:26.115+0000][711.762s][1][129][trace] GC(109) _eden_chunk_array[281]=0x00000000fa7a7088
[2025-08-08T15:32:26.115+0000][711.762s][1][129][trace] GC(109) _eden_chunk_array[282]=0x00000000fa7c94e8
[2025-08-08T15:32:26.115+0000][711.762s][1][129][trace] GC(109) _eden_chunk_array[283]=0x00000000fa7eb938
[2025-08-08T15:32:26.115+0000][711.762s][1][129][trace] GC(109) _eden_chunk_array[284]=0x00000000fa80dd90
[2025-08-08T15:32:26.115+0000][711.762s][1][129][trace] GC(109) _eden_chunk_array[285]=0x00000000fa8301e8
[2025-08-08T15:32:26.115+0000][711.762s][1][129][trace] GC(109) _eden_chunk_array[286]=0x00000000fa856168
[2025-08-08T15:32:26.115+0000][711.762s][1][129][trace] GC(109) _eden_chunk_array[287]=0x00000000fa88c420
[2025-08-08T15:32:26.115+0000][711.762s][1][129][trace] GC(109) _eden_chunk_array[288]=0x00000000fa8bf590
[2025-08-08T15:32:26.115+0000][711.762s][1][129][trace] GC(109) _eden_chunk_array[289]=0x00000000fa8fc410
[2025-08-08T15:32:26.115+0000][711.762s][1][129][trace] GC(109) _eden_chunk_array[290]=0x00000000fa927558
[2025-08-08T15:32:26.115+0000][711.762s][1][129][trace] GC(109) _eden_chunk_array[291]=0x00000000fa94b2e0
[2025-08-08T15:32:26.115+0000][711.762s][1][129][trace] GC(109) _eden_chunk_array[292]=0x00000000fa96cf28
[2025-08-08T15:32:26.115+0000][711.762s][1][129][trace] GC(109) _eden_chunk_array[293]=0x00000000fa9d26b8
[2025-08-08T15:32:26.115+0000][711.762s][1][129][trace] GC(109) _eden_chunk_array[294]=0x00000000faa1d0c0
[2025-08-08T15:32:26.115+0000][711.762s][1][129][trace] GC(109) _eden_chunk_array[295]=0x00000000faa5cf38
[2025-08-08T15:32:26.115+0000][711.762s][1][129][trace] GC(109) _eden_chunk_array[296]=0x00000000faa9cdc0
[2025-08-08T15:32:26.115+0000][711.762s][1][129][trace] GC(109) _eden_chunk_array[297]=0x00000000faadcc78
[2025-08-08T15:32:26.115+0000][711.762s][1][129][trace] GC(109) _eden_chunk_array[298]=0x00000000fab08bf0
[2025-08-08T15:32:26.115+0000][711.762s][1][129][trace] GC(109) _eden_chunk_array[299]=0x00000000fab3eca0
[2025-08-08T15:32:26.115+0000][711.762s][1][129][trace] GC(109) _eden_chunk_array[300]=0x00000000fab72720
[2025-08-08T15:32:26.115+0000][711.762s][1][129][trace] GC(109) _eden_chunk_array[301]=0x00000000fabbd128
[2025-08-08T15:32:26.115+0000][711.762s][1][129][trace] GC(109) _eden_chunk_array[302]=0x00000000fac0fb50
[2025-08-08T15:32:26.115+0000][711.762s][1][129][trace] GC(109) _eden_chunk_array[303]=0x00000000fac553a8
[2025-08-08T15:32:26.115+0000][711.762s][1][129][trace] GC(109) _eden_chunk_array[304]=0x00000000fac88db8
[2025-08-08T15:32:26.115+0000][711.762s][1][129][trace] GC(109) _eden_chunk_array[305]=0x00000000facabf08
[2025-08-08T15:32:26.115+0000][711.762s][1][129][trace] GC(109) _eden_chunk_array[306]=0x00000000faccf048
[2025-08-08T15:32:26.115+0000][711.762s][1][129][trace] GC(109) _eden_chunk_array[307]=0x00000000facf3d08
[2025-08-08T15:32:26.115+0000][711.762s][1][129][trace] GC(109) _eden_chunk_array[308]=0x00000000fad16e50
[2025-08-08T15:32:26.115+0000][711.762s][1][129][trace] GC(109) _eden_chunk_array[309]=0x00000000fad44528
[2025-08-08T15:32:26.115+0000][711.762s][1][129][trace] GC(109) _eden_chunk_array[310]=0x00000000fad66ee8
[2025-08-08T15:32:26.115+0000][711.762s][1][129][trace] GC(109) _eden_chunk_array[311]=0x00000000fad87a90
[2025-08-08T15:32:26.115+0000][711.762s][1][129][trace] GC(109) _eden_chunk_array[312]=0x00000000fada8d68
[2025-08-08T15:32:26.115+0000][711.762s][1][129][trace] GC(109) _eden_chunk_array[313]=0x00000000fadc8db8
[2025-08-08T15:32:26.115+0000][711.762s][1][129][trace] GC(109) _eden_chunk_array[314]=0x00000000fade8de0
[2025-08-08T15:32:26.115+0000][711.762s][1][129][trace] GC(109) _eden_chunk_array[315]=0x00000000fae13df0
[2025-08-08T15:32:26.115+0000][711.762s][1][129][trace] GC(109) _eden_chunk_array[316]=0x00000000fae3fa50
[2025-08-08T15:32:26.115+0000][711.762s][1][129][trace] GC(109) _eden_chunk_array[317]=0x00000000fae61f80
[2025-08-08T15:32:26.115+0000][711.762s][1][129][trace] GC(109) _eden_chunk_array[318]=0x00000000faea77d8
[2025-08-08T15:32:26.115+0000][711.762s][1][129][trace] GC(109) _eden_chunk_array[319]=0x00000000faec9d10
[2025-08-08T15:32:26.115+0000][711.762s][1][129][trace] GC(109) _eden_chunk_array[320]=0x00000000faeec240
[2025-08-08T15:32:26.115+0000][711.762s][1][129][trace] GC(109) _eden_chunk_array[321]=0x00000000faf0e780
[2025-08-08T15:32:26.115+0000][711.762s][1][129][trace] GC(109) _eden_chunk_array[322]=0x00000000faf30cb0
[2025-08-08T15:32:26.115+0000][711.762s][1][129][trace] GC(109) _eden_chunk_array[323]=0x00000000faf531f0
[2025-08-08T15:32:26.115+0000][711.762s][1][129][trace] GC(109) _eden_chunk_array[324]=0x00000000faf75738
[2025-08-08T15:32:26.115+0000][711.762s][1][129][trace] GC(109) _eden_chunk_array[325]=0x00000000fafc0158
[2025-08-08T15:32:26.115+0000][711.762s][1][129][trace] GC(109) _eden_chunk_array[326]=0x00000000fafe3290
[2025-08-08T15:32:26.115+0000][711.762s][1][129][trace] GC(109) _eden_chunk_array[327]=0x00000000fb003f80
[2025-08-08T15:32:26.115+0000][711.762s][1][129][trace] GC(109) _eden_chunk_array[328]=0x00000000fb02f1e0
[2025-08-08T15:32:26.115+0000][711.762s][1][129][trace] GC(109) _eden_chunk_array[329]=0x00000000fb088650
[2025-08-08T15:32:26.115+0000][711.762s][1][129][trace] GC(109) _eden_chunk_array[330]=0x00000000fb0ae5f8
[2025-08-08T15:32:26.115+0000][711.762s][1][129][trace] GC(109) _eden_chunk_array[331]=0x00000000fb0d0a50
[2025-08-08T15:32:26.115+0000][711.762s][1][129][trace] GC(109) _eden_chunk_array[332]=0x00000000fb1063a0
[2025-08-08T15:32:26.115+0000][711.763s][1][129][trace] GC(109) _eden_chunk_array[333]=0x00000000fb12a120
[2025-08-08T15:32:26.115+0000][711.763s][1][129][trace] GC(109) _eden_chunk_array[334]=0x00000000fb174b38
[2025-08-08T15:32:26.115+0000][711.763s][1][129][trace] GC(109) _eden_chunk_array[335]=0x00000000fb1a0928
[2025-08-08T15:32:26.115+0000][711.763s][1][129][trace] GC(109) _eden_chunk_array[336]=0x00000000fb1d04a0
[2025-08-08T15:32:26.115+0000][711.763s][1][129][trace] GC(109) _eden_chunk_array[337]=0x00000000fb203f30
[2025-08-08T15:32:26.115+0000][711.763s][1][129][trace] GC(109) _eden_chunk_array[338]=0x00000000fb2379d8
[2025-08-08T15:32:26.115+0000][711.763s][1][129][trace] GC(109) _eden_chunk_array[339]=0x00000000fb26b460
[2025-08-08T15:32:26.115+0000][711.763s][1][129][trace] GC(109) _eden_chunk_array[340]=0x00000000fb29eef0
[2025-08-08T15:32:26.115+0000][711.763s][1][129][trace] GC(109) _eden_chunk_array[341]=0x00000000fb2c3a58
[2025-08-08T15:32:26.115+0000][711.763s][1][129][trace] GC(109) _eden_chunk_array[342]=0x00000000fb2f9bd0
[2025-08-08T15:32:26.115+0000][711.763s][1][129][trace] GC(109) _eden_chunk_array[343]=0x00000000fb31f728
[2025-08-08T15:32:26.115+0000][711.763s][1][129][trace] GC(109) _eden_chunk_array[344]=0x00000000fb34e618
[2025-08-08T15:32:26.115+0000][711.763s][1][129][trace] GC(109) _eden_chunk_array[345]=0x00000000fb37d590
[2025-08-08T15:32:26.115+0000][711.763s][1][129][trace] GC(109) _eden_chunk_array[346]=0x00000000fb3c2dd8
[2025-08-08T15:32:26.115+0000][711.763s][1][129][trace] GC(109) _eden_chunk_array[347]=0x00000000fb3f7478
[2025-08-08T15:32:26.115+0000][711.763s][1][129][trace] GC(109) _eden_chunk_array[348]=0x00000000fb461dd0
[2025-08-08T15:32:26.115+0000][711.763s][1][129][trace] GC(109) _eden_chunk_array[349]=0x00000000fb4a1c60
[2025-08-08T15:32:26.115+0000][711.763s][1][129][trace] GC(109) _eden_chunk_array[350]=0x00000000fb4c38b8
[2025-08-08T15:32:26.115+0000][711.763s][1][129][trace] GC(109) _eden_chunk_array[351]=0x00000000fb503740
[2025-08-08T15:32:26.115+0000][711.763s][1][129][trace] GC(109) _eden_chunk_array[352]=0x00000000fb539528
[2025-08-08T15:32:26.115+0000][711.763s][1][129][trace] GC(109) _eden_chunk_array[353]=0x00000000fb56d9f8
[2025-08-08T15:32:26.115+0000][711.763s][1][129][trace] GC(109) _eden_chunk_array[354]=0x00000000fb5cc130
[2025-08-08T15:32:26.115+0000][711.763s][1][129][trace] GC(109) _eden_chunk_array[355]=0x00000000fb5efed0
[2025-08-08T15:32:26.115+0000][711.763s][1][129][trace] GC(109) _eden_chunk_array[356]=0x00000000fb627600
[2025-08-08T15:32:26.115+0000][711.763s][1][129][trace] GC(109) _eden_chunk_array[357]=0x00000000fb64d2c8
[2025-08-08T15:32:26.115+0000][711.763s][1][129][trace] GC(109) _eden_chunk_array[358]=0x00000000fb671410
[2025-08-08T15:32:26.115+0000][711.763s][1][129][trace] GC(109) _eden_chunk_array[359]=0x00000000fb694558
[2025-08-08T15:32:26.115+0000][711.763s][1][129][trace] GC(109) _eden_chunk_array[360]=0x00000000fb6b76a8
[2025-08-08T15:32:26.115+0000][711.763s][1][129][trace] GC(109) _eden_chunk_array[361]=0x00000000fb6d76d0
[2025-08-08T15:32:26.115+0000][711.763s][1][129][trace] GC(109) _eden_chunk_array[362]=0x00000000fb6f76f8
[2025-08-08T15:32:26.115+0000][711.763s][1][129][trace] GC(109) _eden_chunk_array[363]=0x00000000fb71a830
[2025-08-08T15:32:26.115+0000][711.763s][1][129][trace] GC(109) _eden_chunk_array[364]=0x00000000fb73d978
[2025-08-08T15:32:26.115+0000][711.763s][1][129][trace] GC(109) _eden_chunk_array[365]=0x00000000fb760ab8
[2025-08-08T15:32:26.115+0000][711.763s][1][129][trace] GC(109) _eden_chunk_array[366]=0x00000000fb783bf8
[2025-08-08T15:32:26.115+0000][711.763s][1][129][trace] GC(109) _eden_chunk_array[367]=0x00000000fb7aadf8
[2025-08-08T15:32:26.115+0000][711.763s][1][129][trace] GC(109) _eden_chunk_array[368]=0x00000000fb7cb9a0
[2025-08-08T15:32:26.115+0000][711.763s][1][129][trace] GC(109) _eden_chunk_array[369]=0x00000000fb7f8820
[2025-08-08T15:32:26.115+0000][711.763s][1][129][trace] GC(109) _eden_chunk_array[370]=0x00000000fb8230e0
[2025-08-08T15:32:26.115+0000][711.763s][1][129][trace] GC(109) _eden_chunk_array[371]=0x00000000fb851a48
[2025-08-08T15:32:26.115+0000][711.763s][1][129][trace] GC(109) _eden_chunk_array[372]=0x00000000fb882c40
[2025-08-08T15:32:26.115+0000][711.763s][1][129][trace] GC(109) _eden_chunk_array[373]=0x00000000fb8c8488
[2025-08-08T15:32:26.115+0000][711.763s][1][129][trace] GC(109) _eden_chunk_array[374]=0x00000000fb908300
[2025-08-08T15:32:26.115+0000][711.763s][1][129][trace] GC(109) _eden_chunk_array[375]=0x00000000fb948180
[2025-08-08T15:32:26.115+0000][711.763s][1][129][trace] GC(109) _eden_chunk_array[376]=0x00000000fb96df18
[2025-08-08T15:32:26.115+0000][711.763s][1][129][trace] GC(109) _eden_chunk_array[377]=0x00000000fb9b8938
[2025-08-08T15:32:26.115+0000][711.763s][1][129][trace] GC(109) _eden_chunk_array[378]=0x00000000fb9fe180
[2025-08-08T15:32:26.115+0000][711.763s][1][129][trace] GC(109) _eden_chunk_array[379]=0x00000000fba3e008
[2025-08-08T15:32:26.115+0000][711.763s][1][129][trace] GC(109) _eden_chunk_array[380]=0x00000000fba5fbb0
[2025-08-08T15:32:26.115+0000][711.763s][1][129][trace] GC(109) _eden_chunk_array[381]=0x00000000fba861f0
[2025-08-08T15:32:26.115+0000][711.763s][1][129][trace] GC(109) survivor 0x00000000fd410000-0x00000000fd410000-0x00000000fe780000(20381696)
[2025-08-08T15:32:26.115+0000][711.763s][1][129][trace] GC(109) _survivor_chunk_index=0, _survivor_chunk_capacity=9952
[2025-08-08T15:32:26.154+0000][711.802s][1][129][info ] GC(109) Pause Remark 135M->135M(180M) 40.577ms
[2025-08-08T15:32:26.155+0000][711.802s][1][129][info ] Leaving safepoint region
[2025-08-08T15:32:26.155+0000][711.802s][1][129][info ] Total time for which application threads were stopped: 0.0408583 seconds, Stopping threads took: 0.0000234 seconds
[2025-08-08T15:32:26.155+0000][711.802s][1][128][info ] GC(109) Concurrent Sweep
[2025-08-08T15:32:26.156+0000][711.803s][1][128][info ] GC(109) Concurrent Sweep 1.203ms
[2025-08-08T15:32:26.156+0000][711.803s][1][128][info ] GC(109) Concurrent Reset
[2025-08-08T15:32:26.156+0000][711.803s][1][128][info ] GC(109) Concurrent Reset 0.010ms
[2025-08-08T15:32:26.156+0000][711.803s][1][128][info ] GC(109) Old: 5183K->5183K(5184K)
[2025-08-08T15:32:31.158+0000][716.806s][1][129][info ] Application time: 5.0038026 seconds
[2025-08-08T15:32:31.158+0000][716.806s][1][129][info ] Entering safepoint region: Cleanup
[2025-08-08T15:32:31.159+0000][716.806s][1][129][info ] Leaving safepoint region
[2025-08-08T15:32:31.159+0000][716.806s][1][129][info ] Total time for which application threads were stopped: 0.0001960 seconds, Stopping threads took: 0.0000353 seconds
[2025-08-08T15:32:36.156+0000][721.803s][1][129][info ] Application time: 4.9974670 seconds
[2025-08-08T15:32:36.156+0000][721.803s][1][129][info ] Entering safepoint region: CMS_Initial_Mark
[2025-08-08T15:32:36.156+0000][721.804s][1][129][trace] GC(110) eden 0x00000000f3800000-0x00000000fc4df3b0-0x00000000fd410000(163643392)
[2025-08-08T15:32:36.156+0000][721.804s][1][129][trace] GC(110) _eden_chunk_index=438, _eden_chunk_capacity=11233
[2025-08-08T15:32:36.156+0000][721.804s][1][129][trace] GC(110) _eden_chunk_array[0]=0x00000000f7444bb8
[2025-08-08T15:32:36.156+0000][721.804s][1][129][trace] GC(110) _eden_chunk_array[1]=0x00000000f7469938
[2025-08-08T15:32:36.156+0000][721.804s][1][129][trace] GC(110) _eden_chunk_array[2]=0x00000000f74aff58
[2025-08-08T15:32:36.156+0000][721.804s][1][129][trace] GC(110) _eden_chunk_array[3]=0x00000000f74d0a88
[2025-08-08T15:32:36.156+0000][721.804s][1][129][trace] GC(110) _eden_chunk_array[4]=0x00000000f751b4a8
[2025-08-08T15:32:36.156+0000][721.804s][1][129][trace] GC(110) _eden_chunk_array[5]=0x00000000f7541788
[2025-08-08T15:32:36.156+0000][721.804s][1][129][trace] GC(110) _eden_chunk_array[6]=0x00000000f75631d8
[2025-08-08T15:32:36.156+0000][721.804s][1][129][trace] GC(110) _eden_chunk_array[7]=0x00000000f7598108
[2025-08-08T15:32:36.156+0000][721.804s][1][129][trace] GC(110) _eden_chunk_array[8]=0x00000000f75ba638
[2025-08-08T15:32:36.156+0000][721.804s][1][129][trace] GC(110) _eden_chunk_array[9]=0x00000000f75dd770
[2025-08-08T15:32:36.156+0000][721.804s][1][129][trace] GC(110) _eden_chunk_array[10]=0x00000000f75ffca8
[2025-08-08T15:32:36.156+0000][721.804s][1][129][trace] GC(110) _eden_chunk_array[11]=0x00000000f76221f0
[2025-08-08T15:32:36.156+0000][721.804s][1][129][trace] GC(110) _eden_chunk_array[12]=0x00000000f7645e60
[2025-08-08T15:32:36.157+0000][721.804s][1][129][trace] GC(110) _eden_chunk_array[13]=0x00000000f7667e88
[2025-08-08T15:32:36.157+0000][721.804s][1][129][trace] GC(110) _eden_chunk_array[14]=0x00000000f769af40
[2025-08-08T15:32:36.157+0000][721.804s][1][129][trace] GC(110) _eden_chunk_array[15]=0x00000000f76c4168
[2025-08-08T15:32:36.157+0000][721.804s][1][129][trace] GC(110) _eden_chunk_array[16]=0x00000000f76eff48
[2025-08-08T15:32:36.157+0000][721.804s][1][129][trace] GC(110) _eden_chunk_array[17]=0x00000000f7712388
[2025-08-08T15:32:36.157+0000][721.804s][1][129][trace] GC(110) _eden_chunk_array[18]=0x00000000f7757bd0
[2025-08-08T15:32:36.157+0000][721.804s][1][129][trace] GC(110) _eden_chunk_array[19]=0x00000000f7777be8
[2025-08-08T15:32:36.157+0000][721.804s][1][129][trace] GC(110) _eden_chunk_array[20]=0x00000000f779b980
[2025-08-08T15:32:36.157+0000][721.804s][1][129][trace] GC(110) _eden_chunk_array[21]=0x00000000f77bf710
[2025-08-08T15:32:36.157+0000][721.804s][1][129][trace] GC(110) _eden_chunk_array[22]=0x00000000f7801aa8
[2025-08-08T15:32:36.157+0000][721.804s][1][129][trace] GC(110) _eden_chunk_array[23]=0x00000000f784c4c8
[2025-08-08T15:32:36.157+0000][721.804s][1][129][trace] GC(110) _eden_chunk_array[24]=0x00000000f786e918
[2025-08-08T15:32:36.157+0000][721.804s][1][129][trace] GC(110) _eden_chunk_array[25]=0x00000000f7890d60
[2025-08-08T15:32:36.157+0000][721.804s][1][129][trace] GC(110) _eden_chunk_array[26]=0x00000000f78b31b8
[2025-08-08T15:32:36.157+0000][721.804s][1][129][trace] GC(110) _eden_chunk_array[27]=0x00000000f78d5610
[2025-08-08T15:32:36.157+0000][721.804s][1][129][trace] GC(110) _eden_chunk_array[28]=0x00000000f78f7a70
[2025-08-08T15:32:36.157+0000][721.804s][1][129][trace] GC(110) _eden_chunk_array[29]=0x00000000f791bd80
[2025-08-08T15:32:36.157+0000][721.804s][1][129][trace] GC(110) _eden_chunk_array[30]=0x00000000f7950e60
[2025-08-08T15:32:36.157+0000][721.804s][1][129][trace] GC(110) _eden_chunk_array[31]=0x00000000f79754c0
[2025-08-08T15:32:36.157+0000][721.804s][1][129][trace] GC(110) _eden_chunk_array[32]=0x00000000f79a6708
[2025-08-08T15:32:36.157+0000][721.804s][1][129][trace] GC(110) _eden_chunk_array[33]=0x00000000f79c8b60
[2025-08-08T15:32:36.157+0000][721.804s][1][129][trace] GC(110) _eden_chunk_array[34]=0x00000000f7a135c0
[2025-08-08T15:32:36.157+0000][721.804s][1][129][trace] GC(110) _eden_chunk_array[35]=0x00000000f7a47230
[2025-08-08T15:32:36.157+0000][721.804s][1][129][trace] GC(110) _eden_chunk_array[36]=0x00000000f7a6a370
[2025-08-08T15:32:36.157+0000][721.804s][1][129][trace] GC(110) _eden_chunk_array[37]=0x00000000f7a8d4b0
[2025-08-08T15:32:36.157+0000][721.804s][1][129][trace] GC(110) _eden_chunk_array[38]=0x00000000f7ad2d10
[2025-08-08T15:32:36.157+0000][721.804s][1][129][trace] GC(110) _eden_chunk_array[39]=0x00000000f7af5e48
[2025-08-08T15:32:36.157+0000][721.804s][1][129][trace] GC(110) _eden_chunk_array[40]=0x00000000f7b18f98
[2025-08-08T15:32:36.157+0000][721.804s][1][129][trace] GC(110) _eden_chunk_array[41]=0x00000000f7b5e7e0
[2025-08-08T15:32:36.157+0000][721.804s][1][129][trace] GC(110) _eden_chunk_array[42]=0x00000000f7b81928
[2025-08-08T15:32:36.157+0000][721.804s][1][129][trace] GC(110) _eden_chunk_array[43]=0x00000000f7ba4a70
[2025-08-08T15:32:36.157+0000][721.804s][1][129][trace] GC(110) _eden_chunk_array[44]=0x00000000f7bc5f98
[2025-08-08T15:32:36.157+0000][721.804s][1][129][trace] GC(110) _eden_chunk_array[45]=0x00000000f7c017b8
[2025-08-08T15:32:36.157+0000][721.804s][1][129][trace] GC(110) _eden_chunk_array[46]=0x00000000f7c29598
[2025-08-08T15:32:36.157+0000][721.804s][1][129][trace] GC(110) _eden_chunk_array[47]=0x00000000f7c5caa8
[2025-08-08T15:32:36.157+0000][721.804s][1][129][trace] GC(110) _eden_chunk_array[48]=0x00000000f7c80840
[2025-08-08T15:32:36.157+0000][721.804s][1][129][trace] GC(110) _eden_chunk_array[49]=0x00000000f7caabb8
[2025-08-08T15:32:36.157+0000][721.804s][1][129][trace] GC(110) _eden_chunk_array[50]=0x00000000f7cce950
[2025-08-08T15:32:36.157+0000][721.804s][1][129][trace] GC(110) _eden_chunk_array[51]=0x00000000f7cf8cb0
[2025-08-08T15:32:36.157+0000][721.804s][1][129][trace] GC(110) _eden_chunk_array[52]=0x00000000f7d23028
[2025-08-08T15:32:36.157+0000][721.804s][1][129][trace] GC(110) _eden_chunk_array[53]=0x00000000f7d4d398
[2025-08-08T15:32:36.157+0000][721.804s][1][129][trace] GC(110) _eden_chunk_array[54]=0x00000000f7dacf70
[2025-08-08T15:32:36.157+0000][721.804s][1][129][trace] GC(110) _eden_chunk_array[55]=0x00000000f7dcd2a0
[2025-08-08T15:32:36.157+0000][721.804s][1][129][trace] GC(110) _eden_chunk_array[56]=0x00000000f7deee48
[2025-08-08T15:32:36.157+0000][721.804s][1][129][trace] GC(110) _eden_chunk_array[57]=0x00000000f7e0f710
[2025-08-08T15:32:36.157+0000][721.804s][1][129][trace] GC(110) _eden_chunk_array[58]=0x00000000f7e64520
[2025-08-08T15:32:36.157+0000][721.804s][1][129][trace] GC(110) _eden_chunk_array[59]=0x00000000f7e8bcb8
[2025-08-08T15:32:36.157+0000][721.804s][1][129][trace] GC(110) _eden_chunk_array[60]=0x00000000f7eafa40
[2025-08-08T15:32:36.157+0000][721.804s][1][129][trace] GC(110) _eden_chunk_array[61]=0x00000000f7ed37c8
[2025-08-08T15:32:36.157+0000][721.804s][1][129][trace] GC(110) _eden_chunk_array[62]=0x00000000f7f19028
[2025-08-08T15:32:36.157+0000][721.804s][1][129][trace] GC(110) _eden_chunk_array[63]=0x00000000f7f42ad8
[2025-08-08T15:32:36.157+0000][721.804s][1][129][trace] GC(110) _eden_chunk_array[64]=0x00000000f7f6e720
[2025-08-08T15:32:36.157+0000][721.804s][1][129][trace] GC(110) _eden_chunk_array[65]=0x00000000f7f99710
[2025-08-08T15:32:36.157+0000][721.804s][1][129][trace] GC(110) _eden_chunk_array[66]=0x00000000f7fc5350
[2025-08-08T15:32:36.157+0000][721.804s][1][129][trace] GC(110) _eden_chunk_array[67]=0x00000000f8025b98
[2025-08-08T15:32:36.157+0000][721.804s][1][129][trace] GC(110) _eden_chunk_array[68]=0x00000000f8051800
[2025-08-08T15:32:36.157+0000][721.804s][1][129][trace] GC(110) _eden_chunk_array[69]=0x00000000f807d440
[2025-08-08T15:32:36.157+0000][721.804s][1][129][trace] GC(110) _eden_chunk_array[70]=0x00000000f80a3b28
[2025-08-08T15:32:36.157+0000][721.804s][1][129][trace] GC(110) _eden_chunk_array[71]=0x00000000f80c3d58
[2025-08-08T15:32:36.157+0000][721.804s][1][129][trace] GC(110) _eden_chunk_array[72]=0x00000000f80e4c40
[2025-08-08T15:32:36.157+0000][721.804s][1][129][trace] GC(110) _eden_chunk_array[73]=0x00000000f8118878
[2025-08-08T15:32:36.157+0000][721.804s][1][129][trace] GC(110) _eden_chunk_array[74]=0x00000000f8144f58
[2025-08-08T15:32:36.157+0000][721.804s][1][129][trace] GC(110) _eden_chunk_array[75]=0x00000000f8179648
[2025-08-08T15:32:36.157+0000][721.804s][1][129][trace] GC(110) _eden_chunk_array[76]=0x00000000f81b2f50
[2025-08-08T15:32:36.157+0000][721.804s][1][129][trace] GC(110) _eden_chunk_array[77]=0x00000000f8214e60
[2025-08-08T15:32:36.157+0000][721.804s][1][129][trace] GC(110) _eden_chunk_array[78]=0x00000000f82437e8
[2025-08-08T15:32:36.157+0000][721.804s][1][129][trace] GC(110) _eden_chunk_array[79]=0x00000000f827ec80
[2025-08-08T15:32:36.157+0000][721.804s][1][129][trace] GC(110) _eden_chunk_array[80]=0x00000000f82db998
[2025-08-08T15:32:36.157+0000][721.804s][1][129][trace] GC(110) _eden_chunk_array[81]=0x00000000f82ff478
[2025-08-08T15:32:36.157+0000][721.804s][1][129][trace] GC(110) _eden_chunk_array[82]=0x00000000f8325d68
[2025-08-08T15:32:36.157+0000][721.804s][1][129][trace] GC(110) _eden_chunk_array[83]=0x00000000f8346e68
[2025-08-08T15:32:36.157+0000][721.804s][1][129][trace] GC(110) _eden_chunk_array[84]=0x00000000f836c3f8
[2025-08-08T15:32:36.157+0000][721.804s][1][129][trace] GC(110) _eden_chunk_array[85]=0x00000000f838e968
[2025-08-08T15:32:36.157+0000][721.804s][1][129][trace] GC(110) _eden_chunk_array[86]=0x00000000f83b0db0
[2025-08-08T15:32:36.157+0000][721.804s][1][129][trace] GC(110) _eden_chunk_array[87]=0x00000000f83e4830
[2025-08-08T15:32:36.157+0000][721.804s][1][129][trace] GC(110) _eden_chunk_array[88]=0x00000000f841bc28
[2025-08-08T15:32:36.157+0000][721.804s][1][129][trace] GC(110) _eden_chunk_array[89]=0x00000000f8448db0
[2025-08-08T15:32:36.157+0000][721.804s][1][129][trace] GC(110) _eden_chunk_array[90]=0x00000000f846f610
[2025-08-08T15:32:36.157+0000][721.804s][1][129][trace] GC(110) _eden_chunk_array[91]=0x00000000f84933a8
[2025-08-08T15:32:36.157+0000][721.804s][1][129][trace] GC(110) _eden_chunk_array[92]=0x00000000f84ec018
[2025-08-08T15:32:36.157+0000][721.804s][1][129][trace] GC(110) _eden_chunk_array[93]=0x00000000f8512850
[2025-08-08T15:32:36.157+0000][721.804s][1][129][trace] GC(110) _eden_chunk_array[94]=0x00000000f8539090
[2025-08-08T15:32:36.157+0000][721.804s][1][129][trace] GC(110) _eden_chunk_array[95]=0x00000000f855f8d0
[2025-08-08T15:32:36.157+0000][721.804s][1][129][trace] GC(110) _eden_chunk_array[96]=0x00000000f8586100
[2025-08-08T15:32:36.157+0000][721.804s][1][129][trace] GC(110) _eden_chunk_array[97]=0x00000000f85a9238
[2025-08-08T15:32:36.157+0000][721.804s][1][129][trace] GC(110) _eden_chunk_array[98]=0x00000000f85f3ec8
[2025-08-08T15:32:36.157+0000][721.804s][1][129][trace] GC(110) _eden_chunk_array[99]=0x00000000f8616f50
[2025-08-08T15:32:36.157+0000][721.804s][1][129][trace] GC(110) _eden_chunk_array[100]=0x00000000f86377d8
[2025-08-08T15:32:36.157+0000][721.804s][1][129][trace] GC(110) _eden_chunk_array[101]=0x00000000f866d798
[2025-08-08T15:32:36.157+0000][721.804s][1][129][trace] GC(110) _eden_chunk_array[102]=0x00000000f86996f8
[2025-08-08T15:32:36.157+0000][721.804s][1][129][trace] GC(110) _eden_chunk_array[103]=0x00000000f86ca900
[2025-08-08T15:32:36.157+0000][721.804s][1][129][trace] GC(110) _eden_chunk_array[104]=0x00000000f8710158
[2025-08-08T15:32:36.157+0000][721.804s][1][129][trace] GC(110) _eden_chunk_array[105]=0x00000000f873eae8
[2025-08-08T15:32:36.157+0000][721.804s][1][129][trace] GC(110) _eden_chunk_array[106]=0x00000000f875f150
[2025-08-08T15:32:36.157+0000][721.804s][1][129][trace] GC(110) _eden_chunk_array[107]=0x00000000f87a9b70
[2025-08-08T15:32:36.157+0000][721.804s][1][129][trace] GC(110) _eden_chunk_array[108]=0x00000000f87f4578
[2025-08-08T15:32:36.157+0000][721.804s][1][129][trace] GC(110) _eden_chunk_array[109]=0x00000000f8822f08
[2025-08-08T15:32:36.157+0000][721.804s][1][129][trace] GC(110) _eden_chunk_array[110]=0x00000000f88535c0
[2025-08-08T15:32:36.157+0000][721.804s][1][129][trace] GC(110) _eden_chunk_array[111]=0x00000000f888ca40
[2025-08-08T15:32:36.157+0000][721.804s][1][129][trace] GC(110) _eden_chunk_array[112]=0x00000000f88b86a0
[2025-08-08T15:32:36.157+0000][721.804s][1][129][trace] GC(110) _eden_chunk_array[113]=0x00000000f88e2f90
[2025-08-08T15:32:36.157+0000][721.804s][1][129][trace] GC(110) _eden_chunk_array[114]=0x00000000f8904400
[2025-08-08T15:32:36.157+0000][721.804s][1][129][trace] GC(110) _eden_chunk_array[115]=0x00000000f8939410
[2025-08-08T15:32:36.157+0000][721.804s][1][129][trace] GC(110) _eden_chunk_array[116]=0x00000000f895d1b8
[2025-08-08T15:32:36.157+0000][721.804s][1][129][trace] GC(110) _eden_chunk_array[117]=0x00000000f89b5e30
[2025-08-08T15:32:36.157+0000][721.804s][1][129][trace] GC(110) _eden_chunk_array[118]=0x00000000f89e0190
[2025-08-08T15:32:36.157+0000][721.804s][1][129][trace] GC(110) _eden_chunk_array[119]=0x00000000f8a0a500
[2025-08-08T15:32:36.157+0000][721.804s][1][129][trace] GC(110) _eden_chunk_array[120]=0x00000000f8a34878
[2025-08-08T15:32:36.157+0000][721.804s][1][129][trace] GC(110) _eden_chunk_array[121]=0x00000000f8a5ebe8
[2025-08-08T15:32:36.157+0000][721.804s][1][129][trace] GC(110) _eden_chunk_array[122]=0x00000000f8a9af00
[2025-08-08T15:32:36.157+0000][721.804s][1][129][trace] GC(110) _eden_chunk_array[123]=0x00000000f8ac5280
[2025-08-08T15:32:36.157+0000][721.804s][1][129][trace] GC(110) _eden_chunk_array[124]=0x00000000f8ae83b8
[2025-08-08T15:32:36.157+0000][721.804s][1][129][trace] GC(110) _eden_chunk_array[125]=0x00000000f8b083e0
[2025-08-08T15:32:36.157+0000][721.804s][1][129][trace] GC(110) _eden_chunk_array[126]=0x00000000f8b283f8
[2025-08-08T15:32:36.157+0000][721.804s][1][129][trace] GC(110) _eden_chunk_array[127]=0x00000000f8b48410
[2025-08-08T15:32:36.157+0000][721.804s][1][129][trace] GC(110) _eden_chunk_array[128]=0x00000000f8b68710
[2025-08-08T15:32:36.157+0000][721.804s][1][129][trace] GC(110) _eden_chunk_array[129]=0x00000000f8b89640
[2025-08-08T15:32:36.157+0000][721.804s][1][129][trace] GC(110) _eden_chunk_array[130]=0x00000000f8bad128
[2025-08-08T15:32:36.157+0000][721.804s][1][129][trace] GC(110) _eden_chunk_array[131]=0x00000000f8bd0260
[2025-08-08T15:32:36.157+0000][721.804s][1][129][trace] GC(110) _eden_chunk_array[132]=0x00000000f8bf33a0
[2025-08-08T15:32:36.157+0000][721.804s][1][129][trace] GC(110) _eden_chunk_array[133]=0x00000000f8c2eb30
[2025-08-08T15:32:36.157+0000][721.804s][1][129][trace] GC(110) _eden_chunk_array[134]=0x00000000f8c64158
[2025-08-08T15:32:36.157+0000][721.804s][1][129][trace] GC(110) _eden_chunk_array[135]=0x00000000f8c93080
[2025-08-08T15:32:36.157+0000][721.804s][1][129][trace] GC(110) _eden_chunk_array[136]=0x00000000f8cb4de8
[2025-08-08T15:32:36.157+0000][721.804s][1][129][trace] GC(110) _eden_chunk_array[137]=0x00000000f8d14a10
[2025-08-08T15:32:36.157+0000][721.804s][1][129][trace] GC(110) _eden_chunk_array[138]=0x00000000f8d5a268
[2025-08-08T15:32:36.157+0000][721.804s][1][129][trace] GC(110) _eden_chunk_array[139]=0x00000000f8d8dd38
[2025-08-08T15:32:36.157+0000][721.804s][1][129][trace] GC(110) _eden_chunk_array[140]=0x00000000f8dc17e8
[2025-08-08T15:32:36.157+0000][721.804s][1][129][trace] GC(110) _eden_chunk_array[141]=0x00000000f8dec658
[2025-08-08T15:32:36.157+0000][721.804s][1][129][trace] GC(110) _eden_chunk_array[142]=0x00000000f8e0eaa0
[2025-08-08T15:32:36.157+0000][721.804s][1][129][trace] GC(110) _eden_chunk_array[143]=0x00000000f8e30dc8
[2025-08-08T15:32:36.157+0000][721.804s][1][129][trace] GC(110) _eden_chunk_array[144]=0x00000000f8e5e848
[2025-08-08T15:32:36.157+0000][721.804s][1][129][trace] GC(110) _eden_chunk_array[145]=0x00000000f8e7eda8
[2025-08-08T15:32:36.157+0000][721.804s][1][129][trace] GC(110) _eden_chunk_array[146]=0x00000000f8ed3c18
[2025-08-08T15:32:36.157+0000][721.804s][1][129][trace] GC(110) _eden_chunk_array[147]=0x00000000f8f0f2e8
[2025-08-08T15:32:36.157+0000][721.804s][1][129][trace] GC(110) _eden_chunk_array[148]=0x00000000f8f3af38
[2025-08-08T15:32:36.157+0000][721.804s][1][129][trace] GC(110) _eden_chunk_array[149]=0x00000000f8f7d3c0
[2025-08-08T15:32:36.157+0000][721.804s][1][129][trace] GC(110) _eden_chunk_array[150]=0x00000000f8fa9000
[2025-08-08T15:32:36.157+0000][721.804s][1][129][trace] GC(110) _eden_chunk_array[151]=0x00000000f8fcb538
[2025-08-08T15:32:36.157+0000][721.804s][1][129][trace] GC(110) _eden_chunk_array[152]=0x00000000f8ff7178
[2025-08-08T15:32:36.157+0000][721.804s][1][129][trace] GC(110) _eden_chunk_array[153]=0x00000000f9022e08
[2025-08-08T15:32:36.157+0000][721.804s][1][129][trace] GC(110) _eden_chunk_array[154]=0x00000000f907e470
[2025-08-08T15:32:36.157+0000][721.804s][1][129][trace] GC(110) _eden_chunk_array[155]=0x00000000f909ee40
[2025-08-08T15:32:36.157+0000][721.804s][1][129][trace] GC(110) _eden_chunk_array[156]=0x00000000f90bf1c8
[2025-08-08T15:32:36.157+0000][721.804s][1][129][trace] GC(110) _eden_chunk_array[157]=0x00000000f90e7d00
[2025-08-08T15:32:36.157+0000][721.804s][1][129][trace] GC(110) _eden_chunk_array[158]=0x00000000f9119878
[2025-08-08T15:32:36.157+0000][721.804s][1][129][trace] GC(110) _eden_chunk_array[159]=0x00000000f9151450
[2025-08-08T15:32:36.157+0000][721.804s][1][129][trace] GC(110) _eden_chunk_array[160]=0x00000000f91b09f0
[2025-08-08T15:32:36.157+0000][721.804s][1][129][trace] GC(110) _eden_chunk_array[161]=0x00000000f91dad88
[2025-08-08T15:32:36.157+0000][721.804s][1][129][trace] GC(110) _eden_chunk_array[162]=0x00000000f92050f0
[2025-08-08T15:32:36.157+0000][721.804s][1][129][trace] GC(110) _eden_chunk_array[163]=0x00000000f922f458
[2025-08-08T15:32:36.157+0000][721.804s][1][129][trace] GC(110) _eden_chunk_array[164]=0x00000000f92597e0
[2025-08-08T15:32:36.157+0000][721.804s][1][129][trace] GC(110) _eden_chunk_array[165]=0x00000000f92a41f8
[2025-08-08T15:32:36.157+0000][721.804s][1][129][trace] GC(110) _eden_chunk_array[166]=0x00000000f9303df0
[2025-08-08T15:32:36.157+0000][721.804s][1][129][trace] GC(110) _eden_chunk_array[167]=0x00000000f932e158
[2025-08-08T15:32:36.157+0000][721.804s][1][129][trace] GC(110) _eden_chunk_array[168]=0x00000000f9351500
[2025-08-08T15:32:36.157+0000][721.804s][1][129][trace] GC(110) _eden_chunk_array[169]=0x00000000f9376880
[2025-08-08T15:32:36.157+0000][721.804s][1][129][trace] GC(110) _eden_chunk_array[170]=0x00000000f93999a8
[2025-08-08T15:32:36.157+0000][721.804s][1][129][trace] GC(110) _eden_chunk_array[171]=0x00000000f93df210
[2025-08-08T15:32:36.157+0000][721.804s][1][129][trace] GC(110) _eden_chunk_array[172]=0x00000000f9402368
[2025-08-08T15:32:36.157+0000][721.804s][1][129][trace] GC(110) _eden_chunk_array[173]=0x00000000f942e9e0
[2025-08-08T15:32:36.157+0000][721.804s][1][129][trace] GC(110) _eden_chunk_array[174]=0x00000000f9462d90
[2025-08-08T15:32:36.157+0000][721.804s][1][129][trace] GC(110) _eden_chunk_array[175]=0x00000000f9483e80
[2025-08-08T15:32:36.157+0000][721.804s][1][129][trace] GC(110) _eden_chunk_array[176]=0x00000000f94bf730
[2025-08-08T15:32:36.157+0000][721.804s][1][129][trace] GC(110) _eden_chunk_array[177]=0x00000000f9524ee0
[2025-08-08T15:32:36.157+0000][721.804s][1][129][trace] GC(110) _eden_chunk_array[178]=0x00000000f9564d68
[2025-08-08T15:32:36.157+0000][721.804s][1][129][trace] GC(110) _eden_chunk_array[179]=0x00000000f95a4c18
[2025-08-08T15:32:36.157+0000][721.804s][1][129][trace] GC(110) _eden_chunk_array[180]=0x00000000f95c6860
[2025-08-08T15:32:36.157+0000][721.804s][1][129][trace] GC(110) _eden_chunk_array[181]=0x00000000f95efa90
[2025-08-08T15:32:36.157+0000][721.804s][1][129][trace] GC(110) _eden_chunk_array[182]=0x00000000f9610388
[2025-08-08T15:32:36.157+0000][721.804s][1][129][trace] GC(110) _eden_chunk_array[183]=0x00000000f96641f8
[2025-08-08T15:32:36.157+0000][721.804s][1][129][trace] GC(110) _eden_chunk_array[184]=0x00000000f968c468
[2025-08-08T15:32:36.157+0000][721.804s][1][129][trace] GC(110) _eden_chunk_array[185]=0x00000000f96b04c0
[2025-08-08T15:32:36.157+0000][721.804s][1][129][trace] GC(110) _eden_chunk_array[186]=0x00000000f96da9b8
[2025-08-08T15:32:36.157+0000][721.804s][1][129][trace] GC(110) _eden_chunk_array[187]=0x00000000f96fce08
[2025-08-08T15:32:36.157+0000][721.804s][1][129][trace] GC(110) _eden_chunk_array[188]=0x00000000f971f250
[2025-08-08T15:32:36.157+0000][721.804s][1][129][trace] GC(110) _eden_chunk_array[189]=0x00000000f9740d20
[2025-08-08T15:32:36.157+0000][721.804s][1][129][trace] GC(110) _eden_chunk_array[190]=0x00000000f9764ab0
[2025-08-08T15:32:36.157+0000][721.804s][1][129][trace] GC(110) _eden_chunk_array[191]=0x00000000f97aa308
[2025-08-08T15:32:36.157+0000][721.804s][1][129][trace] GC(110) _eden_chunk_array[192]=0x00000000f97ce108
[2025-08-08T15:32:36.157+0000][721.804s][1][129][trace] GC(110) _eden_chunk_array[193]=0x00000000f980df80
[2025-08-08T15:32:36.157+0000][721.804s][1][129][trace] GC(110) _eden_chunk_array[194]=0x00000000f984de00
[2025-08-08T15:32:36.157+0000][721.804s][1][129][trace] GC(110) _eden_chunk_array[195]=0x00000000f986fa88
[2025-08-08T15:32:36.157+0000][721.804s][1][129][trace] GC(110) _eden_chunk_array[196]=0x00000000f9899cd0
[2025-08-08T15:32:36.157+0000][721.804s][1][129][trace] GC(110) _eden_chunk_array[197]=0x00000000f98bd6d8
[2025-08-08T15:32:36.157+0000][721.804s][1][129][trace] GC(110) _eden_chunk_array[198]=0x00000000f98eca98
[2025-08-08T15:32:36.157+0000][721.804s][1][129][trace] GC(110) _eden_chunk_array[199]=0x00000000f9918838
[2025-08-08T15:32:36.157+0000][721.804s][1][129][trace] GC(110) _eden_chunk_array[200]=0x00000000f99405e0
[2025-08-08T15:32:36.157+0000][721.804s][1][129][trace] GC(110) _eden_chunk_array[201]=0x00000000f9964370
[2025-08-08T15:32:36.157+0000][721.804s][1][129][trace] GC(110) _eden_chunk_array[202]=0x00000000f99a9bc8
[2025-08-08T15:32:36.157+0000][721.804s][1][129][trace] GC(110) _eden_chunk_array[203]=0x00000000f99f45e8
[2025-08-08T15:32:36.157+0000][721.804s][1][129][trace] GC(110) _eden_chunk_array[204]=0x00000000f9a40c50
[2025-08-08T15:32:36.157+0000][721.804s][1][129][trace] GC(110) _eden_chunk_array[205]=0x00000000f9a63198
[2025-08-08T15:32:36.157+0000][721.804s][1][129][trace] GC(110) _eden_chunk_array[206]=0x00000000f9a856d8
[2025-08-08T15:32:36.157+0000][721.804s][1][129][trace] GC(110) _eden_chunk_array[207]=0x00000000f9aa7c10
[2025-08-08T15:32:36.157+0000][721.804s][1][129][trace] GC(110) _eden_chunk_array[208]=0x00000000f9aca148
[2025-08-08T15:32:36.157+0000][721.804s][1][129][trace] GC(110) _eden_chunk_array[209]=0x00000000f9aec678
[2025-08-08T15:32:36.157+0000][721.804s][1][129][trace] GC(110) _eden_chunk_array[210]=0x00000000f9b0ebb8
[2025-08-08T15:32:36.157+0000][721.804s][1][129][trace] GC(110) _eden_chunk_array[211]=0x00000000f9b310f0
[2025-08-08T15:32:36.157+0000][721.805s][1][129][trace] GC(110) _eden_chunk_array[212]=0x00000000f9b51ad0
[2025-08-08T15:32:36.157+0000][721.805s][1][129][trace] GC(110) _eden_chunk_array[213]=0x00000000f9b72290
[2025-08-08T15:32:36.157+0000][721.805s][1][129][trace] GC(110) _eden_chunk_array[214]=0x00000000f9b92540
[2025-08-08T15:32:36.157+0000][721.805s][1][129][trace] GC(110) _eden_chunk_array[215]=0x00000000f9bbca38
[2025-08-08T15:32:36.157+0000][721.805s][1][129][trace] GC(110) _eden_chunk_array[216]=0x00000000f9be0818
[2025-08-08T15:32:36.157+0000][721.805s][1][129][trace] GC(110) _eden_chunk_array[217]=0x00000000f9c1e2f8
[2025-08-08T15:32:36.157+0000][721.805s][1][129][trace] GC(110) _eden_chunk_array[218]=0x00000000f9c6ccf8
[2025-08-08T15:32:36.157+0000][721.805s][1][129][trace] GC(110) _eden_chunk_array[219]=0x00000000f9c99358
[2025-08-08T15:32:36.157+0000][721.805s][1][129][trace] GC(110) _eden_chunk_array[220]=0x00000000f9cc7cf0
[2025-08-08T15:32:36.157+0000][721.805s][1][129][trace] GC(110) _eden_chunk_array[221]=0x00000000f9cf6650
[2025-08-08T15:32:36.157+0000][721.805s][1][129][trace] GC(110) _eden_chunk_array[222]=0x00000000f9d24fc0
[2025-08-08T15:32:36.157+0000][721.805s][1][129][trace] GC(110) _eden_chunk_array[223]=0x00000000f9d53938
[2025-08-08T15:32:36.157+0000][721.805s][1][129][trace] GC(110) _eden_chunk_array[224]=0x00000000f9d8eb88
[2025-08-08T15:32:36.157+0000][721.805s][1][129][trace] GC(110) _eden_chunk_array[225]=0x00000000f9daebb8
[2025-08-08T15:32:36.157+0000][721.805s][1][129][trace] GC(110) _eden_chunk_array[226]=0x00000000f9dcebd0
[2025-08-08T15:32:36.157+0000][721.805s][1][129][trace] GC(110) _eden_chunk_array[227]=0x00000000f9def608
[2025-08-08T15:32:36.157+0000][721.805s][1][129][trace] GC(110) _eden_chunk_array[228]=0x00000000f9e0fe60
[2025-08-08T15:32:36.157+0000][721.805s][1][129][trace] GC(110) _eden_chunk_array[229]=0x00000000f9e33e78
[2025-08-08T15:32:36.157+0000][721.805s][1][129][trace] GC(110) _eden_chunk_array[230]=0x00000000f9e67908
[2025-08-08T15:32:36.157+0000][721.805s][1][129][trace] GC(110) _eden_chunk_array[231]=0x00000000f9eaa1c8
[2025-08-08T15:32:36.157+0000][721.805s][1][129][trace] GC(110) _eden_chunk_array[232]=0x00000000f9ecd300
[2025-08-08T15:32:36.157+0000][721.805s][1][129][trace] GC(110) _eden_chunk_array[233]=0x00000000f9ef0438
[2025-08-08T15:32:36.157+0000][721.805s][1][129][trace] GC(110) _eden_chunk_array[234]=0x00000000f9f13570
[2025-08-08T15:32:36.157+0000][721.805s][1][129][trace] GC(110) _eden_chunk_array[235]=0x00000000f9f366b8
[2025-08-08T15:32:36.157+0000][721.805s][1][129][trace] GC(110) _eden_chunk_array[236]=0x00000000f9f59808
[2025-08-08T15:32:36.157+0000][721.805s][1][129][trace] GC(110) _eden_chunk_array[237]=0x00000000f9f7c940
[2025-08-08T15:32:36.157+0000][721.805s][1][129][trace] GC(110) _eden_chunk_array[238]=0x00000000f9f9c968
[2025-08-08T15:32:36.157+0000][721.805s][1][129][trace] GC(110) _eden_chunk_array[239]=0x00000000f9fcf668
[2025-08-08T15:32:36.157+0000][721.805s][1][129][trace] GC(110) _eden_chunk_array[240]=0x00000000f9fef698
[2025-08-08T15:32:36.157+0000][721.805s][1][129][trace] GC(110) _eden_chunk_array[241]=0x00000000fa00f6c8
[2025-08-08T15:32:36.157+0000][721.805s][1][129][trace] GC(110) _eden_chunk_array[242]=0x00000000fa05a100
[2025-08-08T15:32:36.157+0000][721.805s][1][129][trace] GC(110) _eden_chunk_array[243]=0x00000000fa08a198
[2025-08-08T15:32:36.157+0000][721.805s][1][129][trace] GC(110) _eden_chunk_array[244]=0x00000000fa0ae310
[2025-08-08T15:32:36.157+0000][721.805s][1][129][trace] GC(110) _eden_chunk_array[245]=0x00000000fa0de170
[2025-08-08T15:32:36.157+0000][721.805s][1][129][trace] GC(110) _eden_chunk_array[246]=0x00000000fa120780
[2025-08-08T15:32:36.157+0000][721.805s][1][129][trace] GC(110) _eden_chunk_array[247]=0x00000000fa152b00
[2025-08-08T15:32:36.157+0000][721.805s][1][129][trace] GC(110) _eden_chunk_array[248]=0x00000000fa173c60
[2025-08-08T15:32:36.157+0000][721.805s][1][129][trace] GC(110) _eden_chunk_array[249]=0x00000000fa194de8
[2025-08-08T15:32:36.157+0000][721.805s][1][129][trace] GC(110) _eden_chunk_array[250]=0x00000000fa1b5f48
[2025-08-08T15:32:36.157+0000][721.805s][1][129][trace] GC(110) _eden_chunk_array[251]=0x00000000fa1d70a0
[2025-08-08T15:32:36.157+0000][721.805s][1][129][trace] GC(110) _eden_chunk_array[252]=0x00000000fa1f8200
[2025-08-08T15:32:36.157+0000][721.805s][1][129][trace] GC(110) _eden_chunk_array[253]=0x00000000fa24fe88
[2025-08-08T15:32:36.157+0000][721.805s][1][129][trace] GC(110) _eden_chunk_array[254]=0x00000000fa270fe0
[2025-08-08T15:32:36.157+0000][721.805s][1][129][trace] GC(110) _eden_chunk_array[255]=0x00000000fa2bba00
[2025-08-08T15:32:36.157+0000][721.805s][1][129][trace] GC(110) _eden_chunk_array[256]=0x00000000fa2f1758
[2025-08-08T15:32:36.157+0000][721.805s][1][129][trace] GC(110) _eden_chunk_array[257]=0x00000000fa314b88
[2025-08-08T15:32:36.157+0000][721.805s][1][129][trace] GC(110) _eden_chunk_array[258]=0x00000000fa334ce8
[2025-08-08T15:32:36.157+0000][721.805s][1][129][trace] GC(110) _eden_chunk_array[259]=0x00000000fa37a550
[2025-08-08T15:32:36.157+0000][721.805s][1][129][trace] GC(110) _eden_chunk_array[260]=0x00000000fa3a8448
[2025-08-08T15:32:36.157+0000][721.805s][1][129][trace] GC(110) _eden_chunk_array[261]=0x00000000fa3ce1b8
[2025-08-08T15:32:36.157+0000][721.805s][1][129][trace] GC(110) _eden_chunk_array[262]=0x00000000fa3f06f8
[2025-08-08T15:32:36.157+0000][721.805s][1][129][trace] GC(110) _eden_chunk_array[263]=0x00000000fa4321b8
[2025-08-08T15:32:36.158+0000][721.805s][1][129][trace] GC(110) _eden_chunk_array[264]=0x00000000fa460b28
[2025-08-08T15:32:36.158+0000][721.805s][1][129][trace] GC(110) _eden_chunk_array[265]=0x00000000fa48f4b0
[2025-08-08T15:32:36.158+0000][721.805s][1][129][trace] GC(110) _eden_chunk_array[266]=0x00000000fa4bde50
[2025-08-08T15:32:36.158+0000][721.805s][1][129][trace] GC(110) _eden_chunk_array[267]=0x00000000fa4ee438
[2025-08-08T15:32:36.158+0000][721.805s][1][129][trace] GC(110) _eden_chunk_array[268]=0x00000000fa51cde8
[2025-08-08T15:32:36.158+0000][721.805s][1][129][trace] GC(110) _eden_chunk_array[269]=0x00000000fa5677f0
[2025-08-08T15:32:36.158+0000][721.805s][1][129][trace] GC(110) _eden_chunk_array[270]=0x00000000fa58b2e8
[2025-08-08T15:32:36.158+0000][721.805s][1][129][trace] GC(110) _eden_chunk_array[271]=0x00000000fa5ab370
[2025-08-08T15:32:36.158+0000][721.805s][1][129][trace] GC(110) _eden_chunk_array[272]=0x00000000fa5cdfc0
[2025-08-08T15:32:36.158+0000][721.805s][1][129][trace] GC(110) _eden_chunk_array[273]=0x00000000fa625ea8
[2025-08-08T15:32:36.158+0000][721.805s][1][129][trace] GC(110) _eden_chunk_array[274]=0x00000000fa65d550
[2025-08-08T15:32:36.158+0000][721.805s][1][129][trace] GC(110) _eden_chunk_array[275]=0x00000000fa67fa90
[2025-08-08T15:32:36.158+0000][721.805s][1][129][trace] GC(110) _eden_chunk_array[276]=0x00000000fa6c52f0
[2025-08-08T15:32:36.158+0000][721.805s][1][129][trace] GC(110) _eden_chunk_array[277]=0x00000000fa6f3c58
[2025-08-08T15:32:36.158+0000][721.805s][1][129][trace] GC(110) _eden_chunk_array[278]=0x00000000fa7403a8
[2025-08-08T15:32:36.158+0000][721.805s][1][129][trace] GC(110) _eden_chunk_array[279]=0x00000000fa7627f0
[2025-08-08T15:32:36.158+0000][721.805s][1][129][trace] GC(110) _eden_chunk_array[280]=0x00000000fa784c30
[2025-08-08T15:32:36.158+0000][721.805s][1][129][trace] GC(110) _eden_chunk_array[281]=0x00000000fa7a7088
[2025-08-08T15:32:36.158+0000][721.805s][1][129][trace] GC(110) _eden_chunk_array[282]=0x00000000fa7c94e8
[2025-08-08T15:32:36.158+0000][721.805s][1][129][trace] GC(110) _eden_chunk_array[283]=0x00000000fa7eb938
[2025-08-08T15:32:36.158+0000][721.805s][1][129][trace] GC(110) _eden_chunk_array[284]=0x00000000fa80dd90
[2025-08-08T15:32:36.158+0000][721.805s][1][129][trace] GC(110) _eden_chunk_array[285]=0x00000000fa8301e8
[2025-08-08T15:32:36.158+0000][721.805s][1][129][trace] GC(110) _eden_chunk_array[286]=0x00000000fa856168
[2025-08-08T15:32:36.158+0000][721.805s][1][129][trace] GC(110) _eden_chunk_array[287]=0x00000000fa88c420
[2025-08-08T15:32:36.158+0000][721.805s][1][129][trace] GC(110) _eden_chunk_array[288]=0x00000000fa8bf590
[2025-08-08T15:32:36.158+0000][721.805s][1][129][trace] GC(110) _eden_chunk_array[289]=0x00000000fa8fc410
[2025-08-08T15:32:36.158+0000][721.805s][1][129][trace] GC(110) _eden_chunk_array[290]=0x00000000fa927558
[2025-08-08T15:32:36.158+0000][721.805s][1][129][trace] GC(110) _eden_chunk_array[291]=0x00000000fa94b2e0
[2025-08-08T15:32:36.158+0000][721.805s][1][129][trace] GC(110) _eden_chunk_array[292]=0x00000000fa96cf28
[2025-08-08T15:32:36.158+0000][721.805s][1][129][trace] GC(110) _eden_chunk_array[293]=0x00000000fa9d26b8
[2025-08-08T15:32:36.158+0000][721.805s][1][129][trace] GC(110) _eden_chunk_array[294]=0x00000000faa1d0c0
[2025-08-08T15:32:36.158+0000][721.805s][1][129][trace] GC(110) _eden_chunk_array[295]=0x00000000faa5cf38
[2025-08-08T15:32:36.158+0000][721.805s][1][129][trace] GC(110) _eden_chunk_array[296]=0x00000000faa9cdc0
[2025-08-08T15:32:36.158+0000][721.805s][1][129][trace] GC(110) _eden_chunk_array[297]=0x00000000faadcc78
[2025-08-08T15:32:36.158+0000][721.805s][1][129][trace] GC(110) _eden_chunk_array[298]=0x00000000fab08bf0
[2025-08-08T15:32:36.158+0000][721.805s][1][129][trace] GC(110) _eden_chunk_array[299]=0x00000000fab3eca0
[2025-08-08T15:32:36.158+0000][721.805s][1][129][trace] GC(110) _eden_chunk_array[300]=0x00000000fab72720
[2025-08-08T15:32:36.158+0000][721.805s][1][129][trace] GC(110) _eden_chunk_array[301]=0x00000000fabbd128
[2025-08-08T15:32:36.158+0000][721.805s][1][129][trace] GC(110) _eden_chunk_array[302]=0x00000000fac0fb50
[2025-08-08T15:32:36.158+0000][721.805s][1][129][trace] GC(110) _eden_chunk_array[303]=0x00000000fac553a8
[2025-08-08T15:32:36.158+0000][721.805s][1][129][trace] GC(110) _eden_chunk_array[304]=0x00000000fac88db8
[2025-08-08T15:32:36.158+0000][721.805s][1][129][trace] GC(110) _eden_chunk_array[305]=0x00000000facabf08
[2025-08-08T15:32:36.158+0000][721.805s][1][129][trace] GC(110) _eden_chunk_array[306]=0x00000000faccf048
[2025-08-08T15:32:36.158+0000][721.805s][1][129][trace] GC(110) _eden_chunk_array[307]=0x00000000facf3d08
[2025-08-08T15:32:36.158+0000][721.805s][1][129][trace] GC(110) _eden_chunk_array[308]=0x00000000fad16e50
[2025-08-08T15:32:36.158+0000][721.805s][1][129][trace] GC(110) _eden_chunk_array[309]=0x00000000fad44528
[2025-08-08T15:32:36.158+0000][721.805s][1][129][trace] GC(110) _eden_chunk_array[310]=0x00000000fad66ee8
[2025-08-08T15:32:36.158+0000][721.805s][1][129][trace] GC(110) _eden_chunk_array[311]=0x00000000fad87a90
[2025-08-08T15:32:36.158+0000][721.805s][1][129][trace] GC(110) _eden_chunk_array[312]=0x00000000fada8d68
[2025-08-08T15:32:36.158+0000][721.805s][1][129][trace] GC(110) _eden_chunk_array[313]=0x00000000fadc8db8
[2025-08-08T15:32:36.158+0000][721.805s][1][129][trace] GC(110) _eden_chunk_array[314]=0x00000000fade8de0
[2025-08-08T15:32:36.158+0000][721.805s][1][129][trace] GC(110) _eden_chunk_array[315]=0x00000000fae13df0
[2025-08-08T15:32:36.158+0000][721.805s][1][129][trace] GC(110) _eden_chunk_array[316]=0x00000000fae3fa50
[2025-08-08T15:32:36.158+0000][721.805s][1][129][trace] GC(110) _eden_chunk_array[317]=0x00000000fae61f80
[2025-08-08T15:32:36.158+0000][721.805s][1][129][trace] GC(110) _eden_chunk_array[318]=0x00000000faea77d8
[2025-08-08T15:32:36.158+0000][721.805s][1][129][trace] GC(110) _eden_chunk_array[319]=0x00000000faec9d10
[2025-08-08T15:32:36.158+0000][721.805s][1][129][trace] GC(110) _eden_chunk_array[320]=0x00000000faeec240
[2025-08-08T15:32:36.158+0000][721.805s][1][129][trace] GC(110) _eden_chunk_array[321]=0x00000000faf0e780
[2025-08-08T15:32:36.158+0000][721.805s][1][129][trace] GC(110) _eden_chunk_array[322]=0x00000000faf30cb0
[2025-08-08T15:32:36.158+0000][721.805s][1][129][trace] GC(110) _eden_chunk_array[323]=0x00000000faf531f0
[2025-08-08T15:32:36.158+0000][721.805s][1][129][trace] GC(110) _eden_chunk_array[324]=0x00000000faf75738
[2025-08-08T15:32:36.158+0000][721.805s][1][129][trace] GC(110) _eden_chunk_array[325]=0x00000000fafc0158
[2025-08-08T15:32:36.158+0000][721.805s][1][129][trace] GC(110) _eden_chunk_array[326]=0x00000000fafe3290
[2025-08-08T15:32:36.158+0000][721.805s][1][129][trace] GC(110) _eden_chunk_array[327]=0x00000000fb003f80
[2025-08-08T15:32:36.158+0000][721.805s][1][129][trace] GC(110) _eden_chunk_array[328]=0x00000000fb02f1e0
[2025-08-08T15:32:36.158+0000][721.805s][1][129][trace] GC(110) _eden_chunk_array[329]=0x00000000fb088650
[2025-08-08T15:32:36.158+0000][721.805s][1][129][trace] GC(110) _eden_chunk_array[330]=0x00000000fb0ae5f8
[2025-08-08T15:32:36.158+0000][721.805s][1][129][trace] GC(110) _eden_chunk_array[331]=0x00000000fb0d0a50
[2025-08-08T15:32:36.158+0000][721.805s][1][129][trace] GC(110) _eden_chunk_array[332]=0x00000000fb1063a0
[2025-08-08T15:32:36.158+0000][721.805s][1][129][trace] GC(110) _eden_chunk_array[333]=0x00000000fb12a120
[2025-08-08T15:32:36.158+0000][721.805s][1][129][trace] GC(110) _eden_chunk_array[334]=0x00000000fb174b38
[2025-08-08T15:32:36.158+0000][721.805s][1][129][trace] GC(110) _eden_chunk_array[335]=0x00000000fb1a0928
[2025-08-08T15:32:36.158+0000][721.805s][1][129][trace] GC(110) _eden_chunk_array[336]=0x00000000fb1d04a0
[2025-08-08T15:32:36.158+0000][721.805s][1][129][trace] GC(110) _eden_chunk_array[337]=0x00000000fb203f30
[2025-08-08T15:32:36.158+0000][721.805s][1][129][trace] GC(110) _eden_chunk_array[338]=0x00000000fb2379d8
[2025-08-08T15:32:36.158+0000][721.805s][1][129][trace] GC(110) _eden_chunk_array[339]=0x00000000fb26b460
[2025-08-08T15:32:36.158+0000][721.805s][1][129][trace] GC(110) _eden_chunk_array[340]=0x00000000fb29eef0
[2025-08-08T15:32:36.158+0000][721.805s][1][129][trace] GC(110) _eden_chunk_array[341]=0x00000000fb2c3a58
[2025-08-08T15:32:36.158+0000][721.805s][1][129][trace] GC(110) _eden_chunk_array[342]=0x00000000fb2f9bd0
[2025-08-08T15:32:36.158+0000][721.805s][1][129][trace] GC(110) _eden_chunk_array[343]=0x00000000fb31f728
[2025-08-08T15:32:36.158+0000][721.805s][1][129][trace] GC(110) _eden_chunk_array[344]=0x00000000fb34e618
[2025-08-08T15:32:36.158+0000][721.805s][1][129][trace] GC(110) _eden_chunk_array[345]=0x00000000fb37d590
[2025-08-08T15:32:36.158+0000][721.805s][1][129][trace] GC(110) _eden_chunk_array[346]=0x00000000fb3c2dd8
[2025-08-08T15:32:36.158+0000][721.805s][1][129][trace] GC(110) _eden_chunk_array[347]=0x00000000fb3f7478
[2025-08-08T15:32:36.158+0000][721.805s][1][129][trace] GC(110) _eden_chunk_array[348]=0x00000000fb461dd0
[2025-08-08T15:32:36.158+0000][721.805s][1][129][trace] GC(110) _eden_chunk_array[349]=0x00000000fb4a1c60
[2025-08-08T15:32:36.158+0000][721.805s][1][129][trace] GC(110) _eden_chunk_array[350]=0x00000000fb4c38b8
[2025-08-08T15:32:36.158+0000][721.805s][1][129][trace] GC(110) _eden_chunk_array[351]=0x00000000fb503740
[2025-08-08T15:32:36.158+0000][721.805s][1][129][trace] GC(110) _eden_chunk_array[352]=0x00000000fb539528
[2025-08-08T15:32:36.158+0000][721.805s][1][129][trace] GC(110) _eden_chunk_array[353]=0x00000000fb56d9f8
[2025-08-08T15:32:36.158+0000][721.805s][1][129][trace] GC(110) _eden_chunk_array[354]=0x00000000fb5cc130
[2025-08-08T15:32:36.158+0000][721.805s][1][129][trace] GC(110) _eden_chunk_array[355]=0x00000000fb5efed0
[2025-08-08T15:32:36.158+0000][721.805s][1][129][trace] GC(110) _eden_chunk_array[356]=0x00000000fb627600
[2025-08-08T15:32:36.158+0000][721.805s][1][129][trace] GC(110) _eden_chunk_array[357]=0x00000000fb64d2c8
[2025-08-08T15:32:36.158+0000][721.805s][1][129][trace] GC(110) _eden_chunk_array[358]=0x00000000fb671410
[2025-08-08T15:32:36.158+0000][721.805s][1][129][trace] GC(110) _eden_chunk_array[359]=0x00000000fb694558
[2025-08-08T15:32:36.158+0000][721.805s][1][129][trace] GC(110) _eden_chunk_array[360]=0x00000000fb6b76a8
[2025-08-08T15:32:36.158+0000][721.805s][1][129][trace] GC(110) _eden_chunk_array[361]=0x00000000fb6d76d0
[2025-08-08T15:32:36.158+0000][721.805s][1][129][trace] GC(110) _eden_chunk_array[362]=0x00000000fb6f76f8
[2025-08-08T15:32:36.158+0000][721.805s][1][129][trace] GC(110) _eden_chunk_array[363]=0x00000000fb71a830
[2025-08-08T15:32:36.158+0000][721.805s][1][129][trace] GC(110) _eden_chunk_array[364]=0x00000000fb73d978
[2025-08-08T15:32:36.158+0000][721.805s][1][129][trace] GC(110) _eden_chunk_array[365]=0x00000000fb760ab8
[2025-08-08T15:32:36.158+0000][721.805s][1][129][trace] GC(110) _eden_chunk_array[366]=0x00000000fb783bf8
[2025-08-08T15:32:36.158+0000][721.805s][1][129][trace] GC(110) _eden_chunk_array[367]=0x00000000fb7aadf8
[2025-08-08T15:32:36.158+0000][721.805s][1][129][trace] GC(110) _eden_chunk_array[368]=0x00000000fb7cb9a0
[2025-08-08T15:32:36.158+0000][721.805s][1][129][trace] GC(110) _eden_chunk_array[369]=0x00000000fb7f8820
[2025-08-08T15:32:36.158+0000][721.805s][1][129][trace] GC(110) _eden_chunk_array[370]=0x00000000fb8230e0
[2025-08-08T15:32:36.158+0000][721.805s][1][129][trace] GC(110) _eden_chunk_array[371]=0x00000000fb851a48
[2025-08-08T15:32:36.158+0000][721.805s][1][129][trace] GC(110) _eden_chunk_array[372]=0x00000000fb882c40
[2025-08-08T15:32:36.158+0000][721.805s][1][129][trace] GC(110) _eden_chunk_array[373]=0x00000000fb8c8488
[2025-08-08T15:32:36.158+0000][721.805s][1][129][trace] GC(110) _eden_chunk_array[374]=0x00000000fb908300
[2025-08-08T15:32:36.158+0000][721.805s][1][129][trace] GC(110) _eden_chunk_array[375]=0x00000000fb948180
[2025-08-08T15:32:36.158+0000][721.805s][1][129][trace] GC(110) _eden_chunk_array[376]=0x00000000fb96df18
[2025-08-08T15:32:36.158+0000][721.805s][1][129][trace] GC(110) _eden_chunk_array[377]=0x00000000fb9b8938
[2025-08-08T15:32:36.158+0000][721.805s][1][129][trace] GC(110) _eden_chunk_array[378]=0x00000000fb9fe180
[2025-08-08T15:32:36.158+0000][721.805s][1][129][trace] GC(110) _eden_chunk_array[379]=0x00000000fba3e008
[2025-08-08T15:32:36.158+0000][721.805s][1][129][trace] GC(110) _eden_chunk_array[380]=0x00000000fba5fbb0
[2025-08-08T15:32:36.158+0000][721.805s][1][129][trace] GC(110) _eden_chunk_array[381]=0x00000000fba861f0
[2025-08-08T15:32:36.158+0000][721.805s][1][129][trace] GC(110) _eden_chunk_array[382]=0x00000000fbaa9020
[2025-08-08T15:32:36.158+0000][721.805s][1][129][trace] GC(110) _eden_chunk_array[383]=0x00000000fbadc808
[2025-08-08T15:32:36.158+0000][721.805s][1][129][trace] GC(110) _eden_chunk_array[384]=0x00000000fbb004c0
[2025-08-08T15:32:36.158+0000][721.805s][1][129][trace] GC(110) _eden_chunk_array[385]=0x00000000fbb37eb8
[2025-08-08T15:32:36.158+0000][721.805s][1][129][trace] GC(110) _eden_chunk_array[386]=0x00000000fbb706b0
[2025-08-08T15:32:36.158+0000][721.805s][1][129][trace] GC(110) _eden_chunk_array[387]=0x00000000fbb9bdc0
[2025-08-08T15:32:36.158+0000][721.805s][1][129][trace] GC(110) _eden_chunk_array[388]=0x00000000fbbbcf20
[2025-08-08T15:32:36.158+0000][721.805s][1][129][trace] GC(110) _eden_chunk_array[389]=0x00000000fbbe72b0
[2025-08-08T15:32:36.158+0000][721.805s][1][129][trace] GC(110) _eden_chunk_array[390]=0x00000000fbc31cd0
[2025-08-08T15:32:36.158+0000][721.805s][1][129][trace] GC(110) _eden_chunk_array[391]=0x00000000fbc5c048
[2025-08-08T15:32:36.158+0000][721.805s][1][129][trace] GC(110) _eden_chunk_array[392]=0x00000000fbc91220
[2025-08-08T15:32:36.158+0000][721.805s][1][129][trace] GC(110) _eden_chunk_array[393]=0x00000000fbcb12b8
[2025-08-08T15:32:36.158+0000][721.805s][1][129][trace] GC(110) _eden_chunk_array[394]=0x00000000fbcdb640
[2025-08-08T15:32:36.158+0000][721.805s][1][129][trace] GC(110) _eden_chunk_array[395]=0x00000000fbd059c8
[2025-08-08T15:32:36.158+0000][721.805s][1][129][trace] GC(110) _eden_chunk_array[396]=0x00000000fbd2e250
[2025-08-08T15:32:36.158+0000][721.805s][1][129][trace] GC(110) _eden_chunk_array[397]=0x00000000fbd64650
[2025-08-08T15:32:36.158+0000][721.805s][1][129][trace] GC(110) _eden_chunk_array[398]=0x00000000fbd84b78
[2025-08-08T15:32:36.158+0000][721.805s][1][129][trace] GC(110) _eden_chunk_array[399]=0x00000000fbdd7eb0
[2025-08-08T15:32:36.158+0000][721.805s][1][129][trace] GC(110) _eden_chunk_array[400]=0x00000000fbe07660
[2025-08-08T15:32:36.158+0000][721.805s][1][129][trace] GC(110) _eden_chunk_array[401]=0x00000000fbe3d430
[2025-08-08T15:32:36.158+0000][721.805s][1][129][trace] GC(110) _eden_chunk_array[402]=0x00000000fbe5d450
[2025-08-08T15:32:36.158+0000][721.805s][1][129][trace] GC(110) _eden_chunk_array[403]=0x00000000fbe9d2f0
[2025-08-08T15:32:36.158+0000][721.805s][1][129][trace] GC(110) _eden_chunk_array[404]=0x00000000fbee2b90
[2025-08-08T15:32:36.158+0000][721.805s][1][129][trace] GC(110) _eden_chunk_array[405]=0x00000000fbf06af0
[2025-08-08T15:32:36.158+0000][721.805s][1][129][trace] GC(110) _eden_chunk_array[406]=0x00000000fbf2a888
[2025-08-08T15:32:36.158+0000][721.805s][1][129][trace] GC(110) _eden_chunk_array[407]=0x00000000fbf6a738
[2025-08-08T15:32:36.158+0000][721.805s][1][129][trace] GC(110) _eden_chunk_array[408]=0x00000000fbf8e4c8
[2025-08-08T15:32:36.158+0000][721.805s][1][129][trace] GC(110) _eden_chunk_array[409]=0x00000000fbfc58c8
[2025-08-08T15:32:36.158+0000][721.805s][1][129][trace] GC(110) _eden_chunk_array[410]=0x00000000fc011ff0
[2025-08-08T15:32:36.158+0000][721.805s][1][129][trace] GC(110) _eden_chunk_array[411]=0x00000000fc035a10
[2025-08-08T15:32:36.158+0000][721.805s][1][129][trace] GC(110) _eden_chunk_array[412]=0x00000000fc05c300
[2025-08-08T15:32:36.158+0000][721.805s][1][129][trace] GC(110) _eden_chunk_array[413]=0x00000000fc08fda0
[2025-08-08T15:32:36.158+0000][721.805s][1][129][trace] GC(110) _eden_chunk_array[414]=0x00000000fc0b3b38
[2025-08-08T15:32:36.158+0000][721.805s][1][129][trace] GC(110) _eden_chunk_array[415]=0x00000000fc0fe570
[2025-08-08T15:32:36.158+0000][721.805s][1][129][trace] GC(110) _eden_chunk_array[416]=0x00000000fc1262e8
[2025-08-08T15:32:36.158+0000][721.805s][1][129][trace] GC(110) _eden_chunk_array[417]=0x00000000fc148760
[2025-08-08T15:32:36.158+0000][721.805s][1][129][trace] GC(110) _eden_chunk_array[418]=0x00000000fc1770c8
[2025-08-08T15:32:36.158+0000][721.805s][1][129][trace] GC(110) _eden_chunk_array[419]=0x00000000fc1a5a30
[2025-08-08T15:32:36.158+0000][721.805s][1][129][trace] GC(110) _eden_chunk_array[420]=0x00000000fc1d43b8
[2025-08-08T15:32:36.158+0000][721.805s][1][129][trace] GC(110) _eden_chunk_array[421]=0x00000000fc202d38
[2025-08-08T15:32:36.158+0000][721.805s][1][129][trace] GC(110) _eden_chunk_array[422]=0x00000000fc248590
[2025-08-08T15:32:36.158+0000][721.805s][1][129][trace] GC(110) _eden_chunk_array[423]=0x00000000fc2691a8
[2025-08-08T15:32:36.158+0000][721.805s][1][129][trace] GC(110) _eden_chunk_array[424]=0x00000000fc295708
[2025-08-08T15:32:36.158+0000][721.805s][1][129][trace] GC(110) _eden_chunk_array[425]=0x00000000fc2cd980
[2025-08-08T15:32:36.158+0000][721.805s][1][129][trace] GC(110) _eden_chunk_array[426]=0x00000000fc2ef6e0
[2025-08-08T15:32:36.158+0000][721.805s][1][129][trace] GC(110) _eden_chunk_array[427]=0x00000000fc311b28
[2025-08-08T15:32:36.158+0000][721.805s][1][129][trace] GC(110) _eden_chunk_array[428]=0x00000000fc36e830
[2025-08-08T15:32:36.158+0000][721.805s][1][129][trace] GC(110) _eden_chunk_array[429]=0x00000000fc390c88
[2025-08-08T15:32:36.158+0000][721.805s][1][129][trace] GC(110) _eden_chunk_array[430]=0x00000000fc3b3dc0
[2025-08-08T15:32:36.158+0000][721.805s][1][129][trace] GC(110) _eden_chunk_array[431]=0x00000000fc3fe7e0
[2025-08-08T15:32:36.158+0000][721.805s][1][129][trace] GC(110) _eden_chunk_array[432]=0x00000000fc421928
[2025-08-08T15:32:36.158+0000][721.805s][1][129][trace] GC(110) _eden_chunk_array[433]=0x00000000fc444a68
[2025-08-08T15:32:36.158+0000][721.805s][1][129][trace] GC(110) _eden_chunk_array[434]=0x00000000fc467bd8
[2025-08-08T15:32:36.158+0000][721.805s][1][129][trace] GC(110) _eden_chunk_array[435]=0x00000000fc48c978
[2025-08-08T15:32:36.158+0000][721.805s][1][129][trace] GC(110) _eden_chunk_array[436]=0x00000000fc4afab8
[2025-08-08T15:32:36.158+0000][721.805s][1][129][trace] GC(110) _eden_chunk_array[437]=0x00000000fc4df3b0
[2025-08-08T15:32:36.158+0000][721.805s][1][129][trace] GC(110) survivor 0x00000000fd410000-0x00000000fd410000-0x00000000fe780000(20381696)
[2025-08-08T15:32:36.158+0000][721.805s][1][129][trace] GC(110) _survivor_chunk_index=0, _survivor_chunk_capacity=9952
[2025-08-08T15:32:36.189+0000][721.837s][1][129][info ] GC(110) Pause Initial Mark 145M->145M(180M) 32.978ms
[2025-08-08T15:32:36.189+0000][721.837s][1][129][info ] Leaving safepoint region
[2025-08-08T15:32:36.189+0000][721.837s][1][129][info ] Total time for which application threads were stopped: 0.0332534 seconds, Stopping threads took: 0.0000294 seconds
[2025-08-08T15:32:36.190+0000][721.837s][1][128][info ] GC(110) Concurrent Mark
[2025-08-08T15:32:36.193+0000][721.840s][1][128][info ] GC(110) Concurrent Mark 3.196ms
[2025-08-08T15:32:36.193+0000][721.840s][1][128][info ] GC(110) Concurrent Preclean
[2025-08-08T15:32:36.193+0000][721.840s][1][128][info ] GC(110) Concurrent Preclean 0.195ms
[2025-08-08T15:32:36.193+0000][721.840s][1][128][info ] GC(110) Concurrent Abortable Preclean
[2025-08-08T15:32:36.193+0000][721.840s][1][128][trace] CMS: promo attempt is not safe: available(24) < av_promo(2794949), max_promo(147714992)
[2025-08-08T15:32:36.193+0000][721.840s][1][128][info ] GC(110) Concurrent Abortable Preclean 0.014ms
[2025-08-08T15:32:36.193+0000][721.840s][1][129][info ] Application time: 0.0037534 seconds
[2025-08-08T15:32:36.193+0000][721.841s][1][129][info ] Entering safepoint region: CMS_Final_Remark
[2025-08-08T15:32:36.193+0000][721.841s][1][129][trace] GC(110) eden 0x00000000f3800000-0x00000000fc4df3b0-0x00000000fd410000(163643392)
[2025-08-08T15:32:36.193+0000][721.841s][1][129][trace] GC(110) _eden_chunk_index=438, _eden_chunk_capacity=11233
[2025-08-08T15:32:36.193+0000][721.841s][1][129][trace] GC(110) _eden_chunk_array[0]=0x00000000f7444bb8
[2025-08-08T15:32:36.193+0000][721.841s][1][129][trace] GC(110) _eden_chunk_array[1]=0x00000000f7469938
[2025-08-08T15:32:36.193+0000][721.841s][1][129][trace] GC(110) _eden_chunk_array[2]=0x00000000f74aff58
[2025-08-08T15:32:36.193+0000][721.841s][1][129][trace] GC(110) _eden_chunk_array[3]=0x00000000f74d0a88
[2025-08-08T15:32:36.193+0000][721.841s][1][129][trace] GC(110) _eden_chunk_array[4]=0x00000000f751b4a8
[2025-08-08T15:32:36.193+0000][721.841s][1][129][trace] GC(110) _eden_chunk_array[5]=0x00000000f7541788
[2025-08-08T15:32:36.193+0000][721.841s][1][129][trace] GC(110) _eden_chunk_array[6]=0x00000000f75631d8
[2025-08-08T15:32:36.193+0000][721.841s][1][129][trace] GC(110) _eden_chunk_array[7]=0x00000000f7598108
[2025-08-08T15:32:36.193+0000][721.841s][1][129][trace] GC(110) _eden_chunk_array[8]=0x00000000f75ba638
[2025-08-08T15:32:36.193+0000][721.841s][1][129][trace] GC(110) _eden_chunk_array[9]=0x00000000f75dd770
[2025-08-08T15:32:36.193+0000][721.841s][1][129][trace] GC(110) _eden_chunk_array[10]=0x00000000f75ffca8
[2025-08-08T15:32:36.193+0000][721.841s][1][129][trace] GC(110) _eden_chunk_array[11]=0x00000000f76221f0
[2025-08-08T15:32:36.193+0000][721.841s][1][129][trace] GC(110) _eden_chunk_array[12]=0x00000000f7645e60
[2025-08-08T15:32:36.193+0000][721.841s][1][129][trace] GC(110) _eden_chunk_array[13]=0x00000000f7667e88
[2025-08-08T15:32:36.193+0000][721.841s][1][129][trace] GC(110) _eden_chunk_array[14]=0x00000000f769af40
[2025-08-08T15:32:36.193+0000][721.841s][1][129][trace] GC(110) _eden_chunk_array[15]=0x00000000f76c4168
[2025-08-08T15:32:36.193+0000][721.841s][1][129][trace] GC(110) _eden_chunk_array[16]=0x00000000f76eff48
[2025-08-08T15:32:36.194+0000][721.841s][1][129][trace] GC(110) _eden_chunk_array[17]=0x00000000f7712388
[2025-08-08T15:32:36.194+0000][721.841s][1][129][trace] GC(110) _eden_chunk_array[18]=0x00000000f7757bd0
[2025-08-08T15:32:36.194+0000][721.841s][1][129][trace] GC(110) _eden_chunk_array[19]=0x00000000f7777be8
[2025-08-08T15:32:36.194+0000][721.841s][1][129][trace] GC(110) _eden_chunk_array[20]=0x00000000f779b980
[2025-08-08T15:32:36.194+0000][721.841s][1][129][trace] GC(110) _eden_chunk_array[21]=0x00000000f77bf710
[2025-08-08T15:32:36.194+0000][721.841s][1][129][trace] GC(110) _eden_chunk_array[22]=0x00000000f7801aa8
[2025-08-08T15:32:36.194+0000][721.841s][1][129][trace] GC(110) _eden_chunk_array[23]=0x00000000f784c4c8
[2025-08-08T15:32:36.194+0000][721.841s][1][129][trace] GC(110) _eden_chunk_array[24]=0x00000000f786e918
[2025-08-08T15:32:36.194+0000][721.841s][1][129][trace] GC(110) _eden_chunk_array[25]=0x00000000f7890d60
[2025-08-08T15:32:36.194+0000][721.841s][1][129][trace] GC(110) _eden_chunk_array[26]=0x00000000f78b31b8
[2025-08-08T15:32:36.194+0000][721.841s][1][129][trace] GC(110) _eden_chunk_array[27]=0x00000000f78d5610
[2025-08-08T15:32:36.194+0000][721.841s][1][129][trace] GC(110) _eden_chunk_array[28]=0x00000000f78f7a70
[2025-08-08T15:32:36.194+0000][721.841s][1][129][trace] GC(110) _eden_chunk_array[29]=0x00000000f791bd80
[2025-08-08T15:32:36.194+0000][721.841s][1][129][trace] GC(110) _eden_chunk_array[30]=0x00000000f7950e60
[2025-08-08T15:32:36.194+0000][721.841s][1][129][trace] GC(110) _eden_chunk_array[31]=0x00000000f79754c0
[2025-08-08T15:32:36.194+0000][721.841s][1][129][trace] GC(110) _eden_chunk_array[32]=0x00000000f79a6708
[2025-08-08T15:32:36.194+0000][721.841s][1][129][trace] GC(110) _eden_chunk_array[33]=0x00000000f79c8b60
[2025-08-08T15:32:36.194+0000][721.841s][1][129][trace] GC(110) _eden_chunk_array[34]=0x00000000f7a135c0
[2025-08-08T15:32:36.194+0000][721.841s][1][129][trace] GC(110) _eden_chunk_array[35]=0x00000000f7a47230
[2025-08-08T15:32:36.194+0000][721.841s][1][129][trace] GC(110) _eden_chunk_array[36]=0x00000000f7a6a370
[2025-08-08T15:32:36.194+0000][721.841s][1][129][trace] GC(110) _eden_chunk_array[37]=0x00000000f7a8d4b0
[2025-08-08T15:32:36.194+0000][721.841s][1][129][trace] GC(110) _eden_chunk_array[38]=0x00000000f7ad2d10
[2025-08-08T15:32:36.194+0000][721.841s][1][129][trace] GC(110) _eden_chunk_array[39]=0x00000000f7af5e48
[2025-08-08T15:32:36.194+0000][721.841s][1][129][trace] GC(110) _eden_chunk_array[40]=0x00000000f7b18f98
[2025-08-08T15:32:36.194+0000][721.841s][1][129][trace] GC(110) _eden_chunk_array[41]=0x00000000f7b5e7e0
[2025-08-08T15:32:36.194+0000][721.841s][1][129][trace] GC(110) _eden_chunk_array[42]=0x00000000f7b81928
[2025-08-08T15:32:36.194+0000][721.841s][1][129][trace] GC(110) _eden_chunk_array[43]=0x00000000f7ba4a70
[2025-08-08T15:32:36.194+0000][721.841s][1][129][trace] GC(110) _eden_chunk_array[44]=0x00000000f7bc5f98
[2025-08-08T15:32:36.194+0000][721.841s][1][129][trace] GC(110) _eden_chunk_array[45]=0x00000000f7c017b8
[2025-08-08T15:32:36.194+0000][721.841s][1][129][trace] GC(110) _eden_chunk_array[46]=0x00000000f7c29598
[2025-08-08T15:32:36.194+0000][721.841s][1][129][trace] GC(110) _eden_chunk_array[47]=0x00000000f7c5caa8
[2025-08-08T15:32:36.194+0000][721.841s][1][129][trace] GC(110) _eden_chunk_array[48]=0x00000000f7c80840
[2025-08-08T15:32:36.194+0000][721.841s][1][129][trace] GC(110) _eden_chunk_array[49]=0x00000000f7caabb8
[2025-08-08T15:32:36.194+0000][721.841s][1][129][trace] GC(110) _eden_chunk_array[50]=0x00000000f7cce950
[2025-08-08T15:32:36.194+0000][721.841s][1][129][trace] GC(110) _eden_chunk_array[51]=0x00000000f7cf8cb0
[2025-08-08T15:32:36.194+0000][721.841s][1][129][trace] GC(110) _eden_chunk_array[52]=0x00000000f7d23028
[2025-08-08T15:32:36.194+0000][721.841s][1][129][trace] GC(110) _eden_chunk_array[53]=0x00000000f7d4d398
[2025-08-08T15:32:36.194+0000][721.841s][1][129][trace] GC(110) _eden_chunk_array[54]=0x00000000f7dacf70
[2025-08-08T15:32:36.194+0000][721.841s][1][129][trace] GC(110) _eden_chunk_array[55]=0x00000000f7dcd2a0
[2025-08-08T15:32:36.194+0000][721.841s][1][129][trace] GC(110) _eden_chunk_array[56]=0x00000000f7deee48
[2025-08-08T15:32:36.194+0000][721.841s][1][129][trace] GC(110) _eden_chunk_array[57]=0x00000000f7e0f710
[2025-08-08T15:32:36.194+0000][721.841s][1][129][trace] GC(110) _eden_chunk_array[58]=0x00000000f7e64520
[2025-08-08T15:32:36.194+0000][721.841s][1][129][trace] GC(110) _eden_chunk_array[59]=0x00000000f7e8bcb8
[2025-08-08T15:32:36.194+0000][721.841s][1][129][trace] GC(110) _eden_chunk_array[60]=0x00000000f7eafa40
[2025-08-08T15:32:36.194+0000][721.841s][1][129][trace] GC(110) _eden_chunk_array[61]=0x00000000f7ed37c8
[2025-08-08T15:32:36.194+0000][721.841s][1][129][trace] GC(110) _eden_chunk_array[62]=0x00000000f7f19028
[2025-08-08T15:32:36.194+0000][721.841s][1][129][trace] GC(110) _eden_chunk_array[63]=0x00000000f7f42ad8
[2025-08-08T15:32:36.194+0000][721.841s][1][129][trace] GC(110) _eden_chunk_array[64]=0x00000000f7f6e720
[2025-08-08T15:32:36.194+0000][721.841s][1][129][trace] GC(110) _eden_chunk_array[65]=0x00000000f7f99710
[2025-08-08T15:32:36.194+0000][721.841s][1][129][trace] GC(110) _eden_chunk_array[66]=0x00000000f7fc5350
[2025-08-08T15:32:36.194+0000][721.841s][1][129][trace] GC(110) _eden_chunk_array[67]=0x00000000f8025b98
[2025-08-08T15:32:36.194+0000][721.841s][1][129][trace] GC(110) _eden_chunk_array[68]=0x00000000f8051800
[2025-08-08T15:32:36.194+0000][721.841s][1][129][trace] GC(110) _eden_chunk_array[69]=0x00000000f807d440
[2025-08-08T15:32:36.194+0000][721.841s][1][129][trace] GC(110) _eden_chunk_array[70]=0x00000000f80a3b28
[2025-08-08T15:32:36.194+0000][721.841s][1][129][trace] GC(110) _eden_chunk_array[71]=0x00000000f80c3d58
[2025-08-08T15:32:36.194+0000][721.841s][1][129][trace] GC(110) _eden_chunk_array[72]=0x00000000f80e4c40
[2025-08-08T15:32:36.194+0000][721.841s][1][129][trace] GC(110) _eden_chunk_array[73]=0x00000000f8118878
[2025-08-08T15:32:36.194+0000][721.841s][1][129][trace] GC(110) _eden_chunk_array[74]=0x00000000f8144f58
[2025-08-08T15:32:36.194+0000][721.841s][1][129][trace] GC(110) _eden_chunk_array[75]=0x00000000f8179648
[2025-08-08T15:32:36.194+0000][721.841s][1][129][trace] GC(110) _eden_chunk_array[76]=0x00000000f81b2f50
[2025-08-08T15:32:36.194+0000][721.841s][1][129][trace] GC(110) _eden_chunk_array[77]=0x00000000f8214e60
[2025-08-08T15:32:36.194+0000][721.841s][1][129][trace] GC(110) _eden_chunk_array[78]=0x00000000f82437e8
[2025-08-08T15:32:36.194+0000][721.841s][1][129][trace] GC(110) _eden_chunk_array[79]=0x00000000f827ec80
[2025-08-08T15:32:36.194+0000][721.841s][1][129][trace] GC(110) _eden_chunk_array[80]=0x00000000f82db998
[2025-08-08T15:32:36.194+0000][721.841s][1][129][trace] GC(110) _eden_chunk_array[81]=0x00000000f82ff478
[2025-08-08T15:32:36.194+0000][721.841s][1][129][trace] GC(110) _eden_chunk_array[82]=0x00000000f8325d68
[2025-08-08T15:32:36.194+0000][721.841s][1][129][trace] GC(110) _eden_chunk_array[83]=0x00000000f8346e68
[2025-08-08T15:32:36.194+0000][721.841s][1][129][trace] GC(110) _eden_chunk_array[84]=0x00000000f836c3f8
[2025-08-08T15:32:36.194+0000][721.841s][1][129][trace] GC(110) _eden_chunk_array[85]=0x00000000f838e968
[2025-08-08T15:32:36.194+0000][721.841s][1][129][trace] GC(110) _eden_chunk_array[86]=0x00000000f83b0db0
[2025-08-08T15:32:36.194+0000][721.841s][1][129][trace] GC(110) _eden_chunk_array[87]=0x00000000f83e4830
[2025-08-08T15:32:36.194+0000][721.841s][1][129][trace] GC(110) _eden_chunk_array[88]=0x00000000f841bc28
[2025-08-08T15:32:36.194+0000][721.841s][1][129][trace] GC(110) _eden_chunk_array[89]=0x00000000f8448db0
[2025-08-08T15:32:36.194+0000][721.841s][1][129][trace] GC(110) _eden_chunk_array[90]=0x00000000f846f610
[2025-08-08T15:32:36.194+0000][721.841s][1][129][trace] GC(110) _eden_chunk_array[91]=0x00000000f84933a8
[2025-08-08T15:32:36.194+0000][721.841s][1][129][trace] GC(110) _eden_chunk_array[92]=0x00000000f84ec018
[2025-08-08T15:32:36.194+0000][721.841s][1][129][trace] GC(110) _eden_chunk_array[93]=0x00000000f8512850
[2025-08-08T15:32:36.194+0000][721.841s][1][129][trace] GC(110) _eden_chunk_array[94]=0x00000000f8539090
[2025-08-08T15:32:36.194+0000][721.841s][1][129][trace] GC(110) _eden_chunk_array[95]=0x00000000f855f8d0
[2025-08-08T15:32:36.194+0000][721.841s][1][129][trace] GC(110) _eden_chunk_array[96]=0x00000000f8586100
[2025-08-08T15:32:36.194+0000][721.841s][1][129][trace] GC(110) _eden_chunk_array[97]=0x00000000f85a9238
[2025-08-08T15:32:36.194+0000][721.841s][1][129][trace] GC(110) _eden_chunk_array[98]=0x00000000f85f3ec8
[2025-08-08T15:32:36.194+0000][721.841s][1][129][trace] GC(110) _eden_chunk_array[99]=0x00000000f8616f50
[2025-08-08T15:32:36.194+0000][721.841s][1][129][trace] GC(110) _eden_chunk_array[100]=0x00000000f86377d8
[2025-08-08T15:32:36.194+0000][721.841s][1][129][trace] GC(110) _eden_chunk_array[101]=0x00000000f866d798
[2025-08-08T15:32:36.194+0000][721.841s][1][129][trace] GC(110) _eden_chunk_array[102]=0x00000000f86996f8
[2025-08-08T15:32:36.194+0000][721.841s][1][129][trace] GC(110) _eden_chunk_array[103]=0x00000000f86ca900
[2025-08-08T15:32:36.194+0000][721.841s][1][129][trace] GC(110) _eden_chunk_array[104]=0x00000000f8710158
[2025-08-08T15:32:36.194+0000][721.841s][1][129][trace] GC(110) _eden_chunk_array[105]=0x00000000f873eae8
[2025-08-08T15:32:36.194+0000][721.841s][1][129][trace] GC(110) _eden_chunk_array[106]=0x00000000f875f150
[2025-08-08T15:32:36.194+0000][721.841s][1][129][trace] GC(110) _eden_chunk_array[107]=0x00000000f87a9b70
[2025-08-08T15:32:36.194+0000][721.841s][1][129][trace] GC(110) _eden_chunk_array[108]=0x00000000f87f4578
[2025-08-08T15:32:36.194+0000][721.841s][1][129][trace] GC(110) _eden_chunk_array[109]=0x00000000f8822f08
[2025-08-08T15:32:36.194+0000][721.841s][1][129][trace] GC(110) _eden_chunk_array[110]=0x00000000f88535c0
[2025-08-08T15:32:36.194+0000][721.841s][1][129][trace] GC(110) _eden_chunk_array[111]=0x00000000f888ca40
[2025-08-08T15:32:36.194+0000][721.841s][1][129][trace] GC(110) _eden_chunk_array[112]=0x00000000f88b86a0
[2025-08-08T15:32:36.194+0000][721.841s][1][129][trace] GC(110) _eden_chunk_array[113]=0x00000000f88e2f90
[2025-08-08T15:32:36.194+0000][721.841s][1][129][trace] GC(110) _eden_chunk_array[114]=0x00000000f8904400
[2025-08-08T15:32:36.194+0000][721.841s][1][129][trace] GC(110) _eden_chunk_array[115]=0x00000000f8939410
[2025-08-08T15:32:36.194+0000][721.841s][1][129][trace] GC(110) _eden_chunk_array[116]=0x00000000f895d1b8
[2025-08-08T15:32:36.194+0000][721.841s][1][129][trace] GC(110) _eden_chunk_array[117]=0x00000000f89b5e30
[2025-08-08T15:32:36.194+0000][721.841s][1][129][trace] GC(110) _eden_chunk_array[118]=0x00000000f89e0190
[2025-08-08T15:32:36.194+0000][721.841s][1][129][trace] GC(110) _eden_chunk_array[119]=0x00000000f8a0a500
[2025-08-08T15:32:36.194+0000][721.841s][1][129][trace] GC(110) _eden_chunk_array[120]=0x00000000f8a34878
[2025-08-08T15:32:36.194+0000][721.841s][1][129][trace] GC(110) _eden_chunk_array[121]=0x00000000f8a5ebe8
[2025-08-08T15:32:36.194+0000][721.841s][1][129][trace] GC(110) _eden_chunk_array[122]=0x00000000f8a9af00
[2025-08-08T15:32:36.194+0000][721.841s][1][129][trace] GC(110) _eden_chunk_array[123]=0x00000000f8ac5280
[2025-08-08T15:32:36.194+0000][721.841s][1][129][trace] GC(110) _eden_chunk_array[124]=0x00000000f8ae83b8
[2025-08-08T15:32:36.194+0000][721.841s][1][129][trace] GC(110) _eden_chunk_array[125]=0x00000000f8b083e0
[2025-08-08T15:32:36.194+0000][721.841s][1][129][trace] GC(110) _eden_chunk_array[126]=0x00000000f8b283f8
[2025-08-08T15:32:36.194+0000][721.841s][1][129][trace] GC(110) _eden_chunk_array[127]=0x00000000f8b48410
[2025-08-08T15:32:36.194+0000][721.841s][1][129][trace] GC(110) _eden_chunk_array[128]=0x00000000f8b68710
[2025-08-08T15:32:36.194+0000][721.841s][1][129][trace] GC(110) _eden_chunk_array[129]=0x00000000f8b89640
[2025-08-08T15:32:36.194+0000][721.841s][1][129][trace] GC(110) _eden_chunk_array[130]=0x00000000f8bad128
[2025-08-08T15:32:36.194+0000][721.841s][1][129][trace] GC(110) _eden_chunk_array[131]=0x00000000f8bd0260
[2025-08-08T15:32:36.194+0000][721.841s][1][129][trace] GC(110) _eden_chunk_array[132]=0x00000000f8bf33a0
[2025-08-08T15:32:36.194+0000][721.841s][1][129][trace] GC(110) _eden_chunk_array[133]=0x00000000f8c2eb30
[2025-08-08T15:32:36.194+0000][721.841s][1][129][trace] GC(110) _eden_chunk_array[134]=0x00000000f8c64158
[2025-08-08T15:32:36.194+0000][721.841s][1][129][trace] GC(110) _eden_chunk_array[135]=0x00000000f8c93080
[2025-08-08T15:32:36.194+0000][721.841s][1][129][trace] GC(110) _eden_chunk_array[136]=0x00000000f8cb4de8
[2025-08-08T15:32:36.194+0000][721.841s][1][129][trace] GC(110) _eden_chunk_array[137]=0x00000000f8d14a10
[2025-08-08T15:32:36.194+0000][721.841s][1][129][trace] GC(110) _eden_chunk_array[138]=0x00000000f8d5a268
[2025-08-08T15:32:36.194+0000][721.841s][1][129][trace] GC(110) _eden_chunk_array[139]=0x00000000f8d8dd38
[2025-08-08T15:32:36.194+0000][721.841s][1][129][trace] GC(110) _eden_chunk_array[140]=0x00000000f8dc17e8
[2025-08-08T15:32:36.194+0000][721.841s][1][129][trace] GC(110) _eden_chunk_array[141]=0x00000000f8dec658
[2025-08-08T15:32:36.194+0000][721.841s][1][129][trace] GC(110) _eden_chunk_array[142]=0x00000000f8e0eaa0
[2025-08-08T15:32:36.194+0000][721.841s][1][129][trace] GC(110) _eden_chunk_array[143]=0x00000000f8e30dc8
[2025-08-08T15:32:36.194+0000][721.841s][1][129][trace] GC(110) _eden_chunk_array[144]=0x00000000f8e5e848
[2025-08-08T15:32:36.194+0000][721.841s][1][129][trace] GC(110) _eden_chunk_array[145]=0x00000000f8e7eda8
[2025-08-08T15:32:36.194+0000][721.841s][1][129][trace] GC(110) _eden_chunk_array[146]=0x00000000f8ed3c18
[2025-08-08T15:32:36.194+0000][721.841s][1][129][trace] GC(110) _eden_chunk_array[147]=0x00000000f8f0f2e8
[2025-08-08T15:32:36.194+0000][721.841s][1][129][trace] GC(110) _eden_chunk_array[148]=0x00000000f8f3af38
[2025-08-08T15:32:36.194+0000][721.841s][1][129][trace] GC(110) _eden_chunk_array[149]=0x00000000f8f7d3c0
[2025-08-08T15:32:36.194+0000][721.841s][1][129][trace] GC(110) _eden_chunk_array[150]=0x00000000f8fa9000
[2025-08-08T15:32:36.194+0000][721.841s][1][129][trace] GC(110) _eden_chunk_array[151]=0x00000000f8fcb538
[2025-08-08T15:32:36.194+0000][721.841s][1][129][trace] GC(110) _eden_chunk_array[152]=0x00000000f8ff7178
[2025-08-08T15:32:36.194+0000][721.841s][1][129][trace] GC(110) _eden_chunk_array[153]=0x00000000f9022e08
[2025-08-08T15:32:36.194+0000][721.841s][1][129][trace] GC(110) _eden_chunk_array[154]=0x00000000f907e470
[2025-08-08T15:32:36.194+0000][721.841s][1][129][trace] GC(110) _eden_chunk_array[155]=0x00000000f909ee40
[2025-08-08T15:32:36.194+0000][721.841s][1][129][trace] GC(110) _eden_chunk_array[156]=0x00000000f90bf1c8
[2025-08-08T15:32:36.194+0000][721.841s][1][129][trace] GC(110) _eden_chunk_array[157]=0x00000000f90e7d00
[2025-08-08T15:32:36.194+0000][721.841s][1][129][trace] GC(110) _eden_chunk_array[158]=0x00000000f9119878
[2025-08-08T15:32:36.194+0000][721.841s][1][129][trace] GC(110) _eden_chunk_array[159]=0x00000000f9151450
[2025-08-08T15:32:36.194+0000][721.841s][1][129][trace] GC(110) _eden_chunk_array[160]=0x00000000f91b09f0
[2025-08-08T15:32:36.194+0000][721.841s][1][129][trace] GC(110) _eden_chunk_array[161]=0x00000000f91dad88
[2025-08-08T15:32:36.194+0000][721.841s][1][129][trace] GC(110) _eden_chunk_array[162]=0x00000000f92050f0
[2025-08-08T15:32:36.194+0000][721.841s][1][129][trace] GC(110) _eden_chunk_array[163]=0x00000000f922f458
[2025-08-08T15:32:36.194+0000][721.841s][1][129][trace] GC(110) _eden_chunk_array[164]=0x00000000f92597e0
[2025-08-08T15:32:36.194+0000][721.841s][1][129][trace] GC(110) _eden_chunk_array[165]=0x00000000f92a41f8
[2025-08-08T15:32:36.194+0000][721.841s][1][129][trace] GC(110) _eden_chunk_array[166]=0x00000000f9303df0
[2025-08-08T15:32:36.194+0000][721.841s][1][129][trace] GC(110) _eden_chunk_array[167]=0x00000000f932e158
[2025-08-08T15:32:36.194+0000][721.841s][1][129][trace] GC(110) _eden_chunk_array[168]=0x00000000f9351500
[2025-08-08T15:32:36.194+0000][721.841s][1][129][trace] GC(110) _eden_chunk_array[169]=0x00000000f9376880
[2025-08-08T15:32:36.194+0000][721.841s][1][129][trace] GC(110) _eden_chunk_array[170]=0x00000000f93999a8
[2025-08-08T15:32:36.194+0000][721.841s][1][129][trace] GC(110) _eden_chunk_array[171]=0x00000000f93df210
[2025-08-08T15:32:36.194+0000][721.842s][1][129][trace] GC(110) _eden_chunk_array[172]=0x00000000f9402368
[2025-08-08T15:32:36.194+0000][721.842s][1][129][trace] GC(110) _eden_chunk_array[173]=0x00000000f942e9e0
[2025-08-08T15:32:36.194+0000][721.842s][1][129][trace] GC(110) _eden_chunk_array[174]=0x00000000f9462d90
[2025-08-08T15:32:36.194+0000][721.842s][1][129][trace] GC(110) _eden_chunk_array[175]=0x00000000f9483e80
[2025-08-08T15:32:36.194+0000][721.842s][1][129][trace] GC(110) _eden_chunk_array[176]=0x00000000f94bf730
[2025-08-08T15:32:36.194+0000][721.842s][1][129][trace] GC(110) _eden_chunk_array[177]=0x00000000f9524ee0
[2025-08-08T15:32:36.194+0000][721.842s][1][129][trace] GC(110) _eden_chunk_array[178]=0x00000000f9564d68
[2025-08-08T15:32:36.194+0000][721.842s][1][129][trace] GC(110) _eden_chunk_array[179]=0x00000000f95a4c18
[2025-08-08T15:32:36.194+0000][721.842s][1][129][trace] GC(110) _eden_chunk_array[180]=0x00000000f95c6860
[2025-08-08T15:32:36.194+0000][721.842s][1][129][trace] GC(110) _eden_chunk_array[181]=0x00000000f95efa90
[2025-08-08T15:32:36.194+0000][721.842s][1][129][trace] GC(110) _eden_chunk_array[182]=0x00000000f9610388
[2025-08-08T15:32:36.194+0000][721.842s][1][129][trace] GC(110) _eden_chunk_array[183]=0x00000000f96641f8
[2025-08-08T15:32:36.194+0000][721.842s][1][129][trace] GC(110) _eden_chunk_array[184]=0x00000000f968c468
[2025-08-08T15:32:36.194+0000][721.842s][1][129][trace] GC(110) _eden_chunk_array[185]=0x00000000f96b04c0
[2025-08-08T15:32:36.194+0000][721.842s][1][129][trace] GC(110) _eden_chunk_array[186]=0x00000000f96da9b8
[2025-08-08T15:32:36.194+0000][721.842s][1][129][trace] GC(110) _eden_chunk_array[187]=0x00000000f96fce08
[2025-08-08T15:32:36.194+0000][721.842s][1][129][trace] GC(110) _eden_chunk_array[188]=0x00000000f971f250
[2025-08-08T15:32:36.194+0000][721.842s][1][129][trace] GC(110) _eden_chunk_array[189]=0x00000000f9740d20
[2025-08-08T15:32:36.194+0000][721.842s][1][129][trace] GC(110) _eden_chunk_array[190]=0x00000000f9764ab0
[2025-08-08T15:32:36.194+0000][721.842s][1][129][trace] GC(110) _eden_chunk_array[191]=0x00000000f97aa308
[2025-08-08T15:32:36.194+0000][721.842s][1][129][trace] GC(110) _eden_chunk_array[192]=0x00000000f97ce108
[2025-08-08T15:32:36.194+0000][721.842s][1][129][trace] GC(110) _eden_chunk_array[193]=0x00000000f980df80
[2025-08-08T15:32:36.194+0000][721.842s][1][129][trace] GC(110) _eden_chunk_array[194]=0x00000000f984de00
[2025-08-08T15:32:36.194+0000][721.842s][1][129][trace] GC(110) _eden_chunk_array[195]=0x00000000f986fa88
[2025-08-08T15:32:36.194+0000][721.842s][1][129][trace] GC(110) _eden_chunk_array[196]=0x00000000f9899cd0
[2025-08-08T15:32:36.194+0000][721.842s][1][129][trace] GC(110) _eden_chunk_array[197]=0x00000000f98bd6d8
[2025-08-08T15:32:36.194+0000][721.842s][1][129][trace] GC(110) _eden_chunk_array[198]=0x00000000f98eca98
[2025-08-08T15:32:36.194+0000][721.842s][1][129][trace] GC(110) _eden_chunk_array[199]=0x00000000f9918838
[2025-08-08T15:32:36.194+0000][721.842s][1][129][trace] GC(110) _eden_chunk_array[200]=0x00000000f99405e0
[2025-08-08T15:32:36.194+0000][721.842s][1][129][trace] GC(110) _eden_chunk_array[201]=0x00000000f9964370
[2025-08-08T15:32:36.194+0000][721.842s][1][129][trace] GC(110) _eden_chunk_array[202]=0x00000000f99a9bc8
[2025-08-08T15:32:36.194+0000][721.842s][1][129][trace] GC(110) _eden_chunk_array[203]=0x00000000f99f45e8
[2025-08-08T15:32:36.194+0000][721.842s][1][129][trace] GC(110) _eden_chunk_array[204]=0x00000000f9a40c50
[2025-08-08T15:32:36.194+0000][721.842s][1][129][trace] GC(110) _eden_chunk_array[205]=0x00000000f9a63198
[2025-08-08T15:32:36.194+0000][721.842s][1][129][trace] GC(110) _eden_chunk_array[206]=0x00000000f9a856d8
[2025-08-08T15:32:36.194+0000][721.842s][1][129][trace] GC(110) _eden_chunk_array[207]=0x00000000f9aa7c10
[2025-08-08T15:32:36.194+0000][721.842s][1][129][trace] GC(110) _eden_chunk_array[208]=0x00000000f9aca148
[2025-08-08T15:32:36.194+0000][721.842s][1][129][trace] GC(110) _eden_chunk_array[209]=0x00000000f9aec678
[2025-08-08T15:32:36.194+0000][721.842s][1][129][trace] GC(110) _eden_chunk_array[210]=0x00000000f9b0ebb8
[2025-08-08T15:32:36.194+0000][721.842s][1][129][trace] GC(110) _eden_chunk_array[211]=0x00000000f9b310f0
[2025-08-08T15:32:36.194+0000][721.842s][1][129][trace] GC(110) _eden_chunk_array[212]=0x00000000f9b51ad0
[2025-08-08T15:32:36.194+0000][721.842s][1][129][trace] GC(110) _eden_chunk_array[213]=0x00000000f9b72290
[2025-08-08T15:32:36.194+0000][721.842s][1][129][trace] GC(110) _eden_chunk_array[214]=0x00000000f9b92540
[2025-08-08T15:32:36.194+0000][721.842s][1][129][trace] GC(110) _eden_chunk_array[215]=0x00000000f9bbca38
[2025-08-08T15:32:36.194+0000][721.842s][1][129][trace] GC(110) _eden_chunk_array[216]=0x00000000f9be0818
[2025-08-08T15:32:36.194+0000][721.842s][1][129][trace] GC(110) _eden_chunk_array[217]=0x00000000f9c1e2f8
[2025-08-08T15:32:36.194+0000][721.842s][1][129][trace] GC(110) _eden_chunk_array[218]=0x00000000f9c6ccf8
[2025-08-08T15:32:36.194+0000][721.842s][1][129][trace] GC(110) _eden_chunk_array[219]=0x00000000f9c99358
[2025-08-08T15:32:36.195+0000][721.842s][1][129][trace] GC(110) _eden_chunk_array[220]=0x00000000f9cc7cf0
[2025-08-08T15:32:36.195+0000][721.842s][1][129][trace] GC(110) _eden_chunk_array[221]=0x00000000f9cf6650
[2025-08-08T15:32:36.195+0000][721.842s][1][129][trace] GC(110) _eden_chunk_array[222]=0x00000000f9d24fc0
[2025-08-08T15:32:36.195+0000][721.842s][1][129][trace] GC(110) _eden_chunk_array[223]=0x00000000f9d53938
[2025-08-08T15:32:36.195+0000][721.842s][1][129][trace] GC(110) _eden_chunk_array[224]=0x00000000f9d8eb88
[2025-08-08T15:32:36.195+0000][721.842s][1][129][trace] GC(110) _eden_chunk_array[225]=0x00000000f9daebb8
[2025-08-08T15:32:36.195+0000][721.842s][1][129][trace] GC(110) _eden_chunk_array[226]=0x00000000f9dcebd0
[2025-08-08T15:32:36.195+0000][721.842s][1][129][trace] GC(110) _eden_chunk_array[227]=0x00000000f9def608
[2025-08-08T15:32:36.195+0000][721.842s][1][129][trace] GC(110) _eden_chunk_array[228]=0x00000000f9e0fe60
[2025-08-08T15:32:36.195+0000][721.842s][1][129][trace] GC(110) _eden_chunk_array[229]=0x00000000f9e33e78
[2025-08-08T15:32:36.195+0000][721.842s][1][129][trace] GC(110) _eden_chunk_array[230]=0x00000000f9e67908
[2025-08-08T15:32:36.195+0000][721.842s][1][129][trace] GC(110) _eden_chunk_array[231]=0x00000000f9eaa1c8
[2025-08-08T15:32:36.195+0000][721.842s][1][129][trace] GC(110) _eden_chunk_array[232]=0x00000000f9ecd300
[2025-08-08T15:32:36.195+0000][721.842s][1][129][trace] GC(110) _eden_chunk_array[233]=0x00000000f9ef0438
[2025-08-08T15:32:36.195+0000][721.842s][1][129][trace] GC(110) _eden_chunk_array[234]=0x00000000f9f13570
[2025-08-08T15:32:36.195+0000][721.842s][1][129][trace] GC(110) _eden_chunk_array[235]=0x00000000f9f366b8
[2025-08-08T15:32:36.195+0000][721.842s][1][129][trace] GC(110) _eden_chunk_array[236]=0x00000000f9f59808
[2025-08-08T15:32:36.195+0000][721.842s][1][129][trace] GC(110) _eden_chunk_array[237]=0x00000000f9f7c940
[2025-08-08T15:32:36.195+0000][721.842s][1][129][trace] GC(110) _eden_chunk_array[238]=0x00000000f9f9c968
[2025-08-08T15:32:36.195+0000][721.842s][1][129][trace] GC(110) _eden_chunk_array[239]=0x00000000f9fcf668
[2025-08-08T15:32:36.195+0000][721.842s][1][129][trace] GC(110) _eden_chunk_array[240]=0x00000000f9fef698
[2025-08-08T15:32:36.195+0000][721.842s][1][129][trace] GC(110) _eden_chunk_array[241]=0x00000000fa00f6c8
[2025-08-08T15:32:36.195+0000][721.842s][1][129][trace] GC(110) _eden_chunk_array[242]=0x00000000fa05a100
[2025-08-08T15:32:36.195+0000][721.842s][1][129][trace] GC(110) _eden_chunk_array[243]=0x00000000fa08a198
[2025-08-08T15:32:36.195+0000][721.842s][1][129][trace] GC(110) _eden_chunk_array[244]=0x00000000fa0ae310
[2025-08-08T15:32:36.195+0000][721.842s][1][129][trace] GC(110) _eden_chunk_array[245]=0x00000000fa0de170
[2025-08-08T15:32:36.195+0000][721.842s][1][129][trace] GC(110) _eden_chunk_array[246]=0x00000000fa120780
[2025-08-08T15:32:36.195+0000][721.842s][1][129][trace] GC(110) _eden_chunk_array[247]=0x00000000fa152b00
[2025-08-08T15:32:36.195+0000][721.842s][1][129][trace] GC(110) _eden_chunk_array[248]=0x00000000fa173c60
[2025-08-08T15:32:36.195+0000][721.842s][1][129][trace] GC(110) _eden_chunk_array[249]=0x00000000fa194de8
[2025-08-08T15:32:36.195+0000][721.842s][1][129][trace] GC(110) _eden_chunk_array[250]=0x00000000fa1b5f48
[2025-08-08T15:32:36.195+0000][721.842s][1][129][trace] GC(110) _eden_chunk_array[251]=0x00000000fa1d70a0
[2025-08-08T15:32:36.195+0000][721.842s][1][129][trace] GC(110) _eden_chunk_array[252]=0x00000000fa1f8200
[2025-08-08T15:32:36.195+0000][721.842s][1][129][trace] GC(110) _eden_chunk_array[253]=0x00000000fa24fe88
[2025-08-08T15:32:36.195+0000][721.842s][1][129][trace] GC(110) _eden_chunk_array[254]=0x00000000fa270fe0
[2025-08-08T15:32:36.195+0000][721.842s][1][129][trace] GC(110) _eden_chunk_array[255]=0x00000000fa2bba00
[2025-08-08T15:32:36.195+0000][721.842s][1][129][trace] GC(110) _eden_chunk_array[256]=0x00000000fa2f1758
[2025-08-08T15:32:36.195+0000][721.842s][1][129][trace] GC(110) _eden_chunk_array[257]=0x00000000fa314b88
[2025-08-08T15:32:36.195+0000][721.842s][1][129][trace] GC(110) _eden_chunk_array[258]=0x00000000fa334ce8
[2025-08-08T15:32:36.195+0000][721.842s][1][129][trace] GC(110) _eden_chunk_array[259]=0x00000000fa37a550
[2025-08-08T15:32:36.195+0000][721.842s][1][129][trace] GC(110) _eden_chunk_array[260]=0x00000000fa3a8448
[2025-08-08T15:32:36.195+0000][721.842s][1][129][trace] GC(110) _eden_chunk_array[261]=0x00000000fa3ce1b8
[2025-08-08T15:32:36.195+0000][721.842s][1][129][trace] GC(110) _eden_chunk_array[262]=0x00000000fa3f06f8
[2025-08-08T15:32:36.195+0000][721.842s][1][129][trace] GC(110) _eden_chunk_array[263]=0x00000000fa4321b8
[2025-08-08T15:32:36.195+0000][721.842s][1][129][trace] GC(110) _eden_chunk_array[264]=0x00000000fa460b28
[2025-08-08T15:32:36.195+0000][721.842s][1][129][trace] GC(110) _eden_chunk_array[265]=0x00000000fa48f4b0
[2025-08-08T15:32:36.195+0000][721.842s][1][129][trace] GC(110) _eden_chunk_array[266]=0x00000000fa4bde50
[2025-08-08T15:32:36.195+0000][721.842s][1][129][trace] GC(110) _eden_chunk_array[267]=0x00000000fa4ee438
[2025-08-08T15:32:36.195+0000][721.842s][1][129][trace] GC(110) _eden_chunk_array[268]=0x00000000fa51cde8
[2025-08-08T15:32:36.195+0000][721.842s][1][129][trace] GC(110) _eden_chunk_array[269]=0x00000000fa5677f0
[2025-08-08T15:32:36.195+0000][721.842s][1][129][trace] GC(110) _eden_chunk_array[270]=0x00000000fa58b2e8
[2025-08-08T15:32:36.195+0000][721.842s][1][129][trace] GC(110) _eden_chunk_array[271]=0x00000000fa5ab370
[2025-08-08T15:32:36.195+0000][721.842s][1][129][trace] GC(110) _eden_chunk_array[272]=0x00000000fa5cdfc0
[2025-08-08T15:32:36.195+0000][721.842s][1][129][trace] GC(110) _eden_chunk_array[273]=0x00000000fa625ea8
[2025-08-08T15:32:36.195+0000][721.842s][1][129][trace] GC(110) _eden_chunk_array[274]=0x00000000fa65d550
[2025-08-08T15:32:36.195+0000][721.842s][1][129][trace] GC(110) _eden_chunk_array[275]=0x00000000fa67fa90
[2025-08-08T15:32:36.195+0000][721.842s][1][129][trace] GC(110) _eden_chunk_array[276]=0x00000000fa6c52f0
[2025-08-08T15:32:36.195+0000][721.842s][1][129][trace] GC(110) _eden_chunk_array[277]=0x00000000fa6f3c58
[2025-08-08T15:32:36.195+0000][721.842s][1][129][trace] GC(110) _eden_chunk_array[278]=0x00000000fa7403a8
[2025-08-08T15:32:36.195+0000][721.842s][1][129][trace] GC(110) _eden_chunk_array[279]=0x00000000fa7627f0
[2025-08-08T15:32:36.195+0000][721.842s][1][129][trace] GC(110) _eden_chunk_array[280]=0x00000000fa784c30
[2025-08-08T15:32:36.195+0000][721.842s][1][129][trace] GC(110) _eden_chunk_array[281]=0x00000000fa7a7088
[2025-08-08T15:32:36.195+0000][721.842s][1][129][trace] GC(110) _eden_chunk_array[282]=0x00000000fa7c94e8
[2025-08-08T15:32:36.195+0000][721.842s][1][129][trace] GC(110) _eden_chunk_array[283]=0x00000000fa7eb938
[2025-08-08T15:32:36.195+0000][721.842s][1][129][trace] GC(110) _eden_chunk_array[284]=0x00000000fa80dd90
[2025-08-08T15:32:36.195+0000][721.842s][1][129][trace] GC(110) _eden_chunk_array[285]=0x00000000fa8301e8
[2025-08-08T15:32:36.195+0000][721.842s][1][129][trace] GC(110) _eden_chunk_array[286]=0x00000000fa856168
[2025-08-08T15:32:36.195+0000][721.842s][1][129][trace] GC(110) _eden_chunk_array[287]=0x00000000fa88c420
[2025-08-08T15:32:36.195+0000][721.842s][1][129][trace] GC(110) _eden_chunk_array[288]=0x00000000fa8bf590
[2025-08-08T15:32:36.195+0000][721.842s][1][129][trace] GC(110) _eden_chunk_array[289]=0x00000000fa8fc410
[2025-08-08T15:32:36.195+0000][721.842s][1][129][trace] GC(110) _eden_chunk_array[290]=0x00000000fa927558
[2025-08-08T15:32:36.195+0000][721.842s][1][129][trace] GC(110) _eden_chunk_array[291]=0x00000000fa94b2e0
[2025-08-08T15:32:36.195+0000][721.842s][1][129][trace] GC(110) _eden_chunk_array[292]=0x00000000fa96cf28
[2025-08-08T15:32:36.195+0000][721.842s][1][129][trace] GC(110) _eden_chunk_array[293]=0x00000000fa9d26b8
[2025-08-08T15:32:36.195+0000][721.842s][1][129][trace] GC(110) _eden_chunk_array[294]=0x00000000faa1d0c0
[2025-08-08T15:32:36.195+0000][721.842s][1][129][trace] GC(110) _eden_chunk_array[295]=0x00000000faa5cf38
[2025-08-08T15:32:36.195+0000][721.842s][1][129][trace] GC(110) _eden_chunk_array[296]=0x00000000faa9cdc0
[2025-08-08T15:32:36.195+0000][721.842s][1][129][trace] GC(110) _eden_chunk_array[297]=0x00000000faadcc78
[2025-08-08T15:32:36.195+0000][721.842s][1][129][trace] GC(110) _eden_chunk_array[298]=0x00000000fab08bf0
[2025-08-08T15:32:36.195+0000][721.842s][1][129][trace] GC(110) _eden_chunk_array[299]=0x00000000fab3eca0
[2025-08-08T15:32:36.195+0000][721.842s][1][129][trace] GC(110) _eden_chunk_array[300]=0x00000000fab72720
[2025-08-08T15:32:36.195+0000][721.842s][1][129][trace] GC(110) _eden_chunk_array[301]=0x00000000fabbd128
[2025-08-08T15:32:36.195+0000][721.842s][1][129][trace] GC(110) _eden_chunk_array[302]=0x00000000fac0fb50
[2025-08-08T15:32:36.195+0000][721.842s][1][129][trace] GC(110) _eden_chunk_array[303]=0x00000000fac553a8
[2025-08-08T15:32:36.195+0000][721.842s][1][129][trace] GC(110) _eden_chunk_array[304]=0x00000000fac88db8
[2025-08-08T15:32:36.195+0000][721.842s][1][129][trace] GC(110) _eden_chunk_array[305]=0x00000000facabf08
[2025-08-08T15:32:36.195+0000][721.842s][1][129][trace] GC(110) _eden_chunk_array[306]=0x00000000faccf048
[2025-08-08T15:32:36.195+0000][721.842s][1][129][trace] GC(110) _eden_chunk_array[307]=0x00000000facf3d08
[2025-08-08T15:32:36.195+0000][721.842s][1][129][trace] GC(110) _eden_chunk_array[308]=0x00000000fad16e50
[2025-08-08T15:32:36.195+0000][721.842s][1][129][trace] GC(110) _eden_chunk_array[309]=0x00000000fad44528
[2025-08-08T15:32:36.195+0000][721.842s][1][129][trace] GC(110) _eden_chunk_array[310]=0x00000000fad66ee8
[2025-08-08T15:32:36.195+0000][721.842s][1][129][trace] GC(110) _eden_chunk_array[311]=0x00000000fad87a90
[2025-08-08T15:32:36.195+0000][721.842s][1][129][trace] GC(110) _eden_chunk_array[312]=0x00000000fada8d68
[2025-08-08T15:32:36.195+0000][721.842s][1][129][trace] GC(110) _eden_chunk_array[313]=0x00000000fadc8db8
[2025-08-08T15:32:36.195+0000][721.842s][1][129][trace] GC(110) _eden_chunk_array[314]=0x00000000fade8de0
[2025-08-08T15:32:36.195+0000][721.842s][1][129][trace] GC(110) _eden_chunk_array[315]=0x00000000fae13df0
[2025-08-08T15:32:36.195+0000][721.842s][1][129][trace] GC(110) _eden_chunk_array[316]=0x00000000fae3fa50
[2025-08-08T15:32:36.195+0000][721.842s][1][129][trace] GC(110) _eden_chunk_array[317]=0x00000000fae61f80
[2025-08-08T15:32:36.195+0000][721.842s][1][129][trace] GC(110) _eden_chunk_array[318]=0x00000000faea77d8
[2025-08-08T15:32:36.195+0000][721.842s][1][129][trace] GC(110) _eden_chunk_array[319]=0x00000000faec9d10
[2025-08-08T15:32:36.195+0000][721.842s][1][129][trace] GC(110) _eden_chunk_array[320]=0x00000000faeec240
[2025-08-08T15:32:36.195+0000][721.842s][1][129][trace] GC(110) _eden_chunk_array[321]=0x00000000faf0e780
[2025-08-08T15:32:36.195+0000][721.842s][1][129][trace] GC(110) _eden_chunk_array[322]=0x00000000faf30cb0
[2025-08-08T15:32:36.195+0000][721.842s][1][129][trace] GC(110) _eden_chunk_array[323]=0x00000000faf531f0
[2025-08-08T15:32:36.195+0000][721.842s][1][129][trace] GC(110) _eden_chunk_array[324]=0x00000000faf75738
[2025-08-08T15:32:36.195+0000][721.842s][1][129][trace] GC(110) _eden_chunk_array[325]=0x00000000fafc0158
[2025-08-08T15:32:36.195+0000][721.842s][1][129][trace] GC(110) _eden_chunk_array[326]=0x00000000fafe3290
[2025-08-08T15:32:36.195+0000][721.842s][1][129][trace] GC(110) _eden_chunk_array[327]=0x00000000fb003f80
[2025-08-08T15:32:36.195+0000][721.842s][1][129][trace] GC(110) _eden_chunk_array[328]=0x00000000fb02f1e0
[2025-08-08T15:32:36.195+0000][721.842s][1][129][trace] GC(110) _eden_chunk_array[329]=0x00000000fb088650
[2025-08-08T15:32:36.195+0000][721.842s][1][129][trace] GC(110) _eden_chunk_array[330]=0x00000000fb0ae5f8
[2025-08-08T15:32:36.195+0000][721.842s][1][129][trace] GC(110) _eden_chunk_array[331]=0x00000000fb0d0a50
[2025-08-08T15:32:36.195+0000][721.842s][1][129][trace] GC(110) _eden_chunk_array[332]=0x00000000fb1063a0
[2025-08-08T15:32:36.195+0000][721.842s][1][129][trace] GC(110) _eden_chunk_array[333]=0x00000000fb12a120
[2025-08-08T15:32:36.195+0000][721.842s][1][129][trace] GC(110) _eden_chunk_array[334]=0x00000000fb174b38
[2025-08-08T15:32:36.195+0000][721.842s][1][129][trace] GC(110) _eden_chunk_array[335]=0x00000000fb1a0928
[2025-08-08T15:32:36.195+0000][721.842s][1][129][trace] GC(110) _eden_chunk_array[336]=0x00000000fb1d04a0
[2025-08-08T15:32:36.195+0000][721.842s][1][129][trace] GC(110) _eden_chunk_array[337]=0x00000000fb203f30
[2025-08-08T15:32:36.195+0000][721.842s][1][129][trace] GC(110) _eden_chunk_array[338]=0x00000000fb2379d8
[2025-08-08T15:32:36.195+0000][721.842s][1][129][trace] GC(110) _eden_chunk_array[339]=0x00000000fb26b460
[2025-08-08T15:32:36.195+0000][721.842s][1][129][trace] GC(110) _eden_chunk_array[340]=0x00000000fb29eef0
[2025-08-08T15:32:36.195+0000][721.842s][1][129][trace] GC(110) _eden_chunk_array[341]=0x00000000fb2c3a58
[2025-08-08T15:32:36.195+0000][721.842s][1][129][trace] GC(110) _eden_chunk_array[342]=0x00000000fb2f9bd0
[2025-08-08T15:32:36.195+0000][721.842s][1][129][trace] GC(110) _eden_chunk_array[343]=0x00000000fb31f728
[2025-08-08T15:32:36.195+0000][721.842s][1][129][trace] GC(110) _eden_chunk_array[344]=0x00000000fb34e618
[2025-08-08T15:32:36.195+0000][721.842s][1][129][trace] GC(110) _eden_chunk_array[345]=0x00000000fb37d590
[2025-08-08T15:32:36.195+0000][721.842s][1][129][trace] GC(110) _eden_chunk_array[346]=0x00000000fb3c2dd8
[2025-08-08T15:32:36.195+0000][721.842s][1][129][trace] GC(110) _eden_chunk_array[347]=0x00000000fb3f7478
[2025-08-08T15:32:36.195+0000][721.842s][1][129][trace] GC(110) _eden_chunk_array[348]=0x00000000fb461dd0
[2025-08-08T15:32:36.195+0000][721.842s][1][129][trace] GC(110) _eden_chunk_array[349]=0x00000000fb4a1c60
[2025-08-08T15:32:36.195+0000][721.842s][1][129][trace] GC(110) _eden_chunk_array[350]=0x00000000fb4c38b8
[2025-08-08T15:32:36.195+0000][721.842s][1][129][trace] GC(110) _eden_chunk_array[351]=0x00000000fb503740
[2025-08-08T15:32:36.195+0000][721.842s][1][129][trace] GC(110) _eden_chunk_array[352]=0x00000000fb539528
[2025-08-08T15:32:36.195+0000][721.842s][1][129][trace] GC(110) _eden_chunk_array[353]=0x00000000fb56d9f8
[2025-08-08T15:32:36.195+0000][721.842s][1][129][trace] GC(110) _eden_chunk_array[354]=0x00000000fb5cc130
[2025-08-08T15:32:36.195+0000][721.842s][1][129][trace] GC(110) _eden_chunk_array[355]=0x00000000fb5efed0
[2025-08-08T15:32:36.195+0000][721.842s][1][129][trace] GC(110) _eden_chunk_array[356]=0x00000000fb627600
[2025-08-08T15:32:36.195+0000][721.842s][1][129][trace] GC(110) _eden_chunk_array[357]=0x00000000fb64d2c8
[2025-08-08T15:32:36.195+0000][721.842s][1][129][trace] GC(110) _eden_chunk_array[358]=0x00000000fb671410
[2025-08-08T15:32:36.195+0000][721.842s][1][129][trace] GC(110) _eden_chunk_array[359]=0x00000000fb694558
[2025-08-08T15:32:36.195+0000][721.842s][1][129][trace] GC(110) _eden_chunk_array[360]=0x00000000fb6b76a8
[2025-08-08T15:32:36.195+0000][721.842s][1][129][trace] GC(110) _eden_chunk_array[361]=0x00000000fb6d76d0
[2025-08-08T15:32:36.195+0000][721.842s][1][129][trace] GC(110) _eden_chunk_array[362]=0x00000000fb6f76f8
[2025-08-08T15:32:36.195+0000][721.842s][1][129][trace] GC(110) _eden_chunk_array[363]=0x00000000fb71a830
[2025-08-08T15:32:36.195+0000][721.842s][1][129][trace] GC(110) _eden_chunk_array[364]=0x00000000fb73d978
[2025-08-08T15:32:36.195+0000][721.842s][1][129][trace] GC(110) _eden_chunk_array[365]=0x00000000fb760ab8
[2025-08-08T15:32:36.195+0000][721.842s][1][129][trace] GC(110) _eden_chunk_array[366]=0x00000000fb783bf8
[2025-08-08T15:32:36.195+0000][721.842s][1][129][trace] GC(110) _eden_chunk_array[367]=0x00000000fb7aadf8
[2025-08-08T15:32:36.195+0000][721.842s][1][129][trace] GC(110) _eden_chunk_array[368]=0x00000000fb7cb9a0
[2025-08-08T15:32:36.195+0000][721.842s][1][129][trace] GC(110) _eden_chunk_array[369]=0x00000000fb7f8820
[2025-08-08T15:32:36.195+0000][721.842s][1][129][trace] GC(110) _eden_chunk_array[370]=0x00000000fb8230e0
[2025-08-08T15:32:36.195+0000][721.842s][1][129][trace] GC(110) _eden_chunk_array[371]=0x00000000fb851a48
[2025-08-08T15:32:36.195+0000][721.842s][1][129][trace] GC(110) _eden_chunk_array[372]=0x00000000fb882c40
[2025-08-08T15:32:36.195+0000][721.842s][1][129][trace] GC(110) _eden_chunk_array[373]=0x00000000fb8c8488
[2025-08-08T15:32:36.195+0000][721.842s][1][129][trace] GC(110) _eden_chunk_array[374]=0x00000000fb908300
[2025-08-08T15:32:36.195+0000][721.842s][1][129][trace] GC(110) _eden_chunk_array[375]=0x00000000fb948180
[2025-08-08T15:32:36.195+0000][721.842s][1][129][trace] GC(110) _eden_chunk_array[376]=0x00000000fb96df18
[2025-08-08T15:32:36.195+0000][721.842s][1][129][trace] GC(110) _eden_chunk_array[377]=0x00000000fb9b8938
[2025-08-08T15:32:36.195+0000][721.842s][1][129][trace] GC(110) _eden_chunk_array[378]=0x00000000fb9fe180
[2025-08-08T15:32:36.195+0000][721.842s][1][129][trace] GC(110) _eden_chunk_array[379]=0x00000000fba3e008
[2025-08-08T15:32:36.195+0000][721.842s][1][129][trace] GC(110) _eden_chunk_array[380]=0x00000000fba5fbb0
[2025-08-08T15:32:36.195+0000][721.842s][1][129][trace] GC(110) _eden_chunk_array[381]=0x00000000fba861f0
[2025-08-08T15:32:36.195+0000][721.842s][1][129][trace] GC(110) _eden_chunk_array[382]=0x00000000fbaa9020
[2025-08-08T15:32:36.195+0000][721.842s][1][129][trace] GC(110) _eden_chunk_array[383]=0x00000000fbadc808
[2025-08-08T15:32:36.195+0000][721.842s][1][129][trace] GC(110) _eden_chunk_array[384]=0x00000000fbb004c0
[2025-08-08T15:32:36.195+0000][721.842s][1][129][trace] GC(110) _eden_chunk_array[385]=0x00000000fbb37eb8
[2025-08-08T15:32:36.195+0000][721.842s][1][129][trace] GC(110) _eden_chunk_array[386]=0x00000000fbb706b0
[2025-08-08T15:32:36.195+0000][721.842s][1][129][trace] GC(110) _eden_chunk_array[387]=0x00000000fbb9bdc0
[2025-08-08T15:32:36.195+0000][721.842s][1][129][trace] GC(110) _eden_chunk_array[388]=0x00000000fbbbcf20
[2025-08-08T15:32:36.195+0000][721.842s][1][129][trace] GC(110) _eden_chunk_array[389]=0x00000000fbbe72b0
[2025-08-08T15:32:36.195+0000][721.842s][1][129][trace] GC(110) _eden_chunk_array[390]=0x00000000fbc31cd0
[2025-08-08T15:32:36.195+0000][721.842s][1][129][trace] GC(110) _eden_chunk_array[391]=0x00000000fbc5c048
[2025-08-08T15:32:36.195+0000][721.842s][1][129][trace] GC(110) _eden_chunk_array[392]=0x00000000fbc91220
[2025-08-08T15:32:36.195+0000][721.842s][1][129][trace] GC(110) _eden_chunk_array[393]=0x00000000fbcb12b8
[2025-08-08T15:32:36.195+0000][721.842s][1][129][trace] GC(110) _eden_chunk_array[394]=0x00000000fbcdb640
[2025-08-08T15:32:36.195+0000][721.843s][1][129][trace] GC(110) _eden_chunk_array[395]=0x00000000fbd059c8
[2025-08-08T15:32:36.195+0000][721.843s][1][129][trace] GC(110) _eden_chunk_array[396]=0x00000000fbd2e250
[2025-08-08T15:32:36.195+0000][721.843s][1][129][trace] GC(110) _eden_chunk_array[397]=0x00000000fbd64650
[2025-08-08T15:32:36.195+0000][721.843s][1][129][trace] GC(110) _eden_chunk_array[398]=0x00000000fbd84b78
[2025-08-08T15:32:36.195+0000][721.843s][1][129][trace] GC(110) _eden_chunk_array[399]=0x00000000fbdd7eb0
[2025-08-08T15:32:36.195+0000][721.843s][1][129][trace] GC(110) _eden_chunk_array[400]=0x00000000fbe07660
[2025-08-08T15:32:36.195+0000][721.843s][1][129][trace] GC(110) _eden_chunk_array[401]=0x00000000fbe3d430
[2025-08-08T15:32:36.195+0000][721.843s][1][129][trace] GC(110) _eden_chunk_array[402]=0x00000000fbe5d450
[2025-08-08T15:32:36.195+0000][721.843s][1][129][trace] GC(110) _eden_chunk_array[403]=0x00000000fbe9d2f0
[2025-08-08T15:32:36.195+0000][721.843s][1][129][trace] GC(110) _eden_chunk_array[404]=0x00000000fbee2b90
[2025-08-08T15:32:36.195+0000][721.843s][1][129][trace] GC(110) _eden_chunk_array[405]=0x00000000fbf06af0
[2025-08-08T15:32:36.195+0000][721.843s][1][129][trace] GC(110) _eden_chunk_array[406]=0x00000000fbf2a888
[2025-08-08T15:32:36.195+0000][721.843s][1][129][trace] GC(110) _eden_chunk_array[407]=0x00000000fbf6a738
[2025-08-08T15:32:36.195+0000][721.843s][1][129][trace] GC(110) _eden_chunk_array[408]=0x00000000fbf8e4c8
[2025-08-08T15:32:36.195+0000][721.843s][1][129][trace] GC(110) _eden_chunk_array[409]=0x00000000fbfc58c8
[2025-08-08T15:32:36.195+0000][721.843s][1][129][trace] GC(110) _eden_chunk_array[410]=0x00000000fc011ff0
[2025-08-08T15:32:36.195+0000][721.843s][1][129][trace] GC(110) _eden_chunk_array[411]=0x00000000fc035a10
[2025-08-08T15:32:36.195+0000][721.843s][1][129][trace] GC(110) _eden_chunk_array[412]=0x00000000fc05c300
[2025-08-08T15:32:36.195+0000][721.843s][1][129][trace] GC(110) _eden_chunk_array[413]=0x00000000fc08fda0
[2025-08-08T15:32:36.195+0000][721.843s][1][129][trace] GC(110) _eden_chunk_array[414]=0x00000000fc0b3b38
[2025-08-08T15:32:36.195+0000][721.843s][1][129][trace] GC(110) _eden_chunk_array[415]=0x00000000fc0fe570
[2025-08-08T15:32:36.195+0000][721.843s][1][129][trace] GC(110) _eden_chunk_array[416]=0x00000000fc1262e8
[2025-08-08T15:32:36.195+0000][721.843s][1][129][trace] GC(110) _eden_chunk_array[417]=0x00000000fc148760
[2025-08-08T15:32:36.195+0000][721.843s][1][129][trace] GC(110) _eden_chunk_array[418]=0x00000000fc1770c8
[2025-08-08T15:32:36.195+0000][721.843s][1][129][trace] GC(110) _eden_chunk_array[419]=0x00000000fc1a5a30
[2025-08-08T15:32:36.195+0000][721.843s][1][129][trace] GC(110) _eden_chunk_array[420]=0x00000000fc1d43b8
[2025-08-08T15:32:36.195+0000][721.843s][1][129][trace] GC(110) _eden_chunk_array[421]=0x00000000fc202d38
[2025-08-08T15:32:36.195+0000][721.843s][1][129][trace] GC(110) _eden_chunk_array[422]=0x00000000fc248590
[2025-08-08T15:32:36.195+0000][721.843s][1][129][trace] GC(110) _eden_chunk_array[423]=0x00000000fc2691a8
[2025-08-08T15:32:36.195+0000][721.843s][1][129][trace] GC(110) _eden_chunk_array[424]=0x00000000fc295708
[2025-08-08T15:32:36.195+0000][721.843s][1][129][trace] GC(110) _eden_chunk_array[425]=0x00000000fc2cd980
[2025-08-08T15:32:36.195+0000][721.843s][1][129][trace] GC(110) _eden_chunk_array[426]=0x00000000fc2ef6e0
[2025-08-08T15:32:36.195+0000][721.843s][1][129][trace] GC(110) _eden_chunk_array[427]=0x00000000fc311b28
[2025-08-08T15:32:36.195+0000][721.843s][1][129][trace] GC(110) _eden_chunk_array[428]=0x00000000fc36e830
[2025-08-08T15:32:36.195+0000][721.843s][1][129][trace] GC(110) _eden_chunk_array[429]=0x00000000fc390c88
[2025-08-08T15:32:36.195+0000][721.843s][1][129][trace] GC(110) _eden_chunk_array[430]=0x00000000fc3b3dc0
[2025-08-08T15:32:36.195+0000][721.843s][1][129][trace] GC(110) _eden_chunk_array[431]=0x00000000fc3fe7e0
[2025-08-08T15:32:36.195+0000][721.843s][1][129][trace] GC(110) _eden_chunk_array[432]=0x00000000fc421928
[2025-08-08T15:32:36.195+0000][721.843s][1][129][trace] GC(110) _eden_chunk_array[433]=0x00000000fc444a68
[2025-08-08T15:32:36.195+0000][721.843s][1][129][trace] GC(110) _eden_chunk_array[434]=0x00000000fc467bd8
[2025-08-08T15:32:36.195+0000][721.843s][1][129][trace] GC(110) _eden_chunk_array[435]=0x00000000fc48c978
[2025-08-08T15:32:36.195+0000][721.843s][1][129][trace] GC(110) _eden_chunk_array[436]=0x00000000fc4afab8
[2025-08-08T15:32:36.195+0000][721.843s][1][129][trace] GC(110) _eden_chunk_array[437]=0x00000000fc4df3b0
[2025-08-08T15:32:36.195+0000][721.843s][1][129][trace] GC(110) survivor 0x00000000fd410000-0x00000000fd410000-0x00000000fe780000(20381696)
[2025-08-08T15:32:36.195+0000][721.843s][1][129][trace] GC(110) _survivor_chunk_index=0, _survivor_chunk_capacity=9952
[2025-08-08T15:32:36.231+0000][721.879s][1][129][info ] GC(110) Pause Remark 145M->145M(180M) 37.965ms
[2025-08-08T15:32:36.231+0000][721.879s][1][129][info ] Leaving safepoint region
[2025-08-08T15:32:36.231+0000][721.879s][1][129][info ] Total time for which application threads were stopped: 0.0382154 seconds, Stopping threads took: 0.0000307 seconds
[2025-08-08T15:32:36.232+0000][721.879s][1][128][info ] GC(110) Concurrent Sweep
[2025-08-08T15:32:36.233+0000][721.880s][1][128][info ] GC(110) Concurrent Sweep 1.279ms
[2025-08-08T15:32:36.233+0000][721.880s][1][128][info ] GC(110) Concurrent Reset
[2025-08-08T15:32:36.233+0000][721.880s][1][128][info ] GC(110) Concurrent Reset 0.015ms
[2025-08-08T15:32:36.233+0000][721.880s][1][128][info ] GC(110) Old: 5183K->5183K(5184K)
[2025-08-08T15:32:39.233+0000][724.880s][1][129][info ] Application time: 3.0014231 seconds
[2025-08-08T15:32:39.233+0000][724.880s][1][129][info ] Entering safepoint region: Cleanup
[2025-08-08T15:32:39.233+0000][724.880s][1][129][info ] Leaving safepoint region
[2025-08-08T15:32:39.233+0000][724.880s][1][129][info ] Total time for which application threads were stopped: 0.0001500 seconds, Stopping threads took: 0.0000244 seconds
[2025-08-08T15:32:40.234+0000][725.881s][1][129][info ] Application time: 1.0004775 seconds
[2025-08-08T15:32:40.234+0000][725.881s][1][129][info ] Entering safepoint region: Cleanup
[2025-08-08T15:32:40.234+0000][725.881s][1][129][info ] Leaving safepoint region
[2025-08-08T15:32:40.234+0000][725.881s][1][129][info ] Total time for which application threads were stopped: 0.0001530 seconds, Stopping threads took: 0.0000222 seconds
[2025-08-08T15:32:41.236+0000][726.883s][1][129][info ] Application time: 1.0017797 seconds
[2025-08-08T15:32:41.236+0000][726.883s][1][129][info ] Entering safepoint region: Cleanup
[2025-08-08T15:32:41.236+0000][726.883s][1][129][info ] Leaving safepoint region
[2025-08-08T15:32:41.236+0000][726.883s][1][129][info ] Total time for which application threads were stopped: 0.0001655 seconds, Stopping threads took: 0.0000303 seconds
[2025-08-08T15:32:44.237+0000][729.884s][1][129][info ] Application time: 3.0009428 seconds
[2025-08-08T15:32:44.237+0000][729.884s][1][129][info ] Entering safepoint region: Cleanup
[2025-08-08T15:32:44.237+0000][729.884s][1][129][info ] Leaving safepoint region
[2025-08-08T15:32:44.237+0000][729.884s][1][129][info ] Total time for which application threads were stopped: 0.0001931 seconds, Stopping threads took: 0.0000312 seconds
[2025-08-08T15:32:46.232+0000][731.880s][1][129][info ] Application time: 1.9955545 seconds
[2025-08-08T15:32:46.233+0000][731.880s][1][129][info ] Entering safepoint region: CMS_Initial_Mark
[2025-08-08T15:32:46.233+0000][731.880s][1][129][trace] GC(111) eden 0x00000000f3800000-0x00000000fcd53d78-0x00000000fd410000(163643392)
[2025-08-08T15:32:46.233+0000][731.880s][1][129][trace] GC(111) _eden_chunk_index=487, _eden_chunk_capacity=11233
[2025-08-08T15:32:46.233+0000][731.880s][1][129][trace] GC(111) _eden_chunk_array[0]=0x00000000f7444bb8
[2025-08-08T15:32:46.233+0000][731.880s][1][129][trace] GC(111) _eden_chunk_array[1]=0x00000000f7469938
[2025-08-08T15:32:46.233+0000][731.880s][1][129][trace] GC(111) _eden_chunk_array[2]=0x00000000f74aff58
[2025-08-08T15:32:46.233+0000][731.880s][1][129][trace] GC(111) _eden_chunk_array[3]=0x00000000f74d0a88
[2025-08-08T15:32:46.233+0000][731.880s][1][129][trace] GC(111) _eden_chunk_array[4]=0x00000000f751b4a8
[2025-08-08T15:32:46.233+0000][731.880s][1][129][trace] GC(111) _eden_chunk_array[5]=0x00000000f7541788
[2025-08-08T15:32:46.233+0000][731.880s][1][129][trace] GC(111) _eden_chunk_array[6]=0x00000000f75631d8
[2025-08-08T15:32:46.233+0000][731.880s][1][129][trace] GC(111) _eden_chunk_array[7]=0x00000000f7598108
[2025-08-08T15:32:46.233+0000][731.880s][1][129][trace] GC(111) _eden_chunk_array[8]=0x00000000f75ba638
[2025-08-08T15:32:46.233+0000][731.880s][1][129][trace] GC(111) _eden_chunk_array[9]=0x00000000f75dd770
[2025-08-08T15:32:46.233+0000][731.880s][1][129][trace] GC(111) _eden_chunk_array[10]=0x00000000f75ffca8
[2025-08-08T15:32:46.233+0000][731.880s][1][129][trace] GC(111) _eden_chunk_array[11]=0x00000000f76221f0
[2025-08-08T15:32:46.233+0000][731.880s][1][129][trace] GC(111) _eden_chunk_array[12]=0x00000000f7645e60
[2025-08-08T15:32:46.233+0000][731.880s][1][129][trace] GC(111) _eden_chunk_array[13]=0x00000000f7667e88
[2025-08-08T15:32:46.233+0000][731.880s][1][129][trace] GC(111) _eden_chunk_array[14]=0x00000000f769af40
[2025-08-08T15:32:46.233+0000][731.880s][1][129][trace] GC(111) _eden_chunk_array[15]=0x00000000f76c4168
[2025-08-08T15:32:46.233+0000][731.880s][1][129][trace] GC(111) _eden_chunk_array[16]=0x00000000f76eff48
[2025-08-08T15:32:46.233+0000][731.880s][1][129][trace] GC(111) _eden_chunk_array[17]=0x00000000f7712388
[2025-08-08T15:32:46.233+0000][731.880s][1][129][trace] GC(111) _eden_chunk_array[18]=0x00000000f7757bd0
[2025-08-08T15:32:46.233+0000][731.880s][1][129][trace] GC(111) _eden_chunk_array[19]=0x00000000f7777be8
[2025-08-08T15:32:46.233+0000][731.880s][1][129][trace] GC(111) _eden_chunk_array[20]=0x00000000f779b980
[2025-08-08T15:32:46.233+0000][731.880s][1][129][trace] GC(111) _eden_chunk_array[21]=0x00000000f77bf710
[2025-08-08T15:32:46.233+0000][731.880s][1][129][trace] GC(111) _eden_chunk_array[22]=0x00000000f7801aa8
[2025-08-08T15:32:46.233+0000][731.880s][1][129][trace] GC(111) _eden_chunk_array[23]=0x00000000f784c4c8
[2025-08-08T15:32:46.233+0000][731.880s][1][129][trace] GC(111) _eden_chunk_array[24]=0x00000000f786e918
[2025-08-08T15:32:46.233+0000][731.880s][1][129][trace] GC(111) _eden_chunk_array[25]=0x00000000f7890d60
[2025-08-08T15:32:46.233+0000][731.880s][1][129][trace] GC(111) _eden_chunk_array[26]=0x00000000f78b31b8
[2025-08-08T15:32:46.233+0000][731.880s][1][129][trace] GC(111) _eden_chunk_array[27]=0x00000000f78d5610
[2025-08-08T15:32:46.233+0000][731.880s][1][129][trace] GC(111) _eden_chunk_array[28]=0x00000000f78f7a70
[2025-08-08T15:32:46.233+0000][731.880s][1][129][trace] GC(111) _eden_chunk_array[29]=0x00000000f791bd80
[2025-08-08T15:32:46.233+0000][731.880s][1][129][trace] GC(111) _eden_chunk_array[30]=0x00000000f7950e60
[2025-08-08T15:32:46.233+0000][731.880s][1][129][trace] GC(111) _eden_chunk_array[31]=0x00000000f79754c0
[2025-08-08T15:32:46.233+0000][731.880s][1][129][trace] GC(111) _eden_chunk_array[32]=0x00000000f79a6708
[2025-08-08T15:32:46.233+0000][731.880s][1][129][trace] GC(111) _eden_chunk_array[33]=0x00000000f79c8b60
[2025-08-08T15:32:46.233+0000][731.880s][1][129][trace] GC(111) _eden_chunk_array[34]=0x00000000f7a135c0
[2025-08-08T15:32:46.233+0000][731.880s][1][129][trace] GC(111) _eden_chunk_array[35]=0x00000000f7a47230
[2025-08-08T15:32:46.233+0000][731.880s][1][129][trace] GC(111) _eden_chunk_array[36]=0x00000000f7a6a370
[2025-08-08T15:32:46.233+0000][731.880s][1][129][trace] GC(111) _eden_chunk_array[37]=0x00000000f7a8d4b0
[2025-08-08T15:32:46.233+0000][731.880s][1][129][trace] GC(111) _eden_chunk_array[38]=0x00000000f7ad2d10
[2025-08-08T15:32:46.233+0000][731.880s][1][129][trace] GC(111) _eden_chunk_array[39]=0x00000000f7af5e48
[2025-08-08T15:32:46.233+0000][731.880s][1][129][trace] GC(111) _eden_chunk_array[40]=0x00000000f7b18f98
[2025-08-08T15:32:46.233+0000][731.880s][1][129][trace] GC(111) _eden_chunk_array[41]=0x00000000f7b5e7e0
[2025-08-08T15:32:46.233+0000][731.880s][1][129][trace] GC(111) _eden_chunk_array[42]=0x00000000f7b81928
[2025-08-08T15:32:46.233+0000][731.880s][1][129][trace] GC(111) _eden_chunk_array[43]=0x00000000f7ba4a70
[2025-08-08T15:32:46.233+0000][731.880s][1][129][trace] GC(111) _eden_chunk_array[44]=0x00000000f7bc5f98
[2025-08-08T15:32:46.233+0000][731.880s][1][129][trace] GC(111) _eden_chunk_array[45]=0x00000000f7c017b8
[2025-08-08T15:32:46.233+0000][731.880s][1][129][trace] GC(111) _eden_chunk_array[46]=0x00000000f7c29598
[2025-08-08T15:32:46.233+0000][731.880s][1][129][trace] GC(111) _eden_chunk_array[47]=0x00000000f7c5caa8
[2025-08-08T15:32:46.233+0000][731.880s][1][129][trace] GC(111) _eden_chunk_array[48]=0x00000000f7c80840
[2025-08-08T15:32:46.233+0000][731.880s][1][129][trace] GC(111) _eden_chunk_array[49]=0x00000000f7caabb8
[2025-08-08T15:32:46.233+0000][731.880s][1][129][trace] GC(111) _eden_chunk_array[50]=0x00000000f7cce950
[2025-08-08T15:32:46.233+0000][731.880s][1][129][trace] GC(111) _eden_chunk_array[51]=0x00000000f7cf8cb0
[2025-08-08T15:32:46.233+0000][731.880s][1][129][trace] GC(111) _eden_chunk_array[52]=0x00000000f7d23028
[2025-08-08T15:32:46.233+0000][731.880s][1][129][trace] GC(111) _eden_chunk_array[53]=0x00000000f7d4d398
[2025-08-08T15:32:46.233+0000][731.880s][1][129][trace] GC(111) _eden_chunk_array[54]=0x00000000f7dacf70
[2025-08-08T15:32:46.233+0000][731.880s][1][129][trace] GC(111) _eden_chunk_array[55]=0x00000000f7dcd2a0
[2025-08-08T15:32:46.233+0000][731.880s][1][129][trace] GC(111) _eden_chunk_array[56]=0x00000000f7deee48
[2025-08-08T15:32:46.233+0000][731.880s][1][129][trace] GC(111) _eden_chunk_array[57]=0x00000000f7e0f710
[2025-08-08T15:32:46.233+0000][731.880s][1][129][trace] GC(111) _eden_chunk_array[58]=0x00000000f7e64520
[2025-08-08T15:32:46.233+0000][731.880s][1][129][trace] GC(111) _eden_chunk_array[59]=0x00000000f7e8bcb8
[2025-08-08T15:32:46.233+0000][731.880s][1][129][trace] GC(111) _eden_chunk_array[60]=0x00000000f7eafa40
[2025-08-08T15:32:46.233+0000][731.880s][1][129][trace] GC(111) _eden_chunk_array[61]=0x00000000f7ed37c8
[2025-08-08T15:32:46.233+0000][731.880s][1][129][trace] GC(111) _eden_chunk_array[62]=0x00000000f7f19028
[2025-08-08T15:32:46.233+0000][731.880s][1][129][trace] GC(111) _eden_chunk_array[63]=0x00000000f7f42ad8
[2025-08-08T15:32:46.233+0000][731.880s][1][129][trace] GC(111) _eden_chunk_array[64]=0x00000000f7f6e720
[2025-08-08T15:32:46.233+0000][731.880s][1][129][trace] GC(111) _eden_chunk_array[65]=0x00000000f7f99710
[2025-08-08T15:32:46.233+0000][731.880s][1][129][trace] GC(111) _eden_chunk_array[66]=0x00000000f7fc5350
[2025-08-08T15:32:46.233+0000][731.880s][1][129][trace] GC(111) _eden_chunk_array[67]=0x00000000f8025b98
[2025-08-08T15:32:46.233+0000][731.880s][1][129][trace] GC(111) _eden_chunk_array[68]=0x00000000f8051800
[2025-08-08T15:32:46.233+0000][731.880s][1][129][trace] GC(111) _eden_chunk_array[69]=0x00000000f807d440
[2025-08-08T15:32:46.233+0000][731.880s][1][129][trace] GC(111) _eden_chunk_array[70]=0x00000000f80a3b28
[2025-08-08T15:32:46.233+0000][731.880s][1][129][trace] GC(111) _eden_chunk_array[71]=0x00000000f80c3d58
[2025-08-08T15:32:46.233+0000][731.880s][1][129][trace] GC(111) _eden_chunk_array[72]=0x00000000f80e4c40
[2025-08-08T15:32:46.233+0000][731.881s][1][129][trace] GC(111) _eden_chunk_array[73]=0x00000000f8118878
[2025-08-08T15:32:46.233+0000][731.881s][1][129][trace] GC(111) _eden_chunk_array[74]=0x00000000f8144f58
[2025-08-08T15:32:46.233+0000][731.881s][1][129][trace] GC(111) _eden_chunk_array[75]=0x00000000f8179648
[2025-08-08T15:32:46.233+0000][731.881s][1][129][trace] GC(111) _eden_chunk_array[76]=0x00000000f81b2f50
[2025-08-08T15:32:46.233+0000][731.881s][1][129][trace] GC(111) _eden_chunk_array[77]=0x00000000f8214e60
[2025-08-08T15:32:46.233+0000][731.881s][1][129][trace] GC(111) _eden_chunk_array[78]=0x00000000f82437e8
[2025-08-08T15:32:46.233+0000][731.881s][1][129][trace] GC(111) _eden_chunk_array[79]=0x00000000f827ec80
[2025-08-08T15:32:46.233+0000][731.881s][1][129][trace] GC(111) _eden_chunk_array[80]=0x00000000f82db998
[2025-08-08T15:32:46.233+0000][731.881s][1][129][trace] GC(111) _eden_chunk_array[81]=0x00000000f82ff478
[2025-08-08T15:32:46.233+0000][731.881s][1][129][trace] GC(111) _eden_chunk_array[82]=0x00000000f8325d68
[2025-08-08T15:32:46.233+0000][731.881s][1][129][trace] GC(111) _eden_chunk_array[83]=0x00000000f8346e68
[2025-08-08T15:32:46.233+0000][731.881s][1][129][trace] GC(111) _eden_chunk_array[84]=0x00000000f836c3f8
[2025-08-08T15:32:46.233+0000][731.881s][1][129][trace] GC(111) _eden_chunk_array[85]=0x00000000f838e968
[2025-08-08T15:32:46.233+0000][731.881s][1][129][trace] GC(111) _eden_chunk_array[86]=0x00000000f83b0db0
[2025-08-08T15:32:46.233+0000][731.881s][1][129][trace] GC(111) _eden_chunk_array[87]=0x00000000f83e4830
[2025-08-08T15:32:46.233+0000][731.881s][1][129][trace] GC(111) _eden_chunk_array[88]=0x00000000f841bc28
[2025-08-08T15:32:46.233+0000][731.881s][1][129][trace] GC(111) _eden_chunk_array[89]=0x00000000f8448db0
[2025-08-08T15:32:46.233+0000][731.881s][1][129][trace] GC(111) _eden_chunk_array[90]=0x00000000f846f610
[2025-08-08T15:32:46.233+0000][731.881s][1][129][trace] GC(111) _eden_chunk_array[91]=0x00000000f84933a8
[2025-08-08T15:32:46.233+0000][731.881s][1][129][trace] GC(111) _eden_chunk_array[92]=0x00000000f84ec018
[2025-08-08T15:32:46.233+0000][731.881s][1][129][trace] GC(111) _eden_chunk_array[93]=0x00000000f8512850
[2025-08-08T15:32:46.233+0000][731.881s][1][129][trace] GC(111) _eden_chunk_array[94]=0x00000000f8539090
[2025-08-08T15:32:46.233+0000][731.881s][1][129][trace] GC(111) _eden_chunk_array[95]=0x00000000f855f8d0
[2025-08-08T15:32:46.233+0000][731.881s][1][129][trace] GC(111) _eden_chunk_array[96]=0x00000000f8586100
[2025-08-08T15:32:46.233+0000][731.881s][1][129][trace] GC(111) _eden_chunk_array[97]=0x00000000f85a9238
[2025-08-08T15:32:46.233+0000][731.881s][1][129][trace] GC(111) _eden_chunk_array[98]=0x00000000f85f3ec8
[2025-08-08T15:32:46.233+0000][731.881s][1][129][trace] GC(111) _eden_chunk_array[99]=0x00000000f8616f50
[2025-08-08T15:32:46.233+0000][731.881s][1][129][trace] GC(111) _eden_chunk_array[100]=0x00000000f86377d8
[2025-08-08T15:32:46.233+0000][731.881s][1][129][trace] GC(111) _eden_chunk_array[101]=0x00000000f866d798
[2025-08-08T15:32:46.233+0000][731.881s][1][129][trace] GC(111) _eden_chunk_array[102]=0x00000000f86996f8
[2025-08-08T15:32:46.233+0000][731.881s][1][129][trace] GC(111) _eden_chunk_array[103]=0x00000000f86ca900
[2025-08-08T15:32:46.233+0000][731.881s][1][129][trace] GC(111) _eden_chunk_array[104]=0x00000000f8710158
[2025-08-08T15:32:46.233+0000][731.881s][1][129][trace] GC(111) _eden_chunk_array[105]=0x00000000f873eae8
[2025-08-08T15:32:46.233+0000][731.881s][1][129][trace] GC(111) _eden_chunk_array[106]=0x00000000f875f150
[2025-08-08T15:32:46.233+0000][731.881s][1][129][trace] GC(111) _eden_chunk_array[107]=0x00000000f87a9b70
[2025-08-08T15:32:46.233+0000][731.881s][1][129][trace] GC(111) _eden_chunk_array[108]=0x00000000f87f4578
[2025-08-08T15:32:46.233+0000][731.881s][1][129][trace] GC(111) _eden_chunk_array[109]=0x00000000f8822f08
[2025-08-08T15:32:46.233+0000][731.881s][1][129][trace] GC(111) _eden_chunk_array[110]=0x00000000f88535c0
[2025-08-08T15:32:46.233+0000][731.881s][1][129][trace] GC(111) _eden_chunk_array[111]=0x00000000f888ca40
[2025-08-08T15:32:46.233+0000][731.881s][1][129][trace] GC(111) _eden_chunk_array[112]=0x00000000f88b86a0
[2025-08-08T15:32:46.233+0000][731.881s][1][129][trace] GC(111) _eden_chunk_array[113]=0x00000000f88e2f90
[2025-08-08T15:32:46.233+0000][731.881s][1][129][trace] GC(111) _eden_chunk_array[114]=0x00000000f8904400
[2025-08-08T15:32:46.233+0000][731.881s][1][129][trace] GC(111) _eden_chunk_array[115]=0x00000000f8939410
[2025-08-08T15:32:46.233+0000][731.881s][1][129][trace] GC(111) _eden_chunk_array[116]=0x00000000f895d1b8
[2025-08-08T15:32:46.233+0000][731.881s][1][129][trace] GC(111) _eden_chunk_array[117]=0x00000000f89b5e30
[2025-08-08T15:32:46.233+0000][731.881s][1][129][trace] GC(111) _eden_chunk_array[118]=0x00000000f89e0190
[2025-08-08T15:32:46.233+0000][731.881s][1][129][trace] GC(111) _eden_chunk_array[119]=0x00000000f8a0a500
[2025-08-08T15:32:46.233+0000][731.881s][1][129][trace] GC(111) _eden_chunk_array[120]=0x00000000f8a34878
[2025-08-08T15:32:46.233+0000][731.881s][1][129][trace] GC(111) _eden_chunk_array[121]=0x00000000f8a5ebe8
[2025-08-08T15:32:46.233+0000][731.881s][1][129][trace] GC(111) _eden_chunk_array[122]=0x00000000f8a9af00
[2025-08-08T15:32:46.233+0000][731.881s][1][129][trace] GC(111) _eden_chunk_array[123]=0x00000000f8ac5280
[2025-08-08T15:32:46.233+0000][731.881s][1][129][trace] GC(111) _eden_chunk_array[124]=0x00000000f8ae83b8
[2025-08-08T15:32:46.233+0000][731.881s][1][129][trace] GC(111) _eden_chunk_array[125]=0x00000000f8b083e0
[2025-08-08T15:32:46.233+0000][731.881s][1][129][trace] GC(111) _eden_chunk_array[126]=0x00000000f8b283f8
[2025-08-08T15:32:46.233+0000][731.881s][1][129][trace] GC(111) _eden_chunk_array[127]=0x00000000f8b48410
[2025-08-08T15:32:46.233+0000][731.881s][1][129][trace] GC(111) _eden_chunk_array[128]=0x00000000f8b68710
[2025-08-08T15:32:46.233+0000][731.881s][1][129][trace] GC(111) _eden_chunk_array[129]=0x00000000f8b89640
[2025-08-08T15:32:46.233+0000][731.881s][1][129][trace] GC(111) _eden_chunk_array[130]=0x00000000f8bad128
[2025-08-08T15:32:46.233+0000][731.881s][1][129][trace] GC(111) _eden_chunk_array[131]=0x00000000f8bd0260
[2025-08-08T15:32:46.233+0000][731.881s][1][129][trace] GC(111) _eden_chunk_array[132]=0x00000000f8bf33a0
[2025-08-08T15:32:46.233+0000][731.881s][1][129][trace] GC(111) _eden_chunk_array[133]=0x00000000f8c2eb30
[2025-08-08T15:32:46.233+0000][731.881s][1][129][trace] GC(111) _eden_chunk_array[134]=0x00000000f8c64158
[2025-08-08T15:32:46.233+0000][731.881s][1][129][trace] GC(111) _eden_chunk_array[135]=0x00000000f8c93080
[2025-08-08T15:32:46.233+0000][731.881s][1][129][trace] GC(111) _eden_chunk_array[136]=0x00000000f8cb4de8
[2025-08-08T15:32:46.233+0000][731.881s][1][129][trace] GC(111) _eden_chunk_array[137]=0x00000000f8d14a10
[2025-08-08T15:32:46.233+0000][731.881s][1][129][trace] GC(111) _eden_chunk_array[138]=0x00000000f8d5a268
[2025-08-08T15:32:46.233+0000][731.881s][1][129][trace] GC(111) _eden_chunk_array[139]=0x00000000f8d8dd38
[2025-08-08T15:32:46.233+0000][731.881s][1][129][trace] GC(111) _eden_chunk_array[140]=0x00000000f8dc17e8
[2025-08-08T15:32:46.233+0000][731.881s][1][129][trace] GC(111) _eden_chunk_array[141]=0x00000000f8dec658
[2025-08-08T15:32:46.233+0000][731.881s][1][129][trace] GC(111) _eden_chunk_array[142]=0x00000000f8e0eaa0
[2025-08-08T15:32:46.233+0000][731.881s][1][129][trace] GC(111) _eden_chunk_array[143]=0x00000000f8e30dc8
[2025-08-08T15:32:46.233+0000][731.881s][1][129][trace] GC(111) _eden_chunk_array[144]=0x00000000f8e5e848
[2025-08-08T15:32:46.233+0000][731.881s][1][129][trace] GC(111) _eden_chunk_array[145]=0x00000000f8e7eda8
[2025-08-08T15:32:46.233+0000][731.881s][1][129][trace] GC(111) _eden_chunk_array[146]=0x00000000f8ed3c18
[2025-08-08T15:32:46.233+0000][731.881s][1][129][trace] GC(111) _eden_chunk_array[147]=0x00000000f8f0f2e8
[2025-08-08T15:32:46.233+0000][731.881s][1][129][trace] GC(111) _eden_chunk_array[148]=0x00000000f8f3af38
[2025-08-08T15:32:46.233+0000][731.881s][1][129][trace] GC(111) _eden_chunk_array[149]=0x00000000f8f7d3c0
[2025-08-08T15:32:46.233+0000][731.881s][1][129][trace] GC(111) _eden_chunk_array[150]=0x00000000f8fa9000
[2025-08-08T15:32:46.233+0000][731.881s][1][129][trace] GC(111) _eden_chunk_array[151]=0x00000000f8fcb538
[2025-08-08T15:32:46.233+0000][731.881s][1][129][trace] GC(111) _eden_chunk_array[152]=0x00000000f8ff7178
[2025-08-08T15:32:46.233+0000][731.881s][1][129][trace] GC(111) _eden_chunk_array[153]=0x00000000f9022e08
[2025-08-08T15:32:46.233+0000][731.881s][1][129][trace] GC(111) _eden_chunk_array[154]=0x00000000f907e470
[2025-08-08T15:32:46.233+0000][731.881s][1][129][trace] GC(111) _eden_chunk_array[155]=0x00000000f909ee40
[2025-08-08T15:32:46.233+0000][731.881s][1][129][trace] GC(111) _eden_chunk_array[156]=0x00000000f90bf1c8
[2025-08-08T15:32:46.233+0000][731.881s][1][129][trace] GC(111) _eden_chunk_array[157]=0x00000000f90e7d00
[2025-08-08T15:32:46.233+0000][731.881s][1][129][trace] GC(111) _eden_chunk_array[158]=0x00000000f9119878
[2025-08-08T15:32:46.233+0000][731.881s][1][129][trace] GC(111) _eden_chunk_array[159]=0x00000000f9151450
[2025-08-08T15:32:46.233+0000][731.881s][1][129][trace] GC(111) _eden_chunk_array[160]=0x00000000f91b09f0
[2025-08-08T15:32:46.233+0000][731.881s][1][129][trace] GC(111) _eden_chunk_array[161]=0x00000000f91dad88
[2025-08-08T15:32:46.233+0000][731.881s][1][129][trace] GC(111) _eden_chunk_array[162]=0x00000000f92050f0
[2025-08-08T15:32:46.233+0000][731.881s][1][129][trace] GC(111) _eden_chunk_array[163]=0x00000000f922f458
[2025-08-08T15:32:46.234+0000][731.881s][1][129][trace] GC(111) _eden_chunk_array[164]=0x00000000f92597e0
[2025-08-08T15:32:46.234+0000][731.881s][1][129][trace] GC(111) _eden_chunk_array[165]=0x00000000f92a41f8
[2025-08-08T15:32:46.234+0000][731.881s][1][129][trace] GC(111) _eden_chunk_array[166]=0x00000000f9303df0
[2025-08-08T15:32:46.234+0000][731.881s][1][129][trace] GC(111) _eden_chunk_array[167]=0x00000000f932e158
[2025-08-08T15:32:46.234+0000][731.881s][1][129][trace] GC(111) _eden_chunk_array[168]=0x00000000f9351500
[2025-08-08T15:32:46.234+0000][731.881s][1][129][trace] GC(111) _eden_chunk_array[169]=0x00000000f9376880
[2025-08-08T15:32:46.234+0000][731.881s][1][129][trace] GC(111) _eden_chunk_array[170]=0x00000000f93999a8
[2025-08-08T15:32:46.234+0000][731.881s][1][129][trace] GC(111) _eden_chunk_array[171]=0x00000000f93df210
[2025-08-08T15:32:46.234+0000][731.881s][1][129][trace] GC(111) _eden_chunk_array[172]=0x00000000f9402368
[2025-08-08T15:32:46.234+0000][731.881s][1][129][trace] GC(111) _eden_chunk_array[173]=0x00000000f942e9e0
[2025-08-08T15:32:46.234+0000][731.881s][1][129][trace] GC(111) _eden_chunk_array[174]=0x00000000f9462d90
[2025-08-08T15:32:46.234+0000][731.881s][1][129][trace] GC(111) _eden_chunk_array[175]=0x00000000f9483e80
[2025-08-08T15:32:46.234+0000][731.881s][1][129][trace] GC(111) _eden_chunk_array[176]=0x00000000f94bf730
[2025-08-08T15:32:46.234+0000][731.881s][1][129][trace] GC(111) _eden_chunk_array[177]=0x00000000f9524ee0
[2025-08-08T15:32:46.234+0000][731.881s][1][129][trace] GC(111) _eden_chunk_array[178]=0x00000000f9564d68
[2025-08-08T15:32:46.234+0000][731.881s][1][129][trace] GC(111) _eden_chunk_array[179]=0x00000000f95a4c18
[2025-08-08T15:32:46.234+0000][731.881s][1][129][trace] GC(111) _eden_chunk_array[180]=0x00000000f95c6860
[2025-08-08T15:32:46.234+0000][731.881s][1][129][trace] GC(111) _eden_chunk_array[181]=0x00000000f95efa90
[2025-08-08T15:32:46.234+0000][731.881s][1][129][trace] GC(111) _eden_chunk_array[182]=0x00000000f9610388
[2025-08-08T15:32:46.234+0000][731.881s][1][129][trace] GC(111) _eden_chunk_array[183]=0x00000000f96641f8
[2025-08-08T15:32:46.234+0000][731.881s][1][129][trace] GC(111) _eden_chunk_array[184]=0x00000000f968c468
[2025-08-08T15:32:46.234+0000][731.881s][1][129][trace] GC(111) _eden_chunk_array[185]=0x00000000f96b04c0
[2025-08-08T15:32:46.234+0000][731.881s][1][129][trace] GC(111) _eden_chunk_array[186]=0x00000000f96da9b8
[2025-08-08T15:32:46.234+0000][731.881s][1][129][trace] GC(111) _eden_chunk_array[187]=0x00000000f96fce08
[2025-08-08T15:32:46.234+0000][731.881s][1][129][trace] GC(111) _eden_chunk_array[188]=0x00000000f971f250
[2025-08-08T15:32:46.234+0000][731.881s][1][129][trace] GC(111) _eden_chunk_array[189]=0x00000000f9740d20
[2025-08-08T15:32:46.234+0000][731.881s][1][129][trace] GC(111) _eden_chunk_array[190]=0x00000000f9764ab0
[2025-08-08T15:32:46.234+0000][731.881s][1][129][trace] GC(111) _eden_chunk_array[191]=0x00000000f97aa308
[2025-08-08T15:32:46.234+0000][731.881s][1][129][trace] GC(111) _eden_chunk_array[192]=0x00000000f97ce108
[2025-08-08T15:32:46.234+0000][731.881s][1][129][trace] GC(111) _eden_chunk_array[193]=0x00000000f980df80
[2025-08-08T15:32:46.234+0000][731.881s][1][129][trace] GC(111) _eden_chunk_array[194]=0x00000000f984de00
[2025-08-08T15:32:46.234+0000][731.881s][1][129][trace] GC(111) _eden_chunk_array[195]=0x00000000f986fa88
[2025-08-08T15:32:46.234+0000][731.881s][1][129][trace] GC(111) _eden_chunk_array[196]=0x00000000f9899cd0
[2025-08-08T15:32:46.234+0000][731.881s][1][129][trace] GC(111) _eden_chunk_array[197]=0x00000000f98bd6d8
[2025-08-08T15:32:46.234+0000][731.881s][1][129][trace] GC(111) _eden_chunk_array[198]=0x00000000f98eca98
[2025-08-08T15:32:46.234+0000][731.881s][1][129][trace] GC(111) _eden_chunk_array[199]=0x00000000f9918838
[2025-08-08T15:32:46.234+0000][731.881s][1][129][trace] GC(111) _eden_chunk_array[200]=0x00000000f99405e0
[2025-08-08T15:32:46.234+0000][731.881s][1][129][trace] GC(111) _eden_chunk_array[201]=0x00000000f9964370
[2025-08-08T15:32:46.234+0000][731.881s][1][129][trace] GC(111) _eden_chunk_array[202]=0x00000000f99a9bc8
[2025-08-08T15:32:46.234+0000][731.881s][1][129][trace] GC(111) _eden_chunk_array[203]=0x00000000f99f45e8
[2025-08-08T15:32:46.234+0000][731.881s][1][129][trace] GC(111) _eden_chunk_array[204]=0x00000000f9a40c50
[2025-08-08T15:32:46.234+0000][731.881s][1][129][trace] GC(111) _eden_chunk_array[205]=0x00000000f9a63198
[2025-08-08T15:32:46.234+0000][731.881s][1][129][trace] GC(111) _eden_chunk_array[206]=0x00000000f9a856d8
[2025-08-08T15:32:46.234+0000][731.881s][1][129][trace] GC(111) _eden_chunk_array[207]=0x00000000f9aa7c10
[2025-08-08T15:32:46.234+0000][731.881s][1][129][trace] GC(111) _eden_chunk_array[208]=0x00000000f9aca148
[2025-08-08T15:32:46.234+0000][731.881s][1][129][trace] GC(111) _eden_chunk_array[209]=0x00000000f9aec678
[2025-08-08T15:32:46.234+0000][731.881s][1][129][trace] GC(111) _eden_chunk_array[210]=0x00000000f9b0ebb8
[2025-08-08T15:32:46.234+0000][731.881s][1][129][trace] GC(111) _eden_chunk_array[211]=0x00000000f9b310f0
[2025-08-08T15:32:46.234+0000][731.881s][1][129][trace] GC(111) _eden_chunk_array[212]=0x00000000f9b51ad0
[2025-08-08T15:32:46.234+0000][731.881s][1][129][trace] GC(111) _eden_chunk_array[213]=0x00000000f9b72290
[2025-08-08T15:32:46.234+0000][731.881s][1][129][trace] GC(111) _eden_chunk_array[214]=0x00000000f9b92540
[2025-08-08T15:32:46.234+0000][731.881s][1][129][trace] GC(111) _eden_chunk_array[215]=0x00000000f9bbca38
[2025-08-08T15:32:46.234+0000][731.881s][1][129][trace] GC(111) _eden_chunk_array[216]=0x00000000f9be0818
[2025-08-08T15:32:46.234+0000][731.881s][1][129][trace] GC(111) _eden_chunk_array[217]=0x00000000f9c1e2f8
[2025-08-08T15:32:46.234+0000][731.881s][1][129][trace] GC(111) _eden_chunk_array[218]=0x00000000f9c6ccf8
[2025-08-08T15:32:46.234+0000][731.881s][1][129][trace] GC(111) _eden_chunk_array[219]=0x00000000f9c99358
[2025-08-08T15:32:46.234+0000][731.881s][1][129][trace] GC(111) _eden_chunk_array[220]=0x00000000f9cc7cf0
[2025-08-08T15:32:46.234+0000][731.881s][1][129][trace] GC(111) _eden_chunk_array[221]=0x00000000f9cf6650
[2025-08-08T15:32:46.234+0000][731.881s][1][129][trace] GC(111) _eden_chunk_array[222]=0x00000000f9d24fc0
[2025-08-08T15:32:46.234+0000][731.881s][1][129][trace] GC(111) _eden_chunk_array[223]=0x00000000f9d53938
[2025-08-08T15:32:46.234+0000][731.881s][1][129][trace] GC(111) _eden_chunk_array[224]=0x00000000f9d8eb88
[2025-08-08T15:32:46.234+0000][731.881s][1][129][trace] GC(111) _eden_chunk_array[225]=0x00000000f9daebb8
[2025-08-08T15:32:46.234+0000][731.881s][1][129][trace] GC(111) _eden_chunk_array[226]=0x00000000f9dcebd0
[2025-08-08T15:32:46.234+0000][731.881s][1][129][trace] GC(111) _eden_chunk_array[227]=0x00000000f9def608
[2025-08-08T15:32:46.234+0000][731.881s][1][129][trace] GC(111) _eden_chunk_array[228]=0x00000000f9e0fe60
[2025-08-08T15:32:46.234+0000][731.881s][1][129][trace] GC(111) _eden_chunk_array[229]=0x00000000f9e33e78
[2025-08-08T15:32:46.234+0000][731.881s][1][129][trace] GC(111) _eden_chunk_array[230]=0x00000000f9e67908
[2025-08-08T15:32:46.234+0000][731.881s][1][129][trace] GC(111) _eden_chunk_array[231]=0x00000000f9eaa1c8
[2025-08-08T15:32:46.234+0000][731.881s][1][129][trace] GC(111) _eden_chunk_array[232]=0x00000000f9ecd300
[2025-08-08T15:32:46.234+0000][731.881s][1][129][trace] GC(111) _eden_chunk_array[233]=0x00000000f9ef0438
[2025-08-08T15:32:46.234+0000][731.881s][1][129][trace] GC(111) _eden_chunk_array[234]=0x00000000f9f13570
[2025-08-08T15:32:46.234+0000][731.881s][1][129][trace] GC(111) _eden_chunk_array[235]=0x00000000f9f366b8
[2025-08-08T15:32:46.234+0000][731.881s][1][129][trace] GC(111) _eden_chunk_array[236]=0x00000000f9f59808
[2025-08-08T15:32:46.234+0000][731.881s][1][129][trace] GC(111) _eden_chunk_array[237]=0x00000000f9f7c940
[2025-08-08T15:32:46.234+0000][731.881s][1][129][trace] GC(111) _eden_chunk_array[238]=0x00000000f9f9c968
[2025-08-08T15:32:46.234+0000][731.881s][1][129][trace] GC(111) _eden_chunk_array[239]=0x00000000f9fcf668
[2025-08-08T15:32:46.234+0000][731.881s][1][129][trace] GC(111) _eden_chunk_array[240]=0x00000000f9fef698
[2025-08-08T15:32:46.234+0000][731.881s][1][129][trace] GC(111) _eden_chunk_array[241]=0x00000000fa00f6c8
[2025-08-08T15:32:46.234+0000][731.881s][1][129][trace] GC(111) _eden_chunk_array[242]=0x00000000fa05a100
[2025-08-08T15:32:46.234+0000][731.881s][1][129][trace] GC(111) _eden_chunk_array[243]=0x00000000fa08a198
[2025-08-08T15:32:46.234+0000][731.881s][1][129][trace] GC(111) _eden_chunk_array[244]=0x00000000fa0ae310
[2025-08-08T15:32:46.234+0000][731.881s][1][129][trace] GC(111) _eden_chunk_array[245]=0x00000000fa0de170
[2025-08-08T15:32:46.234+0000][731.881s][1][129][trace] GC(111) _eden_chunk_array[246]=0x00000000fa120780
[2025-08-08T15:32:46.234+0000][731.881s][1][129][trace] GC(111) _eden_chunk_array[247]=0x00000000fa152b00
[2025-08-08T15:32:46.234+0000][731.881s][1][129][trace] GC(111) _eden_chunk_array[248]=0x00000000fa173c60
[2025-08-08T15:32:46.234+0000][731.881s][1][129][trace] GC(111) _eden_chunk_array[249]=0x00000000fa194de8
[2025-08-08T15:32:46.234+0000][731.881s][1][129][trace] GC(111) _eden_chunk_array[250]=0x00000000fa1b5f48
[2025-08-08T15:32:46.234+0000][731.881s][1][129][trace] GC(111) _eden_chunk_array[251]=0x00000000fa1d70a0
[2025-08-08T15:32:46.234+0000][731.881s][1][129][trace] GC(111) _eden_chunk_array[252]=0x00000000fa1f8200
[2025-08-08T15:32:46.234+0000][731.881s][1][129][trace] GC(111) _eden_chunk_array[253]=0x00000000fa24fe88
[2025-08-08T15:32:46.234+0000][731.881s][1][129][trace] GC(111) _eden_chunk_array[254]=0x00000000fa270fe0
[2025-08-08T15:32:46.234+0000][731.881s][1][129][trace] GC(111) _eden_chunk_array[255]=0x00000000fa2bba00
[2025-08-08T15:32:46.234+0000][731.881s][1][129][trace] GC(111) _eden_chunk_array[256]=0x00000000fa2f1758
[2025-08-08T15:32:46.234+0000][731.881s][1][129][trace] GC(111) _eden_chunk_array[257]=0x00000000fa314b88
[2025-08-08T15:32:46.234+0000][731.881s][1][129][trace] GC(111) _eden_chunk_array[258]=0x00000000fa334ce8
[2025-08-08T15:32:46.234+0000][731.881s][1][129][trace] GC(111) _eden_chunk_array[259]=0x00000000fa37a550
[2025-08-08T15:32:46.234+0000][731.881s][1][129][trace] GC(111) _eden_chunk_array[260]=0x00000000fa3a8448
[2025-08-08T15:32:46.234+0000][731.881s][1][129][trace] GC(111) _eden_chunk_array[261]=0x00000000fa3ce1b8
